============================================================
  Generated by:           Genus(TM) Synthesis Solution 25.12-s067_1
  Generated on:           Apr 11 2026  11:19:02 am
  Module:                 transformer_core_top
  Operating conditions:   ss_typical_max_0p90v_125c (balanced_tree)
  Wireload mode:          top
  Area mode:              timing library
============================================================


Path 1: VIOLATED (-8341 ps) Setup Check with Pin u_datapath/u_mac_engine/b_reg_reg[0][7]/clk->d
          Group: in2reg
     Startpoint: (R) host_opcode[3]
          Clock: (R) clk
       Endpoint: (R) u_datapath/u_mac_engine/b_reg_reg[0][7]/d
          Clock: (R) clk

                     Capture       Launch     
        Clock Edge:+    5000            0     
        Drv Adjust:+       0           17     
       Src Latency:+       0            0     
       Net Latency:+       0 (I)        0 (I) 
           Arrival:=    5000           17     
                                              
             Setup:-     164                  
       Uncertainty:-     125                  
     Required Time:=    4711                  
      Launch Clock:-      17                  
       Input Delay:-    1500                  
         Data Path:-   11535                  
             Slack:=   -8341                  

Exceptions/Constraints:
  input_delay             1500            transformer_core_top_line_16_2_1   

#-------------------------------------------------------------------------------------------------------------------------------
#                       Timing Point                        Flags     Arc    Edge       Cell         Fanout Trans Delay Arrival 
#                                                                                                            (ps)  (ps)   (ps)  
#-------------------------------------------------------------------------------------------------------------------------------
  host_opcode[3]                                            (u)     -        R     (arrival)              4    55     0    1517 
  u_ctrl/ctl_36_15/g5/z                                     (u)     in_0->z  F     unmapped_not           4     0    66    1583 
  u_ctrl/ctl_36_15/g12/z                                    (u)     in_0->z  R     unmapped_nand2         4     0    90    1673 
  u_ctrl/ctl_36_15/g9/z                                     (u)     in_1->z  F     unmapped_nor2         19     0   152    1826 
  u_ctrl/mux_cmbsop_current_uop[mac_clear_acc]_36_15/g14/z  (u)     sel2->z  F     unmapped_mux11         4     0   270    2096 
  u_ctrl/mux_ctrl_bus[tr_shift_mode]_176_15/g2/z            (u)     data4->z F     unmapped_bmux8        85     0   427    2523 
  u_datapath/eq_184_44/g1/z                                 (u)     in_0->z  R     unmapped_xnor2         1     0   118    2641 
  u_datapath/eq_184_44/g3/z                                 (u)     in_1->z  F     unmapped_nand2         1     0    61    2702 
  u_datapath/eq_184_44/g4/z                                 (u)     in_0->z  R     unmapped_not          17     0   124    2825 
  u_datapath/mux_185_31/g2/z                                (u)     sel0->z  R     unmapped_bmux2         4     0   148    2973 
  u_datapath/u_tr_array/u_ln_0_20b/ctl_xq_27_17/g193/z      (u)     in_0->z  F     unmapped_not           5     0    72    3045 
  u_datapath/u_tr_array/u_ln_0_20b/ctl_xq_27_17/g66/z       (u)     in_0->z  R     unmapped_nand4         9     0   162    3207 
  u_datapath/u_tr_array/u_ln_0_20b/ctl_xq_27_17/g134/z      (u)     in_1->z  F     unmapped_nor4          4     0   136    3343 
  u_datapath/u_tr_array/u_ln_0_20b/ctl_xq_27_17/g144/z      (u)     in_0->z  R     unmapped_nand2         1     0    61    3404 
  u_datapath/u_tr_array/u_ln_0_20b/ctl_xq_27_17/g178/z      (u)     in_0->z  F     unmapped_not           6     0    76    3480 
  u_datapath/u_tr_array/u_ln_0_20b/mux_msb_27_17/g4/z       (u)     sel17->z F     unmapped_mux21         2     0   301    3781 
  u_datapath/u_tr_array/u_ln_0_20b/sub_31_40/g14/z          (u)     in_0->z  R     unmapped_nand2         2     0    74    3855 
  u_datapath/u_tr_array/u_ln_0_20b/sub_31_40/g44/z          (u)     in_1->z  F     unmapped_nand2         1     0    61    3916 
  u_datapath/u_tr_array/u_ln_0_20b/sub_31_40/g45/z          (u)     in_1->z  F     unmapped_xnor2        27     0   228    4144 
  u_datapath/u_tr_array/u_ln_0_20b/minus_37_46/g3/z         (u)     in_0->z  R     unmapped_not           2     0    50    4194 
  u_datapath/u_tr_array/u_ln_0_20b/minus_37_46/g21/z        (u)     in_1->z  F     unmapped_nor2          1     0    61    4255 
  u_datapath/u_tr_array/u_ln_0_20b/minus_37_46/g47/z        (u)     in_0->z  R     unmapped_not           2     0    50    4305 
  u_datapath/u_tr_array/u_ln_0_20b/minus_37_46/g48/z        (u)     in_1->z  F     unmapped_nand2         1     0    61    4366 
  u_datapath/u_tr_array/u_ln_0_20b/minus_37_46/g49/z        (u)     in_1->z  R     unmapped_nand2         3     0    82    4447 
  u_datapath/u_tr_array/u_ln_0_20b/minus_37_46/g77/z        (u)     in_1->z  F     unmapped_nand2         1     0    61    4508 
  u_datapath/u_tr_array/u_ln_0_20b/minus_37_46/g78/z        (u)     in_1->z  R     unmapped_nand2         5     0    96    4604 
  u_datapath/u_tr_array/u_ln_0_20b/minus_37_46/g108/z       (u)     in_0->z  F     unmapped_nand2         1     0    61    4664 
  u_datapath/u_tr_array/u_ln_0_20b/minus_37_46/g109/z       (u)     in_1->z  R     unmapped_nand2         6     0   100    4765 
  u_datapath/u_tr_array/u_ln_0_20b/minus_37_46/g120/z       (u)     in_0->z  F     unmapped_nand2         1     0    61    4825 
  u_datapath/u_tr_array/u_ln_0_20b/minus_37_46/g121/z       (u)     in_1->z  R     unmapped_nand2         1     0    61    4886 
  u_datapath/u_tr_array/u_ln_0_20b/minus_37_46/g155/z       (u)     in_0->z  F     unmapped_xnor2         1     0   118    5004 
  u_datapath/u_tr_array/u_ln_0_20b/sll_37_42/g149/z         (u)     in_2->z  F     unmapped_or3           1     0    81    5085 
  u_datapath/u_tr_array/u_ln_0_20b/sll_37_42/g152/z         (u)     in_1->z  F     unmapped_or4          14     0   183    5268 
  u_datapath/u_tr_array/u_ln_0_20b/sll_37_42/g143/z         (u)     in_0->z  R     unmapped_complex2      1     0    61    5329 
  u_datapath/u_tr_array/u_ln_0_20b/mux_k1_full_34_21/g10/z  (u)     data0->z R     unmapped_bmux2         2     0   132    5461 
  u_datapath/u_tr_array/u_ln_0_20b/add_44_26/g15/z          (u)     in_0->z  F     unmapped_nor2          2     0    74    5535 
  u_datapath/u_tr_array/u_ln_0_20b/add_44_26/g87/z          (u)     in_0->z  R     unmapped_not           2     0    50    5585 
  u_datapath/u_tr_array/u_ln_0_20b/add_44_26/g129/z         (u)     in_0->z  F     unmapped_nand2         1     0    61    5646 
  u_datapath/u_tr_array/u_ln_0_20b/add_44_26/g130/z         (u)     in_1->z  R     unmapped_xnor2         6     0   157    5803 
  u_datapath/u_tr_array/u_ln_0_20b/add_47_34/g9/z           (u)     in_1->z  F     unmapped_nor2          1     0    61    5864 
  u_datapath/u_tr_array/u_ln_0_20b/add_47_34/g37/z          (u)     in_0->z  R     unmapped_not           2     0    50    5914 
  u_datapath/u_tr_array/u_ln_0_20b/add_47_34/g38/z          (u)     in_1->z  F     unmapped_nand2         1     0    61    5975 
  u_datapath/u_tr_array/u_ln_0_20b/add_47_34/g39/z          (u)     in_1->z  R     unmapped_nand2         3     0    82    6057 
  u_datapath/u_tr_array/u_ln_0_20b/add_47_34/g67/z          (u)     in_1->z  F     unmapped_nand2         1     0    61    6117 
  u_datapath/u_tr_array/u_ln_0_20b/add_47_34/g68/z          (u)     in_1->z  R     unmapped_nand2         5     0    96    6213 
  u_datapath/u_tr_array/u_ln_0_20b/add_47_34/g95/z          (u)     in_0->z  F     unmapped_nand2         1     0    61    6274 
  u_datapath/u_tr_array/u_ln_0_20b/add_47_34/g96/z          (u)     in_1->z  R     unmapped_nand2         1     0    61    6335 
  u_datapath/u_tr_array/u_ln_0_20b/add_47_34/g146/z         (u)     in_0->z  R     unmapped_xnor2         2     0   132    6466 
  u_datapath/u_tr_array/u_ln_0_20b/add_47_51/g17/z          (u)     in_0->z  F     unmapped_nor2          3     0    82    6548 
  u_datapath/u_tr_array/u_ln_0_20b/add_47_51/g44/z          (u)     in_1->z  R     unmapped_nor2          1     0    61    6609 
  u_datapath/u_tr_array/u_ln_0_20b/add_47_51/g46/z          (u)     in_0->z  F     unmapped_nor2          3     0    82    6690 
  u_datapath/u_tr_array/u_ln_0_20b/add_47_51/g69/z          (u)     in_1->z  R     unmapped_nor2          1     0    61    6751 
  u_datapath/u_tr_array/u_ln_0_20b/add_47_51/g71/z          (u)     in_0->z  F     unmapped_nor2          1     0    61    6812 
  u_datapath/u_tr_array/u_ln_0_20b/add_47_51/g101/z         (u)     in_0->z  R     unmapped_nand2         1     0    61    6872 
  u_datapath/u_tr_array/u_ln_0_20b/add_47_51/g151/z         (u)     in_0->z  F     unmapped_xnor2         4     0   148    7020 
  u_datapath/u_tr_array/minus_58_41/g8/z                    (u)     in_0->z  R     unmapped_not           2     0    50    7070 
  u_datapath/u_tr_array/minus_58_41/g37/z                   (u)     in_1->z  F     unmapped_nor2          3     0    82    7152 
  u_datapath/u_tr_array/minus_58_41/g112/z                  (u)     in_0->z  R     unmapped_not           2     0    50    7202 
  u_datapath/u_tr_array/minus_58_41/g113/z                  (u)     in_1->z  F     unmapped_nand2         1     0    61    7263 
  u_datapath/u_tr_array/minus_58_41/g154/z                  (u)     in_0->z  R     unmapped_not           1     0    37    7300 
  u_datapath/u_tr_array/minus_58_41/g155/z                  (u)     in_1->z  F     unmapped_nand2         1     0    61    7360 
  u_datapath/u_tr_array/minus_58_41/g156/z                  (u)     in_1->z  R     unmapped_nand2         1     0    61    7421 
  u_datapath/u_tr_array/minus_58_41/g223/z                  (u)     in_0->z  F     unmapped_xnor2         1     0   118    7539 
  u_datapath/u_tr_array/mux_l0_shift_out_20b_56_15/g13/z    (u)     data2->z F     unmapped_bmux4         1     0   218    7757 
  u_datapath/u_tr_array/mux_64_28/g13/z                     (u)     data1->z F     unmapped_bmux2        31     0   195    7953 
  u_datapath/u_tr_array/u_exp_0_20b/u_quad/mul_42_37/g57/z  (u)     in_1->z  R     unmapped_nand2         3     0    82    8034 
  u_datapath/u_tr_array/u_exp_0_20b/u_quad/mul_42_37/g179/z (u)     in_1->z  R     unmapped_xor2          1     0   118    8152 
  u_datapath/u_tr_array/u_exp_0_20b/u_quad/mul_42_37/g180/z (u)     in_0->z  R     unmapped_xor2          3     0   139    8291 
  u_datapath/u_tr_array/u_exp_0_20b/u_quad/mul_42_37/g197/z (u)     in_1->z  R     unmapped_xor2          1     0   118    8409 
  u_datapath/u_tr_array/u_exp_0_20b/u_quad/mul_42_37/g198/z (u)     in_0->z  R     unmapped_xor2          3     0   139    8548 
  u_datapath/u_tr_array/u_exp_0_20b/u_quad/mul_42_37/g204/z (u)     in_1->z  R     unmapped_xor2          2     0   132    8680 
  u_datapath/u_tr_array/u_exp_0_20b/u_quad/mul_42_37/g349/z (u)     in_1->z  F     unmapped_nor2          3     0    82    8761 
  u_datapath/u_tr_array/u_exp_0_20b/u_quad/mul_42_37/g377/z (u)     in_1->z  R     unmapped_nor2          2     0    74    8835 
  u_datapath/u_tr_array/u_exp_0_20b/u_quad/mul_42_37/g84/z  (u)     in_1->z  F     unmapped_nand2         1     0    61    8896 
  u_datapath/u_tr_array/u_exp_0_20b/u_quad/mul_42_37/g395/z (u)     in_0->z  R     unmapped_not           1     0    37    8933 
  u_datapath/u_tr_array/u_exp_0_20b/u_quad/mul_42_37/g396/z (u)     in_1->z  F     unmapped_nand2         1     0    61    8994 
  u_datapath/u_tr_array/u_exp_0_20b/u_quad/mul_42_37/g397/z (u)     in_1->z  R     unmapped_nand2         8     0   113    9107 
  u_datapath/u_tr_array/u_exp_0_20b/u_quad/mul_42_37/g414/z (u)     in_1->z  F     unmapped_nand2         1     0    61    9168 
  u_datapath/u_tr_array/u_exp_0_20b/u_quad/mul_42_37/g415/z (u)     in_1->z  R     unmapped_nand2         1     0    61    9228 
  u_datapath/u_tr_array/u_exp_0_20b/u_quad/mul_42_37/g450/z (u)     in_0->z  R     unmapped_xnor2         2     0   132    9360 
  u_datapath/u_tr_array/u_exp_0_20b/add_53_39/g6/z          (u)     in_1->z  F     unmapped_nor2          1     0    61    9421 
  u_datapath/u_tr_array/u_exp_0_20b/add_53_39/g22/z         (u)     in_0->z  R     unmapped_not           2     0    50    9471 
  u_datapath/u_tr_array/u_exp_0_20b/add_53_39/g23/z         (u)     in_1->z  F     unmapped_nand2         1     0    61    9532 
  u_datapath/u_tr_array/u_exp_0_20b/add_53_39/g24/z         (u)     in_1->z  R     unmapped_nand2         3     0    82    9613 
  u_datapath/u_tr_array/u_exp_0_20b/add_53_39/g40/z         (u)     in_1->z  F     unmapped_nand2         1     0    61    9674 
  u_datapath/u_tr_array/u_exp_0_20b/add_53_39/g41/z         (u)     in_1->z  R     unmapped_nand2         5     0    96    9770 
  u_datapath/u_tr_array/u_exp_0_20b/add_53_39/g58/z         (u)     in_0->z  F     unmapped_nand2         1     0    61    9831 
  u_datapath/u_tr_array/u_exp_0_20b/add_53_39/g59/z         (u)     in_1->z  R     unmapped_nand2         1     0    61    9892 
  u_datapath/u_tr_array/u_exp_0_20b/add_53_39/g82/z         (u)     in_0->z  R     unmapped_xnor2        28     0   230   10122 
  u_datapath/mul_216_43/g405/z                              (u)     in_1->z  F     unmapped_xor2         22     0   216   10338 
  u_datapath/mul_216_43/g407/z                              (u)     in_0->z  R     unmapped_not           1     0    37   10375 
  u_datapath/mul_216_43/g408/z                              (u)     in_0->z  R     unmapped_and2         21     0   157   10532 
  u_datapath/mul_216_43/g443/z                              (u)     in_1->z  F     unmapped_nand2         1     0    61   10593 
  u_datapath/mul_216_43/g444/z                              (u)     in_1->z  R     unmapped_nand2         3     0    82   10674 
  u_datapath/mul_216_43/g1538/z                             (u)     in_0->z  R     unmapped_xor2          1     0   118   10792 
  u_datapath/mul_216_43/g1539/z                             (u)     in_0->z  R     unmapped_xor2          3     0   139   10931 
  u_datapath/mul_216_43/g1550/z                             (u)     in_1->z  R     unmapped_xor2          1     0   118   11049 
  u_datapath/mul_216_43/g1551/z                             (u)     in_0->z  R     unmapped_xor2          3     0   139   11188 
  u_datapath/mul_216_43/g1562/z                             (u)     in_0->z  R     unmapped_xor2          1     0   118   11306 
  u_datapath/mul_216_43/g1563/z                             (u)     in_0->z  R     unmapped_xor2          2     0   132   11438 
  u_datapath/mul_216_43/g2480/z                             (u)     in_1->z  F     unmapped_nor2          3     0    82   11519 
  u_datapath/mul_216_43/g2552/z                             (u)     in_1->z  R     unmapped_nor2          2     0    74   11594 
  u_datapath/mul_216_43/g2624/z                             (u)     in_0->z  F     unmapped_not           1     0    37   11630 
  u_datapath/mul_216_43/g2625/z                             (u)     in_1->z  R     unmapped_nor2          1     0    61   11691 
  u_datapath/mul_216_43/g199/z                              (u)     in_0->z  F     unmapped_nor2          1     0    61   11752 
  u_datapath/mul_216_43/g2705/z                             (u)     in_0->z  R     unmapped_not           1     0    37   11788 
  u_datapath/mul_216_43/g2706/z                             (u)     in_1->z  F     unmapped_nor2          1     0    61   11849 
  u_datapath/mul_216_43/g2766/z                             (u)     in_0->z  R     unmapped_nand2        17     0   148   11997 
  u_datapath/mul_216_43/g2805/z                             (u)     in_0->z  F     unmapped_nand2         1     0    61   12058 
  u_datapath/mul_216_43/g401/z                              (u)     in_1->z  R     unmapped_nand2         1     0    61   12119 
  u_datapath/mul_216_43/g2897/z                             (u)     in_0->z  R     unmapped_xnor2         1     0   118   12237 
  u_datapath/add_218_48/g565/z                              (u)     in_0->z  F     unmapped_not           2     0    50   12287 
  u_datapath/add_218_48/g118/z                              (u)     in_1->z  R     unmapped_nor2          3     0    82   12368 
  u_datapath/add_218_48/g202/z                              (u)     in_0->z  F     unmapped_nand2         1     0    61   12429 
  u_datapath/add_218_48/g401/z                              (u)     in_0->z  R     unmapped_not           1     0    37   12466 
  u_datapath/add_218_48/g402/z                              (u)     in_1->z  F     unmapped_nand2         1     0    61   12527 
  u_datapath/add_218_48/g596/z                              (u)     in_0->z  R     unmapped_not           1     0    37   12563 
  u_datapath/add_218_48/g505/z                              (u)     in_0->z  R     unmapped_xnor2         8     0   170   12734 
  u_datapath/mux_mac_b_in[0]_237_19/g1/z                    (u)     data2->z R     unmapped_bmux8         1     0   318   13052 
  u_datapath/u_mac_engine/b_reg_reg[0][7]/d                 -       -        R     unmapped_d_flop        1     -     0   13052 
#-------------------------------------------------------------------------------------------------------------------------------

(u) : Net has unmapped pin(s).

