============================================================
  Generated by:           Genus(TM) Synthesis Solution 25.12-s067_1
  Generated on:           Apr 11 2026  11:19:02 am
  Module:                 transformer_core_top
  Operating conditions:   ss_typical_max_0p90v_125c (balanced_tree)
  Wireload mode:          top
  Area mode:              timing library
============================================================


Path 1: VIOLATED (-6667 ps) Setup Check with Pin u_datapath/u_mac_engine/b_reg_reg[0][7]/clk->d
          Group: reg2reg
     Startpoint: (R) u_ctrl/state_q_reg[0]/clk
          Clock: (R) clk
       Endpoint: (R) u_datapath/u_mac_engine/b_reg_reg[0][7]/d
          Clock: (R) clk

                     Capture       Launch     
        Clock Edge:+    5000            0     
       Src Latency:+       0            0     
       Net Latency:+       0 (I)        0 (I) 
           Arrival:=    5000            0     
                                              
             Setup:-     164                  
       Uncertainty:-     125                  
     Required Time:=    4711                  
      Launch Clock:-       0                  
         Data Path:-   11377                  
             Slack:=   -6667                  

#-------------------------------------------------------------------------------------------------------------------------------
#                       Timing Point                        Flags     Arc    Edge       Cell         Fanout Trans Delay Arrival 
#                                                                                                            (ps)  (ps)   (ps)  
#-------------------------------------------------------------------------------------------------------------------------------
  u_ctrl/state_q_reg[0]/clk                                 -       -        R     (arrival)           1311     0     0       0 
  u_ctrl/state_q_reg[0]/q                                   (u)     clk->q   R     unmapped_d_flop       37     0   421     421 
  u_ctrl/mux_ctrl_bus[tr_shift_mode]_176_15/g2/z            (u)     sel0->z  F     unmapped_bmux8        85     0   427     848 
  u_datapath/eq_184_44/g1/z                                 (u)     in_0->z  R     unmapped_xnor2         1     0   118     966 
  u_datapath/eq_184_44/g3/z                                 (u)     in_1->z  F     unmapped_nand2         1     0    61    1027 
  u_datapath/eq_184_44/g4/z                                 (u)     in_0->z  R     unmapped_not          17     0   124    1151 
  u_datapath/mux_185_31/g2/z                                (u)     sel0->z  R     unmapped_bmux2         4     0   148    1298 
  u_datapath/u_tr_array/u_ln_0_20b/ctl_xq_27_17/g193/z      (u)     in_0->z  F     unmapped_not           5     0    72    1370 
  u_datapath/u_tr_array/u_ln_0_20b/ctl_xq_27_17/g66/z       (u)     in_0->z  R     unmapped_nand4         9     0   162    1533 
  u_datapath/u_tr_array/u_ln_0_20b/ctl_xq_27_17/g134/z      (u)     in_1->z  F     unmapped_nor4          4     0   136    1668 
  u_datapath/u_tr_array/u_ln_0_20b/ctl_xq_27_17/g144/z      (u)     in_0->z  R     unmapped_nand2         1     0    61    1729 
  u_datapath/u_tr_array/u_ln_0_20b/ctl_xq_27_17/g178/z      (u)     in_0->z  F     unmapped_not           6     0    76    1805 
  u_datapath/u_tr_array/u_ln_0_20b/mux_msb_27_17/g4/z       (u)     sel17->z F     unmapped_mux21         2     0   301    2106 
  u_datapath/u_tr_array/u_ln_0_20b/sub_31_40/g14/z          (u)     in_0->z  R     unmapped_nand2         2     0    74    2180 
  u_datapath/u_tr_array/u_ln_0_20b/sub_31_40/g44/z          (u)     in_1->z  F     unmapped_nand2         1     0    61    2241 
  u_datapath/u_tr_array/u_ln_0_20b/sub_31_40/g45/z          (u)     in_1->z  F     unmapped_xnor2        27     0   228    2469 
  u_datapath/u_tr_array/u_ln_0_20b/minus_37_46/g3/z         (u)     in_0->z  R     unmapped_not           2     0    50    2519 
  u_datapath/u_tr_array/u_ln_0_20b/minus_37_46/g21/z        (u)     in_1->z  F     unmapped_nor2          1     0    61    2580 
  u_datapath/u_tr_array/u_ln_0_20b/minus_37_46/g47/z        (u)     in_0->z  R     unmapped_not           2     0    50    2630 
  u_datapath/u_tr_array/u_ln_0_20b/minus_37_46/g48/z        (u)     in_1->z  F     unmapped_nand2         1     0    61    2691 
  u_datapath/u_tr_array/u_ln_0_20b/minus_37_46/g49/z        (u)     in_1->z  R     unmapped_nand2         3     0    82    2773 
  u_datapath/u_tr_array/u_ln_0_20b/minus_37_46/g77/z        (u)     in_1->z  F     unmapped_nand2         1     0    61    2833 
  u_datapath/u_tr_array/u_ln_0_20b/minus_37_46/g78/z        (u)     in_1->z  R     unmapped_nand2         5     0    96    2929 
  u_datapath/u_tr_array/u_ln_0_20b/minus_37_46/g108/z       (u)     in_0->z  F     unmapped_nand2         1     0    61    2990 
  u_datapath/u_tr_array/u_ln_0_20b/minus_37_46/g109/z       (u)     in_1->z  R     unmapped_nand2         6     0   100    3090 
  u_datapath/u_tr_array/u_ln_0_20b/minus_37_46/g120/z       (u)     in_0->z  F     unmapped_nand2         1     0    61    3151 
  u_datapath/u_tr_array/u_ln_0_20b/minus_37_46/g121/z       (u)     in_1->z  R     unmapped_nand2         1     0    61    3212 
  u_datapath/u_tr_array/u_ln_0_20b/minus_37_46/g155/z       (u)     in_0->z  F     unmapped_xnor2         1     0   118    3330 
  u_datapath/u_tr_array/u_ln_0_20b/sll_37_42/g149/z         (u)     in_2->z  F     unmapped_or3           1     0    81    3411 
  u_datapath/u_tr_array/u_ln_0_20b/sll_37_42/g152/z         (u)     in_1->z  F     unmapped_or4          14     0   183    3594 
  u_datapath/u_tr_array/u_ln_0_20b/sll_37_42/g143/z         (u)     in_0->z  R     unmapped_complex2      1     0    61    3654 
  u_datapath/u_tr_array/u_ln_0_20b/mux_k1_full_34_21/g10/z  (u)     data0->z R     unmapped_bmux2         2     0   132    3786 
  u_datapath/u_tr_array/u_ln_0_20b/add_44_26/g15/z          (u)     in_0->z  F     unmapped_nor2          2     0    74    3860 
  u_datapath/u_tr_array/u_ln_0_20b/add_44_26/g87/z          (u)     in_0->z  R     unmapped_not           2     0    50    3910 
  u_datapath/u_tr_array/u_ln_0_20b/add_44_26/g129/z         (u)     in_0->z  F     unmapped_nand2         1     0    61    3971 
  u_datapath/u_tr_array/u_ln_0_20b/add_44_26/g130/z         (u)     in_1->z  R     unmapped_xnor2         6     0   157    4129 
  u_datapath/u_tr_array/u_ln_0_20b/add_47_34/g9/z           (u)     in_1->z  F     unmapped_nor2          1     0    61    4190 
  u_datapath/u_tr_array/u_ln_0_20b/add_47_34/g37/z          (u)     in_0->z  R     unmapped_not           2     0    50    4240 
  u_datapath/u_tr_array/u_ln_0_20b/add_47_34/g38/z          (u)     in_1->z  F     unmapped_nand2         1     0    61    4300 
  u_datapath/u_tr_array/u_ln_0_20b/add_47_34/g39/z          (u)     in_1->z  R     unmapped_nand2         3     0    82    4382 
  u_datapath/u_tr_array/u_ln_0_20b/add_47_34/g67/z          (u)     in_1->z  F     unmapped_nand2         1     0    61    4443 
  u_datapath/u_tr_array/u_ln_0_20b/add_47_34/g68/z          (u)     in_1->z  R     unmapped_nand2         5     0    96    4538 
  u_datapath/u_tr_array/u_ln_0_20b/add_47_34/g95/z          (u)     in_0->z  F     unmapped_nand2         1     0    61    4599 
  u_datapath/u_tr_array/u_ln_0_20b/add_47_34/g96/z          (u)     in_1->z  R     unmapped_nand2         1     0    61    4660 
  u_datapath/u_tr_array/u_ln_0_20b/add_47_34/g146/z         (u)     in_0->z  R     unmapped_xnor2         2     0   132    4792 
  u_datapath/u_tr_array/u_ln_0_20b/add_47_51/g17/z          (u)     in_0->z  F     unmapped_nor2          3     0    82    4873 
  u_datapath/u_tr_array/u_ln_0_20b/add_47_51/g44/z          (u)     in_1->z  R     unmapped_nor2          1     0    61    4934 
  u_datapath/u_tr_array/u_ln_0_20b/add_47_51/g46/z          (u)     in_0->z  F     unmapped_nor2          3     0    82    5016 
  u_datapath/u_tr_array/u_ln_0_20b/add_47_51/g69/z          (u)     in_1->z  R     unmapped_nor2          1     0    61    5076 
  u_datapath/u_tr_array/u_ln_0_20b/add_47_51/g71/z          (u)     in_0->z  F     unmapped_nor2          1     0    61    5137 
  u_datapath/u_tr_array/u_ln_0_20b/add_47_51/g101/z         (u)     in_0->z  R     unmapped_nand2         1     0    61    5198 
  u_datapath/u_tr_array/u_ln_0_20b/add_47_51/g151/z         (u)     in_0->z  F     unmapped_xnor2         4     0   148    5346 
  u_datapath/u_tr_array/minus_58_41/g8/z                    (u)     in_0->z  R     unmapped_not           2     0    50    5396 
  u_datapath/u_tr_array/minus_58_41/g37/z                   (u)     in_1->z  F     unmapped_nor2          3     0    82    5477 
  u_datapath/u_tr_array/minus_58_41/g112/z                  (u)     in_0->z  R     unmapped_not           2     0    50    5528 
  u_datapath/u_tr_array/minus_58_41/g113/z                  (u)     in_1->z  F     unmapped_nand2         1     0    61    5588 
  u_datapath/u_tr_array/minus_58_41/g154/z                  (u)     in_0->z  R     unmapped_not           1     0    37    5625 
  u_datapath/u_tr_array/minus_58_41/g155/z                  (u)     in_1->z  F     unmapped_nand2         1     0    61    5686 
  u_datapath/u_tr_array/minus_58_41/g156/z                  (u)     in_1->z  R     unmapped_nand2         1     0    61    5747 
  u_datapath/u_tr_array/minus_58_41/g223/z                  (u)     in_0->z  F     unmapped_xnor2         1     0   118    5865 
  u_datapath/u_tr_array/mux_l0_shift_out_20b_56_15/g13/z    (u)     data2->z F     unmapped_bmux4         1     0   218    6083 
  u_datapath/u_tr_array/mux_64_28/g13/z                     (u)     data1->z F     unmapped_bmux2        31     0   195    6278 
  u_datapath/u_tr_array/u_exp_0_20b/u_quad/mul_42_37/g57/z  (u)     in_1->z  R     unmapped_nand2         3     0    82    6360 
  u_datapath/u_tr_array/u_exp_0_20b/u_quad/mul_42_37/g179/z (u)     in_1->z  R     unmapped_xor2          1     0   118    6478 
  u_datapath/u_tr_array/u_exp_0_20b/u_quad/mul_42_37/g180/z (u)     in_0->z  R     unmapped_xor2          3     0   139    6616 
  u_datapath/u_tr_array/u_exp_0_20b/u_quad/mul_42_37/g197/z (u)     in_1->z  R     unmapped_xor2          1     0   118    6735 
  u_datapath/u_tr_array/u_exp_0_20b/u_quad/mul_42_37/g198/z (u)     in_0->z  R     unmapped_xor2          3     0   139    6873 
  u_datapath/u_tr_array/u_exp_0_20b/u_quad/mul_42_37/g204/z (u)     in_1->z  R     unmapped_xor2          2     0   132    7005 
  u_datapath/u_tr_array/u_exp_0_20b/u_quad/mul_42_37/g349/z (u)     in_1->z  F     unmapped_nor2          3     0    82    7086 
  u_datapath/u_tr_array/u_exp_0_20b/u_quad/mul_42_37/g377/z (u)     in_1->z  R     unmapped_nor2          2     0    74    7161 
  u_datapath/u_tr_array/u_exp_0_20b/u_quad/mul_42_37/g84/z  (u)     in_1->z  F     unmapped_nand2         1     0    61    7222 
  u_datapath/u_tr_array/u_exp_0_20b/u_quad/mul_42_37/g395/z (u)     in_0->z  R     unmapped_not           1     0    37    7258 
  u_datapath/u_tr_array/u_exp_0_20b/u_quad/mul_42_37/g396/z (u)     in_1->z  F     unmapped_nand2         1     0    61    7319 
  u_datapath/u_tr_array/u_exp_0_20b/u_quad/mul_42_37/g397/z (u)     in_1->z  R     unmapped_nand2         8     0   113    7432 
  u_datapath/u_tr_array/u_exp_0_20b/u_quad/mul_42_37/g414/z (u)     in_1->z  F     unmapped_nand2         1     0    61    7493 
  u_datapath/u_tr_array/u_exp_0_20b/u_quad/mul_42_37/g415/z (u)     in_1->z  R     unmapped_nand2         1     0    61    7554 
  u_datapath/u_tr_array/u_exp_0_20b/u_quad/mul_42_37/g450/z (u)     in_0->z  R     unmapped_xnor2         2     0   132    7686 
  u_datapath/u_tr_array/u_exp_0_20b/add_53_39/g6/z          (u)     in_1->z  F     unmapped_nor2          1     0    61    7746 
  u_datapath/u_tr_array/u_exp_0_20b/add_53_39/g22/z         (u)     in_0->z  R     unmapped_not           2     0    50    7796 
  u_datapath/u_tr_array/u_exp_0_20b/add_53_39/g23/z         (u)     in_1->z  F     unmapped_nand2         1     0    61    7857 
  u_datapath/u_tr_array/u_exp_0_20b/add_53_39/g24/z         (u)     in_1->z  R     unmapped_nand2         3     0    82    7939 
  u_datapath/u_tr_array/u_exp_0_20b/add_53_39/g40/z         (u)     in_1->z  F     unmapped_nand2         1     0    61    8000 
  u_datapath/u_tr_array/u_exp_0_20b/add_53_39/g41/z         (u)     in_1->z  R     unmapped_nand2         5     0    96    8095 
  u_datapath/u_tr_array/u_exp_0_20b/add_53_39/g58/z         (u)     in_0->z  F     unmapped_nand2         1     0    61    8156 
  u_datapath/u_tr_array/u_exp_0_20b/add_53_39/g59/z         (u)     in_1->z  R     unmapped_nand2         1     0    61    8217 
  u_datapath/u_tr_array/u_exp_0_20b/add_53_39/g82/z         (u)     in_0->z  R     unmapped_xnor2        28     0   230    8447 
  u_datapath/mul_216_43/g405/z                              (u)     in_1->z  F     unmapped_xor2         22     0   216    8664 
  u_datapath/mul_216_43/g407/z                              (u)     in_0->z  R     unmapped_not           1     0    37    8700 
  u_datapath/mul_216_43/g408/z                              (u)     in_0->z  R     unmapped_and2         21     0   157    8857 
  u_datapath/mul_216_43/g443/z                              (u)     in_1->z  F     unmapped_nand2         1     0    61    8918 
  u_datapath/mul_216_43/g444/z                              (u)     in_1->z  R     unmapped_nand2         3     0    82    9000 
  u_datapath/mul_216_43/g1538/z                             (u)     in_0->z  R     unmapped_xor2          1     0   118    9118 
  u_datapath/mul_216_43/g1539/z                             (u)     in_0->z  R     unmapped_xor2          3     0   139    9256 
  u_datapath/mul_216_43/g1550/z                             (u)     in_1->z  R     unmapped_xor2          1     0   118    9375 
  u_datapath/mul_216_43/g1551/z                             (u)     in_0->z  R     unmapped_xor2          3     0   139    9513 
  u_datapath/mul_216_43/g1562/z                             (u)     in_0->z  R     unmapped_xor2          1     0   118    9632 
  u_datapath/mul_216_43/g1563/z                             (u)     in_0->z  R     unmapped_xor2          2     0   132    9763 
  u_datapath/mul_216_43/g2480/z                             (u)     in_1->z  F     unmapped_nor2          3     0    82    9845 
  u_datapath/mul_216_43/g2552/z                             (u)     in_1->z  R     unmapped_nor2          2     0    74    9919 
  u_datapath/mul_216_43/g2624/z                             (u)     in_0->z  F     unmapped_not           1     0    37    9956 
  u_datapath/mul_216_43/g2625/z                             (u)     in_1->z  R     unmapped_nor2          1     0    61   10016 
  u_datapath/mul_216_43/g199/z                              (u)     in_0->z  F     unmapped_nor2          1     0    61   10077 
  u_datapath/mul_216_43/g2705/z                             (u)     in_0->z  R     unmapped_not           1     0    37   10114 
  u_datapath/mul_216_43/g2706/z                             (u)     in_1->z  F     unmapped_nor2          1     0    61   10175 
  u_datapath/mul_216_43/g2766/z                             (u)     in_0->z  R     unmapped_nand2        17     0   148   10322 
  u_datapath/mul_216_43/g2805/z                             (u)     in_0->z  F     unmapped_nand2         1     0    61   10383 
  u_datapath/mul_216_43/g401/z                              (u)     in_1->z  R     unmapped_nand2         1     0    61   10444 
  u_datapath/mul_216_43/g2897/z                             (u)     in_0->z  R     unmapped_xnor2         1     0   118   10562 
  u_datapath/add_218_48/g565/z                              (u)     in_0->z  F     unmapped_not           2     0    50   10612 
  u_datapath/add_218_48/g118/z                              (u)     in_1->z  R     unmapped_nor2          3     0    82   10694 
  u_datapath/add_218_48/g202/z                              (u)     in_0->z  F     unmapped_nand2         1     0    61   10755 
  u_datapath/add_218_48/g401/z                              (u)     in_0->z  R     unmapped_not           1     0    37   10791 
  u_datapath/add_218_48/g402/z                              (u)     in_1->z  F     unmapped_nand2         1     0    61   10852 
  u_datapath/add_218_48/g596/z                              (u)     in_0->z  R     unmapped_not           1     0    37   10889 
  u_datapath/add_218_48/g505/z                              (u)     in_0->z  R     unmapped_xnor2         8     0   170   11059 
  u_datapath/mux_mac_b_in[0]_237_19/g1/z                    (u)     data2->z R     unmapped_bmux8         1     0   318   11377 
  u_datapath/u_mac_engine/b_reg_reg[0][7]/d                 -       -        R     unmapped_d_flop        1     -     0   11377 
#-------------------------------------------------------------------------------------------------------------------------------

(u) : Net has unmapped pin(s).

