============================================================
  Generated by:           Genus(TM) Synthesis Solution 25.12-s067_1
  Generated on:           Mar 26 2026  02:19:10 pm
  Module:                 tr_softmax
  Operating conditions:   ss_typical_max_0p90v_125c (balanced_tree)
  Wireload mode:          top
  Area mode:              timing library
============================================================

          Instance                                          Module                                  Cell-Count  Cell-Area  Net-Area   Total-Area  Wireload  
------------------------------------------------------------------------------------------------------------------------------------------------------------
tr_softmax                  NA                                                                            2607  10201.680     0.000    10201.680 Small (D)  
  dsp_mac                   vec_mac_su_N8_W8_ACC_W32                                                      1872   6896.520     0.000     6896.520 Small (T)  
  gen_tr_recip.u_reciprocal tr_reciprocal_IN_WIDTH16_OUT_WIDTH8_IN_FRAC4_OUT_FRAC4_INV_SQRT0_ITER2         472   2287.440     0.000     2287.440 Small (T)  
    u_exp                   tr_exp_WIDTH8_FRAC_W4_LUT_IDX_W3_ITER2                                          69    368.280     0.000      368.280 Small (T)  
      u_quad                quadratic_divider_WIDTH8_FRAC_W4                                                 6     36.720     0.000       36.720 Small (T)  
      u_round               round_WIDTH8_FRAC_W4_LUT_IDX_W3_90                                              16     85.320     0.000       85.320 Small (T)  
    u_ln                    tr_ln_WIDTH16_BITS4_OUT_WIDTH8                                                 180    847.080     0.000      847.080 Small (T)  
  u_decompose               online_sum_NUM_INPUTS8_DATA_WIDTH8_FRAC_W4_LUT_IDX_W3_ITER1_MODE2              234    934.200     0.000      934.200 Small (T)  
    GEN_EXP[0].u_tr_exp     tr_exp_WIDTH8_FRAC_W4_LUT_IDX_W3_ITER1                                          21     46.440     0.000       46.440 Small (T)  
      u_round               round_WIDTH8_FRAC_W4_LUT_IDX_W3                                                 11     23.040     0.000       23.040 Small (T)  
    GEN_EXP[1].u_tr_exp     tr_exp_WIDTH8_FRAC_W4_LUT_IDX_W3_ITER1_104                                      21     46.440     0.000       46.440 Small (T)  
      u_round               round_WIDTH8_FRAC_W4_LUT_IDX_W3_97                                              11     23.040     0.000       23.040 Small (T)  
    GEN_EXP[2].u_tr_exp     tr_exp_WIDTH8_FRAC_W4_LUT_IDX_W3_ITER1_103                                      21     46.440     0.000       46.440 Small (T)  
      u_round               round_WIDTH8_FRAC_W4_LUT_IDX_W3_96                                              11     23.040     0.000       23.040 Small (T)  
    GEN_EXP[3].u_tr_exp     tr_exp_WIDTH8_FRAC_W4_LUT_IDX_W3_ITER1_102                                      21     46.440     0.000       46.440 Small (T)  
      u_round               round_WIDTH8_FRAC_W4_LUT_IDX_W3_95                                              11     23.040     0.000       23.040 Small (T)  
    GEN_EXP[4].u_tr_exp     tr_exp_WIDTH8_FRAC_W4_LUT_IDX_W3_ITER1_101                                      21     46.440     0.000       46.440 Small (T)  
      u_round               round_WIDTH8_FRAC_W4_LUT_IDX_W3_94                                              11     23.040     0.000       23.040 Small (T)  
    GEN_EXP[5].u_tr_exp     tr_exp_WIDTH8_FRAC_W4_LUT_IDX_W3_ITER1_100                                      21     46.440     0.000       46.440 Small (T)  
      u_round               round_WIDTH8_FRAC_W4_LUT_IDX_W3_93                                              11     23.040     0.000       23.040 Small (T)  
    GEN_EXP[6].u_tr_exp     tr_exp_WIDTH8_FRAC_W4_LUT_IDX_W3_ITER1_99                                       21     46.440     0.000       46.440 Small (T)  
      u_round               round_WIDTH8_FRAC_W4_LUT_IDX_W3_92                                              11     23.040     0.000       23.040 Small (T)  
    GEN_EXP[7].u_tr_exp     tr_exp_WIDTH8_FRAC_W4_LUT_IDX_W3_ITER1_98                                       21     46.440     0.000       46.440 Small (T)  
      u_round               round_WIDTH8_FRAC_W4_LUT_IDX_W3_91                                              11     23.040     0.000       23.040 Small (T)  
  (D) = wireload is default in technology library
  (T) = wireload mode is 'top'
