============================================================
  Generated by:           Genus(TM) Synthesis Solution 25.12-s067_1
  Generated on:           Mar 25 2026  06:21:31 pm
  Module:                 vec_mac_su
  Operating conditions:   ss_typical_max_0p90v_125c (balanced_tree)
  Wireload mode:          top
  Area mode:              timing library
============================================================


Path 1: MET (15 ps) Setup Check with Pin vec_sum_reg_reg[13]/CK->B
          Group: reg2reg
     Startpoint: (R) a_reg_reg[6][6]/CK
          Clock: (R) clk
       Endpoint: (F) vec_sum_reg_reg[13]/B
          Clock: (R) clk

                     Capture       Launch     
        Clock Edge:+    3000            0     
       Src Latency:+       0            0     
       Net Latency:+       0 (I)        0 (I) 
           Arrival:=    3000            0     
                                              
             Setup:-     146                  
       Uncertainty:-     125                  
     Required Time:=    2729                  
      Launch Clock:-       0                  
         Data Path:-    2714                  
             Slack:=      15                  

#---------------------------------------------------------------------------------------------------------------
#                Timing Point                  Flags    Arc   Edge       Cell        Fanout Trans Delay Arrival 
#                                                                                            (ps)  (ps)   (ps)  
#---------------------------------------------------------------------------------------------------------------
  a_reg_reg[6][6]/CK                           -       -      R     (arrival)           192     0     0       0 
  a_reg_reg[6][6]/Q                            -       CK->Q  F     DFFQ_X1M_A9TL         1    88   295     295 
  csa_tree_ADD_TC_OP_14_groupi_g4196__2346/CO  -       A->CO  F     ADDF_X2M_A9TL         2    97   247     542 
  csa_tree_ADD_TC_OP_14_groupi_g4176/Y         -       A->Y   R     INV_X2M_A9TL          1    57    62     604 
  csa_tree_ADD_TC_OP_14_groupi_g4107__6783/CON -       A->CON F     CGENI_X1M_A9TL        1   124   100     704 
  csa_tree_ADD_TC_OP_14_groupi_g3989__4319/SUM -       A->SUM F     ADDFH_X1M_A9TL        1    88   354    1058 
  csa_tree_ADD_TC_OP_14_groupi_g3923__3680/CO  -       CI->CO F     ADDF_X1P4M_A9TL       1    75   194    1252 
  csa_tree_ADD_TC_OP_14_groupi_g3905__9945/SUM -       A->SUM F     ADDFH_X2M_A9TL        2    94   351    1603 
  csa_tree_ADD_TC_OP_14_groupi_g3881__5107/Y   -       B->Y   F     XOR3_X1M_A9TL         2   125   302    1904 
  csa_tree_ADD_TC_OP_14_groupi_g4388__2346/Y   -       A->Y   F     OR2_X2M_A9TL          3    80   158    2062 
  csa_tree_ADD_TC_OP_14_groupi_g3826__1881/Y   -       B->Y   R     NAND2_X1P4M_A9TL      2   145   119    2181 
  csa_tree_ADD_TC_OP_14_groupi_g3822__8246/Y   -       B->Y   R     OR2_X1P4M_A9TL        2    88   158    2339 
  csa_tree_ADD_TC_OP_14_groupi_g3813__8428/Y   -       A1N->Y R     AOI2XB1_X4M_A9TL      3   162   191    2530 
  csa_tree_ADD_TC_OP_14_groupi_g3806__7410/Y   -       A0->Y  F     OAI21_X3M_A9TL        1   100    98    2628 
  csa_tree_ADD_TC_OP_14_groupi_g3800__9945/Y   -       A->Y   F     XOR2_X3M_A9TL         1    95    86    2714 
  vec_sum_reg_reg[13]/B                        -       -      F     A2DFFQ_X1M_A9TL       1     -     0    2714 
#---------------------------------------------------------------------------------------------------------------

