============================================================
  Generated by:           Genus(TM) Synthesis Solution 25.12-s067_1
  Generated on:           Sep 27 2026  11:34:13 pm
  Module:                 ibert_gelu
  Operating conditions:   ss_typical_max_0p90v_125c (balanced_tree)
  Wireload mode:          top
  Area mode:              timing library
============================================================


Path 1: MET (3 ps) Setup Check with Pin delta_sq_reg_reg[7][18]/CK->D
          Group: reg2reg
     Startpoint: (R) delta_reg_reg[7][3]/CK
          Clock: (R) clk
       Endpoint: (R) delta_sq_reg_reg[7][18]/D
          Clock: (R) clk

                     Capture       Launch     
        Clock Edge:+    3300            0     
       Src Latency:+       0            0     
       Net Latency:+       0 (I)        0 (I) 
           Arrival:=    3300            0     
                                              
             Setup:-     123                  
       Uncertainty:-     125                  
     Required Time:=    3052                  
      Launch Clock:-       0                  
         Data Path:-    3049                  
             Slack:=       3                  

#--------------------------------------------------------------------------------------------------------
#            Timing Point              Flags    Arc   Edge       Cell         Fanout Trans Delay Arrival 
#                                                                                     (ps)  (ps)   (ps)  
#--------------------------------------------------------------------------------------------------------
  delta_reg_reg[7][3]/CK               -       -      R     (arrival)            144     0     0       0 
  delta_reg_reg[7][3]/Q                -       CK->Q  F     DFFRPQ_X2M_A9TL       11   168   356     356 
  square_mul_163_46_I8_g968/Y          -       A->Y   R     NAND2_X1P4M_A9TL       1    95   105     460 
  g27716/Y                             -       A->Y   F     INV_X0P7B_A9TH         1   389   283     743 
  square_mul_163_46_I8_cdnfadd_009_0/S -       CI->S  R     ADDF_X1M_A9TL          1   118   425    1168 
  square_mul_163_46_I8_cdnfadd_009_1/S -       CI->S  F     ADDF_X1P4M_A9TL        2   106   311    1479 
  square_mul_163_46_I8_g888/Y          -       A->Y   R     NOR2_X2A_A9TL          2   165   134    1612 
  square_mul_163_46_I8_g887/Y          -       A->Y   F     INV_X2M_A9TL           2    67    73    1686 
  square_mul_163_46_I8_g883/Y          -       A->Y   R     NAND2_X1P4M_A9TL       2   121    93    1778 
  square_mul_163_46_I8_g878/Y          -       A->Y   F     NOR2_X1B_A9TL          1   146   123    1901 
  square_mul_163_46_I8_g857/Y          -       B->Y   R     NAND3_X2M_A9TL         1   140   134    2035 
  square_mul_163_46_I8_g855/Y          -       A->Y   F     NAND3XXB_X4M_A9TL      3   102    89    2124 
  square_mul_163_46_I8_g854/Y          -       A->Y   R     NAND3_X2M_A9TL         1   118    97    2221 
  square_mul_163_46_I8_g852/Y          -       A->Y   F     NAND2_X2A_A9TL         2   122   102    2323 
  square_mul_163_46_I8_g849/Y          -       A0->Y  R     AOI21_X3M_A9TL         2   175   148    2471 
  square_mul_163_46_I8_g846/Y          -       A0->Y  F     OAI21_X4M_A9TL         2    92    92    2562 
  square_mul_163_46_I8_g2/Y            -       A1N->Y F     OAI2XB1_X1M_A9TL       2   177   219    2781 
  square_mul_163_46_I8_g841/Y          -       B0->Y  F     AO1B2_X2M_A9TL         1    78   166    2947 
  square_mul_163_46_I8_g840/Y          -       A->Y   R     XOR2_X1M_A9TL          1   202   102    3049 
  delta_sq_reg_reg[7][18]/D            -       -      R     DFFRPQ_X1M_A9TL        1     -     0    3049 
#--------------------------------------------------------------------------------------------------------

