============================================================
  Generated by:           Genus(TM) Synthesis Solution 25.12-s067_1
  Generated on:           Mar 26 2026  02:08:02 pm
  Module:                 tr_softmax
  Operating conditions:   ss_typical_max_0p90v_125c (balanced_tree)
  Wireload mode:          top
  Area mode:              timing library
============================================================


Path 1: VIOLATED (-767 ps) Late External Delay Assertion at pin out_e_a[0][0]
          Group: reg2out
     Startpoint: (R) u_decompose/gen_mode_0_int_max_int_sub.u_max_tree/stage_decl[3].data_reg[0][1]/clk
          Clock: (R) clk
       Endpoint: (R) out_e_a[0][0]
          Clock: (R) clk

                     Capture       Launch     
        Clock Edge:+    3000            0     
       Src Latency:+       0            0     
       Net Latency:+       0 (I)        0 (I) 
           Arrival:=    3000            0     
                                              
      Output Delay:-     900                  
       Uncertainty:-     125                  
     Required Time:=    1975                  
      Launch Clock:-       0                  
         Data Path:-    2742                  
             Slack:=    -767                  

Exceptions/Constraints:
  output_delay             900             tr_softmax.sdc_line_18_136_1   

#------------------------------------------------------------------------------------------------------------------------------------------------------
#                                   Timing Point                                     Flags     Arc    Edge      Cell        Fanout Trans Delay Arrival 
#                                                                                                                                   (ps)  (ps)   (ps)  
#------------------------------------------------------------------------------------------------------------------------------------------------------
  u_decompose/gen_mode_0_int_max_int_sub.u_max_tree/stage_decl[3].data_reg[0][1]/clk -       -        R     (arrival)          681     0     0       0 
  u_decompose/gen_mode_0_int_max_int_sub.u_max_tree/stage_decl[3].data_reg[0][1]/q   (u)     clk->q   F     unmapped_d_flop      8     0   387     387 
  u_decompose/gen_mode_0_int_max_int_sub.u_max_sub/sub_17_68_I1/g3/z                 (u)     in_0->z  R     unmapped_not         2     0    50     437 
  u_decompose/gen_mode_0_int_max_int_sub.u_max_sub/sub_17_68_I1/g15/z                (u)     in_1->z  F     unmapped_nor2        1     0    61     498 
  u_decompose/gen_mode_0_int_max_int_sub.u_max_sub/sub_17_68_I1/g29/z                (u)     in_0->z  R     unmapped_not         2     0    50     548 
  u_decompose/gen_mode_0_int_max_int_sub.u_max_sub/sub_17_68_I1/g30/z                (u)     in_1->z  F     unmapped_nand2       1     0    61     609 
  u_decompose/gen_mode_0_int_max_int_sub.u_max_sub/sub_17_68_I1/g31/z                (u)     in_1->z  R     unmapped_nand2       3     0    82     690 
  u_decompose/gen_mode_0_int_max_int_sub.u_max_sub/sub_17_68_I1/g47/z                (u)     in_1->z  F     unmapped_nand2       1     0    61     751 
  u_decompose/gen_mode_0_int_max_int_sub.u_max_sub/sub_17_68_I1/g48/z                (u)     in_1->z  R     unmapped_nand2       5     0    96     847 
  u_decompose/gen_mode_0_int_max_int_sub.u_max_sub/sub_17_68_I1/g65/z                (u)     in_0->z  F     unmapped_nand2       1     0    61     907 
  u_decompose/gen_mode_0_int_max_int_sub.u_max_sub/sub_17_68_I1/g66/z                (u)     in_1->z  R     unmapped_nand2       1     0    61     968 
  u_decompose/gen_mode_0_int_max_int_sub.u_max_sub/sub_17_68_I1/g86/z                (u)     in_0->z  F     unmapped_xnor2       3     0   139    1107 
  u_decompose/gen_mode_0_int_max_int_sub.u_max_sub/lt_21_22_I1/g28/z                 (u)     in_0->z  R     unmapped_nor2        2     0    74    1181 
  u_decompose/gen_mode_0_int_max_int_sub.u_max_sub/lt_21_22_I1/g46/z                 (u)     in_1->z  F     unmapped_nor2        2     0    74    1256 
  u_decompose/gen_mode_0_int_max_int_sub.u_max_sub/lt_21_22_I1/g61/z                 (u)     in_1->z  R     unmapped_nand2       1     0    61    1316 
  u_decompose/gen_mode_0_int_max_int_sub.u_max_sub/lt_21_22_I1/g70/z                 (u)     in_0->z  F     unmapped_not         1     0    37    1353 
  u_decompose/gen_mode_0_int_max_int_sub.u_max_sub/lt_21_22_I1/g71/z                 (u)     in_1->z  R     unmapped_nand2       1     0    61    1414 
  u_decompose/gen_mode_0_int_max_int_sub.u_max_sub/lt_21_22_I1/g72/z                 (u)     in_1->z  F     unmapped_nand2       1     0    61    1475 
  u_decompose/gen_mode_0_int_max_int_sub.u_max_sub/lt_21_22_I1/g74/z                 (u)     in_0->z  R     unmapped_nand2       1     0    61    1536 
  u_decompose/gen_mode_0_int_max_int_sub.u_max_sub/lt_21_22_I1/g75/z                 (u)     in_1->z  F     unmapped_nand2       1     0    61    1596 
  u_decompose/gen_mode_0_int_max_int_sub.u_max_sub/lt_21_22_I1/g11/z                 (u)     in_0->z  R     unmapped_not         8     0    89    1685 
  u_decompose/gen_mode_0_int_max_int_sub.u_max_sub/mux_out_data[0]_21_22/g4/z        (u)     sel0->z  R     unmapped_bmux2       3     0   139    1824 
  u_decompose/GEN_EXP[0].u_tr_exp/u_round/add_36_61/g2/z                             (u)     in_0->z  F     unmapped_nand2       1     0    61    1885 
  u_decompose/GEN_EXP[0].u_tr_exp/u_round/add_36_61/g35/z                            (u)     in_0->z  R     unmapped_not         2     0    50    1935 
  u_decompose/GEN_EXP[0].u_tr_exp/u_round/add_36_61/g13/z                            (u)     in_0->z  F     unmapped_nand2       1     0    61    1996 
  u_decompose/GEN_EXP[0].u_tr_exp/u_round/add_36_61/g39/z                            (u)     in_0->z  R     unmapped_not         2     0    50    2046 
  u_decompose/GEN_EXP[0].u_tr_exp/u_round/add_36_61/g20/z                            (u)     in_0->z  F     unmapped_nand2       1     0    61    2107 
  u_decompose/GEN_EXP[0].u_tr_exp/u_round/add_36_61/g40/z                            (u)     in_0->z  R     unmapped_not         1     0    37    2144 
  u_decompose/GEN_EXP[0].u_tr_exp/u_round/add_36_61/g30/z                            (u)     in_0->z  F     unmapped_xnor2       1     0   118    2262 
  u_decompose/GEN_EXP[0].u_tr_exp/u_round/mux_36_32/g1/z                             (u)     data1->z F     unmapped_bmux2       1     0   118    2380 
  u_decompose/GEN_EXP[0].u_tr_exp/u_round/eq_39_44/g2/z                              (u)     in_0->z  R     unmapped_nor3        1     0    81    2461 
  u_decompose/GEN_EXP[0].u_tr_exp/u_round/eq_39_44/g3/z                              (u)     in_0->z  F     unmapped_nand2       1     0    61    2522 
  u_decompose/GEN_EXP[0].u_tr_exp/u_round/eq_39_44/g4/z                              (u)     in_0->z  R     unmapped_not         8     0    89    2611 
  u_decompose/GEN_EXP[0].u_tr_exp/mux_96_26/g8/z                                     (u)     sel0->z  R     unmapped_bmux2       2     0   132    2742 
  out_e_a[0][0]                                                                      -       -        R     (port)               -     -     0    2742 
#------------------------------------------------------------------------------------------------------------------------------------------------------

(u) : Net has unmapped pin(s).

