============================================================
  Generated by:           Genus(TM) Synthesis Solution 25.12-s067_1
  Generated on:           Apr 11 2026  03:23:42 pm
  Module:                 transformer_core_top
  Operating conditions:   ss_typical_max_0p90v_125c (balanced_tree)
  Wireload mode:          top
  Area mode:              timing library
============================================================

Max_transition design rule (violation total = 246)
Pin                                                Slew           Max     Violation
-------------------------------------------------------------------------------------
u_datapath/g18777/A1N                               366           350            16
  --> Other violations on net                               97
u_datapath/g19236/BN                                366           350            16
  --> Other violations on net                               97
u_datapath/g19241/BN                                366           350            16
  --> Other violations on net                               97
u_datapath/g19189/BN                                366           350            16
  --> Other violations on net                               97
u_datapath/g19199/BN                                366           350            16
  --> Other violations on net                               97
u_datapath/g18885/A1N                               366           350            16
  --> Other violations on net                               97
u_datapath/g19368/Y                                 366           350            16
  --> Other violations on net                               97
u_datapath/u_tr_array/g8552/B                       353           350             3
  --> Other violations on net                               31
u_datapath/u_tr_array/g8664/B                       353           350             3
  --> Other violations on net                               31
u_datapath/u_tr_array/g8758/B0                      353           350             3
  --> Other violations on net                               31
u_datapath/u_tr_array/g8878/A                       353           350             3
  --> Other violations on net                               31
u_datapath/u_tr_array/g8470/B                       353           350             3
  --> Other violations on net                               31
u_datapath/u_tr_array/g8650/BN                      353           350             3
  --> Other violations on net                               31
u_datapath/u_tr_array/g8803/B                       353           350             3
  --> Other violations on net                               31
u_datapath/u_tr_array/g8811/B                       353           350             3
  --> Other violations on net                               31
u_datapath/u_tr_array/g8813/B                       353           350             3
  --> Other violations on net                               31
u_datapath/u_tr_array/g8835/B0                      353           350             3
  --> Other violations on net                               31
u_datapath/u_tr_array/g8839/B                       353           350             3
  --> Other violations on net                               31
u_datapath/u_tr_array/g8917/Y                       353           350             3
  --> Other violations on net                               31
u_datapath/g18701/A                                 359           350             9
  --> Other violations on net                               18
u_datapath/g17999/B0                                359           350             9
  --> Other violations on net                               18
u_datapath/g18757/Y                                 359           350             9
  --> Other violations on net                               18
u_datapath/g18538/B                                 363           350            13
  --> Other violations on net                               13
u_datapath/g18680/Y                                 363           350            13
  --> Other violations on net                               13
u_datapath/u_scalar_sub/g9606/BN                    356           350             6
  --> Other violations on net                               12
u_datapath/u_scalar_sub/g9956/A                     356           350             6
  --> Other violations on net                               12
u_datapath/u_scalar_sub/g9911/Y                     356           350             6
  --> Other violations on net                               12
u_datapath/u_alpha_stab/g3223__5115/A1              359           350             9
  --> Other violations on net                               9
u_datapath/u_alpha_stab/g3251__1705/Y               359           350             9
  --> Other violations on net                               9
u_datapath/g9596/A1N                                351           350             1
  --> Other violations on net                               10
u_datapath/saved_sum_reg[8]/D                       351           350             1
  --> Other violations on net                               10
u_datapath/g19302/A                                 351           350             1
  --> Other violations on net                               10
u_datapath/g18684/A0                                351           350             1
  --> Other violations on net                               10
u_datapath/g17999/A0                                351           350             1
  --> Other violations on net                               10
u_datapath/g18757/B                                 351           350             1
  --> Other violations on net                               10
u_datapath/g19273/A                                 351           350             1
  --> Other violations on net                               10
u_datapath/u_mac_engine/g4434/Y                     351           350             1
  --> Other violations on net                               10


Max_capacitance design rule: no violations.


Max_fanout design rule (violation total = 69.000)
Pin                                                    Fanout           Max     Violation
-------------------------------------------------------------------------------------------
u_datapath/u_mac_engine/fopt8869/Y                     48.000        16.000        32.000
u_datapath/u_mac_engine/fopt8869/Y                     48.000        16.000        32.000
u_datapath/u_mac_engine/fopt8869/Y                     48.000        16.000        32.000
u_datapath/u_mac_engine/fopt8869/Y                     48.000        16.000        32.000
u_datapath/u_mac_engine/fopt8869/Y                     48.000        16.000        32.000
u_datapath/u_mac_engine/fopt8869/Y                     48.000        16.000        32.000
u_datapath/u_mac_engine/fopt8869/Y                     48.000        16.000        32.000
u_datapath/u_mac_engine/fopt8869/Y                     48.000        16.000        32.000
u_datapath/u_mac_engine/fopt8869/Y                     48.000        16.000        32.000
u_datapath/u_mac_engine/fopt8869/Y                     48.000        16.000        32.000
u_datapath/u_mac_engine/fopt8869/Y                     48.000        16.000        32.000
u_datapath/u_mac_engine/fopt8869/Y                     48.000        16.000        32.000
u_datapath/u_mac_engine/fopt8869/Y                     48.000        16.000        32.000
u_datapath/u_mac_engine/fopt8869/Y                     48.000        16.000        32.000
u_datapath/u_mac_engine/fopt8869/Y                     48.000        16.000        32.000
u_datapath/u_mac_engine/fopt8869/Y                     48.000        16.000        32.000
u_datapath/u_mac_engine/fopt8869/Y                     48.000        16.000        32.000
u_datapath/u_mac_engine/fopt8869/Y                     48.000        16.000        32.000
u_datapath/u_mac_engine/fopt8869/Y                     48.000        16.000        32.000
u_datapath/u_mac_engine/fopt8869/Y                     48.000        16.000        32.000
u_datapath/u_mac_engine/fopt8869/Y                     48.000        16.000        32.000
u_datapath/u_mac_engine/fopt8869/Y                     48.000        16.000        32.000
u_datapath/u_mac_engine/fopt8869/Y                     48.000        16.000        32.000
u_datapath/u_mac_engine/fopt8869/Y                     48.000        16.000        32.000
u_datapath/u_mac_engine/fopt8869/Y                     48.000        16.000        32.000
u_datapath/u_mac_engine/fopt8869/Y                     48.000        16.000        32.000
u_datapath/u_mac_engine/fopt8869/Y                     48.000        16.000        32.000
u_datapath/u_mac_engine/fopt8869/Y                     48.000        16.000        32.000
u_datapath/u_mac_engine/fopt8869/Y                     48.000        16.000        32.000
u_datapath/u_mac_engine/fopt8869/Y                     48.000        16.000        32.000
u_datapath/u_mac_engine/fopt8869/Y                     48.000        16.000        32.000
u_datapath/u_mac_engine/fopt8869/Y                     48.000        16.000        32.000
u_datapath/u_mac_engine/fopt8869/Y                     48.000        16.000        32.000
u_datapath/u_mac_engine/fopt8869/Y                     48.000        16.000        32.000
u_datapath/u_mac_engine/fopt8869/Y                     48.000        16.000        32.000
u_datapath/u_mac_engine/fopt8869/Y                     48.000        16.000        32.000
u_datapath/u_mac_engine/fopt8869/Y                     48.000        16.000        32.000
u_datapath/u_mac_engine/fopt8869/Y                     48.000        16.000        32.000
u_datapath/u_mac_engine/fopt8869/Y                     48.000        16.000        32.000
u_datapath/u_mac_engine/fopt8869/Y                     48.000        16.000        32.000
u_datapath/u_mac_engine/fopt8869/Y                     48.000        16.000        32.000
u_datapath/u_mac_engine/fopt8869/Y                     48.000        16.000        32.000
u_datapath/u_mac_engine/fopt8869/Y                     48.000        16.000        32.000
u_datapath/u_mac_engine/fopt8869/Y                     48.000        16.000        32.000
u_datapath/u_mac_engine/fopt8869/Y                     48.000        16.000        32.000
u_datapath/u_mac_engine/fopt8869/Y                     48.000        16.000        32.000
u_datapath/u_mac_engine/fopt8869/Y                     48.000        16.000        32.000
u_datapath/u_mac_engine/fopt8869/Y                     48.000        16.000        32.000
u_datapath/u_mac_engine/fopt8869/Y                     48.000        16.000        32.000
u_datapath/u_mac_engine/fopt8866/Y                     32.000        16.000        16.000
u_datapath/u_mac_engine/fopt8866/Y                     32.000        16.000        16.000
u_datapath/u_mac_engine/fopt8866/Y                     32.000        16.000        16.000
u_datapath/u_mac_engine/fopt8866/Y                     32.000        16.000        16.000
u_datapath/u_mac_engine/fopt8866/Y                     32.000        16.000        16.000
u_datapath/u_mac_engine/fopt8866/Y                     32.000        16.000        16.000
u_datapath/u_mac_engine/fopt8866/Y                     32.000        16.000        16.000
u_datapath/u_mac_engine/fopt8866/Y                     32.000        16.000        16.000
u_datapath/u_mac_engine/fopt8866/Y                     32.000        16.000        16.000
u_datapath/u_mac_engine/fopt8866/Y                     32.000        16.000        16.000
u_datapath/u_mac_engine/fopt8866/Y                     32.000        16.000        16.000
u_datapath/u_mac_engine/fopt8866/Y                     32.000        16.000        16.000
u_datapath/u_mac_engine/fopt8866/Y                     32.000        16.000        16.000
u_datapath/u_mac_engine/fopt8866/Y                     32.000        16.000        16.000
u_datapath/u_mac_engine/fopt8866/Y                     32.000        16.000        16.000
u_datapath/u_mac_engine/fopt8866/Y                     32.000        16.000        16.000
u_datapath/u_mac_engine/fopt8866/Y                     32.000        16.000        16.000
u_datapath/u_mac_engine/fopt8866/Y                     32.000        16.000        16.000
u_datapath/u_mac_engine/fopt8866/Y                     32.000        16.000        16.000
u_datapath/u_mac_engine/fopt8866/Y                     32.000        16.000        16.000
u_datapath/u_mac_engine/fopt8866/Y                     32.000        16.000        16.000
u_datapath/u_mac_engine/fopt8866/Y                     32.000        16.000        16.000
u_datapath/u_mac_engine/fopt8866/Y                     32.000        16.000        16.000
u_datapath/u_mac_engine/fopt8866/Y                     32.000        16.000        16.000
u_datapath/u_mac_engine/fopt8866/Y                     32.000        16.000        16.000
u_datapath/u_mac_engine/fopt8866/Y                     32.000        16.000        16.000
u_datapath/u_mac_engine/fopt8866/Y                     32.000        16.000        16.000
u_datapath/u_mac_engine/fopt8866/Y                     32.000        16.000        16.000
u_datapath/u_mac_engine/fopt8866/Y                     32.000        16.000        16.000
u_datapath/u_mac_engine/fopt8866/Y                     32.000        16.000        16.000
u_datapath/u_mac_engine/fopt8866/Y                     32.000        16.000        16.000
u_datapath/u_mac_engine/fopt8866/Y                     32.000        16.000        16.000
u_datapath/u_mac_engine/fopt8866/Y                     32.000        16.000        16.000
u_datapath/u_mac_engine/fopt8867/Y                     31.000        16.000        15.000
u_datapath/u_mac_engine/fopt8867/Y                     31.000        16.000        15.000
u_datapath/u_mac_engine/fopt8867/Y                     31.000        16.000        15.000
u_datapath/u_mac_engine/fopt8867/Y                     31.000        16.000        15.000
u_datapath/u_mac_engine/fopt8867/Y                     31.000        16.000        15.000
u_datapath/u_mac_engine/fopt8867/Y                     31.000        16.000        15.000
u_datapath/u_mac_engine/fopt8867/Y                     31.000        16.000        15.000
u_datapath/u_mac_engine/fopt8867/Y                     31.000        16.000        15.000
u_datapath/u_mac_engine/fopt8867/Y                     31.000        16.000        15.000
u_datapath/u_mac_engine/fopt8867/Y                     31.000        16.000        15.000
u_datapath/u_mac_engine/fopt8867/Y                     31.000        16.000        15.000
u_datapath/u_mac_engine/fopt8867/Y                     31.000        16.000        15.000
u_datapath/u_mac_engine/fopt8867/Y                     31.000        16.000        15.000
u_datapath/u_mac_engine/fopt8867/Y                     31.000        16.000        15.000
u_datapath/u_mac_engine/fopt8867/Y                     31.000        16.000        15.000
u_datapath/u_mac_engine/fopt8867/Y                     31.000        16.000        15.000
u_datapath/u_mac_engine/fopt8867/Y                     31.000        16.000        15.000
u_datapath/u_mac_engine/fopt8867/Y                     31.000        16.000        15.000
u_datapath/u_mac_engine/fopt8867/Y                     31.000        16.000        15.000
u_datapath/u_mac_engine/fopt8867/Y                     31.000        16.000        15.000
u_datapath/u_mac_engine/fopt8867/Y                     31.000        16.000        15.000
u_datapath/u_mac_engine/fopt8867/Y                     31.000        16.000        15.000
u_datapath/u_mac_engine/fopt8867/Y                     31.000        16.000        15.000
u_datapath/u_mac_engine/fopt8867/Y                     31.000        16.000        15.000
u_datapath/u_mac_engine/fopt8867/Y                     31.000        16.000        15.000
u_datapath/u_mac_engine/fopt8867/Y                     31.000        16.000        15.000
u_datapath/u_mac_engine/fopt8867/Y                     31.000        16.000        15.000
u_datapath/u_mac_engine/fopt8867/Y                     31.000        16.000        15.000
u_datapath/u_mac_engine/fopt8867/Y                     31.000        16.000        15.000
u_datapath/u_mac_engine/fopt8867/Y                     31.000        16.000        15.000
u_datapath/u_mac_engine/fopt8867/Y                     31.000        16.000        15.000
u_datapath/u_mac_engine/fopt8867/Y                     31.000        16.000        15.000
u_datapath/u_mac_engine/fopt2/Y                        22.000        16.000         6.000
u_datapath/u_mac_engine/fopt2/Y                        22.000        16.000         6.000
u_datapath/u_mac_engine/fopt2/Y                        22.000        16.000         6.000
u_datapath/u_mac_engine/fopt2/Y                        22.000        16.000         6.000
u_datapath/u_mac_engine/fopt2/Y                        22.000        16.000         6.000
u_datapath/u_mac_engine/fopt2/Y                        22.000        16.000         6.000
u_datapath/u_mac_engine/fopt2/Y                        22.000        16.000         6.000
u_datapath/u_mac_engine/fopt2/Y                        22.000        16.000         6.000
u_datapath/u_mac_engine/fopt2/Y                        22.000        16.000         6.000
u_datapath/u_mac_engine/fopt2/Y                        22.000        16.000         6.000
u_datapath/u_mac_engine/fopt2/Y                        22.000        16.000         6.000
u_datapath/u_mac_engine/fopt2/Y                        22.000        16.000         6.000
u_datapath/u_mac_engine/fopt2/Y                        22.000        16.000         6.000
u_datapath/u_mac_engine/fopt2/Y                        22.000        16.000         6.000
u_datapath/u_mac_engine/fopt2/Y                        22.000        16.000         6.000
u_datapath/u_mac_engine/fopt2/Y                        22.000        16.000         6.000
u_datapath/u_mac_engine/fopt2/Y                        22.000        16.000         6.000
u_datapath/u_mac_engine/fopt2/Y                        22.000        16.000         6.000
u_datapath/u_mac_engine/fopt2/Y                        22.000        16.000         6.000
u_datapath/u_mac_engine/fopt2/Y                        22.000        16.000         6.000
u_datapath/u_mac_engine/fopt2/Y                        22.000        16.000         6.000
u_datapath/u_mac_engine/fopt2/Y                        22.000        16.000         6.000
u_datapath/u_mac_engine/fopt2/Y                        22.000        16.000         6.000



