============================================================
  Generated by:           Genus(TM) Synthesis Solution 25.12-s067_1
  Generated on:           Apr 11 2026  03:23:38 pm
  Module:                 transformer_core_top
  Operating conditions:   ss_typical_max_0p90v_125c (balanced_tree)
  Wireload mode:          top
  Area mode:              timing library
============================================================

 
  Hierarchy Report Format : 
 
    level instance ( module ) <status>
 
    status :    preserve_<value> -- indicating preserve hierachy or inherited_preserve value
           :    blackbox --  indicating  unresolved instance
 
==================================================================

 0 transformer_core_top
  1 u_ctrl ( transformer_core_ctrl_MAX_LATENCY2 ) 
  1 u_datapath ( transformer_core_datapath_N8_W8_ACC_W32_FRAC4 ) 
     2 RC_CG_HIER_INST0 ( RC_CG_MOD ) 
     2 RC_CG_HIER_INST1 ( RC_CG_MOD_1 ) 
     2 u_alpha_stab ( alpha_stabilizer_N8_W8 ) 
     2 u_mac_engine ( vec_mul_N8_W8_ACC_W32 ) 
        3 RC_CG_HIER_INST2 ( RC_CG_MOD_2 ) 
        3 RC_CG_HIER_INST3 ( RC_CG_MOD_3 ) 
     2 u_piped_max ( piped_max_NUM_INPUTS8_DATA_WIDTH8 ) 
     2 u_scalar_sub ( scalar_sub_NUM_INPUTS8_DATA_WIDTH8 ) 
     2 u_tr_array ( tr_hetero_array_N8 ) 
        3 GEN_LANES[1].u_exp_i ( tr_exp_alu_WIDTH8_FRAC_W4_LUT_IDX_W3_480 ) 
           4 u_quad ( quadratic_divider_WIDTH8_FRAC_W4_3675 ) 
           4 u_round ( round_WIDTH8_FRAC_W4_LUT_IDX_W3_473 ) 
        3 GEN_LANES[1].u_ln_i ( tr_ln_WIDTH8_BITS4_OUT_WIDTH8_487 ) 
        3 GEN_LANES[2].u_exp_i ( tr_exp_alu_WIDTH8_FRAC_W4_LUT_IDX_W3_479 ) 
           4 u_quad ( quadratic_divider_WIDTH8_FRAC_W4_3674 ) 
           4 u_round ( round_WIDTH8_FRAC_W4_LUT_IDX_W3_472 ) 
        3 GEN_LANES[2].u_ln_i ( tr_ln_WIDTH8_BITS4_OUT_WIDTH8_486 ) 
        3 GEN_LANES[3].u_exp_i ( tr_exp_alu_WIDTH8_FRAC_W4_LUT_IDX_W3_478 ) 
           4 u_quad ( quadratic_divider_WIDTH8_FRAC_W4_3673 ) 
           4 u_round ( round_WIDTH8_FRAC_W4_LUT_IDX_W3_471 ) 
        3 GEN_LANES[3].u_ln_i ( tr_ln_WIDTH8_BITS4_OUT_WIDTH8_485 ) 
        3 GEN_LANES[4].u_exp_i ( tr_exp_alu_WIDTH8_FRAC_W4_LUT_IDX_W3_477 ) 
           4 u_quad ( quadratic_divider_WIDTH8_FRAC_W4_3672 ) 
           4 u_round ( round_WIDTH8_FRAC_W4_LUT_IDX_W3_470 ) 
        3 GEN_LANES[4].u_ln_i ( tr_ln_WIDTH8_BITS4_OUT_WIDTH8_484 ) 
        3 GEN_LANES[5].u_exp_i ( tr_exp_alu_WIDTH8_FRAC_W4_LUT_IDX_W3_476 ) 
           4 u_quad ( quadratic_divider_WIDTH8_FRAC_W4_3671 ) 
           4 u_round ( round_WIDTH8_FRAC_W4_LUT_IDX_W3_469 ) 
        3 GEN_LANES[5].u_ln_i ( tr_ln_WIDTH8_BITS4_OUT_WIDTH8_483 ) 
        3 GEN_LANES[6].u_exp_i ( tr_exp_alu_WIDTH8_FRAC_W4_LUT_IDX_W3_475 ) 
           4 u_quad ( quadratic_divider_WIDTH8_FRAC_W4_3670 ) 
           4 u_round ( round_WIDTH8_FRAC_W4_LUT_IDX_W3_468 ) 
        3 GEN_LANES[6].u_ln_i ( tr_ln_WIDTH8_BITS4_OUT_WIDTH8_482 ) 
        3 GEN_LANES[7].u_exp_i ( tr_exp_alu_WIDTH8_FRAC_W4_LUT_IDX_W3_474 ) 
           4 u_quad ( quadratic_divider_WIDTH8_FRAC_W4_3669 ) 
           4 u_round ( round_WIDTH8_FRAC_W4_LUT_IDX_W3_467 ) 
        3 GEN_LANES[7].u_ln_i ( tr_ln_WIDTH8_BITS4_OUT_WIDTH8_481 ) 
        3 u_exp_0_8b ( tr_exp_alu_WIDTH8_FRAC_W4_LUT_IDX_W3 ) 
           4 u_quad ( quadratic_divider_WIDTH8_FRAC_W4 ) 
           4 u_round ( round_WIDTH8_FRAC_W4_LUT_IDX_W3 ) 
        3 u_exp_0_20b ( tr_exp_alu_WIDTH20_FRAC_W8_LUT_IDX_W4 ) 
           4 u_quad ( quadratic_divider_WIDTH20_FRAC_W8 ) 
           4 u_round ( round_WIDTH20_FRAC_W8_LUT_IDX_W4 ) 
        3 u_ln_0_8b ( tr_ln_WIDTH8_BITS4_OUT_WIDTH8 ) 
        3 u_ln_0_20b ( tr_ln_WIDTH20_BITS8_OUT_WIDTH20 ) 
        3 u_lut_20b ( q12_8_lut ) 
        3 u_shared_rom ( shared_lut_rom_N8 ) 
