============================================================
  Generated by:           Genus(TM) Synthesis Solution 25.12-s067_1
  Generated on:           Apr 11 2026  03:23:38 pm
  Operating conditions:   ss_typical_max_0p90v_125c (balanced_tree)
  Wireload mode:          top
  Area mode:              timing library
============================================================

                                                                                         
        Gate          Instances    Area                       Library                    
-----------------------------------------------------------------------------------------
A2DFFQ_X0P5M_A9TL           180  1296.000 sc9_cln65lp_base_lvt_ss_typical_max_0p90v_125c 
A2DFFQ_X1M_A9TL              80   604.800 sc9_cln65lp_base_lvt_ss_typical_max_0p90v_125c 
A2DFFQ_X2M_A9TL              14   115.920 sc9_cln65lp_base_lvt_ss_typical_max_0p90v_125c 
A2DFFQ_X3M_A9TL              10    86.400 sc9_cln65lp_base_lvt_ss_typical_max_0p90v_125c 
A2DFFQ_X4M_A9TL               2    18.000 sc9_cln65lp_base_lvt_ss_typical_max_0p90v_125c 
A2DFFQ_X4M_A9TR               1     9.000 sc9_cln65lp_base_rvt_ss_typical_max_0p90v_125c 
ADDFH_X1M_A9TL                8    89.280 sc9_cln65lp_base_lvt_ss_typical_max_0p90v_125c 
ADDFH_X1P4M_A9TL              2    23.760 sc9_cln65lp_base_lvt_ss_typical_max_0p90v_125c 
ADDFH_X2M_A9TL                9   106.920 sc9_cln65lp_base_lvt_ss_typical_max_0p90v_125c 
ADDF_X1M_A9TL               165  1306.800 sc9_cln65lp_base_lvt_ss_typical_max_0p90v_125c 
ADDF_X1P4M_A9TL              11   102.960 sc9_cln65lp_base_lvt_ss_typical_max_0p90v_125c 
ADDF_X2M_A9TL                 7    65.520 sc9_cln65lp_base_lvt_ss_typical_max_0p90v_125c 
ADDH_X1M_A9TL                43   201.240 sc9_cln65lp_base_lvt_ss_typical_max_0p90v_125c 
ADDH_X1P4M_A9TL              12    69.120 sc9_cln65lp_base_lvt_ss_typical_max_0p90v_125c 
ADDH_X2M_A9TL                 1     5.760 sc9_cln65lp_base_lvt_ss_typical_max_0p90v_125c 
AND2_X0P7M_A9TL               3     5.400 sc9_cln65lp_base_lvt_ss_typical_max_0p90v_125c 
AND2_X11M_A9TL               15   167.400 sc9_cln65lp_base_lvt_ss_typical_max_0p90v_125c 
AND2_X1M_A9TH                 1     1.800 sc9_cln65lp_base_hvt_ss_typical_max_0p90v_125c 
AND2_X1M_A9TL               218   392.400 sc9_cln65lp_base_lvt_ss_typical_max_0p90v_125c 
AND2_X1P4M_A9TL               2     5.040 sc9_cln65lp_base_lvt_ss_typical_max_0p90v_125c 
AND2_X2M_A9TL                89   224.280 sc9_cln65lp_base_lvt_ss_typical_max_0p90v_125c 
AND2_X3M_A9TL                22    87.120 sc9_cln65lp_base_lvt_ss_typical_max_0p90v_125c 
AND2_X4M_A9TL                27   116.640 sc9_cln65lp_base_lvt_ss_typical_max_0p90v_125c 
AND2_X4M_A9TR                 1     4.320 sc9_cln65lp_base_rvt_ss_typical_max_0p90v_125c 
AND2_X6M_A9TL                39   238.680 sc9_cln65lp_base_lvt_ss_typical_max_0p90v_125c 
AND2_X8M_A9TL                14   110.880 sc9_cln65lp_base_lvt_ss_typical_max_0p90v_125c 
AND2_X8M_A9TR                 1     7.920 sc9_cln65lp_base_rvt_ss_typical_max_0p90v_125c 
AND3_X11M_A9TL                1    16.920 sc9_cln65lp_base_lvt_ss_typical_max_0p90v_125c 
AND3_X1M_A9TL                 2     5.040 sc9_cln65lp_base_lvt_ss_typical_max_0p90v_125c 
AND3_X2M_A9TL                 1     4.320 sc9_cln65lp_base_lvt_ss_typical_max_0p90v_125c 
AND3_X3M_A9TL                 8    46.080 sc9_cln65lp_base_lvt_ss_typical_max_0p90v_125c 
AND3_X6M_A9TL                 3    30.240 sc9_cln65lp_base_lvt_ss_typical_max_0p90v_125c 
AND3_X8M_A9TL                 4    50.400 sc9_cln65lp_base_lvt_ss_typical_max_0p90v_125c 
AND4_X2M_A9TL                 1     6.480 sc9_cln65lp_base_lvt_ss_typical_max_0p90v_125c 
AND4_X6M_A9TL                 1    15.480 sc9_cln65lp_base_lvt_ss_typical_max_0p90v_125c 
AO1B2_X1M_A9TL               37    93.240 sc9_cln65lp_base_lvt_ss_typical_max_0p90v_125c 
AO1B2_X1P4M_A9TL              2     7.200 sc9_cln65lp_base_lvt_ss_typical_max_0p90v_125c 
AO1B2_X2M_A9TL               19    68.400 sc9_cln65lp_base_lvt_ss_typical_max_0p90v_125c 
AO1B2_X3M_A9TL               14    75.600 sc9_cln65lp_base_lvt_ss_typical_max_0p90v_125c 
AO1B2_X4M_A9TL               19   116.280 sc9_cln65lp_base_lvt_ss_typical_max_0p90v_125c 
AO1B2_X6M_A9TL                4    36.000 sc9_cln65lp_base_lvt_ss_typical_max_0p90v_125c 
AO1B2_X6M_A9TR                1     9.000 sc9_cln65lp_base_rvt_ss_typical_max_0p90v_125c 
AO21B_X1M_A9TL               26    65.520 sc9_cln65lp_base_lvt_ss_typical_max_0p90v_125c 
AO21B_X2M_A9TL               50   180.000 sc9_cln65lp_base_lvt_ss_typical_max_0p90v_125c 
AO21B_X3M_A9TL               25   135.000 sc9_cln65lp_base_lvt_ss_typical_max_0p90v_125c 
AO21B_X4M_A9TL               36   220.320 sc9_cln65lp_base_lvt_ss_typical_max_0p90v_125c 
AO21B_X6M_A9TL                7    63.000 sc9_cln65lp_base_lvt_ss_typical_max_0p90v_125c 
AO21_X1M_A9TL                18    51.840 sc9_cln65lp_base_lvt_ss_typical_max_0p90v_125c 
AO21_X1P4M_A9TL               1     4.680 sc9_cln65lp_base_lvt_ss_typical_max_0p90v_125c 
AO22_X0P5M_A9TH               1     3.240 sc9_cln65lp_base_hvt_ss_typical_max_0p90v_125c 
AO22_X0P5M_A9TL               1     3.240 sc9_cln65lp_base_lvt_ss_typical_max_0p90v_125c 
AO22_X1M_A9TL                24    77.760 sc9_cln65lp_base_lvt_ss_typical_max_0p90v_125c 
AOI211_X1M_A9TL              45   113.400 sc9_cln65lp_base_lvt_ss_typical_max_0p90v_125c 
AOI211_X3M_A9TL               2    11.520 sc9_cln65lp_base_lvt_ss_typical_max_0p90v_125c 
AOI21B_X1M_A9TL              23    66.240 sc9_cln65lp_base_lvt_ss_typical_max_0p90v_125c 
AOI21B_X2M_A9TL               2     8.640 sc9_cln65lp_base_lvt_ss_typical_max_0p90v_125c 
AOI21B_X2M_A9TR               1     4.320 sc9_cln65lp_base_rvt_ss_typical_max_0p90v_125c 
AOI21B_X4M_A9TL               8    57.600 sc9_cln65lp_base_lvt_ss_typical_max_0p90v_125c 
AOI21B_X6M_A9TL               1    10.440 sc9_cln65lp_base_lvt_ss_typical_max_0p90v_125c 
AOI21B_X8M_A9TL               1    13.320 sc9_cln65lp_base_lvt_ss_typical_max_0p90v_125c 
AOI21_X0P7M_A9TL              1     2.160 sc9_cln65lp_base_lvt_ss_typical_max_0p90v_125c 
AOI21_X1M_A9TL              136   293.760 sc9_cln65lp_base_lvt_ss_typical_max_0p90v_125c 
AOI21_X1P4M_A9TL              4    14.400 sc9_cln65lp_base_lvt_ss_typical_max_0p90v_125c 
AOI21_X2M_A9TL               66   237.600 sc9_cln65lp_base_lvt_ss_typical_max_0p90v_125c 
AOI21_X2M_A9TR                3    10.800 sc9_cln65lp_base_rvt_ss_typical_max_0p90v_125c 
AOI21_X3M_A9TL               27   126.360 sc9_cln65lp_base_lvt_ss_typical_max_0p90v_125c 
AOI21_X4M_A9TL               16    97.920 sc9_cln65lp_base_lvt_ss_typical_max_0p90v_125c 
AOI21_X6M_A9TL               34   306.000 sc9_cln65lp_base_lvt_ss_typical_max_0p90v_125c 
AOI221_X1M_A9TL               3     9.720 sc9_cln65lp_base_lvt_ss_typical_max_0p90v_125c 
AOI222_X1M_A9TL               6    23.760 sc9_cln65lp_base_lvt_ss_typical_max_0p90v_125c 
AOI22_X1M_A9TL              159   400.680 sc9_cln65lp_base_lvt_ss_typical_max_0p90v_125c 
AOI22_X1P4M_A9TL              3    12.960 sc9_cln65lp_base_lvt_ss_typical_max_0p90v_125c 
AOI22_X2M_A9TL                9    38.880 sc9_cln65lp_base_lvt_ss_typical_max_0p90v_125c 
AOI22_X2M_A9TR                2     8.640 sc9_cln65lp_base_rvt_ss_typical_max_0p90v_125c 
AOI22_X3M_A9TL                6    36.720 sc9_cln65lp_base_lvt_ss_typical_max_0p90v_125c 
AOI22_X4M_A9TL                4    33.120 sc9_cln65lp_base_lvt_ss_typical_max_0p90v_125c 
AOI2XB1_X0P7M_A9TL            1     2.880 sc9_cln65lp_base_lvt_ss_typical_max_0p90v_125c 
AOI2XB1_X1M_A9TL             32    92.160 sc9_cln65lp_base_lvt_ss_typical_max_0p90v_125c 
AOI2XB1_X1M_A9TR              1     2.880 sc9_cln65lp_base_rvt_ss_typical_max_0p90v_125c 
AOI2XB1_X1P4M_A9TL            5    21.600 sc9_cln65lp_base_lvt_ss_typical_max_0p90v_125c 
AOI2XB1_X2M_A9TL             18    77.760 sc9_cln65lp_base_lvt_ss_typical_max_0p90v_125c 
AOI2XB1_X2M_A9TR              1     4.320 sc9_cln65lp_base_rvt_ss_typical_max_0p90v_125c 
AOI2XB1_X3M_A9TL             14    80.640 sc9_cln65lp_base_lvt_ss_typical_max_0p90v_125c 
AOI2XB1_X4M_A9TL             26   196.560 sc9_cln65lp_base_lvt_ss_typical_max_0p90v_125c 
AOI2XB1_X6M_A9TL             40   417.600 sc9_cln65lp_base_lvt_ss_typical_max_0p90v_125c 
AOI2XB1_X8M_A9TL             45   615.600 sc9_cln65lp_base_lvt_ss_typical_max_0p90v_125c 
AOI31_X1M_A9TL                3     7.560 sc9_cln65lp_base_lvt_ss_typical_max_0p90v_125c 
AOI31_X2M_A9TL               37   159.840 sc9_cln65lp_base_lvt_ss_typical_max_0p90v_125c 
AOI31_X3M_A9TL                5    30.600 sc9_cln65lp_base_lvt_ss_typical_max_0p90v_125c 
AOI31_X4M_A9TL                2    16.560 sc9_cln65lp_base_lvt_ss_typical_max_0p90v_125c 
AOI31_X6M_A9TL                7    83.160 sc9_cln65lp_base_lvt_ss_typical_max_0p90v_125c 
AOI32_X1M_A9TL               32    92.160 sc9_cln65lp_base_lvt_ss_typical_max_0p90v_125c 
AOI32_X2M_A9TL               10    54.000 sc9_cln65lp_base_lvt_ss_typical_max_0p90v_125c 
AOI32_X3M_A9TL                1     7.560 sc9_cln65lp_base_lvt_ss_typical_max_0p90v_125c 
AOI32_X4M_A9TL                2    20.160 sc9_cln65lp_base_lvt_ss_typical_max_0p90v_125c 
AOI32_X6M_A9TL                2    29.520 sc9_cln65lp_base_lvt_ss_typical_max_0p90v_125c 
BMXT_X2M_A9TL                 2    23.040 sc9_cln65lp_base_lvt_ss_typical_max_0p90v_125c 
BUFH_X0P7M_A9TL               1     1.440 sc9_cln65lp_base_lvt_ss_typical_max_0p90v_125c 
BUFH_X0P7M_A9TR               4     5.760 sc9_cln65lp_base_rvt_ss_typical_max_0p90v_125c 
BUFH_X0P8M_A9TR               1     1.440 sc9_cln65lp_base_rvt_ss_typical_max_0p90v_125c 
BUFH_X16M_A9TL                1    12.960 sc9_cln65lp_base_lvt_ss_typical_max_0p90v_125c 
BUFH_X1M_A9TL                11    15.840 sc9_cln65lp_base_lvt_ss_typical_max_0p90v_125c 
BUFH_X1P2M_A9TL               1     2.160 sc9_cln65lp_base_lvt_ss_typical_max_0p90v_125c 
BUFH_X1P4M_A9TL              85   183.600 sc9_cln65lp_base_lvt_ss_typical_max_0p90v_125c 
BUFH_X2M_A9TL                 9    22.680 sc9_cln65lp_base_lvt_ss_typical_max_0p90v_125c 
BUFH_X3M_A9TL                 2     5.760 sc9_cln65lp_base_lvt_ss_typical_max_0p90v_125c 
BUFH_X3P5M_A9TL               1     3.960 sc9_cln65lp_base_lvt_ss_typical_max_0p90v_125c 
BUFH_X3P5M_A9TR               1     3.960 sc9_cln65lp_base_rvt_ss_typical_max_0p90v_125c 
BUFH_X4M_A9TL                 8    31.680 sc9_cln65lp_base_lvt_ss_typical_max_0p90v_125c 
BUFH_X5M_A9TL                 3    14.040 sc9_cln65lp_base_lvt_ss_typical_max_0p90v_125c 
BUFH_X5M_A9TR                 1     4.680 sc9_cln65lp_base_rvt_ss_typical_max_0p90v_125c 
BUFH_X6M_A9TL                 6    32.400 sc9_cln65lp_base_lvt_ss_typical_max_0p90v_125c 
BUFH_X7P5M_A9TH               1     6.840 sc9_cln65lp_base_hvt_ss_typical_max_0p90v_125c 
BUFH_X7P5M_A9TL               2    13.680 sc9_cln65lp_base_lvt_ss_typical_max_0p90v_125c 
BUF_X0P8B_A9TR                2     2.880 sc9_cln65lp_base_rvt_ss_typical_max_0p90v_125c 
BUF_X13B_A9TL                 2    17.280 sc9_cln65lp_base_lvt_ss_typical_max_0p90v_125c 
BUF_X13M_A9TL                 1     8.640 sc9_cln65lp_base_lvt_ss_typical_max_0p90v_125c 
BUF_X1B_A9TL                  4     5.760 sc9_cln65lp_base_lvt_ss_typical_max_0p90v_125c 
BUF_X1M_A9TH                 18    25.920 sc9_cln65lp_base_hvt_ss_typical_max_0p90v_125c 
BUF_X1P2B_A9TL                7    12.600 sc9_cln65lp_base_lvt_ss_typical_max_0p90v_125c 
BUF_X1P7M_A9TL               41    88.560 sc9_cln65lp_base_lvt_ss_typical_max_0p90v_125c 
BUF_X2M_A9TL                108   233.280 sc9_cln65lp_base_lvt_ss_typical_max_0p90v_125c 
BUF_X2P5M_A9TL               13    32.760 sc9_cln65lp_base_lvt_ss_typical_max_0p90v_125c 
BUF_X3B_A9TL                  3     7.560 sc9_cln65lp_base_lvt_ss_typical_max_0p90v_125c 
BUF_X3M_A9TL                 99   249.480 sc9_cln65lp_base_lvt_ss_typical_max_0p90v_125c 
BUF_X3M_A9TR                  1     2.520 sc9_cln65lp_base_rvt_ss_typical_max_0p90v_125c 
BUF_X4B_A9TL                  2     7.200 sc9_cln65lp_base_lvt_ss_typical_max_0p90v_125c 
BUF_X4M_A9TL                  1     3.600 sc9_cln65lp_base_lvt_ss_typical_max_0p90v_125c 
BUF_X5M_A9TL                  1     3.960 sc9_cln65lp_base_lvt_ss_typical_max_0p90v_125c 
BUF_X6B_A9TL                  1     4.320 sc9_cln65lp_base_lvt_ss_typical_max_0p90v_125c 
BUF_X6M_A9TL                 15    64.800 sc9_cln65lp_base_lvt_ss_typical_max_0p90v_125c 
BUF_X9M_A9TL                  1     6.120 sc9_cln65lp_base_lvt_ss_typical_max_0p90v_125c 
CGENCIN_X1M_A9TL             24   172.800 sc9_cln65lp_base_lvt_ss_typical_max_0p90v_125c 
CGENI_X1M_A9TL               39   112.320 sc9_cln65lp_base_lvt_ss_typical_max_0p90v_125c 
CGENI_X1P4M_A9TL              1     5.400 sc9_cln65lp_base_lvt_ss_typical_max_0p90v_125c 
CGENI_X2M_A9TL               39   210.600 sc9_cln65lp_base_lvt_ss_typical_max_0p90v_125c 
CGENI_X2M_A9TR                1     5.400 sc9_cln65lp_base_rvt_ss_typical_max_0p90v_125c 
CGEN_X1M_A9TL               185   666.000 sc9_cln65lp_base_lvt_ss_typical_max_0p90v_125c 
CGEN_X1M_A9TR                21    75.600 sc9_cln65lp_base_rvt_ss_typical_max_0p90v_125c 
CGEN_X2M_A9TL                25    99.000 sc9_cln65lp_base_lvt_ss_typical_max_0p90v_125c 
CGEN_X2M_A9TR                 7    27.720 sc9_cln65lp_base_rvt_ss_typical_max_0p90v_125c 
DFFQ_X1M_A9TL               171  1292.760 sc9_cln65lp_base_lvt_ss_typical_max_0p90v_125c 
DFFQ_X2M_A9TL               105   869.400 sc9_cln65lp_base_lvt_ss_typical_max_0p90v_125c 
DFFQ_X4M_A9TL                20   187.200 sc9_cln65lp_base_lvt_ss_typical_max_0p90v_125c 
DFFRPQN_X1M_A9TL              3    24.840 sc9_cln65lp_base_lvt_ss_typical_max_0p90v_125c 
DFFRPQ_X1M_A9TL             573  4950.720 sc9_cln65lp_base_lvt_ss_typical_max_0p90v_125c 
DFFRPQ_X2M_A9TL              41   369.000 sc9_cln65lp_base_lvt_ss_typical_max_0p90v_125c 
DFFRPQ_X3M_A9TL               8    74.880 sc9_cln65lp_base_lvt_ss_typical_max_0p90v_125c 
DFFRPQ_X4M_A9TL              76   766.080 sc9_cln65lp_base_lvt_ss_typical_max_0p90v_125c 
INV_X0P5B_A9TH                9     9.720 sc9_cln65lp_base_hvt_ss_typical_max_0p90v_125c 
INV_X0P5B_A9TL                1     1.080 sc9_cln65lp_base_lvt_ss_typical_max_0p90v_125c 
INV_X0P5B_A9TR                1     1.080 sc9_cln65lp_base_rvt_ss_typical_max_0p90v_125c 
INV_X0P5M_A9TH                5     5.400 sc9_cln65lp_base_hvt_ss_typical_max_0p90v_125c 
INV_X0P5M_A9TL                2     2.160 sc9_cln65lp_base_lvt_ss_typical_max_0p90v_125c 
INV_X0P5M_A9TR                4     4.320 sc9_cln65lp_base_rvt_ss_typical_max_0p90v_125c 
INV_X0P6M_A9TH                3     3.240 sc9_cln65lp_base_hvt_ss_typical_max_0p90v_125c 
INV_X0P6M_A9TL                3     3.240 sc9_cln65lp_base_lvt_ss_typical_max_0p90v_125c 
INV_X0P7M_A9TH                1     1.080 sc9_cln65lp_base_hvt_ss_typical_max_0p90v_125c 
INV_X0P8M_A9TH                3     3.240 sc9_cln65lp_base_hvt_ss_typical_max_0p90v_125c 
INV_X0P8M_A9TL               37    39.960 sc9_cln65lp_base_lvt_ss_typical_max_0p90v_125c 
INV_X0P8M_A9TR                2     2.160 sc9_cln65lp_base_rvt_ss_typical_max_0p90v_125c 
INV_X11M_A9TL                 2    11.520 sc9_cln65lp_base_lvt_ss_typical_max_0p90v_125c 
INV_X13B_A9TL                 1     6.840 sc9_cln65lp_base_lvt_ss_typical_max_0p90v_125c 
INV_X13M_A9TL                 9    61.560 sc9_cln65lp_base_lvt_ss_typical_max_0p90v_125c 
INV_X16M_A9TL                 6    49.680 sc9_cln65lp_base_lvt_ss_typical_max_0p90v_125c 
INV_X1B_A9TL                  5     5.400 sc9_cln65lp_base_lvt_ss_typical_max_0p90v_125c 
INV_X1M_A9TH                  3     3.240 sc9_cln65lp_base_hvt_ss_typical_max_0p90v_125c 
INV_X1M_A9TL                592   639.360 sc9_cln65lp_base_lvt_ss_typical_max_0p90v_125c 
INV_X1M_A9TR                  1     1.080 sc9_cln65lp_base_rvt_ss_typical_max_0p90v_125c 
INV_X1P2B_A9TH                1     1.440 sc9_cln65lp_base_hvt_ss_typical_max_0p90v_125c 
INV_X1P2B_A9TR                1     1.440 sc9_cln65lp_base_rvt_ss_typical_max_0p90v_125c 
INV_X1P4M_A9TL               61    87.840 sc9_cln65lp_base_lvt_ss_typical_max_0p90v_125c 
INV_X1P7B_A9TL                1     1.440 sc9_cln65lp_base_lvt_ss_typical_max_0p90v_125c 
INV_X1P7M_A9TR                5     7.200 sc9_cln65lp_base_rvt_ss_typical_max_0p90v_125c 
INV_X2B_A9TL                 33    47.520 sc9_cln65lp_base_lvt_ss_typical_max_0p90v_125c 
INV_X2B_A9TR                  2     2.880 sc9_cln65lp_base_rvt_ss_typical_max_0p90v_125c 
INV_X2M_A9TL                698  1005.120 sc9_cln65lp_base_lvt_ss_typical_max_0p90v_125c 
INV_X2M_A9TR                  1     1.440 sc9_cln65lp_base_rvt_ss_typical_max_0p90v_125c 
INV_X2P5M_A9TL               11    23.760 sc9_cln65lp_base_lvt_ss_typical_max_0p90v_125c 
INV_X3B_A9TL                  3     6.480 sc9_cln65lp_base_lvt_ss_typical_max_0p90v_125c 
INV_X3M_A9TL                265   572.400 sc9_cln65lp_base_lvt_ss_typical_max_0p90v_125c 
INV_X3M_A9TR                  1     2.160 sc9_cln65lp_base_rvt_ss_typical_max_0p90v_125c 
INV_X3P5B_A9TL                1     2.520 sc9_cln65lp_base_lvt_ss_typical_max_0p90v_125c 
INV_X3P5M_A9TL                8    20.160 sc9_cln65lp_base_lvt_ss_typical_max_0p90v_125c 
INV_X3P5M_A9TR                2     5.040 sc9_cln65lp_base_rvt_ss_typical_max_0p90v_125c 
INV_X4B_A9TL                 36    90.720 sc9_cln65lp_base_lvt_ss_typical_max_0p90v_125c 
INV_X4M_A9TL                378   952.560 sc9_cln65lp_base_lvt_ss_typical_max_0p90v_125c 
INV_X5B_A9TL                  3     8.640 sc9_cln65lp_base_lvt_ss_typical_max_0p90v_125c 
INV_X5M_A9TL                105   302.400 sc9_cln65lp_base_lvt_ss_typical_max_0p90v_125c 
INV_X6B_A9TL                 12    43.200 sc9_cln65lp_base_lvt_ss_typical_max_0p90v_125c 
INV_X6M_A9TL                 46   165.600 sc9_cln65lp_base_lvt_ss_typical_max_0p90v_125c 
INV_X7P5B_A9TL               11    47.520 sc9_cln65lp_base_lvt_ss_typical_max_0p90v_125c 
INV_X7P5M_A9TL               38   164.160 sc9_cln65lp_base_lvt_ss_typical_max_0p90v_125c 
INV_X9B_A9TL                  6    28.080 sc9_cln65lp_base_lvt_ss_typical_max_0p90v_125c 
INV_X9M_A9TL                 20    93.600 sc9_cln65lp_base_lvt_ss_typical_max_0p90v_125c 
MX2_X1P4B_A9TL                1     5.040 sc9_cln65lp_base_lvt_ss_typical_max_0p90v_125c 
MX2_X1P4M_A9TL                4    20.160 sc9_cln65lp_base_lvt_ss_typical_max_0p90v_125c 
MX2_X2M_A9TL                  1     5.400 sc9_cln65lp_base_lvt_ss_typical_max_0p90v_125c 
MX2_X3B_A9TL                  1     8.280 sc9_cln65lp_base_lvt_ss_typical_max_0p90v_125c 
MX2_X3M_A9TL                  2    16.560 sc9_cln65lp_base_lvt_ss_typical_max_0p90v_125c 
MX2_X4M_A9TL                  1     9.360 sc9_cln65lp_base_lvt_ss_typical_max_0p90v_125c 
MX2_X6B_A9TL                  7    90.720 sc9_cln65lp_base_lvt_ss_typical_max_0p90v_125c 
MX2_X6M_A9TL                  6    77.760 sc9_cln65lp_base_lvt_ss_typical_max_0p90v_125c 
MX2_X8B_A9TL                  1    18.360 sc9_cln65lp_base_lvt_ss_typical_max_0p90v_125c 
MXIT2_X0P5M_A9TL              1     3.240 sc9_cln65lp_base_lvt_ss_typical_max_0p90v_125c 
MXIT2_X1M_A9TL               25    90.000 sc9_cln65lp_base_lvt_ss_typical_max_0p90v_125c 
MXIT2_X1P4M_A9TL              3    19.440 sc9_cln65lp_base_lvt_ss_typical_max_0p90v_125c 
MXIT2_X2M_A9TL               93   602.640 sc9_cln65lp_base_lvt_ss_typical_max_0p90v_125c 
MXIT2_X2M_A9TR                2    12.960 sc9_cln65lp_base_rvt_ss_typical_max_0p90v_125c 
MXIT2_X3M_A9TL              109   824.040 sc9_cln65lp_base_lvt_ss_typical_max_0p90v_125c 
MXIT2_X4M_A9TL               28   282.240 sc9_cln65lp_base_lvt_ss_typical_max_0p90v_125c 
MXT2_X0P5M_A9TL               2     7.200 sc9_cln65lp_base_lvt_ss_typical_max_0p90v_125c 
MXT2_X0P7M_A9TL               9    32.400 sc9_cln65lp_base_lvt_ss_typical_max_0p90v_125c 
MXT2_X1M_A9TR                 1     4.320 sc9_cln65lp_base_rvt_ss_typical_max_0p90v_125c 
MXT2_X1P4M_A9TL               8    40.320 sc9_cln65lp_base_lvt_ss_typical_max_0p90v_125c 
MXT2_X2M_A9TL                 2    13.680 sc9_cln65lp_base_lvt_ss_typical_max_0p90v_125c 
MXT2_X3M_A9TL                 4    33.120 sc9_cln65lp_base_lvt_ss_typical_max_0p90v_125c 
MXT2_X4M_A9TL                11   106.920 sc9_cln65lp_base_lvt_ss_typical_max_0p90v_125c 
MXT2_X6M_A9TL                41   428.040 sc9_cln65lp_base_lvt_ss_typical_max_0p90v_125c 
NAND2B_X1M_A9TL             151   326.160 sc9_cln65lp_base_lvt_ss_typical_max_0p90v_125c 
NAND2B_X1P4M_A9TL             5    14.400 sc9_cln65lp_base_lvt_ss_typical_max_0p90v_125c 
NAND2B_X2M_A9TL              33    95.040 sc9_cln65lp_base_lvt_ss_typical_max_0p90v_125c 
NAND2B_X2M_A9TR               1     2.880 sc9_cln65lp_base_rvt_ss_typical_max_0p90v_125c 
NAND2B_X3M_A9TL              11    43.560 sc9_cln65lp_base_lvt_ss_typical_max_0p90v_125c 
NAND2B_X4M_A9TL               7    32.760 sc9_cln65lp_base_lvt_ss_typical_max_0p90v_125c 
NAND2B_X6M_A9TL               3    20.520 sc9_cln65lp_base_lvt_ss_typical_max_0p90v_125c 
NAND2B_X8M_A9TL               2    17.280 sc9_cln65lp_base_lvt_ss_typical_max_0p90v_125c 
NAND2XB_X1M_A9TL            122   263.520 sc9_cln65lp_base_lvt_ss_typical_max_0p90v_125c 
NAND2XB_X1P4M_A9TL            8    23.040 sc9_cln65lp_base_lvt_ss_typical_max_0p90v_125c 
NAND2XB_X2M_A9TL            113   325.440 sc9_cln65lp_base_lvt_ss_typical_max_0p90v_125c 
NAND2XB_X2M_A9TR              4    11.520 sc9_cln65lp_base_rvt_ss_typical_max_0p90v_125c 
NAND2XB_X3M_A9TL            143   566.280 sc9_cln65lp_base_lvt_ss_typical_max_0p90v_125c 
NAND2XB_X3M_A9TR              1     3.960 sc9_cln65lp_base_rvt_ss_typical_max_0p90v_125c 
NAND2XB_X4M_A9TL            114   533.520 sc9_cln65lp_base_lvt_ss_typical_max_0p90v_125c 
NAND2XB_X6M_A9TL            141   964.440 sc9_cln65lp_base_lvt_ss_typical_max_0p90v_125c 
NAND2XB_X6M_A9TR              3    20.520 sc9_cln65lp_base_rvt_ss_typical_max_0p90v_125c 
NAND2XB_X8M_A9TL            126  1088.640 sc9_cln65lp_base_lvt_ss_typical_max_0p90v_125c 
NAND2XB_X8M_A9TR              1     8.640 sc9_cln65lp_base_rvt_ss_typical_max_0p90v_125c 
NAND2_X1A_A9TL              448   645.120 sc9_cln65lp_base_lvt_ss_typical_max_0p90v_125c 
NAND2_X1B_A9TL               39    56.160 sc9_cln65lp_base_lvt_ss_typical_max_0p90v_125c 
NAND2_X1M_A9TH                7    10.080 sc9_cln65lp_base_hvt_ss_typical_max_0p90v_125c 
NAND2_X1M_A9TL              450   648.000 sc9_cln65lp_base_lvt_ss_typical_max_0p90v_125c 
NAND2_X1M_A9TR               11    15.840 sc9_cln65lp_base_rvt_ss_typical_max_0p90v_125c 
NAND2_X1P4A_A9TL              1     2.520 sc9_cln65lp_base_lvt_ss_typical_max_0p90v_125c 
NAND2_X1P4B_A9TL              3     7.560 sc9_cln65lp_base_lvt_ss_typical_max_0p90v_125c 
NAND2_X1P4M_A9TL            193   416.880 sc9_cln65lp_base_lvt_ss_typical_max_0p90v_125c 
NAND2_X1P4M_A9TR              1     2.160 sc9_cln65lp_base_rvt_ss_typical_max_0p90v_125c 
NAND2_X2A_A9TL              315   793.800 sc9_cln65lp_base_lvt_ss_typical_max_0p90v_125c 
NAND2_X2A_A9TR                2     5.040 sc9_cln65lp_base_rvt_ss_typical_max_0p90v_125c 
NAND2_X2B_A9TL                8    20.160 sc9_cln65lp_base_lvt_ss_typical_max_0p90v_125c 
NAND2_X2B_A9TR                2     5.040 sc9_cln65lp_base_rvt_ss_typical_max_0p90v_125c 
NAND2_X2M_A9TL               54   136.080 sc9_cln65lp_base_lvt_ss_typical_max_0p90v_125c 
NAND2_X2M_A9TR               14    35.280 sc9_cln65lp_base_rvt_ss_typical_max_0p90v_125c 
NAND2_X3A_A9TL              228   820.800 sc9_cln65lp_base_lvt_ss_typical_max_0p90v_125c 
NAND2_X3B_A9TL                8    28.800 sc9_cln65lp_base_lvt_ss_typical_max_0p90v_125c 
NAND2_X3M_A9TL               31   111.600 sc9_cln65lp_base_lvt_ss_typical_max_0p90v_125c 
NAND2_X3M_A9TR                2     7.200 sc9_cln65lp_base_rvt_ss_typical_max_0p90v_125c 
NAND2_X4A_A9TL               66   285.120 sc9_cln65lp_base_lvt_ss_typical_max_0p90v_125c 
NAND2_X4A_A9TR                2     8.640 sc9_cln65lp_base_rvt_ss_typical_max_0p90v_125c 
NAND2_X4B_A9TL               32   138.240 sc9_cln65lp_base_lvt_ss_typical_max_0p90v_125c 
NAND2_X4M_A9TL              116   459.360 sc9_cln65lp_base_lvt_ss_typical_max_0p90v_125c 
NAND2_X4M_A9TR                3    11.880 sc9_cln65lp_base_rvt_ss_typical_max_0p90v_125c 
NAND2_X6A_A9TL               43   263.160 sc9_cln65lp_base_lvt_ss_typical_max_0p90v_125c 
NAND2_X6B_A9TL               11    67.320 sc9_cln65lp_base_lvt_ss_typical_max_0p90v_125c 
NAND2_X6M_A9TL               72   440.640 sc9_cln65lp_base_lvt_ss_typical_max_0p90v_125c 
NAND2_X6M_A9TR                3    18.360 sc9_cln65lp_base_rvt_ss_typical_max_0p90v_125c 
NAND2_X8A_A9TL               28   231.840 sc9_cln65lp_base_lvt_ss_typical_max_0p90v_125c 
NAND2_X8B_A9TL                5    41.400 sc9_cln65lp_base_lvt_ss_typical_max_0p90v_125c 
NAND2_X8B_A9TR                1     8.280 sc9_cln65lp_base_rvt_ss_typical_max_0p90v_125c 
NAND2_X8M_A9TL               44   332.640 sc9_cln65lp_base_lvt_ss_typical_max_0p90v_125c 
NAND3B_X1M_A9TL              11    27.720 sc9_cln65lp_base_lvt_ss_typical_max_0p90v_125c 
NAND3B_X1P4M_A9TL             1     3.600 sc9_cln65lp_base_lvt_ss_typical_max_0p90v_125c 
NAND3B_X2M_A9TL               2     7.920 sc9_cln65lp_base_lvt_ss_typical_max_0p90v_125c 
NAND3B_X3M_A9TL               4    20.160 sc9_cln65lp_base_lvt_ss_typical_max_0p90v_125c 
NAND3B_X4M_A9TL               3    18.360 sc9_cln65lp_base_lvt_ss_typical_max_0p90v_125c 
NAND3XXB_X1M_A9TL             7    17.640 sc9_cln65lp_base_lvt_ss_typical_max_0p90v_125c 
NAND3XXB_X1P4M_A9TL           6    21.600 sc9_cln65lp_base_lvt_ss_typical_max_0p90v_125c 
NAND3XXB_X2M_A9TL            73   289.080 sc9_cln65lp_base_lvt_ss_typical_max_0p90v_125c 
NAND3XXB_X3M_A9TL            49   246.960 sc9_cln65lp_base_lvt_ss_typical_max_0p90v_125c 
NAND3XXB_X4M_A9TL            89   544.680 sc9_cln65lp_base_lvt_ss_typical_max_0p90v_125c 
NAND3XXB_X4M_A9TR             2    12.240 sc9_cln65lp_base_rvt_ss_typical_max_0p90v_125c 
NAND3XXB_X6M_A9TL            87   783.000 sc9_cln65lp_base_lvt_ss_typical_max_0p90v_125c 
NAND3_X1A_A9TL               18    38.880 sc9_cln65lp_base_lvt_ss_typical_max_0p90v_125c 
NAND3_X1M_A9TL               19    41.040 sc9_cln65lp_base_lvt_ss_typical_max_0p90v_125c 
NAND3_X2A_A9TL               13    42.120 sc9_cln65lp_base_lvt_ss_typical_max_0p90v_125c 
NAND3_X2A_A9TR                1     3.240 sc9_cln65lp_base_rvt_ss_typical_max_0p90v_125c 
NAND3_X2M_A9TL               18    58.320 sc9_cln65lp_base_lvt_ss_typical_max_0p90v_125c 
NAND3_X3A_A9TL                2     9.360 sc9_cln65lp_base_lvt_ss_typical_max_0p90v_125c 
NAND3_X3M_A9TL               12    56.160 sc9_cln65lp_base_lvt_ss_typical_max_0p90v_125c 
NAND3_X4A_A9TL                6    34.560 sc9_cln65lp_base_lvt_ss_typical_max_0p90v_125c 
NAND3_X4A_A9TR                1     5.760 sc9_cln65lp_base_rvt_ss_typical_max_0p90v_125c 
NAND3_X4M_A9TL                5    28.800 sc9_cln65lp_base_lvt_ss_typical_max_0p90v_125c 
NAND3_X6A_A9TL               23   182.160 sc9_cln65lp_base_lvt_ss_typical_max_0p90v_125c 
NAND3_X6M_A9TL               18   155.520 sc9_cln65lp_base_lvt_ss_typical_max_0p90v_125c 
NAND4B_X2M_A9TL               3    15.120 sc9_cln65lp_base_lvt_ss_typical_max_0p90v_125c 
NAND4XXXB_X1P4M_A9TL          1     3.600 sc9_cln65lp_base_lvt_ss_typical_max_0p90v_125c 
NAND4XXXB_X2M_A9TL           50   234.000 sc9_cln65lp_base_lvt_ss_typical_max_0p90v_125c 
NAND4XXXB_X3M_A9TL            1     6.120 sc9_cln65lp_base_lvt_ss_typical_max_0p90v_125c 
NAND4XXXB_X4M_A9TL            4    30.240 sc9_cln65lp_base_lvt_ss_typical_max_0p90v_125c 
NAND4_X1P4A_A9TL             17    61.200 sc9_cln65lp_base_lvt_ss_typical_max_0p90v_125c 
NAND4_X2A_A9TL                4    15.840 sc9_cln65lp_base_lvt_ss_typical_max_0p90v_125c 
NAND4_X2M_A9TL                1     3.960 sc9_cln65lp_base_lvt_ss_typical_max_0p90v_125c 
NAND4_X3A_A9TL                2    11.520 sc9_cln65lp_base_lvt_ss_typical_max_0p90v_125c 
NAND4_X4A_A9TL                2    14.400 sc9_cln65lp_base_lvt_ss_typical_max_0p90v_125c 
NOR2B_X1M_A9TL               76   164.160 sc9_cln65lp_base_lvt_ss_typical_max_0p90v_125c 
NOR2B_X1M_A9TR                1     2.160 sc9_cln65lp_base_rvt_ss_typical_max_0p90v_125c 
NOR2B_X1P4M_A9TL              3     8.640 sc9_cln65lp_base_lvt_ss_typical_max_0p90v_125c 
NOR2B_X2M_A9TL                7    20.160 sc9_cln65lp_base_lvt_ss_typical_max_0p90v_125c 
NOR2B_X3M_A9TL               13    46.800 sc9_cln65lp_base_lvt_ss_typical_max_0p90v_125c 
NOR2B_X4M_A9TL                5    21.600 sc9_cln65lp_base_lvt_ss_typical_max_0p90v_125c 
NOR2B_X4M_A9TR                1     4.320 sc9_cln65lp_base_rvt_ss_typical_max_0p90v_125c 
NOR2B_X6M_A9TL                9    61.560 sc9_cln65lp_base_lvt_ss_typical_max_0p90v_125c 
NOR2B_X8M_A9TL               12    99.360 sc9_cln65lp_base_lvt_ss_typical_max_0p90v_125c 
NOR2XB_X0P5M_A9TL             2     4.320 sc9_cln65lp_base_lvt_ss_typical_max_0p90v_125c 
NOR2XB_X0P7M_A9TL             4     8.640 sc9_cln65lp_base_lvt_ss_typical_max_0p90v_125c 
NOR2XB_X1M_A9TL              22    47.520 sc9_cln65lp_base_lvt_ss_typical_max_0p90v_125c 
NOR2XB_X1P4M_A9TL             1     2.880 sc9_cln65lp_base_lvt_ss_typical_max_0p90v_125c 
NOR2XB_X2M_A9TL              85   244.800 sc9_cln65lp_base_lvt_ss_typical_max_0p90v_125c 
NOR2XB_X3M_A9TL              73   262.800 sc9_cln65lp_base_lvt_ss_typical_max_0p90v_125c 
NOR2XB_X4M_A9TL              20    86.400 sc9_cln65lp_base_lvt_ss_typical_max_0p90v_125c 
NOR2XB_X4M_A9TR               1     4.320 sc9_cln65lp_base_rvt_ss_typical_max_0p90v_125c 
NOR2XB_X6M_A9TL              36   233.280 sc9_cln65lp_base_lvt_ss_typical_max_0p90v_125c 
NOR2XB_X6M_A9TR               2    12.960 sc9_cln65lp_base_rvt_ss_typical_max_0p90v_125c 
NOR2XB_X8M_A9TL              67   554.760 sc9_cln65lp_base_lvt_ss_typical_max_0p90v_125c 
NOR2XB_X8M_A9TR               1     8.280 sc9_cln65lp_base_rvt_ss_typical_max_0p90v_125c 
NOR2_X0P7B_A9TL               1     1.440 sc9_cln65lp_base_lvt_ss_typical_max_0p90v_125c 
NOR2_X1A_A9TL               145   208.800 sc9_cln65lp_base_lvt_ss_typical_max_0p90v_125c 
NOR2_X1B_A9TL               174   250.560 sc9_cln65lp_base_lvt_ss_typical_max_0p90v_125c 
NOR2_X1M_A9TL                94   135.360 sc9_cln65lp_base_lvt_ss_typical_max_0p90v_125c 
NOR2_X1P4A_A9TL              68   146.880 sc9_cln65lp_base_lvt_ss_typical_max_0p90v_125c 
NOR2_X1P4B_A9TL               9    19.440 sc9_cln65lp_base_lvt_ss_typical_max_0p90v_125c 
NOR2_X1P4M_A9TL              20    43.200 sc9_cln65lp_base_lvt_ss_typical_max_0p90v_125c 
NOR2_X1P4M_A9TR               1     2.160 sc9_cln65lp_base_rvt_ss_typical_max_0p90v_125c 
NOR2_X2A_A9TL               109   274.680 sc9_cln65lp_base_lvt_ss_typical_max_0p90v_125c 
NOR2_X2A_A9TR                 3     7.560 sc9_cln65lp_base_rvt_ss_typical_max_0p90v_125c 
NOR2_X2B_A9TL                13    32.760 sc9_cln65lp_base_lvt_ss_typical_max_0p90v_125c 
NOR2_X2B_A9TR                 1     2.520 sc9_cln65lp_base_rvt_ss_typical_max_0p90v_125c 
NOR2_X2M_A9TL                 6    15.120 sc9_cln65lp_base_lvt_ss_typical_max_0p90v_125c 
NOR2_X2M_A9TR                 2     5.040 sc9_cln65lp_base_rvt_ss_typical_max_0p90v_125c 
NOR2_X3A_A9TL                55   178.200 sc9_cln65lp_base_lvt_ss_typical_max_0p90v_125c 
NOR2_X3A_A9TR                 1     3.240 sc9_cln65lp_base_rvt_ss_typical_max_0p90v_125c 
NOR2_X3B_A9TL                 7    22.680 sc9_cln65lp_base_lvt_ss_typical_max_0p90v_125c 
NOR2_X3B_A9TR                 1     3.240 sc9_cln65lp_base_rvt_ss_typical_max_0p90v_125c 
NOR2_X3M_A9TL                 7    22.680 sc9_cln65lp_base_lvt_ss_typical_max_0p90v_125c 
NOR2_X3M_A9TR                 1     3.240 sc9_cln65lp_base_rvt_ss_typical_max_0p90v_125c 
NOR2_X4A_A9TL                34   134.640 sc9_cln65lp_base_lvt_ss_typical_max_0p90v_125c 
NOR2_X4B_A9TR                 1     3.960 sc9_cln65lp_base_rvt_ss_typical_max_0p90v_125c 
NOR2_X4M_A9TL                 7    27.720 sc9_cln65lp_base_lvt_ss_typical_max_0p90v_125c 
NOR2_X6A_A9TL                27   165.240 sc9_cln65lp_base_lvt_ss_typical_max_0p90v_125c 
NOR2_X6B_A9TL                 8    48.960 sc9_cln65lp_base_lvt_ss_typical_max_0p90v_125c 
NOR2_X6M_A9TL                 6    36.720 sc9_cln65lp_base_lvt_ss_typical_max_0p90v_125c 
NOR2_X8A_A9TL                17   128.520 sc9_cln65lp_base_lvt_ss_typical_max_0p90v_125c 
NOR2_X8A_A9TR                 1     7.560 sc9_cln65lp_base_rvt_ss_typical_max_0p90v_125c 
NOR2_X8B_A9TL                 7    52.920 sc9_cln65lp_base_lvt_ss_typical_max_0p90v_125c 
NOR2_X8M_A9TL                37   279.720 sc9_cln65lp_base_lvt_ss_typical_max_0p90v_125c 
NOR2_X8M_A9TR                 1     7.560 sc9_cln65lp_base_rvt_ss_typical_max_0p90v_125c 
NOR3_X1M_A9TL                 2     4.320 sc9_cln65lp_base_lvt_ss_typical_max_0p90v_125c 
NOR3_X2M_A9TL                 1     3.240 sc9_cln65lp_base_lvt_ss_typical_max_0p90v_125c 
NOR3_X3A_A9TL                 2     9.360 sc9_cln65lp_base_lvt_ss_typical_max_0p90v_125c 
NOR3_X4A_A9TL                 1     6.120 sc9_cln65lp_base_lvt_ss_typical_max_0p90v_125c 
NOR3_X4M_A9TL                 1     6.120 sc9_cln65lp_base_lvt_ss_typical_max_0p90v_125c 
OA211_X0P7M_A9TL              7    22.680 sc9_cln65lp_base_lvt_ss_typical_max_0p90v_125c 
OA211_X1M_A9TL                3    14.040 sc9_cln65lp_base_lvt_ss_typical_max_0p90v_125c 
OA211_X2M_A9TL                6    34.560 sc9_cln65lp_base_lvt_ss_typical_max_0p90v_125c 
OA211_X3M_A9TL                1     7.560 sc9_cln65lp_base_lvt_ss_typical_max_0p90v_125c 
OA211_X4M_A9TL                1    10.440 sc9_cln65lp_base_lvt_ss_typical_max_0p90v_125c 
OA21_X1M_A9TL                33    95.040 sc9_cln65lp_base_lvt_ss_typical_max_0p90v_125c 
OA21_X2M_A9TL                 2     9.360 sc9_cln65lp_base_lvt_ss_typical_max_0p90v_125c 
OA21_X4M_A9TL                 3    21.600 sc9_cln65lp_base_lvt_ss_typical_max_0p90v_125c 
OA21_X6M_A9TL                 5    50.400 sc9_cln65lp_base_lvt_ss_typical_max_0p90v_125c 
OA22_X1M_A9TL                12    38.880 sc9_cln65lp_base_lvt_ss_typical_max_0p90v_125c 
OA22_X1P4M_A9TL               1     5.040 sc9_cln65lp_base_lvt_ss_typical_max_0p90v_125c 
OAI211_X1M_A9TL             115   289.800 sc9_cln65lp_base_lvt_ss_typical_max_0p90v_125c 
OAI211_X1P4M_A9TL            12    47.520 sc9_cln65lp_base_lvt_ss_typical_max_0p90v_125c 
OAI211_X2M_A9TL              33   142.560 sc9_cln65lp_base_lvt_ss_typical_max_0p90v_125c 
OAI211_X3M_A9TL               7    42.840 sc9_cln65lp_base_lvt_ss_typical_max_0p90v_125c 
OAI211_X3M_A9TR               1     6.120 sc9_cln65lp_base_rvt_ss_typical_max_0p90v_125c 
OAI211_X4M_A9TL               4    30.240 sc9_cln65lp_base_lvt_ss_typical_max_0p90v_125c 
OAI21B_X0P7M_A9TL             1     2.880 sc9_cln65lp_base_lvt_ss_typical_max_0p90v_125c 
OAI21B_X1M_A9TL              15    43.200 sc9_cln65lp_base_lvt_ss_typical_max_0p90v_125c 
OAI21B_X1P4M_A9TL             1     3.600 sc9_cln65lp_base_lvt_ss_typical_max_0p90v_125c 
OAI21B_X2M_A9TL               1     4.320 sc9_cln65lp_base_lvt_ss_typical_max_0p90v_125c 
OAI21B_X4M_A9TL               1     7.200 sc9_cln65lp_base_lvt_ss_typical_max_0p90v_125c 
OAI21_X1M_A9TL               85   183.600 sc9_cln65lp_base_lvt_ss_typical_max_0p90v_125c 
OAI21_X1P4M_A9TL             23    74.520 sc9_cln65lp_base_lvt_ss_typical_max_0p90v_125c 
OAI21_X2M_A9TL               22    79.200 sc9_cln65lp_base_lvt_ss_typical_max_0p90v_125c 
OAI21_X3M_A9TL               36   168.480 sc9_cln65lp_base_lvt_ss_typical_max_0p90v_125c 
OAI21_X4M_A9TL               10    61.200 sc9_cln65lp_base_lvt_ss_typical_max_0p90v_125c 
OAI21_X4M_A9TR                1     6.120 sc9_cln65lp_base_rvt_ss_typical_max_0p90v_125c 
OAI21_X6M_A9TL               32   264.960 sc9_cln65lp_base_lvt_ss_typical_max_0p90v_125c 
OAI21_X6M_A9TR                1     8.280 sc9_cln65lp_base_rvt_ss_typical_max_0p90v_125c 
OAI21_X8M_A9TL                5    55.800 sc9_cln65lp_base_lvt_ss_typical_max_0p90v_125c 
OAI221_X1M_A9TL              22    71.280 sc9_cln65lp_base_lvt_ss_typical_max_0p90v_125c 
OAI221_X1P4M_A9TL             2    10.080 sc9_cln65lp_base_lvt_ss_typical_max_0p90v_125c 
OAI221_X2M_A9TL               2    11.520 sc9_cln65lp_base_lvt_ss_typical_max_0p90v_125c 
OAI222_X1M_A9TL               3    11.880 sc9_cln65lp_base_lvt_ss_typical_max_0p90v_125c 
OAI22_X1M_A9TL               14    35.280 sc9_cln65lp_base_lvt_ss_typical_max_0p90v_125c 
OAI22_X1P4M_A9TL              1     3.960 sc9_cln65lp_base_lvt_ss_typical_max_0p90v_125c 
OAI22_X2M_A9TL                2     8.640 sc9_cln65lp_base_lvt_ss_typical_max_0p90v_125c 
OAI2XB1_X0P5M_A9TL            8    20.160 sc9_cln65lp_base_lvt_ss_typical_max_0p90v_125c 
OAI2XB1_X1M_A9TL             37   106.560 sc9_cln65lp_base_lvt_ss_typical_max_0p90v_125c 
OAI2XB1_X1P4M_A9TL           27    97.200 sc9_cln65lp_base_lvt_ss_typical_max_0p90v_125c 
OAI2XB1_X2M_A9TL             31   133.920 sc9_cln65lp_base_lvt_ss_typical_max_0p90v_125c 
OAI2XB1_X3M_A9TL             26   149.760 sc9_cln65lp_base_lvt_ss_typical_max_0p90v_125c 
OAI2XB1_X4M_A9TL             40   302.400 sc9_cln65lp_base_lvt_ss_typical_max_0p90v_125c 
OAI2XB1_X6M_A9TL             36   336.960 sc9_cln65lp_base_lvt_ss_typical_max_0p90v_125c 
OAI2XB1_X8M_A9TL             26   336.960 sc9_cln65lp_base_lvt_ss_typical_max_0p90v_125c 
OAI31_X1M_A9TL               34    85.680 sc9_cln65lp_base_lvt_ss_typical_max_0p90v_125c 
OR2_X0P5M_A9TL              131   235.800 sc9_cln65lp_base_lvt_ss_typical_max_0p90v_125c 
OR2_X0P7M_A9TL                1     2.160 sc9_cln65lp_base_lvt_ss_typical_max_0p90v_125c 
OR2_X11M_A9TL                16   201.600 sc9_cln65lp_base_lvt_ss_typical_max_0p90v_125c 
OR2_X1M_A9TL                 57   123.120 sc9_cln65lp_base_lvt_ss_typical_max_0p90v_125c 
OR2_X1P4M_A9TL               25    63.000 sc9_cln65lp_base_lvt_ss_typical_max_0p90v_125c 
OR2_X2M_A9TL                 15    48.600 sc9_cln65lp_base_lvt_ss_typical_max_0p90v_125c 
OR2_X2M_A9TR                  2     6.480 sc9_cln65lp_base_rvt_ss_typical_max_0p90v_125c 
OR2_X3M_A9TL                 12    43.200 sc9_cln65lp_base_lvt_ss_typical_max_0p90v_125c 
OR2_X3M_A9TR                  9    32.400 sc9_cln65lp_base_rvt_ss_typical_max_0p90v_125c 
OR2_X4M_A9TL                 14    70.560 sc9_cln65lp_base_lvt_ss_typical_max_0p90v_125c 
OR2_X4M_A9TR                  3    15.120 sc9_cln65lp_base_rvt_ss_typical_max_0p90v_125c 
OR2_X6M_A9TL                  7    47.880 sc9_cln65lp_base_lvt_ss_typical_max_0p90v_125c 
OR2_X8M_A9TL                  9    84.240 sc9_cln65lp_base_lvt_ss_typical_max_0p90v_125c 
OR3_X0P5M_A9TL                4    10.080 sc9_cln65lp_base_lvt_ss_typical_max_0p90v_125c 
OR3_X1P4M_A9TL                5    19.800 sc9_cln65lp_base_lvt_ss_typical_max_0p90v_125c 
OR3_X2M_A9TL                  3    16.200 sc9_cln65lp_base_lvt_ss_typical_max_0p90v_125c 
OR3_X3M_A9TL                  1     6.840 sc9_cln65lp_base_lvt_ss_typical_max_0p90v_125c 
OR4_X1P4M_A9TL                2     7.920 sc9_cln65lp_base_lvt_ss_typical_max_0p90v_125c 
OR4_X2M_A9TL                  1     5.760 sc9_cln65lp_base_lvt_ss_typical_max_0p90v_125c 
OR4_X3M_A9TL                  2    13.680 sc9_cln65lp_base_lvt_ss_typical_max_0p90v_125c 
OR4_X4M_A9TL                  3    27.000 sc9_cln65lp_base_lvt_ss_typical_max_0p90v_125c 
OR4_X6M_A9TL                  3    39.960 sc9_cln65lp_base_lvt_ss_typical_max_0p90v_125c 
OR4_X8M_A9TL                  3    50.760 sc9_cln65lp_base_lvt_ss_typical_max_0p90v_125c 
OR6_X2M_A9TL                  1     9.720 sc9_cln65lp_base_lvt_ss_typical_max_0p90v_125c 
PREICG_X0P5B_A9TR             4    25.920 sc9_cln65lp_base_rvt_ss_typical_max_0p90v_125c 
SDFFRPQ_X1M_A9TL             56   584.640 sc9_cln65lp_base_lvt_ss_typical_max_0p90v_125c 
SDFFRPQ_X2M_A9TL              1    11.160 sc9_cln65lp_base_lvt_ss_typical_max_0p90v_125c 
XNOR2_X0P7M_A9TL             67   217.080 sc9_cln65lp_base_lvt_ss_typical_max_0p90v_125c 
XNOR2_X0P7M_A9TR              8    25.920 sc9_cln65lp_base_rvt_ss_typical_max_0p90v_125c 
XNOR2_X1M_A9TL               50   180.000 sc9_cln65lp_base_lvt_ss_typical_max_0p90v_125c 
XNOR2_X1P4M_A9TL              1     6.120 sc9_cln65lp_base_lvt_ss_typical_max_0p90v_125c 
XNOR2_X2M_A9TL               27   165.240 sc9_cln65lp_base_lvt_ss_typical_max_0p90v_125c 
XNOR2_X3M_A9TL               10    79.200 sc9_cln65lp_base_lvt_ss_typical_max_0p90v_125c 
XNOR2_X4M_A9TL               23   231.840 sc9_cln65lp_base_lvt_ss_typical_max_0p90v_125c 
XNOR3_X0P5M_A9TL             55   336.600 sc9_cln65lp_base_lvt_ss_typical_max_0p90v_125c 
XNOR3_X1M_A9TL               34   220.320 sc9_cln65lp_base_lvt_ss_typical_max_0p90v_125c 
XNOR3_X1P4M_A9TL             68   685.440 sc9_cln65lp_base_lvt_ss_typical_max_0p90v_125c 
XNOR3_X2M_A9TL                3    36.720 sc9_cln65lp_base_lvt_ss_typical_max_0p90v_125c 
XNOR3_X3M_A9TL               11   154.440 sc9_cln65lp_base_lvt_ss_typical_max_0p90v_125c 
XNOR3_X4M_A9TL               50   918.000 sc9_cln65lp_base_lvt_ss_typical_max_0p90v_125c 
XOR2_X0P7M_A9TL             142   460.080 sc9_cln65lp_base_lvt_ss_typical_max_0p90v_125c 
XOR2_X1M_A9TL                44   158.400 sc9_cln65lp_base_lvt_ss_typical_max_0p90v_125c 
XOR2_X2M_A9TL                56   342.720 sc9_cln65lp_base_lvt_ss_typical_max_0p90v_125c 
XOR2_X3M_A9TL                19   150.480 sc9_cln65lp_base_lvt_ss_typical_max_0p90v_125c 
XOR2_X4M_A9TL                31   312.480 sc9_cln65lp_base_lvt_ss_typical_max_0p90v_125c 
XOR3_X0P5M_A9TL              25   153.000 sc9_cln65lp_base_lvt_ss_typical_max_0p90v_125c 
XOR3_X1M_A9TL                90   583.200 sc9_cln65lp_base_lvt_ss_typical_max_0p90v_125c 
XOR3_X1P4M_A9TL              11   110.880 sc9_cln65lp_base_lvt_ss_typical_max_0p90v_125c 
XOR3_X3M_A9TL                 8   112.320 sc9_cln65lp_base_lvt_ss_typical_max_0p90v_125c 
XOR3_X4M_A9TL                 7   128.520 sc9_cln65lp_base_lvt_ss_typical_max_0p90v_125c 
-----------------------------------------------------------------------------------------
total                     13850 57976.560                                                
                                                                               
                    Library                    Instances    Area   Instances % 
-------------------------------------------------------------------------------
sc9_cln65lp_base_hvt_ss_typical_max_0p90v_125c        53    75.240         0.4 
sc9_cln65lp_base_lvt_ss_typical_max_0p90v_125c     13620 57273.120        98.3 
sc9_cln65lp_base_rvt_ss_typical_max_0p90v_125c       177   628.200         1.3 
                                                        
            Type             Instances    Area   Area % 
--------------------------------------------------------
sequential                        1341 11260.800   19.4 
inverter                          2439  4540.680    7.8 
buffer                             458  1140.120    2.0 
clock_gating_integrated_cell         4    25.920    0.0 
logic                             9608 41009.040   70.7 
physical_cells                       0     0.000    0.0 
--------------------------------------------------------
total                            13850 57976.560  100.0 
