============================================================
  Generated by:           Genus(TM) Synthesis Solution 25.12-s067_1
  Generated on:           Apr 12 2026  05:48:28 pm
  Module:                 transformer_core_top
  Operating conditions:   ss_typical_max_0p90v_125c (balanced_tree)
  Wireload mode:          top
  Area mode:              timing library
============================================================

Timing
--------

Clock Period 
-------------
clk   3000.0 


        Cost          Critical              Violating 
       Group         Path Slack     TNS       Paths   
------------------------------------------------------
cg_enable_group_clk      1125.2        0.0          0 
clk                    No paths        0.0            
default                No paths        0.0            
in2out                 No paths        0.0            
in2reg                     55.9        0.0          0 
reg2out                   742.5        0.0          0 
reg2reg                  -519.8   -36782.2        119 
------------------------------------------------------
Total                             -36782.2        119 

Instance Count
--------------
Leaf Instance Count             12381 
Physical Instance count             0 
Sequential Instance Count        1788 
Combinational Instance Count    10593 
Hierarchical Instance Count        49 

Area
----
Cell Area                          51968.520
Physical Cell Area                 0.000
Total Cell Area (Cell+Physical)    51968.520
Net Area                           0.000
Total Area (Cell+Physical+Net)     51968.520

Max Fanout                         1348 (clk)
Min Fanout                         0 (dp_in_valid)
Average Fanout                     2.1
Terms to net ratio                 3.1987
Terms to instance ratio            3.3118
Runtime                            704.8282430000006 seconds
Elapsed Runtime                    742 seconds
Genus peak memory usage            2834.96 
Innovus peak memory usage          no_value 
Hostname                           enicsw11.local
