============================================================
  Generated by:           Genus(TM) Synthesis Solution 25.12-s067_1
  Generated on:           Apr 12 2026  05:48:23 pm
  Module:                 transformer_core_top
  Operating conditions:   ss_typical_max_0p90v_125c (balanced_tree)
  Wireload mode:          top
  Area mode:              timing library
============================================================

         Instance                              Module                     Cell-Count  Cell-Area  Net-Area   Total-Area  Wireload  
----------------------------------------------------------------------------------------------------------------------------------
transformer_core_top       NA                                                  12381  51968.520     0.000    51968.520 Small (D)  
  u_ctrl                   transformer_core_ctrl_MAX_LATENCY2                    129    477.360     0.000      477.360 Small (T)  
  u_datapath               transformer_core_datapath_N8_W8_ACC_W32_FRAC4       12252  51491.160     0.000    51491.160 Small (T)  
    u_alpha_stab           alpha_stabilizer_N8_W8                               1312   4298.040     0.000     4298.040 Small (T)  
    u_mac_engine           vec_mul_N8_W8_ACC_W32                                4379  16931.160     0.000    16931.160 Small (T)  
    u_piped_max            piped_max_NUM_INPUTS8_DATA_WIDTH8                     184    838.440     0.000      838.440 Small (T)  
    u_scalar_sub           scalar_sub_NUM_INPUTS8_DATA_WIDTH8                    716   3305.880     0.000     3305.880 Small (T)  
    u_tr_array             tr_hetero_array_N8                                   2618  10764.360     0.000    10764.360 Small (T)  
      GEN_LANES[1].u_exp_i tr_exp_alu_WIDTH8_FRAC_W4_LUT_IDX_W3_538               20     50.040     0.000       50.040 Small (T)  
        u_quad             quadratic_divider_WIDTH8_FRAC_W4_3722                   5      8.640     0.000        8.640 Small (T)  
        u_round            round_WIDTH8_FRAC_W4_LUT_IDX_W3_531                     9     20.880     0.000       20.880 Small (T)  
      GEN_LANES[1].u_ln_i  tr_ln_WIDTH8_BITS4_OUT_WIDTH8_545                     102    417.960     0.000      417.960 Small (T)  
      GEN_LANES[2].u_exp_i tr_exp_alu_WIDTH8_FRAC_W4_LUT_IDX_W3_537               20     50.040     0.000       50.040 Small (T)  
        u_quad             quadratic_divider_WIDTH8_FRAC_W4_3721                   5      8.640     0.000        8.640 Small (T)  
        u_round            round_WIDTH8_FRAC_W4_LUT_IDX_W3_530                     9     20.880     0.000       20.880 Small (T)  
      GEN_LANES[2].u_ln_i  tr_ln_WIDTH8_BITS4_OUT_WIDTH8_544                     102    465.840     0.000      465.840 Small (T)  
      GEN_LANES[3].u_exp_i tr_exp_alu_WIDTH8_FRAC_W4_LUT_IDX_W3_536               20     50.040     0.000       50.040 Small (T)  
        u_quad             quadratic_divider_WIDTH8_FRAC_W4_3720                   5      8.640     0.000        8.640 Small (T)  
        u_round            round_WIDTH8_FRAC_W4_LUT_IDX_W3_529                     9     20.880     0.000       20.880 Small (T)  
      GEN_LANES[3].u_ln_i  tr_ln_WIDTH8_BITS4_OUT_WIDTH8_543                     126    608.040     0.000      608.040 Small (T)  
      GEN_LANES[4].u_exp_i tr_exp_alu_WIDTH8_FRAC_W4_LUT_IDX_W3_535               20     50.040     0.000       50.040 Small (T)  
        u_quad             quadratic_divider_WIDTH8_FRAC_W4_3719                   5      8.640     0.000        8.640 Small (T)  
        u_round            round_WIDTH8_FRAC_W4_LUT_IDX_W3_528                     9     20.880     0.000       20.880 Small (T)  
      GEN_LANES[4].u_ln_i  tr_ln_WIDTH8_BITS4_OUT_WIDTH8_542                     121    647.640     0.000      647.640 Small (T)  
      GEN_LANES[5].u_exp_i tr_exp_alu_WIDTH8_FRAC_W4_LUT_IDX_W3_534               20     50.040     0.000       50.040 Small (T)  
        u_quad             quadratic_divider_WIDTH8_FRAC_W4_3718                   5      8.640     0.000        8.640 Small (T)  
        u_round            round_WIDTH8_FRAC_W4_LUT_IDX_W3_527                     9     20.880     0.000       20.880 Small (T)  
      GEN_LANES[5].u_ln_i  tr_ln_WIDTH8_BITS4_OUT_WIDTH8_541                     110    528.840     0.000      528.840 Small (T)  
      GEN_LANES[6].u_exp_i tr_exp_alu_WIDTH8_FRAC_W4_LUT_IDX_W3_533               20     50.040     0.000       50.040 Small (T)  
        u_quad             quadratic_divider_WIDTH8_FRAC_W4_3717                   5      8.640     0.000        8.640 Small (T)  
        u_round            round_WIDTH8_FRAC_W4_LUT_IDX_W3_526                     9     20.880     0.000       20.880 Small (T)  
      GEN_LANES[6].u_ln_i  tr_ln_WIDTH8_BITS4_OUT_WIDTH8_540                     107    475.200     0.000      475.200 Small (T)  
      GEN_LANES[7].u_exp_i tr_exp_alu_WIDTH8_FRAC_W4_LUT_IDX_W3_532               20     50.040     0.000       50.040 Small (T)  
        u_quad             quadratic_divider_WIDTH8_FRAC_W4_3716                   5      8.640     0.000        8.640 Small (T)  
        u_round            round_WIDTH8_FRAC_W4_LUT_IDX_W3_525                     9     20.880     0.000       20.880 Small (T)  
      GEN_LANES[7].u_ln_i  tr_ln_WIDTH8_BITS4_OUT_WIDTH8_539                     106    495.720     0.000      495.720 Small (T)  
      u_exp_0_20b          tr_exp_alu_WIDTH20_FRAC_W8_LUT_IDX_W4                 168    556.200     0.000      556.200 Small (T)  
        u_quad             quadratic_divider_WIDTH20_FRAC_W8                     123    422.640     0.000      422.640 Small (T)  
        u_round            round_WIDTH20_FRAC_W8_LUT_IDX_W4                       11     25.200     0.000       25.200 Small (T)  
      u_exp_0_8b           tr_exp_alu_WIDTH8_FRAC_W4_LUT_IDX_W3                   22     50.760     0.000       50.760 Small (T)  
        u_quad             quadratic_divider_WIDTH8_FRAC_W4                        5      8.640     0.000        8.640 Small (T)  
        u_round            round_WIDTH8_FRAC_W4_LUT_IDX_W3                        11     21.600     0.000       21.600 Small (T)  
      u_ln_0_20b           tr_ln_WIDTH20_BITS8_OUT_WIDTH20                       457   2058.120     0.000     2058.120 Small (T)  
      u_ln_0_8b            tr_ln_WIDTH8_BITS4_OUT_WIDTH8                         100    481.680     0.000      481.680 Small (T)  
      u_lut_20b            q12_8_lut                                              39     69.840     0.000       69.840 Small (T)  
      u_shared_rom         shared_lut_rom_N8                                      58    117.360     0.000      117.360 Small (T)  
  (D) = wireload is default in technology library
  (T) = wireload mode is 'top'
