============================================================
  Generated by:           Genus(TM) Synthesis Solution 25.12-s067_1
  Generated on:           Apr 11 2026  02:56:50 pm
  Module:                 transformer_core_top
  Operating conditions:   ss_typical_max_0p90v_125c (balanced_tree)
  Wireload mode:          top
  Area mode:              timing library
============================================================

Max_transition design rule (violation total = 186)
Pin                                                         Slew           Max     Violation
----------------------------------------------------------------------------------------------
u_datapath/g3/CI                                             384           350            34
  --> Other violations on net                                        138
u_datapath/WALLACE_CSA_DUMMY_OP_groupi_g5173/A               384           350            34
  --> Other violations on net                                        138
u_datapath/WALLACE_CSA_DUMMY_OP_groupi_g4997/S0              384           350            34
  --> Other violations on net                                        138
u_datapath/u_tr_array/g4354/B0                               384           350            34
  --> Other violations on net                                        138
u_datapath/u_tr_array/u_exp_0_20b/g784/Y                     384           350            34
  --> Other violations on net                                        138
u_datapath/u_tr_array/g2/A                                   351           350             1
  --> Other violations on net                                        13
u_datapath/u_tr_array/g4383/B                                351           350             1
  --> Other violations on net                                        13
u_datapath/u_tr_array/g4382/B                                351           350             1
  --> Other violations on net                                        13
u_datapath/u_tr_array/g4381/B                                351           350             1
  --> Other violations on net                                        13
u_datapath/u_tr_array/g4380/B                                351           350             1
  --> Other violations on net                                        13
u_datapath/u_tr_array/g4379/B                                351           350             1
  --> Other violations on net                                        13
u_datapath/u_tr_array/g4378/B                                351           350             1
  --> Other violations on net                                        13
u_datapath/u_tr_array/g4377/B                                351           350             1
  --> Other violations on net                                        13
u_datapath/u_tr_array/g4366/B                                351           350             1
  --> Other violations on net                                        13
u_datapath/u_tr_array/g4362/B                                351           350             1
  --> Other violations on net                                        13
u_datapath/u_tr_array/g4361/B                                351           350             1
  --> Other violations on net                                        13
u_datapath/u_tr_array/g4360/B                                351           350             1
  --> Other violations on net                                        13
u_datapath/u_tr_array/g4359/B                                351           350             1
  --> Other violations on net                                        13
u_datapath/u_tr_array/g4358/B                                351           350             1
  --> Other violations on net                                        13
u_datapath/u_tr_array/g4356/B                                351           350             1
  --> Other violations on net                                        13
u_datapath/u_tr_array/g4357/B                                351           350             1
  --> Other violations on net                                        13
u_datapath/u_tr_array/g3480/Y                                351           350             1
  --> Other violations on net                                        13


Max_capacitance design rule: no violations.


Max_fanout design rule: no violations.



