============================================================
  Generated by:           Genus(TM) Synthesis Solution 25.12-s067_1
  Generated on:           Apr 11 2026  02:56:50 pm
  Module:                 transformer_core_top
  Operating conditions:   ss_typical_max_0p90v_125c (balanced_tree)
  Wireload mode:          top
  Area mode:              timing library
============================================================

Timing
--------

Clock Period 
-------------
clk   5000.0 


        Cost          Critical         Violating 
       Group         Path Slack  TNS     Paths   
-------------------------------------------------
cg_enable_group_clk      3095.4   0.0          0 
clk                    No paths   0.0            
default                No paths   0.0            
in2out                 No paths   0.0            
in2reg                   1233.5   0.0          0 
reg2out                  2479.7   0.0          0 
reg2reg                     0.4   0.0          0 
-------------------------------------------------
Total                             0.0          0 

Instance Count
--------------
Leaf Instance Count             9742 
Physical Instance count            0 
Sequential Instance Count       1345 
Combinational Instance Count    8397 
Hierarchical Instance Count       49 

Area
----
Cell Area                          39444.840
Physical Cell Area                 0.000
Total Cell Area (Cell+Physical)    39444.840
Net Area                           0.000
Total Area (Cell+Physical+Net)     39444.840

Max Fanout                         905 (clk)
Min Fanout                         0 (dp_in_valid)
Average Fanout                     2.2
Terms to net ratio                 3.2107
Terms to instance ratio            3.4500
Runtime                            645.4137600000001 seconds
Elapsed Runtime                    679 seconds
Genus peak memory usage            2797.08 
Innovus peak memory usage          no_value 
Hostname                           enicsw11.local
