============================================================
  Generated by:           Genus(TM) Synthesis Solution 25.12-s067_1
  Generated on:           Apr 11 2026  02:56:46 pm
  Operating conditions:   ss_typical_max_0p90v_125c (balanced_tree)
  Wireload mode:          top
  Area mode:              timing library
============================================================

                                                                                        
        Gate         Instances    Area                       Library                    
----------------------------------------------------------------------------------------
A2DFFQN_X0P5M_A9TL           3    21.600 sc9_cln65lp_base_lvt_ss_typical_max_0p90v_125c 
A2DFFQ_X0P5M_A9TL          203  1461.600 sc9_cln65lp_base_lvt_ss_typical_max_0p90v_125c 
A2DFFQ_X1M_A9TL             71   536.760 sc9_cln65lp_base_lvt_ss_typical_max_0p90v_125c 
A2DFFQ_X2M_A9TL              4    33.120 sc9_cln65lp_base_lvt_ss_typical_max_0p90v_125c 
A2DFFQ_X3M_A9TL              7    60.480 sc9_cln65lp_base_lvt_ss_typical_max_0p90v_125c 
ADDFH_X1M_A9TL               7    78.120 sc9_cln65lp_base_lvt_ss_typical_max_0p90v_125c 
ADDFH_X2M_A9TL               8    95.040 sc9_cln65lp_base_lvt_ss_typical_max_0p90v_125c 
ADDF_X1M_A9TL              544  4308.480 sc9_cln65lp_base_lvt_ss_typical_max_0p90v_125c 
ADDF_X1P4M_A9TL              1     9.360 sc9_cln65lp_base_lvt_ss_typical_max_0p90v_125c 
ADDF_X2M_A9TL                2    18.720 sc9_cln65lp_base_lvt_ss_typical_max_0p90v_125c 
ADDH_X1M_A9TL               27   126.360 sc9_cln65lp_base_lvt_ss_typical_max_0p90v_125c 
AND2_X11M_A9TL               1    11.160 sc9_cln65lp_base_lvt_ss_typical_max_0p90v_125c 
AND2_X1M_A9TL              170   306.000 sc9_cln65lp_base_lvt_ss_typical_max_0p90v_125c 
AND2_X2M_A9TL               38    95.760 sc9_cln65lp_base_lvt_ss_typical_max_0p90v_125c 
AND2_X3M_A9TL               42   166.320 sc9_cln65lp_base_lvt_ss_typical_max_0p90v_125c 
AND2_X4M_A9TL               19    82.080 sc9_cln65lp_base_lvt_ss_typical_max_0p90v_125c 
AND2_X6M_A9TL                9    55.080 sc9_cln65lp_base_lvt_ss_typical_max_0p90v_125c 
AND2_X8M_A9TL                3    23.760 sc9_cln65lp_base_lvt_ss_typical_max_0p90v_125c 
AND3_X1M_A9TL                1     2.520 sc9_cln65lp_base_lvt_ss_typical_max_0p90v_125c 
AND3_X4M_A9TL                1     6.480 sc9_cln65lp_base_lvt_ss_typical_max_0p90v_125c 
AND4_X0P5M_A9TL              2     5.760 sc9_cln65lp_base_lvt_ss_typical_max_0p90v_125c 
AND4_X1P4M_A9TL              1     6.120 sc9_cln65lp_base_lvt_ss_typical_max_0p90v_125c 
AO1B2_X1M_A9TL              39    98.280 sc9_cln65lp_base_lvt_ss_typical_max_0p90v_125c 
AO1B2_X2M_A9TL              19    68.400 sc9_cln65lp_base_lvt_ss_typical_max_0p90v_125c 
AO1B2_X3M_A9TL               2    10.800 sc9_cln65lp_base_lvt_ss_typical_max_0p90v_125c 
AO1B2_X4M_A9TL              16    97.920 sc9_cln65lp_base_lvt_ss_typical_max_0p90v_125c 
AO21B_X1M_A9TL              64   161.280 sc9_cln65lp_base_lvt_ss_typical_max_0p90v_125c 
AO21B_X2M_A9TL              44   158.400 sc9_cln65lp_base_lvt_ss_typical_max_0p90v_125c 
AO21B_X3M_A9TL              17    91.800 sc9_cln65lp_base_lvt_ss_typical_max_0p90v_125c 
AO21B_X4M_A9TL               9    55.080 sc9_cln65lp_base_lvt_ss_typical_max_0p90v_125c 
AO21B_X6M_A9TL               2    18.000 sc9_cln65lp_base_lvt_ss_typical_max_0p90v_125c 
AO21_X1M_A9TL               23    66.240 sc9_cln65lp_base_lvt_ss_typical_max_0p90v_125c 
AO21_X2M_A9TL                2     9.360 sc9_cln65lp_base_lvt_ss_typical_max_0p90v_125c 
AO21_X6M_A9TL                1    10.800 sc9_cln65lp_base_lvt_ss_typical_max_0p90v_125c 
AO22_X1M_A9TL               28    90.720 sc9_cln65lp_base_lvt_ss_typical_max_0p90v_125c 
AOI211_X1M_A9TL             47   118.440 sc9_cln65lp_base_lvt_ss_typical_max_0p90v_125c 
AOI211_X2M_A9TL              3    12.960 sc9_cln65lp_base_lvt_ss_typical_max_0p90v_125c 
AOI211_X3M_A9TL              2    11.520 sc9_cln65lp_base_lvt_ss_typical_max_0p90v_125c 
AOI21B_X1M_A9TL              6    17.280 sc9_cln65lp_base_lvt_ss_typical_max_0p90v_125c 
AOI21_X1M_A9TL             176   380.160 sc9_cln65lp_base_lvt_ss_typical_max_0p90v_125c 
AOI21_X2M_A9TL              37   133.200 sc9_cln65lp_base_lvt_ss_typical_max_0p90v_125c 
AOI21_X2M_A9TR               1     3.600 sc9_cln65lp_base_rvt_ss_typical_max_0p90v_125c 
AOI21_X3M_A9TL              15    70.200 sc9_cln65lp_base_lvt_ss_typical_max_0p90v_125c 
AOI21_X4M_A9TL              13    79.560 sc9_cln65lp_base_lvt_ss_typical_max_0p90v_125c 
AOI21_X6M_A9TL              18   162.000 sc9_cln65lp_base_lvt_ss_typical_max_0p90v_125c 
AOI221_X1M_A9TL             37   119.880 sc9_cln65lp_base_lvt_ss_typical_max_0p90v_125c 
AOI222_X1M_A9TL             17    67.320 sc9_cln65lp_base_lvt_ss_typical_max_0p90v_125c 
AOI22_X1M_A9TL             140   352.800 sc9_cln65lp_base_lvt_ss_typical_max_0p90v_125c 
AOI22_X2M_A9TL              12    51.840 sc9_cln65lp_base_lvt_ss_typical_max_0p90v_125c 
AOI22_X4M_A9TL               1     8.280 sc9_cln65lp_base_lvt_ss_typical_max_0p90v_125c 
AOI2XB1_X0P7M_A9TL           4    11.520 sc9_cln65lp_base_lvt_ss_typical_max_0p90v_125c 
AOI2XB1_X1M_A9TL            42   120.960 sc9_cln65lp_base_lvt_ss_typical_max_0p90v_125c 
AOI2XB1_X2M_A9TL            22    95.040 sc9_cln65lp_base_lvt_ss_typical_max_0p90v_125c 
AOI2XB1_X3M_A9TL             4    23.040 sc9_cln65lp_base_lvt_ss_typical_max_0p90v_125c 
AOI2XB1_X4M_A9TL            10    75.600 sc9_cln65lp_base_lvt_ss_typical_max_0p90v_125c 
AOI2XB1_X6M_A9TL             1    10.440 sc9_cln65lp_base_lvt_ss_typical_max_0p90v_125c 
AOI31_X1M_A9TL               9    22.680 sc9_cln65lp_base_lvt_ss_typical_max_0p90v_125c 
AOI31_X2M_A9TL              45   194.400 sc9_cln65lp_base_lvt_ss_typical_max_0p90v_125c 
AOI31_X3M_A9TL               5    30.600 sc9_cln65lp_base_lvt_ss_typical_max_0p90v_125c 
AOI31_X6M_A9TL               1    11.880 sc9_cln65lp_base_lvt_ss_typical_max_0p90v_125c 
AOI32_X1M_A9TL              20    57.600 sc9_cln65lp_base_lvt_ss_typical_max_0p90v_125c 
AOI32_X3M_A9TL               1     7.560 sc9_cln65lp_base_lvt_ss_typical_max_0p90v_125c 
BUFH_X0P7M_A9TL              2     2.880 sc9_cln65lp_base_lvt_ss_typical_max_0p90v_125c 
BUFH_X0P7M_A9TR             10    14.400 sc9_cln65lp_base_rvt_ss_typical_max_0p90v_125c 
BUFH_X1M_A9TL               18    25.920 sc9_cln65lp_base_lvt_ss_typical_max_0p90v_125c 
BUFH_X1P4M_A9TL              1     2.160 sc9_cln65lp_base_lvt_ss_typical_max_0p90v_125c 
BUFH_X2M_A9TL                7    17.640 sc9_cln65lp_base_lvt_ss_typical_max_0p90v_125c 
BUFH_X2P5M_A9TL              1     2.880 sc9_cln65lp_base_lvt_ss_typical_max_0p90v_125c 
BUFH_X3M_A9TL                7    20.160 sc9_cln65lp_base_lvt_ss_typical_max_0p90v_125c 
BUFH_X4M_A9TL                2     7.920 sc9_cln65lp_base_lvt_ss_typical_max_0p90v_125c 
BUFH_X5M_A9TL                1     4.680 sc9_cln65lp_base_lvt_ss_typical_max_0p90v_125c 
BUFH_X6M_A9TL                3    16.200 sc9_cln65lp_base_lvt_ss_typical_max_0p90v_125c 
BUF_X0P7B_A9TL               1     1.440 sc9_cln65lp_base_lvt_ss_typical_max_0p90v_125c 
BUF_X1P2B_A9TL               6    10.800 sc9_cln65lp_base_lvt_ss_typical_max_0p90v_125c 
BUF_X2M_A9TL                21    45.360 sc9_cln65lp_base_lvt_ss_typical_max_0p90v_125c 
BUF_X3M_A9TL                 8    20.160 sc9_cln65lp_base_lvt_ss_typical_max_0p90v_125c 
BUF_X3P5M_A9TL               1     3.240 sc9_cln65lp_base_lvt_ss_typical_max_0p90v_125c 
BUF_X4M_A9TL                 6    21.600 sc9_cln65lp_base_lvt_ss_typical_max_0p90v_125c 
BUF_X5M_A9TL                10    39.600 sc9_cln65lp_base_lvt_ss_typical_max_0p90v_125c 
BUF_X6M_A9TL                 4    17.280 sc9_cln65lp_base_lvt_ss_typical_max_0p90v_125c 
CGENCIN_X1M_A9TL             2    14.400 sc9_cln65lp_base_lvt_ss_typical_max_0p90v_125c 
CGENCIN_X2M_A9TL             1    10.800 sc9_cln65lp_base_lvt_ss_typical_max_0p90v_125c 
CGENI_X1M_A9TL              33    95.040 sc9_cln65lp_base_lvt_ss_typical_max_0p90v_125c 
CGENI_X2M_A9TL              37   199.800 sc9_cln65lp_base_lvt_ss_typical_max_0p90v_125c 
CGEN_X1M_A9TL               60   216.000 sc9_cln65lp_base_lvt_ss_typical_max_0p90v_125c 
CGEN_X1M_A9TR                6    21.600 sc9_cln65lp_base_rvt_ss_typical_max_0p90v_125c 
CGEN_X2M_A9TL                4    15.840 sc9_cln65lp_base_lvt_ss_typical_max_0p90v_125c 
DFFQ_X1M_A9TL              162  1224.720 sc9_cln65lp_base_lvt_ss_typical_max_0p90v_125c 
DFFQ_X2M_A9TL              133  1101.240 sc9_cln65lp_base_lvt_ss_typical_max_0p90v_125c 
DFFRPQN_X1M_A9TL             3    24.840 sc9_cln65lp_base_lvt_ss_typical_max_0p90v_125c 
DFFRPQ_X1M_A9TL            627  5417.280 sc9_cln65lp_base_lvt_ss_typical_max_0p90v_125c 
DFFRPQ_X2M_A9TL              4    36.000 sc9_cln65lp_base_lvt_ss_typical_max_0p90v_125c 
DFFRPQ_X3M_A9TL             28   262.080 sc9_cln65lp_base_lvt_ss_typical_max_0p90v_125c 
DFFRPQ_X4M_A9TL             44   443.520 sc9_cln65lp_base_lvt_ss_typical_max_0p90v_125c 
INV_X0P5M_A9TL               2     2.160 sc9_cln65lp_base_lvt_ss_typical_max_0p90v_125c 
INV_X0P7M_A9TH               1     1.080 sc9_cln65lp_base_hvt_ss_typical_max_0p90v_125c 
INV_X0P8M_A9TL               3     3.240 sc9_cln65lp_base_lvt_ss_typical_max_0p90v_125c 
INV_X11M_A9TL                5    28.800 sc9_cln65lp_base_lvt_ss_typical_max_0p90v_125c 
INV_X1B_A9TL                 7     7.560 sc9_cln65lp_base_lvt_ss_typical_max_0p90v_125c 
INV_X1M_A9TL               462   498.960 sc9_cln65lp_base_lvt_ss_typical_max_0p90v_125c 
INV_X2B_A9TL                26    37.440 sc9_cln65lp_base_lvt_ss_typical_max_0p90v_125c 
INV_X2M_A9TL               253   364.320 sc9_cln65lp_base_lvt_ss_typical_max_0p90v_125c 
INV_X3M_A9TL                80   172.800 sc9_cln65lp_base_lvt_ss_typical_max_0p90v_125c 
INV_X4B_A9TL                 1     2.520 sc9_cln65lp_base_lvt_ss_typical_max_0p90v_125c 
INV_X4M_A9TL                99   249.480 sc9_cln65lp_base_lvt_ss_typical_max_0p90v_125c 
INV_X5M_A9TL                41   118.080 sc9_cln65lp_base_lvt_ss_typical_max_0p90v_125c 
INV_X6B_A9TL                 2     7.200 sc9_cln65lp_base_lvt_ss_typical_max_0p90v_125c 
INV_X6M_A9TL                25    90.000 sc9_cln65lp_base_lvt_ss_typical_max_0p90v_125c 
INV_X7P5M_A9TL              13    56.160 sc9_cln65lp_base_lvt_ss_typical_max_0p90v_125c 
INV_X9M_A9TL                 4    18.720 sc9_cln65lp_base_lvt_ss_typical_max_0p90v_125c 
MX2_X2M_A9TL                 1     5.400 sc9_cln65lp_base_lvt_ss_typical_max_0p90v_125c 
MX2_X3M_A9TL                 2    16.560 sc9_cln65lp_base_lvt_ss_typical_max_0p90v_125c 
MXIT2_X0P5M_A9TL             1     3.240 sc9_cln65lp_base_lvt_ss_typical_max_0p90v_125c 
MXIT2_X1M_A9TL              33   118.800 sc9_cln65lp_base_lvt_ss_typical_max_0p90v_125c 
MXIT2_X2M_A9TL              52   336.960 sc9_cln65lp_base_lvt_ss_typical_max_0p90v_125c 
MXIT2_X3M_A9TL              96   725.760 sc9_cln65lp_base_lvt_ss_typical_max_0p90v_125c 
MXIT2_X4M_A9TL               2    20.160 sc9_cln65lp_base_lvt_ss_typical_max_0p90v_125c 
MXT2_X0P5M_A9TL              3    10.800 sc9_cln65lp_base_lvt_ss_typical_max_0p90v_125c 
MXT2_X0P7M_A9TL              3    10.800 sc9_cln65lp_base_lvt_ss_typical_max_0p90v_125c 
MXT2_X1M_A9TL                2     8.640 sc9_cln65lp_base_lvt_ss_typical_max_0p90v_125c 
MXT2_X1M_A9TR                2     8.640 sc9_cln65lp_base_rvt_ss_typical_max_0p90v_125c 
MXT2_X1P4M_A9TL              7    35.280 sc9_cln65lp_base_lvt_ss_typical_max_0p90v_125c 
MXT2_X3M_A9TL               15   124.200 sc9_cln65lp_base_lvt_ss_typical_max_0p90v_125c 
MXT2_X3M_A9TR                1     8.280 sc9_cln65lp_base_rvt_ss_typical_max_0p90v_125c 
MXT2_X4M_A9TL               22   213.840 sc9_cln65lp_base_lvt_ss_typical_max_0p90v_125c 
MXT2_X6M_A9TL                1    10.440 sc9_cln65lp_base_lvt_ss_typical_max_0p90v_125c 
NAND2B_X1M_A9TL             90   194.400 sc9_cln65lp_base_lvt_ss_typical_max_0p90v_125c 
NAND2B_X2M_A9TL             18    51.840 sc9_cln65lp_base_lvt_ss_typical_max_0p90v_125c 
NAND2B_X3M_A9TL              5    19.800 sc9_cln65lp_base_lvt_ss_typical_max_0p90v_125c 
NAND2B_X4M_A9TL              5    23.400 sc9_cln65lp_base_lvt_ss_typical_max_0p90v_125c 
NAND2B_X6M_A9TL              2    13.680 sc9_cln65lp_base_lvt_ss_typical_max_0p90v_125c 
NAND2B_X8M_A9TL              1     8.640 sc9_cln65lp_base_lvt_ss_typical_max_0p90v_125c 
NAND2XB_X1M_A9TL           118   254.880 sc9_cln65lp_base_lvt_ss_typical_max_0p90v_125c 
NAND2XB_X2M_A9TL            72   207.360 sc9_cln65lp_base_lvt_ss_typical_max_0p90v_125c 
NAND2XB_X3M_A9TL           105   415.800 sc9_cln65lp_base_lvt_ss_typical_max_0p90v_125c 
NAND2XB_X4M_A9TL            88   411.840 sc9_cln65lp_base_lvt_ss_typical_max_0p90v_125c 
NAND2XB_X6M_A9TL            49   335.160 sc9_cln65lp_base_lvt_ss_typical_max_0p90v_125c 
NAND2XB_X8M_A9TL            12   103.680 sc9_cln65lp_base_lvt_ss_typical_max_0p90v_125c 
NAND2_X1A_A9TL             451   649.440 sc9_cln65lp_base_lvt_ss_typical_max_0p90v_125c 
NAND2_X1B_A9TL             106   152.640 sc9_cln65lp_base_lvt_ss_typical_max_0p90v_125c 
NAND2_X1M_A9TL             650   936.000 sc9_cln65lp_base_lvt_ss_typical_max_0p90v_125c 
NAND2_X1P4M_A9TL            59   127.440 sc9_cln65lp_base_lvt_ss_typical_max_0p90v_125c 
NAND2_X2A_A9TL              93   234.360 sc9_cln65lp_base_lvt_ss_typical_max_0p90v_125c 
NAND2_X2B_A9TL               4    10.080 sc9_cln65lp_base_lvt_ss_typical_max_0p90v_125c 
NAND2_X2M_A9TL              13    32.760 sc9_cln65lp_base_lvt_ss_typical_max_0p90v_125c 
NAND2_X3A_A9TL             116   417.600 sc9_cln65lp_base_lvt_ss_typical_max_0p90v_125c 
NAND2_X3B_A9TL               2     7.200 sc9_cln65lp_base_lvt_ss_typical_max_0p90v_125c 
NAND2_X3M_A9TL              11    39.600 sc9_cln65lp_base_lvt_ss_typical_max_0p90v_125c 
NAND2_X4A_A9TL              16    69.120 sc9_cln65lp_base_lvt_ss_typical_max_0p90v_125c 
NAND2_X4B_A9TL              28   120.960 sc9_cln65lp_base_lvt_ss_typical_max_0p90v_125c 
NAND2_X4M_A9TL             126   498.960 sc9_cln65lp_base_lvt_ss_typical_max_0p90v_125c 
NAND2_X6A_A9TL              29   177.480 sc9_cln65lp_base_lvt_ss_typical_max_0p90v_125c 
NAND2_X6B_A9TL               1     6.120 sc9_cln65lp_base_lvt_ss_typical_max_0p90v_125c 
NAND2_X6M_A9TL              13    79.560 sc9_cln65lp_base_lvt_ss_typical_max_0p90v_125c 
NAND2_X8M_A9TL              46   347.760 sc9_cln65lp_base_lvt_ss_typical_max_0p90v_125c 
NAND3B_X1M_A9TL              1     2.520 sc9_cln65lp_base_lvt_ss_typical_max_0p90v_125c 
NAND3B_X1M_A9TR              1     2.520 sc9_cln65lp_base_rvt_ss_typical_max_0p90v_125c 
NAND3B_X2M_A9TL              2     7.920 sc9_cln65lp_base_lvt_ss_typical_max_0p90v_125c 
NAND3XXB_X1M_A9TL           43   108.360 sc9_cln65lp_base_lvt_ss_typical_max_0p90v_125c 
NAND3XXB_X1P4M_A9TL          3    10.800 sc9_cln65lp_base_lvt_ss_typical_max_0p90v_125c 
NAND3XXB_X2M_A9TL           22    87.120 sc9_cln65lp_base_lvt_ss_typical_max_0p90v_125c 
NAND3XXB_X3M_A9TL           11    55.440 sc9_cln65lp_base_lvt_ss_typical_max_0p90v_125c 
NAND3XXB_X4M_A9TL           26   159.120 sc9_cln65lp_base_lvt_ss_typical_max_0p90v_125c 
NAND3XXB_X6M_A9TL           17   153.000 sc9_cln65lp_base_lvt_ss_typical_max_0p90v_125c 
NAND3_X1A_A9TL              32    69.120 sc9_cln65lp_base_lvt_ss_typical_max_0p90v_125c 
NAND3_X1M_A9TL              12    25.920 sc9_cln65lp_base_lvt_ss_typical_max_0p90v_125c 
NAND3_X2A_A9TL               1     3.240 sc9_cln65lp_base_lvt_ss_typical_max_0p90v_125c 
NAND3_X2M_A9TL               5    16.200 sc9_cln65lp_base_lvt_ss_typical_max_0p90v_125c 
NAND3_X3M_A9TL              10    46.800 sc9_cln65lp_base_lvt_ss_typical_max_0p90v_125c 
NAND3_X4A_A9TL               2    11.520 sc9_cln65lp_base_lvt_ss_typical_max_0p90v_125c 
NAND3_X4M_A9TL               1     5.760 sc9_cln65lp_base_lvt_ss_typical_max_0p90v_125c 
NAND3_X6A_A9TL               9    71.280 sc9_cln65lp_base_lvt_ss_typical_max_0p90v_125c 
NAND3_X6M_A9TL               2    17.280 sc9_cln65lp_base_lvt_ss_typical_max_0p90v_125c 
NAND4B_X1P4M_A9TL            1     3.600 sc9_cln65lp_base_lvt_ss_typical_max_0p90v_125c 
NAND4XXXB_X1M_A9TL           4    11.520 sc9_cln65lp_base_lvt_ss_typical_max_0p90v_125c 
NAND4XXXB_X3M_A9TL           8    48.960 sc9_cln65lp_base_lvt_ss_typical_max_0p90v_125c 
NAND4_X1A_A9TL               8    20.160 sc9_cln65lp_base_lvt_ss_typical_max_0p90v_125c 
NAND4_X4A_A9TL               1     7.200 sc9_cln65lp_base_lvt_ss_typical_max_0p90v_125c 
NOR2B_X1M_A9TL             157   339.120 sc9_cln65lp_base_lvt_ss_typical_max_0p90v_125c 
NOR2B_X2M_A9TL               6    17.280 sc9_cln65lp_base_lvt_ss_typical_max_0p90v_125c 
NOR2B_X3M_A9TL               2     7.200 sc9_cln65lp_base_lvt_ss_typical_max_0p90v_125c 
NOR2B_X4M_A9TL               2     8.640 sc9_cln65lp_base_lvt_ss_typical_max_0p90v_125c 
NOR2B_X6M_A9TL               1     6.840 sc9_cln65lp_base_lvt_ss_typical_max_0p90v_125c 
NOR2XB_X0P5M_A9TL            8    17.280 sc9_cln65lp_base_lvt_ss_typical_max_0p90v_125c 
NOR2XB_X0P7M_A9TL            2     4.320 sc9_cln65lp_base_lvt_ss_typical_max_0p90v_125c 
NOR2XB_X1M_A9TL             25    54.000 sc9_cln65lp_base_lvt_ss_typical_max_0p90v_125c 
NOR2XB_X2M_A9TL             38   109.440 sc9_cln65lp_base_lvt_ss_typical_max_0p90v_125c 
NOR2XB_X3M_A9TL             25    90.000 sc9_cln65lp_base_lvt_ss_typical_max_0p90v_125c 
NOR2XB_X4M_A9TL             30   129.600 sc9_cln65lp_base_lvt_ss_typical_max_0p90v_125c 
NOR2XB_X6M_A9TL             28   181.440 sc9_cln65lp_base_lvt_ss_typical_max_0p90v_125c 
NOR2XB_X8M_A9TL             16   132.480 sc9_cln65lp_base_lvt_ss_typical_max_0p90v_125c 
NOR2_X1A_A9TL              152   218.880 sc9_cln65lp_base_lvt_ss_typical_max_0p90v_125c 
NOR2_X1B_A9TL              188   270.720 sc9_cln65lp_base_lvt_ss_typical_max_0p90v_125c 
NOR2_X1M_A9TL              125   180.000 sc9_cln65lp_base_lvt_ss_typical_max_0p90v_125c 
NOR2_X1P4A_A9TL             27    58.320 sc9_cln65lp_base_lvt_ss_typical_max_0p90v_125c 
NOR2_X1P4B_A9TL              2     4.320 sc9_cln65lp_base_lvt_ss_typical_max_0p90v_125c 
NOR2_X1P4M_A9TL              2     4.320 sc9_cln65lp_base_lvt_ss_typical_max_0p90v_125c 
NOR2_X2A_A9TL               44   110.880 sc9_cln65lp_base_lvt_ss_typical_max_0p90v_125c 
NOR2_X2B_A9TL                2     5.040 sc9_cln65lp_base_lvt_ss_typical_max_0p90v_125c 
NOR2_X2M_A9TL                3     7.560 sc9_cln65lp_base_lvt_ss_typical_max_0p90v_125c 
NOR2_X3A_A9TL               50   162.000 sc9_cln65lp_base_lvt_ss_typical_max_0p90v_125c 
NOR2_X3B_A9TL                2     6.480 sc9_cln65lp_base_lvt_ss_typical_max_0p90v_125c 
NOR2_X3M_A9TL                1     3.240 sc9_cln65lp_base_lvt_ss_typical_max_0p90v_125c 
NOR2_X4A_A9TL               58   229.680 sc9_cln65lp_base_lvt_ss_typical_max_0p90v_125c 
NOR2_X4B_A9TL                3    11.880 sc9_cln65lp_base_lvt_ss_typical_max_0p90v_125c 
NOR2_X4M_A9TL                6    23.760 sc9_cln65lp_base_lvt_ss_typical_max_0p90v_125c 
NOR2_X6A_A9TL               30   183.600 sc9_cln65lp_base_lvt_ss_typical_max_0p90v_125c 
NOR2_X6B_A9TL               15    91.800 sc9_cln65lp_base_lvt_ss_typical_max_0p90v_125c 
NOR2_X6M_A9TL                5    30.600 sc9_cln65lp_base_lvt_ss_typical_max_0p90v_125c 
NOR2_X8A_A9TL                5    37.800 sc9_cln65lp_base_lvt_ss_typical_max_0p90v_125c 
NOR2_X8B_A9TL                4    30.240 sc9_cln65lp_base_lvt_ss_typical_max_0p90v_125c 
NOR2_X8M_A9TL                6    45.360 sc9_cln65lp_base_lvt_ss_typical_max_0p90v_125c 
NOR3_X1M_A9TL                5    10.800 sc9_cln65lp_base_lvt_ss_typical_max_0p90v_125c 
NOR3_X2M_A9TL                1     3.240 sc9_cln65lp_base_lvt_ss_typical_max_0p90v_125c 
OA211_X0P7M_A9TL            14    45.360 sc9_cln65lp_base_lvt_ss_typical_max_0p90v_125c 
OA211_X2M_A9TL               6    34.560 sc9_cln65lp_base_lvt_ss_typical_max_0p90v_125c 
OA211_X3M_A9TL               7    52.920 sc9_cln65lp_base_lvt_ss_typical_max_0p90v_125c 
OA211_X4M_A9TL               3    31.320 sc9_cln65lp_base_lvt_ss_typical_max_0p90v_125c 
OA21_X1M_A9TL               26    74.880 sc9_cln65lp_base_lvt_ss_typical_max_0p90v_125c 
OA21_X1P4M_A9TL              1     3.960 sc9_cln65lp_base_lvt_ss_typical_max_0p90v_125c 
OA21_X2M_A9TL               10    46.800 sc9_cln65lp_base_lvt_ss_typical_max_0p90v_125c 
OA21_X4M_A9TL                1     7.200 sc9_cln65lp_base_lvt_ss_typical_max_0p90v_125c 
OA21_X6M_A9TL                1    10.080 sc9_cln65lp_base_lvt_ss_typical_max_0p90v_125c 
OA22_X1M_A9TL               32   103.680 sc9_cln65lp_base_lvt_ss_typical_max_0p90v_125c 
OAI211_X1M_A9TL            141   355.320 sc9_cln65lp_base_lvt_ss_typical_max_0p90v_125c 
OAI211_X1P4M_A9TL            5    19.800 sc9_cln65lp_base_lvt_ss_typical_max_0p90v_125c 
OAI211_X2M_A9TL             15    64.800 sc9_cln65lp_base_lvt_ss_typical_max_0p90v_125c 
OAI211_X3M_A9TL              5    30.600 sc9_cln65lp_base_lvt_ss_typical_max_0p90v_125c 
OAI211_X4M_A9TL              1     7.560 sc9_cln65lp_base_lvt_ss_typical_max_0p90v_125c 
OAI21B_X1M_A9TL             17    48.960 sc9_cln65lp_base_lvt_ss_typical_max_0p90v_125c 
OAI21_X1M_A9TL              83   179.280 sc9_cln65lp_base_lvt_ss_typical_max_0p90v_125c 
OAI21_X1P4M_A9TL            12    38.880 sc9_cln65lp_base_lvt_ss_typical_max_0p90v_125c 
OAI21_X2M_A9TL              14    50.400 sc9_cln65lp_base_lvt_ss_typical_max_0p90v_125c 
OAI21_X3M_A9TL              23   107.640 sc9_cln65lp_base_lvt_ss_typical_max_0p90v_125c 
OAI21_X4M_A9TL               1     6.120 sc9_cln65lp_base_lvt_ss_typical_max_0p90v_125c 
OAI21_X6M_A9TL               8    66.240 sc9_cln65lp_base_lvt_ss_typical_max_0p90v_125c 
OAI21_X8M_A9TL               8    89.280 sc9_cln65lp_base_lvt_ss_typical_max_0p90v_125c 
OAI221_X1M_A9TL              9    29.160 sc9_cln65lp_base_lvt_ss_typical_max_0p90v_125c 
OAI221_X2M_A9TL              2    11.520 sc9_cln65lp_base_lvt_ss_typical_max_0p90v_125c 
OAI222_X1M_A9TL              2     7.920 sc9_cln65lp_base_lvt_ss_typical_max_0p90v_125c 
OAI22_X1M_A9TL              42   105.840 sc9_cln65lp_base_lvt_ss_typical_max_0p90v_125c 
OAI22_X1P4M_A9TL             5    19.800 sc9_cln65lp_base_lvt_ss_typical_max_0p90v_125c 
OAI22_X2M_A9TR               1     4.320 sc9_cln65lp_base_rvt_ss_typical_max_0p90v_125c 
OAI22_X3M_A9TL               3    18.360 sc9_cln65lp_base_lvt_ss_typical_max_0p90v_125c 
OAI22_X4M_A9TL               1     8.280 sc9_cln65lp_base_lvt_ss_typical_max_0p90v_125c 
OAI22_X6M_A9TL               1    11.160 sc9_cln65lp_base_lvt_ss_typical_max_0p90v_125c 
OAI2XB1_X0P5M_A9TL          34    85.680 sc9_cln65lp_base_lvt_ss_typical_max_0p90v_125c 
OAI2XB1_X1M_A9TL            20    57.600 sc9_cln65lp_base_lvt_ss_typical_max_0p90v_125c 
OAI2XB1_X1P4M_A9TL          15    54.000 sc9_cln65lp_base_lvt_ss_typical_max_0p90v_125c 
OAI2XB1_X2M_A9TL            15    64.800 sc9_cln65lp_base_lvt_ss_typical_max_0p90v_125c 
OAI2XB1_X3M_A9TL            18   103.680 sc9_cln65lp_base_lvt_ss_typical_max_0p90v_125c 
OAI2XB1_X4M_A9TL             8    60.480 sc9_cln65lp_base_lvt_ss_typical_max_0p90v_125c 
OAI2XB1_X6M_A9TL             9    84.240 sc9_cln65lp_base_lvt_ss_typical_max_0p90v_125c 
OAI2XB1_X8M_A9TL             3    38.880 sc9_cln65lp_base_lvt_ss_typical_max_0p90v_125c 
OAI31_X1M_A9TL              27    68.040 sc9_cln65lp_base_lvt_ss_typical_max_0p90v_125c 
OAI31_X1P4M_A9TL             2     7.920 sc9_cln65lp_base_lvt_ss_typical_max_0p90v_125c 
OAI31_X3M_A9TL               2    12.240 sc9_cln65lp_base_lvt_ss_typical_max_0p90v_125c 
OR2_X0P5M_A9TL             202   363.600 sc9_cln65lp_base_lvt_ss_typical_max_0p90v_125c 
OR2_X1M_A9TL                19    41.040 sc9_cln65lp_base_lvt_ss_typical_max_0p90v_125c 
OR2_X1P4M_A9TL              11    27.720 sc9_cln65lp_base_lvt_ss_typical_max_0p90v_125c 
OR2_X2M_A9TL                18    58.320 sc9_cln65lp_base_lvt_ss_typical_max_0p90v_125c 
OR2_X3M_A9TL                15    54.000 sc9_cln65lp_base_lvt_ss_typical_max_0p90v_125c 
OR2_X4M_A9TL                 5    25.200 sc9_cln65lp_base_lvt_ss_typical_max_0p90v_125c 
OR2_X6M_A9TL                 8    54.720 sc9_cln65lp_base_lvt_ss_typical_max_0p90v_125c 
OR3_X0P5M_A9TL               2     5.040 sc9_cln65lp_base_lvt_ss_typical_max_0p90v_125c 
OR4_X3M_A9TL                 1     6.840 sc9_cln65lp_base_lvt_ss_typical_max_0p90v_125c 
OR4_X4M_A9TL                 2    18.000 sc9_cln65lp_base_lvt_ss_typical_max_0p90v_125c 
OR4_X6M_A9TL                 3    39.960 sc9_cln65lp_base_lvt_ss_typical_max_0p90v_125c 
OR6_X1P4M_A9TL               2    13.680 sc9_cln65lp_base_lvt_ss_typical_max_0p90v_125c 
OR6_X3M_A9TL                 5    66.600 sc9_cln65lp_base_lvt_ss_typical_max_0p90v_125c 
OR6_X4M_A9TL                 1    16.920 sc9_cln65lp_base_lvt_ss_typical_max_0p90v_125c 
OR6_X6M_A9TL                 1    24.120 sc9_cln65lp_base_lvt_ss_typical_max_0p90v_125c 
PREICG_X0P5B_A9TR            4    25.920 sc9_cln65lp_base_rvt_ss_typical_max_0p90v_125c 
SDFFRPQ_X1M_A9TL            52   542.880 sc9_cln65lp_base_lvt_ss_typical_max_0p90v_125c 
XNOR2_X0P7M_A9TL            83   268.920 sc9_cln65lp_base_lvt_ss_typical_max_0p90v_125c 
XNOR2_X1M_A9TL              11    39.600 sc9_cln65lp_base_lvt_ss_typical_max_0p90v_125c 
XNOR2_X2M_A9TL              41   250.920 sc9_cln65lp_base_lvt_ss_typical_max_0p90v_125c 
XNOR2_X3M_A9TL              28   221.760 sc9_cln65lp_base_lvt_ss_typical_max_0p90v_125c 
XNOR2_X4M_A9TL               8    80.640 sc9_cln65lp_base_lvt_ss_typical_max_0p90v_125c 
XNOR3_X0P5M_A9TL            33   201.960 sc9_cln65lp_base_lvt_ss_typical_max_0p90v_125c 
XNOR3_X1M_A9TL              17   110.160 sc9_cln65lp_base_lvt_ss_typical_max_0p90v_125c 
XNOR3_X1P4M_A9TL             1    10.080 sc9_cln65lp_base_lvt_ss_typical_max_0p90v_125c 
XNOR3_X3M_A9TL              11   154.440 sc9_cln65lp_base_lvt_ss_typical_max_0p90v_125c 
XNOR3_X4M_A9TL              17   312.120 sc9_cln65lp_base_lvt_ss_typical_max_0p90v_125c 
XOR2_X0P7M_A9TL            144   466.560 sc9_cln65lp_base_lvt_ss_typical_max_0p90v_125c 
XOR2_X1M_A9TL               13    46.800 sc9_cln65lp_base_lvt_ss_typical_max_0p90v_125c 
XOR2_X2M_A9TL               13    79.560 sc9_cln65lp_base_lvt_ss_typical_max_0p90v_125c 
XOR2_X3M_A9TL               23   182.160 sc9_cln65lp_base_lvt_ss_typical_max_0p90v_125c 
XOR2_X4M_A9TL                3    30.240 sc9_cln65lp_base_lvt_ss_typical_max_0p90v_125c 
XOR3_X0P5M_A9TL             21   128.520 sc9_cln65lp_base_lvt_ss_typical_max_0p90v_125c 
XOR3_X1M_A9TL                2    12.960 sc9_cln65lp_base_lvt_ss_typical_max_0p90v_125c 
XOR3_X2M_A9TL                1    12.240 sc9_cln65lp_base_lvt_ss_typical_max_0p90v_125c 
XOR3_X3M_A9TL                2    28.080 sc9_cln65lp_base_lvt_ss_typical_max_0p90v_125c 
----------------------------------------------------------------------------------------
total                     9742 39444.840                                                
                                                                               
                    Library                    Instances    Area   Instances % 
-------------------------------------------------------------------------------
sc9_cln65lp_base_hvt_ss_typical_max_0p90v_125c         1     1.080         0.0 
sc9_cln65lp_base_lvt_ss_typical_max_0p90v_125c      9715 39354.480        99.7 
sc9_cln65lp_base_rvt_ss_typical_max_0p90v_125c        26    89.280         0.3 
                                                        
            Type             Instances    Area   Area % 
--------------------------------------------------------
sequential                        1341 11166.120   28.3 
inverter                          1024  1658.520    4.2 
buffer                             109   274.320    0.7 
clock_gating_integrated_cell         4    25.920    0.1 
logic                             7264 26319.960   66.7 
physical_cells                       0     0.000    0.0 
--------------------------------------------------------
total                             9742 39444.840  100.0 
