============================================================
  Generated by:           Genus(TM) Synthesis Solution 25.12-s067_1
  Generated on:           Mar 29 2026  07:22:04 pm
  Module:                 soft_dsp_eng_post_wrapper
  Operating conditions:   ss_typical_max_0p90v_125c (balanced_tree)
  Wireload mode:          top
  Area mode:              timing library
============================================================

 
  Hierarchy Report Format : 
 
    level instance ( module ) <status>
 
    status :    preserve_<value> -- indicating preserve hierachy or inherited_preserve value
           :    blackbox --  indicating  unresolved instance
 
==================================================================

 0 soft_dsp_eng_post_wrapper
  1 RC_CG_HIER_INST0 ( RC_CG_MOD ) 
  1 RC_CG_HIER_INST1 ( RC_CG_MOD_1 ) 
  1 dsp_mul ( vec_mul_N16_W8_ACC_W32 ) 
     2 RC_CG_HIER_INST2 ( RC_CG_MOD_2 ) 
     2 RC_CG_HIER_INST3 ( RC_CG_MOD_3 ) 
     2 RC_CG_HIER_INST4 ( RC_CG_MOD_4 ) 
  1 u_max_sub ( max_sub_NUM_INPUTS16_DATA_WIDTH8_CLAMP_MINn128 ) 
  1 u_piped_max ( piped_max_NUM_INPUTS16_DATA_WIDTH8_IS_SIGNED1 ) 
  1 u_tr_exp_wrapper ( tr_exp_wrapper_N16_FRAC4_ITER1 ) 
     2 GEN_EXP[0].u_tr_exp ( tr_exp_FRAC4_ITER1 ) 
        3 uut ( q4_4_round_neg ) 
     2 GEN_EXP[1].u_tr_exp ( tr_exp_FRAC4_ITER1_452 ) 
        3 uut ( q4_4_round_neg_437 ) 
     2 GEN_EXP[2].u_tr_exp ( tr_exp_FRAC4_ITER1_451 ) 
        3 uut ( q4_4_round_neg_436 ) 
     2 GEN_EXP[3].u_tr_exp ( tr_exp_FRAC4_ITER1_450 ) 
        3 uut ( q4_4_round_neg_435 ) 
     2 GEN_EXP[4].u_tr_exp ( tr_exp_FRAC4_ITER1_449 ) 
        3 uut ( q4_4_round_neg_434 ) 
     2 GEN_EXP[5].u_tr_exp ( tr_exp_FRAC4_ITER1_448 ) 
        3 uut ( q4_4_round_neg_433 ) 
     2 GEN_EXP[6].u_tr_exp ( tr_exp_FRAC4_ITER1_447 ) 
        3 uut ( q4_4_round_neg_432 ) 
     2 GEN_EXP[7].u_tr_exp ( tr_exp_FRAC4_ITER1_446 ) 
        3 uut ( q4_4_round_neg_431 ) 
     2 GEN_EXP[8].u_tr_exp ( tr_exp_FRAC4_ITER1_445 ) 
        3 uut ( q4_4_round_neg_430 ) 
     2 GEN_EXP[9].u_tr_exp ( tr_exp_FRAC4_ITER1_444 ) 
        3 uut ( q4_4_round_neg_429 ) 
     2 GEN_EXP[10].u_tr_exp ( tr_exp_FRAC4_ITER1_443 ) 
        3 uut ( q4_4_round_neg_428 ) 
     2 GEN_EXP[11].u_tr_exp ( tr_exp_FRAC4_ITER1_442 ) 
        3 uut ( q4_4_round_neg_427 ) 
     2 GEN_EXP[12].u_tr_exp ( tr_exp_FRAC4_ITER1_441 ) 
        3 uut ( q4_4_round_neg_426 ) 
     2 GEN_EXP[13].u_tr_exp ( tr_exp_FRAC4_ITER1_440 ) 
        3 uut ( q4_4_round_neg_425 ) 
     2 GEN_EXP[14].u_tr_exp ( tr_exp_FRAC4_ITER1_439 ) 
        3 uut ( q4_4_round_neg_424 ) 
     2 GEN_EXP[15].u_tr_exp ( tr_exp_FRAC4_ITER1_438 ) 
        3 uut ( q4_4_round_neg_423 ) 
  1 u_tr_ln ( tr_ln_WIDTH17_BITS4 ) 
