============================================================
  Generated by:           Genus(TM) Synthesis Solution 25.12-s067_1
  Generated on:           Sep 27 2026  11:53:49 pm
  Module:                 ibert_softmax
  Operating conditions:   ss_typical_max_0p90v_125c (balanced_tree)
  Wireload mode:          top
  Area mode:              timing library
============================================================

Timing
--------

Clock Period 
-------------
clk   3300.0 


        Cost          Critical         Violating 
       Group         Path Slack  TNS     Paths   
-------------------------------------------------
cg_enable_group_clk      1212.6   0.0          0 
clk                    No paths   0.0            
default                No paths   0.0            
in2out                 No paths   0.0            
in2reg                   1537.2   0.0          0 
reg2out                  1870.1   0.0          0 
reg2reg                     0.0   0.0          0 
-------------------------------------------------
Total                             0.0          0 

Instance Count
--------------
Leaf Instance Count             4096 
Physical Instance count            0 
Sequential Instance Count        514 
Combinational Instance Count    3582 
Hierarchical Instance Count       17 

Area
----
Cell Area                          14936.400
Physical Cell Area                 0.000
Total Cell Area (Cell+Physical)    14936.400
Net Area                           0.000
Total Area (Cell+Physical+Net)     14936.400

Max Fanout                         93 (rc_gclk)
Min Fanout                         0 (div_busy)
Average Fanout                     2.3
Terms to net ratio                 3.4064
Terms to instance ratio            3.5154
Runtime                            794.8092989999998 seconds
Elapsed Runtime                    808 seconds
Genus peak memory usage            2897.26 
Innovus peak memory usage          no_value 
Hostname                           enicsw14.local
