============================================================
  Generated by:           Genus(TM) Synthesis Solution 25.12-s067_1
  Generated on:           Sep 27 2026  11:53:47 pm
  Module:                 ibert_softmax
  Operating conditions:   ss_typical_max_0p90v_125c (balanced_tree)
  Wireload mode:          top
  Area mode:              timing library
============================================================


Summary
-------
--------------------------------------------------------------------------
            Category            Number     %    Average Toggle Saving %   
--------------------------------------------------------------------------
 Total Clock Gating Instances       16  100.00                         -  
--------------------------------------------------------------------------
 RC Clock Gating Instances          16  100.00                     91.81  
 Non-RC Clock Gating Instances       0    0.00                      0.00  
--------------------------------------------------------------------------
 RC Gated Flip-flops               487   97.79                     85.73  
 Non-RC Gated Flip-flops             0    0.00                      0.00  
--------------------------------------------------------------------------
 Total Gated Flip-flops            487   97.79                         -  
 Total Ungated Flip-flops           11    2.21                         -  
 Enable signal is constant           3   27.27                         -  
 Register bank width too small       8   72.73                         -  
--------------------------------------------------------------------------
 Total Flip-flops                  498  100.00                         -  
--------------------------------------------------------------------------
Multibit Flip-flop Summary
--------------------------
-------------------------------------------------------
Width     Number     Bits     RC Gated     Ungated     
-------------------------------------------------------
1-bit     498        498      487 (97.79%) 11 (2.21%)  
-------------------------------------------------------


