============================================================
  Generated by:           Genus(TM) Synthesis Solution 25.12-s067_1
  Generated on:           Sep 28 2026  12:09:37 am
  Module:                 ibert_rmsnorm
  Operating conditions:   ss_typical_max_0p90v_125c (balanced_tree)
  Wireload mode:          top
  Area mode:              timing library
============================================================


Path 1: MET (1319 ps) Setup Check with Pin state_reg[3]/CK->D
          Group: in2reg
     Startpoint: (R) valid_in
          Clock: (R) clk
       Endpoint: (F) state_reg[3]/D
          Clock: (R) clk

                     Capture       Launch     
        Clock Edge:+    3300            0     
        Drv Adjust:+       0           13     
       Src Latency:+       0            0     
       Net Latency:+       0 (I)        0 (I) 
           Arrival:=    3300           13     
                                              
             Setup:-     102                  
       Uncertainty:-     125                  
     Required Time:=    3073                  
      Launch Clock:-      13                  
       Input Delay:-     990                  
         Data Path:-     751                  
             Slack:=    1319                  

Exceptions/Constraints:
  input_delay             990             dut.sdc_line_15_1_1   

#-------------------------------------------------------------------------------
# Timing Point   Flags   Arc   Edge      Cell        Fanout Trans Delay Arrival 
#                                                            (ps)  (ps)   (ps)  
#-------------------------------------------------------------------------------
  valid_in       -       -     R     (arrival)            2    50     0    1003 
  g8132__2398/Y  -       A->Y  F     NOR2_X1M_A9TL        1   119    67    1070 
  g8101__5107/Y  -       A0->Y R     OAI21_X1M_A9TL       1   175   150    1219 
  g8083__7482/Y  -       A0->Y R     OA21_X1M_A9TL        5   241   253    1472 
  g8080/Y        -       A->Y  F     INV_X1M_A9TL         1    93   102    1574 
  g8067__8428/Y  -       A0->Y F     AO22_X1M_A9TL        1    65   180    1754 
  state_reg[3]/D -       -     F     DFFRPQ_X1M_A9TL      1     -     0    1754 
#-------------------------------------------------------------------------------



Path 2: MET (1335 ps) Setup Check with Pin state_reg[2]/CK->D
          Group: in2reg
     Startpoint: (R) valid_in
          Clock: (R) clk
       Endpoint: (R) state_reg[2]/D
          Clock: (R) clk

                     Capture       Launch     
        Clock Edge:+    3300            0     
        Drv Adjust:+       0           13     
       Src Latency:+       0            0     
       Net Latency:+       0 (I)        0 (I) 
           Arrival:=    3300           13     
                                              
             Setup:-     111                  
       Uncertainty:-     125                  
     Required Time:=    3064                  
      Launch Clock:-      13                  
       Input Delay:-     990                  
         Data Path:-     726                  
             Slack:=    1335                  

Exceptions/Constraints:
  input_delay             990             dut.sdc_line_15_1_1   

#-------------------------------------------------------------------------------
# Timing Point   Flags   Arc   Edge      Cell        Fanout Trans Delay Arrival 
#                                                            (ps)  (ps)   (ps)  
#-------------------------------------------------------------------------------
  valid_in       -       -     R     (arrival)            2    50     0    1003 
  g8132__2398/Y  -       A->Y  F     NOR2_X1M_A9TL        1   119    67    1070 
  g8101__5107/Y  -       A0->Y R     OAI21_X1M_A9TL       1   175   150    1219 
  g8083__7482/Y  -       A0->Y R     OA21_X1M_A9TL        5   241   253    1472 
  g8075__1705/Y  -       B0->Y F     OAI21_X1M_A9TL       1   127   135    1608 
  g8068__5526/Y  -       B0->Y R     OAI21_X1M_A9TL       1   173   121    1729 
  state_reg[2]/D -       -     R     DFFRPQ_X2M_A9TL      1     -     0    1729 
#-------------------------------------------------------------------------------



Path 3: MET (1339 ps) Setup Check with Pin state_reg[2]/CK->D
          Group: in2reg
     Startpoint: (F) valid_in
          Clock: (R) clk
       Endpoint: (F) state_reg[2]/D
          Clock: (R) clk

                     Capture       Launch     
        Clock Edge:+    3300            0     
        Drv Adjust:+       0           11     
       Src Latency:+       0            0     
       Net Latency:+       0 (I)        0 (I) 
           Arrival:=    3300           11     
                                              
             Setup:-     114                  
       Uncertainty:-     125                  
     Required Time:=    3061                  
      Launch Clock:-      11                  
       Input Delay:-     990                  
         Data Path:-     721                  
             Slack:=    1339                  

Exceptions/Constraints:
  input_delay             990             dut.sdc_line_15_1_1   

#-------------------------------------------------------------------------------
# Timing Point   Flags   Arc   Edge      Cell        Fanout Trans Delay Arrival 
#                                                            (ps)  (ps)   (ps)  
#-------------------------------------------------------------------------------
  valid_in       -       -     F     (arrival)            2    49     0    1001 
  g8132__2398/Y  -       A->Y  R     NOR2_X1M_A9TL        1   149   104    1106 
  g8101__5107/Y  -       A0->Y F     OAI21_X1M_A9TL       1   135   111    1217 
  g8083__7482/Y  -       A0->Y F     OA21_X1M_A9TL        5   172   252    1469 
  g8075__1705/Y  -       B0->Y R     OAI21_X1M_A9TL       1   165   138    1606 
  g8068__5526/Y  -       B0->Y F     OAI21_X1M_A9TL       1   117   116    1722 
  state_reg[2]/D -       -     F     DFFRPQ_X2M_A9TL      1     -     0    1722 
#-------------------------------------------------------------------------------



Path 4: MET (1351 ps) Setup Check with Pin state_reg[3]/CK->D
          Group: in2reg
     Startpoint: (F) valid_in
          Clock: (R) clk
       Endpoint: (R) state_reg[3]/D
          Clock: (R) clk

                     Capture       Launch     
        Clock Edge:+    3300            0     
        Drv Adjust:+       0           11     
       Src Latency:+       0            0     
       Net Latency:+       0 (I)        0 (I) 
           Arrival:=    3300           11     
                                              
             Setup:-      98                  
       Uncertainty:-     125                  
     Required Time:=    3077                  
      Launch Clock:-      11                  
       Input Delay:-     990                  
         Data Path:-     724                  
             Slack:=    1351                  

Exceptions/Constraints:
  input_delay             990             dut.sdc_line_15_1_1   

#-------------------------------------------------------------------------------
# Timing Point   Flags   Arc   Edge      Cell        Fanout Trans Delay Arrival 
#                                                            (ps)  (ps)   (ps)  
#-------------------------------------------------------------------------------
  valid_in       -       -     F     (arrival)            2    49     0    1001 
  g8132__2398/Y  -       A->Y  R     NOR2_X1M_A9TL        1   149   104    1106 
  g8101__5107/Y  -       A0->Y F     OAI21_X1M_A9TL       1   135   111    1217 
  g8083__7482/Y  -       A0->Y F     OA21_X1M_A9TL        5   172   252    1469 
  g8080/Y        -       A->Y  R     INV_X1M_A9TL         1    94   104    1572 
  g8067__8428/Y  -       A0->Y R     AO22_X1M_A9TL        1    82   153    1726 
  state_reg[3]/D -       -     R     DFFRPQ_X1M_A9TL      1     -     0    1726 
#-------------------------------------------------------------------------------



Path 5: MET (1371 ps) Setup Check with Pin state_reg[1]/CK->SE
          Group: in2reg
     Startpoint: (R) valid_in
          Clock: (R) clk
       Endpoint: (R) state_reg[1]/SE
          Clock: (R) clk

                     Capture       Launch     
        Clock Edge:+    3300            0     
        Drv Adjust:+       0           13     
       Src Latency:+       0            0     
       Net Latency:+       0 (I)        0 (I) 
           Arrival:=    3300           13     
                                              
             Setup:-     332                  
       Uncertainty:-     125                  
     Required Time:=    2843                  
      Launch Clock:-      13                  
       Input Delay:-     990                  
         Data Path:-     469                  
             Slack:=    1371                  

Exceptions/Constraints:
  input_delay             990             dut.sdc_line_15_1_1   

#---------------------------------------------------------------------------------
#  Timing Point   Flags   Arc   Edge       Cell        Fanout Trans Delay Arrival 
#                                                              (ps)  (ps)   (ps)  
#---------------------------------------------------------------------------------
  valid_in        -       -     R     (arrival)             2    50     0    1003 
  g8132__2398/Y   -       A->Y  F     NOR2_X1M_A9TL         1   119    67    1070 
  g8101__5107/Y   -       A0->Y R     OAI21_X1M_A9TL        1   175   150    1219 
  g8083__7482/Y   -       A0->Y R     OA21_X1M_A9TL         5   241   253    1472 
  state_reg[1]/SE -       -     R     SDFFRPQ_X2M_A9TL      5     -     0    1472 
#---------------------------------------------------------------------------------



Path 6: MET (1395 ps) Setup Check with Pin state_reg[0]/CK->SE
          Group: in2reg
     Startpoint: (R) valid_in
          Clock: (R) clk
       Endpoint: (R) state_reg[0]/SE
          Clock: (R) clk

                     Capture       Launch     
        Clock Edge:+    3300            0     
        Drv Adjust:+       0           13     
       Src Latency:+       0            0     
       Net Latency:+       0 (I)        0 (I) 
           Arrival:=    3300           13     
                                              
             Setup:-     307                  
       Uncertainty:-     125                  
     Required Time:=    2868                  
      Launch Clock:-      13                  
       Input Delay:-     990                  
         Data Path:-     469                  
             Slack:=    1395                  

Exceptions/Constraints:
  input_delay             990             dut.sdc_line_15_1_1   

#---------------------------------------------------------------------------------
#  Timing Point   Flags   Arc   Edge       Cell        Fanout Trans Delay Arrival 
#                                                              (ps)  (ps)   (ps)  
#---------------------------------------------------------------------------------
  valid_in        -       -     R     (arrival)             2    50     0    1003 
  g8132__2398/Y   -       A->Y  F     NOR2_X1M_A9TL         1   119    67    1070 
  g8101__5107/Y   -       A0->Y R     OAI21_X1M_A9TL        1   175   150    1219 
  g8083__7482/Y   -       A0->Y R     OA21_X1M_A9TL         5   241   253    1472 
  state_reg[0]/SE -       -     R     SDFFRPQ_X1M_A9TL      5     -     0    1472 
#---------------------------------------------------------------------------------



Path 7: MET (1430 ps) Setup Check with Pin state_reg[2]/CK->D
          Group: in2reg
     Startpoint: (F) valid_in
          Clock: (R) clk
       Endpoint: (R) state_reg[2]/D
          Clock: (R) clk

                     Capture       Launch     
        Clock Edge:+    3300            0     
        Drv Adjust:+       0           11     
       Src Latency:+       0            0     
       Net Latency:+       0 (I)        0 (I) 
           Arrival:=    3300           11     
                                              
             Setup:-     111                  
       Uncertainty:-     125                  
     Required Time:=    3064                  
      Launch Clock:-      11                  
       Input Delay:-     990                  
         Data Path:-     633                  
             Slack:=    1430                  

Exceptions/Constraints:
  input_delay             990             dut.sdc_line_15_1_1   

#-------------------------------------------------------------------------------
# Timing Point   Flags   Arc   Edge      Cell        Fanout Trans Delay Arrival 
#                                                            (ps)  (ps)   (ps)  
#-------------------------------------------------------------------------------
  valid_in       -       -     F     (arrival)            2    49     0    1001 
  g8132__2398/Y  -       A->Y  R     NOR2_X1M_A9TL        1   149   104    1106 
  g8101__5107/Y  -       A0->Y F     OAI21_X1M_A9TL       1   135   111    1217 
  g8083__7482/Y  -       A0->Y F     OA21_X1M_A9TL        5   172   252    1469 
  g8068__5526/Y  -       A0->Y R     OAI21_X1M_A9TL       1   173   165    1634 
  state_reg[2]/D -       -     R     DFFRPQ_X2M_A9TL      1     -     0    1634 
#-------------------------------------------------------------------------------



Path 8: MET (1453 ps) Setup Check with Pin state_reg[2]/CK->D
          Group: in2reg
     Startpoint: (R) valid_in
          Clock: (R) clk
       Endpoint: (F) state_reg[2]/D
          Clock: (R) clk

                     Capture       Launch     
        Clock Edge:+    3300            0     
        Drv Adjust:+       0           13     
       Src Latency:+       0            0     
       Net Latency:+       0 (I)        0 (I) 
           Arrival:=    3300           13     
                                              
             Setup:-     114                  
       Uncertainty:-     125                  
     Required Time:=    3061                  
      Launch Clock:-      13                  
       Input Delay:-     990                  
         Data Path:-     605                  
             Slack:=    1453                  

Exceptions/Constraints:
  input_delay             990             dut.sdc_line_15_1_1   

#-------------------------------------------------------------------------------
# Timing Point   Flags   Arc   Edge      Cell        Fanout Trans Delay Arrival 
#                                                            (ps)  (ps)   (ps)  
#-------------------------------------------------------------------------------
  valid_in       -       -     R     (arrival)            2    50     0    1003 
  g8132__2398/Y  -       A->Y  F     NOR2_X1M_A9TL        1   119    67    1070 
  g8101__5107/Y  -       A0->Y R     OAI21_X1M_A9TL       1   175   150    1219 
  g8083__7482/Y  -       A0->Y R     OA21_X1M_A9TL        5   241   253    1472 
  g8068__5526/Y  -       A0->Y F     OAI21_X1M_A9TL       1   117   136    1608 
  state_reg[2]/D -       -     F     DFFRPQ_X2M_A9TL      1     -     0    1608 
#-------------------------------------------------------------------------------



Path 9: MET (1496 ps) Setup Check with Pin state_reg[0]/CK->SE
          Group: in2reg
     Startpoint: (F) valid_in
          Clock: (R) clk
       Endpoint: (F) state_reg[0]/SE
          Clock: (R) clk

                     Capture       Launch     
        Clock Edge:+    3300            0     
        Drv Adjust:+       0           11     
       Src Latency:+       0            0     
       Net Latency:+       0 (I)        0 (I) 
           Arrival:=    3300           11     
                                              
             Setup:-     210                  
       Uncertainty:-     125                  
     Required Time:=    2965                  
      Launch Clock:-      11                  
       Input Delay:-     990                  
         Data Path:-     468                  
             Slack:=    1496                  

Exceptions/Constraints:
  input_delay             990             dut.sdc_line_15_1_1   

#---------------------------------------------------------------------------------
#  Timing Point   Flags   Arc   Edge       Cell        Fanout Trans Delay Arrival 
#                                                              (ps)  (ps)   (ps)  
#---------------------------------------------------------------------------------
  valid_in        -       -     F     (arrival)             2    49     0    1001 
  g8132__2398/Y   -       A->Y  R     NOR2_X1M_A9TL         1   149   104    1106 
  g8101__5107/Y   -       A0->Y F     OAI21_X1M_A9TL        1   135   111    1217 
  g8083__7482/Y   -       A0->Y F     OA21_X1M_A9TL         5   172   252    1469 
  state_reg[0]/SE -       -     F     SDFFRPQ_X1M_A9TL      5     -     0    1469 
#---------------------------------------------------------------------------------



Path 10: MET (1522 ps) Setup Check with Pin state_reg[1]/CK->SE
          Group: in2reg
     Startpoint: (F) valid_in
          Clock: (R) clk
       Endpoint: (F) state_reg[1]/SE
          Clock: (R) clk

                     Capture       Launch     
        Clock Edge:+    3300            0     
        Drv Adjust:+       0           11     
       Src Latency:+       0            0     
       Net Latency:+       0 (I)        0 (I) 
           Arrival:=    3300           11     
                                              
             Setup:-     184                  
       Uncertainty:-     125                  
     Required Time:=    2991                  
      Launch Clock:-      11                  
       Input Delay:-     990                  
         Data Path:-     468                  
             Slack:=    1522                  

Exceptions/Constraints:
  input_delay             990             dut.sdc_line_15_1_1   

#---------------------------------------------------------------------------------
#  Timing Point   Flags   Arc   Edge       Cell        Fanout Trans Delay Arrival 
#                                                              (ps)  (ps)   (ps)  
#---------------------------------------------------------------------------------
  valid_in        -       -     F     (arrival)             2    49     0    1001 
  g8132__2398/Y   -       A->Y  R     NOR2_X1M_A9TL         1   149   104    1106 
  g8101__5107/Y   -       A0->Y F     OAI21_X1M_A9TL        1   135   111    1217 
  g8083__7482/Y   -       A0->Y F     OA21_X1M_A9TL         5   172   252    1469 
  state_reg[1]/SE -       -     F     SDFFRPQ_X2M_A9TL      5     -     0    1469 
#---------------------------------------------------------------------------------



Path 11: MET (2080 ps) Setup Check with Pin x_reg_reg[1][5]/CK->D
          Group: in2reg
     Startpoint: (R) x_in[1][5]
          Clock: (R) clk
       Endpoint: (R) x_reg_reg[1][5]/D
          Clock: (R) clk

                     Capture       Launch     
        Clock Edge:+    3300            0     
        Drv Adjust:+       0            7     
       Src Latency:+       0            0     
       Net Latency:+       0 (I)        0 (I) 
           Arrival:=    3300            7     
                                              
             Setup:-      98                  
       Uncertainty:-     125                  
     Required Time:=    3077                  
      Launch Clock:-       7                  
       Input Delay:-     990                  
         Data Path:-       0                  
             Slack:=    2080                  

Exceptions/Constraints:
  input_delay             990             dut.sdc_line_15_52_1   

#-----------------------------------------------------------------------------------
#   Timing Point    Flags   Arc   Edge       Cell        Fanout Trans Delay Arrival 
#                                                                (ps)  (ps)   (ps)  
#-----------------------------------------------------------------------------------
  x_in[1][5]        -       -     R     (arrival)             1    42     0     997 
  x_reg_reg[1][5]/D -       -     R     DFFRPQN_X1M_A9TL      1     -     0     998 
#-----------------------------------------------------------------------------------



Path 12: MET (2080 ps) Setup Check with Pin x_reg_reg[3][6]/CK->D
          Group: in2reg
     Startpoint: (R) x_in[3][6]
          Clock: (R) clk
       Endpoint: (R) x_reg_reg[3][6]/D
          Clock: (R) clk

                     Capture       Launch     
        Clock Edge:+    3300            0     
        Drv Adjust:+       0            7     
       Src Latency:+       0            0     
       Net Latency:+       0 (I)        0 (I) 
           Arrival:=    3300            7     
                                              
             Setup:-      98                  
       Uncertainty:-     125                  
     Required Time:=    3077                  
      Launch Clock:-       7                  
       Input Delay:-     990                  
         Data Path:-       0                  
             Slack:=    2080                  

Exceptions/Constraints:
  input_delay             990             dut.sdc_line_15_35_1   

#-----------------------------------------------------------------------------------
#   Timing Point    Flags   Arc   Edge       Cell        Fanout Trans Delay Arrival 
#                                                                (ps)  (ps)   (ps)  
#-----------------------------------------------------------------------------------
  x_in[3][6]        -       -     R     (arrival)             1    42     0     997 
  x_reg_reg[3][6]/D -       -     R     DFFRPQN_X1M_A9TL      1     -     0     998 
#-----------------------------------------------------------------------------------



Path 13: MET (2080 ps) Setup Check with Pin x_reg_reg[4][6]/CK->D
          Group: in2reg
     Startpoint: (R) x_in[4][6]
          Clock: (R) clk
       Endpoint: (R) x_reg_reg[4][6]/D
          Clock: (R) clk

                     Capture       Launch     
        Clock Edge:+    3300            0     
        Drv Adjust:+       0            7     
       Src Latency:+       0            0     
       Net Latency:+       0 (I)        0 (I) 
           Arrival:=    3300            7     
                                              
             Setup:-      98                  
       Uncertainty:-     125                  
     Required Time:=    3077                  
      Launch Clock:-       7                  
       Input Delay:-     990                  
         Data Path:-       0                  
             Slack:=    2080                  

Exceptions/Constraints:
  input_delay             990             dut.sdc_line_15_27_1   

#-----------------------------------------------------------------------------------
#   Timing Point    Flags   Arc   Edge       Cell        Fanout Trans Delay Arrival 
#                                                                (ps)  (ps)   (ps)  
#-----------------------------------------------------------------------------------
  x_in[4][6]        -       -     R     (arrival)             1    42     0     997 
  x_reg_reg[4][6]/D -       -     R     DFFRPQN_X1M_A9TL      1     -     0     998 
#-----------------------------------------------------------------------------------



Path 14: MET (2080 ps) Setup Check with Pin x_reg_reg[6][6]/CK->D
          Group: in2reg
     Startpoint: (R) x_in[6][6]
          Clock: (R) clk
       Endpoint: (R) x_reg_reg[6][6]/D
          Clock: (R) clk

                     Capture       Launch     
        Clock Edge:+    3300            0     
        Drv Adjust:+       0            7     
       Src Latency:+       0            0     
       Net Latency:+       0 (I)        0 (I) 
           Arrival:=    3300            7     
                                              
             Setup:-      98                  
       Uncertainty:-     125                  
     Required Time:=    3077                  
      Launch Clock:-       7                  
       Input Delay:-     990                  
         Data Path:-       0                  
             Slack:=    2080                  

Exceptions/Constraints:
  input_delay             990             dut.sdc_line_15_11_1   

#-----------------------------------------------------------------------------------
#   Timing Point    Flags   Arc   Edge       Cell        Fanout Trans Delay Arrival 
#                                                                (ps)  (ps)   (ps)  
#-----------------------------------------------------------------------------------
  x_in[6][6]        -       -     R     (arrival)             1    42     0     997 
  x_reg_reg[6][6]/D -       -     R     DFFRPQN_X1M_A9TL      1     -     0     998 
#-----------------------------------------------------------------------------------



Path 15: MET (2084 ps) Setup Check with Pin x_reg_reg[6][5]/CK->D
          Group: in2reg
     Startpoint: (R) x_in[6][5]
          Clock: (R) clk
       Endpoint: (R) x_reg_reg[6][5]/D
          Clock: (R) clk

                     Capture       Launch     
        Clock Edge:+    3300            0     
        Drv Adjust:+       0            8     
       Src Latency:+       0            0     
       Net Latency:+       0 (I)        0 (I) 
           Arrival:=    3300            8     
                                              
             Setup:-      93                  
       Uncertainty:-     125                  
     Required Time:=    3082                  
      Launch Clock:-       8                  
       Input Delay:-     990                  
         Data Path:-       0                  
             Slack:=    2084                  

Exceptions/Constraints:
  input_delay             990             dut.sdc_line_15_12_1   

#-----------------------------------------------------------------------------------
#   Timing Point    Flags   Arc   Edge       Cell        Fanout Trans Delay Arrival 
#                                                                (ps)  (ps)   (ps)  
#-----------------------------------------------------------------------------------
  x_in[6][5]        -       -     R     (arrival)             1    42     0     998 
  x_reg_reg[6][5]/D -       -     R     DFFRPQN_X2M_A9TL      1     -     0     998 
#-----------------------------------------------------------------------------------



Path 16: MET (2084 ps) Setup Check with Pin x_reg_reg[7][5]/CK->D
          Group: in2reg
     Startpoint: (R) x_in[7][5]
          Clock: (R) clk
       Endpoint: (R) x_reg_reg[7][5]/D
          Clock: (R) clk

                     Capture       Launch     
        Clock Edge:+    3300            0     
        Drv Adjust:+       0            8     
       Src Latency:+       0            0     
       Net Latency:+       0 (I)        0 (I) 
           Arrival:=    3300            8     
                                              
             Setup:-      93                  
       Uncertainty:-     125                  
     Required Time:=    3082                  
      Launch Clock:-       8                  
       Input Delay:-     990                  
         Data Path:-       0                  
             Slack:=    2084                  

Exceptions/Constraints:
  input_delay             990             dut.sdc_line_15_4_1   

#-----------------------------------------------------------------------------------
#   Timing Point    Flags   Arc   Edge       Cell        Fanout Trans Delay Arrival 
#                                                                (ps)  (ps)   (ps)  
#-----------------------------------------------------------------------------------
  x_in[7][5]        -       -     R     (arrival)             1    42     0     998 
  x_reg_reg[7][5]/D -       -     R     DFFRPQN_X2M_A9TL      1     -     0     998 
#-----------------------------------------------------------------------------------



Path 17: MET (2084 ps) Setup Check with Pin x_reg_reg[0][6]/CK->D
          Group: in2reg
     Startpoint: (F) x_in[0][6]
          Clock: (R) clk
       Endpoint: (F) x_reg_reg[0][6]/D
          Clock: (R) clk

                     Capture       Launch     
        Clock Edge:+    3300            0     
        Drv Adjust:+       0            6     
       Src Latency:+       0            0     
       Net Latency:+       0 (I)        0 (I) 
           Arrival:=    3300            6     
                                              
             Setup:-      94                  
       Uncertainty:-     125                  
     Required Time:=    3080                  
      Launch Clock:-       6                  
       Input Delay:-     990                  
         Data Path:-       0                  
             Slack:=    2084                  

Exceptions/Constraints:
  input_delay             990             dut.sdc_line_15_59_1   

#----------------------------------------------------------------------------------
#   Timing Point    Flags   Arc   Edge      Cell        Fanout Trans Delay Arrival 
#                                                               (ps)  (ps)   (ps)  
#----------------------------------------------------------------------------------
  x_in[0][6]        -       -     F     (arrival)            1    43     0     996 
  x_reg_reg[0][6]/D -       -     F     DFFRPQ_X1M_A9TL      1     -     0     996 
#----------------------------------------------------------------------------------



Path 18: MET (2084 ps) Setup Check with Pin x_reg_reg[2][6]/CK->D
          Group: in2reg
     Startpoint: (F) x_in[2][6]
          Clock: (R) clk
       Endpoint: (F) x_reg_reg[2][6]/D
          Clock: (R) clk

                     Capture       Launch     
        Clock Edge:+    3300            0     
        Drv Adjust:+       0            6     
       Src Latency:+       0            0     
       Net Latency:+       0 (I)        0 (I) 
           Arrival:=    3300            6     
                                              
             Setup:-      94                  
       Uncertainty:-     125                  
     Required Time:=    3080                  
      Launch Clock:-       6                  
       Input Delay:-     990                  
         Data Path:-       0                  
             Slack:=    2084                  

Exceptions/Constraints:
  input_delay             990             dut.sdc_line_15_43_1   

#----------------------------------------------------------------------------------
#   Timing Point    Flags   Arc   Edge      Cell        Fanout Trans Delay Arrival 
#                                                               (ps)  (ps)   (ps)  
#----------------------------------------------------------------------------------
  x_in[2][6]        -       -     F     (arrival)            1    43     0     996 
  x_reg_reg[2][6]/D -       -     F     DFFRPQ_X1M_A9TL      1     -     0     996 
#----------------------------------------------------------------------------------



Path 19: MET (2084 ps) Setup Check with Pin x_reg_reg[3][4]/CK->D
          Group: in2reg
     Startpoint: (F) x_in[3][4]
          Clock: (R) clk
       Endpoint: (F) x_reg_reg[3][4]/D
          Clock: (R) clk

                     Capture       Launch     
        Clock Edge:+    3300            0     
        Drv Adjust:+       0            6     
       Src Latency:+       0            0     
       Net Latency:+       0 (I)        0 (I) 
           Arrival:=    3300            6     
                                              
             Setup:-      94                  
       Uncertainty:-     125                  
     Required Time:=    3080                  
      Launch Clock:-       6                  
       Input Delay:-     990                  
         Data Path:-       0                  
             Slack:=    2084                  

Exceptions/Constraints:
  input_delay             990             dut.sdc_line_15_37_1   

#----------------------------------------------------------------------------------
#   Timing Point    Flags   Arc   Edge      Cell        Fanout Trans Delay Arrival 
#                                                               (ps)  (ps)   (ps)  
#----------------------------------------------------------------------------------
  x_in[3][4]        -       -     F     (arrival)            1    43     0     996 
  x_reg_reg[3][4]/D -       -     F     DFFRPQ_X1M_A9TL      1     -     0     996 
#----------------------------------------------------------------------------------



Path 20: MET (2084 ps) Setup Check with Pin x_reg_reg[5][6]/CK->D
          Group: in2reg
     Startpoint: (F) x_in[5][6]
          Clock: (R) clk
       Endpoint: (F) x_reg_reg[5][6]/D
          Clock: (R) clk

                     Capture       Launch     
        Clock Edge:+    3300            0     
        Drv Adjust:+       0            6     
       Src Latency:+       0            0     
       Net Latency:+       0 (I)        0 (I) 
           Arrival:=    3300            6     
                                              
             Setup:-      94                  
       Uncertainty:-     125                  
     Required Time:=    3080                  
      Launch Clock:-       6                  
       Input Delay:-     990                  
         Data Path:-       0                  
             Slack:=    2084                  

Exceptions/Constraints:
  input_delay             990             dut.sdc_line_15_19_1   

#----------------------------------------------------------------------------------
#   Timing Point    Flags   Arc   Edge      Cell        Fanout Trans Delay Arrival 
#                                                               (ps)  (ps)   (ps)  
#----------------------------------------------------------------------------------
  x_in[5][6]        -       -     F     (arrival)            1    43     0     996 
  x_reg_reg[5][6]/D -       -     F     DFFRPQ_X1M_A9TL      1     -     0     996 
#----------------------------------------------------------------------------------



Path 21: MET (2084 ps) Setup Check with Pin x_reg_reg[7][4]/CK->D
          Group: in2reg
     Startpoint: (F) x_in[7][4]
          Clock: (R) clk
       Endpoint: (F) x_reg_reg[7][4]/D
          Clock: (R) clk

                     Capture       Launch     
        Clock Edge:+    3300            0     
        Drv Adjust:+       0            6     
       Src Latency:+       0            0     
       Net Latency:+       0 (I)        0 (I) 
           Arrival:=    3300            6     
                                              
             Setup:-      94                  
       Uncertainty:-     125                  
     Required Time:=    3080                  
      Launch Clock:-       6                  
       Input Delay:-     990                  
         Data Path:-       0                  
             Slack:=    2084                  

Exceptions/Constraints:
  input_delay             990             dut.sdc_line_15_5_1   

#----------------------------------------------------------------------------------
#   Timing Point    Flags   Arc   Edge      Cell        Fanout Trans Delay Arrival 
#                                                               (ps)  (ps)   (ps)  
#----------------------------------------------------------------------------------
  x_in[7][4]        -       -     F     (arrival)            1    43     0     996 
  x_reg_reg[7][4]/D -       -     F     DFFRPQ_X1M_A9TL      1     -     0     996 
#----------------------------------------------------------------------------------



Path 22: MET (2084 ps) Setup Check with Pin x_reg_reg[7][6]/CK->D
          Group: in2reg
     Startpoint: (F) x_in[7][6]
          Clock: (R) clk
       Endpoint: (F) x_reg_reg[7][6]/D
          Clock: (R) clk

                     Capture       Launch     
        Clock Edge:+    3300            0     
        Drv Adjust:+       0            6     
       Src Latency:+       0            0     
       Net Latency:+       0 (I)        0 (I) 
           Arrival:=    3300            6     
                                              
             Setup:-      94                  
       Uncertainty:-     125                  
     Required Time:=    3080                  
      Launch Clock:-       6                  
       Input Delay:-     990                  
         Data Path:-       0                  
             Slack:=    2084                  

Exceptions/Constraints:
  input_delay             990             dut.sdc_line_15_3_1   

#----------------------------------------------------------------------------------
#   Timing Point    Flags   Arc   Edge      Cell        Fanout Trans Delay Arrival 
#                                                               (ps)  (ps)   (ps)  
#----------------------------------------------------------------------------------
  x_in[7][6]        -       -     F     (arrival)            1    43     0     996 
  x_reg_reg[7][6]/D -       -     F     DFFRPQ_X1M_A9TL      1     -     0     996 
#----------------------------------------------------------------------------------



Path 23: MET (2088 ps) Setup Check with Pin x_reg_reg[0][6]/CK->D
          Group: in2reg
     Startpoint: (R) x_in[0][6]
          Clock: (R) clk
       Endpoint: (R) x_reg_reg[0][6]/D
          Clock: (R) clk

                     Capture       Launch     
        Clock Edge:+    3300            0     
        Drv Adjust:+       0            7     
       Src Latency:+       0            0     
       Net Latency:+       0 (I)        0 (I) 
           Arrival:=    3300            7     
                                              
             Setup:-      90                  
       Uncertainty:-     125                  
     Required Time:=    3085                  
      Launch Clock:-       7                  
       Input Delay:-     990                  
         Data Path:-       0                  
             Slack:=    2088                  

Exceptions/Constraints:
  input_delay             990             dut.sdc_line_15_59_1   

#----------------------------------------------------------------------------------
#   Timing Point    Flags   Arc   Edge      Cell        Fanout Trans Delay Arrival 
#                                                               (ps)  (ps)   (ps)  
#----------------------------------------------------------------------------------
  x_in[0][6]        -       -     R     (arrival)            1    42     0     997 
  x_reg_reg[0][6]/D -       -     R     DFFRPQ_X1M_A9TL      1     -     0     997 
#----------------------------------------------------------------------------------



Path 24: MET (2088 ps) Setup Check with Pin x_reg_reg[2][6]/CK->D
          Group: in2reg
     Startpoint: (R) x_in[2][6]
          Clock: (R) clk
       Endpoint: (R) x_reg_reg[2][6]/D
          Clock: (R) clk

                     Capture       Launch     
        Clock Edge:+    3300            0     
        Drv Adjust:+       0            7     
       Src Latency:+       0            0     
       Net Latency:+       0 (I)        0 (I) 
           Arrival:=    3300            7     
                                              
             Setup:-      90                  
       Uncertainty:-     125                  
     Required Time:=    3085                  
      Launch Clock:-       7                  
       Input Delay:-     990                  
         Data Path:-       0                  
             Slack:=    2088                  

Exceptions/Constraints:
  input_delay             990             dut.sdc_line_15_43_1   

#----------------------------------------------------------------------------------
#   Timing Point    Flags   Arc   Edge      Cell        Fanout Trans Delay Arrival 
#                                                               (ps)  (ps)   (ps)  
#----------------------------------------------------------------------------------
  x_in[2][6]        -       -     R     (arrival)            1    42     0     997 
  x_reg_reg[2][6]/D -       -     R     DFFRPQ_X1M_A9TL      1     -     0     997 
#----------------------------------------------------------------------------------



Path 25: MET (2088 ps) Setup Check with Pin x_reg_reg[3][4]/CK->D
          Group: in2reg
     Startpoint: (R) x_in[3][4]
          Clock: (R) clk
       Endpoint: (R) x_reg_reg[3][4]/D
          Clock: (R) clk

                     Capture       Launch     
        Clock Edge:+    3300            0     
        Drv Adjust:+       0            7     
       Src Latency:+       0            0     
       Net Latency:+       0 (I)        0 (I) 
           Arrival:=    3300            7     
                                              
             Setup:-      90                  
       Uncertainty:-     125                  
     Required Time:=    3085                  
      Launch Clock:-       7                  
       Input Delay:-     990                  
         Data Path:-       0                  
             Slack:=    2088                  

Exceptions/Constraints:
  input_delay             990             dut.sdc_line_15_37_1   

#----------------------------------------------------------------------------------
#   Timing Point    Flags   Arc   Edge      Cell        Fanout Trans Delay Arrival 
#                                                               (ps)  (ps)   (ps)  
#----------------------------------------------------------------------------------
  x_in[3][4]        -       -     R     (arrival)            1    42     0     997 
  x_reg_reg[3][4]/D -       -     R     DFFRPQ_X1M_A9TL      1     -     0     997 
#----------------------------------------------------------------------------------



Path 26: MET (2088 ps) Setup Check with Pin x_reg_reg[5][6]/CK->D
          Group: in2reg
     Startpoint: (R) x_in[5][6]
          Clock: (R) clk
       Endpoint: (R) x_reg_reg[5][6]/D
          Clock: (R) clk

                     Capture       Launch     
        Clock Edge:+    3300            0     
        Drv Adjust:+       0            7     
       Src Latency:+       0            0     
       Net Latency:+       0 (I)        0 (I) 
           Arrival:=    3300            7     
                                              
             Setup:-      90                  
       Uncertainty:-     125                  
     Required Time:=    3085                  
      Launch Clock:-       7                  
       Input Delay:-     990                  
         Data Path:-       0                  
             Slack:=    2088                  

Exceptions/Constraints:
  input_delay             990             dut.sdc_line_15_19_1   

#----------------------------------------------------------------------------------
#   Timing Point    Flags   Arc   Edge      Cell        Fanout Trans Delay Arrival 
#                                                               (ps)  (ps)   (ps)  
#----------------------------------------------------------------------------------
  x_in[5][6]        -       -     R     (arrival)            1    42     0     997 
  x_reg_reg[5][6]/D -       -     R     DFFRPQ_X1M_A9TL      1     -     0     997 
#----------------------------------------------------------------------------------



Path 27: MET (2088 ps) Setup Check with Pin x_reg_reg[7][4]/CK->D
          Group: in2reg
     Startpoint: (R) x_in[7][4]
          Clock: (R) clk
       Endpoint: (R) x_reg_reg[7][4]/D
          Clock: (R) clk

                     Capture       Launch     
        Clock Edge:+    3300            0     
        Drv Adjust:+       0            7     
       Src Latency:+       0            0     
       Net Latency:+       0 (I)        0 (I) 
           Arrival:=    3300            7     
                                              
             Setup:-      90                  
       Uncertainty:-     125                  
     Required Time:=    3085                  
      Launch Clock:-       7                  
       Input Delay:-     990                  
         Data Path:-       0                  
             Slack:=    2088                  

Exceptions/Constraints:
  input_delay             990             dut.sdc_line_15_5_1   

#----------------------------------------------------------------------------------
#   Timing Point    Flags   Arc   Edge      Cell        Fanout Trans Delay Arrival 
#                                                               (ps)  (ps)   (ps)  
#----------------------------------------------------------------------------------
  x_in[7][4]        -       -     R     (arrival)            1    42     0     997 
  x_reg_reg[7][4]/D -       -     R     DFFRPQ_X1M_A9TL      1     -     0     997 
#----------------------------------------------------------------------------------



Path 28: MET (2088 ps) Setup Check with Pin x_reg_reg[7][6]/CK->D
          Group: in2reg
     Startpoint: (R) x_in[7][6]
          Clock: (R) clk
       Endpoint: (R) x_reg_reg[7][6]/D
          Clock: (R) clk

                     Capture       Launch     
        Clock Edge:+    3300            0     
        Drv Adjust:+       0            7     
       Src Latency:+       0            0     
       Net Latency:+       0 (I)        0 (I) 
           Arrival:=    3300            7     
                                              
             Setup:-      90                  
       Uncertainty:-     125                  
     Required Time:=    3085                  
      Launch Clock:-       7                  
       Input Delay:-     990                  
         Data Path:-       0                  
             Slack:=    2088                  

Exceptions/Constraints:
  input_delay             990             dut.sdc_line_15_3_1   

#----------------------------------------------------------------------------------
#   Timing Point    Flags   Arc   Edge      Cell        Fanout Trans Delay Arrival 
#                                                               (ps)  (ps)   (ps)  
#----------------------------------------------------------------------------------
  x_in[7][6]        -       -     R     (arrival)            1    42     0     997 
  x_reg_reg[7][6]/D -       -     R     DFFRPQ_X1M_A9TL      1     -     0     997 
#----------------------------------------------------------------------------------



Path 29: MET (2090 ps) Setup Check with Pin x_reg_reg[7][0]/CK->D
          Group: in2reg
     Startpoint: (F) x_in[7][0]
          Clock: (R) clk
       Endpoint: (F) x_reg_reg[7][0]/D
          Clock: (R) clk

                     Capture       Launch     
        Clock Edge:+    3300            0     
        Drv Adjust:+       0            6     
       Src Latency:+       0            0     
       Net Latency:+       0 (I)        0 (I) 
           Arrival:=    3300            6     
                                              
             Setup:-      88                  
       Uncertainty:-     125                  
     Required Time:=    3086                  
      Launch Clock:-       6                  
       Input Delay:-     990                  
         Data Path:-       0                  
             Slack:=    2090                  

Exceptions/Constraints:
  input_delay             990             dut.sdc_line_15_9_1   

#----------------------------------------------------------------------------------
#   Timing Point    Flags   Arc   Edge      Cell        Fanout Trans Delay Arrival 
#                                                               (ps)  (ps)   (ps)  
#----------------------------------------------------------------------------------
  x_in[7][0]        -       -     F     (arrival)            1    43     0     996 
  x_reg_reg[7][0]/D -       -     F     DFFRPQ_X4M_A9TL      1     -     0     996 
#----------------------------------------------------------------------------------



Path 30: MET (2090 ps) Setup Check with Pin x_reg_reg[6][0]/CK->D
          Group: in2reg
     Startpoint: (F) x_in[6][0]
          Clock: (R) clk
       Endpoint: (F) x_reg_reg[6][0]/D
          Clock: (R) clk

                     Capture       Launch     
        Clock Edge:+    3300            0     
        Drv Adjust:+       0            6     
       Src Latency:+       0            0     
       Net Latency:+       0 (I)        0 (I) 
           Arrival:=    3300            6     
                                              
             Setup:-      88                  
       Uncertainty:-     125                  
     Required Time:=    3086                  
      Launch Clock:-       6                  
       Input Delay:-     990                  
         Data Path:-       0                  
             Slack:=    2090                  

Exceptions/Constraints:
  input_delay             990             dut.sdc_line_15_17_1   

#----------------------------------------------------------------------------------
#   Timing Point    Flags   Arc   Edge      Cell        Fanout Trans Delay Arrival 
#                                                               (ps)  (ps)   (ps)  
#----------------------------------------------------------------------------------
  x_in[6][0]        -       -     F     (arrival)            1    43     0     996 
  x_reg_reg[6][0]/D -       -     F     DFFRPQ_X4M_A9TL      1     -     0     996 
#----------------------------------------------------------------------------------



Path 31: MET (2090 ps) Setup Check with Pin x_reg_reg[5][0]/CK->D
          Group: in2reg
     Startpoint: (F) x_in[5][0]
          Clock: (R) clk
       Endpoint: (F) x_reg_reg[5][0]/D
          Clock: (R) clk

                     Capture       Launch     
        Clock Edge:+    3300            0     
        Drv Adjust:+       0            6     
       Src Latency:+       0            0     
       Net Latency:+       0 (I)        0 (I) 
           Arrival:=    3300            6     
                                              
             Setup:-      88                  
       Uncertainty:-     125                  
     Required Time:=    3086                  
      Launch Clock:-       6                  
       Input Delay:-     990                  
         Data Path:-       0                  
             Slack:=    2090                  

Exceptions/Constraints:
  input_delay             990             dut.sdc_line_15_25_1   

#----------------------------------------------------------------------------------
#   Timing Point    Flags   Arc   Edge      Cell        Fanout Trans Delay Arrival 
#                                                               (ps)  (ps)   (ps)  
#----------------------------------------------------------------------------------
  x_in[5][0]        -       -     F     (arrival)            1    43     0     996 
  x_reg_reg[5][0]/D -       -     F     DFFRPQ_X4M_A9TL      1     -     0     996 
#----------------------------------------------------------------------------------



Path 32: MET (2090 ps) Setup Check with Pin x_reg_reg[4][0]/CK->D
          Group: in2reg
     Startpoint: (F) x_in[4][0]
          Clock: (R) clk
       Endpoint: (F) x_reg_reg[4][0]/D
          Clock: (R) clk

                     Capture       Launch     
        Clock Edge:+    3300            0     
        Drv Adjust:+       0            6     
       Src Latency:+       0            0     
       Net Latency:+       0 (I)        0 (I) 
           Arrival:=    3300            6     
                                              
             Setup:-      88                  
       Uncertainty:-     125                  
     Required Time:=    3086                  
      Launch Clock:-       6                  
       Input Delay:-     990                  
         Data Path:-       0                  
             Slack:=    2090                  

Exceptions/Constraints:
  input_delay             990             dut.sdc_line_15_33_1   

#----------------------------------------------------------------------------------
#   Timing Point    Flags   Arc   Edge      Cell        Fanout Trans Delay Arrival 
#                                                               (ps)  (ps)   (ps)  
#----------------------------------------------------------------------------------
  x_in[4][0]        -       -     F     (arrival)            1    43     0     996 
  x_reg_reg[4][0]/D -       -     F     DFFRPQ_X4M_A9TL      1     -     0     996 
#----------------------------------------------------------------------------------



Path 33: MET (2090 ps) Setup Check with Pin x_reg_reg[3][0]/CK->D
          Group: in2reg
     Startpoint: (F) x_in[3][0]
          Clock: (R) clk
       Endpoint: (F) x_reg_reg[3][0]/D
          Clock: (R) clk

                     Capture       Launch     
        Clock Edge:+    3300            0     
        Drv Adjust:+       0            6     
       Src Latency:+       0            0     
       Net Latency:+       0 (I)        0 (I) 
           Arrival:=    3300            6     
                                              
             Setup:-      88                  
       Uncertainty:-     125                  
     Required Time:=    3086                  
      Launch Clock:-       6                  
       Input Delay:-     990                  
         Data Path:-       0                  
             Slack:=    2090                  

Exceptions/Constraints:
  input_delay             990             dut.sdc_line_15_41_1   

#----------------------------------------------------------------------------------
#   Timing Point    Flags   Arc   Edge      Cell        Fanout Trans Delay Arrival 
#                                                               (ps)  (ps)   (ps)  
#----------------------------------------------------------------------------------
  x_in[3][0]        -       -     F     (arrival)            1    43     0     996 
  x_reg_reg[3][0]/D -       -     F     DFFRPQ_X4M_A9TL      1     -     0     996 
#----------------------------------------------------------------------------------



Path 34: MET (2090 ps) Setup Check with Pin x_reg_reg[2][0]/CK->D
          Group: in2reg
     Startpoint: (F) x_in[2][0]
          Clock: (R) clk
       Endpoint: (F) x_reg_reg[2][0]/D
          Clock: (R) clk

                     Capture       Launch     
        Clock Edge:+    3300            0     
        Drv Adjust:+       0            6     
       Src Latency:+       0            0     
       Net Latency:+       0 (I)        0 (I) 
           Arrival:=    3300            6     
                                              
             Setup:-      88                  
       Uncertainty:-     125                  
     Required Time:=    3086                  
      Launch Clock:-       6                  
       Input Delay:-     990                  
         Data Path:-       0                  
             Slack:=    2090                  

Exceptions/Constraints:
  input_delay             990             dut.sdc_line_15_49_1   

#----------------------------------------------------------------------------------
#   Timing Point    Flags   Arc   Edge      Cell        Fanout Trans Delay Arrival 
#                                                               (ps)  (ps)   (ps)  
#----------------------------------------------------------------------------------
  x_in[2][0]        -       -     F     (arrival)            1    43     0     996 
  x_reg_reg[2][0]/D -       -     F     DFFRPQ_X4M_A9TL      1     -     0     996 
#----------------------------------------------------------------------------------



Path 35: MET (2090 ps) Setup Check with Pin x_reg_reg[1][0]/CK->D
          Group: in2reg
     Startpoint: (F) x_in[1][0]
          Clock: (R) clk
       Endpoint: (F) x_reg_reg[1][0]/D
          Clock: (R) clk

                     Capture       Launch     
        Clock Edge:+    3300            0     
        Drv Adjust:+       0            6     
       Src Latency:+       0            0     
       Net Latency:+       0 (I)        0 (I) 
           Arrival:=    3300            6     
                                              
             Setup:-      88                  
       Uncertainty:-     125                  
     Required Time:=    3086                  
      Launch Clock:-       6                  
       Input Delay:-     990                  
         Data Path:-       0                  
             Slack:=    2090                  

Exceptions/Constraints:
  input_delay             990             dut.sdc_line_15_57_1   

#----------------------------------------------------------------------------------
#   Timing Point    Flags   Arc   Edge      Cell        Fanout Trans Delay Arrival 
#                                                               (ps)  (ps)   (ps)  
#----------------------------------------------------------------------------------
  x_in[1][0]        -       -     F     (arrival)            1    43     0     996 
  x_reg_reg[1][0]/D -       -     F     DFFRPQ_X4M_A9TL      1     -     0     996 
#----------------------------------------------------------------------------------



Path 36: MET (2090 ps) Setup Check with Pin x_reg_reg[0][0]/CK->D
          Group: in2reg
     Startpoint: (F) x_in[0][0]
          Clock: (R) clk
       Endpoint: (F) x_reg_reg[0][0]/D
          Clock: (R) clk

                     Capture       Launch     
        Clock Edge:+    3300            0     
        Drv Adjust:+       0            6     
       Src Latency:+       0            0     
       Net Latency:+       0 (I)        0 (I) 
           Arrival:=    3300            6     
                                              
             Setup:-      88                  
       Uncertainty:-     125                  
     Required Time:=    3086                  
      Launch Clock:-       6                  
       Input Delay:-     990                  
         Data Path:-       0                  
             Slack:=    2090                  

Exceptions/Constraints:
  input_delay             990             dut.sdc_line_15_65_1   

#----------------------------------------------------------------------------------
#   Timing Point    Flags   Arc   Edge      Cell        Fanout Trans Delay Arrival 
#                                                               (ps)  (ps)   (ps)  
#----------------------------------------------------------------------------------
  x_in[0][0]        -       -     F     (arrival)            1    43     0     996 
  x_reg_reg[0][0]/D -       -     F     DFFRPQ_X4M_A9TL      1     -     0     996 
#----------------------------------------------------------------------------------



Path 37: MET (2090 ps) Setup Check with Pin x_reg_reg[0][1]/CK->D
          Group: in2reg
     Startpoint: (F) x_in[0][1]
          Clock: (R) clk
       Endpoint: (F) x_reg_reg[0][1]/D
          Clock: (R) clk

                     Capture       Launch     
        Clock Edge:+    3300            0     
        Drv Adjust:+       0            6     
       Src Latency:+       0            0     
       Net Latency:+       0 (I)        0 (I) 
           Arrival:=    3300            6     
                                              
             Setup:-      88                  
       Uncertainty:-     125                  
     Required Time:=    3086                  
      Launch Clock:-       6                  
       Input Delay:-     990                  
         Data Path:-       0                  
             Slack:=    2090                  

Exceptions/Constraints:
  input_delay             990             dut.sdc_line_15_64_1   

#----------------------------------------------------------------------------------
#   Timing Point    Flags   Arc   Edge      Cell        Fanout Trans Delay Arrival 
#                                                               (ps)  (ps)   (ps)  
#----------------------------------------------------------------------------------
  x_in[0][1]        -       -     F     (arrival)            1    43     0     996 
  x_reg_reg[0][1]/D -       -     F     DFFRPQ_X4M_A9TL      1     -     0     996 
#----------------------------------------------------------------------------------



Path 38: MET (2090 ps) Setup Check with Pin x_reg_reg[0][5]/CK->D
          Group: in2reg
     Startpoint: (F) x_in[0][5]
          Clock: (R) clk
       Endpoint: (F) x_reg_reg[0][5]/D
          Clock: (R) clk

                     Capture       Launch     
        Clock Edge:+    3300            0     
        Drv Adjust:+       0            6     
       Src Latency:+       0            0     
       Net Latency:+       0 (I)        0 (I) 
           Arrival:=    3300            6     
                                              
             Setup:-      88                  
       Uncertainty:-     125                  
     Required Time:=    3086                  
      Launch Clock:-       6                  
       Input Delay:-     990                  
         Data Path:-       0                  
             Slack:=    2090                  

Exceptions/Constraints:
  input_delay             990             dut.sdc_line_15_60_1   

#----------------------------------------------------------------------------------
#   Timing Point    Flags   Arc   Edge      Cell        Fanout Trans Delay Arrival 
#                                                               (ps)  (ps)   (ps)  
#----------------------------------------------------------------------------------
  x_in[0][5]        -       -     F     (arrival)            1    43     0     996 
  x_reg_reg[0][5]/D -       -     F     DFFRPQ_X4M_A9TL      1     -     0     996 
#----------------------------------------------------------------------------------



Path 39: MET (2090 ps) Setup Check with Pin x_reg_reg[0][3]/CK->D
          Group: in2reg
     Startpoint: (F) x_in[0][3]
          Clock: (R) clk
       Endpoint: (F) x_reg_reg[0][3]/D
          Clock: (R) clk

                     Capture       Launch     
        Clock Edge:+    3300            0     
        Drv Adjust:+       0            6     
       Src Latency:+       0            0     
       Net Latency:+       0 (I)        0 (I) 
           Arrival:=    3300            6     
                                              
             Setup:-      88                  
       Uncertainty:-     125                  
     Required Time:=    3086                  
      Launch Clock:-       6                  
       Input Delay:-     990                  
         Data Path:-       0                  
             Slack:=    2090                  

Exceptions/Constraints:
  input_delay             990             dut.sdc_line_15_62_1   

#----------------------------------------------------------------------------------
#   Timing Point    Flags   Arc   Edge      Cell        Fanout Trans Delay Arrival 
#                                                               (ps)  (ps)   (ps)  
#----------------------------------------------------------------------------------
  x_in[0][3]        -       -     F     (arrival)            1    43     0     996 
  x_reg_reg[0][3]/D -       -     F     DFFRPQ_X4M_A9TL      1     -     0     996 
#----------------------------------------------------------------------------------



Path 40: MET (2090 ps) Setup Check with Pin x_reg_reg[0][2]/CK->D
          Group: in2reg
     Startpoint: (F) x_in[0][2]
          Clock: (R) clk
       Endpoint: (F) x_reg_reg[0][2]/D
          Clock: (R) clk

                     Capture       Launch     
        Clock Edge:+    3300            0     
        Drv Adjust:+       0            6     
       Src Latency:+       0            0     
       Net Latency:+       0 (I)        0 (I) 
           Arrival:=    3300            6     
                                              
             Setup:-      88                  
       Uncertainty:-     125                  
     Required Time:=    3086                  
      Launch Clock:-       6                  
       Input Delay:-     990                  
         Data Path:-       0                  
             Slack:=    2090                  

Exceptions/Constraints:
  input_delay             990             dut.sdc_line_15_63_1   

#----------------------------------------------------------------------------------
#   Timing Point    Flags   Arc   Edge      Cell        Fanout Trans Delay Arrival 
#                                                               (ps)  (ps)   (ps)  
#----------------------------------------------------------------------------------
  x_in[0][2]        -       -     F     (arrival)            1    43     0     996 
  x_reg_reg[0][2]/D -       -     F     DFFRPQ_X4M_A9TL      1     -     0     996 
#----------------------------------------------------------------------------------



Path 41: MET (2090 ps) Setup Check with Pin x_reg_reg[0][7]/CK->D
          Group: in2reg
     Startpoint: (F) x_in[0][7]
          Clock: (R) clk
       Endpoint: (F) x_reg_reg[0][7]/D
          Clock: (R) clk

                     Capture       Launch     
        Clock Edge:+    3300            0     
        Drv Adjust:+       0            6     
       Src Latency:+       0            0     
       Net Latency:+       0 (I)        0 (I) 
           Arrival:=    3300            6     
                                              
             Setup:-      88                  
       Uncertainty:-     125                  
     Required Time:=    3086                  
      Launch Clock:-       6                  
       Input Delay:-     990                  
         Data Path:-       0                  
             Slack:=    2090                  

Exceptions/Constraints:
  input_delay             990             dut.sdc_line_15_58_1   

#----------------------------------------------------------------------------------
#   Timing Point    Flags   Arc   Edge      Cell        Fanout Trans Delay Arrival 
#                                                               (ps)  (ps)   (ps)  
#----------------------------------------------------------------------------------
  x_in[0][7]        -       -     F     (arrival)            1    43     0     996 
  x_reg_reg[0][7]/D -       -     F     DFFRPQ_X4M_A9TL      1     -     0     996 
#----------------------------------------------------------------------------------



Path 42: MET (2090 ps) Setup Check with Pin x_reg_reg[1][7]/CK->D
          Group: in2reg
     Startpoint: (F) x_in[1][7]
          Clock: (R) clk
       Endpoint: (F) x_reg_reg[1][7]/D
          Clock: (R) clk

                     Capture       Launch     
        Clock Edge:+    3300            0     
        Drv Adjust:+       0            6     
       Src Latency:+       0            0     
       Net Latency:+       0 (I)        0 (I) 
           Arrival:=    3300            6     
                                              
             Setup:-      88                  
       Uncertainty:-     125                  
     Required Time:=    3086                  
      Launch Clock:-       6                  
       Input Delay:-     990                  
         Data Path:-       0                  
             Slack:=    2090                  

Exceptions/Constraints:
  input_delay             990             dut.sdc_line_15_50_1   

#----------------------------------------------------------------------------------
#   Timing Point    Flags   Arc   Edge      Cell        Fanout Trans Delay Arrival 
#                                                               (ps)  (ps)   (ps)  
#----------------------------------------------------------------------------------
  x_in[1][7]        -       -     F     (arrival)            1    43     0     996 
  x_reg_reg[1][7]/D -       -     F     DFFRPQ_X4M_A9TL      1     -     0     996 
#----------------------------------------------------------------------------------



Path 43: MET (2090 ps) Setup Check with Pin x_reg_reg[1][1]/CK->D
          Group: in2reg
     Startpoint: (F) x_in[1][1]
          Clock: (R) clk
       Endpoint: (F) x_reg_reg[1][1]/D
          Clock: (R) clk

                     Capture       Launch     
        Clock Edge:+    3300            0     
        Drv Adjust:+       0            6     
       Src Latency:+       0            0     
       Net Latency:+       0 (I)        0 (I) 
           Arrival:=    3300            6     
                                              
             Setup:-      88                  
       Uncertainty:-     125                  
     Required Time:=    3086                  
      Launch Clock:-       6                  
       Input Delay:-     990                  
         Data Path:-       0                  
             Slack:=    2090                  

Exceptions/Constraints:
  input_delay             990             dut.sdc_line_15_56_1   

#----------------------------------------------------------------------------------
#   Timing Point    Flags   Arc   Edge      Cell        Fanout Trans Delay Arrival 
#                                                               (ps)  (ps)   (ps)  
#----------------------------------------------------------------------------------
  x_in[1][1]        -       -     F     (arrival)            1    43     0     996 
  x_reg_reg[1][1]/D -       -     F     DFFRPQ_X4M_A9TL      1     -     0     996 
#----------------------------------------------------------------------------------



Path 44: MET (2090 ps) Setup Check with Pin x_reg_reg[1][3]/CK->D
          Group: in2reg
     Startpoint: (F) x_in[1][3]
          Clock: (R) clk
       Endpoint: (F) x_reg_reg[1][3]/D
          Clock: (R) clk

                     Capture       Launch     
        Clock Edge:+    3300            0     
        Drv Adjust:+       0            6     
       Src Latency:+       0            0     
       Net Latency:+       0 (I)        0 (I) 
           Arrival:=    3300            6     
                                              
             Setup:-      88                  
       Uncertainty:-     125                  
     Required Time:=    3086                  
      Launch Clock:-       6                  
       Input Delay:-     990                  
         Data Path:-       0                  
             Slack:=    2090                  

Exceptions/Constraints:
  input_delay             990             dut.sdc_line_15_54_1   

#----------------------------------------------------------------------------------
#   Timing Point    Flags   Arc   Edge      Cell        Fanout Trans Delay Arrival 
#                                                               (ps)  (ps)   (ps)  
#----------------------------------------------------------------------------------
  x_in[1][3]        -       -     F     (arrival)            1    43     0     996 
  x_reg_reg[1][3]/D -       -     F     DFFRPQ_X4M_A9TL      1     -     0     996 
#----------------------------------------------------------------------------------



Path 45: MET (2090 ps) Setup Check with Pin x_reg_reg[1][2]/CK->D
          Group: in2reg
     Startpoint: (F) x_in[1][2]
          Clock: (R) clk
       Endpoint: (F) x_reg_reg[1][2]/D
          Clock: (R) clk

                     Capture       Launch     
        Clock Edge:+    3300            0     
        Drv Adjust:+       0            6     
       Src Latency:+       0            0     
       Net Latency:+       0 (I)        0 (I) 
           Arrival:=    3300            6     
                                              
             Setup:-      88                  
       Uncertainty:-     125                  
     Required Time:=    3086                  
      Launch Clock:-       6                  
       Input Delay:-     990                  
         Data Path:-       0                  
             Slack:=    2090                  

Exceptions/Constraints:
  input_delay             990             dut.sdc_line_15_55_1   

#----------------------------------------------------------------------------------
#   Timing Point    Flags   Arc   Edge      Cell        Fanout Trans Delay Arrival 
#                                                               (ps)  (ps)   (ps)  
#----------------------------------------------------------------------------------
  x_in[1][2]        -       -     F     (arrival)            1    43     0     996 
  x_reg_reg[1][2]/D -       -     F     DFFRPQ_X4M_A9TL      1     -     0     996 
#----------------------------------------------------------------------------------



Path 46: MET (2090 ps) Setup Check with Pin x_reg_reg[2][2]/CK->D
          Group: in2reg
     Startpoint: (F) x_in[2][2]
          Clock: (R) clk
       Endpoint: (F) x_reg_reg[2][2]/D
          Clock: (R) clk

                     Capture       Launch     
        Clock Edge:+    3300            0     
        Drv Adjust:+       0            6     
       Src Latency:+       0            0     
       Net Latency:+       0 (I)        0 (I) 
           Arrival:=    3300            6     
                                              
             Setup:-      88                  
       Uncertainty:-     125                  
     Required Time:=    3086                  
      Launch Clock:-       6                  
       Input Delay:-     990                  
         Data Path:-       0                  
             Slack:=    2090                  

Exceptions/Constraints:
  input_delay             990             dut.sdc_line_15_47_1   

#----------------------------------------------------------------------------------
#   Timing Point    Flags   Arc   Edge      Cell        Fanout Trans Delay Arrival 
#                                                               (ps)  (ps)   (ps)  
#----------------------------------------------------------------------------------
  x_in[2][2]        -       -     F     (arrival)            1    43     0     996 
  x_reg_reg[2][2]/D -       -     F     DFFRPQ_X4M_A9TL      1     -     0     996 
#----------------------------------------------------------------------------------



Path 47: MET (2090 ps) Setup Check with Pin x_reg_reg[2][1]/CK->D
          Group: in2reg
     Startpoint: (F) x_in[2][1]
          Clock: (R) clk
       Endpoint: (F) x_reg_reg[2][1]/D
          Clock: (R) clk

                     Capture       Launch     
        Clock Edge:+    3300            0     
        Drv Adjust:+       0            6     
       Src Latency:+       0            0     
       Net Latency:+       0 (I)        0 (I) 
           Arrival:=    3300            6     
                                              
             Setup:-      88                  
       Uncertainty:-     125                  
     Required Time:=    3086                  
      Launch Clock:-       6                  
       Input Delay:-     990                  
         Data Path:-       0                  
             Slack:=    2090                  

Exceptions/Constraints:
  input_delay             990             dut.sdc_line_15_48_1   

#----------------------------------------------------------------------------------
#   Timing Point    Flags   Arc   Edge      Cell        Fanout Trans Delay Arrival 
#                                                               (ps)  (ps)   (ps)  
#----------------------------------------------------------------------------------
  x_in[2][1]        -       -     F     (arrival)            1    43     0     996 
  x_reg_reg[2][1]/D -       -     F     DFFRPQ_X4M_A9TL      1     -     0     996 
#----------------------------------------------------------------------------------



Path 48: MET (2090 ps) Setup Check with Pin x_reg_reg[2][5]/CK->D
          Group: in2reg
     Startpoint: (F) x_in[2][5]
          Clock: (R) clk
       Endpoint: (F) x_reg_reg[2][5]/D
          Clock: (R) clk

                     Capture       Launch     
        Clock Edge:+    3300            0     
        Drv Adjust:+       0            6     
       Src Latency:+       0            0     
       Net Latency:+       0 (I)        0 (I) 
           Arrival:=    3300            6     
                                              
             Setup:-      88                  
       Uncertainty:-     125                  
     Required Time:=    3086                  
      Launch Clock:-       6                  
       Input Delay:-     990                  
         Data Path:-       0                  
             Slack:=    2090                  

Exceptions/Constraints:
  input_delay             990             dut.sdc_line_15_44_1   

#----------------------------------------------------------------------------------
#   Timing Point    Flags   Arc   Edge      Cell        Fanout Trans Delay Arrival 
#                                                               (ps)  (ps)   (ps)  
#----------------------------------------------------------------------------------
  x_in[2][5]        -       -     F     (arrival)            1    43     0     996 
  x_reg_reg[2][5]/D -       -     F     DFFRPQ_X4M_A9TL      1     -     0     996 
#----------------------------------------------------------------------------------



Path 49: MET (2090 ps) Setup Check with Pin x_reg_reg[2][7]/CK->D
          Group: in2reg
     Startpoint: (F) x_in[2][7]
          Clock: (R) clk
       Endpoint: (F) x_reg_reg[2][7]/D
          Clock: (R) clk

                     Capture       Launch     
        Clock Edge:+    3300            0     
        Drv Adjust:+       0            6     
       Src Latency:+       0            0     
       Net Latency:+       0 (I)        0 (I) 
           Arrival:=    3300            6     
                                              
             Setup:-      88                  
       Uncertainty:-     125                  
     Required Time:=    3086                  
      Launch Clock:-       6                  
       Input Delay:-     990                  
         Data Path:-       0                  
             Slack:=    2090                  

Exceptions/Constraints:
  input_delay             990             dut.sdc_line_15_42_1   

#----------------------------------------------------------------------------------
#   Timing Point    Flags   Arc   Edge      Cell        Fanout Trans Delay Arrival 
#                                                               (ps)  (ps)   (ps)  
#----------------------------------------------------------------------------------
  x_in[2][7]        -       -     F     (arrival)            1    43     0     996 
  x_reg_reg[2][7]/D -       -     F     DFFRPQ_X4M_A9TL      1     -     0     996 
#----------------------------------------------------------------------------------



Path 50: MET (2090 ps) Setup Check with Pin x_reg_reg[2][4]/CK->D
          Group: in2reg
     Startpoint: (F) x_in[2][4]
          Clock: (R) clk
       Endpoint: (F) x_reg_reg[2][4]/D
          Clock: (R) clk

                     Capture       Launch     
        Clock Edge:+    3300            0     
        Drv Adjust:+       0            6     
       Src Latency:+       0            0     
       Net Latency:+       0 (I)        0 (I) 
           Arrival:=    3300            6     
                                              
             Setup:-      88                  
       Uncertainty:-     125                  
     Required Time:=    3086                  
      Launch Clock:-       6                  
       Input Delay:-     990                  
         Data Path:-       0                  
             Slack:=    2090                  

Exceptions/Constraints:
  input_delay             990             dut.sdc_line_15_45_1   

#----------------------------------------------------------------------------------
#   Timing Point    Flags   Arc   Edge      Cell        Fanout Trans Delay Arrival 
#                                                               (ps)  (ps)   (ps)  
#----------------------------------------------------------------------------------
  x_in[2][4]        -       -     F     (arrival)            1    43     0     996 
  x_reg_reg[2][4]/D -       -     F     DFFRPQ_X4M_A9TL      1     -     0     996 
#----------------------------------------------------------------------------------

