============================================================
  Generated by:           Genus(TM) Synthesis Solution 25.12-s067_1
  Generated on:           Sep 28 2026  12:09:36 am
  Module:                 ibert_rmsnorm
  Operating conditions:   ss_typical_max_0p90v_125c (balanced_tree)
  Wireload mode:          top
  Area mode:              timing library
============================================================


Path 1: MET (1870 ps) Late External Delay Assertion at pin y_out[0][0]
          Group: reg2out
     Startpoint: (R) y_out_reg[0][0]/CK
          Clock: (R) clk
       Endpoint: (R) y_out[0][0]
          Clock: (R) clk

                     Capture       Launch     
        Clock Edge:+    3300            0     
       Src Latency:+       0            0     
       Net Latency:+       0 (I)        0 (I) 
           Arrival:=    3300            0     
                                              
      Output Delay:-     990                  
       Uncertainty:-     125                  
     Required Time:=    2185                  
      Launch Clock:-       0                  
         Data Path:-     315                  
             Slack:=    1870                  

Exceptions/Constraints:
  output_delay             990             dut.sdc_line_17_128_1   

#-----------------------------------------------------------------------------------
#   Timing Point     Flags   Arc   Edge      Cell        Fanout Trans Delay Arrival 
#                                                                (ps)  (ps)   (ps)  
#-----------------------------------------------------------------------------------
  y_out_reg[0][0]/CK -       -     R     (arrival)           64     0     0       0 
  y_out_reg[0][0]/Q  -       CK->Q R     DFFRPQ_X1M_A9TL      1    93   315     315 
  y_out[0][0]        -       -     R     (port)               -     -     0     315 
#-----------------------------------------------------------------------------------

