============================================================
  Generated by:           Genus(TM) Synthesis Solution 25.12-s067_1
  Generated on:           Sep 28 2026  12:09:37 am
  Module:                 ibert_rmsnorm
  Operating conditions:   ss_typical_max_0p90v_125c (balanced_tree)
  Wireload mode:          top
  Area mode:              timing library
============================================================


Path 1: MET (0 ps) Setup Check with Pin mean_sq_reg[9]/CK->D
          Group: reg2reg
     Startpoint: (R) x_reg_reg[5][7]/CK
          Clock: (R) clk
       Endpoint: (R) mean_sq_reg[9]/D
          Clock: (R) clk

                     Capture       Launch     
        Clock Edge:+    3300            0     
       Src Latency:+       0            0     
       Net Latency:+       0 (I)        0 (I) 
           Arrival:=    3300            0     
                                              
             Setup:-     126                  
       Uncertainty:-     125                  
     Required Time:=    3049                  
      Launch Clock:-       0                  
         Data Path:-    3049                  
             Slack:=       0                  


