
 	 Check Design Report (c)
	 ------------------- 
No subdesign's name is greater than 1.5k in length.

 Feedthrough Module(s)
 -------------------------
No feed through module in 'softmax_base'

  Unresolved References & Empty Modules
  ------------------------------------- 
No unresolved references in design 'softmax_base'

No empty modules in design 'softmax_base'

 Unloaded Pin(s), Port(s)
 -------------------------
design 'softmax_base' has the following unloaded sequential elements
inst:softmax_base/u_decompose/u_max_tree/v_pipe_reg[2]
Total number of unloaded sequential elements in design 'softmax_base' : 1

No unloaded port in 'softmax_base'

 Unloaded Combinational Pin(s)
 -------------------------------
design 'softmax_base' has the following unloaded combinational elements
pin:softmax_base/u_decompose/GEN_EXP[0].u_tr_exp/qd/g6/z
pin:softmax_base/u_decompose/GEN_EXP[0].u_tr_exp/qd/g13/z
pin:softmax_base/u_decompose/GEN_EXP[1].u_tr_exp/qd/g6/z
pin:softmax_base/u_decompose/GEN_EXP[1].u_tr_exp/qd/g13/z
pin:softmax_base/u_decompose/GEN_EXP[2].u_tr_exp/qd/g6/z
pin:softmax_base/u_decompose/GEN_EXP[2].u_tr_exp/qd/g13/z
pin:softmax_base/u_decompose/GEN_EXP[3].u_tr_exp/qd/g6/z
pin:softmax_base/u_decompose/GEN_EXP[3].u_tr_exp/qd/g13/z
pin:softmax_base/u_decompose/GEN_EXP[4].u_tr_exp/qd/g6/z
pin:softmax_base/u_decompose/GEN_EXP[4].u_tr_exp/qd/g13/z
pin:softmax_base/u_decompose/GEN_EXP[5].u_tr_exp/qd/g6/z
pin:softmax_base/u_decompose/GEN_EXP[5].u_tr_exp/qd/g13/z
pin:softmax_base/u_decompose/GEN_EXP[6].u_tr_exp/qd/g6/z
pin:softmax_base/u_decompose/GEN_EXP[6].u_tr_exp/qd/g13/z
pin:softmax_base/u_decompose/GEN_EXP[7].u_tr_exp/qd/g6/z
pin:softmax_base/u_decompose/GEN_EXP[7].u_tr_exp/qd/g13/z
pin:softmax_base/dsp_mac/add_138_26_I7/g3/z
pin:softmax_base/dsp_mac/add_138_26_I7/g260/z
pin:softmax_base/dsp_mac/add_138_26_I7/g263/z
pin:softmax_base/u_reciprocal/u_ln/add_33_36/g4/z
pin:softmax_base/u_reciprocal/u_ln/add_33_36/g181/z
pin:softmax_base/u_reciprocal/u_ln/add_33_36/g184/z
pin:softmax_base/u_reciprocal/u_ln/add_33_36/g186/z
pin:softmax_base/u_reciprocal/u_ln/add_33_36/g189/z
pin:softmax_base/u_reciprocal/mul_78_35/g1/z
pin:softmax_base/u_reciprocal/mul_78_35/g419/z
pin:softmax_base/u_reciprocal/mul_78_35/g422/z
pin:softmax_base/u_reciprocal/mul_78_35/g425/z
pin:softmax_base/u_reciprocal/mul_78_35/g448/z
pin:softmax_base/u_reciprocal/mul_78_35/g451/z
pin:softmax_base/u_reciprocal/mul_78_35/g453/z
pin:softmax_base/u_reciprocal/mul_78_35/g455/z
Total number of unloaded combinational elements in design 'softmax_base' : 32

 Assigns
 ------- 
Encountered an assign statement at hport 'hport:softmax_base/u_decompose/GEN_EXP[0].u_tr_exp/uut/is_ceil' in module q4_4_round_neg
Encountered an assign statement at hport 'hport:softmax_base/u_decompose/GEN_EXP[0].u_tr_exp/mantisa[7]' in module tr_exp_ITER1
Encountered an assign statement at hport 'hport:softmax_base/u_decompose/GEN_EXP[0].u_tr_exp/mantisa[6]' in module tr_exp_ITER1
Encountered an assign statement at hport 'hport:softmax_base/u_decompose/GEN_EXP[0].u_tr_exp/mantisa[5]' in module tr_exp_ITER1
Encountered an assign statement at hport 'hport:softmax_base/u_decompose/GEN_EXP[0].u_tr_exp/mantisa[3]' in module tr_exp_ITER1
Encountered an assign statement at hport 'hport:softmax_base/u_decompose/GEN_EXP[0].u_tr_exp/mantisa[2]' in module tr_exp_ITER1
Encountered an assign statement at hport 'hport:softmax_base/u_decompose/GEN_EXP[0].u_tr_exp/mantisa[1]' in module tr_exp_ITER1
Encountered an assign statement at hport 'hport:softmax_base/u_decompose/GEN_EXP[0].u_tr_exp/mantisa[0]' in module tr_exp_ITER1
Encountered an assign statement at hport 'hport:softmax_base/u_reciprocal/u_ln/sub_23_32/Z[7]' in module sub_unsigned
Encountered an assign statement at hport 'hport:softmax_base/u_reciprocal/u_ln/sub_23_32/Z[6]' in module sub_unsigned
Encountered an assign statement at hport 'hport:softmax_base/u_reciprocal/u_ln/ctl_xq_17_17/out_0[16]' in module case_box
Encountered an assign statement at hport 'hport:softmax_base/u_reciprocal/u_exp/mantisa[7]' in module tr_exp_FRAC4_ITER2
Encountered an assign statement at hport 'hport:softmax_base/u_reciprocal/u_exp/mantisa[6]' in module tr_exp_FRAC4_ITER2
Total number of assign statements in design 'softmax_base' : 13

 Undriven Port(s)/Pin(s)
 ------------------------
No undriven combinational pin in 'softmax_base'

No undriven sequential pin in 'softmax_base'

No undriven hierarchical pin in 'softmax_base'

No undriven port in 'softmax_base'

 Multidriven Port(s)/Pin(s)
--------------------------

No multidriven combinational pin in 'softmax_base'

No multidriven sequential pin in 'softmax_base'

No multidriven hierarchical pin in 'softmax_base'

No multidriven ports in 'softmax_base'

No multidriven unloaded nets in 'softmax_base'

  Constant Pin(s)
  ----------------
design 'softmax_base' has the following constant input combinational pin(s)
pin:softmax_base/dsp_mac/g68/in_1
Total number of constant combinational pins in design 'softmax_base' : 1

No constant sequential pin(s) in design 'softmax_base'

design 'softmax_base' has the following constant input hierarchical pin(s)
hpin:softmax_base/dsp_mac/op_mode[1] 	 (fanout : 1)
hpin:softmax_base/dsp_mac/op_mode[0] 	 (fanout : 1)
hpin:softmax_base/dsp_mac/out_ready 	 (fanout : 1)
hpin:softmax_base/lte_104_33/B[4] 	 (fanout : 2)
hpin:softmax_base/lte_104_33/B[3] 	 (fanout : 2)
hpin:softmax_base/lte_104_33/B[2] 	 (fanout : 2)
hpin:softmax_base/lte_104_33/B[1] 	 (fanout : 2)
hpin:softmax_base/lte_104_33/B[0] 	 (fanout : 1)
hpin:softmax_base/mux_104_33/in_1[7] 	 (fanout : 1)
hpin:softmax_base/mux_104_33/in_1[6] 	 (fanout : 1)
hpin:softmax_base/mux_104_33/in_1[5] 	 (fanout : 1)
hpin:softmax_base/mux_104_33/in_1[4] 	 (fanout : 1)
hpin:softmax_base/mux_104_33/in_1[3] 	 (fanout : 1)
hpin:softmax_base/mux_104_33/in_1[2] 	 (fanout : 1)
hpin:softmax_base/mux_104_33/in_1[1] 	 (fanout : 1)
hpin:softmax_base/mux_104_33/in_1[0] 	 (fanout : 1)
hpin:softmax_base/u_decompose/GEN_EXP[0].u_tr_exp/uut/eq_27_44/B 	 (fanout : 1)
hpin:softmax_base/u_decompose/GEN_EXP[0].u_tr_exp/uut/add_24_61/B[1] 	 (fanout : 5)
hpin:softmax_base/u_decompose/GEN_EXP[0].u_tr_exp/uut/add_24_61/B[0] 	 (fanout : 2)
hpin:softmax_base/u_decompose/GEN_EXP[0].u_tr_exp/mux_exp_lut[a_idx]_79_37/in_0[6] 	 (fanout : 1)
hpin:softmax_base/u_decompose/GEN_EXP[0].u_tr_exp/mux_exp_lut[a_idx]_79_37/in_0[5] 	 (fanout : 1)
hpin:softmax_base/u_decompose/GEN_EXP[0].u_tr_exp/mux_exp_lut[a_idx]_79_37/in_0[4] 	 (fanout : 1)
hpin:softmax_base/u_decompose/GEN_EXP[0].u_tr_exp/mux_exp_lut[a_idx]_79_37/in_0[3] 	 (fanout : 1)
hpin:softmax_base/u_decompose/GEN_EXP[0].u_tr_exp/mux_exp_lut[a_idx]_79_37/in_0[2] 	 (fanout : 1)
hpin:softmax_base/u_decompose/GEN_EXP[0].u_tr_exp/mux_exp_lut[a_idx]_79_37/in_0[1] 	 (fanout : 1)
hpin:softmax_base/u_decompose/GEN_EXP[0].u_tr_exp/mux_exp_lut[a_idx]_79_37/in_0[0] 	 (fanout : 1)
hpin:softmax_base/u_decompose/GEN_EXP[0].u_tr_exp/mux_exp_lut[a_idx]_79_37/in_1[6] 	 (fanout : 1)
hpin:softmax_base/u_decompose/GEN_EXP[0].u_tr_exp/mux_exp_lut[a_idx]_79_37/in_1[5] 	 (fanout : 1)
hpin:softmax_base/u_decompose/GEN_EXP[0].u_tr_exp/mux_exp_lut[a_idx]_79_37/in_1[4] 	 (fanout : 1)
hpin:softmax_base/u_decompose/GEN_EXP[0].u_tr_exp/mux_exp_lut[a_idx]_79_37/in_1[3] 	 (fanout : 1)
hpin:softmax_base/u_decompose/GEN_EXP[0].u_tr_exp/mux_exp_lut[a_idx]_79_37/in_1[2] 	 (fanout : 1)
hpin:softmax_base/u_decompose/GEN_EXP[0].u_tr_exp/mux_exp_lut[a_idx]_79_37/in_1[1] 	 (fanout : 1)
hpin:softmax_base/u_decompose/GEN_EXP[0].u_tr_exp/mux_exp_lut[a_idx]_79_37/in_1[0] 	 (fanout : 1)
hpin:softmax_base/u_decompose/GEN_EXP[0].u_tr_exp/mux_exp_lut[a_idx]_79_37/in_2[6] 	 (fanout : 1)
hpin:softmax_base/u_decompose/GEN_EXP[0].u_tr_exp/mux_exp_lut[a_idx]_79_37/in_2[5] 	 (fanout : 1)
hpin:softmax_base/u_decompose/GEN_EXP[0].u_tr_exp/mux_exp_lut[a_idx]_79_37/in_2[4] 	 (fanout : 1)
hpin:softmax_base/u_decompose/GEN_EXP[0].u_tr_exp/mux_exp_lut[a_idx]_79_37/in_2[3] 	 (fanout : 1)
hpin:softmax_base/u_decompose/GEN_EXP[0].u_tr_exp/mux_exp_lut[a_idx]_79_37/in_2[2] 	 (fanout : 1)
hpin:softmax_base/u_decompose/GEN_EXP[0].u_tr_exp/mux_exp_lut[a_idx]_79_37/in_2[1] 	 (fanout : 1)
hpin:softmax_base/u_decompose/GEN_EXP[0].u_tr_exp/mux_exp_lut[a_idx]_79_37/in_2[0] 	 (fanout : 1)
hpin:softmax_base/u_decompose/GEN_EXP[0].u_tr_exp/mux_exp_lut[a_idx]_79_37/in_3[6] 	 (fanout : 1)
hpin:softmax_base/u_decompose/GEN_EXP[0].u_tr_exp/mux_exp_lut[a_idx]_79_37/in_3[5] 	 (fanout : 1)
hpin:softmax_base/u_decompose/GEN_EXP[0].u_tr_exp/mux_exp_lut[a_idx]_79_37/in_3[4] 	 (fanout : 1)
hpin:softmax_base/u_decompose/GEN_EXP[0].u_tr_exp/mux_exp_lut[a_idx]_79_37/in_3[3] 	 (fanout : 1)
hpin:softmax_base/u_decompose/GEN_EXP[0].u_tr_exp/mux_exp_lut[a_idx]_79_37/in_3[2] 	 (fanout : 1)
hpin:softmax_base/u_decompose/GEN_EXP[0].u_tr_exp/mux_exp_lut[a_idx]_79_37/in_3[1] 	 (fanout : 1)
hpin:softmax_base/u_decompose/GEN_EXP[0].u_tr_exp/mux_exp_lut[a_idx]_79_37/in_3[0] 	 (fanout : 1)
hpin:softmax_base/u_decompose/GEN_EXP[0].u_tr_exp/mux_exp_lut[a_idx]_79_37/in_4[6] 	 (fanout : 1)
hpin:softmax_base/u_decompose/GEN_EXP[0].u_tr_exp/mux_exp_lut[a_idx]_79_37/in_4[5] 	 (fanout : 1)
hpin:softmax_base/u_decompose/GEN_EXP[0].u_tr_exp/mux_exp_lut[a_idx]_79_37/in_4[4] 	 (fanout : 1)
hpin:softmax_base/u_decompose/GEN_EXP[0].u_tr_exp/mux_exp_lut[a_idx]_79_37/in_4[3] 	 (fanout : 1)
hpin:softmax_base/u_decompose/GEN_EXP[0].u_tr_exp/mux_exp_lut[a_idx]_79_37/in_4[2] 	 (fanout : 1)
hpin:softmax_base/u_decompose/GEN_EXP[0].u_tr_exp/mux_exp_lut[a_idx]_79_37/in_4[1] 	 (fanout : 1)
hpin:softmax_base/u_decompose/GEN_EXP[0].u_tr_exp/mux_exp_lut[a_idx]_79_37/in_4[0] 	 (fanout : 1)
hpin:softmax_base/u_decompose/GEN_EXP[0].u_tr_exp/mux_exp_lut[a_idx]_79_37/in_5[6] 	 (fanout : 1)
hpin:softmax_base/u_decompose/GEN_EXP[0].u_tr_exp/mux_exp_lut[a_idx]_79_37/in_5[5] 	 (fanout : 1)
hpin:softmax_base/u_decompose/GEN_EXP[0].u_tr_exp/mux_exp_lut[a_idx]_79_37/in_5[4] 	 (fanout : 1)
hpin:softmax_base/u_decompose/GEN_EXP[0].u_tr_exp/mux_exp_lut[a_idx]_79_37/in_5[3] 	 (fanout : 1)
hpin:softmax_base/u_decompose/GEN_EXP[0].u_tr_exp/mux_exp_lut[a_idx]_79_37/in_5[2] 	 (fanout : 1)
hpin:softmax_base/u_decompose/GEN_EXP[0].u_tr_exp/mux_exp_lut[a_idx]_79_37/in_5[1] 	 (fanout : 1)
hpin:softmax_base/u_decompose/GEN_EXP[0].u_tr_exp/mux_exp_lut[a_idx]_79_37/in_5[0] 	 (fanout : 1)
hpin:softmax_base/u_decompose/GEN_EXP[0].u_tr_exp/mux_exp_lut[a_idx]_79_37/in_6[6] 	 (fanout : 1)
hpin:softmax_base/u_decompose/GEN_EXP[0].u_tr_exp/mux_exp_lut[a_idx]_79_37/in_6[5] 	 (fanout : 1)
hpin:softmax_base/u_decompose/GEN_EXP[0].u_tr_exp/mux_exp_lut[a_idx]_79_37/in_6[4] 	 (fanout : 1)
hpin:softmax_base/u_decompose/GEN_EXP[0].u_tr_exp/mux_exp_lut[a_idx]_79_37/in_6[3] 	 (fanout : 1)
hpin:softmax_base/u_decompose/GEN_EXP[0].u_tr_exp/mux_exp_lut[a_idx]_79_37/in_6[2] 	 (fanout : 1)
hpin:softmax_base/u_decompose/GEN_EXP[0].u_tr_exp/mux_exp_lut[a_idx]_79_37/in_6[1] 	 (fanout : 1)
hpin:softmax_base/u_decompose/GEN_EXP[0].u_tr_exp/mux_exp_lut[a_idx]_79_37/in_6[0] 	 (fanout : 1)
hpin:softmax_base/u_decompose/GEN_EXP[0].u_tr_exp/mux_exp_lut[a_idx]_79_37/in_7[6] 	 (fanout : 1)
hpin:softmax_base/u_decompose/GEN_EXP[0].u_tr_exp/mux_exp_lut[a_idx]_79_37/in_7[5] 	 (fanout : 1)
hpin:softmax_base/u_decompose/GEN_EXP[0].u_tr_exp/mux_exp_lut[a_idx]_79_37/in_7[4] 	 (fanout : 1)
hpin:softmax_base/u_decompose/GEN_EXP[0].u_tr_exp/mux_exp_lut[a_idx]_79_37/in_7[3] 	 (fanout : 1)
hpin:softmax_base/u_decompose/GEN_EXP[0].u_tr_exp/mux_exp_lut[a_idx]_79_37/in_7[2] 	 (fanout : 1)
hpin:softmax_base/u_decompose/GEN_EXP[0].u_tr_exp/mux_exp_lut[a_idx]_79_37/in_7[1] 	 (fanout : 1)
hpin:softmax_base/u_decompose/GEN_EXP[0].u_tr_exp/mux_exp_lut[a_idx]_79_37/in_7[0] 	 (fanout : 1)
hpin:softmax_base/u_decompose/GEN_EXP[0].u_tr_exp/mux_79_18/in_0[7] 	 (fanout : 1)
hpin:softmax_base/u_decompose/GEN_EXP[0].u_tr_exp/mux_79_18/in_1[7] 	 (fanout : 1)
hpin:softmax_base/u_decompose/GEN_EXP[0].u_tr_exp/mux_79_18/in_1[6] 	 (fanout : 1)
hpin:softmax_base/u_decompose/GEN_EXP[0].u_tr_exp/mux_79_18/in_1[5] 	 (fanout : 1)
hpin:softmax_base/u_decompose/GEN_EXP[0].u_tr_exp/mux_79_18/in_1[4] 	 (fanout : 1)
hpin:softmax_base/u_decompose/GEN_EXP[0].u_tr_exp/mux_79_18/in_1[3] 	 (fanout : 1)
hpin:softmax_base/u_decompose/GEN_EXP[0].u_tr_exp/mux_79_18/in_1[2] 	 (fanout : 1)
hpin:softmax_base/u_decompose/GEN_EXP[0].u_tr_exp/mux_79_18/in_1[1] 	 (fanout : 1)
hpin:softmax_base/u_decompose/GEN_EXP[0].u_tr_exp/mux_79_18/in_1[0] 	 (fanout : 1)
hpin:softmax_base/u_decompose/lt_91_26_I8/B[7] 	 (fanout : 3)
hpin:softmax_base/u_decompose/lt_91_26_I8/B[6] 	 (fanout : 1)
hpin:softmax_base/u_decompose/lt_91_26_I8/B[5] 	 (fanout : 1)
hpin:softmax_base/u_decompose/lt_91_26_I8/B[4] 	 (fanout : 1)
hpin:softmax_base/u_decompose/lt_91_26_I8/B[3] 	 (fanout : 1)
hpin:softmax_base/u_decompose/lt_91_26_I8/B[2] 	 (fanout : 1)
hpin:softmax_base/u_decompose/lt_91_26_I8/B[1] 	 (fanout : 1)
hpin:softmax_base/u_decompose/lt_91_26_I8/B[0] 	 (fanout : 1)
hpin:softmax_base/u_decompose/lt_91_26_I7/B[7] 	 (fanout : 3)
hpin:softmax_base/u_decompose/lt_91_26_I7/B[6] 	 (fanout : 1)
hpin:softmax_base/u_decompose/lt_91_26_I7/B[5] 	 (fanout : 1)
hpin:softmax_base/u_decompose/lt_91_26_I7/B[4] 	 (fanout : 1)
hpin:softmax_base/u_decompose/lt_91_26_I7/B[3] 	 (fanout : 1)
hpin:softmax_base/u_decompose/lt_91_26_I7/B[2] 	 (fanout : 1)
hpin:softmax_base/u_decompose/lt_91_26_I7/B[1] 	 (fanout : 1)
hpin:softmax_base/u_decompose/lt_91_26_I7/B[0] 	 (fanout : 1)
hpin:softmax_base/u_decompose/lt_91_26_I6/B[7] 	 (fanout : 3)
hpin:softmax_base/u_decompose/lt_91_26_I6/B[6] 	 (fanout : 1)
hpin:softmax_base/u_decompose/lt_91_26_I6/B[5] 	 (fanout : 1)
hpin:softmax_base/u_decompose/lt_91_26_I6/B[4] 	 (fanout : 1)
hpin:softmax_base/u_decompose/lt_91_26_I6/B[3] 	 (fanout : 1)
hpin:softmax_base/u_decompose/lt_91_26_I6/B[2] 	 (fanout : 1)
hpin:softmax_base/u_decompose/lt_91_26_I6/B[1] 	 (fanout : 1)
hpin:softmax_base/u_decompose/lt_91_26_I6/B[0] 	 (fanout : 1)
hpin:softmax_base/u_decompose/lt_91_26_I5/B[7] 	 (fanout : 3)
hpin:softmax_base/u_decompose/lt_91_26_I5/B[6] 	 (fanout : 1)
hpin:softmax_base/u_decompose/lt_91_26_I5/B[5] 	 (fanout : 1)
hpin:softmax_base/u_decompose/lt_91_26_I5/B[4] 	 (fanout : 1)
hpin:softmax_base/u_decompose/lt_91_26_I5/B[3] 	 (fanout : 1)
hpin:softmax_base/u_decompose/lt_91_26_I5/B[2] 	 (fanout : 1)
hpin:softmax_base/u_decompose/lt_91_26_I5/B[1] 	 (fanout : 1)
hpin:softmax_base/u_decompose/lt_91_26_I5/B[0] 	 (fanout : 1)
hpin:softmax_base/u_decompose/lt_91_26_I4/B[7] 	 (fanout : 3)
hpin:softmax_base/u_decompose/lt_91_26_I4/B[6] 	 (fanout : 1)
hpin:softmax_base/u_decompose/lt_91_26_I4/B[5] 	 (fanout : 1)
hpin:softmax_base/u_decompose/lt_91_26_I4/B[4] 	 (fanout : 1)
hpin:softmax_base/u_decompose/lt_91_26_I4/B[3] 	 (fanout : 1)
hpin:softmax_base/u_decompose/lt_91_26_I4/B[2] 	 (fanout : 1)
hpin:softmax_base/u_decompose/lt_91_26_I4/B[1] 	 (fanout : 1)
hpin:softmax_base/u_decompose/lt_91_26_I4/B[0] 	 (fanout : 1)
hpin:softmax_base/u_decompose/lt_91_26_I3/B[7] 	 (fanout : 3)
hpin:softmax_base/u_decompose/lt_91_26_I3/B[6] 	 (fanout : 1)
hpin:softmax_base/u_decompose/lt_91_26_I3/B[5] 	 (fanout : 1)
hpin:softmax_base/u_decompose/lt_91_26_I3/B[4] 	 (fanout : 1)
hpin:softmax_base/u_decompose/lt_91_26_I3/B[3] 	 (fanout : 1)
hpin:softmax_base/u_decompose/lt_91_26_I3/B[2] 	 (fanout : 1)
hpin:softmax_base/u_decompose/lt_91_26_I3/B[1] 	 (fanout : 1)
hpin:softmax_base/u_decompose/lt_91_26_I3/B[0] 	 (fanout : 1)
hpin:softmax_base/u_decompose/lt_91_26_I2/B[7] 	 (fanout : 3)
hpin:softmax_base/u_decompose/lt_91_26_I2/B[6] 	 (fanout : 1)
hpin:softmax_base/u_decompose/lt_91_26_I2/B[5] 	 (fanout : 1)
hpin:softmax_base/u_decompose/lt_91_26_I2/B[4] 	 (fanout : 1)
hpin:softmax_base/u_decompose/lt_91_26_I2/B[3] 	 (fanout : 1)
hpin:softmax_base/u_decompose/lt_91_26_I2/B[2] 	 (fanout : 1)
hpin:softmax_base/u_decompose/lt_91_26_I2/B[1] 	 (fanout : 1)
hpin:softmax_base/u_decompose/lt_91_26_I2/B[0] 	 (fanout : 1)
hpin:softmax_base/u_decompose/lt_91_26_I1/B[7] 	 (fanout : 3)
hpin:softmax_base/u_decompose/lt_91_26_I1/B[6] 	 (fanout : 1)
hpin:softmax_base/u_decompose/lt_91_26_I1/B[5] 	 (fanout : 1)
hpin:softmax_base/u_decompose/lt_91_26_I1/B[4] 	 (fanout : 1)
hpin:softmax_base/u_decompose/lt_91_26_I1/B[3] 	 (fanout : 1)
hpin:softmax_base/u_decompose/lt_91_26_I1/B[2] 	 (fanout : 1)
hpin:softmax_base/u_decompose/lt_91_26_I1/B[1] 	 (fanout : 1)
hpin:softmax_base/u_decompose/lt_91_26_I1/B[0] 	 (fanout : 1)
hpin:softmax_base/u_decompose/mux_x_shifted_clamped[0]_91_26/in_1[7] 	 (fanout : 1)
hpin:softmax_base/u_decompose/mux_x_shifted_clamped[0]_91_26/in_1[6] 	 (fanout : 1)
hpin:softmax_base/u_decompose/mux_x_shifted_clamped[0]_91_26/in_1[5] 	 (fanout : 1)
hpin:softmax_base/u_decompose/mux_x_shifted_clamped[0]_91_26/in_1[4] 	 (fanout : 1)
hpin:softmax_base/u_decompose/mux_x_shifted_clamped[0]_91_26/in_1[3] 	 (fanout : 1)
hpin:softmax_base/u_decompose/mux_x_shifted_clamped[0]_91_26/in_1[2] 	 (fanout : 1)
hpin:softmax_base/u_decompose/mux_x_shifted_clamped[0]_91_26/in_1[1] 	 (fanout : 1)
hpin:softmax_base/u_decompose/mux_x_shifted_clamped[0]_91_26/in_1[0] 	 (fanout : 1)
hpin:softmax_base/u_decompose/mux_x_shifted_clamped[1]_91_26/in_1[7] 	 (fanout : 1)
hpin:softmax_base/u_decompose/mux_x_shifted_clamped[1]_91_26/in_1[6] 	 (fanout : 1)
hpin:softmax_base/u_decompose/mux_x_shifted_clamped[1]_91_26/in_1[5] 	 (fanout : 1)
hpin:softmax_base/u_decompose/mux_x_shifted_clamped[1]_91_26/in_1[4] 	 (fanout : 1)
hpin:softmax_base/u_decompose/mux_x_shifted_clamped[1]_91_26/in_1[3] 	 (fanout : 1)
hpin:softmax_base/u_decompose/mux_x_shifted_clamped[1]_91_26/in_1[2] 	 (fanout : 1)
hpin:softmax_base/u_decompose/mux_x_shifted_clamped[1]_91_26/in_1[1] 	 (fanout : 1)
hpin:softmax_base/u_decompose/mux_x_shifted_clamped[1]_91_26/in_1[0] 	 (fanout : 1)
hpin:softmax_base/u_decompose/mux_x_shifted_clamped[2]_91_26/in_1[7] 	 (fanout : 1)
hpin:softmax_base/u_decompose/mux_x_shifted_clamped[2]_91_26/in_1[6] 	 (fanout : 1)
hpin:softmax_base/u_decompose/mux_x_shifted_clamped[2]_91_26/in_1[5] 	 (fanout : 1)
hpin:softmax_base/u_decompose/mux_x_shifted_clamped[2]_91_26/in_1[4] 	 (fanout : 1)
hpin:softmax_base/u_decompose/mux_x_shifted_clamped[2]_91_26/in_1[3] 	 (fanout : 1)
hpin:softmax_base/u_decompose/mux_x_shifted_clamped[2]_91_26/in_1[2] 	 (fanout : 1)
hpin:softmax_base/u_decompose/mux_x_shifted_clamped[2]_91_26/in_1[1] 	 (fanout : 1)
hpin:softmax_base/u_decompose/mux_x_shifted_clamped[2]_91_26/in_1[0] 	 (fanout : 1)
hpin:softmax_base/u_decompose/mux_x_shifted_clamped[3]_91_26/in_1[7] 	 (fanout : 1)
hpin:softmax_base/u_decompose/mux_x_shifted_clamped[3]_91_26/in_1[6] 	 (fanout : 1)
hpin:softmax_base/u_decompose/mux_x_shifted_clamped[3]_91_26/in_1[5] 	 (fanout : 1)
hpin:softmax_base/u_decompose/mux_x_shifted_clamped[3]_91_26/in_1[4] 	 (fanout : 1)
hpin:softmax_base/u_decompose/mux_x_shifted_clamped[3]_91_26/in_1[3] 	 (fanout : 1)
hpin:softmax_base/u_decompose/mux_x_shifted_clamped[3]_91_26/in_1[2] 	 (fanout : 1)
hpin:softmax_base/u_decompose/mux_x_shifted_clamped[3]_91_26/in_1[1] 	 (fanout : 1)
hpin:softmax_base/u_decompose/mux_x_shifted_clamped[3]_91_26/in_1[0] 	 (fanout : 1)
hpin:softmax_base/u_decompose/mux_x_shifted_clamped[4]_91_26/in_1[7] 	 (fanout : 1)
hpin:softmax_base/u_decompose/mux_x_shifted_clamped[4]_91_26/in_1[6] 	 (fanout : 1)
hpin:softmax_base/u_decompose/mux_x_shifted_clamped[4]_91_26/in_1[5] 	 (fanout : 1)
hpin:softmax_base/u_decompose/mux_x_shifted_clamped[4]_91_26/in_1[4] 	 (fanout : 1)
hpin:softmax_base/u_decompose/mux_x_shifted_clamped[4]_91_26/in_1[3] 	 (fanout : 1)
hpin:softmax_base/u_decompose/mux_x_shifted_clamped[4]_91_26/in_1[2] 	 (fanout : 1)
hpin:softmax_base/u_decompose/mux_x_shifted_clamped[4]_91_26/in_1[1] 	 (fanout : 1)
hpin:softmax_base/u_decompose/mux_x_shifted_clamped[4]_91_26/in_1[0] 	 (fanout : 1)
hpin:softmax_base/u_decompose/mux_x_shifted_clamped[5]_91_26/in_1[7] 	 (fanout : 1)
hpin:softmax_base/u_decompose/mux_x_shifted_clamped[5]_91_26/in_1[6] 	 (fanout : 1)
hpin:softmax_base/u_decompose/mux_x_shifted_clamped[5]_91_26/in_1[5] 	 (fanout : 1)
hpin:softmax_base/u_decompose/mux_x_shifted_clamped[5]_91_26/in_1[4] 	 (fanout : 1)
hpin:softmax_base/u_decompose/mux_x_shifted_clamped[5]_91_26/in_1[3] 	 (fanout : 1)
hpin:softmax_base/u_decompose/mux_x_shifted_clamped[5]_91_26/in_1[2] 	 (fanout : 1)
hpin:softmax_base/u_decompose/mux_x_shifted_clamped[5]_91_26/in_1[1] 	 (fanout : 1)
hpin:softmax_base/u_decompose/mux_x_shifted_clamped[5]_91_26/in_1[0] 	 (fanout : 1)
hpin:softmax_base/u_decompose/mux_x_shifted_clamped[6]_91_26/in_1[7] 	 (fanout : 1)
hpin:softmax_base/u_decompose/mux_x_shifted_clamped[6]_91_26/in_1[6] 	 (fanout : 1)
hpin:softmax_base/u_decompose/mux_x_shifted_clamped[6]_91_26/in_1[5] 	 (fanout : 1)
hpin:softmax_base/u_decompose/mux_x_shifted_clamped[6]_91_26/in_1[4] 	 (fanout : 1)
hpin:softmax_base/u_decompose/mux_x_shifted_clamped[6]_91_26/in_1[3] 	 (fanout : 1)
hpin:softmax_base/u_decompose/mux_x_shifted_clamped[6]_91_26/in_1[2] 	 (fanout : 1)
hpin:softmax_base/u_decompose/mux_x_shifted_clamped[6]_91_26/in_1[1] 	 (fanout : 1)
hpin:softmax_base/u_decompose/mux_x_shifted_clamped[6]_91_26/in_1[0] 	 (fanout : 1)
hpin:softmax_base/u_decompose/mux_x_shifted_clamped[7]_91_26/in_1[7] 	 (fanout : 1)
hpin:softmax_base/u_decompose/mux_x_shifted_clamped[7]_91_26/in_1[6] 	 (fanout : 1)
hpin:softmax_base/u_decompose/mux_x_shifted_clamped[7]_91_26/in_1[5] 	 (fanout : 1)
hpin:softmax_base/u_decompose/mux_x_shifted_clamped[7]_91_26/in_1[4] 	 (fanout : 1)
hpin:softmax_base/u_decompose/mux_x_shifted_clamped[7]_91_26/in_1[3] 	 (fanout : 1)
hpin:softmax_base/u_decompose/mux_x_shifted_clamped[7]_91_26/in_1[2] 	 (fanout : 1)
hpin:softmax_base/u_decompose/mux_x_shifted_clamped[7]_91_26/in_1[1] 	 (fanout : 1)
hpin:softmax_base/u_decompose/mux_x_shifted_clamped[7]_91_26/in_1[0] 	 (fanout : 1)
hpin:softmax_base/u_decompose/GEN_EXP[1].u_tr_exp/mux_exp_lut[a_idx]_79_37/in_0[6] 	 (fanout : 1)
hpin:softmax_base/u_decompose/GEN_EXP[1].u_tr_exp/mux_exp_lut[a_idx]_79_37/in_0[5] 	 (fanout : 1)
hpin:softmax_base/u_decompose/GEN_EXP[1].u_tr_exp/mux_exp_lut[a_idx]_79_37/in_0[4] 	 (fanout : 1)
hpin:softmax_base/u_decompose/GEN_EXP[1].u_tr_exp/mux_exp_lut[a_idx]_79_37/in_0[3] 	 (fanout : 1)
hpin:softmax_base/u_decompose/GEN_EXP[1].u_tr_exp/mux_exp_lut[a_idx]_79_37/in_0[2] 	 (fanout : 1)
hpin:softmax_base/u_decompose/GEN_EXP[1].u_tr_exp/mux_exp_lut[a_idx]_79_37/in_0[1] 	 (fanout : 1)
hpin:softmax_base/u_decompose/GEN_EXP[1].u_tr_exp/mux_exp_lut[a_idx]_79_37/in_0[0] 	 (fanout : 1)
hpin:softmax_base/u_decompose/GEN_EXP[1].u_tr_exp/mux_exp_lut[a_idx]_79_37/in_1[6] 	 (fanout : 1)
hpin:softmax_base/u_decompose/GEN_EXP[1].u_tr_exp/mux_exp_lut[a_idx]_79_37/in_1[5] 	 (fanout : 1)
hpin:softmax_base/u_decompose/GEN_EXP[1].u_tr_exp/mux_exp_lut[a_idx]_79_37/in_1[4] 	 (fanout : 1)
hpin:softmax_base/u_decompose/GEN_EXP[1].u_tr_exp/mux_exp_lut[a_idx]_79_37/in_1[3] 	 (fanout : 1)
hpin:softmax_base/u_decompose/GEN_EXP[1].u_tr_exp/mux_exp_lut[a_idx]_79_37/in_1[2] 	 (fanout : 1)
hpin:softmax_base/u_decompose/GEN_EXP[1].u_tr_exp/mux_exp_lut[a_idx]_79_37/in_1[1] 	 (fanout : 1)
hpin:softmax_base/u_decompose/GEN_EXP[1].u_tr_exp/mux_exp_lut[a_idx]_79_37/in_1[0] 	 (fanout : 1)
hpin:softmax_base/u_decompose/GEN_EXP[1].u_tr_exp/mux_exp_lut[a_idx]_79_37/in_2[6] 	 (fanout : 1)
hpin:softmax_base/u_decompose/GEN_EXP[1].u_tr_exp/mux_exp_lut[a_idx]_79_37/in_2[5] 	 (fanout : 1)
hpin:softmax_base/u_decompose/GEN_EXP[1].u_tr_exp/mux_exp_lut[a_idx]_79_37/in_2[4] 	 (fanout : 1)
hpin:softmax_base/u_decompose/GEN_EXP[1].u_tr_exp/mux_exp_lut[a_idx]_79_37/in_2[3] 	 (fanout : 1)
hpin:softmax_base/u_decompose/GEN_EXP[1].u_tr_exp/mux_exp_lut[a_idx]_79_37/in_2[2] 	 (fanout : 1)
hpin:softmax_base/u_decompose/GEN_EXP[1].u_tr_exp/mux_exp_lut[a_idx]_79_37/in_2[1] 	 (fanout : 1)
hpin:softmax_base/u_decompose/GEN_EXP[1].u_tr_exp/mux_exp_lut[a_idx]_79_37/in_2[0] 	 (fanout : 1)
hpin:softmax_base/u_decompose/GEN_EXP[1].u_tr_exp/mux_exp_lut[a_idx]_79_37/in_3[6] 	 (fanout : 1)
hpin:softmax_base/u_decompose/GEN_EXP[1].u_tr_exp/mux_exp_lut[a_idx]_79_37/in_3[5] 	 (fanout : 1)
hpin:softmax_base/u_decompose/GEN_EXP[1].u_tr_exp/mux_exp_lut[a_idx]_79_37/in_3[4] 	 (fanout : 1)
hpin:softmax_base/u_decompose/GEN_EXP[1].u_tr_exp/mux_exp_lut[a_idx]_79_37/in_3[3] 	 (fanout : 1)
hpin:softmax_base/u_decompose/GEN_EXP[1].u_tr_exp/mux_exp_lut[a_idx]_79_37/in_3[2] 	 (fanout : 1)
hpin:softmax_base/u_decompose/GEN_EXP[1].u_tr_exp/mux_exp_lut[a_idx]_79_37/in_3[1] 	 (fanout : 1)
hpin:softmax_base/u_decompose/GEN_EXP[1].u_tr_exp/mux_exp_lut[a_idx]_79_37/in_3[0] 	 (fanout : 1)
hpin:softmax_base/u_decompose/GEN_EXP[1].u_tr_exp/mux_exp_lut[a_idx]_79_37/in_4[6] 	 (fanout : 1)
hpin:softmax_base/u_decompose/GEN_EXP[1].u_tr_exp/mux_exp_lut[a_idx]_79_37/in_4[5] 	 (fanout : 1)
hpin:softmax_base/u_decompose/GEN_EXP[1].u_tr_exp/mux_exp_lut[a_idx]_79_37/in_4[4] 	 (fanout : 1)
hpin:softmax_base/u_decompose/GEN_EXP[1].u_tr_exp/mux_exp_lut[a_idx]_79_37/in_4[3] 	 (fanout : 1)
hpin:softmax_base/u_decompose/GEN_EXP[1].u_tr_exp/mux_exp_lut[a_idx]_79_37/in_4[2] 	 (fanout : 1)
hpin:softmax_base/u_decompose/GEN_EXP[1].u_tr_exp/mux_exp_lut[a_idx]_79_37/in_4[1] 	 (fanout : 1)
hpin:softmax_base/u_decompose/GEN_EXP[1].u_tr_exp/mux_exp_lut[a_idx]_79_37/in_4[0] 	 (fanout : 1)
hpin:softmax_base/u_decompose/GEN_EXP[1].u_tr_exp/mux_exp_lut[a_idx]_79_37/in_5[6] 	 (fanout : 1)
hpin:softmax_base/u_decompose/GEN_EXP[1].u_tr_exp/mux_exp_lut[a_idx]_79_37/in_5[5] 	 (fanout : 1)
hpin:softmax_base/u_decompose/GEN_EXP[1].u_tr_exp/mux_exp_lut[a_idx]_79_37/in_5[4] 	 (fanout : 1)
hpin:softmax_base/u_decompose/GEN_EXP[1].u_tr_exp/mux_exp_lut[a_idx]_79_37/in_5[3] 	 (fanout : 1)
hpin:softmax_base/u_decompose/GEN_EXP[1].u_tr_exp/mux_exp_lut[a_idx]_79_37/in_5[2] 	 (fanout : 1)
hpin:softmax_base/u_decompose/GEN_EXP[1].u_tr_exp/mux_exp_lut[a_idx]_79_37/in_5[1] 	 (fanout : 1)
hpin:softmax_base/u_decompose/GEN_EXP[1].u_tr_exp/mux_exp_lut[a_idx]_79_37/in_5[0] 	 (fanout : 1)
hpin:softmax_base/u_decompose/GEN_EXP[1].u_tr_exp/mux_exp_lut[a_idx]_79_37/in_6[6] 	 (fanout : 1)
hpin:softmax_base/u_decompose/GEN_EXP[1].u_tr_exp/mux_exp_lut[a_idx]_79_37/in_6[5] 	 (fanout : 1)
hpin:softmax_base/u_decompose/GEN_EXP[1].u_tr_exp/mux_exp_lut[a_idx]_79_37/in_6[4] 	 (fanout : 1)
hpin:softmax_base/u_decompose/GEN_EXP[1].u_tr_exp/mux_exp_lut[a_idx]_79_37/in_6[3] 	 (fanout : 1)
hpin:softmax_base/u_decompose/GEN_EXP[1].u_tr_exp/mux_exp_lut[a_idx]_79_37/in_6[2] 	 (fanout : 1)
hpin:softmax_base/u_decompose/GEN_EXP[1].u_tr_exp/mux_exp_lut[a_idx]_79_37/in_6[1] 	 (fanout : 1)
hpin:softmax_base/u_decompose/GEN_EXP[1].u_tr_exp/mux_exp_lut[a_idx]_79_37/in_6[0] 	 (fanout : 1)
hpin:softmax_base/u_decompose/GEN_EXP[1].u_tr_exp/mux_exp_lut[a_idx]_79_37/in_7[6] 	 (fanout : 1)
hpin:softmax_base/u_decompose/GEN_EXP[1].u_tr_exp/mux_exp_lut[a_idx]_79_37/in_7[5] 	 (fanout : 1)
hpin:softmax_base/u_decompose/GEN_EXP[1].u_tr_exp/mux_exp_lut[a_idx]_79_37/in_7[4] 	 (fanout : 1)
hpin:softmax_base/u_decompose/GEN_EXP[1].u_tr_exp/mux_exp_lut[a_idx]_79_37/in_7[3] 	 (fanout : 1)
hpin:softmax_base/u_decompose/GEN_EXP[1].u_tr_exp/mux_exp_lut[a_idx]_79_37/in_7[2] 	 (fanout : 1)
hpin:softmax_base/u_decompose/GEN_EXP[1].u_tr_exp/mux_exp_lut[a_idx]_79_37/in_7[1] 	 (fanout : 1)
hpin:softmax_base/u_decompose/GEN_EXP[1].u_tr_exp/mux_exp_lut[a_idx]_79_37/in_7[0] 	 (fanout : 1)
hpin:softmax_base/u_decompose/GEN_EXP[1].u_tr_exp/mux_79_18/in_0[7] 	 (fanout : 1)
hpin:softmax_base/u_decompose/GEN_EXP[1].u_tr_exp/mux_79_18/in_1[7] 	 (fanout : 1)
hpin:softmax_base/u_decompose/GEN_EXP[1].u_tr_exp/mux_79_18/in_1[6] 	 (fanout : 1)
hpin:softmax_base/u_decompose/GEN_EXP[1].u_tr_exp/mux_79_18/in_1[5] 	 (fanout : 1)
hpin:softmax_base/u_decompose/GEN_EXP[1].u_tr_exp/mux_79_18/in_1[4] 	 (fanout : 1)
hpin:softmax_base/u_decompose/GEN_EXP[1].u_tr_exp/mux_79_18/in_1[3] 	 (fanout : 1)
hpin:softmax_base/u_decompose/GEN_EXP[1].u_tr_exp/mux_79_18/in_1[2] 	 (fanout : 1)
hpin:softmax_base/u_decompose/GEN_EXP[1].u_tr_exp/mux_79_18/in_1[1] 	 (fanout : 1)
hpin:softmax_base/u_decompose/GEN_EXP[1].u_tr_exp/mux_79_18/in_1[0] 	 (fanout : 1)
hpin:softmax_base/u_decompose/GEN_EXP[1].u_tr_exp/uut/eq_27_44/B 	 (fanout : 1)
hpin:softmax_base/u_decompose/GEN_EXP[1].u_tr_exp/uut/add_24_61/B[1] 	 (fanout : 5)
hpin:softmax_base/u_decompose/GEN_EXP[1].u_tr_exp/uut/add_24_61/B[0] 	 (fanout : 2)
hpin:softmax_base/u_decompose/GEN_EXP[2].u_tr_exp/mux_exp_lut[a_idx]_79_37/in_0[6] 	 (fanout : 1)
hpin:softmax_base/u_decompose/GEN_EXP[2].u_tr_exp/mux_exp_lut[a_idx]_79_37/in_0[5] 	 (fanout : 1)
hpin:softmax_base/u_decompose/GEN_EXP[2].u_tr_exp/mux_exp_lut[a_idx]_79_37/in_0[4] 	 (fanout : 1)
hpin:softmax_base/u_decompose/GEN_EXP[2].u_tr_exp/mux_exp_lut[a_idx]_79_37/in_0[3] 	 (fanout : 1)
hpin:softmax_base/u_decompose/GEN_EXP[2].u_tr_exp/mux_exp_lut[a_idx]_79_37/in_0[2] 	 (fanout : 1)
hpin:softmax_base/u_decompose/GEN_EXP[2].u_tr_exp/mux_exp_lut[a_idx]_79_37/in_0[1] 	 (fanout : 1)
hpin:softmax_base/u_decompose/GEN_EXP[2].u_tr_exp/mux_exp_lut[a_idx]_79_37/in_0[0] 	 (fanout : 1)
hpin:softmax_base/u_decompose/GEN_EXP[2].u_tr_exp/mux_exp_lut[a_idx]_79_37/in_1[6] 	 (fanout : 1)
hpin:softmax_base/u_decompose/GEN_EXP[2].u_tr_exp/mux_exp_lut[a_idx]_79_37/in_1[5] 	 (fanout : 1)
hpin:softmax_base/u_decompose/GEN_EXP[2].u_tr_exp/mux_exp_lut[a_idx]_79_37/in_1[4] 	 (fanout : 1)
hpin:softmax_base/u_decompose/GEN_EXP[2].u_tr_exp/mux_exp_lut[a_idx]_79_37/in_1[3] 	 (fanout : 1)
hpin:softmax_base/u_decompose/GEN_EXP[2].u_tr_exp/mux_exp_lut[a_idx]_79_37/in_1[2] 	 (fanout : 1)
hpin:softmax_base/u_decompose/GEN_EXP[2].u_tr_exp/mux_exp_lut[a_idx]_79_37/in_1[1] 	 (fanout : 1)
hpin:softmax_base/u_decompose/GEN_EXP[2].u_tr_exp/mux_exp_lut[a_idx]_79_37/in_1[0] 	 (fanout : 1)
hpin:softmax_base/u_decompose/GEN_EXP[2].u_tr_exp/mux_exp_lut[a_idx]_79_37/in_2[6] 	 (fanout : 1)
hpin:softmax_base/u_decompose/GEN_EXP[2].u_tr_exp/mux_exp_lut[a_idx]_79_37/in_2[5] 	 (fanout : 1)
hpin:softmax_base/u_decompose/GEN_EXP[2].u_tr_exp/mux_exp_lut[a_idx]_79_37/in_2[4] 	 (fanout : 1)
hpin:softmax_base/u_decompose/GEN_EXP[2].u_tr_exp/mux_exp_lut[a_idx]_79_37/in_2[3] 	 (fanout : 1)
hpin:softmax_base/u_decompose/GEN_EXP[2].u_tr_exp/mux_exp_lut[a_idx]_79_37/in_2[2] 	 (fanout : 1)
hpin:softmax_base/u_decompose/GEN_EXP[2].u_tr_exp/mux_exp_lut[a_idx]_79_37/in_2[1] 	 (fanout : 1)
hpin:softmax_base/u_decompose/GEN_EXP[2].u_tr_exp/mux_exp_lut[a_idx]_79_37/in_2[0] 	 (fanout : 1)
hpin:softmax_base/u_decompose/GEN_EXP[2].u_tr_exp/mux_exp_lut[a_idx]_79_37/in_3[6] 	 (fanout : 1)
hpin:softmax_base/u_decompose/GEN_EXP[2].u_tr_exp/mux_exp_lut[a_idx]_79_37/in_3[5] 	 (fanout : 1)
hpin:softmax_base/u_decompose/GEN_EXP[2].u_tr_exp/mux_exp_lut[a_idx]_79_37/in_3[4] 	 (fanout : 1)
hpin:softmax_base/u_decompose/GEN_EXP[2].u_tr_exp/mux_exp_lut[a_idx]_79_37/in_3[3] 	 (fanout : 1)
hpin:softmax_base/u_decompose/GEN_EXP[2].u_tr_exp/mux_exp_lut[a_idx]_79_37/in_3[2] 	 (fanout : 1)
hpin:softmax_base/u_decompose/GEN_EXP[2].u_tr_exp/mux_exp_lut[a_idx]_79_37/in_3[1] 	 (fanout : 1)
hpin:softmax_base/u_decompose/GEN_EXP[2].u_tr_exp/mux_exp_lut[a_idx]_79_37/in_3[0] 	 (fanout : 1)
hpin:softmax_base/u_decompose/GEN_EXP[2].u_tr_exp/mux_exp_lut[a_idx]_79_37/in_4[6] 	 (fanout : 1)
hpin:softmax_base/u_decompose/GEN_EXP[2].u_tr_exp/mux_exp_lut[a_idx]_79_37/in_4[5] 	 (fanout : 1)
hpin:softmax_base/u_decompose/GEN_EXP[2].u_tr_exp/mux_exp_lut[a_idx]_79_37/in_4[4] 	 (fanout : 1)
hpin:softmax_base/u_decompose/GEN_EXP[2].u_tr_exp/mux_exp_lut[a_idx]_79_37/in_4[3] 	 (fanout : 1)
hpin:softmax_base/u_decompose/GEN_EXP[2].u_tr_exp/mux_exp_lut[a_idx]_79_37/in_4[2] 	 (fanout : 1)
hpin:softmax_base/u_decompose/GEN_EXP[2].u_tr_exp/mux_exp_lut[a_idx]_79_37/in_4[1] 	 (fanout : 1)
hpin:softmax_base/u_decompose/GEN_EXP[2].u_tr_exp/mux_exp_lut[a_idx]_79_37/in_4[0] 	 (fanout : 1)
hpin:softmax_base/u_decompose/GEN_EXP[2].u_tr_exp/mux_exp_lut[a_idx]_79_37/in_5[6] 	 (fanout : 1)
hpin:softmax_base/u_decompose/GEN_EXP[2].u_tr_exp/mux_exp_lut[a_idx]_79_37/in_5[5] 	 (fanout : 1)
hpin:softmax_base/u_decompose/GEN_EXP[2].u_tr_exp/mux_exp_lut[a_idx]_79_37/in_5[4] 	 (fanout : 1)
hpin:softmax_base/u_decompose/GEN_EXP[2].u_tr_exp/mux_exp_lut[a_idx]_79_37/in_5[3] 	 (fanout : 1)
hpin:softmax_base/u_decompose/GEN_EXP[2].u_tr_exp/mux_exp_lut[a_idx]_79_37/in_5[2] 	 (fanout : 1)
hpin:softmax_base/u_decompose/GEN_EXP[2].u_tr_exp/mux_exp_lut[a_idx]_79_37/in_5[1] 	 (fanout : 1)
hpin:softmax_base/u_decompose/GEN_EXP[2].u_tr_exp/mux_exp_lut[a_idx]_79_37/in_5[0] 	 (fanout : 1)
hpin:softmax_base/u_decompose/GEN_EXP[2].u_tr_exp/mux_exp_lut[a_idx]_79_37/in_6[6] 	 (fanout : 1)
hpin:softmax_base/u_decompose/GEN_EXP[2].u_tr_exp/mux_exp_lut[a_idx]_79_37/in_6[5] 	 (fanout : 1)
hpin:softmax_base/u_decompose/GEN_EXP[2].u_tr_exp/mux_exp_lut[a_idx]_79_37/in_6[4] 	 (fanout : 1)
hpin:softmax_base/u_decompose/GEN_EXP[2].u_tr_exp/mux_exp_lut[a_idx]_79_37/in_6[3] 	 (fanout : 1)
hpin:softmax_base/u_decompose/GEN_EXP[2].u_tr_exp/mux_exp_lut[a_idx]_79_37/in_6[2] 	 (fanout : 1)
hpin:softmax_base/u_decompose/GEN_EXP[2].u_tr_exp/mux_exp_lut[a_idx]_79_37/in_6[1] 	 (fanout : 1)
hpin:softmax_base/u_decompose/GEN_EXP[2].u_tr_exp/mux_exp_lut[a_idx]_79_37/in_6[0] 	 (fanout : 1)
hpin:softmax_base/u_decompose/GEN_EXP[2].u_tr_exp/mux_exp_lut[a_idx]_79_37/in_7[6] 	 (fanout : 1)
hpin:softmax_base/u_decompose/GEN_EXP[2].u_tr_exp/mux_exp_lut[a_idx]_79_37/in_7[5] 	 (fanout : 1)
hpin:softmax_base/u_decompose/GEN_EXP[2].u_tr_exp/mux_exp_lut[a_idx]_79_37/in_7[4] 	 (fanout : 1)
hpin:softmax_base/u_decompose/GEN_EXP[2].u_tr_exp/mux_exp_lut[a_idx]_79_37/in_7[3] 	 (fanout : 1)
hpin:softmax_base/u_decompose/GEN_EXP[2].u_tr_exp/mux_exp_lut[a_idx]_79_37/in_7[2] 	 (fanout : 1)
hpin:softmax_base/u_decompose/GEN_EXP[2].u_tr_exp/mux_exp_lut[a_idx]_79_37/in_7[1] 	 (fanout : 1)
hpin:softmax_base/u_decompose/GEN_EXP[2].u_tr_exp/mux_exp_lut[a_idx]_79_37/in_7[0] 	 (fanout : 1)
hpin:softmax_base/u_decompose/GEN_EXP[2].u_tr_exp/mux_79_18/in_0[7] 	 (fanout : 1)
hpin:softmax_base/u_decompose/GEN_EXP[2].u_tr_exp/mux_79_18/in_1[7] 	 (fanout : 1)
hpin:softmax_base/u_decompose/GEN_EXP[2].u_tr_exp/mux_79_18/in_1[6] 	 (fanout : 1)
hpin:softmax_base/u_decompose/GEN_EXP[2].u_tr_exp/mux_79_18/in_1[5] 	 (fanout : 1)
hpin:softmax_base/u_decompose/GEN_EXP[2].u_tr_exp/mux_79_18/in_1[4] 	 (fanout : 1)
hpin:softmax_base/u_decompose/GEN_EXP[2].u_tr_exp/mux_79_18/in_1[3] 	 (fanout : 1)
hpin:softmax_base/u_decompose/GEN_EXP[2].u_tr_exp/mux_79_18/in_1[2] 	 (fanout : 1)
hpin:softmax_base/u_decompose/GEN_EXP[2].u_tr_exp/mux_79_18/in_1[1] 	 (fanout : 1)
hpin:softmax_base/u_decompose/GEN_EXP[2].u_tr_exp/mux_79_18/in_1[0] 	 (fanout : 1)
hpin:softmax_base/u_decompose/GEN_EXP[2].u_tr_exp/uut/eq_27_44/B 	 (fanout : 1)
hpin:softmax_base/u_decompose/GEN_EXP[2].u_tr_exp/uut/add_24_61/B[1] 	 (fanout : 5)
hpin:softmax_base/u_decompose/GEN_EXP[2].u_tr_exp/uut/add_24_61/B[0] 	 (fanout : 2)
hpin:softmax_base/u_decompose/GEN_EXP[3].u_tr_exp/mux_exp_lut[a_idx]_79_37/in_0[6] 	 (fanout : 1)
hpin:softmax_base/u_decompose/GEN_EXP[3].u_tr_exp/mux_exp_lut[a_idx]_79_37/in_0[5] 	 (fanout : 1)
hpin:softmax_base/u_decompose/GEN_EXP[3].u_tr_exp/mux_exp_lut[a_idx]_79_37/in_0[4] 	 (fanout : 1)
hpin:softmax_base/u_decompose/GEN_EXP[3].u_tr_exp/mux_exp_lut[a_idx]_79_37/in_0[3] 	 (fanout : 1)
hpin:softmax_base/u_decompose/GEN_EXP[3].u_tr_exp/mux_exp_lut[a_idx]_79_37/in_0[2] 	 (fanout : 1)
hpin:softmax_base/u_decompose/GEN_EXP[3].u_tr_exp/mux_exp_lut[a_idx]_79_37/in_0[1] 	 (fanout : 1)
hpin:softmax_base/u_decompose/GEN_EXP[3].u_tr_exp/mux_exp_lut[a_idx]_79_37/in_0[0] 	 (fanout : 1)
hpin:softmax_base/u_decompose/GEN_EXP[3].u_tr_exp/mux_exp_lut[a_idx]_79_37/in_1[6] 	 (fanout : 1)
hpin:softmax_base/u_decompose/GEN_EXP[3].u_tr_exp/mux_exp_lut[a_idx]_79_37/in_1[5] 	 (fanout : 1)
hpin:softmax_base/u_decompose/GEN_EXP[3].u_tr_exp/mux_exp_lut[a_idx]_79_37/in_1[4] 	 (fanout : 1)
hpin:softmax_base/u_decompose/GEN_EXP[3].u_tr_exp/mux_exp_lut[a_idx]_79_37/in_1[3] 	 (fanout : 1)
hpin:softmax_base/u_decompose/GEN_EXP[3].u_tr_exp/mux_exp_lut[a_idx]_79_37/in_1[2] 	 (fanout : 1)
hpin:softmax_base/u_decompose/GEN_EXP[3].u_tr_exp/mux_exp_lut[a_idx]_79_37/in_1[1] 	 (fanout : 1)
hpin:softmax_base/u_decompose/GEN_EXP[3].u_tr_exp/mux_exp_lut[a_idx]_79_37/in_1[0] 	 (fanout : 1)
hpin:softmax_base/u_decompose/GEN_EXP[3].u_tr_exp/mux_exp_lut[a_idx]_79_37/in_2[6] 	 (fanout : 1)
hpin:softmax_base/u_decompose/GEN_EXP[3].u_tr_exp/mux_exp_lut[a_idx]_79_37/in_2[5] 	 (fanout : 1)
hpin:softmax_base/u_decompose/GEN_EXP[3].u_tr_exp/mux_exp_lut[a_idx]_79_37/in_2[4] 	 (fanout : 1)
hpin:softmax_base/u_decompose/GEN_EXP[3].u_tr_exp/mux_exp_lut[a_idx]_79_37/in_2[3] 	 (fanout : 1)
hpin:softmax_base/u_decompose/GEN_EXP[3].u_tr_exp/mux_exp_lut[a_idx]_79_37/in_2[2] 	 (fanout : 1)
hpin:softmax_base/u_decompose/GEN_EXP[3].u_tr_exp/mux_exp_lut[a_idx]_79_37/in_2[1] 	 (fanout : 1)
hpin:softmax_base/u_decompose/GEN_EXP[3].u_tr_exp/mux_exp_lut[a_idx]_79_37/in_2[0] 	 (fanout : 1)
hpin:softmax_base/u_decompose/GEN_EXP[3].u_tr_exp/mux_exp_lut[a_idx]_79_37/in_3[6] 	 (fanout : 1)
hpin:softmax_base/u_decompose/GEN_EXP[3].u_tr_exp/mux_exp_lut[a_idx]_79_37/in_3[5] 	 (fanout : 1)
hpin:softmax_base/u_decompose/GEN_EXP[3].u_tr_exp/mux_exp_lut[a_idx]_79_37/in_3[4] 	 (fanout : 1)
hpin:softmax_base/u_decompose/GEN_EXP[3].u_tr_exp/mux_exp_lut[a_idx]_79_37/in_3[3] 	 (fanout : 1)
hpin:softmax_base/u_decompose/GEN_EXP[3].u_tr_exp/mux_exp_lut[a_idx]_79_37/in_3[2] 	 (fanout : 1)
hpin:softmax_base/u_decompose/GEN_EXP[3].u_tr_exp/mux_exp_lut[a_idx]_79_37/in_3[1] 	 (fanout : 1)
hpin:softmax_base/u_decompose/GEN_EXP[3].u_tr_exp/mux_exp_lut[a_idx]_79_37/in_3[0] 	 (fanout : 1)
hpin:softmax_base/u_decompose/GEN_EXP[3].u_tr_exp/mux_exp_lut[a_idx]_79_37/in_4[6] 	 (fanout : 1)
hpin:softmax_base/u_decompose/GEN_EXP[3].u_tr_exp/mux_exp_lut[a_idx]_79_37/in_4[5] 	 (fanout : 1)
hpin:softmax_base/u_decompose/GEN_EXP[3].u_tr_exp/mux_exp_lut[a_idx]_79_37/in_4[4] 	 (fanout : 1)
hpin:softmax_base/u_decompose/GEN_EXP[3].u_tr_exp/mux_exp_lut[a_idx]_79_37/in_4[3] 	 (fanout : 1)
hpin:softmax_base/u_decompose/GEN_EXP[3].u_tr_exp/mux_exp_lut[a_idx]_79_37/in_4[2] 	 (fanout : 1)
hpin:softmax_base/u_decompose/GEN_EXP[3].u_tr_exp/mux_exp_lut[a_idx]_79_37/in_4[1] 	 (fanout : 1)
hpin:softmax_base/u_decompose/GEN_EXP[3].u_tr_exp/mux_exp_lut[a_idx]_79_37/in_4[0] 	 (fanout : 1)
hpin:softmax_base/u_decompose/GEN_EXP[3].u_tr_exp/mux_exp_lut[a_idx]_79_37/in_5[6] 	 (fanout : 1)
hpin:softmax_base/u_decompose/GEN_EXP[3].u_tr_exp/mux_exp_lut[a_idx]_79_37/in_5[5] 	 (fanout : 1)
hpin:softmax_base/u_decompose/GEN_EXP[3].u_tr_exp/mux_exp_lut[a_idx]_79_37/in_5[4] 	 (fanout : 1)
hpin:softmax_base/u_decompose/GEN_EXP[3].u_tr_exp/mux_exp_lut[a_idx]_79_37/in_5[3] 	 (fanout : 1)
hpin:softmax_base/u_decompose/GEN_EXP[3].u_tr_exp/mux_exp_lut[a_idx]_79_37/in_5[2] 	 (fanout : 1)
hpin:softmax_base/u_decompose/GEN_EXP[3].u_tr_exp/mux_exp_lut[a_idx]_79_37/in_5[1] 	 (fanout : 1)
hpin:softmax_base/u_decompose/GEN_EXP[3].u_tr_exp/mux_exp_lut[a_idx]_79_37/in_5[0] 	 (fanout : 1)
hpin:softmax_base/u_decompose/GEN_EXP[3].u_tr_exp/mux_exp_lut[a_idx]_79_37/in_6[6] 	 (fanout : 1)
hpin:softmax_base/u_decompose/GEN_EXP[3].u_tr_exp/mux_exp_lut[a_idx]_79_37/in_6[5] 	 (fanout : 1)
hpin:softmax_base/u_decompose/GEN_EXP[3].u_tr_exp/mux_exp_lut[a_idx]_79_37/in_6[4] 	 (fanout : 1)
hpin:softmax_base/u_decompose/GEN_EXP[3].u_tr_exp/mux_exp_lut[a_idx]_79_37/in_6[3] 	 (fanout : 1)
hpin:softmax_base/u_decompose/GEN_EXP[3].u_tr_exp/mux_exp_lut[a_idx]_79_37/in_6[2] 	 (fanout : 1)
hpin:softmax_base/u_decompose/GEN_EXP[3].u_tr_exp/mux_exp_lut[a_idx]_79_37/in_6[1] 	 (fanout : 1)
hpin:softmax_base/u_decompose/GEN_EXP[3].u_tr_exp/mux_exp_lut[a_idx]_79_37/in_6[0] 	 (fanout : 1)
hpin:softmax_base/u_decompose/GEN_EXP[3].u_tr_exp/mux_exp_lut[a_idx]_79_37/in_7[6] 	 (fanout : 1)
hpin:softmax_base/u_decompose/GEN_EXP[3].u_tr_exp/mux_exp_lut[a_idx]_79_37/in_7[5] 	 (fanout : 1)
hpin:softmax_base/u_decompose/GEN_EXP[3].u_tr_exp/mux_exp_lut[a_idx]_79_37/in_7[4] 	 (fanout : 1)
hpin:softmax_base/u_decompose/GEN_EXP[3].u_tr_exp/mux_exp_lut[a_idx]_79_37/in_7[3] 	 (fanout : 1)
hpin:softmax_base/u_decompose/GEN_EXP[3].u_tr_exp/mux_exp_lut[a_idx]_79_37/in_7[2] 	 (fanout : 1)
hpin:softmax_base/u_decompose/GEN_EXP[3].u_tr_exp/mux_exp_lut[a_idx]_79_37/in_7[1] 	 (fanout : 1)
hpin:softmax_base/u_decompose/GEN_EXP[3].u_tr_exp/mux_exp_lut[a_idx]_79_37/in_7[0] 	 (fanout : 1)
hpin:softmax_base/u_decompose/GEN_EXP[3].u_tr_exp/mux_79_18/in_0[7] 	 (fanout : 1)
hpin:softmax_base/u_decompose/GEN_EXP[3].u_tr_exp/mux_79_18/in_1[7] 	 (fanout : 1)
hpin:softmax_base/u_decompose/GEN_EXP[3].u_tr_exp/mux_79_18/in_1[6] 	 (fanout : 1)
hpin:softmax_base/u_decompose/GEN_EXP[3].u_tr_exp/mux_79_18/in_1[5] 	 (fanout : 1)
hpin:softmax_base/u_decompose/GEN_EXP[3].u_tr_exp/mux_79_18/in_1[4] 	 (fanout : 1)
hpin:softmax_base/u_decompose/GEN_EXP[3].u_tr_exp/mux_79_18/in_1[3] 	 (fanout : 1)
hpin:softmax_base/u_decompose/GEN_EXP[3].u_tr_exp/mux_79_18/in_1[2] 	 (fanout : 1)
hpin:softmax_base/u_decompose/GEN_EXP[3].u_tr_exp/mux_79_18/in_1[1] 	 (fanout : 1)
hpin:softmax_base/u_decompose/GEN_EXP[3].u_tr_exp/mux_79_18/in_1[0] 	 (fanout : 1)
hpin:softmax_base/u_decompose/GEN_EXP[3].u_tr_exp/uut/eq_27_44/B 	 (fanout : 1)
hpin:softmax_base/u_decompose/GEN_EXP[3].u_tr_exp/uut/add_24_61/B[1] 	 (fanout : 5)
hpin:softmax_base/u_decompose/GEN_EXP[3].u_tr_exp/uut/add_24_61/B[0] 	 (fanout : 2)
hpin:softmax_base/u_decompose/GEN_EXP[4].u_tr_exp/mux_exp_lut[a_idx]_79_37/in_0[6] 	 (fanout : 1)
hpin:softmax_base/u_decompose/GEN_EXP[4].u_tr_exp/mux_exp_lut[a_idx]_79_37/in_0[5] 	 (fanout : 1)
hpin:softmax_base/u_decompose/GEN_EXP[4].u_tr_exp/mux_exp_lut[a_idx]_79_37/in_0[4] 	 (fanout : 1)
hpin:softmax_base/u_decompose/GEN_EXP[4].u_tr_exp/mux_exp_lut[a_idx]_79_37/in_0[3] 	 (fanout : 1)
hpin:softmax_base/u_decompose/GEN_EXP[4].u_tr_exp/mux_exp_lut[a_idx]_79_37/in_0[2] 	 (fanout : 1)
hpin:softmax_base/u_decompose/GEN_EXP[4].u_tr_exp/mux_exp_lut[a_idx]_79_37/in_0[1] 	 (fanout : 1)
hpin:softmax_base/u_decompose/GEN_EXP[4].u_tr_exp/mux_exp_lut[a_idx]_79_37/in_0[0] 	 (fanout : 1)
hpin:softmax_base/u_decompose/GEN_EXP[4].u_tr_exp/mux_exp_lut[a_idx]_79_37/in_1[6] 	 (fanout : 1)
hpin:softmax_base/u_decompose/GEN_EXP[4].u_tr_exp/mux_exp_lut[a_idx]_79_37/in_1[5] 	 (fanout : 1)
hpin:softmax_base/u_decompose/GEN_EXP[4].u_tr_exp/mux_exp_lut[a_idx]_79_37/in_1[4] 	 (fanout : 1)
hpin:softmax_base/u_decompose/GEN_EXP[4].u_tr_exp/mux_exp_lut[a_idx]_79_37/in_1[3] 	 (fanout : 1)
hpin:softmax_base/u_decompose/GEN_EXP[4].u_tr_exp/mux_exp_lut[a_idx]_79_37/in_1[2] 	 (fanout : 1)
hpin:softmax_base/u_decompose/GEN_EXP[4].u_tr_exp/mux_exp_lut[a_idx]_79_37/in_1[1] 	 (fanout : 1)
hpin:softmax_base/u_decompose/GEN_EXP[4].u_tr_exp/mux_exp_lut[a_idx]_79_37/in_1[0] 	 (fanout : 1)
hpin:softmax_base/u_decompose/GEN_EXP[4].u_tr_exp/mux_exp_lut[a_idx]_79_37/in_2[6] 	 (fanout : 1)
hpin:softmax_base/u_decompose/GEN_EXP[4].u_tr_exp/mux_exp_lut[a_idx]_79_37/in_2[5] 	 (fanout : 1)
hpin:softmax_base/u_decompose/GEN_EXP[4].u_tr_exp/mux_exp_lut[a_idx]_79_37/in_2[4] 	 (fanout : 1)
hpin:softmax_base/u_decompose/GEN_EXP[4].u_tr_exp/mux_exp_lut[a_idx]_79_37/in_2[3] 	 (fanout : 1)
hpin:softmax_base/u_decompose/GEN_EXP[4].u_tr_exp/mux_exp_lut[a_idx]_79_37/in_2[2] 	 (fanout : 1)
hpin:softmax_base/u_decompose/GEN_EXP[4].u_tr_exp/mux_exp_lut[a_idx]_79_37/in_2[1] 	 (fanout : 1)
hpin:softmax_base/u_decompose/GEN_EXP[4].u_tr_exp/mux_exp_lut[a_idx]_79_37/in_2[0] 	 (fanout : 1)
hpin:softmax_base/u_decompose/GEN_EXP[4].u_tr_exp/mux_exp_lut[a_idx]_79_37/in_3[6] 	 (fanout : 1)
hpin:softmax_base/u_decompose/GEN_EXP[4].u_tr_exp/mux_exp_lut[a_idx]_79_37/in_3[5] 	 (fanout : 1)
hpin:softmax_base/u_decompose/GEN_EXP[4].u_tr_exp/mux_exp_lut[a_idx]_79_37/in_3[4] 	 (fanout : 1)
hpin:softmax_base/u_decompose/GEN_EXP[4].u_tr_exp/mux_exp_lut[a_idx]_79_37/in_3[3] 	 (fanout : 1)
hpin:softmax_base/u_decompose/GEN_EXP[4].u_tr_exp/mux_exp_lut[a_idx]_79_37/in_3[2] 	 (fanout : 1)
hpin:softmax_base/u_decompose/GEN_EXP[4].u_tr_exp/mux_exp_lut[a_idx]_79_37/in_3[1] 	 (fanout : 1)
hpin:softmax_base/u_decompose/GEN_EXP[4].u_tr_exp/mux_exp_lut[a_idx]_79_37/in_3[0] 	 (fanout : 1)
hpin:softmax_base/u_decompose/GEN_EXP[4].u_tr_exp/mux_exp_lut[a_idx]_79_37/in_4[6] 	 (fanout : 1)
hpin:softmax_base/u_decompose/GEN_EXP[4].u_tr_exp/mux_exp_lut[a_idx]_79_37/in_4[5] 	 (fanout : 1)
hpin:softmax_base/u_decompose/GEN_EXP[4].u_tr_exp/mux_exp_lut[a_idx]_79_37/in_4[4] 	 (fanout : 1)
hpin:softmax_base/u_decompose/GEN_EXP[4].u_tr_exp/mux_exp_lut[a_idx]_79_37/in_4[3] 	 (fanout : 1)
hpin:softmax_base/u_decompose/GEN_EXP[4].u_tr_exp/mux_exp_lut[a_idx]_79_37/in_4[2] 	 (fanout : 1)
hpin:softmax_base/u_decompose/GEN_EXP[4].u_tr_exp/mux_exp_lut[a_idx]_79_37/in_4[1] 	 (fanout : 1)
hpin:softmax_base/u_decompose/GEN_EXP[4].u_tr_exp/mux_exp_lut[a_idx]_79_37/in_4[0] 	 (fanout : 1)
hpin:softmax_base/u_decompose/GEN_EXP[4].u_tr_exp/mux_exp_lut[a_idx]_79_37/in_5[6] 	 (fanout : 1)
hpin:softmax_base/u_decompose/GEN_EXP[4].u_tr_exp/mux_exp_lut[a_idx]_79_37/in_5[5] 	 (fanout : 1)
hpin:softmax_base/u_decompose/GEN_EXP[4].u_tr_exp/mux_exp_lut[a_idx]_79_37/in_5[4] 	 (fanout : 1)
hpin:softmax_base/u_decompose/GEN_EXP[4].u_tr_exp/mux_exp_lut[a_idx]_79_37/in_5[3] 	 (fanout : 1)
hpin:softmax_base/u_decompose/GEN_EXP[4].u_tr_exp/mux_exp_lut[a_idx]_79_37/in_5[2] 	 (fanout : 1)
hpin:softmax_base/u_decompose/GEN_EXP[4].u_tr_exp/mux_exp_lut[a_idx]_79_37/in_5[1] 	 (fanout : 1)
hpin:softmax_base/u_decompose/GEN_EXP[4].u_tr_exp/mux_exp_lut[a_idx]_79_37/in_5[0] 	 (fanout : 1)
hpin:softmax_base/u_decompose/GEN_EXP[4].u_tr_exp/mux_exp_lut[a_idx]_79_37/in_6[6] 	 (fanout : 1)
hpin:softmax_base/u_decompose/GEN_EXP[4].u_tr_exp/mux_exp_lut[a_idx]_79_37/in_6[5] 	 (fanout : 1)
hpin:softmax_base/u_decompose/GEN_EXP[4].u_tr_exp/mux_exp_lut[a_idx]_79_37/in_6[4] 	 (fanout : 1)
hpin:softmax_base/u_decompose/GEN_EXP[4].u_tr_exp/mux_exp_lut[a_idx]_79_37/in_6[3] 	 (fanout : 1)
hpin:softmax_base/u_decompose/GEN_EXP[4].u_tr_exp/mux_exp_lut[a_idx]_79_37/in_6[2] 	 (fanout : 1)
hpin:softmax_base/u_decompose/GEN_EXP[4].u_tr_exp/mux_exp_lut[a_idx]_79_37/in_6[1] 	 (fanout : 1)
hpin:softmax_base/u_decompose/GEN_EXP[4].u_tr_exp/mux_exp_lut[a_idx]_79_37/in_6[0] 	 (fanout : 1)
hpin:softmax_base/u_decompose/GEN_EXP[4].u_tr_exp/mux_exp_lut[a_idx]_79_37/in_7[6] 	 (fanout : 1)
hpin:softmax_base/u_decompose/GEN_EXP[4].u_tr_exp/mux_exp_lut[a_idx]_79_37/in_7[5] 	 (fanout : 1)
hpin:softmax_base/u_decompose/GEN_EXP[4].u_tr_exp/mux_exp_lut[a_idx]_79_37/in_7[4] 	 (fanout : 1)
hpin:softmax_base/u_decompose/GEN_EXP[4].u_tr_exp/mux_exp_lut[a_idx]_79_37/in_7[3] 	 (fanout : 1)
hpin:softmax_base/u_decompose/GEN_EXP[4].u_tr_exp/mux_exp_lut[a_idx]_79_37/in_7[2] 	 (fanout : 1)
hpin:softmax_base/u_decompose/GEN_EXP[4].u_tr_exp/mux_exp_lut[a_idx]_79_37/in_7[1] 	 (fanout : 1)
hpin:softmax_base/u_decompose/GEN_EXP[4].u_tr_exp/mux_exp_lut[a_idx]_79_37/in_7[0] 	 (fanout : 1)
hpin:softmax_base/u_decompose/GEN_EXP[4].u_tr_exp/mux_79_18/in_0[7] 	 (fanout : 1)
hpin:softmax_base/u_decompose/GEN_EXP[4].u_tr_exp/mux_79_18/in_1[7] 	 (fanout : 1)
hpin:softmax_base/u_decompose/GEN_EXP[4].u_tr_exp/mux_79_18/in_1[6] 	 (fanout : 1)
hpin:softmax_base/u_decompose/GEN_EXP[4].u_tr_exp/mux_79_18/in_1[5] 	 (fanout : 1)
hpin:softmax_base/u_decompose/GEN_EXP[4].u_tr_exp/mux_79_18/in_1[4] 	 (fanout : 1)
hpin:softmax_base/u_decompose/GEN_EXP[4].u_tr_exp/mux_79_18/in_1[3] 	 (fanout : 1)
hpin:softmax_base/u_decompose/GEN_EXP[4].u_tr_exp/mux_79_18/in_1[2] 	 (fanout : 1)
hpin:softmax_base/u_decompose/GEN_EXP[4].u_tr_exp/mux_79_18/in_1[1] 	 (fanout : 1)
hpin:softmax_base/u_decompose/GEN_EXP[4].u_tr_exp/mux_79_18/in_1[0] 	 (fanout : 1)
hpin:softmax_base/u_decompose/GEN_EXP[4].u_tr_exp/uut/eq_27_44/B 	 (fanout : 1)
hpin:softmax_base/u_decompose/GEN_EXP[4].u_tr_exp/uut/add_24_61/B[1] 	 (fanout : 5)
hpin:softmax_base/u_decompose/GEN_EXP[4].u_tr_exp/uut/add_24_61/B[0] 	 (fanout : 2)
hpin:softmax_base/u_decompose/GEN_EXP[5].u_tr_exp/mux_exp_lut[a_idx]_79_37/in_0[6] 	 (fanout : 1)
hpin:softmax_base/u_decompose/GEN_EXP[5].u_tr_exp/mux_exp_lut[a_idx]_79_37/in_0[5] 	 (fanout : 1)
hpin:softmax_base/u_decompose/GEN_EXP[5].u_tr_exp/mux_exp_lut[a_idx]_79_37/in_0[4] 	 (fanout : 1)
hpin:softmax_base/u_decompose/GEN_EXP[5].u_tr_exp/mux_exp_lut[a_idx]_79_37/in_0[3] 	 (fanout : 1)
hpin:softmax_base/u_decompose/GEN_EXP[5].u_tr_exp/mux_exp_lut[a_idx]_79_37/in_0[2] 	 (fanout : 1)
hpin:softmax_base/u_decompose/GEN_EXP[5].u_tr_exp/mux_exp_lut[a_idx]_79_37/in_0[1] 	 (fanout : 1)
hpin:softmax_base/u_decompose/GEN_EXP[5].u_tr_exp/mux_exp_lut[a_idx]_79_37/in_0[0] 	 (fanout : 1)
hpin:softmax_base/u_decompose/GEN_EXP[5].u_tr_exp/mux_exp_lut[a_idx]_79_37/in_1[6] 	 (fanout : 1)
hpin:softmax_base/u_decompose/GEN_EXP[5].u_tr_exp/mux_exp_lut[a_idx]_79_37/in_1[5] 	 (fanout : 1)
hpin:softmax_base/u_decompose/GEN_EXP[5].u_tr_exp/mux_exp_lut[a_idx]_79_37/in_1[4] 	 (fanout : 1)
hpin:softmax_base/u_decompose/GEN_EXP[5].u_tr_exp/mux_exp_lut[a_idx]_79_37/in_1[3] 	 (fanout : 1)
hpin:softmax_base/u_decompose/GEN_EXP[5].u_tr_exp/mux_exp_lut[a_idx]_79_37/in_1[2] 	 (fanout : 1)
hpin:softmax_base/u_decompose/GEN_EXP[5].u_tr_exp/mux_exp_lut[a_idx]_79_37/in_1[1] 	 (fanout : 1)
hpin:softmax_base/u_decompose/GEN_EXP[5].u_tr_exp/mux_exp_lut[a_idx]_79_37/in_1[0] 	 (fanout : 1)
hpin:softmax_base/u_decompose/GEN_EXP[5].u_tr_exp/mux_exp_lut[a_idx]_79_37/in_2[6] 	 (fanout : 1)
hpin:softmax_base/u_decompose/GEN_EXP[5].u_tr_exp/mux_exp_lut[a_idx]_79_37/in_2[5] 	 (fanout : 1)
hpin:softmax_base/u_decompose/GEN_EXP[5].u_tr_exp/mux_exp_lut[a_idx]_79_37/in_2[4] 	 (fanout : 1)
hpin:softmax_base/u_decompose/GEN_EXP[5].u_tr_exp/mux_exp_lut[a_idx]_79_37/in_2[3] 	 (fanout : 1)
hpin:softmax_base/u_decompose/GEN_EXP[5].u_tr_exp/mux_exp_lut[a_idx]_79_37/in_2[2] 	 (fanout : 1)
hpin:softmax_base/u_decompose/GEN_EXP[5].u_tr_exp/mux_exp_lut[a_idx]_79_37/in_2[1] 	 (fanout : 1)
hpin:softmax_base/u_decompose/GEN_EXP[5].u_tr_exp/mux_exp_lut[a_idx]_79_37/in_2[0] 	 (fanout : 1)
hpin:softmax_base/u_decompose/GEN_EXP[5].u_tr_exp/mux_exp_lut[a_idx]_79_37/in_3[6] 	 (fanout : 1)
hpin:softmax_base/u_decompose/GEN_EXP[5].u_tr_exp/mux_exp_lut[a_idx]_79_37/in_3[5] 	 (fanout : 1)
hpin:softmax_base/u_decompose/GEN_EXP[5].u_tr_exp/mux_exp_lut[a_idx]_79_37/in_3[4] 	 (fanout : 1)
hpin:softmax_base/u_decompose/GEN_EXP[5].u_tr_exp/mux_exp_lut[a_idx]_79_37/in_3[3] 	 (fanout : 1)
hpin:softmax_base/u_decompose/GEN_EXP[5].u_tr_exp/mux_exp_lut[a_idx]_79_37/in_3[2] 	 (fanout : 1)
hpin:softmax_base/u_decompose/GEN_EXP[5].u_tr_exp/mux_exp_lut[a_idx]_79_37/in_3[1] 	 (fanout : 1)
hpin:softmax_base/u_decompose/GEN_EXP[5].u_tr_exp/mux_exp_lut[a_idx]_79_37/in_3[0] 	 (fanout : 1)
hpin:softmax_base/u_decompose/GEN_EXP[5].u_tr_exp/mux_exp_lut[a_idx]_79_37/in_4[6] 	 (fanout : 1)
hpin:softmax_base/u_decompose/GEN_EXP[5].u_tr_exp/mux_exp_lut[a_idx]_79_37/in_4[5] 	 (fanout : 1)
hpin:softmax_base/u_decompose/GEN_EXP[5].u_tr_exp/mux_exp_lut[a_idx]_79_37/in_4[4] 	 (fanout : 1)
hpin:softmax_base/u_decompose/GEN_EXP[5].u_tr_exp/mux_exp_lut[a_idx]_79_37/in_4[3] 	 (fanout : 1)
hpin:softmax_base/u_decompose/GEN_EXP[5].u_tr_exp/mux_exp_lut[a_idx]_79_37/in_4[2] 	 (fanout : 1)
hpin:softmax_base/u_decompose/GEN_EXP[5].u_tr_exp/mux_exp_lut[a_idx]_79_37/in_4[1] 	 (fanout : 1)
hpin:softmax_base/u_decompose/GEN_EXP[5].u_tr_exp/mux_exp_lut[a_idx]_79_37/in_4[0] 	 (fanout : 1)
hpin:softmax_base/u_decompose/GEN_EXP[5].u_tr_exp/mux_exp_lut[a_idx]_79_37/in_5[6] 	 (fanout : 1)
hpin:softmax_base/u_decompose/GEN_EXP[5].u_tr_exp/mux_exp_lut[a_idx]_79_37/in_5[5] 	 (fanout : 1)
hpin:softmax_base/u_decompose/GEN_EXP[5].u_tr_exp/mux_exp_lut[a_idx]_79_37/in_5[4] 	 (fanout : 1)
hpin:softmax_base/u_decompose/GEN_EXP[5].u_tr_exp/mux_exp_lut[a_idx]_79_37/in_5[3] 	 (fanout : 1)
hpin:softmax_base/u_decompose/GEN_EXP[5].u_tr_exp/mux_exp_lut[a_idx]_79_37/in_5[2] 	 (fanout : 1)
hpin:softmax_base/u_decompose/GEN_EXP[5].u_tr_exp/mux_exp_lut[a_idx]_79_37/in_5[1] 	 (fanout : 1)
hpin:softmax_base/u_decompose/GEN_EXP[5].u_tr_exp/mux_exp_lut[a_idx]_79_37/in_5[0] 	 (fanout : 1)
hpin:softmax_base/u_decompose/GEN_EXP[5].u_tr_exp/mux_exp_lut[a_idx]_79_37/in_6[6] 	 (fanout : 1)
hpin:softmax_base/u_decompose/GEN_EXP[5].u_tr_exp/mux_exp_lut[a_idx]_79_37/in_6[5] 	 (fanout : 1)
hpin:softmax_base/u_decompose/GEN_EXP[5].u_tr_exp/mux_exp_lut[a_idx]_79_37/in_6[4] 	 (fanout : 1)
hpin:softmax_base/u_decompose/GEN_EXP[5].u_tr_exp/mux_exp_lut[a_idx]_79_37/in_6[3] 	 (fanout : 1)
hpin:softmax_base/u_decompose/GEN_EXP[5].u_tr_exp/mux_exp_lut[a_idx]_79_37/in_6[2] 	 (fanout : 1)
hpin:softmax_base/u_decompose/GEN_EXP[5].u_tr_exp/mux_exp_lut[a_idx]_79_37/in_6[1] 	 (fanout : 1)
hpin:softmax_base/u_decompose/GEN_EXP[5].u_tr_exp/mux_exp_lut[a_idx]_79_37/in_6[0] 	 (fanout : 1)
hpin:softmax_base/u_decompose/GEN_EXP[5].u_tr_exp/mux_exp_lut[a_idx]_79_37/in_7[6] 	 (fanout : 1)
hpin:softmax_base/u_decompose/GEN_EXP[5].u_tr_exp/mux_exp_lut[a_idx]_79_37/in_7[5] 	 (fanout : 1)
hpin:softmax_base/u_decompose/GEN_EXP[5].u_tr_exp/mux_exp_lut[a_idx]_79_37/in_7[4] 	 (fanout : 1)
hpin:softmax_base/u_decompose/GEN_EXP[5].u_tr_exp/mux_exp_lut[a_idx]_79_37/in_7[3] 	 (fanout : 1)
hpin:softmax_base/u_decompose/GEN_EXP[5].u_tr_exp/mux_exp_lut[a_idx]_79_37/in_7[2] 	 (fanout : 1)
hpin:softmax_base/u_decompose/GEN_EXP[5].u_tr_exp/mux_exp_lut[a_idx]_79_37/in_7[1] 	 (fanout : 1)
hpin:softmax_base/u_decompose/GEN_EXP[5].u_tr_exp/mux_exp_lut[a_idx]_79_37/in_7[0] 	 (fanout : 1)
hpin:softmax_base/u_decompose/GEN_EXP[5].u_tr_exp/mux_79_18/in_0[7] 	 (fanout : 1)
hpin:softmax_base/u_decompose/GEN_EXP[5].u_tr_exp/mux_79_18/in_1[7] 	 (fanout : 1)
hpin:softmax_base/u_decompose/GEN_EXP[5].u_tr_exp/mux_79_18/in_1[6] 	 (fanout : 1)
hpin:softmax_base/u_decompose/GEN_EXP[5].u_tr_exp/mux_79_18/in_1[5] 	 (fanout : 1)
hpin:softmax_base/u_decompose/GEN_EXP[5].u_tr_exp/mux_79_18/in_1[4] 	 (fanout : 1)
hpin:softmax_base/u_decompose/GEN_EXP[5].u_tr_exp/mux_79_18/in_1[3] 	 (fanout : 1)
hpin:softmax_base/u_decompose/GEN_EXP[5].u_tr_exp/mux_79_18/in_1[2] 	 (fanout : 1)
hpin:softmax_base/u_decompose/GEN_EXP[5].u_tr_exp/mux_79_18/in_1[1] 	 (fanout : 1)
hpin:softmax_base/u_decompose/GEN_EXP[5].u_tr_exp/mux_79_18/in_1[0] 	 (fanout : 1)
hpin:softmax_base/u_decompose/GEN_EXP[5].u_tr_exp/uut/eq_27_44/B 	 (fanout : 1)
hpin:softmax_base/u_decompose/GEN_EXP[5].u_tr_exp/uut/add_24_61/B[1] 	 (fanout : 5)
hpin:softmax_base/u_decompose/GEN_EXP[5].u_tr_exp/uut/add_24_61/B[0] 	 (fanout : 2)
hpin:softmax_base/u_decompose/GEN_EXP[6].u_tr_exp/mux_exp_lut[a_idx]_79_37/in_0[6] 	 (fanout : 1)
hpin:softmax_base/u_decompose/GEN_EXP[6].u_tr_exp/mux_exp_lut[a_idx]_79_37/in_0[5] 	 (fanout : 1)
hpin:softmax_base/u_decompose/GEN_EXP[6].u_tr_exp/mux_exp_lut[a_idx]_79_37/in_0[4] 	 (fanout : 1)
hpin:softmax_base/u_decompose/GEN_EXP[6].u_tr_exp/mux_exp_lut[a_idx]_79_37/in_0[3] 	 (fanout : 1)
hpin:softmax_base/u_decompose/GEN_EXP[6].u_tr_exp/mux_exp_lut[a_idx]_79_37/in_0[2] 	 (fanout : 1)
hpin:softmax_base/u_decompose/GEN_EXP[6].u_tr_exp/mux_exp_lut[a_idx]_79_37/in_0[1] 	 (fanout : 1)
hpin:softmax_base/u_decompose/GEN_EXP[6].u_tr_exp/mux_exp_lut[a_idx]_79_37/in_0[0] 	 (fanout : 1)
hpin:softmax_base/u_decompose/GEN_EXP[6].u_tr_exp/mux_exp_lut[a_idx]_79_37/in_1[6] 	 (fanout : 1)
hpin:softmax_base/u_decompose/GEN_EXP[6].u_tr_exp/mux_exp_lut[a_idx]_79_37/in_1[5] 	 (fanout : 1)
hpin:softmax_base/u_decompose/GEN_EXP[6].u_tr_exp/mux_exp_lut[a_idx]_79_37/in_1[4] 	 (fanout : 1)
hpin:softmax_base/u_decompose/GEN_EXP[6].u_tr_exp/mux_exp_lut[a_idx]_79_37/in_1[3] 	 (fanout : 1)
hpin:softmax_base/u_decompose/GEN_EXP[6].u_tr_exp/mux_exp_lut[a_idx]_79_37/in_1[2] 	 (fanout : 1)
hpin:softmax_base/u_decompose/GEN_EXP[6].u_tr_exp/mux_exp_lut[a_idx]_79_37/in_1[1] 	 (fanout : 1)
hpin:softmax_base/u_decompose/GEN_EXP[6].u_tr_exp/mux_exp_lut[a_idx]_79_37/in_1[0] 	 (fanout : 1)
hpin:softmax_base/u_decompose/GEN_EXP[6].u_tr_exp/mux_exp_lut[a_idx]_79_37/in_2[6] 	 (fanout : 1)
hpin:softmax_base/u_decompose/GEN_EXP[6].u_tr_exp/mux_exp_lut[a_idx]_79_37/in_2[5] 	 (fanout : 1)
hpin:softmax_base/u_decompose/GEN_EXP[6].u_tr_exp/mux_exp_lut[a_idx]_79_37/in_2[4] 	 (fanout : 1)
hpin:softmax_base/u_decompose/GEN_EXP[6].u_tr_exp/mux_exp_lut[a_idx]_79_37/in_2[3] 	 (fanout : 1)
hpin:softmax_base/u_decompose/GEN_EXP[6].u_tr_exp/mux_exp_lut[a_idx]_79_37/in_2[2] 	 (fanout : 1)
hpin:softmax_base/u_decompose/GEN_EXP[6].u_tr_exp/mux_exp_lut[a_idx]_79_37/in_2[1] 	 (fanout : 1)
hpin:softmax_base/u_decompose/GEN_EXP[6].u_tr_exp/mux_exp_lut[a_idx]_79_37/in_2[0] 	 (fanout : 1)
hpin:softmax_base/u_decompose/GEN_EXP[6].u_tr_exp/mux_exp_lut[a_idx]_79_37/in_3[6] 	 (fanout : 1)
hpin:softmax_base/u_decompose/GEN_EXP[6].u_tr_exp/mux_exp_lut[a_idx]_79_37/in_3[5] 	 (fanout : 1)
hpin:softmax_base/u_decompose/GEN_EXP[6].u_tr_exp/mux_exp_lut[a_idx]_79_37/in_3[4] 	 (fanout : 1)
hpin:softmax_base/u_decompose/GEN_EXP[6].u_tr_exp/mux_exp_lut[a_idx]_79_37/in_3[3] 	 (fanout : 1)
hpin:softmax_base/u_decompose/GEN_EXP[6].u_tr_exp/mux_exp_lut[a_idx]_79_37/in_3[2] 	 (fanout : 1)
hpin:softmax_base/u_decompose/GEN_EXP[6].u_tr_exp/mux_exp_lut[a_idx]_79_37/in_3[1] 	 (fanout : 1)
hpin:softmax_base/u_decompose/GEN_EXP[6].u_tr_exp/mux_exp_lut[a_idx]_79_37/in_3[0] 	 (fanout : 1)
hpin:softmax_base/u_decompose/GEN_EXP[6].u_tr_exp/mux_exp_lut[a_idx]_79_37/in_4[6] 	 (fanout : 1)
hpin:softmax_base/u_decompose/GEN_EXP[6].u_tr_exp/mux_exp_lut[a_idx]_79_37/in_4[5] 	 (fanout : 1)
hpin:softmax_base/u_decompose/GEN_EXP[6].u_tr_exp/mux_exp_lut[a_idx]_79_37/in_4[4] 	 (fanout : 1)
hpin:softmax_base/u_decompose/GEN_EXP[6].u_tr_exp/mux_exp_lut[a_idx]_79_37/in_4[3] 	 (fanout : 1)
hpin:softmax_base/u_decompose/GEN_EXP[6].u_tr_exp/mux_exp_lut[a_idx]_79_37/in_4[2] 	 (fanout : 1)
hpin:softmax_base/u_decompose/GEN_EXP[6].u_tr_exp/mux_exp_lut[a_idx]_79_37/in_4[1] 	 (fanout : 1)
hpin:softmax_base/u_decompose/GEN_EXP[6].u_tr_exp/mux_exp_lut[a_idx]_79_37/in_4[0] 	 (fanout : 1)
hpin:softmax_base/u_decompose/GEN_EXP[6].u_tr_exp/mux_exp_lut[a_idx]_79_37/in_5[6] 	 (fanout : 1)
hpin:softmax_base/u_decompose/GEN_EXP[6].u_tr_exp/mux_exp_lut[a_idx]_79_37/in_5[5] 	 (fanout : 1)
hpin:softmax_base/u_decompose/GEN_EXP[6].u_tr_exp/mux_exp_lut[a_idx]_79_37/in_5[4] 	 (fanout : 1)
hpin:softmax_base/u_decompose/GEN_EXP[6].u_tr_exp/mux_exp_lut[a_idx]_79_37/in_5[3] 	 (fanout : 1)
hpin:softmax_base/u_decompose/GEN_EXP[6].u_tr_exp/mux_exp_lut[a_idx]_79_37/in_5[2] 	 (fanout : 1)
hpin:softmax_base/u_decompose/GEN_EXP[6].u_tr_exp/mux_exp_lut[a_idx]_79_37/in_5[1] 	 (fanout : 1)
hpin:softmax_base/u_decompose/GEN_EXP[6].u_tr_exp/mux_exp_lut[a_idx]_79_37/in_5[0] 	 (fanout : 1)
hpin:softmax_base/u_decompose/GEN_EXP[6].u_tr_exp/mux_exp_lut[a_idx]_79_37/in_6[6] 	 (fanout : 1)
hpin:softmax_base/u_decompose/GEN_EXP[6].u_tr_exp/mux_exp_lut[a_idx]_79_37/in_6[5] 	 (fanout : 1)
hpin:softmax_base/u_decompose/GEN_EXP[6].u_tr_exp/mux_exp_lut[a_idx]_79_37/in_6[4] 	 (fanout : 1)
hpin:softmax_base/u_decompose/GEN_EXP[6].u_tr_exp/mux_exp_lut[a_idx]_79_37/in_6[3] 	 (fanout : 1)
hpin:softmax_base/u_decompose/GEN_EXP[6].u_tr_exp/mux_exp_lut[a_idx]_79_37/in_6[2] 	 (fanout : 1)
hpin:softmax_base/u_decompose/GEN_EXP[6].u_tr_exp/mux_exp_lut[a_idx]_79_37/in_6[1] 	 (fanout : 1)
hpin:softmax_base/u_decompose/GEN_EXP[6].u_tr_exp/mux_exp_lut[a_idx]_79_37/in_6[0] 	 (fanout : 1)
hpin:softmax_base/u_decompose/GEN_EXP[6].u_tr_exp/mux_exp_lut[a_idx]_79_37/in_7[6] 	 (fanout : 1)
hpin:softmax_base/u_decompose/GEN_EXP[6].u_tr_exp/mux_exp_lut[a_idx]_79_37/in_7[5] 	 (fanout : 1)
hpin:softmax_base/u_decompose/GEN_EXP[6].u_tr_exp/mux_exp_lut[a_idx]_79_37/in_7[4] 	 (fanout : 1)
hpin:softmax_base/u_decompose/GEN_EXP[6].u_tr_exp/mux_exp_lut[a_idx]_79_37/in_7[3] 	 (fanout : 1)
hpin:softmax_base/u_decompose/GEN_EXP[6].u_tr_exp/mux_exp_lut[a_idx]_79_37/in_7[2] 	 (fanout : 1)
hpin:softmax_base/u_decompose/GEN_EXP[6].u_tr_exp/mux_exp_lut[a_idx]_79_37/in_7[1] 	 (fanout : 1)
hpin:softmax_base/u_decompose/GEN_EXP[6].u_tr_exp/mux_exp_lut[a_idx]_79_37/in_7[0] 	 (fanout : 1)
hpin:softmax_base/u_decompose/GEN_EXP[6].u_tr_exp/mux_79_18/in_0[7] 	 (fanout : 1)
hpin:softmax_base/u_decompose/GEN_EXP[6].u_tr_exp/mux_79_18/in_1[7] 	 (fanout : 1)
hpin:softmax_base/u_decompose/GEN_EXP[6].u_tr_exp/mux_79_18/in_1[6] 	 (fanout : 1)
hpin:softmax_base/u_decompose/GEN_EXP[6].u_tr_exp/mux_79_18/in_1[5] 	 (fanout : 1)
hpin:softmax_base/u_decompose/GEN_EXP[6].u_tr_exp/mux_79_18/in_1[4] 	 (fanout : 1)
hpin:softmax_base/u_decompose/GEN_EXP[6].u_tr_exp/mux_79_18/in_1[3] 	 (fanout : 1)
hpin:softmax_base/u_decompose/GEN_EXP[6].u_tr_exp/mux_79_18/in_1[2] 	 (fanout : 1)
hpin:softmax_base/u_decompose/GEN_EXP[6].u_tr_exp/mux_79_18/in_1[1] 	 (fanout : 1)
hpin:softmax_base/u_decompose/GEN_EXP[6].u_tr_exp/mux_79_18/in_1[0] 	 (fanout : 1)
hpin:softmax_base/u_decompose/GEN_EXP[6].u_tr_exp/uut/eq_27_44/B 	 (fanout : 1)
hpin:softmax_base/u_decompose/GEN_EXP[6].u_tr_exp/uut/add_24_61/B[1] 	 (fanout : 5)
hpin:softmax_base/u_decompose/GEN_EXP[6].u_tr_exp/uut/add_24_61/B[0] 	 (fanout : 2)
hpin:softmax_base/u_decompose/GEN_EXP[7].u_tr_exp/mux_exp_lut[a_idx]_79_37/in_0[6] 	 (fanout : 1)
hpin:softmax_base/u_decompose/GEN_EXP[7].u_tr_exp/mux_exp_lut[a_idx]_79_37/in_0[5] 	 (fanout : 1)
hpin:softmax_base/u_decompose/GEN_EXP[7].u_tr_exp/mux_exp_lut[a_idx]_79_37/in_0[4] 	 (fanout : 1)
hpin:softmax_base/u_decompose/GEN_EXP[7].u_tr_exp/mux_exp_lut[a_idx]_79_37/in_0[3] 	 (fanout : 1)
hpin:softmax_base/u_decompose/GEN_EXP[7].u_tr_exp/mux_exp_lut[a_idx]_79_37/in_0[2] 	 (fanout : 1)
hpin:softmax_base/u_decompose/GEN_EXP[7].u_tr_exp/mux_exp_lut[a_idx]_79_37/in_0[1] 	 (fanout : 1)
hpin:softmax_base/u_decompose/GEN_EXP[7].u_tr_exp/mux_exp_lut[a_idx]_79_37/in_0[0] 	 (fanout : 1)
hpin:softmax_base/u_decompose/GEN_EXP[7].u_tr_exp/mux_exp_lut[a_idx]_79_37/in_1[6] 	 (fanout : 1)
hpin:softmax_base/u_decompose/GEN_EXP[7].u_tr_exp/mux_exp_lut[a_idx]_79_37/in_1[5] 	 (fanout : 1)
hpin:softmax_base/u_decompose/GEN_EXP[7].u_tr_exp/mux_exp_lut[a_idx]_79_37/in_1[4] 	 (fanout : 1)
hpin:softmax_base/u_decompose/GEN_EXP[7].u_tr_exp/mux_exp_lut[a_idx]_79_37/in_1[3] 	 (fanout : 1)
hpin:softmax_base/u_decompose/GEN_EXP[7].u_tr_exp/mux_exp_lut[a_idx]_79_37/in_1[2] 	 (fanout : 1)
hpin:softmax_base/u_decompose/GEN_EXP[7].u_tr_exp/mux_exp_lut[a_idx]_79_37/in_1[1] 	 (fanout : 1)
hpin:softmax_base/u_decompose/GEN_EXP[7].u_tr_exp/mux_exp_lut[a_idx]_79_37/in_1[0] 	 (fanout : 1)
hpin:softmax_base/u_decompose/GEN_EXP[7].u_tr_exp/mux_exp_lut[a_idx]_79_37/in_2[6] 	 (fanout : 1)
hpin:softmax_base/u_decompose/GEN_EXP[7].u_tr_exp/mux_exp_lut[a_idx]_79_37/in_2[5] 	 (fanout : 1)
hpin:softmax_base/u_decompose/GEN_EXP[7].u_tr_exp/mux_exp_lut[a_idx]_79_37/in_2[4] 	 (fanout : 1)
hpin:softmax_base/u_decompose/GEN_EXP[7].u_tr_exp/mux_exp_lut[a_idx]_79_37/in_2[3] 	 (fanout : 1)
hpin:softmax_base/u_decompose/GEN_EXP[7].u_tr_exp/mux_exp_lut[a_idx]_79_37/in_2[2] 	 (fanout : 1)
hpin:softmax_base/u_decompose/GEN_EXP[7].u_tr_exp/mux_exp_lut[a_idx]_79_37/in_2[1] 	 (fanout : 1)
hpin:softmax_base/u_decompose/GEN_EXP[7].u_tr_exp/mux_exp_lut[a_idx]_79_37/in_2[0] 	 (fanout : 1)
hpin:softmax_base/u_decompose/GEN_EXP[7].u_tr_exp/mux_exp_lut[a_idx]_79_37/in_3[6] 	 (fanout : 1)
hpin:softmax_base/u_decompose/GEN_EXP[7].u_tr_exp/mux_exp_lut[a_idx]_79_37/in_3[5] 	 (fanout : 1)
hpin:softmax_base/u_decompose/GEN_EXP[7].u_tr_exp/mux_exp_lut[a_idx]_79_37/in_3[4] 	 (fanout : 1)
hpin:softmax_base/u_decompose/GEN_EXP[7].u_tr_exp/mux_exp_lut[a_idx]_79_37/in_3[3] 	 (fanout : 1)
hpin:softmax_base/u_decompose/GEN_EXP[7].u_tr_exp/mux_exp_lut[a_idx]_79_37/in_3[2] 	 (fanout : 1)
hpin:softmax_base/u_decompose/GEN_EXP[7].u_tr_exp/mux_exp_lut[a_idx]_79_37/in_3[1] 	 (fanout : 1)
hpin:softmax_base/u_decompose/GEN_EXP[7].u_tr_exp/mux_exp_lut[a_idx]_79_37/in_3[0] 	 (fanout : 1)
hpin:softmax_base/u_decompose/GEN_EXP[7].u_tr_exp/mux_exp_lut[a_idx]_79_37/in_4[6] 	 (fanout : 1)
hpin:softmax_base/u_decompose/GEN_EXP[7].u_tr_exp/mux_exp_lut[a_idx]_79_37/in_4[5] 	 (fanout : 1)
hpin:softmax_base/u_decompose/GEN_EXP[7].u_tr_exp/mux_exp_lut[a_idx]_79_37/in_4[4] 	 (fanout : 1)
hpin:softmax_base/u_decompose/GEN_EXP[7].u_tr_exp/mux_exp_lut[a_idx]_79_37/in_4[3] 	 (fanout : 1)
hpin:softmax_base/u_decompose/GEN_EXP[7].u_tr_exp/mux_exp_lut[a_idx]_79_37/in_4[2] 	 (fanout : 1)
hpin:softmax_base/u_decompose/GEN_EXP[7].u_tr_exp/mux_exp_lut[a_idx]_79_37/in_4[1] 	 (fanout : 1)
hpin:softmax_base/u_decompose/GEN_EXP[7].u_tr_exp/mux_exp_lut[a_idx]_79_37/in_4[0] 	 (fanout : 1)
hpin:softmax_base/u_decompose/GEN_EXP[7].u_tr_exp/mux_exp_lut[a_idx]_79_37/in_5[6] 	 (fanout : 1)
hpin:softmax_base/u_decompose/GEN_EXP[7].u_tr_exp/mux_exp_lut[a_idx]_79_37/in_5[5] 	 (fanout : 1)
hpin:softmax_base/u_decompose/GEN_EXP[7].u_tr_exp/mux_exp_lut[a_idx]_79_37/in_5[4] 	 (fanout : 1)
hpin:softmax_base/u_decompose/GEN_EXP[7].u_tr_exp/mux_exp_lut[a_idx]_79_37/in_5[3] 	 (fanout : 1)
hpin:softmax_base/u_decompose/GEN_EXP[7].u_tr_exp/mux_exp_lut[a_idx]_79_37/in_5[2] 	 (fanout : 1)
hpin:softmax_base/u_decompose/GEN_EXP[7].u_tr_exp/mux_exp_lut[a_idx]_79_37/in_5[1] 	 (fanout : 1)
hpin:softmax_base/u_decompose/GEN_EXP[7].u_tr_exp/mux_exp_lut[a_idx]_79_37/in_5[0] 	 (fanout : 1)
hpin:softmax_base/u_decompose/GEN_EXP[7].u_tr_exp/mux_exp_lut[a_idx]_79_37/in_6[6] 	 (fanout : 1)
hpin:softmax_base/u_decompose/GEN_EXP[7].u_tr_exp/mux_exp_lut[a_idx]_79_37/in_6[5] 	 (fanout : 1)
hpin:softmax_base/u_decompose/GEN_EXP[7].u_tr_exp/mux_exp_lut[a_idx]_79_37/in_6[4] 	 (fanout : 1)
hpin:softmax_base/u_decompose/GEN_EXP[7].u_tr_exp/mux_exp_lut[a_idx]_79_37/in_6[3] 	 (fanout : 1)
hpin:softmax_base/u_decompose/GEN_EXP[7].u_tr_exp/mux_exp_lut[a_idx]_79_37/in_6[2] 	 (fanout : 1)
hpin:softmax_base/u_decompose/GEN_EXP[7].u_tr_exp/mux_exp_lut[a_idx]_79_37/in_6[1] 	 (fanout : 1)
hpin:softmax_base/u_decompose/GEN_EXP[7].u_tr_exp/mux_exp_lut[a_idx]_79_37/in_6[0] 	 (fanout : 1)
hpin:softmax_base/u_decompose/GEN_EXP[7].u_tr_exp/mux_exp_lut[a_idx]_79_37/in_7[6] 	 (fanout : 1)
hpin:softmax_base/u_decompose/GEN_EXP[7].u_tr_exp/mux_exp_lut[a_idx]_79_37/in_7[5] 	 (fanout : 1)
hpin:softmax_base/u_decompose/GEN_EXP[7].u_tr_exp/mux_exp_lut[a_idx]_79_37/in_7[4] 	 (fanout : 1)
hpin:softmax_base/u_decompose/GEN_EXP[7].u_tr_exp/mux_exp_lut[a_idx]_79_37/in_7[3] 	 (fanout : 1)
hpin:softmax_base/u_decompose/GEN_EXP[7].u_tr_exp/mux_exp_lut[a_idx]_79_37/in_7[2] 	 (fanout : 1)
hpin:softmax_base/u_decompose/GEN_EXP[7].u_tr_exp/mux_exp_lut[a_idx]_79_37/in_7[1] 	 (fanout : 1)
hpin:softmax_base/u_decompose/GEN_EXP[7].u_tr_exp/mux_exp_lut[a_idx]_79_37/in_7[0] 	 (fanout : 1)
hpin:softmax_base/u_decompose/GEN_EXP[7].u_tr_exp/mux_79_18/in_0[7] 	 (fanout : 1)
hpin:softmax_base/u_decompose/GEN_EXP[7].u_tr_exp/mux_79_18/in_1[7] 	 (fanout : 1)
hpin:softmax_base/u_decompose/GEN_EXP[7].u_tr_exp/mux_79_18/in_1[6] 	 (fanout : 1)
hpin:softmax_base/u_decompose/GEN_EXP[7].u_tr_exp/mux_79_18/in_1[5] 	 (fanout : 1)
hpin:softmax_base/u_decompose/GEN_EXP[7].u_tr_exp/mux_79_18/in_1[4] 	 (fanout : 1)
hpin:softmax_base/u_decompose/GEN_EXP[7].u_tr_exp/mux_79_18/in_1[3] 	 (fanout : 1)
hpin:softmax_base/u_decompose/GEN_EXP[7].u_tr_exp/mux_79_18/in_1[2] 	 (fanout : 1)
hpin:softmax_base/u_decompose/GEN_EXP[7].u_tr_exp/mux_79_18/in_1[1] 	 (fanout : 1)
hpin:softmax_base/u_decompose/GEN_EXP[7].u_tr_exp/mux_79_18/in_1[0] 	 (fanout : 1)
hpin:softmax_base/u_decompose/GEN_EXP[7].u_tr_exp/uut/eq_27_44/B 	 (fanout : 1)
hpin:softmax_base/u_decompose/GEN_EXP[7].u_tr_exp/uut/add_24_61/B[1] 	 (fanout : 5)
hpin:softmax_base/u_decompose/GEN_EXP[7].u_tr_exp/uut/add_24_61/B[0] 	 (fanout : 2)
hpin:softmax_base/dsp_mac/mul_114_58_I8/B[8] 	 (fanout : 8)
hpin:softmax_base/dsp_mac/mul_119_66_I8/A[8] 	 (fanout : 9)
hpin:softmax_base/dsp_mac/mul_119_66_I8/B[8] 	 (fanout : 9)
hpin:softmax_base/dsp_mac/mul_114_58_I7/B[8] 	 (fanout : 8)
hpin:softmax_base/dsp_mac/mul_119_66_I7/A[8] 	 (fanout : 9)
hpin:softmax_base/dsp_mac/mul_119_66_I7/B[8] 	 (fanout : 9)
hpin:softmax_base/dsp_mac/mul_114_58_I6/B[8] 	 (fanout : 8)
hpin:softmax_base/dsp_mac/mul_119_66_I6/A[8] 	 (fanout : 9)
hpin:softmax_base/dsp_mac/mul_119_66_I6/B[8] 	 (fanout : 9)
hpin:softmax_base/dsp_mac/mul_114_58_I5/B[8] 	 (fanout : 8)
hpin:softmax_base/dsp_mac/mul_119_66_I5/A[8] 	 (fanout : 9)
hpin:softmax_base/dsp_mac/mul_119_66_I5/B[8] 	 (fanout : 9)
hpin:softmax_base/dsp_mac/mul_114_58_I4/B[8] 	 (fanout : 8)
hpin:softmax_base/dsp_mac/mul_119_66_I4/A[8] 	 (fanout : 9)
hpin:softmax_base/dsp_mac/mul_119_66_I4/B[8] 	 (fanout : 9)
hpin:softmax_base/dsp_mac/mul_114_58_I3/B[8] 	 (fanout : 8)
hpin:softmax_base/dsp_mac/mul_119_66_I3/A[8] 	 (fanout : 9)
hpin:softmax_base/dsp_mac/mul_119_66_I3/B[8] 	 (fanout : 9)
hpin:softmax_base/dsp_mac/mul_114_58_I2/B[8] 	 (fanout : 8)
hpin:softmax_base/dsp_mac/mul_119_66_I2/A[8] 	 (fanout : 9)
hpin:softmax_base/dsp_mac/mul_119_66_I2/B[8] 	 (fanout : 9)
hpin:softmax_base/dsp_mac/mul_114_58_I1/B[8] 	 (fanout : 8)
hpin:softmax_base/dsp_mac/mul_119_66_I1/A[8] 	 (fanout : 9)
hpin:softmax_base/dsp_mac/mul_119_66_I1/B[8] 	 (fanout : 9)
hpin:softmax_base/u_reciprocal/u_ln/add_33_36/B[3] 	 (fanout : 2)
hpin:softmax_base/u_reciprocal/u_ln/add_33_36/B[2] 	 (fanout : 2)
hpin:softmax_base/u_reciprocal/u_ln/add_33_36/B[1] 	 (fanout : 2)
hpin:softmax_base/u_reciprocal/u_ln/add_33_36/B[0] 	 (fanout : 2)
hpin:softmax_base/u_reciprocal/u_ln/sub_23_32/A[5] 	 (fanout : 2)
hpin:softmax_base/u_reciprocal/u_ln/sub_23_32/A[4] 	 (fanout : 3)
hpin:softmax_base/u_reciprocal/u_ln/sub_23_32/B[2] 	 (fanout : 1)
hpin:softmax_base/u_reciprocal/u_ln/sub_23_32/B[1] 	 (fanout : 1)
hpin:softmax_base/u_reciprocal/u_ln/sub_23_32/B[0] 	 (fanout : 2)
hpin:softmax_base/u_reciprocal/u_ln/gt_27_21/B 	 (fanout : 11)
hpin:softmax_base/u_reciprocal/u_ln/sub_30_38/B[1] 	 (fanout : 3)
hpin:softmax_base/u_reciprocal/u_ln/sub_30_38/B[0] 	 (fanout : 2)
hpin:softmax_base/u_reciprocal/u_ln/minus_27_49/A 	 (fanout : 14)
hpin:softmax_base/u_reciprocal/u_ln/mux_msb_17_17/in_0[3] 	 (fanout : 1)
hpin:softmax_base/u_reciprocal/u_ln/mux_msb_17_17/in_0[2] 	 (fanout : 1)
hpin:softmax_base/u_reciprocal/u_ln/mux_msb_17_17/in_0[1] 	 (fanout : 1)
hpin:softmax_base/u_reciprocal/u_ln/mux_msb_17_17/in_0[0] 	 (fanout : 1)
hpin:softmax_base/u_reciprocal/u_ln/mux_msb_17_17/in_1[3] 	 (fanout : 1)
hpin:softmax_base/u_reciprocal/u_ln/mux_msb_17_17/in_1[2] 	 (fanout : 1)
hpin:softmax_base/u_reciprocal/u_ln/mux_msb_17_17/in_1[1] 	 (fanout : 1)
hpin:softmax_base/u_reciprocal/u_ln/mux_msb_17_17/in_1[0] 	 (fanout : 1)
hpin:softmax_base/u_reciprocal/u_ln/mux_msb_17_17/in_2[3] 	 (fanout : 1)
hpin:softmax_base/u_reciprocal/u_ln/mux_msb_17_17/in_2[2] 	 (fanout : 1)
hpin:softmax_base/u_reciprocal/u_ln/mux_msb_17_17/in_2[1] 	 (fanout : 1)
hpin:softmax_base/u_reciprocal/u_ln/mux_msb_17_17/in_2[0] 	 (fanout : 1)
hpin:softmax_base/u_reciprocal/u_ln/mux_msb_17_17/in_3[3] 	 (fanout : 1)
hpin:softmax_base/u_reciprocal/u_ln/mux_msb_17_17/in_3[2] 	 (fanout : 1)
hpin:softmax_base/u_reciprocal/u_ln/mux_msb_17_17/in_3[1] 	 (fanout : 1)
hpin:softmax_base/u_reciprocal/u_ln/mux_msb_17_17/in_3[0] 	 (fanout : 1)
hpin:softmax_base/u_reciprocal/u_ln/mux_msb_17_17/in_4[3] 	 (fanout : 1)
hpin:softmax_base/u_reciprocal/u_ln/mux_msb_17_17/in_4[2] 	 (fanout : 1)
hpin:softmax_base/u_reciprocal/u_ln/mux_msb_17_17/in_4[1] 	 (fanout : 1)
hpin:softmax_base/u_reciprocal/u_ln/mux_msb_17_17/in_4[0] 	 (fanout : 1)
hpin:softmax_base/u_reciprocal/u_ln/mux_msb_17_17/in_5[3] 	 (fanout : 1)
hpin:softmax_base/u_reciprocal/u_ln/mux_msb_17_17/in_5[2] 	 (fanout : 1)
hpin:softmax_base/u_reciprocal/u_ln/mux_msb_17_17/in_5[1] 	 (fanout : 1)
hpin:softmax_base/u_reciprocal/u_ln/mux_msb_17_17/in_5[0] 	 (fanout : 1)
hpin:softmax_base/u_reciprocal/u_ln/mux_msb_17_17/in_6[3] 	 (fanout : 1)
hpin:softmax_base/u_reciprocal/u_ln/mux_msb_17_17/in_6[2] 	 (fanout : 1)
hpin:softmax_base/u_reciprocal/u_ln/mux_msb_17_17/in_6[1] 	 (fanout : 1)
hpin:softmax_base/u_reciprocal/u_ln/mux_msb_17_17/in_6[0] 	 (fanout : 1)
hpin:softmax_base/u_reciprocal/u_ln/mux_msb_17_17/in_7[3] 	 (fanout : 1)
hpin:softmax_base/u_reciprocal/u_ln/mux_msb_17_17/in_7[2] 	 (fanout : 1)
hpin:softmax_base/u_reciprocal/u_ln/mux_msb_17_17/in_7[1] 	 (fanout : 1)
hpin:softmax_base/u_reciprocal/u_ln/mux_msb_17_17/in_7[0] 	 (fanout : 1)
hpin:softmax_base/u_reciprocal/u_ln/mux_msb_17_17/in_8[3] 	 (fanout : 1)
hpin:softmax_base/u_reciprocal/u_ln/mux_msb_17_17/in_8[2] 	 (fanout : 1)
hpin:softmax_base/u_reciprocal/u_ln/mux_msb_17_17/in_8[1] 	 (fanout : 1)
hpin:softmax_base/u_reciprocal/u_ln/mux_msb_17_17/in_8[0] 	 (fanout : 1)
hpin:softmax_base/u_reciprocal/u_ln/mux_msb_17_17/in_9[3] 	 (fanout : 1)
hpin:softmax_base/u_reciprocal/u_ln/mux_msb_17_17/in_9[2] 	 (fanout : 1)
hpin:softmax_base/u_reciprocal/u_ln/mux_msb_17_17/in_9[1] 	 (fanout : 1)
hpin:softmax_base/u_reciprocal/u_ln/mux_msb_17_17/in_9[0] 	 (fanout : 1)
hpin:softmax_base/u_reciprocal/u_ln/mux_msb_17_17/in_10[3] 	 (fanout : 1)
hpin:softmax_base/u_reciprocal/u_ln/mux_msb_17_17/in_10[2] 	 (fanout : 1)
hpin:softmax_base/u_reciprocal/u_ln/mux_msb_17_17/in_10[1] 	 (fanout : 1)
hpin:softmax_base/u_reciprocal/u_ln/mux_msb_17_17/in_10[0] 	 (fanout : 1)
hpin:softmax_base/u_reciprocal/u_ln/mux_msb_17_17/in_11[3] 	 (fanout : 1)
hpin:softmax_base/u_reciprocal/u_ln/mux_msb_17_17/in_11[2] 	 (fanout : 1)
hpin:softmax_base/u_reciprocal/u_ln/mux_msb_17_17/in_11[1] 	 (fanout : 1)
hpin:softmax_base/u_reciprocal/u_ln/mux_msb_17_17/in_11[0] 	 (fanout : 1)
hpin:softmax_base/u_reciprocal/u_ln/mux_msb_17_17/in_12[3] 	 (fanout : 1)
hpin:softmax_base/u_reciprocal/u_ln/mux_msb_17_17/in_12[2] 	 (fanout : 1)
hpin:softmax_base/u_reciprocal/u_ln/mux_msb_17_17/in_12[1] 	 (fanout : 1)
hpin:softmax_base/u_reciprocal/u_ln/mux_msb_17_17/in_12[0] 	 (fanout : 1)
hpin:softmax_base/u_reciprocal/u_ln/mux_msb_17_17/in_13[3] 	 (fanout : 1)
hpin:softmax_base/u_reciprocal/u_ln/mux_msb_17_17/in_13[2] 	 (fanout : 1)
hpin:softmax_base/u_reciprocal/u_ln/mux_msb_17_17/in_13[1] 	 (fanout : 1)
hpin:softmax_base/u_reciprocal/u_ln/mux_msb_17_17/in_13[0] 	 (fanout : 1)
hpin:softmax_base/u_reciprocal/u_ln/mux_msb_17_17/in_14[3] 	 (fanout : 1)
hpin:softmax_base/u_reciprocal/u_ln/mux_msb_17_17/in_14[2] 	 (fanout : 1)
hpin:softmax_base/u_reciprocal/u_ln/mux_msb_17_17/in_14[1] 	 (fanout : 1)
hpin:softmax_base/u_reciprocal/u_ln/mux_msb_17_17/in_14[0] 	 (fanout : 1)
hpin:softmax_base/u_reciprocal/u_ln/mux_msb_17_17/in_15[3] 	 (fanout : 1)
hpin:softmax_base/u_reciprocal/u_ln/mux_msb_17_17/in_15[2] 	 (fanout : 1)
hpin:softmax_base/u_reciprocal/u_ln/mux_msb_17_17/in_15[1] 	 (fanout : 1)
hpin:softmax_base/u_reciprocal/u_ln/mux_msb_17_17/in_15[0] 	 (fanout : 1)
hpin:softmax_base/u_reciprocal/u_ln/mux_msb_17_17/in_16[3] 	 (fanout : 1)
hpin:softmax_base/u_reciprocal/u_ln/mux_msb_17_17/in_16[2] 	 (fanout : 1)
hpin:softmax_base/u_reciprocal/u_ln/mux_msb_17_17/in_16[1] 	 (fanout : 1)
hpin:softmax_base/u_reciprocal/u_ln/mux_msb_17_17/in_16[0] 	 (fanout : 1)
hpin:softmax_base/u_reciprocal/u_exp/mux_exp_lut[a_idx]_79_37/in_0[6] 	 (fanout : 1)
hpin:softmax_base/u_reciprocal/u_exp/mux_exp_lut[a_idx]_79_37/in_0[5] 	 (fanout : 1)
hpin:softmax_base/u_reciprocal/u_exp/mux_exp_lut[a_idx]_79_37/in_0[4] 	 (fanout : 1)
hpin:softmax_base/u_reciprocal/u_exp/mux_exp_lut[a_idx]_79_37/in_0[3] 	 (fanout : 1)
hpin:softmax_base/u_reciprocal/u_exp/mux_exp_lut[a_idx]_79_37/in_0[2] 	 (fanout : 1)
hpin:softmax_base/u_reciprocal/u_exp/mux_exp_lut[a_idx]_79_37/in_0[1] 	 (fanout : 1)
hpin:softmax_base/u_reciprocal/u_exp/mux_exp_lut[a_idx]_79_37/in_0[0] 	 (fanout : 1)
hpin:softmax_base/u_reciprocal/u_exp/mux_exp_lut[a_idx]_79_37/in_1[6] 	 (fanout : 1)
hpin:softmax_base/u_reciprocal/u_exp/mux_exp_lut[a_idx]_79_37/in_1[5] 	 (fanout : 1)
hpin:softmax_base/u_reciprocal/u_exp/mux_exp_lut[a_idx]_79_37/in_1[4] 	 (fanout : 1)
hpin:softmax_base/u_reciprocal/u_exp/mux_exp_lut[a_idx]_79_37/in_1[3] 	 (fanout : 1)
hpin:softmax_base/u_reciprocal/u_exp/mux_exp_lut[a_idx]_79_37/in_1[2] 	 (fanout : 1)
hpin:softmax_base/u_reciprocal/u_exp/mux_exp_lut[a_idx]_79_37/in_1[1] 	 (fanout : 1)
hpin:softmax_base/u_reciprocal/u_exp/mux_exp_lut[a_idx]_79_37/in_1[0] 	 (fanout : 1)
hpin:softmax_base/u_reciprocal/u_exp/mux_exp_lut[a_idx]_79_37/in_2[6] 	 (fanout : 1)
hpin:softmax_base/u_reciprocal/u_exp/mux_exp_lut[a_idx]_79_37/in_2[5] 	 (fanout : 1)
hpin:softmax_base/u_reciprocal/u_exp/mux_exp_lut[a_idx]_79_37/in_2[4] 	 (fanout : 1)
hpin:softmax_base/u_reciprocal/u_exp/mux_exp_lut[a_idx]_79_37/in_2[3] 	 (fanout : 1)
hpin:softmax_base/u_reciprocal/u_exp/mux_exp_lut[a_idx]_79_37/in_2[2] 	 (fanout : 1)
hpin:softmax_base/u_reciprocal/u_exp/mux_exp_lut[a_idx]_79_37/in_2[1] 	 (fanout : 1)
hpin:softmax_base/u_reciprocal/u_exp/mux_exp_lut[a_idx]_79_37/in_2[0] 	 (fanout : 1)
hpin:softmax_base/u_reciprocal/u_exp/mux_exp_lut[a_idx]_79_37/in_3[6] 	 (fanout : 1)
hpin:softmax_base/u_reciprocal/u_exp/mux_exp_lut[a_idx]_79_37/in_3[5] 	 (fanout : 1)
hpin:softmax_base/u_reciprocal/u_exp/mux_exp_lut[a_idx]_79_37/in_3[4] 	 (fanout : 1)
hpin:softmax_base/u_reciprocal/u_exp/mux_exp_lut[a_idx]_79_37/in_3[3] 	 (fanout : 1)
hpin:softmax_base/u_reciprocal/u_exp/mux_exp_lut[a_idx]_79_37/in_3[2] 	 (fanout : 1)
hpin:softmax_base/u_reciprocal/u_exp/mux_exp_lut[a_idx]_79_37/in_3[1] 	 (fanout : 1)
hpin:softmax_base/u_reciprocal/u_exp/mux_exp_lut[a_idx]_79_37/in_3[0] 	 (fanout : 1)
hpin:softmax_base/u_reciprocal/u_exp/mux_exp_lut[a_idx]_79_37/in_4[6] 	 (fanout : 1)
hpin:softmax_base/u_reciprocal/u_exp/mux_exp_lut[a_idx]_79_37/in_4[5] 	 (fanout : 1)
hpin:softmax_base/u_reciprocal/u_exp/mux_exp_lut[a_idx]_79_37/in_4[4] 	 (fanout : 1)
hpin:softmax_base/u_reciprocal/u_exp/mux_exp_lut[a_idx]_79_37/in_4[3] 	 (fanout : 1)
hpin:softmax_base/u_reciprocal/u_exp/mux_exp_lut[a_idx]_79_37/in_4[2] 	 (fanout : 1)
hpin:softmax_base/u_reciprocal/u_exp/mux_exp_lut[a_idx]_79_37/in_4[1] 	 (fanout : 1)
hpin:softmax_base/u_reciprocal/u_exp/mux_exp_lut[a_idx]_79_37/in_4[0] 	 (fanout : 1)
hpin:softmax_base/u_reciprocal/u_exp/mux_exp_lut[a_idx]_79_37/in_5[6] 	 (fanout : 1)
hpin:softmax_base/u_reciprocal/u_exp/mux_exp_lut[a_idx]_79_37/in_5[5] 	 (fanout : 1)
hpin:softmax_base/u_reciprocal/u_exp/mux_exp_lut[a_idx]_79_37/in_5[4] 	 (fanout : 1)
hpin:softmax_base/u_reciprocal/u_exp/mux_exp_lut[a_idx]_79_37/in_5[3] 	 (fanout : 1)
hpin:softmax_base/u_reciprocal/u_exp/mux_exp_lut[a_idx]_79_37/in_5[2] 	 (fanout : 1)
hpin:softmax_base/u_reciprocal/u_exp/mux_exp_lut[a_idx]_79_37/in_5[1] 	 (fanout : 1)
hpin:softmax_base/u_reciprocal/u_exp/mux_exp_lut[a_idx]_79_37/in_5[0] 	 (fanout : 1)
hpin:softmax_base/u_reciprocal/u_exp/mux_exp_lut[a_idx]_79_37/in_6[6] 	 (fanout : 1)
hpin:softmax_base/u_reciprocal/u_exp/mux_exp_lut[a_idx]_79_37/in_6[5] 	 (fanout : 1)
hpin:softmax_base/u_reciprocal/u_exp/mux_exp_lut[a_idx]_79_37/in_6[4] 	 (fanout : 1)
hpin:softmax_base/u_reciprocal/u_exp/mux_exp_lut[a_idx]_79_37/in_6[3] 	 (fanout : 1)
hpin:softmax_base/u_reciprocal/u_exp/mux_exp_lut[a_idx]_79_37/in_6[2] 	 (fanout : 1)
hpin:softmax_base/u_reciprocal/u_exp/mux_exp_lut[a_idx]_79_37/in_6[1] 	 (fanout : 1)
hpin:softmax_base/u_reciprocal/u_exp/mux_exp_lut[a_idx]_79_37/in_6[0] 	 (fanout : 1)
hpin:softmax_base/u_reciprocal/u_exp/mux_exp_lut[a_idx]_79_37/in_7[6] 	 (fanout : 1)
hpin:softmax_base/u_reciprocal/u_exp/mux_exp_lut[a_idx]_79_37/in_7[5] 	 (fanout : 1)
hpin:softmax_base/u_reciprocal/u_exp/mux_exp_lut[a_idx]_79_37/in_7[4] 	 (fanout : 1)
hpin:softmax_base/u_reciprocal/u_exp/mux_exp_lut[a_idx]_79_37/in_7[3] 	 (fanout : 1)
hpin:softmax_base/u_reciprocal/u_exp/mux_exp_lut[a_idx]_79_37/in_7[2] 	 (fanout : 1)
hpin:softmax_base/u_reciprocal/u_exp/mux_exp_lut[a_idx]_79_37/in_7[1] 	 (fanout : 1)
hpin:softmax_base/u_reciprocal/u_exp/mux_exp_lut[a_idx]_79_37/in_7[0] 	 (fanout : 1)
hpin:softmax_base/u_reciprocal/u_exp/mux_79_18/in_0[7] 	 (fanout : 1)
hpin:softmax_base/u_reciprocal/u_exp/mux_79_18/in_1[7] 	 (fanout : 1)
hpin:softmax_base/u_reciprocal/u_exp/mux_79_18/in_1[6] 	 (fanout : 1)
hpin:softmax_base/u_reciprocal/u_exp/mux_79_18/in_1[5] 	 (fanout : 1)
hpin:softmax_base/u_reciprocal/u_exp/mux_79_18/in_1[4] 	 (fanout : 1)
hpin:softmax_base/u_reciprocal/u_exp/mux_79_18/in_1[3] 	 (fanout : 1)
hpin:softmax_base/u_reciprocal/u_exp/mux_79_18/in_1[2] 	 (fanout : 1)
hpin:softmax_base/u_reciprocal/u_exp/mux_79_18/in_1[1] 	 (fanout : 1)
hpin:softmax_base/u_reciprocal/u_exp/mux_79_18/in_1[0] 	 (fanout : 1)
hpin:softmax_base/u_reciprocal/u_exp/uut/eq_27_44/B 	 (fanout : 1)
hpin:softmax_base/u_reciprocal/u_exp/uut/add_24_61/B[1] 	 (fanout : 5)
hpin:softmax_base/u_reciprocal/u_exp/uut/add_24_61/B[0] 	 (fanout : 2)
hpin:softmax_base/u_reciprocal/minus_53_23/A 	 (fanout : 14)
Total number of constant hierarchical pins in design 'softmax_base' : 862

design 'softmax_base' has the following constant port(s)
port:softmax_base/out_e_frac[7][7]
port:softmax_base/out_e_frac[7][6]
port:softmax_base/out_e_frac[7][5]
port:softmax_base/out_e_frac[6][7]
port:softmax_base/out_e_frac[6][6]
port:softmax_base/out_e_frac[6][5]
port:softmax_base/out_e_frac[5][7]
port:softmax_base/out_e_frac[5][6]
port:softmax_base/out_e_frac[5][5]
port:softmax_base/out_e_frac[4][7]
port:softmax_base/out_e_frac[4][6]
port:softmax_base/out_e_frac[4][5]
port:softmax_base/out_e_frac[3][7]
port:softmax_base/out_e_frac[3][6]
port:softmax_base/out_e_frac[3][5]
port:softmax_base/out_e_frac[2][7]
port:softmax_base/out_e_frac[2][6]
port:softmax_base/out_e_frac[2][5]
port:softmax_base/out_e_frac[1][7]
port:softmax_base/out_e_frac[1][6]
port:softmax_base/out_e_frac[1][5]
port:softmax_base/out_e_frac[0][7]
port:softmax_base/out_e_frac[0][6]
port:softmax_base/out_e_frac[0][5]
Total number of constant port(s) in design 'softmax_base' : 24

  Preserved instances(s)
  ----------------
No preserved combinational instance(s) in design 'softmax_base'
No preserved sequential instance(s) in design 'softmax_base'
No preserved hierarchical instance(s) in design 'softmax_base'

  Physical only instances(s)
  ----------------
No physical only instance(s) in design 'softmax_base'

  Logical only instance(s) and linked libcells
    -----------------------------------------
No logical only instance(s) in design 'softmax_base'

Libcells with no corresponding LEF
----------------------------------
No libcell(s) found.

LEF cells with no corresponding libcell
---------------------------------------

No physical (LEF) cells found.

 Summary
 ------- 

              Name                       Total
----------------------------------------------
Unresolved References                        0
Empty Modules                                0
Unloaded Port(s)                             0
Unloaded Sequential Pin(s)                   1
Unloaded Combinational Pin(s)               32
Assigns                                     13
Undriven Port(s)                             0
Undriven Leaf Pin(s)                         0
Undriven hierarchical pin(s)                 0
Multidriven Port(s)                          0
Multidriven Leaf Pin(s)                      0
Multidriven hierarchical Pin(s)              0
Multidriven unloaded net(s)                  0
Constant Port(s)                            24
Constant Leaf Pin(s)                         1
Constant hierarchical Pin(s)               862
Preserved leaf instance(s)                   0
Preserved hierarchical instance(s)           0
Feedthrough Modules(s)                       0
Libcells with no LEF cell                    0
Physical (LEF) cells with no libcell         0
Subdesigns with long module name             0
Physical only instance(s)                    0
Logical only instance(s)                     0

  Done Checking the design.
