============================================================
  Generated by:           Genus(TM) Synthesis Solution 25.12-s067_1
  Generated on:           May 10 2026  02:47:14 pm
  Module:                 tr_soc_top
  Operating conditions:   ss_typical_max_0p90v_125c (balanced_tree)
  Wireload mode:          top
  Area mode:              timing library
============================================================


Path 1: MET (828 ps) Setup Check with Pin u_vpu/u_vecmul/b_reg_reg[0][7]/clk->d
          Group: in2reg
     Startpoint: (R) ext_sram_b[0][1]
          Clock: (R) clk
       Endpoint: (R) u_vpu/u_vecmul/b_reg_reg[0][7]/d
          Clock: (R) clk

                     Capture       Launch     
        Clock Edge:+    3300            0     
        Drv Adjust:+       0            4     
       Src Latency:+       0            0     
       Net Latency:+       0 (I)        0 (I) 
           Arrival:=    3300            4     
                                              
             Setup:-     164                  
       Uncertainty:-     125                  
     Required Time:=    3011                  
      Launch Clock:-       4                  
       Input Delay:-     990                  
         Data Path:-    1188                  
             Slack:=     828                  

Exceptions/Constraints:
  input_delay             990             dut.sdc_line_15_553_1   

#---------------------------------------------------------------------------------------------------------------
#                Timing Point                 Flags     Arc    Edge      Cell        Fanout Trans Delay Arrival 
#                                                                                            (ps)  (ps)   (ps)  
#---------------------------------------------------------------------------------------------------------------
  ext_sram_b[0][1]                            (u)     -        R     (arrival)            1    38     0     994 
  mux_201_12/g7/z                             (u)     data0->z R     unmapped_bmux2       6     0   157    1152 
  u_vpu/u_sym/sub_32_42_I1/g3/z               (u)     in_0->z  F     unmapped_not         2     0    50    1202 
  u_vpu/u_sym/sub_32_42_I1/g15/z              (u)     in_1->z  R     unmapped_nor2        1     0    61    1263 
  u_vpu/u_sym/sub_32_42_I1/g29/z              (u)     in_0->z  F     unmapped_not         2     0    50    1313 
  u_vpu/u_sym/sub_32_42_I1/g30/z              (u)     in_1->z  R     unmapped_nand2       1     0    61    1374 
  u_vpu/u_sym/sub_32_42_I1/g31/z              (u)     in_1->z  F     unmapped_nand2       3     0    82    1455 
  u_vpu/u_sym/sub_32_42_I1/g47/z              (u)     in_1->z  R     unmapped_nand2       1     0    61    1516 
  u_vpu/u_sym/sub_32_42_I1/g48/z              (u)     in_1->z  F     unmapped_nand2       4     0    90    1606 
  u_vpu/u_sym/sub_32_42_I1/g65/z              (u)     in_0->z  R     unmapped_nand2       1     0    61    1667 
  u_vpu/u_sym/sub_32_42_I1/g66/z              (u)     in_1->z  F     unmapped_nand2       1     0    61    1728 
  u_vpu/u_sym/sub_32_42_I1/g86/z              (u)     in_0->z  R     unmapped_xnor2       1     0   118    1846 
  u_vpu/u_sym/mux_sig_corrected[0]_30_25/g1/z (u)     data1->z R     unmapped_bmux2       1     0   118    1964 
  u_vpu/mux_vecmul_in_b[0]_134_19/g1/z        (u)     data1->z R     unmapped_bmux4       1     0   218    2182 
  u_vpu/u_vecmul/b_reg_reg[0][7]/d            -       -        R     unmapped_d_flop      1     -     0    2182 
#---------------------------------------------------------------------------------------------------------------

(u) : Net has unmapped pin(s).

