============================================================
  Generated by:           Genus(TM) Synthesis Solution 25.12-s067_1
  Generated on:           May 10 2026  02:47:14 pm
  Module:                 tr_soc_top
  Operating conditions:   ss_typical_max_0p90v_125c (balanced_tree)
  Wireload mode:          top
  Area mode:              timing library
============================================================


Path 1: MET (531 ps) Late External Delay Assertion at pin mmio_rdata[0]
          Group: reg2out
     Startpoint: (R) u_ctrl/state_reg[1]/clk
          Clock: (R) clk
       Endpoint: (R) mmio_rdata[0]
          Clock: (R) clk

                     Capture       Launch     
        Clock Edge:+    3300            0     
       Src Latency:+       0            0     
       Net Latency:+       0 (I)        0 (I) 
           Arrival:=    3300            0     
                                              
      Output Delay:-     990                  
       Uncertainty:-     125                  
     Required Time:=    2185                  
      Launch Clock:-       0                  
         Data Path:-    1654                  
             Slack:=     531                  

Exceptions/Constraints:
  output_delay             990             dut.sdc_line_17_584_1   

#----------------------------------------------------------------------------------------------------------
#             Timing Point               Flags     Arc    Edge      Cell        Fanout Trans Delay Arrival 
#                                                                                       (ps)  (ps)   (ps)  
#----------------------------------------------------------------------------------------------------------
  u_ctrl/state_reg[1]/clk                -       -        R     (arrival)         3811     0     0       0 
  u_ctrl/state_reg[1]/q                  (u)     clk->q   F     unmapped_d_flop     59     0   431     431 
  u_ctrl/ctl_182_15/g6/z                 (u)     in_0->z  R     unmapped_not         5     0    72     503 
  u_ctrl/ctl_182_15/g64/z                (u)     in_0->z  R     unmapped_and2        1     0    61     564 
  u_ctrl/ctl_182_15/g65/z                (u)     in_1->z  R     unmapped_or2         1     0    61     624 
  u_ctrl/ctl_182_15/g61/z                (u)     in_1->z  F     unmapped_nand2       1     0    61     685 
  u_ctrl/ctl_182_15/g60/z                (u)     in_0->z  R     unmapped_nor2        1     0    61     746 
  u_ctrl/ctl_182_15/g59/z                (u)     in_0->z  F     unmapped_nor2        1     0    61     807 
  u_ctrl/ctl_182_15/g57/z                (u)     in_1->z  R     unmapped_nor2       27     0   171     978 
  u_ctrl/mux_cmbsop_reg_busy_182_15/g1/z (u)     sel29->z R     unmapped_mux30       1     0   322    1300 
  u_ctrl/mux_mmio_rdata_91_23/g2/z       (u)     data1->z R     unmapped_bmux2       1     0   118    1418 
  u_ctrl/mux_mmio_rdata_92_23/g32/z      (u)     data0->z R     unmapped_bmux2       1     0   118    1536 
  u_ctrl/mux_mmio_rdata_93_23/g32/z      (u)     data0->z R     unmapped_bmux2       1     0   118    1654 
  mmio_rdata[0]                          -       -        R     (port)               -     -     0    1654 
#----------------------------------------------------------------------------------------------------------

(u) : Net has unmapped pin(s).

