============================================================
  Generated by:           Genus(TM) Synthesis Solution 25.12-s067_1
  Generated on:           Apr 09 2026  12:20:45 pm
  Module:                 tr_gelu
  Operating conditions:   ss_typical_max_0p90v_125c (balanced_tree)
  Wireload mode:          top
  Area mode:              timing library
============================================================


Path 1: VIOLATED (-476 ps) Setup Check with Pin gelu_out_reg[7]/CK->D
          Group: reg2reg
     Startpoint: (R) exp_term2_shift_reg[0][4]/CK
          Clock: (R) clk
       Endpoint: (R) gelu_out_reg[7]/D
          Clock: (R) clk

                     Capture       Launch     
        Clock Edge:+    3000            0     
       Src Latency:+       0            0     
       Net Latency:+       0 (I)        0 (I) 
           Arrival:=    3000            0     
                                              
             Setup:-     109                  
       Uncertainty:-     125                  
     Required Time:=    2766                  
      Launch Clock:-       0                  
         Data Path:-    3241                  
             Slack:=    -476                  

#-------------------------------------------------------------------------------------------------------------
#               Timing Point                 Flags    Arc   Edge       Cell        Fanout Trans Delay Arrival 
#                                                                                          (ps)  (ps)   (ps)  
#-------------------------------------------------------------------------------------------------------------
  exp_term2_shift_reg[0][4]/CK               -       -      R     (arrival)            91     0     0       0 
  exp_term2_shift_reg[0][4]/Q                -       CK->Q  R     DFFRPQ_X4M_A9TL       1    70   291     291 
  csa_tree_mul_273_45_g3131/Y                -       A->Y   F     INV_X9M_A9TL          3    42    49     340 
  csa_tree_mul_273_45_g3126/Y                -       A->Y   R     INV_X11B_A9TL         4    53    49     389 
  csa_tree_mul_273_45_g2986__8428/Y          -       A->Y   F     NAND2_X4A_A9TL        2    73    66     454 
  csa_tree_mul_273_45_g2894__9945/Y          -       S0->Y  F     MXIT2_X3M_A9TL        1    74    90     545 
  csa_tree_mul_273_45_g2862__8428/Y          -       S0->Y  F     MXIT2_X3M_A9TL        1    66    84     629 
  csa_tree_mul_273_45_g2759__5107/CO         -       CI->CO F     ADDF_X2M_A9TL         1   109   224     853 
  csa_tree_mul_273_45_g2756/Y                -       A->Y   R     INV_X7P5M_A9TL        3    68    74     927 
  csa_tree_mul_273_45_g2754/Y                -       A->Y   F     INV_X7P5M_A9TL        2    33    39     966 
  csa_tree_mul_273_45_g2737__6161/Y          -       B->Y   R     MXIT2_X4M_A9TL        1   129    82    1047 
  csa_tree_mul_273_45_g2__9315/Y             -       B->Y   F     XOR3_X4M_A9TL         3   109   284    1332 
  csa_tree_mul_273_97_groupi_g5722/Y         -       A->Y   R     INV_X7P5B_A9TL        1    47    52    1384 
  csa_tree_mul_273_97_groupi_g5701__4733/Y   -       A->Y   F     NAND2XB_X8M_A9TL      5    82    64    1448 
  csa_tree_mul_273_97_groupi_g5542__5477/Y   -       A->Y   R     NAND2XB_X6M_A9TL      1    76    69    1517 
  csa_tree_mul_273_97_groupi_g5528__6161/Y   -       A->Y   F     NOR2_X8A_A9TL         2    55    49    1566 
  csa_tree_mul_273_97_groupi_g5199__6783/CON -       A->CON R     CGENI_X2M_A9TL        1   142   121    1688 
  csa_tree_mul_273_97_groupi_g4939__5122/S   -       CI->S  F     ADDF_X2M_A9TL         2   102   330    2018 
  csa_tree_mul_273_97_groupi_g4869__7482/S   -       A->S   R     ADDH_X2M_A9TL         1    93   244    2262 
  csa_tree_mul_273_97_groupi_g4849__6260/Y   -       S0->Y  R     MXIT2_X4M_A9TL        2   160   109    2371 
  csa_tree_mul_273_97_groupi_g4814__8428/Y   -       A->Y   F     NAND2_X6M_A9TL        2    75    72    2443 
  csa_tree_mul_273_97_groupi_g5872__6260/Y   -       B->Y   R     NAND3B_X4M_A9TL       1   114    92    2535 
  csa_tree_mul_273_97_groupi_g4794__5115/Y   -       A->Y   F     NAND2XB_X6M_A9TL      1    54    53    2588 
  csa_tree_mul_273_97_groupi_g4792__6131/Y   -       B->Y   R     NOR2_X6A_A9TL         1    67    71    2659 
  csa_tree_mul_273_97_groupi_g4788__5122/Y   -       B0->Y  F     OAI21_X6M_A9TL        1    55    56    2715 
  csa_tree_mul_273_97_groupi_g4787__1705/Y   -       A->Y   R     NAND3_X6A_A9TL        1   102    69    2784 
  csa_tree_mul_273_97_groupi_g4786__2802/Y   -       A->Y   F     NAND2_X6M_A9TL        4    80    76    2859 
  csa_tree_mul_273_97_groupi_g4782__6783/Y   -       A0->Y  R     AOI2XB1_X8M_A9TL      1    74    84    2944 
  csa_tree_mul_273_97_groupi_g4773__5477/Y   -       A0->Y  F     OAI211_X4M_A9TL       2   126   105    3049 
  csa_tree_mul_273_97_groupi_g4769__2346/Y   -       A0->Y  R     AOI2XB1_X6M_A9TL      1   121   103    3152 
  csa_tree_mul_273_97_groupi_g4767__9945/Y   -       A->Y   R     XOR2_X3M_A9TL         1   165    89    3241 
  gelu_out_reg[7]/D                          -       -      R     DFFRPQ_X3M_A9TL       1     -     0    3241 
#-------------------------------------------------------------------------------------------------------------

