============================================================
  Generated by:           Genus(TM) Synthesis Solution 25.12-s067_1
  Generated on:           Sep 24 2026  04:35:53 pm
  Operating conditions:   ss_typical_max_0p90v_125c (balanced_tree)
  Wireload mode:          top
  Area mode:              timing library
============================================================

                                                                                         
        Gate          Instances    Area                       Library                    
-----------------------------------------------------------------------------------------
A2DFFQN_X2M_A9TL              4    33.120 sc9_cln65lp_base_lvt_ss_typical_max_0p90v_125c 
A2DFFQ_X0P5M_A9TL           393  2829.600 sc9_cln65lp_base_lvt_ss_typical_max_0p90v_125c 
A2DFFQ_X1M_A9TL               4    30.240 sc9_cln65lp_base_lvt_ss_typical_max_0p90v_125c 
ADDFH_X1M_A9TL              201  2243.160 sc9_cln65lp_base_lvt_ss_typical_max_0p90v_125c 
ADDFH_X2M_A9TL               74   879.120 sc9_cln65lp_base_lvt_ss_typical_max_0p90v_125c 
ADDF_X1M_A9TL               955  7563.600 sc9_cln65lp_base_lvt_ss_typical_max_0p90v_125c 
ADDF_X1P4M_A9TL              61   570.960 sc9_cln65lp_base_lvt_ss_typical_max_0p90v_125c 
ADDF_X2M_A9TL                 3    28.080 sc9_cln65lp_base_lvt_ss_typical_max_0p90v_125c 
ADDH_X1M_A9TL                22   102.960 sc9_cln65lp_base_lvt_ss_typical_max_0p90v_125c 
ADDH_X1P4M_A9TL               3    17.280 sc9_cln65lp_base_lvt_ss_typical_max_0p90v_125c 
ADDH_X2M_A9TL                 6    34.560 sc9_cln65lp_base_lvt_ss_typical_max_0p90v_125c 
AND2_X0P7M_A9TL               4     7.200 sc9_cln65lp_base_lvt_ss_typical_max_0p90v_125c 
AND2_X11M_A9TL               14   156.240 sc9_cln65lp_base_lvt_ss_typical_max_0p90v_125c 
AND2_X1M_A9TL               412   741.600 sc9_cln65lp_base_lvt_ss_typical_max_0p90v_125c 
AND2_X2M_A9TL               168   423.360 sc9_cln65lp_base_lvt_ss_typical_max_0p90v_125c 
AND2_X3M_A9TL                74   293.040 sc9_cln65lp_base_lvt_ss_typical_max_0p90v_125c 
AND2_X4M_A9TL                87   375.840 sc9_cln65lp_base_lvt_ss_typical_max_0p90v_125c 
AND2_X6M_A9TL                30   183.600 sc9_cln65lp_base_lvt_ss_typical_max_0p90v_125c 
AND2_X8M_A9TL                28   221.760 sc9_cln65lp_base_lvt_ss_typical_max_0p90v_125c 
AND3_X11M_A9TL                8   135.360 sc9_cln65lp_base_lvt_ss_typical_max_0p90v_125c 
AND3_X1M_A9TL                15    37.800 sc9_cln65lp_base_lvt_ss_typical_max_0p90v_125c 
AND3_X2M_A9TL                21    90.720 sc9_cln65lp_base_lvt_ss_typical_max_0p90v_125c 
AND3_X3M_A9TL                 6    34.560 sc9_cln65lp_base_lvt_ss_typical_max_0p90v_125c 
AND3_X4M_A9TL                19   123.120 sc9_cln65lp_base_lvt_ss_typical_max_0p90v_125c 
AND3_X6M_A9TL                 5    50.400 sc9_cln65lp_base_lvt_ss_typical_max_0p90v_125c 
AND3_X8M_A9TL                 6    75.600 sc9_cln65lp_base_lvt_ss_typical_max_0p90v_125c 
AND4_X0P5M_A9TL               1     2.880 sc9_cln65lp_base_lvt_ss_typical_max_0p90v_125c 
AND4_X1M_A9TL                 1     4.680 sc9_cln65lp_base_lvt_ss_typical_max_0p90v_125c 
AND4_X2M_A9TL                 4    25.920 sc9_cln65lp_base_lvt_ss_typical_max_0p90v_125c 
AND4_X3M_A9TL                 2    18.000 sc9_cln65lp_base_lvt_ss_typical_max_0p90v_125c 
AND4_X4M_A9TL                 3    35.640 sc9_cln65lp_base_lvt_ss_typical_max_0p90v_125c 
AND4_X6M_A9TL                 1    15.480 sc9_cln65lp_base_lvt_ss_typical_max_0p90v_125c 
AO1B2_X1M_A9TL              130   327.600 sc9_cln65lp_base_lvt_ss_typical_max_0p90v_125c 
AO1B2_X2M_A9TL               62   223.200 sc9_cln65lp_base_lvt_ss_typical_max_0p90v_125c 
AO1B2_X3M_A9TL               35   189.000 sc9_cln65lp_base_lvt_ss_typical_max_0p90v_125c 
AO1B2_X4M_A9TL               59   361.080 sc9_cln65lp_base_lvt_ss_typical_max_0p90v_125c 
AO1B2_X6M_A9TL               28   252.000 sc9_cln65lp_base_lvt_ss_typical_max_0p90v_125c 
AO21B_X0P7M_A9TL              9    22.680 sc9_cln65lp_base_lvt_ss_typical_max_0p90v_125c 
AO21B_X1M_A9TL              156   393.120 sc9_cln65lp_base_lvt_ss_typical_max_0p90v_125c 
AO21B_X1P4M_A9TL              1     3.600 sc9_cln65lp_base_lvt_ss_typical_max_0p90v_125c 
AO21B_X2M_A9TL               85   306.000 sc9_cln65lp_base_lvt_ss_typical_max_0p90v_125c 
AO21B_X3M_A9TL               23   124.200 sc9_cln65lp_base_lvt_ss_typical_max_0p90v_125c 
AO21B_X4M_A9TL               52   318.240 sc9_cln65lp_base_lvt_ss_typical_max_0p90v_125c 
AO21B_X6M_A9TL                5    45.000 sc9_cln65lp_base_lvt_ss_typical_max_0p90v_125c 
AO21_X0P7M_A9TR               1     2.880 sc9_cln65lp_base_rvt_ss_typical_max_0p90v_125c 
AO21_X1M_A9TL                30    86.400 sc9_cln65lp_base_lvt_ss_typical_max_0p90v_125c 
AO21_X1P4M_A9TL               1     4.680 sc9_cln65lp_base_lvt_ss_typical_max_0p90v_125c 
AO21_X2M_A9TL                 9    42.120 sc9_cln65lp_base_lvt_ss_typical_max_0p90v_125c 
AO21_X3M_A9TL                 1     6.840 sc9_cln65lp_base_lvt_ss_typical_max_0p90v_125c 
AO21_X4M_A9TL                 2    14.400 sc9_cln65lp_base_lvt_ss_typical_max_0p90v_125c 
AO21_X6M_A9TL                 3    32.400 sc9_cln65lp_base_lvt_ss_typical_max_0p90v_125c 
AO22_X1M_A9TL               433  1402.920 sc9_cln65lp_base_lvt_ss_typical_max_0p90v_125c 
AO22_X2M_A9TL                 9    51.840 sc9_cln65lp_base_lvt_ss_typical_max_0p90v_125c 
AO22_X3M_A9TL                 2    15.840 sc9_cln65lp_base_lvt_ss_typical_max_0p90v_125c 
AOI211_X1M_A9TL               3     7.560 sc9_cln65lp_base_lvt_ss_typical_max_0p90v_125c 
AOI211_X1P4M_A9TL             4    15.840 sc9_cln65lp_base_lvt_ss_typical_max_0p90v_125c 
AOI211_X2M_A9TL               2     8.640 sc9_cln65lp_base_lvt_ss_typical_max_0p90v_125c 
AOI211_X3M_A9TL               1     5.760 sc9_cln65lp_base_lvt_ss_typical_max_0p90v_125c 
AOI211_X4M_A9TL               1     7.560 sc9_cln65lp_base_lvt_ss_typical_max_0p90v_125c 
AOI21B_X1M_A9TL              80   230.400 sc9_cln65lp_base_lvt_ss_typical_max_0p90v_125c 
AOI21B_X1P4M_A9TL             4    17.280 sc9_cln65lp_base_lvt_ss_typical_max_0p90v_125c 
AOI21B_X2M_A9TL               7    30.240 sc9_cln65lp_base_lvt_ss_typical_max_0p90v_125c 
AOI21B_X3M_A9TL               3    17.280 sc9_cln65lp_base_lvt_ss_typical_max_0p90v_125c 
AOI21B_X4M_A9TL               1     7.200 sc9_cln65lp_base_lvt_ss_typical_max_0p90v_125c 
AOI21B_X6M_A9TL               3    31.320 sc9_cln65lp_base_lvt_ss_typical_max_0p90v_125c 
AOI21B_X8M_A9TL               2    26.640 sc9_cln65lp_base_lvt_ss_typical_max_0p90v_125c 
AOI21_X0P7M_A9TR              7    15.120 sc9_cln65lp_base_rvt_ss_typical_max_0p90v_125c 
AOI21_X1M_A9TL              213   460.080 sc9_cln65lp_base_lvt_ss_typical_max_0p90v_125c 
AOI21_X1P4M_A9TL              5    18.000 sc9_cln65lp_base_lvt_ss_typical_max_0p90v_125c 
AOI21_X2M_A9TL              146   525.600 sc9_cln65lp_base_lvt_ss_typical_max_0p90v_125c 
AOI21_X2M_A9TR                2     7.200 sc9_cln65lp_base_rvt_ss_typical_max_0p90v_125c 
AOI21_X3M_A9TL               69   322.920 sc9_cln65lp_base_lvt_ss_typical_max_0p90v_125c 
AOI21_X4M_A9TL               49   299.880 sc9_cln65lp_base_lvt_ss_typical_max_0p90v_125c 
AOI21_X6M_A9TL               59   531.000 sc9_cln65lp_base_lvt_ss_typical_max_0p90v_125c 
AOI21_X8M_A9TL               13   154.440 sc9_cln65lp_base_lvt_ss_typical_max_0p90v_125c 
AOI221_X1M_A9TL              63   204.120 sc9_cln65lp_base_lvt_ss_typical_max_0p90v_125c 
AOI221_X1P4M_A9TL             3    17.280 sc9_cln65lp_base_lvt_ss_typical_max_0p90v_125c 
AOI221_X2M_A9TL               8    46.080 sc9_cln65lp_base_lvt_ss_typical_max_0p90v_125c 
AOI221_X2M_A9TR               3    17.280 sc9_cln65lp_base_rvt_ss_typical_max_0p90v_125c 
AOI221_X3M_A9TL               1     7.920 sc9_cln65lp_base_lvt_ss_typical_max_0p90v_125c 
AOI222_X1M_A9TL             119   471.240 sc9_cln65lp_base_lvt_ss_typical_max_0p90v_125c 
AOI222_X1P4M_A9TL            18   116.640 sc9_cln65lp_base_lvt_ss_typical_max_0p90v_125c 
AOI22_X0P5M_A9TL              1     2.520 sc9_cln65lp_base_lvt_ss_typical_max_0p90v_125c 
AOI22_X0P7M_A9TL              1     2.520 sc9_cln65lp_base_lvt_ss_typical_max_0p90v_125c 
AOI22_X1M_A9TL              919  2315.880 sc9_cln65lp_base_lvt_ss_typical_max_0p90v_125c 
AOI22_X1M_A9TR                8    20.160 sc9_cln65lp_base_rvt_ss_typical_max_0p90v_125c 
AOI22_X2M_A9TL               84   362.880 sc9_cln65lp_base_lvt_ss_typical_max_0p90v_125c 
AOI22_X3M_A9TL               13    79.560 sc9_cln65lp_base_lvt_ss_typical_max_0p90v_125c 
AOI22_X4M_A9TL                7    57.960 sc9_cln65lp_base_lvt_ss_typical_max_0p90v_125c 
AOI2XB1_X0P7M_A9TL           15    43.200 sc9_cln65lp_base_lvt_ss_typical_max_0p90v_125c 
AOI2XB1_X0P7M_A9TR            1     2.880 sc9_cln65lp_base_rvt_ss_typical_max_0p90v_125c 
AOI2XB1_X1M_A9TL             38   109.440 sc9_cln65lp_base_lvt_ss_typical_max_0p90v_125c 
AOI2XB1_X2M_A9TL             17    73.440 sc9_cln65lp_base_lvt_ss_typical_max_0p90v_125c 
AOI2XB1_X3M_A9TL             17    97.920 sc9_cln65lp_base_lvt_ss_typical_max_0p90v_125c 
AOI2XB1_X4M_A9TL              2    15.120 sc9_cln65lp_base_lvt_ss_typical_max_0p90v_125c 
AOI2XB1_X6M_A9TL              4    41.760 sc9_cln65lp_base_lvt_ss_typical_max_0p90v_125c 
AOI31_X1M_A9TL                1     2.520 sc9_cln65lp_base_lvt_ss_typical_max_0p90v_125c 
AOI31_X2M_A9TL               21    90.720 sc9_cln65lp_base_lvt_ss_typical_max_0p90v_125c 
AOI31_X3M_A9TL                7    42.840 sc9_cln65lp_base_lvt_ss_typical_max_0p90v_125c 
AOI32_X1M_A9TL               56   161.280 sc9_cln65lp_base_lvt_ss_typical_max_0p90v_125c 
AOI32_X2M_A9TL               14    75.600 sc9_cln65lp_base_lvt_ss_typical_max_0p90v_125c 
AOI32_X2M_A9TR                1     5.400 sc9_cln65lp_base_rvt_ss_typical_max_0p90v_125c 
AOI32_X3M_A9TL                4    30.240 sc9_cln65lp_base_lvt_ss_typical_max_0p90v_125c 
BUFH_X0P7M_A9TH               1     1.440 sc9_cln65lp_base_hvt_ss_typical_max_0p90v_125c 
BUFH_X0P7M_A9TL              32    46.080 sc9_cln65lp_base_lvt_ss_typical_max_0p90v_125c 
BUFH_X0P7M_A9TR               7    10.080 sc9_cln65lp_base_rvt_ss_typical_max_0p90v_125c 
BUFH_X0P8M_A9TL              11    15.840 sc9_cln65lp_base_lvt_ss_typical_max_0p90v_125c 
BUFH_X1M_A9TL                97   139.680 sc9_cln65lp_base_lvt_ss_typical_max_0p90v_125c 
BUFH_X1P2M_A9TL              30    64.800 sc9_cln65lp_base_lvt_ss_typical_max_0p90v_125c 
BUFH_X1P4M_A9TL              35    75.600 sc9_cln65lp_base_lvt_ss_typical_max_0p90v_125c 
BUFH_X1P7M_A9TL               1     2.520 sc9_cln65lp_base_lvt_ss_typical_max_0p90v_125c 
BUFH_X2M_A9TL                16    40.320 sc9_cln65lp_base_lvt_ss_typical_max_0p90v_125c 
BUFH_X2P5M_A9TL               9    25.920 sc9_cln65lp_base_lvt_ss_typical_max_0p90v_125c 
BUFH_X3M_A9TL                18    51.840 sc9_cln65lp_base_lvt_ss_typical_max_0p90v_125c 
BUFH_X4M_A9TL                14    55.440 sc9_cln65lp_base_lvt_ss_typical_max_0p90v_125c 
BUFH_X5M_A9TL                 1     4.680 sc9_cln65lp_base_lvt_ss_typical_max_0p90v_125c 
BUFH_X6M_A9TL                 2    10.800 sc9_cln65lp_base_lvt_ss_typical_max_0p90v_125c 
BUF_X0P7B_A9TL                1     1.440 sc9_cln65lp_base_lvt_ss_typical_max_0p90v_125c 
BUF_X0P8B_A9TL                1     1.440 sc9_cln65lp_base_lvt_ss_typical_max_0p90v_125c 
BUF_X0P8M_A9TL                1     1.440 sc9_cln65lp_base_lvt_ss_typical_max_0p90v_125c 
BUF_X11M_A9TL                 1     7.560 sc9_cln65lp_base_lvt_ss_typical_max_0p90v_125c 
BUF_X13M_A9TL                 3    25.920 sc9_cln65lp_base_lvt_ss_typical_max_0p90v_125c 
BUF_X16B_A9TL                 1    10.440 sc9_cln65lp_base_lvt_ss_typical_max_0p90v_125c 
BUF_X16M_A9TL                 3    31.320 sc9_cln65lp_base_lvt_ss_typical_max_0p90v_125c 
BUF_X1M_A9TL                  4     5.760 sc9_cln65lp_base_lvt_ss_typical_max_0p90v_125c 
BUF_X1M_A9TR                  1     1.440 sc9_cln65lp_base_rvt_ss_typical_max_0p90v_125c 
BUF_X1P2B_A9TL                4     7.200 sc9_cln65lp_base_lvt_ss_typical_max_0p90v_125c 
BUF_X1P2M_A9TL                1     2.160 sc9_cln65lp_base_lvt_ss_typical_max_0p90v_125c 
BUF_X1P4M_A9TL                1     2.160 sc9_cln65lp_base_lvt_ss_typical_max_0p90v_125c 
BUF_X1P7M_A9TL                5    10.800 sc9_cln65lp_base_lvt_ss_typical_max_0p90v_125c 
BUF_X2B_A9TL                  2     4.320 sc9_cln65lp_base_lvt_ss_typical_max_0p90v_125c 
BUF_X2M_A9TL                 53   114.480 sc9_cln65lp_base_lvt_ss_typical_max_0p90v_125c 
BUF_X2P5M_A9TL                2     5.040 sc9_cln65lp_base_lvt_ss_typical_max_0p90v_125c 
BUF_X3B_A9TL                  2     5.040 sc9_cln65lp_base_lvt_ss_typical_max_0p90v_125c 
BUF_X3B_A9TR                  2     5.040 sc9_cln65lp_base_rvt_ss_typical_max_0p90v_125c 
BUF_X3M_A9TL                 86   216.720 sc9_cln65lp_base_lvt_ss_typical_max_0p90v_125c 
BUF_X3P5M_A9TL                8    25.920 sc9_cln65lp_base_lvt_ss_typical_max_0p90v_125c 
BUF_X4M_A9TL                  2     7.200 sc9_cln65lp_base_lvt_ss_typical_max_0p90v_125c 
BUF_X5M_A9TL                 11    43.560 sc9_cln65lp_base_lvt_ss_typical_max_0p90v_125c 
BUF_X6M_A9TL                 54   233.280 sc9_cln65lp_base_lvt_ss_typical_max_0p90v_125c 
BUF_X7P5M_A9TL                2    11.520 sc9_cln65lp_base_lvt_ss_typical_max_0p90v_125c 
BUF_X7P5M_A9TR                1     5.760 sc9_cln65lp_base_rvt_ss_typical_max_0p90v_125c 
BUF_X9M_A9TL                  8    48.960 sc9_cln65lp_base_lvt_ss_typical_max_0p90v_125c 
CGENCIN_X1M_A9TL              7    50.400 sc9_cln65lp_base_lvt_ss_typical_max_0p90v_125c 
CGENI_X1M_A9TL               15    43.200 sc9_cln65lp_base_lvt_ss_typical_max_0p90v_125c 
CGENI_X1P4M_A9TL              8    43.200 sc9_cln65lp_base_lvt_ss_typical_max_0p90v_125c 
CGENI_X2M_A9TL               58   313.200 sc9_cln65lp_base_lvt_ss_typical_max_0p90v_125c 
CGEN_X1M_A9TL                21    75.600 sc9_cln65lp_base_lvt_ss_typical_max_0p90v_125c 
CGEN_X1M_A9TR                 2     7.200 sc9_cln65lp_base_rvt_ss_typical_max_0p90v_125c 
CGEN_X1P4M_A9TL               5    19.800 sc9_cln65lp_base_lvt_ss_typical_max_0p90v_125c 
CGEN_X2M_A9TL                45   178.200 sc9_cln65lp_base_lvt_ss_typical_max_0p90v_125c 
CMPR42_X1M_A9TL               5    81.000 sc9_cln65lp_base_lvt_ss_typical_max_0p90v_125c 
CMPR42_X1M_A9TR               3    48.600 sc9_cln65lp_base_rvt_ss_typical_max_0p90v_125c 
CMPR42_X2M_A9TL               2    35.280 sc9_cln65lp_base_lvt_ss_typical_max_0p90v_125c 
DFFQ_X1M_A9TL               380  2872.800 sc9_cln65lp_base_lvt_ss_typical_max_0p90v_125c 
DFFQ_X2M_A9TL               185  1531.800 sc9_cln65lp_base_lvt_ss_typical_max_0p90v_125c 
DFFQ_X3M_A9TL                15   135.000 sc9_cln65lp_base_lvt_ss_typical_max_0p90v_125c 
DFFQ_X4M_A9TL                78   730.080 sc9_cln65lp_base_lvt_ss_typical_max_0p90v_125c 
DFFRPQN_X1M_A9TL              1     8.280 sc9_cln65lp_base_lvt_ss_typical_max_0p90v_125c 
DFFRPQN_X2M_A9TL              1     8.640 sc9_cln65lp_base_lvt_ss_typical_max_0p90v_125c 
DFFRPQN_X3M_A9TL              4    38.880 sc9_cln65lp_base_lvt_ss_typical_max_0p90v_125c 
DFFRPQ_X1M_A9TL              73   630.720 sc9_cln65lp_base_lvt_ss_typical_max_0p90v_125c 
DFFRPQ_X2M_A9TL              88   792.000 sc9_cln65lp_base_lvt_ss_typical_max_0p90v_125c 
DFFRPQ_X3M_A9TL              46   430.560 sc9_cln65lp_base_lvt_ss_typical_max_0p90v_125c 
DFFRPQ_X4M_A9TL             137  1380.960 sc9_cln65lp_base_lvt_ss_typical_max_0p90v_125c 
INV_X0P5B_A9TL                1     1.080 sc9_cln65lp_base_lvt_ss_typical_max_0p90v_125c 
INV_X0P5B_A9TR                2     2.160 sc9_cln65lp_base_rvt_ss_typical_max_0p90v_125c 
INV_X0P5M_A9TR                2     2.160 sc9_cln65lp_base_rvt_ss_typical_max_0p90v_125c 
INV_X0P6B_A9TH                1     1.080 sc9_cln65lp_base_hvt_ss_typical_max_0p90v_125c 
INV_X0P6B_A9TR                2     2.160 sc9_cln65lp_base_rvt_ss_typical_max_0p90v_125c 
INV_X0P7M_A9TL                2     2.160 sc9_cln65lp_base_lvt_ss_typical_max_0p90v_125c 
INV_X0P8M_A9TL              337   363.960 sc9_cln65lp_base_lvt_ss_typical_max_0p90v_125c 
INV_X11M_A9TL                 5    28.800 sc9_cln65lp_base_lvt_ss_typical_max_0p90v_125c 
INV_X13M_A9TL                 4    27.360 sc9_cln65lp_base_lvt_ss_typical_max_0p90v_125c 
INV_X16M_A9TL                 8    66.240 sc9_cln65lp_base_lvt_ss_typical_max_0p90v_125c 
INV_X1B_A9TL                 11    11.880 sc9_cln65lp_base_lvt_ss_typical_max_0p90v_125c 
INV_X1M_A9TH                  8     8.640 sc9_cln65lp_base_hvt_ss_typical_max_0p90v_125c 
INV_X1M_A9TL               1086  1172.880 sc9_cln65lp_base_lvt_ss_typical_max_0p90v_125c 
INV_X1M_A9TR                  7     7.560 sc9_cln65lp_base_rvt_ss_typical_max_0p90v_125c 
INV_X1P4B_A9TL                1     1.440 sc9_cln65lp_base_lvt_ss_typical_max_0p90v_125c 
INV_X1P4M_A9TL               44    63.360 sc9_cln65lp_base_lvt_ss_typical_max_0p90v_125c 
INV_X1P7B_A9TL                1     1.440 sc9_cln65lp_base_lvt_ss_typical_max_0p90v_125c 
INV_X1P7M_A9TR                1     1.440 sc9_cln65lp_base_rvt_ss_typical_max_0p90v_125c 
INV_X2B_A9TL                 62    89.280 sc9_cln65lp_base_lvt_ss_typical_max_0p90v_125c 
INV_X2M_A9TL                581   836.640 sc9_cln65lp_base_lvt_ss_typical_max_0p90v_125c 
INV_X2M_A9TR                  4     5.760 sc9_cln65lp_base_rvt_ss_typical_max_0p90v_125c 
INV_X2P5M_A9TL                4     8.640 sc9_cln65lp_base_lvt_ss_typical_max_0p90v_125c 
INV_X3B_A9TL                  6    12.960 sc9_cln65lp_base_lvt_ss_typical_max_0p90v_125c 
INV_X3M_A9TL                307   663.120 sc9_cln65lp_base_lvt_ss_typical_max_0p90v_125c 
INV_X3P5B_A9TL                1     2.520 sc9_cln65lp_base_lvt_ss_typical_max_0p90v_125c 
INV_X3P5M_A9TL                8    20.160 sc9_cln65lp_base_lvt_ss_typical_max_0p90v_125c 
INV_X4B_A9TL                 13    32.760 sc9_cln65lp_base_lvt_ss_typical_max_0p90v_125c 
INV_X4M_A9TL                328   826.560 sc9_cln65lp_base_lvt_ss_typical_max_0p90v_125c 
INV_X5B_A9TL                  2     5.760 sc9_cln65lp_base_lvt_ss_typical_max_0p90v_125c 
INV_X5M_A9TL                 86   247.680 sc9_cln65lp_base_lvt_ss_typical_max_0p90v_125c 
INV_X6B_A9TL                  6    21.600 sc9_cln65lp_base_lvt_ss_typical_max_0p90v_125c 
INV_X6M_A9TL                 85   306.000 sc9_cln65lp_base_lvt_ss_typical_max_0p90v_125c 
INV_X7P5B_A9TL               10    43.200 sc9_cln65lp_base_lvt_ss_typical_max_0p90v_125c 
INV_X7P5M_A9TL               77   332.640 sc9_cln65lp_base_lvt_ss_typical_max_0p90v_125c 
INV_X9B_A9TL                  3    14.040 sc9_cln65lp_base_lvt_ss_typical_max_0p90v_125c 
INV_X9M_A9TL                 14    65.520 sc9_cln65lp_base_lvt_ss_typical_max_0p90v_125c 
INV_X9M_A9TR                  1     4.680 sc9_cln65lp_base_rvt_ss_typical_max_0p90v_125c 
MX2_X3B_A9TL                  1     8.280 sc9_cln65lp_base_lvt_ss_typical_max_0p90v_125c 
MX2_X3M_A9TL                  4    33.120 sc9_cln65lp_base_lvt_ss_typical_max_0p90v_125c 
MX2_X4B_A9TL                 26   243.360 sc9_cln65lp_base_lvt_ss_typical_max_0p90v_125c 
MX2_X4M_A9TL                  9    84.240 sc9_cln65lp_base_lvt_ss_typical_max_0p90v_125c 
MX2_X6B_A9TL                  1    12.960 sc9_cln65lp_base_lvt_ss_typical_max_0p90v_125c 
MXIT2_X0P5M_A9TL              9    29.160 sc9_cln65lp_base_lvt_ss_typical_max_0p90v_125c 
MXIT2_X0P5M_A9TR              1     3.240 sc9_cln65lp_base_rvt_ss_typical_max_0p90v_125c 
MXIT2_X1M_A9TL              388  1396.800 sc9_cln65lp_base_lvt_ss_typical_max_0p90v_125c 
MXIT2_X1P4M_A9TL              3    19.440 sc9_cln65lp_base_lvt_ss_typical_max_0p90v_125c 
MXIT2_X2M_A9TL               91   589.680 sc9_cln65lp_base_lvt_ss_typical_max_0p90v_125c 
MXIT2_X3M_A9TL              183  1383.480 sc9_cln65lp_base_lvt_ss_typical_max_0p90v_125c 
MXIT2_X4M_A9TL               24   241.920 sc9_cln65lp_base_lvt_ss_typical_max_0p90v_125c 
MXT2_X0P5M_A9TL               5    18.000 sc9_cln65lp_base_lvt_ss_typical_max_0p90v_125c 
MXT2_X0P7M_A9TL              56   201.600 sc9_cln65lp_base_lvt_ss_typical_max_0p90v_125c 
MXT2_X1M_A9TL                 2     8.640 sc9_cln65lp_base_lvt_ss_typical_max_0p90v_125c 
MXT2_X1P4M_A9TL              14    70.560 sc9_cln65lp_base_lvt_ss_typical_max_0p90v_125c 
MXT2_X1P4M_A9TR               1     5.040 sc9_cln65lp_base_rvt_ss_typical_max_0p90v_125c 
MXT2_X2M_A9TL                 9    61.560 sc9_cln65lp_base_lvt_ss_typical_max_0p90v_125c 
MXT2_X3M_A9TL                14   115.920 sc9_cln65lp_base_lvt_ss_typical_max_0p90v_125c 
MXT2_X4M_A9TL                21   204.120 sc9_cln65lp_base_lvt_ss_typical_max_0p90v_125c 
MXT2_X6M_A9TL                40   417.600 sc9_cln65lp_base_lvt_ss_typical_max_0p90v_125c 
NAND2B_X0P5M_A9TR             1     2.160 sc9_cln65lp_base_rvt_ss_typical_max_0p90v_125c 
NAND2B_X1M_A9TL             162   349.920 sc9_cln65lp_base_lvt_ss_typical_max_0p90v_125c 
NAND2B_X1M_A9TR               1     2.160 sc9_cln65lp_base_rvt_ss_typical_max_0p90v_125c 
NAND2B_X1P4M_A9TR             1     2.880 sc9_cln65lp_base_rvt_ss_typical_max_0p90v_125c 
NAND2B_X2M_A9TL              81   233.280 sc9_cln65lp_base_lvt_ss_typical_max_0p90v_125c 
NAND2B_X3M_A9TL              24    95.040 sc9_cln65lp_base_lvt_ss_typical_max_0p90v_125c 
NAND2B_X4M_A9TL               8    37.440 sc9_cln65lp_base_lvt_ss_typical_max_0p90v_125c 
NAND2B_X6M_A9TL              11    75.240 sc9_cln65lp_base_lvt_ss_typical_max_0p90v_125c 
NAND2B_X8M_A9TL               3    25.920 sc9_cln65lp_base_lvt_ss_typical_max_0p90v_125c 
NAND2XB_X1M_A9TL             89   192.240 sc9_cln65lp_base_lvt_ss_typical_max_0p90v_125c 
NAND2XB_X1M_A9TR              1     2.160 sc9_cln65lp_base_rvt_ss_typical_max_0p90v_125c 
NAND2XB_X1P4M_A9TL            2     5.760 sc9_cln65lp_base_lvt_ss_typical_max_0p90v_125c 
NAND2XB_X2M_A9TL             97   279.360 sc9_cln65lp_base_lvt_ss_typical_max_0p90v_125c 
NAND2XB_X2M_A9TR              1     2.880 sc9_cln65lp_base_rvt_ss_typical_max_0p90v_125c 
NAND2XB_X3M_A9TL             74   293.040 sc9_cln65lp_base_lvt_ss_typical_max_0p90v_125c 
NAND2XB_X4M_A9TL             32   149.760 sc9_cln65lp_base_lvt_ss_typical_max_0p90v_125c 
NAND2XB_X6M_A9TL             55   376.200 sc9_cln65lp_base_lvt_ss_typical_max_0p90v_125c 
NAND2XB_X8M_A9TL             14   120.960 sc9_cln65lp_base_lvt_ss_typical_max_0p90v_125c 
NAND2_X0P7B_A9TL              1     1.440 sc9_cln65lp_base_lvt_ss_typical_max_0p90v_125c 
NAND2_X0P7M_A9TL              1     1.440 sc9_cln65lp_base_lvt_ss_typical_max_0p90v_125c 
NAND2_X0P7M_A9TR              4     5.760 sc9_cln65lp_base_rvt_ss_typical_max_0p90v_125c 
NAND2_X1A_A9TL              692   996.480 sc9_cln65lp_base_lvt_ss_typical_max_0p90v_125c 
NAND2_X1A_A9TR                2     2.880 sc9_cln65lp_base_rvt_ss_typical_max_0p90v_125c 
NAND2_X1B_A9TL               67    96.480 sc9_cln65lp_base_lvt_ss_typical_max_0p90v_125c 
NAND2_X1M_A9TL              561   807.840 sc9_cln65lp_base_lvt_ss_typical_max_0p90v_125c 
NAND2_X1M_A9TR                6     8.640 sc9_cln65lp_base_rvt_ss_typical_max_0p90v_125c 
NAND2_X1P4B_A9TL              1     2.520 sc9_cln65lp_base_lvt_ss_typical_max_0p90v_125c 
NAND2_X1P4M_A9TL            286   617.760 sc9_cln65lp_base_lvt_ss_typical_max_0p90v_125c 
NAND2_X1P4M_A9TR              1     2.160 sc9_cln65lp_base_rvt_ss_typical_max_0p90v_125c 
NAND2_X2A_A9TL              244   614.880 sc9_cln65lp_base_lvt_ss_typical_max_0p90v_125c 
NAND2_X2A_A9TR                1     2.520 sc9_cln65lp_base_rvt_ss_typical_max_0p90v_125c 
NAND2_X2B_A9TL               25    63.000 sc9_cln65lp_base_lvt_ss_typical_max_0p90v_125c 
NAND2_X2M_A9TL              129   325.080 sc9_cln65lp_base_lvt_ss_typical_max_0p90v_125c 
NAND2_X3A_A9TL              164   590.400 sc9_cln65lp_base_lvt_ss_typical_max_0p90v_125c 
NAND2_X3B_A9TL                5    18.000 sc9_cln65lp_base_lvt_ss_typical_max_0p90v_125c 
NAND2_X3M_A9TL               43   154.800 sc9_cln65lp_base_lvt_ss_typical_max_0p90v_125c 
NAND2_X4A_A9TL               70   302.400 sc9_cln65lp_base_lvt_ss_typical_max_0p90v_125c 
NAND2_X4B_A9TL               39   168.480 sc9_cln65lp_base_lvt_ss_typical_max_0p90v_125c 
NAND2_X4M_A9TL              273  1081.080 sc9_cln65lp_base_lvt_ss_typical_max_0p90v_125c 
NAND2_X6A_A9TL               59   361.080 sc9_cln65lp_base_lvt_ss_typical_max_0p90v_125c 
NAND2_X6B_A9TL               15    91.800 sc9_cln65lp_base_lvt_ss_typical_max_0p90v_125c 
NAND2_X6M_A9TL              174  1064.880 sc9_cln65lp_base_lvt_ss_typical_max_0p90v_125c 
NAND2_X8A_A9TL               32   264.960 sc9_cln65lp_base_lvt_ss_typical_max_0p90v_125c 
NAND2_X8B_A9TL                6    49.680 sc9_cln65lp_base_lvt_ss_typical_max_0p90v_125c 
NAND2_X8M_A9TL               48   362.880 sc9_cln65lp_base_lvt_ss_typical_max_0p90v_125c 
NAND3B_X6M_A9TL               1     9.000 sc9_cln65lp_base_lvt_ss_typical_max_0p90v_125c 
NAND3XXB_X1M_A9TL             5    12.600 sc9_cln65lp_base_lvt_ss_typical_max_0p90v_125c 
NAND3XXB_X1P4M_A9TL           5    18.000 sc9_cln65lp_base_lvt_ss_typical_max_0p90v_125c 
NAND3XXB_X2M_A9TL            24    95.040 sc9_cln65lp_base_lvt_ss_typical_max_0p90v_125c 
NAND3XXB_X3M_A9TL            23   115.920 sc9_cln65lp_base_lvt_ss_typical_max_0p90v_125c 
NAND3XXB_X4M_A9TL            35   214.200 sc9_cln65lp_base_lvt_ss_typical_max_0p90v_125c 
NAND3XXB_X6M_A9TL            17   153.000 sc9_cln65lp_base_lvt_ss_typical_max_0p90v_125c 
NAND3_X1A_A9TL               84   181.440 sc9_cln65lp_base_lvt_ss_typical_max_0p90v_125c 
NAND3_X1M_A9TL               18    38.880 sc9_cln65lp_base_lvt_ss_typical_max_0p90v_125c 
NAND3_X1P4A_A9TL              2     6.480 sc9_cln65lp_base_lvt_ss_typical_max_0p90v_125c 
NAND3_X2A_A9TL               18    58.320 sc9_cln65lp_base_lvt_ss_typical_max_0p90v_125c 
NAND3_X2A_A9TR                1     3.240 sc9_cln65lp_base_rvt_ss_typical_max_0p90v_125c 
NAND3_X2M_A9TL               98   317.520 sc9_cln65lp_base_lvt_ss_typical_max_0p90v_125c 
NAND3_X3A_A9TL                4    18.720 sc9_cln65lp_base_lvt_ss_typical_max_0p90v_125c 
NAND3_X3M_A9TL               69   322.920 sc9_cln65lp_base_lvt_ss_typical_max_0p90v_125c 
NAND3_X4A_A9TL               26   149.760 sc9_cln65lp_base_lvt_ss_typical_max_0p90v_125c 
NAND3_X4M_A9TL               19   109.440 sc9_cln65lp_base_lvt_ss_typical_max_0p90v_125c 
NAND3_X6A_A9TL               64   506.880 sc9_cln65lp_base_lvt_ss_typical_max_0p90v_125c 
NAND3_X6M_A9TL               26   224.640 sc9_cln65lp_base_lvt_ss_typical_max_0p90v_125c 
NAND4B_X4M_A9TL               2    15.120 sc9_cln65lp_base_lvt_ss_typical_max_0p90v_125c 
NAND4XXXB_X1P4M_A9TL          1     3.600 sc9_cln65lp_base_lvt_ss_typical_max_0p90v_125c 
NAND4XXXB_X2M_A9TL            1     4.680 sc9_cln65lp_base_lvt_ss_typical_max_0p90v_125c 
NAND4XXXB_X4M_A9TL            2    15.120 sc9_cln65lp_base_lvt_ss_typical_max_0p90v_125c 
NAND4_X0P7M_A9TL              1     2.520 sc9_cln65lp_base_lvt_ss_typical_max_0p90v_125c 
NAND4_X1A_A9TL               41   103.320 sc9_cln65lp_base_lvt_ss_typical_max_0p90v_125c 
NAND4_X1M_A9TL                3     7.560 sc9_cln65lp_base_lvt_ss_typical_max_0p90v_125c 
NAND4_X1M_A9TR                1     2.520 sc9_cln65lp_base_rvt_ss_typical_max_0p90v_125c 
NAND4_X1P4A_A9TL             14    50.400 sc9_cln65lp_base_lvt_ss_typical_max_0p90v_125c 
NAND4_X2A_A9TL               14    55.440 sc9_cln65lp_base_lvt_ss_typical_max_0p90v_125c 
NAND4_X2M_A9TL                1     3.960 sc9_cln65lp_base_lvt_ss_typical_max_0p90v_125c 
NAND4_X3A_A9TL               18   103.680 sc9_cln65lp_base_lvt_ss_typical_max_0p90v_125c 
NAND4_X3M_A9TL                1     5.760 sc9_cln65lp_base_lvt_ss_typical_max_0p90v_125c 
NAND4_X4A_A9TL               32   230.400 sc9_cln65lp_base_lvt_ss_typical_max_0p90v_125c 
NAND4_X4M_A9TL                2    14.400 sc9_cln65lp_base_lvt_ss_typical_max_0p90v_125c 
NOR2B_X1M_A9TL              113   244.080 sc9_cln65lp_base_lvt_ss_typical_max_0p90v_125c 
NOR2B_X1M_A9TR                1     2.160 sc9_cln65lp_base_rvt_ss_typical_max_0p90v_125c 
NOR2B_X2M_A9TL               25    72.000 sc9_cln65lp_base_lvt_ss_typical_max_0p90v_125c 
NOR2B_X3M_A9TL               27    97.200 sc9_cln65lp_base_lvt_ss_typical_max_0p90v_125c 
NOR2B_X4M_A9TL                8    34.560 sc9_cln65lp_base_lvt_ss_typical_max_0p90v_125c 
NOR2B_X6M_A9TL                4    27.360 sc9_cln65lp_base_lvt_ss_typical_max_0p90v_125c 
NOR2B_X8M_A9TL                1     8.280 sc9_cln65lp_base_lvt_ss_typical_max_0p90v_125c 
NOR2XB_X0P5M_A9TL             1     2.160 sc9_cln65lp_base_lvt_ss_typical_max_0p90v_125c 
NOR2XB_X0P7M_A9TL            22    47.520 sc9_cln65lp_base_lvt_ss_typical_max_0p90v_125c 
NOR2XB_X1M_A9TL              21    45.360 sc9_cln65lp_base_lvt_ss_typical_max_0p90v_125c 
NOR2XB_X2M_A9TL              17    48.960 sc9_cln65lp_base_lvt_ss_typical_max_0p90v_125c 
NOR2XB_X3M_A9TL              11    39.600 sc9_cln65lp_base_lvt_ss_typical_max_0p90v_125c 
NOR2XB_X4M_A9TL              25   108.000 sc9_cln65lp_base_lvt_ss_typical_max_0p90v_125c 
NOR2XB_X6M_A9TL              26   168.480 sc9_cln65lp_base_lvt_ss_typical_max_0p90v_125c 
NOR2XB_X8M_A9TL              15   124.200 sc9_cln65lp_base_lvt_ss_typical_max_0p90v_125c 
NOR2_X0P7M_A9TL               1     1.440 sc9_cln65lp_base_lvt_ss_typical_max_0p90v_125c 
NOR2_X0P7M_A9TR               3     4.320 sc9_cln65lp_base_rvt_ss_typical_max_0p90v_125c 
NOR2_X1A_A9TL               226   325.440 sc9_cln65lp_base_lvt_ss_typical_max_0p90v_125c 
NOR2_X1B_A9TL               323   465.120 sc9_cln65lp_base_lvt_ss_typical_max_0p90v_125c 
NOR2_X1M_A9TL               180   259.200 sc9_cln65lp_base_lvt_ss_typical_max_0p90v_125c 
NOR2_X1M_A9TR                 1     1.440 sc9_cln65lp_base_rvt_ss_typical_max_0p90v_125c 
NOR2_X1P4A_A9TL             189   408.240 sc9_cln65lp_base_lvt_ss_typical_max_0p90v_125c 
NOR2_X1P4B_A9TL               7    15.120 sc9_cln65lp_base_lvt_ss_typical_max_0p90v_125c 
NOR2_X1P4M_A9TL               3     6.480 sc9_cln65lp_base_lvt_ss_typical_max_0p90v_125c 
NOR2_X2A_A9TL               115   289.800 sc9_cln65lp_base_lvt_ss_typical_max_0p90v_125c 
NOR2_X2B_A9TL                 6    15.120 sc9_cln65lp_base_lvt_ss_typical_max_0p90v_125c 
NOR2_X2M_A9TL                13    32.760 sc9_cln65lp_base_lvt_ss_typical_max_0p90v_125c 
NOR2_X3A_A9TL               108   349.920 sc9_cln65lp_base_lvt_ss_typical_max_0p90v_125c 
NOR2_X3B_A9TL                14    45.360 sc9_cln65lp_base_lvt_ss_typical_max_0p90v_125c 
NOR2_X3M_A9TL                29    93.960 sc9_cln65lp_base_lvt_ss_typical_max_0p90v_125c 
NOR2_X4A_A9TL                64   253.440 sc9_cln65lp_base_lvt_ss_typical_max_0p90v_125c 
NOR2_X4B_A9TL                 5    19.800 sc9_cln65lp_base_lvt_ss_typical_max_0p90v_125c 
NOR2_X4M_A9TL                70   277.200 sc9_cln65lp_base_lvt_ss_typical_max_0p90v_125c 
NOR2_X6A_A9TL                85   520.200 sc9_cln65lp_base_lvt_ss_typical_max_0p90v_125c 
NOR2_X6B_A9TL                 3    18.360 sc9_cln65lp_base_lvt_ss_typical_max_0p90v_125c 
NOR2_X6M_A9TL                19   116.280 sc9_cln65lp_base_lvt_ss_typical_max_0p90v_125c 
NOR2_X8A_A9TL                35   264.600 sc9_cln65lp_base_lvt_ss_typical_max_0p90v_125c 
NOR2_X8B_A9TL                23   173.880 sc9_cln65lp_base_lvt_ss_typical_max_0p90v_125c 
NOR2_X8M_A9TL                16   120.960 sc9_cln65lp_base_lvt_ss_typical_max_0p90v_125c 
NOR3_X1A_A9TL                 2     4.320 sc9_cln65lp_base_lvt_ss_typical_max_0p90v_125c 
NOR3_X1M_A9TL                 5    10.800 sc9_cln65lp_base_lvt_ss_typical_max_0p90v_125c 
NOR3_X2A_A9TL                 7    22.680 sc9_cln65lp_base_lvt_ss_typical_max_0p90v_125c 
NOR3_X2M_A9TL                 3     9.720 sc9_cln65lp_base_lvt_ss_typical_max_0p90v_125c 
NOR3_X3A_A9TL                 1     4.680 sc9_cln65lp_base_lvt_ss_typical_max_0p90v_125c 
NOR3_X3M_A9TL                 4    18.720 sc9_cln65lp_base_lvt_ss_typical_max_0p90v_125c 
NOR3_X4A_A9TL                 3    18.360 sc9_cln65lp_base_lvt_ss_typical_max_0p90v_125c 
NOR3_X4M_A9TL                17   104.040 sc9_cln65lp_base_lvt_ss_typical_max_0p90v_125c 
OA211_X0P5M_A9TR              3     9.720 sc9_cln65lp_base_rvt_ss_typical_max_0p90v_125c 
OA211_X0P7M_A9TL              7    22.680 sc9_cln65lp_base_lvt_ss_typical_max_0p90v_125c 
OA211_X1M_A9TL                5    23.400 sc9_cln65lp_base_lvt_ss_typical_max_0p90v_125c 
OA211_X1P4M_A9TL              2    11.520 sc9_cln65lp_base_lvt_ss_typical_max_0p90v_125c 
OA211_X2M_A9TL               11    63.360 sc9_cln65lp_base_lvt_ss_typical_max_0p90v_125c 
OA211_X3M_A9TL                1     7.560 sc9_cln65lp_base_lvt_ss_typical_max_0p90v_125c 
OA211_X4M_A9TL                1    10.440 sc9_cln65lp_base_lvt_ss_typical_max_0p90v_125c 
OA21_X1M_A9TL                83   239.040 sc9_cln65lp_base_lvt_ss_typical_max_0p90v_125c 
OA21_X1M_A9TR                 2     5.760 sc9_cln65lp_base_rvt_ss_typical_max_0p90v_125c 
OA21_X1P4M_A9TL              14    55.440 sc9_cln65lp_base_lvt_ss_typical_max_0p90v_125c 
OA21_X2M_A9TL                18    84.240 sc9_cln65lp_base_lvt_ss_typical_max_0p90v_125c 
OA21_X3M_A9TL                10    64.800 sc9_cln65lp_base_lvt_ss_typical_max_0p90v_125c 
OA21_X4M_A9TL                12    86.400 sc9_cln65lp_base_lvt_ss_typical_max_0p90v_125c 
OA22_X0P5M_A9TL               1     3.240 sc9_cln65lp_base_lvt_ss_typical_max_0p90v_125c 
OA22_X1M_A9TL               176   570.240 sc9_cln65lp_base_lvt_ss_typical_max_0p90v_125c 
OA22_X1P4M_A9TL               4    20.160 sc9_cln65lp_base_lvt_ss_typical_max_0p90v_125c 
OA22_X2M_A9TL                 6    34.560 sc9_cln65lp_base_lvt_ss_typical_max_0p90v_125c 
OA22_X3M_A9TL                 1     7.920 sc9_cln65lp_base_lvt_ss_typical_max_0p90v_125c 
OAI211_X1M_A9TL              20    50.400 sc9_cln65lp_base_lvt_ss_typical_max_0p90v_125c 
OAI211_X1P4M_A9TL             3    11.880 sc9_cln65lp_base_lvt_ss_typical_max_0p90v_125c 
OAI211_X2M_A9TL              18    77.760 sc9_cln65lp_base_lvt_ss_typical_max_0p90v_125c 
OAI211_X3M_A9TL              13    79.560 sc9_cln65lp_base_lvt_ss_typical_max_0p90v_125c 
OAI211_X4M_A9TL               4    30.240 sc9_cln65lp_base_lvt_ss_typical_max_0p90v_125c 
OAI21B_X0P7M_A9TL            32    92.160 sc9_cln65lp_base_lvt_ss_typical_max_0p90v_125c 
OAI21B_X1M_A9TL               2     5.760 sc9_cln65lp_base_lvt_ss_typical_max_0p90v_125c 
OAI21B_X1P4M_A9TL             9    32.400 sc9_cln65lp_base_lvt_ss_typical_max_0p90v_125c 
OAI21B_X2M_A9TL               3    12.960 sc9_cln65lp_base_lvt_ss_typical_max_0p90v_125c 
OAI21B_X3M_A9TL               6    34.560 sc9_cln65lp_base_lvt_ss_typical_max_0p90v_125c 
OAI21B_X4M_A9TL               2    14.400 sc9_cln65lp_base_lvt_ss_typical_max_0p90v_125c 
OAI21B_X6M_A9TL               1     9.720 sc9_cln65lp_base_lvt_ss_typical_max_0p90v_125c 
OAI21B_X8M_A9TL               1    12.600 sc9_cln65lp_base_lvt_ss_typical_max_0p90v_125c 
OAI21_X0P7M_A9TR              1     2.160 sc9_cln65lp_base_rvt_ss_typical_max_0p90v_125c 
OAI21_X1M_A9TL              236   509.760 sc9_cln65lp_base_lvt_ss_typical_max_0p90v_125c 
OAI21_X1P4M_A9TL             55   178.200 sc9_cln65lp_base_lvt_ss_typical_max_0p90v_125c 
OAI21_X1P4M_A9TR              1     3.240 sc9_cln65lp_base_rvt_ss_typical_max_0p90v_125c 
OAI21_X2M_A9TL               82   295.200 sc9_cln65lp_base_lvt_ss_typical_max_0p90v_125c 
OAI21_X3M_A9TL              134   627.120 sc9_cln65lp_base_lvt_ss_typical_max_0p90v_125c 
OAI21_X4M_A9TL               17   104.040 sc9_cln65lp_base_lvt_ss_typical_max_0p90v_125c 
OAI21_X6M_A9TL               45   372.600 sc9_cln65lp_base_lvt_ss_typical_max_0p90v_125c 
OAI21_X8M_A9TL               14   156.240 sc9_cln65lp_base_lvt_ss_typical_max_0p90v_125c 
OAI221_X1M_A9TL               5    16.200 sc9_cln65lp_base_lvt_ss_typical_max_0p90v_125c 
OAI221_X1P4M_A9TL             1     5.040 sc9_cln65lp_base_lvt_ss_typical_max_0p90v_125c 
OAI221_X4M_A9TL               2    20.880 sc9_cln65lp_base_lvt_ss_typical_max_0p90v_125c 
OAI222_X1M_A9TL               2     7.920 sc9_cln65lp_base_lvt_ss_typical_max_0p90v_125c 
OAI222_X2M_A9TL               1     6.840 sc9_cln65lp_base_lvt_ss_typical_max_0p90v_125c 
OAI22_X1M_A9TL              960  2419.200 sc9_cln65lp_base_lvt_ss_typical_max_0p90v_125c 
OAI22_X1M_A9TR               12    30.240 sc9_cln65lp_base_rvt_ss_typical_max_0p90v_125c 
OAI22_X1P4M_A9TL             38   150.480 sc9_cln65lp_base_lvt_ss_typical_max_0p90v_125c 
OAI22_X2M_A9TL               52   224.640 sc9_cln65lp_base_lvt_ss_typical_max_0p90v_125c 
OAI22_X3M_A9TL               35   214.200 sc9_cln65lp_base_lvt_ss_typical_max_0p90v_125c 
OAI22_X4M_A9TL                8    66.240 sc9_cln65lp_base_lvt_ss_typical_max_0p90v_125c 
OAI22_X6M_A9TL                1    11.160 sc9_cln65lp_base_lvt_ss_typical_max_0p90v_125c 
OAI2XB1_X0P5M_A9TL           35    88.200 sc9_cln65lp_base_lvt_ss_typical_max_0p90v_125c 
OAI2XB1_X1M_A9TL             42   120.960 sc9_cln65lp_base_lvt_ss_typical_max_0p90v_125c 
OAI2XB1_X1P4M_A9TL           26    93.600 sc9_cln65lp_base_lvt_ss_typical_max_0p90v_125c 
OAI2XB1_X2M_A9TL             33   142.560 sc9_cln65lp_base_lvt_ss_typical_max_0p90v_125c 
OAI2XB1_X3M_A9TL             21   120.960 sc9_cln65lp_base_lvt_ss_typical_max_0p90v_125c 
OAI2XB1_X4M_A9TL             10    75.600 sc9_cln65lp_base_lvt_ss_typical_max_0p90v_125c 
OAI2XB1_X6M_A9TL             18   168.480 sc9_cln65lp_base_lvt_ss_typical_max_0p90v_125c 
OAI2XB1_X8M_A9TL              2    25.920 sc9_cln65lp_base_lvt_ss_typical_max_0p90v_125c 
OAI31_X1M_A9TL               21    52.920 sc9_cln65lp_base_lvt_ss_typical_max_0p90v_125c 
OAI31_X3M_A9TL                1     6.120 sc9_cln65lp_base_lvt_ss_typical_max_0p90v_125c 
OAI31_X4M_A9TL                2    15.840 sc9_cln65lp_base_lvt_ss_typical_max_0p90v_125c 
OAI31_X6M_A9TL                2    21.600 sc9_cln65lp_base_lvt_ss_typical_max_0p90v_125c 
OR2_X0P5M_A9TL               97   174.600 sc9_cln65lp_base_lvt_ss_typical_max_0p90v_125c 
OR2_X0P7M_A9TL                1     2.160 sc9_cln65lp_base_lvt_ss_typical_max_0p90v_125c 
OR2_X1M_A9TL                 66   142.560 sc9_cln65lp_base_lvt_ss_typical_max_0p90v_125c 
OR2_X1P4M_A9TL               47   118.440 sc9_cln65lp_base_lvt_ss_typical_max_0p90v_125c 
OR2_X2M_A9TL                 78   252.720 sc9_cln65lp_base_lvt_ss_typical_max_0p90v_125c 
OR2_X3M_A9TL                 34   122.400 sc9_cln65lp_base_lvt_ss_typical_max_0p90v_125c 
OR2_X4M_A9TL                 19    95.760 sc9_cln65lp_base_lvt_ss_typical_max_0p90v_125c 
OR2_X6M_A9TL                 15   102.600 sc9_cln65lp_base_lvt_ss_typical_max_0p90v_125c 
OR2_X8M_A9TL                  4    37.440 sc9_cln65lp_base_lvt_ss_typical_max_0p90v_125c 
OR3_X0P5M_A9TL                8    20.160 sc9_cln65lp_base_lvt_ss_typical_max_0p90v_125c 
OR3_X1M_A9TL                  1     3.600 sc9_cln65lp_base_lvt_ss_typical_max_0p90v_125c 
OR3_X1P4M_A9TL                2     7.920 sc9_cln65lp_base_lvt_ss_typical_max_0p90v_125c 
OR3_X2M_A9TL                  1     5.400 sc9_cln65lp_base_lvt_ss_typical_max_0p90v_125c 
OR3_X3M_A9TL                  2    13.680 sc9_cln65lp_base_lvt_ss_typical_max_0p90v_125c 
OR3_X6M_A9TL                  1    12.600 sc9_cln65lp_base_lvt_ss_typical_max_0p90v_125c 
OR4_X1P4M_A9TL                2     7.920 sc9_cln65lp_base_lvt_ss_typical_max_0p90v_125c 
OR4_X3M_A9TL                  1     6.840 sc9_cln65lp_base_lvt_ss_typical_max_0p90v_125c 
OR4_X4M_A9TL                  3    27.000 sc9_cln65lp_base_lvt_ss_typical_max_0p90v_125c 
OR4_X6M_A9TL                 17   226.440 sc9_cln65lp_base_lvt_ss_typical_max_0p90v_125c 
OR4_X8M_A9TL                  3    50.760 sc9_cln65lp_base_lvt_ss_typical_max_0p90v_125c 
OR6_X0P5M_A9TL                1     4.680 sc9_cln65lp_base_lvt_ss_typical_max_0p90v_125c 
OR6_X0P5M_A9TR                1     4.680 sc9_cln65lp_base_rvt_ss_typical_max_0p90v_125c 
OR6_X0P7M_A9TL               14    65.520 sc9_cln65lp_base_lvt_ss_typical_max_0p90v_125c 
PREICG_X0P5B_A9TR             4    25.920 sc9_cln65lp_base_rvt_ss_typical_max_0p90v_125c 
SDFFRPQN_X0P5M_A9TL           3    31.320 sc9_cln65lp_base_lvt_ss_typical_max_0p90v_125c 
SDFFRPQN_X1M_A9TL             1    10.440 sc9_cln65lp_base_lvt_ss_typical_max_0p90v_125c 
SDFFRPQ_X0P5M_A9TL           32   334.080 sc9_cln65lp_base_lvt_ss_typical_max_0p90v_125c 
SDFFRPQ_X1M_A9TL             47   490.680 sc9_cln65lp_base_lvt_ss_typical_max_0p90v_125c 
XNOR2_X0P5M_A9TL              1     3.240 sc9_cln65lp_base_lvt_ss_typical_max_0p90v_125c 
XNOR2_X0P7M_A9TL            119   385.560 sc9_cln65lp_base_lvt_ss_typical_max_0p90v_125c 
XNOR2_X1M_A9TL               24    86.400 sc9_cln65lp_base_lvt_ss_typical_max_0p90v_125c 
XNOR2_X1P4M_A9TL              1     6.120 sc9_cln65lp_base_lvt_ss_typical_max_0p90v_125c 
XNOR2_X2M_A9TL               30   183.600 sc9_cln65lp_base_lvt_ss_typical_max_0p90v_125c 
XNOR2_X3M_A9TL               37   293.040 sc9_cln65lp_base_lvt_ss_typical_max_0p90v_125c 
XNOR2_X4M_A9TL               25   252.000 sc9_cln65lp_base_lvt_ss_typical_max_0p90v_125c 
XNOR3_X0P5M_A9TL             40   244.800 sc9_cln65lp_base_lvt_ss_typical_max_0p90v_125c 
XNOR3_X1M_A9TL                5    32.400 sc9_cln65lp_base_lvt_ss_typical_max_0p90v_125c 
XNOR3_X1P4M_A9TL             15   151.200 sc9_cln65lp_base_lvt_ss_typical_max_0p90v_125c 
XNOR3_X2M_A9TL                1    12.240 sc9_cln65lp_base_lvt_ss_typical_max_0p90v_125c 
XNOR3_X3M_A9TL               22   308.880 sc9_cln65lp_base_lvt_ss_typical_max_0p90v_125c 
XNOR3_X4M_A9TL               24   440.640 sc9_cln65lp_base_lvt_ss_typical_max_0p90v_125c 
XOR2_X0P5M_A9TL              14    45.360 sc9_cln65lp_base_lvt_ss_typical_max_0p90v_125c 
XOR2_X0P7M_A9TL             390  1263.600 sc9_cln65lp_base_lvt_ss_typical_max_0p90v_125c 
XOR2_X1M_A9TL                56   201.600 sc9_cln65lp_base_lvt_ss_typical_max_0p90v_125c 
XOR2_X1P4M_A9TL               1     6.120 sc9_cln65lp_base_lvt_ss_typical_max_0p90v_125c 
XOR2_X2M_A9TL                22   134.640 sc9_cln65lp_base_lvt_ss_typical_max_0p90v_125c 
XOR2_X3M_A9TL                30   237.600 sc9_cln65lp_base_lvt_ss_typical_max_0p90v_125c 
XOR2_X4M_A9TL                23   231.840 sc9_cln65lp_base_lvt_ss_typical_max_0p90v_125c 
XOR3_X0P5M_A9TL              19   116.280 sc9_cln65lp_base_lvt_ss_typical_max_0p90v_125c 
XOR3_X1M_A9TL                 8    51.840 sc9_cln65lp_base_lvt_ss_typical_max_0p90v_125c 
XOR3_X1P4M_A9TL               1    10.080 sc9_cln65lp_base_lvt_ss_typical_max_0p90v_125c 
XOR3_X3M_A9TL                16   224.640 sc9_cln65lp_base_lvt_ss_typical_max_0p90v_125c 
XOR3_X4M_A9TL                 9   165.240 sc9_cln65lp_base_lvt_ss_typical_max_0p90v_125c 
-----------------------------------------------------------------------------------------
total                     21627 84604.680                                                
                                                                               
                    Library                    Instances    Area   Instances % 
-------------------------------------------------------------------------------
sc9_cln65lp_base_hvt_ss_typical_max_0p90v_125c        10    11.160         0.0 
sc9_cln65lp_base_lvt_ss_typical_max_0p90v_125c     21507 84280.680        99.4 
sc9_cln65lp_base_rvt_ss_typical_max_0p90v_125c       110   312.840         0.5 
                                                        
            Type             Instances    Area   Area % 
--------------------------------------------------------
sequential                        1492 12319.200   14.6 
inverter                          3121  5305.320    6.3 
buffer                             534  1380.960    1.6 
clock_gating_integrated_cell         4    25.920    0.0 
logic                            16476 65573.280   77.5 
physical_cells                       0     0.000    0.0 
--------------------------------------------------------
total                            21627 84604.680  100.0 
