============================================================
  Generated by:           Genus(TM) Synthesis Solution 25.12-s067_1
  Generated on:           Sep 24 2026  04:35:53 pm
  Module:                 tr_nonlinear_vpu
  Operating conditions:   ss_typical_max_0p90v_125c (balanced_tree)
  Wireload mode:          top
  Area mode:              timing library
============================================================

            Instance                                          Module                               Cell-Count  Cell-Area  Net-Area   Total-Area  Wireload  
-----------------------------------------------------------------------------------------------------------------------------------------------------------
tr_nonlinear_vpu                 NA                                                                     21627  84604.680     0.000    84604.680 Small (D)  
  u_alpha                        alpha_stabilizer_N8_W12_FRAC_W8                                         2416  10713.240     0.000    10713.240 Small (T)  
  u_backbone                     tr_backbone_wrapper_N8_WIDTH_IN18_WIDTH_OUT12_FRAC_W8_LUT_IDX_W3        5883  24557.760     0.000    24557.760 Small (T)  
    gen_tr_exp_lanes[0].u_tr_exp tr_exp_alu_WIDTH12_FRAC_W8_LUT_IDX_W3_ITER2                              121    423.000     0.000      423.000 Small (T)  
      u_quad                     quadratic_divider_WIDTH12_FRAC_W8                                         87    301.680     0.000      301.680 Small (T)  
      u_round                    round_WIDTH12_FRAC_W8_LUT_IDX_W3                                          10     21.600     0.000       21.600 Small (T)  
    gen_tr_exp_lanes[1].u_tr_exp tr_exp_alu_WIDTH12_FRAC_W8_LUT_IDX_W3_ITER2_422                          118    403.560     0.000      403.560 Small (T)  
      u_quad                     quadratic_divider_WIDTH12_FRAC_W8_408                                     87    300.960     0.000      300.960 Small (T)  
      u_round                    round_WIDTH12_FRAC_W8_LUT_IDX_W3_415                                      10     21.600     0.000       21.600 Small (T)  
    gen_tr_exp_lanes[2].u_tr_exp tr_exp_alu_WIDTH12_FRAC_W8_LUT_IDX_W3_ITER2_421                          118    405.360     0.000      405.360 Small (T)  
      u_quad                     quadratic_divider_WIDTH12_FRAC_W8_407                                     87    302.760     0.000      302.760 Small (T)  
      u_round                    round_WIDTH12_FRAC_W8_LUT_IDX_W3_414                                      10     21.600     0.000       21.600 Small (T)  
    gen_tr_exp_lanes[3].u_tr_exp tr_exp_alu_WIDTH12_FRAC_W8_LUT_IDX_W3_ITER2_420                          117    400.680     0.000      400.680 Small (T)  
      u_quad                     quadratic_divider_WIDTH12_FRAC_W8_406                                     87    298.080     0.000      298.080 Small (T)  
      u_round                    round_WIDTH12_FRAC_W8_LUT_IDX_W3_413                                      10     21.600     0.000       21.600 Small (T)  
    gen_tr_exp_lanes[4].u_tr_exp tr_exp_alu_WIDTH12_FRAC_W8_LUT_IDX_W3_ITER2_419                          117    403.560     0.000      403.560 Small (T)  
      u_quad                     quadratic_divider_WIDTH12_FRAC_W8_405                                     87    302.400     0.000      302.400 Small (T)  
      u_round                    round_WIDTH12_FRAC_W8_LUT_IDX_W3_412                                      10     21.600     0.000       21.600 Small (T)  
    gen_tr_exp_lanes[5].u_tr_exp tr_exp_alu_WIDTH12_FRAC_W8_LUT_IDX_W3_ITER2_418                          124    419.040     0.000      419.040 Small (T)  
      u_quad                     quadratic_divider_WIDTH12_FRAC_W8_404                                     88    312.120     0.000      312.120 Small (T)  
      u_round                    round_WIDTH12_FRAC_W8_LUT_IDX_W3_411                                      10     21.600     0.000       21.600 Small (T)  
    gen_tr_exp_lanes[6].u_tr_exp tr_exp_alu_WIDTH12_FRAC_W8_LUT_IDX_W3_ITER2_417                          125    420.840     0.000      420.840 Small (T)  
      u_quad                     quadratic_divider_WIDTH12_FRAC_W8_403                                     89    313.920     0.000      313.920 Small (T)  
      u_round                    round_WIDTH12_FRAC_W8_LUT_IDX_W3_410                                      10     21.600     0.000       21.600 Small (T)  
    gen_tr_exp_lanes[7].u_tr_exp tr_exp_alu_WIDTH12_FRAC_W8_LUT_IDX_W3_ITER2_416                          119    408.240     0.000      408.240 Small (T)  
      u_quad                     quadratic_divider_WIDTH12_FRAC_W8_402                                     87    303.480     0.000      303.480 Small (T)  
      u_round                    round_WIDTH12_FRAC_W8_LUT_IDX_W3_409                                      10     21.600     0.000       21.600 Small (T)  
    gen_tr_lanes[0].u_tr_ln      tr_ln_alu_WIDTH18_BITS8_OUT_WIDTH12                                      401   1647.000     0.000     1647.000 Small (T)  
    gen_tr_lanes[1].u_tr_ln      tr_ln_alu_WIDTH18_BITS8_OUT_WIDTH12_429                                  380   1549.440     0.000     1549.440 Small (T)  
    gen_tr_lanes[2].u_tr_ln      tr_ln_alu_WIDTH18_BITS8_OUT_WIDTH12_428                                  377   1574.280     0.000     1574.280 Small (T)  
    gen_tr_lanes[3].u_tr_ln      tr_ln_alu_WIDTH18_BITS8_OUT_WIDTH12_427                                  387   1528.920     0.000     1528.920 Small (T)  
    gen_tr_lanes[4].u_tr_ln      tr_ln_alu_WIDTH18_BITS8_OUT_WIDTH12_426                                  399   1612.800     0.000     1612.800 Small (T)  
    gen_tr_lanes[5].u_tr_ln      tr_ln_alu_WIDTH18_BITS8_OUT_WIDTH12_425                                  413   1710.000     0.000     1710.000 Small (T)  
    gen_tr_lanes[6].u_tr_ln      tr_ln_alu_WIDTH18_BITS8_OUT_WIDTH12_424                                  404   1620.000     0.000     1620.000 Small (T)  
    gen_tr_lanes[7].u_tr_ln      tr_ln_alu_WIDTH18_BITS8_OUT_WIDTH12_423                                  395   1567.800     0.000     1567.800 Small (T)  
    u_post_ln                    post_ln_modifier_N8_W12                                                  801   2876.400     0.000     2876.400 Small (T)  
    u_pre_ln                     pre_ln_modifier_N8_WIDTH_IN18_FRAC_W8                                    346   1791.000     0.000     1791.000 Small (T)  
  u_mac                          mac_array_engine_N8_W12_ACC_W32                                         5176  19994.760     0.000    19994.760 Small (T)  
  u_max                          piped_max_NUM_INPUTS8_DATA_WIDTH12                                       289   1353.960     0.000     1353.960 Small (T)  
  u_rom                          shared_lut_rom_N8_LUT_IDX_W3                                              64    119.520     0.000      119.520 Small (T)  
  u_sub                          scalar_sub_NUM_INPUTS8_DATA_WIDTH12                                      606   2075.400     0.000     2075.400 Small (T)  
  u_sym                          symmetry_modifier_N8_WIDTH_X12_WIDTH_Y12_FRAC_W8                         262    587.520     0.000      587.520 Small (T)  
  u_vecmul                       vec_mul_array_engine_N8_W12_ACC_W32                                     4758  18884.160     0.000    18884.160 Small (T)  
  (D) = wireload is default in technology library
  (T) = wireload mode is 'top'
