============================================================
  Generated by:           Genus(TM) Synthesis Solution 25.12-s067_1
  Generated on:           Sep 24 2026  04:36:00 pm
  Module:                 tr_nonlinear_vpu
  Operating conditions:   ss_typical_max_0p90v_125c (balanced_tree)
  Wireload mode:          top
  Area mode:              timing library
============================================================

Timing
--------

Clock Period 
-------------
clk   3300.0 


        Cost          Critical         Violating 
       Group         Path Slack  TNS     Paths   
-------------------------------------------------
cg_enable_group_clk      1905.4   0.0          0 
clk                    No paths   0.0            
default                No paths   0.0            
in2out                 No paths   0.0            
in2reg                      0.0   0.0          0 
reg2out                  1837.0   0.0          0 
reg2reg                     0.0   0.0          0 
-------------------------------------------------
Total                             0.0          0 

Instance Count
--------------
Leaf Instance Count             21627 
Physical Instance count             0 
Sequential Instance Count        1496 
Combinational Instance Count    20131 
Hierarchical Instance Count        46 

Area
----
Cell Area                          84604.680
Physical Cell Area                 0.000
Total Cell Area (Cell+Physical)    84604.680
Net Area                           0.000
Total Area (Cell+Physical+Net)     84604.680

Max Fanout                         480 (clk)
Min Fanout                         0 (n_138)
Average Fanout                     2.3
Terms to net ratio                 3.2873
Terms to instance ratio            3.5381
Runtime                            1286.953615 seconds
Elapsed Runtime                    1470 seconds
Genus peak memory usage            3051.95 
Innovus peak memory usage          no_value 
Hostname                           enicsw04.local
