============================================================
  Generated by:           Genus(TM) Synthesis Solution 25.12-s067_1
  Generated on:           Sep 24 2026  04:35:59 pm
  Module:                 tr_nonlinear_vpu
  Operating conditions:   ss_typical_max_0p90v_125c (balanced_tree)
  Wireload mode:          top
  Area mode:              timing library
============================================================

Max_transition design rule: no violations.


Max_capacitance design rule: no violations.


Max_fanout design rule (violation total = 32.000)
Pin                 Fanout           Max     Violation
--------------------------------------------------------
g22384/Y            32.000        16.000        16.000
g22384/Y            32.000        16.000        16.000
g22384/Y            32.000        16.000        16.000
g22384/Y            32.000        16.000        16.000
g22384/Y            32.000        16.000        16.000
g22384/Y            32.000        16.000        16.000
g22384/Y            32.000        16.000        16.000
g22384/Y            32.000        16.000        16.000
g22384/Y            32.000        16.000        16.000
g22384/Y            32.000        16.000        16.000
g22384/Y            32.000        16.000        16.000
g22384/Y            32.000        16.000        16.000
g22384/Y            32.000        16.000        16.000
g22384/Y            32.000        16.000        16.000
g22384/Y            32.000        16.000        16.000
g22384/Y            32.000        16.000        16.000
g22384/Y            32.000        16.000        16.000
g22384/Y            32.000        16.000        16.000
g22384/Y            32.000        16.000        16.000
g22384/Y            32.000        16.000        16.000
g22384/Y            32.000        16.000        16.000
g22384/Y            32.000        16.000        16.000
g22384/Y            32.000        16.000        16.000
g22384/Y            32.000        16.000        16.000
g22384/Y            32.000        16.000        16.000
g22384/Y            32.000        16.000        16.000
g22384/Y            32.000        16.000        16.000
g22384/Y            32.000        16.000        16.000
g22384/Y            32.000        16.000        16.000
g22384/Y            32.000        16.000        16.000
g22384/Y            32.000        16.000        16.000
g22384/Y            32.000        16.000        16.000
g22384/Y            32.000        16.000        16.000
g22265/Y            32.000        16.000        16.000
g22265/Y            32.000        16.000        16.000
g22265/Y            32.000        16.000        16.000
g22265/Y            32.000        16.000        16.000
g22265/Y            32.000        16.000        16.000
g22265/Y            32.000        16.000        16.000
g22265/Y            32.000        16.000        16.000
g22265/Y            32.000        16.000        16.000
g22265/Y            32.000        16.000        16.000
g22265/Y            32.000        16.000        16.000
g22265/Y            32.000        16.000        16.000
g22265/Y            32.000        16.000        16.000
g22265/Y            32.000        16.000        16.000
g22265/Y            32.000        16.000        16.000
g22265/Y            32.000        16.000        16.000
g22265/Y            32.000        16.000        16.000
g22265/Y            32.000        16.000        16.000
g22265/Y            32.000        16.000        16.000
g22265/Y            32.000        16.000        16.000
g22265/Y            32.000        16.000        16.000
g22265/Y            32.000        16.000        16.000
g22265/Y            32.000        16.000        16.000
g22265/Y            32.000        16.000        16.000
g22265/Y            32.000        16.000        16.000
g22265/Y            32.000        16.000        16.000
g22265/Y            32.000        16.000        16.000
g22265/Y            32.000        16.000        16.000
g22265/Y            32.000        16.000        16.000
g22265/Y            32.000        16.000        16.000
g22265/Y            32.000        16.000        16.000
g22265/Y            32.000        16.000        16.000
g22265/Y            32.000        16.000        16.000
g22265/Y            32.000        16.000        16.000



