============================================================
  Generated by:           Genus(TM) Synthesis Solution 25.12-s067_1
  Generated on:           Sep 23 2026  03:07:12 pm
  Module:                 tr_nonlinear_vpu
  Operating conditions:   ss_typical_max_0p90v_125c (balanced_tree)
  Wireload mode:          top
  Area mode:              timing library
============================================================

 
  Hierarchy Report Format : 
 
    level instance ( module ) <status>
 
    status :    preserve_<value> -- indicating preserve hierachy or inherited_preserve value
           :    blackbox --  indicating  unresolved instance
 
==================================================================

 0 tr_nonlinear_vpu
  1 u_alpha ( alpha_stabilizer_N8_W12_FRAC_W8 ) 
  1 u_backbone ( tr_backbone_wrapper_N8_WIDTH_IN16_WIDTH_OUT12_FRAC_W8_LUT_IDX_W3 ) 
     2 gen_tr_exp_lanes[0].u_tr_exp ( tr_exp_alu_WIDTH12_FRAC_W8_LUT_IDX_W3_ITER2 ) 
        3 u_quad ( quadratic_divider_WIDTH12_FRAC_W8 ) 
        3 u_round ( round_WIDTH12_FRAC_W8_LUT_IDX_W3 ) 
     2 gen_tr_exp_lanes[1].u_tr_exp ( tr_exp_alu_WIDTH12_FRAC_W8_LUT_IDX_W3_ITER2_437 ) 
        3 u_quad ( quadratic_divider_WIDTH12_FRAC_W8_423 ) 
        3 u_round ( round_WIDTH12_FRAC_W8_LUT_IDX_W3_430 ) 
     2 gen_tr_exp_lanes[2].u_tr_exp ( tr_exp_alu_WIDTH12_FRAC_W8_LUT_IDX_W3_ITER2_436 ) 
        3 u_quad ( quadratic_divider_WIDTH12_FRAC_W8_422 ) 
        3 u_round ( round_WIDTH12_FRAC_W8_LUT_IDX_W3_429 ) 
     2 gen_tr_exp_lanes[3].u_tr_exp ( tr_exp_alu_WIDTH12_FRAC_W8_LUT_IDX_W3_ITER2_435 ) 
        3 u_quad ( quadratic_divider_WIDTH12_FRAC_W8_421 ) 
        3 u_round ( round_WIDTH12_FRAC_W8_LUT_IDX_W3_428 ) 
     2 gen_tr_exp_lanes[4].u_tr_exp ( tr_exp_alu_WIDTH12_FRAC_W8_LUT_IDX_W3_ITER2_434 ) 
        3 u_quad ( quadratic_divider_WIDTH12_FRAC_W8_420 ) 
        3 u_round ( round_WIDTH12_FRAC_W8_LUT_IDX_W3_427 ) 
     2 gen_tr_exp_lanes[5].u_tr_exp ( tr_exp_alu_WIDTH12_FRAC_W8_LUT_IDX_W3_ITER2_433 ) 
        3 u_quad ( quadratic_divider_WIDTH12_FRAC_W8_419 ) 
        3 u_round ( round_WIDTH12_FRAC_W8_LUT_IDX_W3_426 ) 
     2 gen_tr_exp_lanes[6].u_tr_exp ( tr_exp_alu_WIDTH12_FRAC_W8_LUT_IDX_W3_ITER2_432 ) 
        3 u_quad ( quadratic_divider_WIDTH12_FRAC_W8_418 ) 
        3 u_round ( round_WIDTH12_FRAC_W8_LUT_IDX_W3_425 ) 
     2 gen_tr_exp_lanes[7].u_tr_exp ( tr_exp_alu_WIDTH12_FRAC_W8_LUT_IDX_W3_ITER2_431 ) 
        3 u_quad ( quadratic_divider_WIDTH12_FRAC_W8_417 ) 
        3 u_round ( round_WIDTH12_FRAC_W8_LUT_IDX_W3_424 ) 
     2 gen_tr_lanes[0].u_tr_ln ( tr_ln_alu_WIDTH16_BITS8_OUT_WIDTH12 ) 
     2 gen_tr_lanes[1].u_tr_ln ( tr_ln_alu_WIDTH16_BITS8_OUT_WIDTH12_444 ) 
     2 gen_tr_lanes[2].u_tr_ln ( tr_ln_alu_WIDTH16_BITS8_OUT_WIDTH12_443 ) 
     2 gen_tr_lanes[3].u_tr_ln ( tr_ln_alu_WIDTH16_BITS8_OUT_WIDTH12_442 ) 
     2 gen_tr_lanes[4].u_tr_ln ( tr_ln_alu_WIDTH16_BITS8_OUT_WIDTH12_441 ) 
     2 gen_tr_lanes[5].u_tr_ln ( tr_ln_alu_WIDTH16_BITS8_OUT_WIDTH12_440 ) 
     2 gen_tr_lanes[6].u_tr_ln ( tr_ln_alu_WIDTH16_BITS8_OUT_WIDTH12_439 ) 
     2 gen_tr_lanes[7].u_tr_ln ( tr_ln_alu_WIDTH16_BITS8_OUT_WIDTH12_438 ) 
     2 u_post_ln ( post_ln_modifier_N8_W12 ) 
     2 u_pre_ln ( pre_ln_modifier_N8_WIDTH_IN16_FRAC_W8 ) 
  1 u_mac ( mac_array_engine_N8_W12_ACC_W32 ) 
     2 RC_CG_HIER_INST0 ( RC_CG_MOD ) 
     2 RC_CG_HIER_INST1 ( RC_CG_MOD_1 ) 
  1 u_max ( piped_max_NUM_INPUTS8_DATA_WIDTH12 ) 
  1 u_rom ( shared_lut_rom_N8_LUT_IDX_W3 ) 
  1 u_sub ( scalar_sub_NUM_INPUTS8_DATA_WIDTH12 ) 
  1 u_sym ( symmetry_modifier_N8_WIDTH_X12_WIDTH_Y12_FRAC_W8 ) 
  1 u_vecmul ( vec_mul_array_engine_N8_W12_ACC_W32 ) 
     2 RC_CG_HIER_INST2 ( RC_CG_MOD_2 ) 
     2 RC_CG_HIER_INST3 ( RC_CG_MOD_3 ) 
