============================================================
  Generated by:           Genus(TM) Synthesis Solution 25.12-s067_1
  Generated on:           May 05 2026  11:47:15 am
  Module:                 tr_gelu_alu
  Operating conditions:   ss_typical_max_0p90v_125c (balanced_tree)
  Wireload mode:          top
  Area mode:              timing library
============================================================


Summary
-------
--------------------------------------------------------------------------
            Category            Number     %    Average Toggle Saving %   
--------------------------------------------------------------------------
 Total Clock Gating Instances        0  100.00                         -  
--------------------------------------------------------------------------
 RC Clock Gating Instances           0    0.00                      0.00  
 Non-RC Clock Gating Instances       0    0.00                      0.00  
--------------------------------------------------------------------------
 RC Gated Flip-flops                 0    0.00                      0.00  
 Non-RC Gated Flip-flops             0    0.00                      0.00  
--------------------------------------------------------------------------
 Total Gated Flip-flops              0    0.00                         -  
 Total Ungated Flip-flops          125  100.00                         -  
 Enable not found                    7    5.60                         -  
 Enable signal is constant         118   94.40                         -  
--------------------------------------------------------------------------
 Total Flip-flops                  125  100.00                         -  
--------------------------------------------------------------------------
Multibit Flip-flop Summary
--------------------------
-------------------------------------------------------
Width     Number     Bits     RC Gated     Ungated     
-------------------------------------------------------
1-bit     125        125      0 (0.00%)    125 (100.00%) 
---------------------------------------------------------


