============================================================
  Generated by:           Genus(TM) Synthesis Solution 25.12-s067_1
  Generated on:           May 05 2026  11:11:57 am
  Module:                 tr_gelu_alu
  Operating conditions:   ss_typical_max_0p90v_125c (balanced_tree)
  Wireload mode:          top
  Area mode:              timing library
============================================================

Timing
--------

Clock Period 
-------------
clk   3300.0 


  Cost    Critical             Violating 
 Group   Path Slack    TNS       Paths   
-----------------------------------------
clk        No paths       0.0            
default    No paths       0.0            
in2out     No paths       0.0            
in2reg          0.3       0.0          0 
reg2out      1425.8       0.0          0 
reg2reg      -212.0   -1376.1          8 
-----------------------------------------
Total                 -1376.1          8 

Instance Count
--------------
Leaf Instance Count             977 
Physical Instance count           0 
Sequential Instance Count       101 
Combinational Instance Count    876 
Hierarchical Instance Count       3 

Area
----
Cell Area                          4879.800
Physical Cell Area                 0.000
Total Cell Area (Cell+Physical)    4879.800
Net Area                           0.000
Total Area (Cell+Physical+Net)     4879.800

Max Fanout                         102 (clk)
Min Fanout                         0 (e_a[7])
Average Fanout                     2.0
Terms to net ratio                 3.0185
Terms to instance ratio            3.1668
Runtime                            96.86022299999999 seconds
Elapsed Runtime                    91 seconds
Genus peak memory usage            2420.20 
Innovus peak memory usage          no_value 
Hostname                           enicsw11.local
