============================================================
  Generated by:           Genus(TM) Synthesis Solution 25.12-s067_1
  Generated on:           Mar 29 2026  07:37:23 pm
  Module:                 soft_dsp_eng_post_wrapper
  Operating conditions:   ss_typical_max_0p90v_125c (balanced_tree)
  Wireload mode:          top
  Area mode:              timing library
============================================================


Path 1: MET (41 ps) Setup Check with Pin u_piped_max/stage_decl[1].data_reg[6][6]/CK->SE
          Group: in2reg
     Startpoint: (F) a[12][0]
          Clock: (R) clk
       Endpoint: (R) u_piped_max/stage_decl[1].data_reg[6][6]/SE
          Clock: (R) clk

                     Capture       Launch     
        Clock Edge:+    3000            0     
        Drv Adjust:+       0           20     
       Src Latency:+       0            0     
       Net Latency:+       0 (I)        0 (I) 
           Arrival:=    3000           20     
                                              
             Setup:-     341                  
       Uncertainty:-     125                  
     Required Time:=    2534                  
      Launch Clock:-      20                  
       Input Delay:-     900                  
         Data Path:-    1573                  
             Slack:=      41                  

Exceptions/Constraints:
  input_delay             900             soft_dsp_eng_post_wr_line_16_37_1   

#----------------------------------------------------------------------------------------------------------------
#                Timing Point                 Flags    Arc   Edge        Cell         Fanout Trans Delay Arrival 
#                                                                                             (ps)  (ps)   (ps)  
#----------------------------------------------------------------------------------------------------------------
  a[12][0]                                    -       -      F     (arrival)               4    59     0     920 
  u_piped_max/g10589/Y                        -       A->Y   R     INV_X1M_A9TL            1    69    66     986 
  u_piped_max/g10460/CO                       -       CI->CO R     CGEN_X1M_A9TL           1    94   145    1131 
  u_piped_max/g10433/CON                      -       A->CON F     CGENI_X1M_A9TL          1   134   123    1254 
  u_piped_max/g10417/CON                      -       A->CON R     CGENI_X1M_A9TL          1   177   164    1418 
  u_piped_max/g10408/Y                        -       B0N->Y F     AO21B_X1M_A9TL          1   110   108    1525 
  u_piped_max/g10391/Y                        -       C0->Y  R     OAI221_X1M_A9TL         1   222   120    1646 
  u_piped_max/g10377/Y                        -       B0->Y  F     OAI2XB1_X0P5M_A9TL      1   167   164    1810 
  u_piped_max/g10367/Y                        -       B0->Y  R     OAI2XB1_X0P5M_A9TL      1   275   182    1991 
  u_piped_max/g10347/Y                        -       C0->Y  R     OA211_X0P7M_A9TL        1   105   219    2210 
  u_piped_max/g10338/Y                        -       B0->Y  R     AO21_X1M_A9TL           7   350   284    2494 
  u_piped_max/stage_decl[1].data_reg[6][6]/SE -       -      R     SDFFRPQ_X1M_A9TL        7     -     0    2494 
#----------------------------------------------------------------------------------------------------------------

