============================================================
  Generated by:           Genus(TM) Synthesis Solution 25.12-s067_1
  Generated on:           Mar 26 2026  02:14:53 pm
  Module:                 tr_softmax
  Operating conditions:   ss_typical_max_0p90v_125c (balanced_tree)
  Wireload mode:          top
  Area mode:              timing library
============================================================

Timing
--------

Clock Period 
-------------
clk   3000.0 


        Cost          Critical         Violating 
       Group         Path Slack  TNS     Paths   
-------------------------------------------------
cg_enable_group_clk      1695.4   0.0          0 
clk                    No paths   0.0            
default                No paths   0.0            
in2out                 No paths   0.0            
in2reg                   1795.6   0.0          0 
reg2out                   176.1   0.0          0 
reg2reg                    96.2   0.0          0 
-------------------------------------------------
Total                             0.0          0 

Instance Count
--------------
Leaf Instance Count             2139 
Physical Instance count            0 
Sequential Instance Count        314 
Combinational Instance Count    1825 
Hierarchical Instance Count       20 

Area
----
Cell Area                          7850.520
Physical Cell Area                 0.000
Total Cell Area (Cell+Physical)    7850.520
Net Area                           0.000
Total Area (Cell+Physical+Net)     7850.520

Max Fanout                         208 (dsp_mac/RC_CG_HIER_INST0/ck_out)
Min Fanout                         0 (ext_x_max[7])
Average Fanout                     2.1
Terms to net ratio                 2.9801
Terms to instance ratio            3.2880
Runtime                            130.95783 seconds
Elapsed Runtime                    123 seconds
Genus peak memory usage            2436.09 
Innovus peak memory usage          no_value 
Hostname                           enicsw11.local
