============================================================
  Generated by:           Genus(TM) Synthesis Solution 25.12-s067_1
  Generated on:           May 05 2026  03:04:33 pm
  Module:                 tr_norm_alu
  Operating conditions:   ss_typical_max_0p90v_125c (balanced_tree)
  Wireload mode:          top
  Area mode:              timing library
============================================================


Path 1: MET (15 ps) Setup Check with Pin x_sq_reg_reg[14]/CK->D
          Group: in2reg
     Startpoint: (F) x_in[0]
          Clock: (R) clk
       Endpoint: (F) x_sq_reg_reg[14]/D
          Clock: (R) clk

                     Capture       Launch     
        Clock Edge:+    3300            0     
        Drv Adjust:+       0           44     
       Src Latency:+       0            0     
       Net Latency:+       0 (I)        0 (I) 
           Arrival:=    3300           44     
                                              
             Setup:-     126                  
       Uncertainty:-     125                  
     Required Time:=    3049                  
      Launch Clock:-      44                  
       Input Delay:-     990                  
         Data Path:-    2000                  
             Slack:=      15                  

Exceptions/Constraints:
  input_delay             990             tr_norm_alu.sdc_line_16_11_1   

#-------------------------------------------------------------------------------------------
#      Timing Point        Flags   Arc   Edge       Cell         Fanout Trans Delay Arrival 
#                                                                        (ps)  (ps)   (ps)  
#-------------------------------------------------------------------------------------------
  x_in[0]                  -       -     F     (arrival)             10    91     0    1034 
  square_mul_60_30_g1483/Y -       B->Y  F     AND2_X1M_A9TL          1    58   142    1176 
  g5348/Y                  -       A->Y  R     INV_X0P5M_A9TR         3   336   221    1396 
  square_mul_60_30_g1449/Y -       B->Y  F     NOR2_X1B_A9TL          3   256   270    1666 
  square_mul_60_30_g1433/Y -       A->Y  F     AND2_X1M_A9TL          2    87   217    1884 
  square_mul_60_30_g1427/Y -       B->Y  F     AND2_X1M_A9TL          2    86   159    2042 
  square_mul_60_30_g1403/Y -       A0->Y R     AOI32_X1M_A9TL         1   196   161    2203 
  square_mul_60_30_g1394/Y -       B->Y  R     AND2_X1M_A9TL          4   222   247    2450 
  square_mul_60_30_g1387/Y -       A->Y  F     NOR3_X2M_A9TL          2   135   140    2591 
  square_mul_60_30_g1377/Y -       B0->Y R     AOI221_X1P4M_A9TL      1   219   208    2799 
  square_mul_60_30_g1375/Y -       A->Y  F     XNOR3_X0P5M_A9TL       1   133   235    3033 
  x_sq_reg_reg[14]/D       -       -     F     DFFRPQ_X1M_A9TL        1     -     0    3034 
#-------------------------------------------------------------------------------------------

