============================================================
  Generated by:           Genus(TM) Synthesis Solution 25.12-s067_1
  Generated on:           Apr 11 2026  11:29:52 am
  Module:                 transformer_core_top
  Operating conditions:   ss_typical_max_0p90v_125c (balanced_tree)
  Wireload mode:          top
  Area mode:              timing library
============================================================


Path 1: VIOLATED (-1776 ps) Setup Check with Pin u_datapath/u_mac_engine/b_reg_reg[7][7]/CK->D
          Group: reg2reg
     Startpoint: (R) u_ctrl/state_q_reg[1]/CK
          Clock: (R) clk
       Endpoint: (R) u_datapath/u_mac_engine/b_reg_reg[7][7]/D
          Clock: (R) clk

                     Capture       Launch     
        Clock Edge:+    5000            0     
       Src Latency:+       0            0     
       Net Latency:+       0 (I)        0 (I) 
           Arrival:=    5000            0     
                                              
             Setup:-      85                  
       Uncertainty:-     125                  
     Required Time:=    4790                  
      Launch Clock:-       0                  
         Data Path:-    6566                  
             Slack:=   -1776                  

#----------------------------------------------------------------------------------------------------------------------------------------
#                            Timing Point                             Flags    Arc   Edge        Cell         Fanout Trans Delay Arrival 
#                                                                                                                     (ps)  (ps)   (ps)  
#----------------------------------------------------------------------------------------------------------------------------------------
  u_ctrl/state_q_reg[1]/CK                                            -       -      R     (arrival)             617     0     0       0 
  u_ctrl/state_q_reg[1]/Q                                             -       CK->Q  F     SDFFRPQ_X4M_A9TL        1    50   275     275 
  u_ctrl/fopt1436/Y                                                   -       A->Y   R     INV_X9B_A9TL            2    38    40     316 
  u_ctrl/g1351__2802/Y                                                -       B->Y   F     NAND2_X8A_A9TL          3    69    64     380 
  u_ctrl/g1344__4319/Y                                                -       A->Y   R     NAND2XB_X8M_A9TL        1    58    56     436 
  u_ctrl/g1343__6260/Y                                                -       B0->Y  F     OAI2XB1_X8M_A9TL        3    84    73     509 
  u_ctrl/g1337__7410/Y                                                -       A->Y   R     NOR2_X8M_A9TL           2    74    73     582 
  u_ctrl/g1326__9315/Y                                                -       A->Y   F     NAND3XXB_X6M_A9TL       1    71    64     647 
  u_ctrl/fopt1391/Y                                                   -       A->Y   R     INV_X7P5M_A9TL          2    48    52     699 
  u_datapath/fopt18034/Y                                              -       A->Y   F     INV_X9M_A9TL            2    27    30     729 
  u_datapath/g10013/Y                                                 -       A->Y   R     NAND2_X8M_A9TL          2    84    60     789 
  u_datapath/g10008/Y                                                 -       A->Y   F     INV_X9M_A9TL            5    53    59     848 
  u_datapath/g10004/Y                                                 -       A->Y   F     BUFH_X6M_A9TL           2    35    77     925 
  u_datapath/g9711/Y                                                  -       A0->Y  R     OAI2XB1_X4M_A9TL        3   169   122    1047 
  u_datapath/u_tr_array/u_ln_0_20b/g4368/Y                            -       A->Y   F     INV_X4M_A9TL            3    97    99    1146 
  u_datapath/u_tr_array/u_ln_0_20b/g4367/Y                            -       A->Y   R     INV_X9M_A9TL            6    73    76    1222 
  u_datapath/u_tr_array/u_ln_0_20b/g4363/Y                            -       A->Y   F     INV_X4M_A9TL            2    34    41    1263 
  u_datapath/u_tr_array/u_ln_0_20b/g4202/Y                            -       CN->Y  F     NAND3XXB_X6M_A9TL       1    65   115    1378 
  u_datapath/u_tr_array/u_ln_0_20b/g4162/Y                            -       D->Y   R     NAND4_X4A_A9TL          1   143   121    1499 
  u_datapath/u_tr_array/u_ln_0_20b/g4145/Y                            -       B->Y   F     NOR2_X8B_A9TL           1    83    98    1596 
  u_datapath/u_tr_array/u_ln_0_20b/g4139/Y                            -       A->Y   R     NAND2_X8A_A9TL          6    84    81    1677 
  u_datapath/u_tr_array/u_ln_0_20b/csa_tree_ADD_TC_OP_7_groupi_g958/Y -       B->Y   R     XNOR2_X4M_A9TL          1   177   128    1805 
  u_datapath/u_tr_array/u_ln_0_20b/csa_tree_ADD_TC_OP_7_groupi_g835/Y -       S0->Y  R     MXIT2_X4M_A9TL          2   172   143    1948 
  u_datapath/u_tr_array/u_ln_0_20b/csa_tree_ADD_TC_OP_7_groupi_g803/Y -       A->Y   R     AND2_X2M_A9TL           1    98   167    2115 
  u_datapath/u_tr_array/u_ln_0_20b/csa_tree_ADD_TC_OP_7_groupi_g779/Y -       B0->Y  F     AOI21_X8M_A9TL          1    57    57    2172 
  u_datapath/u_tr_array/u_ln_0_20b/csa_tree_ADD_TC_OP_7_groupi_g765/Y -       B0->Y  R     OAI21_X8M_A9TL          4   140    86    2258 
  u_datapath/u_tr_array/u_ln_0_20b/csa_tree_ADD_TC_OP_7_groupi_g726/Y -       S0->Y  R     MXIT2_X3M_A9TL          1   129   107    2366 
  u_datapath/u_tr_array/g6851/Y                                       -       A->Y   F     INV_X4M_A9TL            2    63    70    2435 
  u_datapath/u_tr_array/g6284/Y                                       -       B->Y   R     NAND2_X8M_A9TL          2    82    79    2515 
  u_datapath/u_tr_array/fopt2/Y                                       -       A->Y   F     INV_X9M_A9TL            2    39    45    2559 
  u_datapath/u_tr_array/g6157/Y                                       -       C->Y   F     AND3_X11M_A9TL          5    57   134    2693 
  u_datapath/u_tr_array/g6139/Y                                       -       A->Y   R     NAND2XB_X8M_A9TL        3    96    74    2768 
  u_datapath/u_tr_array/g6119/Y                                       -       A->Y   F     INV_X7P5M_A9TL          1    32    36    2803 
  u_datapath/u_tr_array/g6113/Y                                       -       A->Y   R     NAND2XB_X6M_A9TL        2    71    47    2850 
  u_datapath/u_tr_array/g6108/Y                                       -       B->Y   F     NAND3XXB_X4M_A9TL       1    88    72    2923 
  u_datapath/u_tr_array/g6092/Y                                       -       B->Y   R     NAND3XXB_X6M_A9TL       3   126   106    3028 
  u_datapath/u_tr_array/u_exp_0_20b/u_quad/square_mul_42_37_g791/Y    -       A->Y   F     NAND2_X6M_A9TL          1    57    55    3084 
  u_datapath/u_tr_array/u_exp_0_20b/u_quad/fopt891/Y                  -       A->Y   R     INV_X6M_A9TL            2    58    57    3141 
  u_datapath/u_tr_array/u_exp_0_20b/u_quad/fopt890/Y                  -       A->Y   F     INV_X7P5M_A9TL          3    32    37    3178 
  u_datapath/u_tr_array/u_exp_0_20b/u_quad/square_mul_42_37_g730/Y    -       B->Y   R     NAND2_X3M_A9TL          1    83    66    3244 
  u_datapath/u_tr_array/u_exp_0_20b/u_quad/square_mul_42_37_g708/Y    -       A->Y   F     NAND3_X6M_A9TL          2    73    66    3311 
  u_datapath/u_tr_array/u_exp_0_20b/u_quad/square_mul_42_37_g673/Y    -       B->Y   F     XNOR3_X4M_A9TL          2    92   250    3561 
  u_datapath/u_tr_array/u_exp_0_20b/u_quad/square_mul_42_37_g641/Y    -       A->Y   R     NOR2XB_X8M_A9TL         2   102    92    3653 
  u_datapath/u_tr_array/u_exp_0_20b/u_quad/square_mul_42_37_g630/Y    -       A0->Y  F     OAI2XB1_X8M_A9TL        2    62    69    3722 
  u_datapath/u_tr_array/u_exp_0_20b/u_quad/fopt931/Y                  -       A->Y   R     INV_X4M_A9TL            1    44    48    3770 
  u_datapath/u_tr_array/u_exp_0_20b/u_quad/square_mul_42_37_g607/Y    -       B0->Y  F     OAI21_X6M_A9TL          1    58    54    3824 
  u_datapath/u_tr_array/u_exp_0_20b/u_quad/square_mul_42_37_g605/Y    -       A->Y   R     NAND2XB_X8M_A9TL        1    62    54    3879 
  u_datapath/u_tr_array/u_exp_0_20b/u_quad/square_mul_42_37_g600/Y    -       A->Y   F     NAND2XB_X8M_A9TL        3    63    58    3936 
  u_datapath/u_tr_array/u_exp_0_20b/u_quad/square_mul_42_37_g598/Y    -       A->Y   R     NAND2XB_X6M_A9TL        1    65    57    3993 
  u_datapath/u_tr_array/u_exp_0_20b/u_quad/square_mul_42_37_g595/Y    -       A->Y   F     NAND2XB_X6M_A9TL        1    44    45    4039 
  u_datapath/u_tr_array/u_exp_0_20b/u_quad/square_mul_42_37_g593/Y    -       S0->Y  R     MXIT2_X4M_A9TL          3   268   140    4179 
  u_datapath/u_tr_array/u_exp_0_20b/g1023/Y                           -       A->Y   F     NOR2XB_X8M_A9TL         2   102   110    4289 
  u_datapath/u_tr_array/u_exp_0_20b/g1004/Y                           -       A->Y   R     NOR2_X8B_A9TL           1    67    68    4357 
  u_datapath/u_tr_array/u_exp_0_20b/g989/Y                            -       A->Y   F     NAND2_X6M_A9TL          1    52    45    4402 
  u_datapath/u_tr_array/u_exp_0_20b/g985/Y                            -       A->Y   R     NAND2XB_X6M_A9TL        1    73    58    4460 
  u_datapath/u_tr_array/u_exp_0_20b/g980/Y                            -       A->Y   F     NAND2XB_X8M_A9TL        3    60    58    4517 
  u_datapath/u_tr_array/u_exp_0_20b/g977/Y                            -       S0->Y  R     MXT2_X6M_A9TL           7   126   182    4699 
  u_datapath/WALLACE_CSA_DUMMY_OP_groupi_g5223/Y                      -       A->Y   R     XNOR2_X4M_A9TL          4   246   134    4834 
  u_datapath/WALLACE_CSA_DUMMY_OP_groupi_g4945/Y                      -       A->Y   R     AND2_X6M_A9TL           9   114   188    5021 
  u_datapath/fopt18073/Y                                              -       A->Y   F     INV_X3M_A9TL            2    55    61    5082 
  u_datapath/WALLACE_CSA_DUMMY_OP_groupi_g4855/Y                      -       A0->Y  F     OA22_X1M_A9TL           2   147   226    5308 
  u_datapath/WALLACE_CSA_DUMMY_OP_groupi_g4783/Y                      -       S0->Y  F     MXIT2_X3M_A9TL          1    92   115    5423 
  u_datapath/WALLACE_CSA_DUMMY_OP_groupi_g4678/Y                      -       S0->Y  F     MXIT2_X3M_A9TL          1    74    90    5513 
  u_datapath/WALLACE_CSA_DUMMY_OP_groupi_g4608/SUM                    -       B->SUM F     ADDFH_X2M_A9TL          2   104   307    5820 
  u_datapath/WALLACE_CSA_DUMMY_OP_groupi_g4596/Y                      -       A->Y   R     NAND2_X4A_A9TL          2    79    81    5901 
  u_datapath/fopt18036/Y                                              -       A->Y   F     INV_X4M_A9TL            2    37    43    5945 
  u_datapath/WALLACE_CSA_DUMMY_OP_groupi_g4559/Y                      -       A->Y   R     NOR2_X4M_A9TL           2   110    83    6028 
  u_datapath/WALLACE_CSA_DUMMY_OP_groupi_g4549/Y                      -       A->Y   F     NAND2_X3M_A9TL          1    51    52    6080 
  u_datapath/WALLACE_CSA_DUMMY_OP_groupi_g4533/Y                      -       A1N->Y F     AOI2XB1_X3M_A9TL        1    92   148    6228 
  u_datapath/WALLACE_CSA_DUMMY_OP_groupi_g4530/Y                      -       A->Y   R     XNOR3_X4M_A9TL          1    76   154    6383 
  u_datapath/g17603/Y                                                 -       A->Y   F     NAND2_X8A_A9TL          8   109    75    6457 
  u_datapath/g16741/Y                                                 -       A->Y   R     NAND4XXXB_X2M_A9TL      1   147   108    6566 
  u_datapath/u_mac_engine/b_reg_reg[7][7]/D                           -       -      R     DFFQ_X2M_A9TL           1     -     0    6566 
#----------------------------------------------------------------------------------------------------------------------------------------

