============================================================
  Generated by:           Genus(TM) Synthesis Solution 25.12-s067_1
  Generated on:           Sep 27 2026  11:35:03 pm
  Module:                 ibert_gelu
  Operating conditions:   ss_typical_max_0p90v_125c (balanced_tree)
  Wireload mode:          top
  Area mode:              timing library
============================================================


Summary
-------
--------------------------------------------------------------------------
            Category            Number     %    Average Toggle Saving %   
--------------------------------------------------------------------------
 Total Clock Gating Instances        5  100.00                         -  
--------------------------------------------------------------------------
 RC Clock Gating Instances           5  100.00                     50.00  
 Non-RC Clock Gating Instances       0    0.00                      0.00  
--------------------------------------------------------------------------
 RC Gated Flip-flops               632   99.22                     50.00  
 Non-RC Gated Flip-flops             0    0.00                      0.00  
--------------------------------------------------------------------------
 Total Gated Flip-flops            632   99.22                         -  
 Total Ungated Flip-flops            5    0.78                         -  
 Enable signal is constant           5  100.00                         -  
--------------------------------------------------------------------------
 Total Flip-flops                  637  100.00                         -  
--------------------------------------------------------------------------
Multibit Flip-flop Summary
--------------------------
-------------------------------------------------------
Width     Number     Bits     RC Gated     Ungated     
-------------------------------------------------------
1-bit     637        637      632 (99.22%) 5 (0.78%)   
-------------------------------------------------------


