============================================================
  Generated by:           Genus(TM) Synthesis Solution 25.12-s067_1
  Generated on:           Sep 27 2026  11:35:01 pm
  Operating conditions:   ss_typical_max_0p90v_125c (balanced_tree)
  Wireload mode:          top
  Area mode:              timing library
============================================================

                                                                                         
        Gate          Instances    Area                       Library                    
-----------------------------------------------------------------------------------------
ADDFH_X1M_A9TL              158  1763.280 sc9_cln65lp_base_lvt_ss_typical_max_0p90v_125c 
ADDFH_X2M_A9TL               60   712.800 sc9_cln65lp_base_lvt_ss_typical_max_0p90v_125c 
ADDF_X1M_A9TL               646  5116.320 sc9_cln65lp_base_lvt_ss_typical_max_0p90v_125c 
ADDF_X1P4M_A9TL              23   215.280 sc9_cln65lp_base_lvt_ss_typical_max_0p90v_125c 
ADDF_X2M_A9TL                 1     9.360 sc9_cln65lp_base_lvt_ss_typical_max_0p90v_125c 
ADDH_X1M_A9TL                37   173.160 sc9_cln65lp_base_lvt_ss_typical_max_0p90v_125c 
ADDH_X1P4M_A9TL               2    11.520 sc9_cln65lp_base_lvt_ss_typical_max_0p90v_125c 
ADDH_X2M_A9TL                 1     5.760 sc9_cln65lp_base_lvt_ss_typical_max_0p90v_125c 
AND2_X1M_A9TL               795  1431.000 sc9_cln65lp_base_lvt_ss_typical_max_0p90v_125c 
AND2_X2M_A9TL                21    52.920 sc9_cln65lp_base_lvt_ss_typical_max_0p90v_125c 
AND2_X3M_A9TL                21    83.160 sc9_cln65lp_base_lvt_ss_typical_max_0p90v_125c 
AND3_X1M_A9TL                14    35.280 sc9_cln65lp_base_lvt_ss_typical_max_0p90v_125c 
AND3_X2M_A9TL                 8    34.560 sc9_cln65lp_base_lvt_ss_typical_max_0p90v_125c 
AO1B2_X1M_A9TL               17    42.840 sc9_cln65lp_base_lvt_ss_typical_max_0p90v_125c 
AO1B2_X2M_A9TL               30   108.000 sc9_cln65lp_base_lvt_ss_typical_max_0p90v_125c 
AO1B2_X3M_A9TL                3    16.200 sc9_cln65lp_base_lvt_ss_typical_max_0p90v_125c 
AO1B2_X4M_A9TL                9    55.080 sc9_cln65lp_base_lvt_ss_typical_max_0p90v_125c 
AO21B_X1M_A9TL               58   146.160 sc9_cln65lp_base_lvt_ss_typical_max_0p90v_125c 
AO21B_X2M_A9TL               15    54.000 sc9_cln65lp_base_lvt_ss_typical_max_0p90v_125c 
AO21B_X3M_A9TL                3    16.200 sc9_cln65lp_base_lvt_ss_typical_max_0p90v_125c 
AO21B_X4M_A9TL                2    12.240 sc9_cln65lp_base_lvt_ss_typical_max_0p90v_125c 
AO21_X1M_A9TL                17    48.960 sc9_cln65lp_base_lvt_ss_typical_max_0p90v_125c 
AO22_X1M_A9TL                 3     9.720 sc9_cln65lp_base_lvt_ss_typical_max_0p90v_125c 
AO22_X2M_A9TL                 1     5.760 sc9_cln65lp_base_lvt_ss_typical_max_0p90v_125c 
AOI211_X0P7M_A9TL             2     5.040 sc9_cln65lp_base_lvt_ss_typical_max_0p90v_125c 
AOI211_X1M_A9TL              14    35.280 sc9_cln65lp_base_lvt_ss_typical_max_0p90v_125c 
AOI211_X2M_A9TL               1     4.320 sc9_cln65lp_base_lvt_ss_typical_max_0p90v_125c 
AOI21B_X1M_A9TL              24    69.120 sc9_cln65lp_base_lvt_ss_typical_max_0p90v_125c 
AOI21B_X2M_A9TL               8    34.560 sc9_cln65lp_base_lvt_ss_typical_max_0p90v_125c 
AOI21B_X3M_A9TL               2    11.520 sc9_cln65lp_base_lvt_ss_typical_max_0p90v_125c 
AOI21_X1M_A9TL              136   293.760 sc9_cln65lp_base_lvt_ss_typical_max_0p90v_125c 
AOI21_X2M_A9TL               73   262.800 sc9_cln65lp_base_lvt_ss_typical_max_0p90v_125c 
AOI21_X3M_A9TL               21    98.280 sc9_cln65lp_base_lvt_ss_typical_max_0p90v_125c 
AOI21_X4M_A9TL                2    12.240 sc9_cln65lp_base_lvt_ss_typical_max_0p90v_125c 
AOI21_X6M_A9TL                1     9.000 sc9_cln65lp_base_lvt_ss_typical_max_0p90v_125c 
AOI22_X1M_A9TL                4    10.080 sc9_cln65lp_base_lvt_ss_typical_max_0p90v_125c 
AOI22_X2M_A9TL                4    17.280 sc9_cln65lp_base_lvt_ss_typical_max_0p90v_125c 
AOI22_X4M_A9TL                1     8.280 sc9_cln65lp_base_lvt_ss_typical_max_0p90v_125c 
AOI2XB1_X0P7M_A9TL            9    25.920 sc9_cln65lp_base_lvt_ss_typical_max_0p90v_125c 
AOI2XB1_X1M_A9TL             11    31.680 sc9_cln65lp_base_lvt_ss_typical_max_0p90v_125c 
AOI2XB1_X2M_A9TL             28   120.960 sc9_cln65lp_base_lvt_ss_typical_max_0p90v_125c 
AOI2XB1_X3M_A9TL              9    51.840 sc9_cln65lp_base_lvt_ss_typical_max_0p90v_125c 
AOI31_X2M_A9TL                2     8.640 sc9_cln65lp_base_lvt_ss_typical_max_0p90v_125c 
AOI31_X3M_A9TL                6    36.720 sc9_cln65lp_base_lvt_ss_typical_max_0p90v_125c 
BUFH_X0P7M_A9TL               1     1.440 sc9_cln65lp_base_lvt_ss_typical_max_0p90v_125c 
CGENCIN_X1M_A9TL              9    64.800 sc9_cln65lp_base_lvt_ss_typical_max_0p90v_125c 
CGENI_X1M_A9TL               42   120.960 sc9_cln65lp_base_lvt_ss_typical_max_0p90v_125c 
CGENI_X2M_A9TL               28   151.200 sc9_cln65lp_base_lvt_ss_typical_max_0p90v_125c 
CGEN_X1M_A9TL                 1     3.600 sc9_cln65lp_base_lvt_ss_typical_max_0p90v_125c 
CGEN_X2M_A9TL                 6    23.760 sc9_cln65lp_base_lvt_ss_typical_max_0p90v_125c 
DFFRPQN_X1M_A9TL             24   198.720 sc9_cln65lp_base_lvt_ss_typical_max_0p90v_125c 
DFFRPQ_X0P5M_A9TL            40   345.600 sc9_cln65lp_base_lvt_ss_typical_max_0p90v_125c 
DFFRPQ_X1M_A9TL             237  2047.680 sc9_cln65lp_base_lvt_ss_typical_max_0p90v_125c 
DFFRPQ_X1M_A9TR              16   138.240 sc9_cln65lp_base_rvt_ss_typical_max_0p90v_125c 
DFFRPQ_X2M_A9TL             257  2313.000 sc9_cln65lp_base_lvt_ss_typical_max_0p90v_125c 
DFFRPQ_X3M_A9TL              24   224.640 sc9_cln65lp_base_lvt_ss_typical_max_0p90v_125c 
DFFRPQ_X4M_A9TL              23   231.840 sc9_cln65lp_base_lvt_ss_typical_max_0p90v_125c 
INV_X0P8M_A9TL               58    62.640 sc9_cln65lp_base_lvt_ss_typical_max_0p90v_125c 
INV_X1M_A9TL                306   330.480 sc9_cln65lp_base_lvt_ss_typical_max_0p90v_125c 
INV_X1P4M_A9TL                4     5.760 sc9_cln65lp_base_lvt_ss_typical_max_0p90v_125c 
INV_X2M_A9TL                 63    90.720 sc9_cln65lp_base_lvt_ss_typical_max_0p90v_125c 
INV_X3M_A9TL                  9    19.440 sc9_cln65lp_base_lvt_ss_typical_max_0p90v_125c 
INV_X4M_A9TL                  4    10.080 sc9_cln65lp_base_lvt_ss_typical_max_0p90v_125c 
INV_X5M_A9TL                  3     8.640 sc9_cln65lp_base_lvt_ss_typical_max_0p90v_125c 
INV_X6M_A9TL                  2     7.200 sc9_cln65lp_base_lvt_ss_typical_max_0p90v_125c 
MXIT2_X0P5M_A9TL              8    25.920 sc9_cln65lp_base_lvt_ss_typical_max_0p90v_125c 
MXIT2_X1M_A9TL               61   219.600 sc9_cln65lp_base_lvt_ss_typical_max_0p90v_125c 
MXIT2_X2M_A9TL               15    97.200 sc9_cln65lp_base_lvt_ss_typical_max_0p90v_125c 
MXT2_X0P7M_A9TL               1     3.600 sc9_cln65lp_base_lvt_ss_typical_max_0p90v_125c 
NAND2B_X1M_A9TL             101   218.160 sc9_cln65lp_base_lvt_ss_typical_max_0p90v_125c 
NAND2B_X2M_A9TL               4    11.520 sc9_cln65lp_base_lvt_ss_typical_max_0p90v_125c 
NAND2B_X3M_A9TL               1     3.960 sc9_cln65lp_base_lvt_ss_typical_max_0p90v_125c 
NAND2XB_X1M_A9TL             50   108.000 sc9_cln65lp_base_lvt_ss_typical_max_0p90v_125c 
NAND2XB_X2M_A9TL              4    11.520 sc9_cln65lp_base_lvt_ss_typical_max_0p90v_125c 
NAND2XB_X3M_A9TL              4    15.840 sc9_cln65lp_base_lvt_ss_typical_max_0p90v_125c 
NAND2XB_X4M_A9TL              1     4.680 sc9_cln65lp_base_lvt_ss_typical_max_0p90v_125c 
NAND2_X1A_A9TL              351   505.440 sc9_cln65lp_base_lvt_ss_typical_max_0p90v_125c 
NAND2_X1B_A9TL               62    89.280 sc9_cln65lp_base_lvt_ss_typical_max_0p90v_125c 
NAND2_X1M_A9TL              353   508.320 sc9_cln65lp_base_lvt_ss_typical_max_0p90v_125c 
NAND2_X1P4M_A9TL             62   133.920 sc9_cln65lp_base_lvt_ss_typical_max_0p90v_125c 
NAND2_X2A_A9TL               30    75.600 sc9_cln65lp_base_lvt_ss_typical_max_0p90v_125c 
NAND2_X2M_A9TL                4    10.080 sc9_cln65lp_base_lvt_ss_typical_max_0p90v_125c 
NAND2_X3A_A9TL               14    50.400 sc9_cln65lp_base_lvt_ss_typical_max_0p90v_125c 
NAND2_X4M_A9TL               24    95.040 sc9_cln65lp_base_lvt_ss_typical_max_0p90v_125c 
NAND2_X6B_A9TL                1     6.120 sc9_cln65lp_base_lvt_ss_typical_max_0p90v_125c 
NAND2_X6M_A9TL                1     6.120 sc9_cln65lp_base_lvt_ss_typical_max_0p90v_125c 
NAND3B_X1M_A9TL              10    25.200 sc9_cln65lp_base_lvt_ss_typical_max_0p90v_125c 
NAND3B_X1P4M_A9TL             1     3.600 sc9_cln65lp_base_lvt_ss_typical_max_0p90v_125c 
NAND3B_X3M_A9TL               1     5.040 sc9_cln65lp_base_lvt_ss_typical_max_0p90v_125c 
NAND3XXB_X1M_A9TL             7    17.640 sc9_cln65lp_base_lvt_ss_typical_max_0p90v_125c 
NAND3XXB_X1P4M_A9TL           8    28.800 sc9_cln65lp_base_lvt_ss_typical_max_0p90v_125c 
NAND3XXB_X2M_A9TL             2     7.920 sc9_cln65lp_base_lvt_ss_typical_max_0p90v_125c 
NAND3XXB_X3M_A9TL             3    15.120 sc9_cln65lp_base_lvt_ss_typical_max_0p90v_125c 
NAND3XXB_X4M_A9TL            15    91.800 sc9_cln65lp_base_lvt_ss_typical_max_0p90v_125c 
NAND3_X1A_A9TL                1     2.160 sc9_cln65lp_base_lvt_ss_typical_max_0p90v_125c 
NAND3_X1M_A9TL                4     8.640 sc9_cln65lp_base_lvt_ss_typical_max_0p90v_125c 
NAND3_X2A_A9TL                1     3.240 sc9_cln65lp_base_lvt_ss_typical_max_0p90v_125c 
NAND3_X2M_A9TL               20    64.800 sc9_cln65lp_base_lvt_ss_typical_max_0p90v_125c 
NAND3_X3M_A9TL               19    88.920 sc9_cln65lp_base_lvt_ss_typical_max_0p90v_125c 
NAND3_X4M_A9TL                1     5.760 sc9_cln65lp_base_lvt_ss_typical_max_0p90v_125c 
NAND3_X6A_A9TL                8    63.360 sc9_cln65lp_base_lvt_ss_typical_max_0p90v_125c 
NAND4XXXB_X1P4M_A9TL          1     3.600 sc9_cln65lp_base_lvt_ss_typical_max_0p90v_125c 
NAND4_X1A_A9TL                1     2.520 sc9_cln65lp_base_lvt_ss_typical_max_0p90v_125c 
NAND4_X2A_A9TL                1     3.960 sc9_cln65lp_base_lvt_ss_typical_max_0p90v_125c 
NAND4_X3A_A9TL                1     5.760 sc9_cln65lp_base_lvt_ss_typical_max_0p90v_125c 
NOR2B_X1M_A9TL               54   116.640 sc9_cln65lp_base_lvt_ss_typical_max_0p90v_125c 
NOR2B_X3M_A9TL                1     3.600 sc9_cln65lp_base_lvt_ss_typical_max_0p90v_125c 
NOR2XB_X0P5M_A9TL             1     2.160 sc9_cln65lp_base_lvt_ss_typical_max_0p90v_125c 
NOR2XB_X0P7M_A9TL            17    36.720 sc9_cln65lp_base_lvt_ss_typical_max_0p90v_125c 
NOR2XB_X1M_A9TL              22    47.520 sc9_cln65lp_base_lvt_ss_typical_max_0p90v_125c 
NOR2XB_X2M_A9TL               9    25.920 sc9_cln65lp_base_lvt_ss_typical_max_0p90v_125c 
NOR2_X1A_A9TL               106   152.640 sc9_cln65lp_base_lvt_ss_typical_max_0p90v_125c 
NOR2_X1B_A9TL               149   214.560 sc9_cln65lp_base_lvt_ss_typical_max_0p90v_125c 
NOR2_X1M_A9TL                57    82.080 sc9_cln65lp_base_lvt_ss_typical_max_0p90v_125c 
NOR2_X1P4A_A9TL              64   138.240 sc9_cln65lp_base_lvt_ss_typical_max_0p90v_125c 
NOR2_X1P4B_A9TL              11    23.760 sc9_cln65lp_base_lvt_ss_typical_max_0p90v_125c 
NOR2_X1P4M_A9TL               1     2.160 sc9_cln65lp_base_lvt_ss_typical_max_0p90v_125c 
NOR2_X2A_A9TL                54   136.080 sc9_cln65lp_base_lvt_ss_typical_max_0p90v_125c 
NOR2_X3A_A9TL                20    64.800 sc9_cln65lp_base_lvt_ss_typical_max_0p90v_125c 
NOR2_X4M_A9TL                 1     3.960 sc9_cln65lp_base_lvt_ss_typical_max_0p90v_125c 
NOR3_X1M_A9TL                 6    12.960 sc9_cln65lp_base_lvt_ss_typical_max_0p90v_125c 
NOR3_X2A_A9TL                 1     3.240 sc9_cln65lp_base_lvt_ss_typical_max_0p90v_125c 
NOR3_X3M_A9TL                 8    37.440 sc9_cln65lp_base_lvt_ss_typical_max_0p90v_125c 
OA211_X0P7M_A9TL              2     6.480 sc9_cln65lp_base_lvt_ss_typical_max_0p90v_125c 
OA21_X1M_A9TL                44   126.720 sc9_cln65lp_base_lvt_ss_typical_max_0p90v_125c 
OA21_X1P4M_A9TL               1     3.960 sc9_cln65lp_base_lvt_ss_typical_max_0p90v_125c 
OA21_X2M_A9TL                 1     4.680 sc9_cln65lp_base_lvt_ss_typical_max_0p90v_125c 
OA22_X1M_A9TL                16    51.840 sc9_cln65lp_base_lvt_ss_typical_max_0p90v_125c 
OA22_X1P4M_A9TL               1     5.040 sc9_cln65lp_base_lvt_ss_typical_max_0p90v_125c 
OAI211_X1M_A9TL              23    57.960 sc9_cln65lp_base_lvt_ss_typical_max_0p90v_125c 
OAI211_X2M_A9TL               1     4.320 sc9_cln65lp_base_lvt_ss_typical_max_0p90v_125c 
OAI21B_X1M_A9TL               8    23.040 sc9_cln65lp_base_lvt_ss_typical_max_0p90v_125c 
OAI21B_X3M_A9TL               8    46.080 sc9_cln65lp_base_lvt_ss_typical_max_0p90v_125c 
OAI21_X1M_A9TL               48   103.680 sc9_cln65lp_base_lvt_ss_typical_max_0p90v_125c 
OAI21_X1P4M_A9TL             30    97.200 sc9_cln65lp_base_lvt_ss_typical_max_0p90v_125c 
OAI21_X2M_A9TL               49   176.400 sc9_cln65lp_base_lvt_ss_typical_max_0p90v_125c 
OAI21_X3M_A9TL               25   117.000 sc9_cln65lp_base_lvt_ss_typical_max_0p90v_125c 
OAI21_X6M_A9TL                1     8.280 sc9_cln65lp_base_lvt_ss_typical_max_0p90v_125c 
OAI221_X1M_A9TL               8    25.920 sc9_cln65lp_base_lvt_ss_typical_max_0p90v_125c 
OAI221_X2M_A9TL               8    46.080 sc9_cln65lp_base_lvt_ss_typical_max_0p90v_125c 
OAI22_X1M_A9TL               24    60.480 sc9_cln65lp_base_lvt_ss_typical_max_0p90v_125c 
OAI22_X1P4M_A9TL              2     7.920 sc9_cln65lp_base_lvt_ss_typical_max_0p90v_125c 
OAI2XB1_X0P5M_A9TL            2     5.040 sc9_cln65lp_base_lvt_ss_typical_max_0p90v_125c 
OAI2XB1_X1M_A9TL             18    51.840 sc9_cln65lp_base_lvt_ss_typical_max_0p90v_125c 
OAI2XB1_X1P4M_A9TL            2     7.200 sc9_cln65lp_base_lvt_ss_typical_max_0p90v_125c 
OAI2XB1_X2M_A9TL              1     4.320 sc9_cln65lp_base_lvt_ss_typical_max_0p90v_125c 
OAI2XB1_X6M_A9TL              1     9.360 sc9_cln65lp_base_lvt_ss_typical_max_0p90v_125c 
OAI31_X1M_A9TL                4    10.080 sc9_cln65lp_base_lvt_ss_typical_max_0p90v_125c 
OAI31_X3M_A9TL                1     6.120 sc9_cln65lp_base_lvt_ss_typical_max_0p90v_125c 
OR2_X0P5M_A9TL              108   194.400 sc9_cln65lp_base_lvt_ss_typical_max_0p90v_125c 
OR2_X1M_A9TL                 29    62.640 sc9_cln65lp_base_lvt_ss_typical_max_0p90v_125c 
OR2_X1P4M_A9TL               24    60.480 sc9_cln65lp_base_lvt_ss_typical_max_0p90v_125c 
OR2_X2M_A9TL                 28    90.720 sc9_cln65lp_base_lvt_ss_typical_max_0p90v_125c 
OR2_X3M_A9TL                  2     7.200 sc9_cln65lp_base_lvt_ss_typical_max_0p90v_125c 
OR2_X6M_A9TL                  1     6.840 sc9_cln65lp_base_lvt_ss_typical_max_0p90v_125c 
OR3_X0P5M_A9TL                4    10.080 sc9_cln65lp_base_lvt_ss_typical_max_0p90v_125c 
OR4_X1M_A9TL                  1     3.600 sc9_cln65lp_base_lvt_ss_typical_max_0p90v_125c 
OR6_X0P7M_A9TL                1     4.680 sc9_cln65lp_base_lvt_ss_typical_max_0p90v_125c 
PREICG_X0P5B_A9TR             5    32.400 sc9_cln65lp_base_rvt_ss_typical_max_0p90v_125c 
SDFFRPQ_X1M_A9TL              8    83.520 sc9_cln65lp_base_lvt_ss_typical_max_0p90v_125c 
SDFFRPQ_X2M_A9TL              8    89.280 sc9_cln65lp_base_lvt_ss_typical_max_0p90v_125c 
XNOR2_X0P7M_A9TL             61   197.640 sc9_cln65lp_base_lvt_ss_typical_max_0p90v_125c 
XNOR2_X1M_A9TL               23    82.800 sc9_cln65lp_base_lvt_ss_typical_max_0p90v_125c 
XNOR2_X2M_A9TL               35   214.200 sc9_cln65lp_base_lvt_ss_typical_max_0p90v_125c 
XNOR2_X3M_A9TL                2    15.840 sc9_cln65lp_base_lvt_ss_typical_max_0p90v_125c 
XNOR3_X0P5M_A9TL             16    97.920 sc9_cln65lp_base_lvt_ss_typical_max_0p90v_125c 
XNOR3_X1M_A9TL                1     6.480 sc9_cln65lp_base_lvt_ss_typical_max_0p90v_125c 
XOR2_X0P7M_A9TL             179   579.960 sc9_cln65lp_base_lvt_ss_typical_max_0p90v_125c 
XOR2_X1M_A9TL                35   126.000 sc9_cln65lp_base_lvt_ss_typical_max_0p90v_125c 
XOR2_X2M_A9TL                40   244.800 sc9_cln65lp_base_lvt_ss_typical_max_0p90v_125c 
XOR2_X3M_A9TL                 6    47.520 sc9_cln65lp_base_lvt_ss_typical_max_0p90v_125c 
XOR3_X1M_A9TL                 2    12.960 sc9_cln65lp_base_lvt_ss_typical_max_0p90v_125c 
-----------------------------------------------------------------------------------------
total                      6247 24798.960                                                
                                                                               
                    Library                    Instances    Area   Instances % 
-------------------------------------------------------------------------------
sc9_cln65lp_base_lvt_ss_typical_max_0p90v_125c      6226 24628.320        99.7 
sc9_cln65lp_base_rvt_ss_typical_max_0p90v_125c        21   170.640         0.3 
                                                        
            Type             Instances    Area   Area % 
--------------------------------------------------------
sequential                         637  5672.520   22.9 
inverter                           449   534.960    2.2 
buffer                               1     1.440    0.0 
clock_gating_integrated_cell         5    32.400    0.1 
logic                             5155 18557.640   74.8 
physical_cells                       0     0.000    0.0 
--------------------------------------------------------
total                             6247 24798.960  100.0 
