============================================================
  Generated by:           Genus(TM) Synthesis Solution 25.12-s067_1
  Generated on:           Sep 27 2026  11:35:05 pm
  Module:                 ibert_gelu
  Operating conditions:   ss_typical_max_0p90v_125c (balanced_tree)
  Wireload mode:          top
  Area mode:              timing library
============================================================

Timing
--------

Clock Period 
-------------
clk   3300.0 


        Cost          Critical         Violating 
       Group         Path Slack  TNS     Paths   
-------------------------------------------------
cg_enable_group_clk      1962.5   0.0          0 
clk                    No paths   0.0            
default                No paths   0.0            
in2out                 No paths   0.0            
in2reg                   2078.4   0.0          0 
reg2out                  1731.2   0.0          0 
reg2reg                     0.0   0.0          0 
-------------------------------------------------
Total                             0.0          0 

Instance Count
--------------
Leaf Instance Count             6247 
Physical Instance count            0 
Sequential Instance Count        642 
Combinational Instance Count    5605 
Hierarchical Instance Count        5 

Area
----
Cell Area                          24798.960
Physical Cell Area                 0.000
Total Cell Area (Cell+Physical)    24798.960
Net Area                           0.000
Total Area (Cell+Physical+Net)     24798.960

Max Fanout                         208 (rc_gclk)
Min Fanout                         0 (n_56)
Average Fanout                     2.0
Terms to net ratio                 3.0643
Terms to instance ratio            3.5411
Runtime                            543.033733 seconds
Elapsed Runtime                    530 seconds
Genus peak memory usage            2571.16 
Innovus peak memory usage          no_value 
Hostname                           enicsw14.local
