============================================================
  Generated by:           Genus(TM) Synthesis Solution 25.12-s067_1
  Generated on:           Mar 16 2026  06:07:26 pm
  Module:                 softmax_base
  Operating conditions:   ss_typical_max_0p90v_125c (balanced_tree)
  Wireload mode:          top
  Area mode:              timing library
============================================================

 
  Hierarchy Report Format : 
 
    level instance ( module ) <status>
 
    status :    preserve_<value> -- indicating preserve hierachy or inherited_preserve value
           :    blackbox --  indicating  unresolved instance
 
==================================================================

 0 softmax_base
  1 dsp_mac ( vec_mac_dsp48_N8_W8_ACC_W32 ) 
     2 RC_CG_HIER_INST0 ( RC_CG_MOD ) 
     2 RC_CG_HIER_INST1 ( RC_CG_MOD_1 ) 
  1 u_decompose ( exp_x_minus_xmax_NUM_INPUTS8_DATA_WIDTH8_ITER1 ) 
     2 u_max_tree ( pipelined_max_tree_NUM_INPUTS8_DATA_WIDTH8 ) 
  1 u_reciprocal_u_exp_qd ( quadratic_divider ) 
