============================================================
  Generated by:           Genus(TM) Synthesis Solution 25.12-s067_1
  Generated on:           Apr 11 2026  01:07:27 pm
  Module:                 transformer_core_top
  Operating conditions:   ss_typical_max_0p90v_125c (balanced_tree)
  Wireload mode:          top
  Area mode:              timing library
============================================================


Path 1: VIOLATED (-7740 ps) Setup Check with Pin u_datapath/u_mac_engine/b_reg_reg[0][7]/clk->d
          Group: in2reg
     Startpoint: (R) host_opcode[3]
          Clock: (R) clk
       Endpoint: (R) u_datapath/u_mac_engine/b_reg_reg[0][7]/d
          Clock: (R) clk

                     Capture       Launch     
        Clock Edge:+    5000            0     
        Drv Adjust:+       0           17     
       Src Latency:+       0            0     
       Net Latency:+       0 (I)        0 (I) 
           Arrival:=    5000           17     
                                              
             Setup:-     164                  
       Uncertainty:-     125                  
     Required Time:=    4711                  
      Launch Clock:-      17                  
       Input Delay:-    1500                  
         Data Path:-   10934                  
             Slack:=   -7740                  

Exceptions/Constraints:
  input_delay             1500            transformer_core_top_line_16_2_1   

#-------------------------------------------------------------------------------------------------------------------------------
#                       Timing Point                        Flags     Arc    Edge       Cell         Fanout Trans Delay Arrival 
#                                                                                                            (ps)  (ps)   (ps)  
#-------------------------------------------------------------------------------------------------------------------------------
  host_opcode[3]                                            (u)     -        R     (arrival)              4    55     0    1517 
  u_ctrl/ctl_36_15/g5/z                                     (u)     in_0->z  F     unmapped_not           4     0    66    1583 
  u_ctrl/ctl_36_15/g12/z                                    (u)     in_0->z  R     unmapped_nand2         4     0    90    1673 
  u_ctrl/ctl_36_15/g9/z                                     (u)     in_1->z  F     unmapped_nor2         19     0   152    1826 
  u_ctrl/mux_cmbsop_current_uop[mac_clear_acc]_36_15/g14/z  (u)     sel2->z  F     unmapped_mux11         4     0   270    2096 
  u_ctrl/mux_ctrl_bus[tr_shift_mode]_176_15/g2/z            (u)     data4->z F     unmapped_bmux8        85     0   427    2523 
  u_datapath/eq_184_44/g1/z                                 (u)     in_0->z  R     unmapped_xnor2         1     0   118    2641 
  u_datapath/eq_184_44/g3/z                                 (u)     in_1->z  F     unmapped_nand2         1     0    61    2702 
  u_datapath/eq_184_44/g4/z                                 (u)     in_0->z  R     unmapped_not          17     0   124    2825 
  u_datapath/mux_185_31/g2/z                                (u)     sel0->z  F     unmapped_bmux2         4     0   148    2973 
  u_datapath/u_tr_array/u_ln_0_20b/ctl_xq_32_17/g193/z      (u)     in_0->z  R     unmapped_not           5     0    72    3045 
  u_datapath/u_tr_array/u_ln_0_20b/ctl_xq_32_17/g66/z       (u)     in_0->z  F     unmapped_nand4         9     0   162    3207 
  u_datapath/u_tr_array/u_ln_0_20b/ctl_xq_32_17/g134/z      (u)     in_1->z  R     unmapped_nor4          4     0   136    3343 
  u_datapath/u_tr_array/u_ln_0_20b/ctl_xq_32_17/g152/z      (u)     in_0->z  F     unmapped_nand2         1     0    61    3404 
  u_datapath/u_tr_array/u_ln_0_20b/ctl_xq_32_17/g179/z      (u)     in_0->z  R     unmapped_not           6     0    76    3480 
  u_datapath/u_tr_array/u_ln_0_20b/mux_msb_32_17/g5/z       (u)     sel18->z R     unmapped_mux21         4     0   317    3797 
  u_datapath/u_tr_array/u_ln_0_20b/sub_38_41/g6/z           (u)     in_0->z  F     unmapped_not           1     0    37    3833 
  u_datapath/u_tr_array/u_ln_0_20b/sub_38_41/g8/z           (u)     in_1->z  R     unmapped_xor2          1     0   118    3952 
  u_datapath/u_tr_array/u_ln_0_20b/sub_38_41/g46/z          (u)     in_0->z  F     unmapped_not          21     0   133    4084 
  u_datapath/u_tr_array/u_ln_0_20b/sll_38_27/g1/z           (u)     in_0->z  R     unmapped_not          19     0   128    4212 
  u_datapath/u_tr_array/u_ln_0_20b/sll_38_27/g123/z         (u)     sel0->z  R     unmapped_mux2          2     0   117    4329 
  u_datapath/u_tr_array/u_ln_0_20b/sll_38_27/g141/z         (u)     data1->z R     unmapped_mux2          2     0   117    4446 
  u_datapath/u_tr_array/u_ln_0_20b/sll_38_27/g157/z         (u)     data1->z R     unmapped_mux2          2     0   117    4563 
  u_datapath/u_tr_array/u_ln_0_20b/sll_38_27/g169/z         (u)     data1->z R     unmapped_mux2          1     0   103    4667 
  u_datapath/u_tr_array/u_ln_0_20b/sll_38_27/g220/z         (u)     in_1->z  R     unmapped_complex2      1     0    61    4727 
  u_datapath/u_tr_array/u_ln_0_20b/mux_38_27/g5/z           (u)     data0->z R     unmapped_bmux2         2     0   132    4859 
  u_datapath/u_tr_array/u_ln_0_20b/add_52_26/g15/z          (u)     in_0->z  F     unmapped_nor2          2     0    74    4933 
  u_datapath/u_tr_array/u_ln_0_20b/add_52_26/g87/z          (u)     in_0->z  R     unmapped_not           2     0    50    4984 
  u_datapath/u_tr_array/u_ln_0_20b/add_52_26/g129/z         (u)     in_0->z  F     unmapped_nand2         1     0    61    5044 
  u_datapath/u_tr_array/u_ln_0_20b/add_52_26/g130/z         (u)     in_1->z  R     unmapped_xnor2         6     0   157    5202 
  u_datapath/u_tr_array/u_ln_0_20b/add_55_34/g9/z           (u)     in_1->z  F     unmapped_nor2          1     0    61    5262 
  u_datapath/u_tr_array/u_ln_0_20b/add_55_34/g35/z          (u)     in_0->z  R     unmapped_not           2     0    50    5313 
  u_datapath/u_tr_array/u_ln_0_20b/add_55_34/g36/z          (u)     in_1->z  F     unmapped_nand2         1     0    61    5374 
  u_datapath/u_tr_array/u_ln_0_20b/add_55_34/g37/z          (u)     in_1->z  R     unmapped_nand2         3     0    82    5455 
  u_datapath/u_tr_array/u_ln_0_20b/add_55_34/g65/z          (u)     in_1->z  F     unmapped_nand2         1     0    61    5516 
  u_datapath/u_tr_array/u_ln_0_20b/add_55_34/g66/z          (u)     in_1->z  R     unmapped_nand2         5     0    96    5612 
  u_datapath/u_tr_array/u_ln_0_20b/add_55_34/g88/z          (u)     in_0->z  F     unmapped_nand2         1     0    61    5672 
  u_datapath/u_tr_array/u_ln_0_20b/add_55_34/g89/z          (u)     in_1->z  R     unmapped_nand2         1     0    61    5733 
  u_datapath/u_tr_array/u_ln_0_20b/add_55_34/g133/z         (u)     in_0->z  R     unmapped_xnor2         2     0   132    5865 
  u_datapath/u_tr_array/u_ln_0_20b/add_55_51/g17/z          (u)     in_0->z  F     unmapped_nor2          3     0    82    5946 
  u_datapath/u_tr_array/u_ln_0_20b/add_55_51/g42/z          (u)     in_1->z  R     unmapped_nor2          1     0    61    6007 
  u_datapath/u_tr_array/u_ln_0_20b/add_55_51/g44/z          (u)     in_0->z  F     unmapped_nor2          3     0    82    6088 
  u_datapath/u_tr_array/u_ln_0_20b/add_55_51/g67/z          (u)     in_1->z  R     unmapped_nor2          1     0    61    6149 
  u_datapath/u_tr_array/u_ln_0_20b/add_55_51/g69/z          (u)     in_0->z  F     unmapped_nor2          1     0    61    6210 
  u_datapath/u_tr_array/u_ln_0_20b/add_55_51/g94/z          (u)     in_0->z  R     unmapped_nand2         1     0    61    6271 
  u_datapath/u_tr_array/u_ln_0_20b/add_55_51/g138/z         (u)     in_0->z  F     unmapped_xnor2         4     0   148    6419 
  u_datapath/u_tr_array/minus_58_41/g8/z                    (u)     in_0->z  R     unmapped_not           2     0    50    6469 
  u_datapath/u_tr_array/minus_58_41/g37/z                   (u)     in_1->z  F     unmapped_nor2          3     0    82    6550 
  u_datapath/u_tr_array/minus_58_41/g112/z                  (u)     in_0->z  R     unmapped_not           2     0    50    6600 
  u_datapath/u_tr_array/minus_58_41/g113/z                  (u)     in_1->z  F     unmapped_nand2         1     0    61    6661 
  u_datapath/u_tr_array/minus_58_41/g154/z                  (u)     in_0->z  R     unmapped_not           1     0    37    6698 
  u_datapath/u_tr_array/minus_58_41/g155/z                  (u)     in_1->z  F     unmapped_nand2         1     0    61    6759 
  u_datapath/u_tr_array/minus_58_41/g156/z                  (u)     in_1->z  R     unmapped_nand2         1     0    61    6820 
  u_datapath/u_tr_array/minus_58_41/g223/z                  (u)     in_0->z  F     unmapped_xnor2         1     0   118    6938 
  u_datapath/u_tr_array/mux_l0_shift_out_20b_56_15/g13/z    (u)     data2->z F     unmapped_bmux4         1     0   218    7156 
  u_datapath/u_tr_array/mux_64_28/g13/z                     (u)     data1->z F     unmapped_bmux2        31     0   195    7351 
  u_datapath/u_tr_array/u_exp_0_20b/u_quad/mul_42_37/g57/z  (u)     in_1->z  R     unmapped_nand2         3     0    82    7433 
  u_datapath/u_tr_array/u_exp_0_20b/u_quad/mul_42_37/g179/z (u)     in_1->z  R     unmapped_xor2          1     0   118    7551 
  u_datapath/u_tr_array/u_exp_0_20b/u_quad/mul_42_37/g180/z (u)     in_0->z  R     unmapped_xor2          3     0   139    7690 
  u_datapath/u_tr_array/u_exp_0_20b/u_quad/mul_42_37/g197/z (u)     in_1->z  R     unmapped_xor2          1     0   118    7808 
  u_datapath/u_tr_array/u_exp_0_20b/u_quad/mul_42_37/g198/z (u)     in_0->z  R     unmapped_xor2          3     0   139    7946 
  u_datapath/u_tr_array/u_exp_0_20b/u_quad/mul_42_37/g204/z (u)     in_1->z  R     unmapped_xor2          2     0   132    8078 
  u_datapath/u_tr_array/u_exp_0_20b/u_quad/mul_42_37/g349/z (u)     in_1->z  F     unmapped_nor2          3     0    82    8160 
  u_datapath/u_tr_array/u_exp_0_20b/u_quad/mul_42_37/g377/z (u)     in_1->z  R     unmapped_nor2          2     0    74    8234 
  u_datapath/u_tr_array/u_exp_0_20b/u_quad/mul_42_37/g84/z  (u)     in_1->z  F     unmapped_nand2         1     0    61    8295 
  u_datapath/u_tr_array/u_exp_0_20b/u_quad/mul_42_37/g395/z (u)     in_0->z  R     unmapped_not           1     0    37    8331 
  u_datapath/u_tr_array/u_exp_0_20b/u_quad/mul_42_37/g396/z (u)     in_1->z  F     unmapped_nand2         1     0    61    8392 
  u_datapath/u_tr_array/u_exp_0_20b/u_quad/mul_42_37/g397/z (u)     in_1->z  R     unmapped_nand2         8     0   113    8505 
  u_datapath/u_tr_array/u_exp_0_20b/u_quad/mul_42_37/g414/z (u)     in_1->z  F     unmapped_nand2         1     0    61    8566 
  u_datapath/u_tr_array/u_exp_0_20b/u_quad/mul_42_37/g415/z (u)     in_1->z  R     unmapped_nand2         1     0    61    8627 
  u_datapath/u_tr_array/u_exp_0_20b/u_quad/mul_42_37/g450/z (u)     in_0->z  R     unmapped_xnor2         2     0   132    8758 
  u_datapath/u_tr_array/u_exp_0_20b/add_53_39/g6/z          (u)     in_1->z  F     unmapped_nor2          1     0    61    8819 
  u_datapath/u_tr_array/u_exp_0_20b/add_53_39/g22/z         (u)     in_0->z  R     unmapped_not           2     0    50    8870 
  u_datapath/u_tr_array/u_exp_0_20b/add_53_39/g23/z         (u)     in_1->z  F     unmapped_nand2         1     0    61    8930 
  u_datapath/u_tr_array/u_exp_0_20b/add_53_39/g24/z         (u)     in_1->z  R     unmapped_nand2         3     0    82    9012 
  u_datapath/u_tr_array/u_exp_0_20b/add_53_39/g40/z         (u)     in_1->z  F     unmapped_nand2         1     0    61    9073 
  u_datapath/u_tr_array/u_exp_0_20b/add_53_39/g41/z         (u)     in_1->z  R     unmapped_nand2         5     0    96    9168 
  u_datapath/u_tr_array/u_exp_0_20b/add_53_39/g58/z         (u)     in_0->z  F     unmapped_nand2         1     0    61    9229 
  u_datapath/u_tr_array/u_exp_0_20b/add_53_39/g59/z         (u)     in_1->z  R     unmapped_nand2         1     0    61    9290 
  u_datapath/u_tr_array/u_exp_0_20b/add_53_39/g82/z         (u)     in_0->z  R     unmapped_xnor2        28     0   230    9520 
  u_datapath/mul_216_43/g405/z                              (u)     in_1->z  F     unmapped_xor2         22     0   216    9737 
  u_datapath/mul_216_43/g407/z                              (u)     in_0->z  R     unmapped_not           1     0    37    9773 
  u_datapath/mul_216_43/g408/z                              (u)     in_0->z  R     unmapped_and2         21     0   157    9930 
  u_datapath/mul_216_43/g443/z                              (u)     in_1->z  F     unmapped_nand2         1     0    61    9991 
  u_datapath/mul_216_43/g444/z                              (u)     in_1->z  R     unmapped_nand2         3     0    82   10073 
  u_datapath/mul_216_43/g1538/z                             (u)     in_0->z  R     unmapped_xor2          1     0   118   10191 
  u_datapath/mul_216_43/g1539/z                             (u)     in_0->z  R     unmapped_xor2          3     0   139   10330 
  u_datapath/mul_216_43/g1550/z                             (u)     in_1->z  R     unmapped_xor2          1     0   118   10448 
  u_datapath/mul_216_43/g1551/z                             (u)     in_0->z  R     unmapped_xor2          3     0   139   10586 
  u_datapath/mul_216_43/g1562/z                             (u)     in_0->z  R     unmapped_xor2          1     0   118   10704 
  u_datapath/mul_216_43/g1563/z                             (u)     in_0->z  R     unmapped_xor2          2     0   132   10836 
  u_datapath/mul_216_43/g2480/z                             (u)     in_1->z  F     unmapped_nor2          3     0    82   10918 
  u_datapath/mul_216_43/g2552/z                             (u)     in_1->z  R     unmapped_nor2          2     0    74   10992 
  u_datapath/mul_216_43/g2624/z                             (u)     in_0->z  F     unmapped_not           1     0    37   11029 
  u_datapath/mul_216_43/g2625/z                             (u)     in_1->z  R     unmapped_nor2          1     0    61   11089 
  u_datapath/mul_216_43/g199/z                              (u)     in_0->z  F     unmapped_nor2          1     0    61   11150 
  u_datapath/mul_216_43/g2705/z                             (u)     in_0->z  R     unmapped_not           1     0    37   11187 
  u_datapath/mul_216_43/g2706/z                             (u)     in_1->z  F     unmapped_nor2          1     0    61   11248 
  u_datapath/mul_216_43/g2766/z                             (u)     in_0->z  R     unmapped_nand2        17     0   148   11395 
  u_datapath/mul_216_43/g2805/z                             (u)     in_0->z  F     unmapped_nand2         1     0    61   11456 
  u_datapath/mul_216_43/g401/z                              (u)     in_1->z  R     unmapped_nand2         1     0    61   11517 
  u_datapath/mul_216_43/g2897/z                             (u)     in_0->z  R     unmapped_xnor2         1     0   118   11635 
  u_datapath/add_218_48/g565/z                              (u)     in_0->z  F     unmapped_not           2     0    50   11685 
  u_datapath/add_218_48/g118/z                              (u)     in_1->z  R     unmapped_nor2          3     0    82   11767 
  u_datapath/add_218_48/g202/z                              (u)     in_0->z  F     unmapped_nand2         1     0    61   11828 
  u_datapath/add_218_48/g401/z                              (u)     in_0->z  R     unmapped_not           1     0    37   11864 
  u_datapath/add_218_48/g402/z                              (u)     in_1->z  F     unmapped_nand2         1     0    61   11925 
  u_datapath/add_218_48/g596/z                              (u)     in_0->z  R     unmapped_not           1     0    37   11962 
  u_datapath/add_218_48/g505/z                              (u)     in_0->z  R     unmapped_xnor2         8     0   170   12132 
  u_datapath/mux_mac_b_in[0]_237_19/g1/z                    (u)     data2->z R     unmapped_bmux8         1     0   318   12450 
  u_datapath/u_mac_engine/b_reg_reg[0][7]/d                 -       -        R     unmapped_d_flop        1     -     0   12450 
#-------------------------------------------------------------------------------------------------------------------------------

(u) : Net has unmapped pin(s).

