============================================================
  Generated by:           Genus(TM) Synthesis Solution 25.12-s067_1
  Generated on:           Sep 24 2026  06:03:24 pm
  Module:                 tr_nonlinear_vpu
  Operating conditions:   ss_typical_max_0p90v_125c (balanced_tree)
  Wireload mode:          top
  Area mode:              timing library
============================================================


Path 1: MET (0 ps) Setup Check with Pin vpu_data_out_reg[7][12]/CK->D
          Group: in2reg
     Startpoint: (F) sram_data_a[7][2]
          Clock: (R) clk
       Endpoint: (F) vpu_data_out_reg[7][12]/D
          Clock: (R) clk

                     Capture       Launch     
        Clock Edge:+    3300            0     
        Drv Adjust:+       0           24     
       Src Latency:+       0            0     
       Net Latency:+       0 (I)        0 (I) 
           Arrival:=    3300           24     
                                              
             Setup:-      87                  
       Uncertainty:-     125                  
     Required Time:=    3088                  
      Launch Clock:-      24                  
       Input Delay:-     990                  
         Data Path:-    2074                  
             Slack:=       0                  

Exceptions/Constraints:
  input_delay             990             dut.sdc_line_15_14_1   

#--------------------------------------------------------------------------------------------------
#         Timing Point           Flags    Arc    Edge       Cell        Fanout Trans Delay Arrival 
#                                                                               (ps)  (ps)   (ps)  
#--------------------------------------------------------------------------------------------------
  sram_data_a[7][2]              -       -       F     (arrival)             3    63     0    1014 
  u_alpha/g20172__6161/Y         -       D->Y    F     OR4_X8M_A9TL          2    57   142    1156 
  u_alpha/g13991/Y               -       A->Y    R     INV_X4M_A9TL          1    46    48    1204 
  u_alpha/g23816/Y               -       A->Y    F     NAND2_X6M_A9TL        1    39    38    1242 
  u_alpha/g24534/Y               -       A->Y    R     NAND3_X6M_A9TL        2   113    73    1316 
  u_alpha/g24533/Y               -       A->Y    F     NAND2_X8M_A9TL        1    69    68    1384 
  u_alpha/g24532/Y               -       A->Y    R     INV_X16M_A9TL         5    62    65    1449 
  u_alpha/mul_51_32_I8_g3162/Y   -       A->Y    F     INV_X6M_A9TL          2    35    41    1489 
  u_alpha/g23612/Y               -       A->Y    R     NAND2_X4M_A9TL        1    59    47    1536 
  u_alpha/mul_51_32_I8_g3091/Y   -       A0->Y   F     AOI21_X3M_A9TL        1    74    62    1598 
  u_alpha/mul_51_32_I8_g3267/CON -       CI->CON R     CGENI_X2M_A9TL        1   158   120    1718 
  u_alpha/mul_51_32_I8_g3351/Y   -       A->Y    F     NOR2XB_X4M_A9TL       2    74    84    1802 
  u_alpha/mul_51_32_I8_g3015/Y   -       A->Y    F     BUF_X3P5M_A9TL        3    66   128    1930 
  u_alpha/mul_51_32_I8_g2924/Y   -       C->Y    R     NAND3_X3M_A9TL        1   111   101    2031 
  u_alpha/mul_51_32_I8_g2898/Y   -       B->Y    F     NAND2_X4M_A9TL        2    78    80    2111 
  u_alpha/g26515/Y               -       A0->Y   F     AO21_X4M_A9TL         1    49   140    2251 
  u_alpha/g26514/Y               -       S0->Y   F     MXIT2_X4M_A9TL        2    88    91    2342 
  u_alpha/g23711/Y               -       B->Y    R     NAND3_X6M_A9TL        2   107    95    2437 
  u_alpha/g20098__6417/Y         -       A->Y    F     NOR2_X4A_A9TL         2    80    69    2506 
  u_alpha/g22960/Y               -       A->Y    R     NAND3_X6A_A9TL        3   131    97    2603 
  u_alpha/g25631/Y               -       A->Y    R     OR4_X6M_A9TL          2   101   143    2746 
  u_alpha/g25838/Y               -       A->Y    F     INV_X6M_A9TL          2    40    44    2790 
  u_alpha/g20072__2398/Y         -       A0->Y   R     AOI2XB1_X4M_A9TL      1    91    81    2872 
  u_alpha/g20061__5115/Y         -       B->Y    F     MXIT2_X3M_A9TL        2    81    79    2950 
  g35164/Y                       -       A0->Y   F     AO21_X2M_A9TL         1    46   138    3088 
  vpu_data_out_reg[7][12]/D      -       -       F     DFFRPQ_X3M_A9TL       1     -     0    3088 
#--------------------------------------------------------------------------------------------------

