============================================================
  Generated by:           Genus(TM) Synthesis Solution 25.12-s067_1
  Generated on:           Sep 23 2026  12:56:12 pm
  Module:                 tr_nonlinear_vpu
  Operating conditions:   ss_typical_max_0p90v_125c (balanced_tree)
  Wireload mode:          top
  Area mode:              timing library
============================================================


Path 1: MET (1823 ps) Late External Delay Assertion at pin vpu_dot_out[19]
          Group: reg2out
     Startpoint: (R) u_mac/out_dot_reg[19]/CK
          Clock: (R) clk
       Endpoint: (R) vpu_dot_out[19]
          Clock: (R) clk

                     Capture       Launch     
        Clock Edge:+    3300            0     
       Src Latency:+       0            0     
       Net Latency:+       0 (I)        0 (I) 
           Arrival:=    3300            0     
                                              
      Output Delay:-     990                  
       Uncertainty:-     125                  
     Required Time:=    2185                  
      Launch Clock:-       0                  
         Data Path:-     362                  
             Slack:=    1823                  

Exceptions/Constraints:
  output_delay             990             dut.sdc_line_17_458_1   

#---------------------------------------------------------------------------------------
#      Timing Point        Flags   Arc   Edge     Cell       Fanout Trans Delay Arrival 
#                                                                    (ps)  (ps)   (ps)  
#---------------------------------------------------------------------------------------
  u_mac/out_dot_reg[19]/CK -       -     R     (arrival)         32     0     0       0 
  u_mac/out_dot_reg[19]/Q  -       CK->Q R     DFFQ_X1M_A9TL      5   267   362     362 
  vpu_dot_out[19]          -       -     R     (port)             -     -     0     362 
#---------------------------------------------------------------------------------------



Path 2: MET (1832 ps) Late External Delay Assertion at pin vpu_dot_out[14]
          Group: reg2out
     Startpoint: (R) u_mac/out_dot_reg[14]/CK
          Clock: (R) clk
       Endpoint: (R) vpu_dot_out[14]
          Clock: (R) clk

                     Capture       Launch     
        Clock Edge:+    3300            0     
       Src Latency:+       0            0     
       Net Latency:+       0 (I)        0 (I) 
           Arrival:=    3300            0     
                                              
      Output Delay:-     990                  
       Uncertainty:-     125                  
     Required Time:=    2185                  
      Launch Clock:-       0                  
         Data Path:-     353                  
             Slack:=    1832                  

Exceptions/Constraints:
  output_delay             990             dut.sdc_line_17_463_1   

#---------------------------------------------------------------------------------------
#      Timing Point        Flags   Arc   Edge     Cell       Fanout Trans Delay Arrival 
#                                                                    (ps)  (ps)   (ps)  
#---------------------------------------------------------------------------------------
  u_mac/out_dot_reg[14]/CK -       -     R     (arrival)         32     0     0       0 
  u_mac/out_dot_reg[14]/Q  -       CK->Q R     DFFQ_X1M_A9TL      5   251   353     353 
  vpu_dot_out[14]          -       -     R     (port)             -     -     0     353 
#---------------------------------------------------------------------------------------



Path 3: MET (1832 ps) Late External Delay Assertion at pin vpu_dot_out[19]
          Group: reg2out
     Startpoint: (R) u_mac/out_dot_reg[19]/CK
          Clock: (R) clk
       Endpoint: (F) vpu_dot_out[19]
          Clock: (R) clk

                     Capture       Launch     
        Clock Edge:+    3300            0     
       Src Latency:+       0            0     
       Net Latency:+       0 (I)        0 (I) 
           Arrival:=    3300            0     
                                              
      Output Delay:-     990                  
       Uncertainty:-     125                  
     Required Time:=    2185                  
      Launch Clock:-       0                  
         Data Path:-     353                  
             Slack:=    1832                  

Exceptions/Constraints:
  output_delay             990             dut.sdc_line_17_458_1   

#---------------------------------------------------------------------------------------
#      Timing Point        Flags   Arc   Edge     Cell       Fanout Trans Delay Arrival 
#                                                                    (ps)  (ps)   (ps)  
#---------------------------------------------------------------------------------------
  u_mac/out_dot_reg[19]/CK -       -     R     (arrival)         32     0     0       0 
  u_mac/out_dot_reg[19]/Q  -       CK->Q F     DFFQ_X1M_A9TL      5   185   353     353 
  vpu_dot_out[19]          -       -     F     (port)             -     -     0     353 
#---------------------------------------------------------------------------------------



Path 4: MET (1836 ps) Late External Delay Assertion at pin vpu_dot_out[12]
          Group: reg2out
     Startpoint: (R) u_mac/out_dot_reg[12]/CK
          Clock: (R) clk
       Endpoint: (R) vpu_dot_out[12]
          Clock: (R) clk

                     Capture       Launch     
        Clock Edge:+    3300            0     
       Src Latency:+       0            0     
       Net Latency:+       0 (I)        0 (I) 
           Arrival:=    3300            0     
                                              
      Output Delay:-     990                  
       Uncertainty:-     125                  
     Required Time:=    2185                  
      Launch Clock:-       0                  
         Data Path:-     349                  
             Slack:=    1836                  

Exceptions/Constraints:
  output_delay             990             dut.sdc_line_17_465_1   

#---------------------------------------------------------------------------------------
#      Timing Point        Flags   Arc   Edge     Cell       Fanout Trans Delay Arrival 
#                                                                    (ps)  (ps)   (ps)  
#---------------------------------------------------------------------------------------
  u_mac/out_dot_reg[12]/CK -       -     R     (arrival)         32     0     0       0 
  u_mac/out_dot_reg[12]/Q  -       CK->Q R     DFFQ_X1M_A9TL      5   245   349     349 
  vpu_dot_out[12]          -       -     R     (port)             -     -     0     349 
#---------------------------------------------------------------------------------------



Path 5: MET (1836 ps) Late External Delay Assertion at pin vpu_dot_out[13]
          Group: reg2out
     Startpoint: (R) u_mac/out_dot_reg[13]/CK
          Clock: (R) clk
       Endpoint: (R) vpu_dot_out[13]
          Clock: (R) clk

                     Capture       Launch     
        Clock Edge:+    3300            0     
       Src Latency:+       0            0     
       Net Latency:+       0 (I)        0 (I) 
           Arrival:=    3300            0     
                                              
      Output Delay:-     990                  
       Uncertainty:-     125                  
     Required Time:=    2185                  
      Launch Clock:-       0                  
         Data Path:-     349                  
             Slack:=    1836                  

Exceptions/Constraints:
  output_delay             990             dut.sdc_line_17_464_1   

#---------------------------------------------------------------------------------------
#      Timing Point        Flags   Arc   Edge     Cell       Fanout Trans Delay Arrival 
#                                                                    (ps)  (ps)   (ps)  
#---------------------------------------------------------------------------------------
  u_mac/out_dot_reg[13]/CK -       -     R     (arrival)         32     0     0       0 
  u_mac/out_dot_reg[13]/Q  -       CK->Q R     DFFQ_X1M_A9TL      5   245   349     349 
  vpu_dot_out[13]          -       -     R     (port)             -     -     0     349 
#---------------------------------------------------------------------------------------



Path 6: MET (1838 ps) Late External Delay Assertion at pin vpu_dot_out[14]
          Group: reg2out
     Startpoint: (R) u_mac/out_dot_reg[14]/CK
          Clock: (R) clk
       Endpoint: (F) vpu_dot_out[14]
          Clock: (R) clk

                     Capture       Launch     
        Clock Edge:+    3300            0     
       Src Latency:+       0            0     
       Net Latency:+       0 (I)        0 (I) 
           Arrival:=    3300            0     
                                              
      Output Delay:-     990                  
       Uncertainty:-     125                  
     Required Time:=    2185                  
      Launch Clock:-       0                  
         Data Path:-     347                  
             Slack:=    1838                  

Exceptions/Constraints:
  output_delay             990             dut.sdc_line_17_463_1   

#---------------------------------------------------------------------------------------
#      Timing Point        Flags   Arc   Edge     Cell       Fanout Trans Delay Arrival 
#                                                                    (ps)  (ps)   (ps)  
#---------------------------------------------------------------------------------------
  u_mac/out_dot_reg[14]/CK -       -     R     (arrival)         32     0     0       0 
  u_mac/out_dot_reg[14]/Q  -       CK->Q F     DFFQ_X1M_A9TL      5   176   347     347 
  vpu_dot_out[14]          -       -     F     (port)             -     -     0     347 
#---------------------------------------------------------------------------------------



Path 7: MET (1840 ps) Late External Delay Assertion at pin vpu_dot_out[12]
          Group: reg2out
     Startpoint: (R) u_mac/out_dot_reg[12]/CK
          Clock: (R) clk
       Endpoint: (F) vpu_dot_out[12]
          Clock: (R) clk

                     Capture       Launch     
        Clock Edge:+    3300            0     
       Src Latency:+       0            0     
       Net Latency:+       0 (I)        0 (I) 
           Arrival:=    3300            0     
                                              
      Output Delay:-     990                  
       Uncertainty:-     125                  
     Required Time:=    2185                  
      Launch Clock:-       0                  
         Data Path:-     345                  
             Slack:=    1840                  

Exceptions/Constraints:
  output_delay             990             dut.sdc_line_17_465_1   

#---------------------------------------------------------------------------------------
#      Timing Point        Flags   Arc   Edge     Cell       Fanout Trans Delay Arrival 
#                                                                    (ps)  (ps)   (ps)  
#---------------------------------------------------------------------------------------
  u_mac/out_dot_reg[12]/CK -       -     R     (arrival)         32     0     0       0 
  u_mac/out_dot_reg[12]/Q  -       CK->Q F     DFFQ_X1M_A9TL      5   171   344     344 
  vpu_dot_out[12]          -       -     F     (port)             -     -     0     345 
#---------------------------------------------------------------------------------------



Path 8: MET (1840 ps) Late External Delay Assertion at pin vpu_dot_out[13]
          Group: reg2out
     Startpoint: (R) u_mac/out_dot_reg[13]/CK
          Clock: (R) clk
       Endpoint: (F) vpu_dot_out[13]
          Clock: (R) clk

                     Capture       Launch     
        Clock Edge:+    3300            0     
       Src Latency:+       0            0     
       Net Latency:+       0 (I)        0 (I) 
           Arrival:=    3300            0     
                                              
      Output Delay:-     990                  
       Uncertainty:-     125                  
     Required Time:=    2185                  
      Launch Clock:-       0                  
         Data Path:-     345                  
             Slack:=    1840                  

Exceptions/Constraints:
  output_delay             990             dut.sdc_line_17_464_1   

#---------------------------------------------------------------------------------------
#      Timing Point        Flags   Arc   Edge     Cell       Fanout Trans Delay Arrival 
#                                                                    (ps)  (ps)   (ps)  
#---------------------------------------------------------------------------------------
  u_mac/out_dot_reg[13]/CK -       -     R     (arrival)         32     0     0       0 
  u_mac/out_dot_reg[13]/Q  -       CK->Q F     DFFQ_X1M_A9TL      5   171   344     344 
  vpu_dot_out[13]          -       -     F     (port)             -     -     0     345 
#---------------------------------------------------------------------------------------



Path 9: MET (1855 ps) Late External Delay Assertion at pin vpu_dot_out[7]
          Group: reg2out
     Startpoint: (R) u_mac/out_dot_reg[7]/CK
          Clock: (R) clk
       Endpoint: (F) vpu_dot_out[7]
          Clock: (R) clk

                     Capture       Launch     
        Clock Edge:+    3300            0     
       Src Latency:+       0            0     
       Net Latency:+       0 (I)        0 (I) 
           Arrival:=    3300            0     
                                              
      Output Delay:-     990                  
       Uncertainty:-     125                  
     Required Time:=    2185                  
      Launch Clock:-       0                  
         Data Path:-     330                  
             Slack:=    1855                  

Exceptions/Constraints:
  output_delay             990             dut.sdc_line_17_470_1   

#--------------------------------------------------------------------------------------
#      Timing Point       Flags   Arc   Edge     Cell       Fanout Trans Delay Arrival 
#                                                                   (ps)  (ps)   (ps)  
#--------------------------------------------------------------------------------------
  u_mac/out_dot_reg[7]/CK -       -     R     (arrival)         32     0     0       0 
  u_mac/out_dot_reg[7]/Q  -       CK->Q F     DFFQ_X1M_A9TL      4   147   330     330 
  vpu_dot_out[7]          -       -     F     (port)             -     -     0     330 
#--------------------------------------------------------------------------------------



Path 10: MET (1855 ps) Late External Delay Assertion at pin vpu_dot_out[7]
          Group: reg2out
     Startpoint: (R) u_mac/out_dot_reg[7]/CK
          Clock: (R) clk
       Endpoint: (R) vpu_dot_out[7]
          Clock: (R) clk

                     Capture       Launch     
        Clock Edge:+    3300            0     
       Src Latency:+       0            0     
       Net Latency:+       0 (I)        0 (I) 
           Arrival:=    3300            0     
                                              
      Output Delay:-     990                  
       Uncertainty:-     125                  
     Required Time:=    2185                  
      Launch Clock:-       0                  
         Data Path:-     330                  
             Slack:=    1855                  

Exceptions/Constraints:
  output_delay             990             dut.sdc_line_17_470_1   

#--------------------------------------------------------------------------------------
#      Timing Point       Flags   Arc   Edge     Cell       Fanout Trans Delay Arrival 
#                                                                   (ps)  (ps)   (ps)  
#--------------------------------------------------------------------------------------
  u_mac/out_dot_reg[7]/CK -       -     R     (arrival)         32     0     0       0 
  u_mac/out_dot_reg[7]/Q  -       CK->Q R     DFFQ_X1M_A9TL      4   209   330     330 
  vpu_dot_out[7]          -       -     R     (port)             -     -     0     330 
#--------------------------------------------------------------------------------------



Path 11: MET (1856 ps) Late External Delay Assertion at pin vpu_dot_out[6]
          Group: reg2out
     Startpoint: (R) u_mac/out_dot_reg[6]/CK
          Clock: (R) clk
       Endpoint: (F) vpu_dot_out[6]
          Clock: (R) clk

                     Capture       Launch     
        Clock Edge:+    3300            0     
       Src Latency:+       0            0     
       Net Latency:+       0 (I)        0 (I) 
           Arrival:=    3300            0     
                                              
      Output Delay:-     990                  
       Uncertainty:-     125                  
     Required Time:=    2185                  
      Launch Clock:-       0                  
         Data Path:-     329                  
             Slack:=    1856                  

Exceptions/Constraints:
  output_delay             990             dut.sdc_line_17_471_1   

#--------------------------------------------------------------------------------------
#      Timing Point       Flags   Arc   Edge     Cell       Fanout Trans Delay Arrival 
#                                                                   (ps)  (ps)   (ps)  
#--------------------------------------------------------------------------------------
  u_mac/out_dot_reg[6]/CK -       -     R     (arrival)         32     0     0       0 
  u_mac/out_dot_reg[6]/Q  -       CK->Q F     DFFQ_X1M_A9TL      4   145   329     329 
  vpu_dot_out[6]          -       -     F     (port)             -     -     0     329 
#--------------------------------------------------------------------------------------



Path 12: MET (1856 ps) Late External Delay Assertion at pin vpu_dot_out[8]
          Group: reg2out
     Startpoint: (R) u_mac/out_dot_reg[8]/CK
          Clock: (R) clk
       Endpoint: (F) vpu_dot_out[8]
          Clock: (R) clk

                     Capture       Launch     
        Clock Edge:+    3300            0     
       Src Latency:+       0            0     
       Net Latency:+       0 (I)        0 (I) 
           Arrival:=    3300            0     
                                              
      Output Delay:-     990                  
       Uncertainty:-     125                  
     Required Time:=    2185                  
      Launch Clock:-       0                  
         Data Path:-     329                  
             Slack:=    1856                  

Exceptions/Constraints:
  output_delay             990             dut.sdc_line_17_469_1   

#--------------------------------------------------------------------------------------
#      Timing Point       Flags   Arc   Edge     Cell       Fanout Trans Delay Arrival 
#                                                                   (ps)  (ps)   (ps)  
#--------------------------------------------------------------------------------------
  u_mac/out_dot_reg[8]/CK -       -     R     (arrival)         32     0     0       0 
  u_mac/out_dot_reg[8]/Q  -       CK->Q F     DFFQ_X1M_A9TL      4   145   329     329 
  vpu_dot_out[8]          -       -     F     (port)             -     -     0     329 
#--------------------------------------------------------------------------------------



Path 13: MET (1856 ps) Late External Delay Assertion at pin vpu_dot_out[9]
          Group: reg2out
     Startpoint: (R) u_mac/out_dot_reg[9]/CK
          Clock: (R) clk
       Endpoint: (F) vpu_dot_out[9]
          Clock: (R) clk

                     Capture       Launch     
        Clock Edge:+    3300            0     
       Src Latency:+       0            0     
       Net Latency:+       0 (I)        0 (I) 
           Arrival:=    3300            0     
                                              
      Output Delay:-     990                  
       Uncertainty:-     125                  
     Required Time:=    2185                  
      Launch Clock:-       0                  
         Data Path:-     329                  
             Slack:=    1856                  

Exceptions/Constraints:
  output_delay             990             dut.sdc_line_17_468_1   

#--------------------------------------------------------------------------------------
#      Timing Point       Flags   Arc   Edge     Cell       Fanout Trans Delay Arrival 
#                                                                   (ps)  (ps)   (ps)  
#--------------------------------------------------------------------------------------
  u_mac/out_dot_reg[9]/CK -       -     R     (arrival)         32     0     0       0 
  u_mac/out_dot_reg[9]/Q  -       CK->Q F     DFFQ_X1M_A9TL      4   145   329     329 
  vpu_dot_out[9]          -       -     F     (port)             -     -     0     329 
#--------------------------------------------------------------------------------------



Path 14: MET (1856 ps) Late External Delay Assertion at pin vpu_dot_out[10]
          Group: reg2out
     Startpoint: (R) u_mac/out_dot_reg[10]/CK
          Clock: (R) clk
       Endpoint: (F) vpu_dot_out[10]
          Clock: (R) clk

                     Capture       Launch     
        Clock Edge:+    3300            0     
       Src Latency:+       0            0     
       Net Latency:+       0 (I)        0 (I) 
           Arrival:=    3300            0     
                                              
      Output Delay:-     990                  
       Uncertainty:-     125                  
     Required Time:=    2185                  
      Launch Clock:-       0                  
         Data Path:-     329                  
             Slack:=    1856                  

Exceptions/Constraints:
  output_delay             990             dut.sdc_line_17_467_1   

#---------------------------------------------------------------------------------------
#      Timing Point        Flags   Arc   Edge     Cell       Fanout Trans Delay Arrival 
#                                                                    (ps)  (ps)   (ps)  
#---------------------------------------------------------------------------------------
  u_mac/out_dot_reg[10]/CK -       -     R     (arrival)         32     0     0       0 
  u_mac/out_dot_reg[10]/Q  -       CK->Q F     DFFQ_X1M_A9TL      4   145   329     329 
  vpu_dot_out[10]          -       -     F     (port)             -     -     0     329 
#---------------------------------------------------------------------------------------



Path 15: MET (1856 ps) Late External Delay Assertion at pin vpu_dot_out[11]
          Group: reg2out
     Startpoint: (R) u_mac/out_dot_reg[11]/CK
          Clock: (R) clk
       Endpoint: (F) vpu_dot_out[11]
          Clock: (R) clk

                     Capture       Launch     
        Clock Edge:+    3300            0     
       Src Latency:+       0            0     
       Net Latency:+       0 (I)        0 (I) 
           Arrival:=    3300            0     
                                              
      Output Delay:-     990                  
       Uncertainty:-     125                  
     Required Time:=    2185                  
      Launch Clock:-       0                  
         Data Path:-     329                  
             Slack:=    1856                  

Exceptions/Constraints:
  output_delay             990             dut.sdc_line_17_466_1   

#---------------------------------------------------------------------------------------
#      Timing Point        Flags   Arc   Edge     Cell       Fanout Trans Delay Arrival 
#                                                                    (ps)  (ps)   (ps)  
#---------------------------------------------------------------------------------------
  u_mac/out_dot_reg[11]/CK -       -     R     (arrival)         32     0     0       0 
  u_mac/out_dot_reg[11]/Q  -       CK->Q F     DFFQ_X1M_A9TL      4   145   329     329 
  vpu_dot_out[11]          -       -     F     (port)             -     -     0     329 
#---------------------------------------------------------------------------------------



Path 16: MET (1856 ps) Late External Delay Assertion at pin vpu_dot_out[15]
          Group: reg2out
     Startpoint: (R) u_mac/out_dot_reg[15]/CK
          Clock: (R) clk
       Endpoint: (F) vpu_dot_out[15]
          Clock: (R) clk

                     Capture       Launch     
        Clock Edge:+    3300            0     
       Src Latency:+       0            0     
       Net Latency:+       0 (I)        0 (I) 
           Arrival:=    3300            0     
                                              
      Output Delay:-     990                  
       Uncertainty:-     125                  
     Required Time:=    2185                  
      Launch Clock:-       0                  
         Data Path:-     329                  
             Slack:=    1856                  

Exceptions/Constraints:
  output_delay             990             dut.sdc_line_17_462_1   

#---------------------------------------------------------------------------------------
#      Timing Point        Flags   Arc   Edge     Cell       Fanout Trans Delay Arrival 
#                                                                    (ps)  (ps)   (ps)  
#---------------------------------------------------------------------------------------
  u_mac/out_dot_reg[15]/CK -       -     R     (arrival)         32     0     0       0 
  u_mac/out_dot_reg[15]/Q  -       CK->Q F     DFFQ_X1M_A9TL      4   145   329     329 
  vpu_dot_out[15]          -       -     F     (port)             -     -     0     329 
#---------------------------------------------------------------------------------------



Path 17: MET (1856 ps) Late External Delay Assertion at pin vpu_dot_out[16]
          Group: reg2out
     Startpoint: (R) u_mac/out_dot_reg[16]/CK
          Clock: (R) clk
       Endpoint: (F) vpu_dot_out[16]
          Clock: (R) clk

                     Capture       Launch     
        Clock Edge:+    3300            0     
       Src Latency:+       0            0     
       Net Latency:+       0 (I)        0 (I) 
           Arrival:=    3300            0     
                                              
      Output Delay:-     990                  
       Uncertainty:-     125                  
     Required Time:=    2185                  
      Launch Clock:-       0                  
         Data Path:-     329                  
             Slack:=    1856                  

Exceptions/Constraints:
  output_delay             990             dut.sdc_line_17_461_1   

#---------------------------------------------------------------------------------------
#      Timing Point        Flags   Arc   Edge     Cell       Fanout Trans Delay Arrival 
#                                                                    (ps)  (ps)   (ps)  
#---------------------------------------------------------------------------------------
  u_mac/out_dot_reg[16]/CK -       -     R     (arrival)         32     0     0       0 
  u_mac/out_dot_reg[16]/Q  -       CK->Q F     DFFQ_X1M_A9TL      4   145   329     329 
  vpu_dot_out[16]          -       -     F     (port)             -     -     0     329 
#---------------------------------------------------------------------------------------



Path 18: MET (1856 ps) Late External Delay Assertion at pin vpu_dot_out[17]
          Group: reg2out
     Startpoint: (R) u_mac/out_dot_reg[17]/CK
          Clock: (R) clk
       Endpoint: (F) vpu_dot_out[17]
          Clock: (R) clk

                     Capture       Launch     
        Clock Edge:+    3300            0     
       Src Latency:+       0            0     
       Net Latency:+       0 (I)        0 (I) 
           Arrival:=    3300            0     
                                              
      Output Delay:-     990                  
       Uncertainty:-     125                  
     Required Time:=    2185                  
      Launch Clock:-       0                  
         Data Path:-     329                  
             Slack:=    1856                  

Exceptions/Constraints:
  output_delay             990             dut.sdc_line_17_460_1   

#---------------------------------------------------------------------------------------
#      Timing Point        Flags   Arc   Edge     Cell       Fanout Trans Delay Arrival 
#                                                                    (ps)  (ps)   (ps)  
#---------------------------------------------------------------------------------------
  u_mac/out_dot_reg[17]/CK -       -     R     (arrival)         32     0     0       0 
  u_mac/out_dot_reg[17]/Q  -       CK->Q F     DFFQ_X1M_A9TL      4   145   329     329 
  vpu_dot_out[17]          -       -     F     (port)             -     -     0     329 
#---------------------------------------------------------------------------------------



Path 19: MET (1856 ps) Late External Delay Assertion at pin vpu_dot_out[18]
          Group: reg2out
     Startpoint: (R) u_mac/out_dot_reg[18]/CK
          Clock: (R) clk
       Endpoint: (F) vpu_dot_out[18]
          Clock: (R) clk

                     Capture       Launch     
        Clock Edge:+    3300            0     
       Src Latency:+       0            0     
       Net Latency:+       0 (I)        0 (I) 
           Arrival:=    3300            0     
                                              
      Output Delay:-     990                  
       Uncertainty:-     125                  
     Required Time:=    2185                  
      Launch Clock:-       0                  
         Data Path:-     329                  
             Slack:=    1856                  

Exceptions/Constraints:
  output_delay             990             dut.sdc_line_17_459_1   

#---------------------------------------------------------------------------------------
#      Timing Point        Flags   Arc   Edge     Cell       Fanout Trans Delay Arrival 
#                                                                    (ps)  (ps)   (ps)  
#---------------------------------------------------------------------------------------
  u_mac/out_dot_reg[18]/CK -       -     R     (arrival)         32     0     0       0 
  u_mac/out_dot_reg[18]/Q  -       CK->Q F     DFFQ_X1M_A9TL      4   145   329     329 
  vpu_dot_out[18]          -       -     F     (port)             -     -     0     329 
#---------------------------------------------------------------------------------------



Path 20: MET (1856 ps) Late External Delay Assertion at pin vpu_dot_out[4]
          Group: reg2out
     Startpoint: (R) u_mac/out_dot_reg[4]/CK
          Clock: (R) clk
       Endpoint: (F) vpu_dot_out[4]
          Clock: (R) clk

                     Capture       Launch     
        Clock Edge:+    3300            0     
       Src Latency:+       0            0     
       Net Latency:+       0 (I)        0 (I) 
           Arrival:=    3300            0     
                                              
      Output Delay:-     990                  
       Uncertainty:-     125                  
     Required Time:=    2185                  
      Launch Clock:-       0                  
         Data Path:-     329                  
             Slack:=    1856                  

Exceptions/Constraints:
  output_delay             990             dut.sdc_line_17_473_1   

#--------------------------------------------------------------------------------------
#      Timing Point       Flags   Arc   Edge     Cell       Fanout Trans Delay Arrival 
#                                                                   (ps)  (ps)   (ps)  
#--------------------------------------------------------------------------------------
  u_mac/out_dot_reg[4]/CK -       -     R     (arrival)         32     0     0       0 
  u_mac/out_dot_reg[4]/Q  -       CK->Q F     DFFQ_X1M_A9TL      4   144   329     329 
  vpu_dot_out[4]          -       -     F     (port)             -     -     0     329 
#--------------------------------------------------------------------------------------



Path 21: MET (1856 ps) Late External Delay Assertion at pin vpu_dot_out[5]
          Group: reg2out
     Startpoint: (R) u_mac/out_dot_reg[5]/CK
          Clock: (R) clk
       Endpoint: (F) vpu_dot_out[5]
          Clock: (R) clk

                     Capture       Launch     
        Clock Edge:+    3300            0     
       Src Latency:+       0            0     
       Net Latency:+       0 (I)        0 (I) 
           Arrival:=    3300            0     
                                              
      Output Delay:-     990                  
       Uncertainty:-     125                  
     Required Time:=    2185                  
      Launch Clock:-       0                  
         Data Path:-     329                  
             Slack:=    1856                  

Exceptions/Constraints:
  output_delay             990             dut.sdc_line_17_472_1   

#--------------------------------------------------------------------------------------
#      Timing Point       Flags   Arc   Edge     Cell       Fanout Trans Delay Arrival 
#                                                                   (ps)  (ps)   (ps)  
#--------------------------------------------------------------------------------------
  u_mac/out_dot_reg[5]/CK -       -     R     (arrival)         32     0     0       0 
  u_mac/out_dot_reg[5]/Q  -       CK->Q F     DFFQ_X1M_A9TL      4   144   329     329 
  vpu_dot_out[5]          -       -     F     (port)             -     -     0     329 
#--------------------------------------------------------------------------------------



Path 22: MET (1856 ps) Late External Delay Assertion at pin vpu_dot_out[20]
          Group: reg2out
     Startpoint: (R) u_mac/out_dot_reg[20]/CK
          Clock: (R) clk
       Endpoint: (F) vpu_dot_out[20]
          Clock: (R) clk

                     Capture       Launch     
        Clock Edge:+    3300            0     
       Src Latency:+       0            0     
       Net Latency:+       0 (I)        0 (I) 
           Arrival:=    3300            0     
                                              
      Output Delay:-     990                  
       Uncertainty:-     125                  
     Required Time:=    2185                  
      Launch Clock:-       0                  
         Data Path:-     329                  
             Slack:=    1856                  

Exceptions/Constraints:
  output_delay             990             dut.sdc_line_17_457_1   

#---------------------------------------------------------------------------------------
#      Timing Point        Flags   Arc   Edge     Cell       Fanout Trans Delay Arrival 
#                                                                    (ps)  (ps)   (ps)  
#---------------------------------------------------------------------------------------
  u_mac/out_dot_reg[20]/CK -       -     R     (arrival)         32     0     0       0 
  u_mac/out_dot_reg[20]/Q  -       CK->Q F     DFFQ_X1M_A9TL      4   144   329     329 
  vpu_dot_out[20]          -       -     F     (port)             -     -     0     329 
#---------------------------------------------------------------------------------------



Path 23: MET (1856 ps) Late External Delay Assertion at pin vpu_dot_out[21]
          Group: reg2out
     Startpoint: (R) u_mac/out_dot_reg[21]/CK
          Clock: (R) clk
       Endpoint: (F) vpu_dot_out[21]
          Clock: (R) clk

                     Capture       Launch     
        Clock Edge:+    3300            0     
       Src Latency:+       0            0     
       Net Latency:+       0 (I)        0 (I) 
           Arrival:=    3300            0     
                                              
      Output Delay:-     990                  
       Uncertainty:-     125                  
     Required Time:=    2185                  
      Launch Clock:-       0                  
         Data Path:-     329                  
             Slack:=    1856                  

Exceptions/Constraints:
  output_delay             990             dut.sdc_line_17_456_1   

#---------------------------------------------------------------------------------------
#      Timing Point        Flags   Arc   Edge     Cell       Fanout Trans Delay Arrival 
#                                                                    (ps)  (ps)   (ps)  
#---------------------------------------------------------------------------------------
  u_mac/out_dot_reg[21]/CK -       -     R     (arrival)         32     0     0       0 
  u_mac/out_dot_reg[21]/Q  -       CK->Q F     DFFQ_X1M_A9TL      4   144   329     329 
  vpu_dot_out[21]          -       -     F     (port)             -     -     0     329 
#---------------------------------------------------------------------------------------



Path 24: MET (1856 ps) Late External Delay Assertion at pin vpu_dot_out[6]
          Group: reg2out
     Startpoint: (R) u_mac/out_dot_reg[6]/CK
          Clock: (R) clk
       Endpoint: (R) vpu_dot_out[6]
          Clock: (R) clk

                     Capture       Launch     
        Clock Edge:+    3300            0     
       Src Latency:+       0            0     
       Net Latency:+       0 (I)        0 (I) 
           Arrival:=    3300            0     
                                              
      Output Delay:-     990                  
       Uncertainty:-     125                  
     Required Time:=    2185                  
      Launch Clock:-       0                  
         Data Path:-     328                  
             Slack:=    1856                  

Exceptions/Constraints:
  output_delay             990             dut.sdc_line_17_471_1   

#--------------------------------------------------------------------------------------
#      Timing Point       Flags   Arc   Edge     Cell       Fanout Trans Delay Arrival 
#                                                                   (ps)  (ps)   (ps)  
#--------------------------------------------------------------------------------------
  u_mac/out_dot_reg[6]/CK -       -     R     (arrival)         32     0     0       0 
  u_mac/out_dot_reg[6]/Q  -       CK->Q R     DFFQ_X1M_A9TL      4   206   328     328 
  vpu_dot_out[6]          -       -     R     (port)             -     -     0     328 
#--------------------------------------------------------------------------------------



Path 25: MET (1856 ps) Late External Delay Assertion at pin vpu_dot_out[8]
          Group: reg2out
     Startpoint: (R) u_mac/out_dot_reg[8]/CK
          Clock: (R) clk
       Endpoint: (R) vpu_dot_out[8]
          Clock: (R) clk

                     Capture       Launch     
        Clock Edge:+    3300            0     
       Src Latency:+       0            0     
       Net Latency:+       0 (I)        0 (I) 
           Arrival:=    3300            0     
                                              
      Output Delay:-     990                  
       Uncertainty:-     125                  
     Required Time:=    2185                  
      Launch Clock:-       0                  
         Data Path:-     328                  
             Slack:=    1856                  

Exceptions/Constraints:
  output_delay             990             dut.sdc_line_17_469_1   

#--------------------------------------------------------------------------------------
#      Timing Point       Flags   Arc   Edge     Cell       Fanout Trans Delay Arrival 
#                                                                   (ps)  (ps)   (ps)  
#--------------------------------------------------------------------------------------
  u_mac/out_dot_reg[8]/CK -       -     R     (arrival)         32     0     0       0 
  u_mac/out_dot_reg[8]/Q  -       CK->Q R     DFFQ_X1M_A9TL      4   206   328     328 
  vpu_dot_out[8]          -       -     R     (port)             -     -     0     328 
#--------------------------------------------------------------------------------------



Path 26: MET (1856 ps) Late External Delay Assertion at pin vpu_dot_out[9]
          Group: reg2out
     Startpoint: (R) u_mac/out_dot_reg[9]/CK
          Clock: (R) clk
       Endpoint: (R) vpu_dot_out[9]
          Clock: (R) clk

                     Capture       Launch     
        Clock Edge:+    3300            0     
       Src Latency:+       0            0     
       Net Latency:+       0 (I)        0 (I) 
           Arrival:=    3300            0     
                                              
      Output Delay:-     990                  
       Uncertainty:-     125                  
     Required Time:=    2185                  
      Launch Clock:-       0                  
         Data Path:-     328                  
             Slack:=    1856                  

Exceptions/Constraints:
  output_delay             990             dut.sdc_line_17_468_1   

#--------------------------------------------------------------------------------------
#      Timing Point       Flags   Arc   Edge     Cell       Fanout Trans Delay Arrival 
#                                                                   (ps)  (ps)   (ps)  
#--------------------------------------------------------------------------------------
  u_mac/out_dot_reg[9]/CK -       -     R     (arrival)         32     0     0       0 
  u_mac/out_dot_reg[9]/Q  -       CK->Q R     DFFQ_X1M_A9TL      4   206   328     328 
  vpu_dot_out[9]          -       -     R     (port)             -     -     0     328 
#--------------------------------------------------------------------------------------



Path 27: MET (1856 ps) Late External Delay Assertion at pin vpu_dot_out[10]
          Group: reg2out
     Startpoint: (R) u_mac/out_dot_reg[10]/CK
          Clock: (R) clk
       Endpoint: (R) vpu_dot_out[10]
          Clock: (R) clk

                     Capture       Launch     
        Clock Edge:+    3300            0     
       Src Latency:+       0            0     
       Net Latency:+       0 (I)        0 (I) 
           Arrival:=    3300            0     
                                              
      Output Delay:-     990                  
       Uncertainty:-     125                  
     Required Time:=    2185                  
      Launch Clock:-       0                  
         Data Path:-     328                  
             Slack:=    1856                  

Exceptions/Constraints:
  output_delay             990             dut.sdc_line_17_467_1   

#---------------------------------------------------------------------------------------
#      Timing Point        Flags   Arc   Edge     Cell       Fanout Trans Delay Arrival 
#                                                                    (ps)  (ps)   (ps)  
#---------------------------------------------------------------------------------------
  u_mac/out_dot_reg[10]/CK -       -     R     (arrival)         32     0     0       0 
  u_mac/out_dot_reg[10]/Q  -       CK->Q R     DFFQ_X1M_A9TL      4   206   328     328 
  vpu_dot_out[10]          -       -     R     (port)             -     -     0     328 
#---------------------------------------------------------------------------------------



Path 28: MET (1856 ps) Late External Delay Assertion at pin vpu_dot_out[11]
          Group: reg2out
     Startpoint: (R) u_mac/out_dot_reg[11]/CK
          Clock: (R) clk
       Endpoint: (R) vpu_dot_out[11]
          Clock: (R) clk

                     Capture       Launch     
        Clock Edge:+    3300            0     
       Src Latency:+       0            0     
       Net Latency:+       0 (I)        0 (I) 
           Arrival:=    3300            0     
                                              
      Output Delay:-     990                  
       Uncertainty:-     125                  
     Required Time:=    2185                  
      Launch Clock:-       0                  
         Data Path:-     328                  
             Slack:=    1856                  

Exceptions/Constraints:
  output_delay             990             dut.sdc_line_17_466_1   

#---------------------------------------------------------------------------------------
#      Timing Point        Flags   Arc   Edge     Cell       Fanout Trans Delay Arrival 
#                                                                    (ps)  (ps)   (ps)  
#---------------------------------------------------------------------------------------
  u_mac/out_dot_reg[11]/CK -       -     R     (arrival)         32     0     0       0 
  u_mac/out_dot_reg[11]/Q  -       CK->Q R     DFFQ_X1M_A9TL      4   206   328     328 
  vpu_dot_out[11]          -       -     R     (port)             -     -     0     328 
#---------------------------------------------------------------------------------------



Path 29: MET (1856 ps) Late External Delay Assertion at pin vpu_dot_out[15]
          Group: reg2out
     Startpoint: (R) u_mac/out_dot_reg[15]/CK
          Clock: (R) clk
       Endpoint: (R) vpu_dot_out[15]
          Clock: (R) clk

                     Capture       Launch     
        Clock Edge:+    3300            0     
       Src Latency:+       0            0     
       Net Latency:+       0 (I)        0 (I) 
           Arrival:=    3300            0     
                                              
      Output Delay:-     990                  
       Uncertainty:-     125                  
     Required Time:=    2185                  
      Launch Clock:-       0                  
         Data Path:-     328                  
             Slack:=    1856                  

Exceptions/Constraints:
  output_delay             990             dut.sdc_line_17_462_1   

#---------------------------------------------------------------------------------------
#      Timing Point        Flags   Arc   Edge     Cell       Fanout Trans Delay Arrival 
#                                                                    (ps)  (ps)   (ps)  
#---------------------------------------------------------------------------------------
  u_mac/out_dot_reg[15]/CK -       -     R     (arrival)         32     0     0       0 
  u_mac/out_dot_reg[15]/Q  -       CK->Q R     DFFQ_X1M_A9TL      4   206   328     328 
  vpu_dot_out[15]          -       -     R     (port)             -     -     0     328 
#---------------------------------------------------------------------------------------



Path 30: MET (1856 ps) Late External Delay Assertion at pin vpu_dot_out[16]
          Group: reg2out
     Startpoint: (R) u_mac/out_dot_reg[16]/CK
          Clock: (R) clk
       Endpoint: (R) vpu_dot_out[16]
          Clock: (R) clk

                     Capture       Launch     
        Clock Edge:+    3300            0     
       Src Latency:+       0            0     
       Net Latency:+       0 (I)        0 (I) 
           Arrival:=    3300            0     
                                              
      Output Delay:-     990                  
       Uncertainty:-     125                  
     Required Time:=    2185                  
      Launch Clock:-       0                  
         Data Path:-     328                  
             Slack:=    1856                  

Exceptions/Constraints:
  output_delay             990             dut.sdc_line_17_461_1   

#---------------------------------------------------------------------------------------
#      Timing Point        Flags   Arc   Edge     Cell       Fanout Trans Delay Arrival 
#                                                                    (ps)  (ps)   (ps)  
#---------------------------------------------------------------------------------------
  u_mac/out_dot_reg[16]/CK -       -     R     (arrival)         32     0     0       0 
  u_mac/out_dot_reg[16]/Q  -       CK->Q R     DFFQ_X1M_A9TL      4   206   328     328 
  vpu_dot_out[16]          -       -     R     (port)             -     -     0     328 
#---------------------------------------------------------------------------------------



Path 31: MET (1856 ps) Late External Delay Assertion at pin vpu_dot_out[17]
          Group: reg2out
     Startpoint: (R) u_mac/out_dot_reg[17]/CK
          Clock: (R) clk
       Endpoint: (R) vpu_dot_out[17]
          Clock: (R) clk

                     Capture       Launch     
        Clock Edge:+    3300            0     
       Src Latency:+       0            0     
       Net Latency:+       0 (I)        0 (I) 
           Arrival:=    3300            0     
                                              
      Output Delay:-     990                  
       Uncertainty:-     125                  
     Required Time:=    2185                  
      Launch Clock:-       0                  
         Data Path:-     328                  
             Slack:=    1856                  

Exceptions/Constraints:
  output_delay             990             dut.sdc_line_17_460_1   

#---------------------------------------------------------------------------------------
#      Timing Point        Flags   Arc   Edge     Cell       Fanout Trans Delay Arrival 
#                                                                    (ps)  (ps)   (ps)  
#---------------------------------------------------------------------------------------
  u_mac/out_dot_reg[17]/CK -       -     R     (arrival)         32     0     0       0 
  u_mac/out_dot_reg[17]/Q  -       CK->Q R     DFFQ_X1M_A9TL      4   206   328     328 
  vpu_dot_out[17]          -       -     R     (port)             -     -     0     328 
#---------------------------------------------------------------------------------------



Path 32: MET (1856 ps) Late External Delay Assertion at pin vpu_dot_out[18]
          Group: reg2out
     Startpoint: (R) u_mac/out_dot_reg[18]/CK
          Clock: (R) clk
       Endpoint: (R) vpu_dot_out[18]
          Clock: (R) clk

                     Capture       Launch     
        Clock Edge:+    3300            0     
       Src Latency:+       0            0     
       Net Latency:+       0 (I)        0 (I) 
           Arrival:=    3300            0     
                                              
      Output Delay:-     990                  
       Uncertainty:-     125                  
     Required Time:=    2185                  
      Launch Clock:-       0                  
         Data Path:-     328                  
             Slack:=    1856                  

Exceptions/Constraints:
  output_delay             990             dut.sdc_line_17_459_1   

#---------------------------------------------------------------------------------------
#      Timing Point        Flags   Arc   Edge     Cell       Fanout Trans Delay Arrival 
#                                                                    (ps)  (ps)   (ps)  
#---------------------------------------------------------------------------------------
  u_mac/out_dot_reg[18]/CK -       -     R     (arrival)         32     0     0       0 
  u_mac/out_dot_reg[18]/Q  -       CK->Q R     DFFQ_X1M_A9TL      4   206   328     328 
  vpu_dot_out[18]          -       -     R     (port)             -     -     0     328 
#---------------------------------------------------------------------------------------



Path 33: MET (1857 ps) Late External Delay Assertion at pin vpu_dot_out[22]
          Group: reg2out
     Startpoint: (R) u_mac/out_dot_reg[22]/CK
          Clock: (R) clk
       Endpoint: (F) vpu_dot_out[22]
          Clock: (R) clk

                     Capture       Launch     
        Clock Edge:+    3300            0     
       Src Latency:+       0            0     
       Net Latency:+       0 (I)        0 (I) 
           Arrival:=    3300            0     
                                              
      Output Delay:-     990                  
       Uncertainty:-     125                  
     Required Time:=    2185                  
      Launch Clock:-       0                  
         Data Path:-     328                  
             Slack:=    1857                  

Exceptions/Constraints:
  output_delay             990             dut.sdc_line_17_455_1   

#---------------------------------------------------------------------------------------
#      Timing Point        Flags   Arc   Edge     Cell       Fanout Trans Delay Arrival 
#                                                                    (ps)  (ps)   (ps)  
#---------------------------------------------------------------------------------------
  u_mac/out_dot_reg[22]/CK -       -     R     (arrival)         32     0     0       0 
  u_mac/out_dot_reg[22]/Q  -       CK->Q F     DFFQ_X1M_A9TL      4   144   328     328 
  vpu_dot_out[22]          -       -     F     (port)             -     -     0     328 
#---------------------------------------------------------------------------------------



Path 34: MET (1857 ps) Late External Delay Assertion at pin vpu_dot_out[4]
          Group: reg2out
     Startpoint: (R) u_mac/out_dot_reg[4]/CK
          Clock: (R) clk
       Endpoint: (R) vpu_dot_out[4]
          Clock: (R) clk

                     Capture       Launch     
        Clock Edge:+    3300            0     
       Src Latency:+       0            0     
       Net Latency:+       0 (I)        0 (I) 
           Arrival:=    3300            0     
                                              
      Output Delay:-     990                  
       Uncertainty:-     125                  
     Required Time:=    2185                  
      Launch Clock:-       0                  
         Data Path:-     328                  
             Slack:=    1857                  

Exceptions/Constraints:
  output_delay             990             dut.sdc_line_17_473_1   

#--------------------------------------------------------------------------------------
#      Timing Point       Flags   Arc   Edge     Cell       Fanout Trans Delay Arrival 
#                                                                   (ps)  (ps)   (ps)  
#--------------------------------------------------------------------------------------
  u_mac/out_dot_reg[4]/CK -       -     R     (arrival)         32     0     0       0 
  u_mac/out_dot_reg[4]/Q  -       CK->Q R     DFFQ_X1M_A9TL      4   205   328     328 
  vpu_dot_out[4]          -       -     R     (port)             -     -     0     328 
#--------------------------------------------------------------------------------------



Path 35: MET (1857 ps) Late External Delay Assertion at pin vpu_dot_out[5]
          Group: reg2out
     Startpoint: (R) u_mac/out_dot_reg[5]/CK
          Clock: (R) clk
       Endpoint: (R) vpu_dot_out[5]
          Clock: (R) clk

                     Capture       Launch     
        Clock Edge:+    3300            0     
       Src Latency:+       0            0     
       Net Latency:+       0 (I)        0 (I) 
           Arrival:=    3300            0     
                                              
      Output Delay:-     990                  
       Uncertainty:-     125                  
     Required Time:=    2185                  
      Launch Clock:-       0                  
         Data Path:-     328                  
             Slack:=    1857                  

Exceptions/Constraints:
  output_delay             990             dut.sdc_line_17_472_1   

#--------------------------------------------------------------------------------------
#      Timing Point       Flags   Arc   Edge     Cell       Fanout Trans Delay Arrival 
#                                                                   (ps)  (ps)   (ps)  
#--------------------------------------------------------------------------------------
  u_mac/out_dot_reg[5]/CK -       -     R     (arrival)         32     0     0       0 
  u_mac/out_dot_reg[5]/Q  -       CK->Q R     DFFQ_X1M_A9TL      4   205   328     328 
  vpu_dot_out[5]          -       -     R     (port)             -     -     0     328 
#--------------------------------------------------------------------------------------



Path 36: MET (1857 ps) Late External Delay Assertion at pin vpu_dot_out[20]
          Group: reg2out
     Startpoint: (R) u_mac/out_dot_reg[20]/CK
          Clock: (R) clk
       Endpoint: (R) vpu_dot_out[20]
          Clock: (R) clk

                     Capture       Launch     
        Clock Edge:+    3300            0     
       Src Latency:+       0            0     
       Net Latency:+       0 (I)        0 (I) 
           Arrival:=    3300            0     
                                              
      Output Delay:-     990                  
       Uncertainty:-     125                  
     Required Time:=    2185                  
      Launch Clock:-       0                  
         Data Path:-     328                  
             Slack:=    1857                  

Exceptions/Constraints:
  output_delay             990             dut.sdc_line_17_457_1   

#---------------------------------------------------------------------------------------
#      Timing Point        Flags   Arc   Edge     Cell       Fanout Trans Delay Arrival 
#                                                                    (ps)  (ps)   (ps)  
#---------------------------------------------------------------------------------------
  u_mac/out_dot_reg[20]/CK -       -     R     (arrival)         32     0     0       0 
  u_mac/out_dot_reg[20]/Q  -       CK->Q R     DFFQ_X1M_A9TL      4   205   328     328 
  vpu_dot_out[20]          -       -     R     (port)             -     -     0     328 
#---------------------------------------------------------------------------------------



Path 37: MET (1857 ps) Late External Delay Assertion at pin vpu_dot_out[21]
          Group: reg2out
     Startpoint: (R) u_mac/out_dot_reg[21]/CK
          Clock: (R) clk
       Endpoint: (R) vpu_dot_out[21]
          Clock: (R) clk

                     Capture       Launch     
        Clock Edge:+    3300            0     
       Src Latency:+       0            0     
       Net Latency:+       0 (I)        0 (I) 
           Arrival:=    3300            0     
                                              
      Output Delay:-     990                  
       Uncertainty:-     125                  
     Required Time:=    2185                  
      Launch Clock:-       0                  
         Data Path:-     328                  
             Slack:=    1857                  

Exceptions/Constraints:
  output_delay             990             dut.sdc_line_17_456_1   

#---------------------------------------------------------------------------------------
#      Timing Point        Flags   Arc   Edge     Cell       Fanout Trans Delay Arrival 
#                                                                    (ps)  (ps)   (ps)  
#---------------------------------------------------------------------------------------
  u_mac/out_dot_reg[21]/CK -       -     R     (arrival)         32     0     0       0 
  u_mac/out_dot_reg[21]/Q  -       CK->Q R     DFFQ_X1M_A9TL      4   205   328     328 
  vpu_dot_out[21]          -       -     R     (port)             -     -     0     328 
#---------------------------------------------------------------------------------------



Path 38: MET (1858 ps) Late External Delay Assertion at pin vpu_dot_out[23]
          Group: reg2out
     Startpoint: (R) u_mac/out_dot_reg[23]/CK
          Clock: (R) clk
       Endpoint: (F) vpu_dot_out[23]
          Clock: (R) clk

                     Capture       Launch     
        Clock Edge:+    3300            0     
       Src Latency:+       0            0     
       Net Latency:+       0 (I)        0 (I) 
           Arrival:=    3300            0     
                                              
      Output Delay:-     990                  
       Uncertainty:-     125                  
     Required Time:=    2185                  
      Launch Clock:-       0                  
         Data Path:-     327                  
             Slack:=    1858                  

Exceptions/Constraints:
  output_delay             990             dut.sdc_line_17_454_1   

#---------------------------------------------------------------------------------------
#      Timing Point        Flags   Arc   Edge     Cell       Fanout Trans Delay Arrival 
#                                                                    (ps)  (ps)   (ps)  
#---------------------------------------------------------------------------------------
  u_mac/out_dot_reg[23]/CK -       -     R     (arrival)         32     0     0       0 
  u_mac/out_dot_reg[23]/Q  -       CK->Q F     DFFQ_X1M_A9TL      4   142   327     327 
  vpu_dot_out[23]          -       -     F     (port)             -     -     0     327 
#---------------------------------------------------------------------------------------



Path 39: MET (1859 ps) Late External Delay Assertion at pin vpu_dot_out[22]
          Group: reg2out
     Startpoint: (R) u_mac/out_dot_reg[22]/CK
          Clock: (R) clk
       Endpoint: (R) vpu_dot_out[22]
          Clock: (R) clk

                     Capture       Launch     
        Clock Edge:+    3300            0     
       Src Latency:+       0            0     
       Net Latency:+       0 (I)        0 (I) 
           Arrival:=    3300            0     
                                              
      Output Delay:-     990                  
       Uncertainty:-     125                  
     Required Time:=    2185                  
      Launch Clock:-       0                  
         Data Path:-     326                  
             Slack:=    1859                  

Exceptions/Constraints:
  output_delay             990             dut.sdc_line_17_455_1   

#---------------------------------------------------------------------------------------
#      Timing Point        Flags   Arc   Edge     Cell       Fanout Trans Delay Arrival 
#                                                                    (ps)  (ps)   (ps)  
#---------------------------------------------------------------------------------------
  u_mac/out_dot_reg[22]/CK -       -     R     (arrival)         32     0     0       0 
  u_mac/out_dot_reg[22]/Q  -       CK->Q R     DFFQ_X1M_A9TL      4   203   326     326 
  vpu_dot_out[22]          -       -     R     (port)             -     -     0     326 
#---------------------------------------------------------------------------------------



Path 40: MET (1859 ps) Late External Delay Assertion at pin vpu_dot_out[23]
          Group: reg2out
     Startpoint: (R) u_mac/out_dot_reg[23]/CK
          Clock: (R) clk
       Endpoint: (R) vpu_dot_out[23]
          Clock: (R) clk

                     Capture       Launch     
        Clock Edge:+    3300            0     
       Src Latency:+       0            0     
       Net Latency:+       0 (I)        0 (I) 
           Arrival:=    3300            0     
                                              
      Output Delay:-     990                  
       Uncertainty:-     125                  
     Required Time:=    2185                  
      Launch Clock:-       0                  
         Data Path:-     326                  
             Slack:=    1859                  

Exceptions/Constraints:
  output_delay             990             dut.sdc_line_17_454_1   

#---------------------------------------------------------------------------------------
#      Timing Point        Flags   Arc   Edge     Cell       Fanout Trans Delay Arrival 
#                                                                    (ps)  (ps)   (ps)  
#---------------------------------------------------------------------------------------
  u_mac/out_dot_reg[23]/CK -       -     R     (arrival)         32     0     0       0 
  u_mac/out_dot_reg[23]/Q  -       CK->Q R     DFFQ_X1M_A9TL      4   201   326     326 
  vpu_dot_out[23]          -       -     R     (port)             -     -     0     326 
#---------------------------------------------------------------------------------------



Path 41: MET (1866 ps) Late External Delay Assertion at pin vpu_dot_out[0]
          Group: reg2out
     Startpoint: (R) u_mac/out_dot_reg[0]/CK
          Clock: (R) clk
       Endpoint: (F) vpu_dot_out[0]
          Clock: (R) clk

                     Capture       Launch     
        Clock Edge:+    3300            0     
       Src Latency:+       0            0     
       Net Latency:+       0 (I)        0 (I) 
           Arrival:=    3300            0     
                                              
      Output Delay:-     990                  
       Uncertainty:-     125                  
     Required Time:=    2185                  
      Launch Clock:-       0                  
         Data Path:-     319                  
             Slack:=    1866                  

Exceptions/Constraints:
  output_delay             990             dut.sdc_line_17_477_1   

#--------------------------------------------------------------------------------------
#      Timing Point       Flags   Arc   Edge     Cell       Fanout Trans Delay Arrival 
#                                                                   (ps)  (ps)   (ps)  
#--------------------------------------------------------------------------------------
  u_mac/out_dot_reg[0]/CK -       -     R     (arrival)         32     0     0       0 
  u_mac/out_dot_reg[0]/Q  -       CK->Q F     DFFQ_X1M_A9TL      3   128   319     319 
  vpu_dot_out[0]          -       -     F     (port)             -     -     0     319 
#--------------------------------------------------------------------------------------



Path 42: MET (1869 ps) Late External Delay Assertion at pin vpu_dot_out[1]
          Group: reg2out
     Startpoint: (R) u_mac/out_dot_reg[1]/CK
          Clock: (R) clk
       Endpoint: (F) vpu_dot_out[1]
          Clock: (R) clk

                     Capture       Launch     
        Clock Edge:+    3300            0     
       Src Latency:+       0            0     
       Net Latency:+       0 (I)        0 (I) 
           Arrival:=    3300            0     
                                              
      Output Delay:-     990                  
       Uncertainty:-     125                  
     Required Time:=    2185                  
      Launch Clock:-       0                  
         Data Path:-     316                  
             Slack:=    1869                  

Exceptions/Constraints:
  output_delay             990             dut.sdc_line_17_476_1   

#--------------------------------------------------------------------------------------
#      Timing Point       Flags   Arc   Edge     Cell       Fanout Trans Delay Arrival 
#                                                                   (ps)  (ps)   (ps)  
#--------------------------------------------------------------------------------------
  u_mac/out_dot_reg[1]/CK -       -     R     (arrival)         32     0     0       0 
  u_mac/out_dot_reg[1]/Q  -       CK->Q F     DFFQ_X1M_A9TL      3   123   316     316 
  vpu_dot_out[1]          -       -     F     (port)             -     -     0     316 
#--------------------------------------------------------------------------------------



Path 43: MET (1870 ps) Late External Delay Assertion at pin vpu_dot_out[28]
          Group: reg2out
     Startpoint: (R) u_mac/out_dot_reg[28]/CK
          Clock: (R) clk
       Endpoint: (F) vpu_dot_out[28]
          Clock: (R) clk

                     Capture       Launch     
        Clock Edge:+    3300            0     
       Src Latency:+       0            0     
       Net Latency:+       0 (I)        0 (I) 
           Arrival:=    3300            0     
                                              
      Output Delay:-     990                  
       Uncertainty:-     125                  
     Required Time:=    2185                  
      Launch Clock:-       0                  
         Data Path:-     315                  
             Slack:=    1870                  

Exceptions/Constraints:
  output_delay             990             dut.sdc_line_17_449_1   

#---------------------------------------------------------------------------------------
#      Timing Point        Flags   Arc   Edge     Cell       Fanout Trans Delay Arrival 
#                                                                    (ps)  (ps)   (ps)  
#---------------------------------------------------------------------------------------
  u_mac/out_dot_reg[28]/CK -       -     R     (arrival)         32     0     0       0 
  u_mac/out_dot_reg[28]/Q  -       CK->Q F     DFFQ_X1M_A9TL      3   121   315     315 
  vpu_dot_out[28]          -       -     F     (port)             -     -     0     315 
#---------------------------------------------------------------------------------------



Path 44: MET (1870 ps) Late External Delay Assertion at pin vpu_max_valid_out
          Group: reg2out
     Startpoint: (R) vpu_max_valid_out_reg/CK
          Clock: (R) clk
       Endpoint: (R) vpu_max_valid_out
          Clock: (R) clk

                     Capture       Launch     
        Clock Edge:+    3300            0     
       Src Latency:+       0            0     
       Net Latency:+       0 (I)        0 (I) 
           Arrival:=    3300            0     
                                              
      Output Delay:-     990                  
       Uncertainty:-     125                  
     Required Time:=    2185                  
      Launch Clock:-       0                  
         Data Path:-     315                  
             Slack:=    1870                  

Exceptions/Constraints:
  output_delay             990             dut.sdc_line_17_481_1   

#-----------------------------------------------------------------------------------------
#      Timing Point        Flags   Arc   Edge      Cell        Fanout Trans Delay Arrival 
#                                                                      (ps)  (ps)   (ps)  
#-----------------------------------------------------------------------------------------
  vpu_max_valid_out_reg/CK -       -     R     (arrival)          559     0     0       0 
  vpu_max_valid_out_reg/Q  -       CK->Q R     DFFRPQ_X1M_A9TL      1    93   315     315 
  vpu_max_valid_out        -       -     R     (port)               -     -     0     315 
#-----------------------------------------------------------------------------------------



Path 45: MET (1870 ps) Late External Delay Assertion at pin vpu_mac_valid_out
          Group: reg2out
     Startpoint: (R) vpu_mac_valid_out_reg/CK
          Clock: (R) clk
       Endpoint: (R) vpu_mac_valid_out
          Clock: (R) clk

                     Capture       Launch     
        Clock Edge:+    3300            0     
       Src Latency:+       0            0     
       Net Latency:+       0 (I)        0 (I) 
           Arrival:=    3300            0     
                                              
      Output Delay:-     990                  
       Uncertainty:-     125                  
     Required Time:=    2185                  
      Launch Clock:-       0                  
         Data Path:-     315                  
             Slack:=    1870                  

Exceptions/Constraints:
  output_delay             990             dut.sdc_line_17_480_1   

#-----------------------------------------------------------------------------------------
#      Timing Point        Flags   Arc   Edge      Cell        Fanout Trans Delay Arrival 
#                                                                      (ps)  (ps)   (ps)  
#-----------------------------------------------------------------------------------------
  vpu_mac_valid_out_reg/CK -       -     R     (arrival)          559     0     0       0 
  vpu_mac_valid_out_reg/Q  -       CK->Q R     DFFRPQ_X1M_A9TL      1    93   315     315 
  vpu_mac_valid_out        -       -     R     (port)               -     -     0     315 
#-----------------------------------------------------------------------------------------



Path 46: MET (1870 ps) Late External Delay Assertion at pin vpu_vecmul_valid_out
          Group: reg2out
     Startpoint: (R) vpu_vecmul_valid_out_reg/CK
          Clock: (R) clk
       Endpoint: (R) vpu_vecmul_valid_out
          Clock: (R) clk

                     Capture       Launch     
        Clock Edge:+    3300            0     
       Src Latency:+       0            0     
       Net Latency:+       0 (I)        0 (I) 
           Arrival:=    3300            0     
                                              
      Output Delay:-     990                  
       Uncertainty:-     125                  
     Required Time:=    2185                  
      Launch Clock:-       0                  
         Data Path:-     315                  
             Slack:=    1870                  

Exceptions/Constraints:
  output_delay             990             dut.sdc_line_17_479_1   

#--------------------------------------------------------------------------------------------
#        Timing Point         Flags   Arc   Edge      Cell        Fanout Trans Delay Arrival 
#                                                                         (ps)  (ps)   (ps)  
#--------------------------------------------------------------------------------------------
  vpu_vecmul_valid_out_reg/CK -       -     R     (arrival)          559     0     0       0 
  vpu_vecmul_valid_out_reg/Q  -       CK->Q R     DFFRPQ_X1M_A9TL      1    93   315     315 
  vpu_vecmul_valid_out        -       -     R     (port)               -     -     0     315 
#--------------------------------------------------------------------------------------------



Path 47: MET (1870 ps) Late External Delay Assertion at pin vpu_bb_valid_out
          Group: reg2out
     Startpoint: (R) vpu_bb_valid_out_reg/CK
          Clock: (R) clk
       Endpoint: (R) vpu_bb_valid_out
          Clock: (R) clk

                     Capture       Launch     
        Clock Edge:+    3300            0     
       Src Latency:+       0            0     
       Net Latency:+       0 (I)        0 (I) 
           Arrival:=    3300            0     
                                              
      Output Delay:-     990                  
       Uncertainty:-     125                  
     Required Time:=    2185                  
      Launch Clock:-       0                  
         Data Path:-     315                  
             Slack:=    1870                  

Exceptions/Constraints:
  output_delay             990             dut.sdc_line_17_478_1   

#----------------------------------------------------------------------------------------
#      Timing Point       Flags   Arc   Edge      Cell        Fanout Trans Delay Arrival 
#                                                                     (ps)  (ps)   (ps)  
#----------------------------------------------------------------------------------------
  vpu_bb_valid_out_reg/CK -       -     R     (arrival)          559     0     0       0 
  vpu_bb_valid_out_reg/Q  -       CK->Q R     DFFRPQ_X1M_A9TL      1    93   315     315 
  vpu_bb_valid_out        -       -     R     (port)               -     -     0     315 
#----------------------------------------------------------------------------------------



Path 48: MET (1871 ps) Late External Delay Assertion at pin vpu_dot_out[0]
          Group: reg2out
     Startpoint: (R) u_mac/out_dot_reg[0]/CK
          Clock: (R) clk
       Endpoint: (R) vpu_dot_out[0]
          Clock: (R) clk

                     Capture       Launch     
        Clock Edge:+    3300            0     
       Src Latency:+       0            0     
       Net Latency:+       0 (I)        0 (I) 
           Arrival:=    3300            0     
                                              
      Output Delay:-     990                  
       Uncertainty:-     125                  
     Required Time:=    2185                  
      Launch Clock:-       0                  
         Data Path:-     314                  
             Slack:=    1871                  

Exceptions/Constraints:
  output_delay             990             dut.sdc_line_17_477_1   

#--------------------------------------------------------------------------------------
#      Timing Point       Flags   Arc   Edge     Cell       Fanout Trans Delay Arrival 
#                                                                   (ps)  (ps)   (ps)  
#--------------------------------------------------------------------------------------
  u_mac/out_dot_reg[0]/CK -       -     R     (arrival)         32     0     0       0 
  u_mac/out_dot_reg[0]/Q  -       CK->Q R     DFFQ_X1M_A9TL      3   180   314     314 
  vpu_dot_out[0]          -       -     R     (port)             -     -     0     314 
#--------------------------------------------------------------------------------------



Path 49: MET (1871 ps) Late External Delay Assertion at pin vpu_dot_out[24]
          Group: reg2out
     Startpoint: (R) u_mac/out_dot_reg[24]/CK
          Clock: (R) clk
       Endpoint: (F) vpu_dot_out[24]
          Clock: (R) clk

                     Capture       Launch     
        Clock Edge:+    3300            0     
       Src Latency:+       0            0     
       Net Latency:+       0 (I)        0 (I) 
           Arrival:=    3300            0     
                                              
      Output Delay:-     990                  
       Uncertainty:-     125                  
     Required Time:=    2185                  
      Launch Clock:-       0                  
         Data Path:-     314                  
             Slack:=    1871                  

Exceptions/Constraints:
  output_delay             990             dut.sdc_line_17_453_1   

#---------------------------------------------------------------------------------------
#      Timing Point        Flags   Arc   Edge     Cell       Fanout Trans Delay Arrival 
#                                                                    (ps)  (ps)   (ps)  
#---------------------------------------------------------------------------------------
  u_mac/out_dot_reg[24]/CK -       -     R     (arrival)         32     0     0       0 
  u_mac/out_dot_reg[24]/Q  -       CK->Q F     DFFQ_X1M_A9TL      3   120   314     314 
  vpu_dot_out[24]          -       -     F     (port)             -     -     0     314 
#---------------------------------------------------------------------------------------



Path 50: MET (1872 ps) Late External Delay Assertion at pin vpu_dot_out[25]
          Group: reg2out
     Startpoint: (R) u_mac/out_dot_reg[25]/CK
          Clock: (R) clk
       Endpoint: (F) vpu_dot_out[25]
          Clock: (R) clk

                     Capture       Launch     
        Clock Edge:+    3300            0     
       Src Latency:+       0            0     
       Net Latency:+       0 (I)        0 (I) 
           Arrival:=    3300            0     
                                              
      Output Delay:-     990                  
       Uncertainty:-     125                  
     Required Time:=    2185                  
      Launch Clock:-       0                  
         Data Path:-     313                  
             Slack:=    1872                  

Exceptions/Constraints:
  output_delay             990             dut.sdc_line_17_452_1   

#---------------------------------------------------------------------------------------
#      Timing Point        Flags   Arc   Edge     Cell       Fanout Trans Delay Arrival 
#                                                                    (ps)  (ps)   (ps)  
#---------------------------------------------------------------------------------------
  u_mac/out_dot_reg[25]/CK -       -     R     (arrival)         32     0     0       0 
  u_mac/out_dot_reg[25]/Q  -       CK->Q F     DFFQ_X1M_A9TL      3   119   313     313 
  vpu_dot_out[25]          -       -     F     (port)             -     -     0     313 
#---------------------------------------------------------------------------------------

