============================================================
  Generated by:           Genus(TM) Synthesis Solution 25.12-s067_1
  Generated on:           Sep 24 2026  06:03:26 pm
  Module:                 tr_nonlinear_vpu
  Operating conditions:   ss_typical_max_0p90v_125c (balanced_tree)
  Wireload mode:          top
  Area mode:              timing library
============================================================


Path 1: MET (0 ps) Setup Check with Pin vpu_data_out_reg[7][12]/CK->D
          Group: in2reg
     Startpoint: (F) sram_data_a[7][2]
          Clock: (R) clk
       Endpoint: (F) vpu_data_out_reg[7][12]/D
          Clock: (R) clk

                     Capture       Launch     
        Clock Edge:+    3300            0     
        Drv Adjust:+       0           24     
       Src Latency:+       0            0     
       Net Latency:+       0 (I)        0 (I) 
           Arrival:=    3300           24     
                                              
             Setup:-      87                  
       Uncertainty:-     125                  
     Required Time:=    3088                  
      Launch Clock:-      24                  
       Input Delay:-     990                  
         Data Path:-    2074                  
             Slack:=       0                  

Exceptions/Constraints:
  input_delay             990             dut.sdc_line_15_14_1   


