============================================================
  Generated by:           Genus(TM) Synthesis Solution 25.12-s067_1
  Generated on:           Mar 26 2026  04:48:21 pm
  Module:                 tr_softmax
  Operating conditions:   ss_typical_max_0p90v_125c (balanced_tree)
  Wireload mode:          top
  Area mode:              timing library
============================================================

Timing
--------

Clock Period 
-------------
clk   3000.0 


        Cost          Critical              Violating 
       Group         Path Slack     TNS       Paths   
------------------------------------------------------
cg_enable_group_clk      1695.7        0.0          0 
clk                    No paths        0.0            
default                No paths        0.0            
in2out                     93.3        0.0          0 
in2reg                    605.7        0.0          0 
reg2out                 -1524.1   -11302.4          8 
reg2reg                    96.2        0.0          0 
------------------------------------------------------
Total                             -11302.4          8 

Instance Count
--------------
Leaf Instance Count             2494 
Physical Instance count            0 
Sequential Instance Count        249 
Combinational Instance Count    2245 
Hierarchical Instance Count       25 

Area
----
Cell Area                          9480.960
Physical Cell Area                 0.000
Total Cell Area (Cell+Physical)    9480.960
Net Area                           0.000
Total Area (Cell+Physical+Net)     9480.960

Max Fanout                         208 (dsp_mac/RC_CG_HIER_INST0/ck_out)
Min Fanout                         0 (valid_sum)
Average Fanout                     2.0
Terms to net ratio                 2.9220
Terms to instance ratio            3.2149
Runtime                            154.97838900000005 seconds
Elapsed Runtime                    148 seconds
Genus peak memory usage            2467.33 
Innovus peak memory usage          no_value 
Hostname                           enicsw11.local
