============================================================
  Generated by:           Genus(TM) Synthesis Solution 25.12-s067_1
  Generated on:           Mar 12 2026  01:02:56 pm
  Module:                 vec_mac_su
  Operating conditions:   ss_typical_max_0p90v_125c (balanced_tree)
  Wireload mode:          top
  Area mode:              timing library
============================================================


Path 1: MET (4685 ps) Setup Check with Pin vec_sum_reg_reg[31]/clk->d
          Group: reg2reg
     Startpoint: (R) prod_reg_reg[1][1]/clk
          Clock: (R) clk
       Endpoint: (R) vec_sum_reg_reg[31]/d
          Clock: (R) clk

                     Capture       Launch     
        Clock Edge:+   10000            0     
       Src Latency:+       0            0     
       Net Latency:+       0 (I)        0 (I) 
           Arrival:=   10000            0     
                                              
             Setup:-     266                  
       Uncertainty:-     125                  
     Required Time:=    9609                  
      Launch Clock:-       0                  
         Data Path:-    4924                  
             Slack:=    4685                  

#-----------------------------------------------------------------------------------------
#     Timing Point       Flags    Arc    Edge      Cell        Fanout Trans Delay Arrival 
#                                                                      (ps)  (ps)   (ps)  
#-----------------------------------------------------------------------------------------
  prod_reg_reg[1][1]/clk -       -       R     (arrival)          337     0     0       0 
  prod_reg_reg[1][1]/q   (u)     clk->q  R     unmapped_d_flop      2     0   348     348 
  add_138_26_I2/g9/z     (u)     in_1->z F     unmapped_nor2        1     0    61     408 
  add_138_26_I2/g41/z    (u)     in_0->z R     unmapped_not         2     0    50     459 
  add_138_26_I2/g42/z    (u)     in_1->z F     unmapped_nand2       1     0    61     520 
  add_138_26_I2/g43/z    (u)     in_1->z R     unmapped_nand2       3     0    82     601 
  add_138_26_I2/g75/z    (u)     in_1->z F     unmapped_nand2       1     0    61     662 
  add_138_26_I2/g76/z    (u)     in_1->z R     unmapped_nand2       5     0    96     758 
  add_138_26_I2/g108/z   (u)     in_0->z F     unmapped_nand2       1     0    61     818 
  add_138_26_I2/g109/z   (u)     in_1->z R     unmapped_nand2       1     0    61     879 
  add_138_26_I2/g168/z   (u)     in_0->z R     unmapped_xnor2       2     0   132    1011 
  add_138_26_I3/g17/z    (u)     in_0->z F     unmapped_nor2        3     0    82    1092 
  add_138_26_I3/g50/z    (u)     in_1->z R     unmapped_nor2        1     0    61    1153 
  add_138_26_I3/g52/z    (u)     in_0->z F     unmapped_nor2        3     0    82    1234 
  add_138_26_I3/g89/z    (u)     in_0->z R     unmapped_nor2        1     0    61    1295 
  add_138_26_I3/g91/z    (u)     in_0->z F     unmapped_nor2        1     0    61    1356 
  add_138_26_I3/g123/z   (u)     in_0->z R     unmapped_nand2       9     0   117    1473 
  add_138_26_I3/g142/z   (u)     in_0->z F     unmapped_nand2       1     0    61    1534 
  add_138_26_I3/g143/z   (u)     in_1->z R     unmapped_nand2       1     0    61    1595 
  add_138_26_I3/g186/z   (u)     in_0->z R     unmapped_xnor2       2     0   132    1727 
  add_138_26_I4/g25/z    (u)     in_0->z F     unmapped_nor2        3     0    82    1808 
  add_138_26_I4/g60/z    (u)     in_1->z R     unmapped_nor2        1     0    61    1869 
  add_138_26_I4/g62/z    (u)     in_0->z F     unmapped_nor2        3     0    82    1950 
  add_138_26_I4/g95/z    (u)     in_1->z R     unmapped_nor2        1     0    61    2011 
  add_138_26_I4/g97/z    (u)     in_0->z F     unmapped_nor2        1     0    61    2072 
  add_138_26_I4/g155/z   (u)     in_0->z R     unmapped_nand2       1     0    61    2133 
  add_138_26_I4/g201/z   (u)     in_0->z R     unmapped_xnor2       2     0   132    2264 
  add_138_26_I5/g29/z    (u)     in_0->z F     unmapped_nor2        3     0    82    2346 
  add_138_26_I5/g69/z    (u)     in_1->z R     unmapped_nor2        2     0    74    2420 
  add_138_26_I5/g106/z   (u)     in_0->z F     unmapped_not         1     0    37    2457 
  add_138_26_I5/g107/z   (u)     in_1->z R     unmapped_nor2        1     0    61    2518 
  add_138_26_I5/g109/z   (u)     in_0->z F     unmapped_nor2        5     0    96    2613 
  add_138_26_I5/g142/z   (u)     in_1->z R     unmapped_nor2        1     0    61    2674 
  add_138_26_I5/g144/z   (u)     in_0->z F     unmapped_nor2        1     0    61    2735 
  add_138_26_I5/g171/z   (u)     in_0->z R     unmapped_nand2       1     0    61    2796 
  add_138_26_I5/g221/z   (u)     in_0->z R     unmapped_xnor2       2     0   132    2927 
  add_138_26_I6/g33/z    (u)     in_0->z F     unmapped_nor2        3     0    82    3009 
  add_138_26_I6/g72/z    (u)     in_1->z R     unmapped_nor2        1     0    61    3070 
  add_138_26_I6/g74/z    (u)     in_0->z F     unmapped_nor2        3     0    82    3151 
  add_138_26_I6/g113/z   (u)     in_1->z R     unmapped_nor2        1     0    61    3212 
  add_138_26_I6/g115/z   (u)     in_0->z F     unmapped_nor2        1     0    61    3273 
  add_138_26_I6/g154/z   (u)     in_0->z R     unmapped_not         1     0    37    3310 
  add_138_26_I6/g155/z   (u)     in_1->z F     unmapped_nor2        1     0    61    3370 
  add_138_26_I6/g181/z   (u)     in_0->z R     unmapped_nand2       1     0    61    3431 
  add_138_26_I6/g234/z   (u)     in_0->z R     unmapped_xnor2       2     0   132    3563 
  add_138_26_I7/g37/z    (u)     in_0->z F     unmapped_nor2        3     0    82    3644 
  add_138_26_I7/g81/z    (u)     in_1->z R     unmapped_nor2        2     0    74    3718 
  add_138_26_I7/g124/z   (u)     in_0->z F     unmapped_not         1     0    37    3755 
  add_138_26_I7/g125/z   (u)     in_1->z R     unmapped_nor2        1     0    61    3816 
  add_138_26_I7/g127/z   (u)     in_0->z F     unmapped_nor2        1     0    61    3877 
  add_138_26_I7/g164/z   (u)     in_0->z R     unmapped_not         1     0    37    3914 
  add_138_26_I7/g165/z   (u)     in_1->z F     unmapped_nor2        1     0    61    3974 
  add_138_26_I7/g194/z   (u)     in_0->z R     unmapped_nand2       7     0   107    4081 
  add_138_26_I7/g196/z   (u)     in_0->z F     unmapped_nand2       1     0    61    4142 
  add_138_26_I7/g197/z   (u)     in_1->z R     unmapped_nand2       1     0    61    4202 
  add_138_26_I7/g252/z   (u)     in_0->z R     unmapped_xnor2       2     0   132    4334 
  add_138_26_I8/g41/z    (u)     in_0->z F     unmapped_nor2        3     0    82    4416 
  add_138_26_I8/g78/z    (u)     in_1->z R     unmapped_nor2        1     0    61    4476 
  add_138_26_I8/g80/z    (u)     in_0->z F     unmapped_nor2        2     0    74    4551 
  add_138_26_I8/g121/z   (u)     in_1->z R     unmapped_nor2        1     0    61    4612 
  add_138_26_I8/g123/z   (u)     in_0->z F     unmapped_nor2        1     0    61    4672 
  add_138_26_I8/g185/z   (u)     in_0->z R     unmapped_nand2       1     0    61    4733 
  add_138_26_I8/g236/z   (u)     in_0->z R     unmapped_xnor2      13     0   191    4924 
  vec_sum_reg_reg[31]/d  -       -       R     unmapped_d_flop     13     -     0    4924 
#-----------------------------------------------------------------------------------------

(u) : Net has unmapped pin(s).

