============================================================
  Generated by:           Genus(TM) Synthesis Solution 25.12-s067_1
  Generated on:           Apr 12 2026  06:42:08 pm
  Operating conditions:   ss_typical_max_0p90v_125c (balanced_tree)
  Wireload mode:          top
  Area mode:              timing library
============================================================

                                                                                        
        Gate         Instances    Area                       Library                    
----------------------------------------------------------------------------------------
A2DFFQN_X0P5M_A9TL           3    21.600 sc9_cln65lp_base_lvt_ss_typical_max_0p90v_125c 
A2DFFQ_X0P5M_A9TL          181  1303.200 sc9_cln65lp_base_lvt_ss_typical_max_0p90v_125c 
A2DFFQ_X1M_A9TL             77   582.120 sc9_cln65lp_base_lvt_ss_typical_max_0p90v_125c 
A2DFFQ_X2M_A9TL             19   157.320 sc9_cln65lp_base_lvt_ss_typical_max_0p90v_125c 
A2DFFQ_X3M_A9TL              7    60.480 sc9_cln65lp_base_lvt_ss_typical_max_0p90v_125c 
ADDFH_X1M_A9TL              29   323.640 sc9_cln65lp_base_lvt_ss_typical_max_0p90v_125c 
ADDFH_X1P4M_A9TL             1    11.880 sc9_cln65lp_base_lvt_ss_typical_max_0p90v_125c 
ADDFH_X2M_A9TL              20   237.600 sc9_cln65lp_base_lvt_ss_typical_max_0p90v_125c 
ADDF_X1M_A9TL              129  1021.680 sc9_cln65lp_base_lvt_ss_typical_max_0p90v_125c 
ADDF_X1P4M_A9TL             11   102.960 sc9_cln65lp_base_lvt_ss_typical_max_0p90v_125c 
ADDF_X2M_A9TL               23   215.280 sc9_cln65lp_base_lvt_ss_typical_max_0p90v_125c 
ADDH_X1M_A9TL               49   229.320 sc9_cln65lp_base_lvt_ss_typical_max_0p90v_125c 
ADDH_X1P4M_A9TL              2    11.520 sc9_cln65lp_base_lvt_ss_typical_max_0p90v_125c 
ADDH_X2M_A9TL                3    17.280 sc9_cln65lp_base_lvt_ss_typical_max_0p90v_125c 
AND2_X0P7M_A9TH              1     1.800 sc9_cln65lp_base_hvt_ss_typical_max_0p90v_125c 
AND2_X0P7M_A9TL              5     9.000 sc9_cln65lp_base_lvt_ss_typical_max_0p90v_125c 
AND2_X11M_A9TL               5    55.800 sc9_cln65lp_base_lvt_ss_typical_max_0p90v_125c 
AND2_X1M_A9TH                2     3.600 sc9_cln65lp_base_hvt_ss_typical_max_0p90v_125c 
AND2_X1M_A9TL              247   444.600 sc9_cln65lp_base_lvt_ss_typical_max_0p90v_125c 
AND2_X1P4M_A9TL              2     5.040 sc9_cln65lp_base_lvt_ss_typical_max_0p90v_125c 
AND2_X2M_A9TL               83   209.160 sc9_cln65lp_base_lvt_ss_typical_max_0p90v_125c 
AND2_X3M_A9TL               20    79.200 sc9_cln65lp_base_lvt_ss_typical_max_0p90v_125c 
AND2_X4M_A9TL               17    73.440 sc9_cln65lp_base_lvt_ss_typical_max_0p90v_125c 
AND2_X6M_A9TL               11    67.320 sc9_cln65lp_base_lvt_ss_typical_max_0p90v_125c 
AND2_X8M_A9TL               12    95.040 sc9_cln65lp_base_lvt_ss_typical_max_0p90v_125c 
AND3_X1M_A9TL               14    35.280 sc9_cln65lp_base_lvt_ss_typical_max_0p90v_125c 
AND3_X2M_A9TL               14    60.480 sc9_cln65lp_base_lvt_ss_typical_max_0p90v_125c 
AND3_X3M_A9TL                3    17.280 sc9_cln65lp_base_lvt_ss_typical_max_0p90v_125c 
AND3_X4M_A9TL               12    77.760 sc9_cln65lp_base_lvt_ss_typical_max_0p90v_125c 
AND3_X6M_A9TL                2    20.160 sc9_cln65lp_base_lvt_ss_typical_max_0p90v_125c 
AND3_X8M_A9TL                2    25.200 sc9_cln65lp_base_lvt_ss_typical_max_0p90v_125c 
AND4_X0P5M_A9TL              1     2.880 sc9_cln65lp_base_lvt_ss_typical_max_0p90v_125c 
AND4_X4M_A9TL                2    23.760 sc9_cln65lp_base_lvt_ss_typical_max_0p90v_125c 
AND4_X6M_A9TL                1    15.480 sc9_cln65lp_base_lvt_ss_typical_max_0p90v_125c 
AO1B2_X0P7M_A9TL             2     5.040 sc9_cln65lp_base_lvt_ss_typical_max_0p90v_125c 
AO1B2_X1M_A9TL              58   146.160 sc9_cln65lp_base_lvt_ss_typical_max_0p90v_125c 
AO1B2_X2M_A9TL              24    86.400 sc9_cln65lp_base_lvt_ss_typical_max_0p90v_125c 
AO1B2_X3M_A9TL               3    16.200 sc9_cln65lp_base_lvt_ss_typical_max_0p90v_125c 
AO1B2_X4M_A9TL               8    48.960 sc9_cln65lp_base_lvt_ss_typical_max_0p90v_125c 
AO1B2_X6M_A9TL               5    45.000 sc9_cln65lp_base_lvt_ss_typical_max_0p90v_125c 
AO21B_X1M_A9TL              46   115.920 sc9_cln65lp_base_lvt_ss_typical_max_0p90v_125c 
AO21B_X1M_A9TR               1     2.520 sc9_cln65lp_base_rvt_ss_typical_max_0p90v_125c 
AO21B_X2M_A9TL              38   136.800 sc9_cln65lp_base_lvt_ss_typical_max_0p90v_125c 
AO21B_X3M_A9TL              17    91.800 sc9_cln65lp_base_lvt_ss_typical_max_0p90v_125c 
AO21B_X4M_A9TL               6    36.720 sc9_cln65lp_base_lvt_ss_typical_max_0p90v_125c 
AO21B_X6M_A9TL               5    45.000 sc9_cln65lp_base_lvt_ss_typical_max_0p90v_125c 
AO21_X0P7M_A9TR              1     2.880 sc9_cln65lp_base_rvt_ss_typical_max_0p90v_125c 
AO21_X1M_A9TL               25    72.000 sc9_cln65lp_base_lvt_ss_typical_max_0p90v_125c 
AO21_X2M_A9TL                2     9.360 sc9_cln65lp_base_lvt_ss_typical_max_0p90v_125c 
AO22_X0P5M_A9TL              1     3.240 sc9_cln65lp_base_lvt_ss_typical_max_0p90v_125c 
AO22_X1M_A9TL               31   100.440 sc9_cln65lp_base_lvt_ss_typical_max_0p90v_125c 
AO22_X2M_A9TL               12    69.120 sc9_cln65lp_base_lvt_ss_typical_max_0p90v_125c 
AOI211_X1M_A9TL             39    98.280 sc9_cln65lp_base_lvt_ss_typical_max_0p90v_125c 
AOI211_X1P4M_A9TL            1     3.960 sc9_cln65lp_base_lvt_ss_typical_max_0p90v_125c 
AOI211_X2M_A9TL              2     8.640 sc9_cln65lp_base_lvt_ss_typical_max_0p90v_125c 
AOI211_X3M_A9TL              3    17.280 sc9_cln65lp_base_lvt_ss_typical_max_0p90v_125c 
AOI21B_X1M_A9TL             29    83.520 sc9_cln65lp_base_lvt_ss_typical_max_0p90v_125c 
AOI21B_X1P4M_A9TL            1     4.320 sc9_cln65lp_base_lvt_ss_typical_max_0p90v_125c 
AOI21B_X2M_A9TL              1     4.320 sc9_cln65lp_base_lvt_ss_typical_max_0p90v_125c 
AOI21B_X3M_A9TL              2    11.520 sc9_cln65lp_base_lvt_ss_typical_max_0p90v_125c 
AOI21B_X4M_A9TL              3    21.600 sc9_cln65lp_base_lvt_ss_typical_max_0p90v_125c 
AOI21B_X4M_A9TR              1     7.200 sc9_cln65lp_base_rvt_ss_typical_max_0p90v_125c 
AOI21B_X6M_A9TL              1    10.440 sc9_cln65lp_base_lvt_ss_typical_max_0p90v_125c 
AOI21_X0P7M_A9TL             8    17.280 sc9_cln65lp_base_lvt_ss_typical_max_0p90v_125c 
AOI21_X1M_A9TL             119   257.040 sc9_cln65lp_base_lvt_ss_typical_max_0p90v_125c 
AOI21_X1P4M_A9TL             8    28.800 sc9_cln65lp_base_lvt_ss_typical_max_0p90v_125c 
AOI21_X2M_A9TL              43   154.800 sc9_cln65lp_base_lvt_ss_typical_max_0p90v_125c 
AOI21_X3M_A9TL              45   210.600 sc9_cln65lp_base_lvt_ss_typical_max_0p90v_125c 
AOI21_X4M_A9TL              14    85.680 sc9_cln65lp_base_lvt_ss_typical_max_0p90v_125c 
AOI21_X6M_A9TL              53   477.000 sc9_cln65lp_base_lvt_ss_typical_max_0p90v_125c 
AOI21_X8M_A9TL               8    95.040 sc9_cln65lp_base_lvt_ss_typical_max_0p90v_125c 
AOI221_X1M_A9TL             31   100.440 sc9_cln65lp_base_lvt_ss_typical_max_0p90v_125c 
AOI221_X1P4M_A9TL            1     5.760 sc9_cln65lp_base_lvt_ss_typical_max_0p90v_125c 
AOI221_X2M_A9TL              1     5.760 sc9_cln65lp_base_lvt_ss_typical_max_0p90v_125c 
AOI22_X1M_A9TL             136   342.720 sc9_cln65lp_base_lvt_ss_typical_max_0p90v_125c 
AOI22_X1M_A9TR               1     2.520 sc9_cln65lp_base_rvt_ss_typical_max_0p90v_125c 
AOI22_X2M_A9TL              19    82.080 sc9_cln65lp_base_lvt_ss_typical_max_0p90v_125c 
AOI22_X3M_A9TL              10    61.200 sc9_cln65lp_base_lvt_ss_typical_max_0p90v_125c 
AOI22_X4M_A9TL               1     8.280 sc9_cln65lp_base_lvt_ss_typical_max_0p90v_125c 
AOI2XB1_X0P7M_A9TL           1     2.880 sc9_cln65lp_base_lvt_ss_typical_max_0p90v_125c 
AOI2XB1_X1M_A9TL            38   109.440 sc9_cln65lp_base_lvt_ss_typical_max_0p90v_125c 
AOI2XB1_X1P4M_A9TL           1     4.320 sc9_cln65lp_base_lvt_ss_typical_max_0p90v_125c 
AOI2XB1_X2M_A9TL            17    73.440 sc9_cln65lp_base_lvt_ss_typical_max_0p90v_125c 
AOI2XB1_X2M_A9TR             1     4.320 sc9_cln65lp_base_rvt_ss_typical_max_0p90v_125c 
AOI2XB1_X3M_A9TL             7    40.320 sc9_cln65lp_base_lvt_ss_typical_max_0p90v_125c 
AOI2XB1_X4M_A9TL             6    45.360 sc9_cln65lp_base_lvt_ss_typical_max_0p90v_125c 
AOI2XB1_X6M_A9TL            12   125.280 sc9_cln65lp_base_lvt_ss_typical_max_0p90v_125c 
AOI2XB1_X8M_A9TL             4    54.720 sc9_cln65lp_base_lvt_ss_typical_max_0p90v_125c 
AOI31_X1M_A9TL               4    10.080 sc9_cln65lp_base_lvt_ss_typical_max_0p90v_125c 
AOI31_X1P4M_A9TL             7    30.240 sc9_cln65lp_base_lvt_ss_typical_max_0p90v_125c 
AOI31_X2M_A9TL               4    17.280 sc9_cln65lp_base_lvt_ss_typical_max_0p90v_125c 
AOI31_X3M_A9TL               1     6.120 sc9_cln65lp_base_lvt_ss_typical_max_0p90v_125c 
AOI31_X4M_A9TL               2    16.560 sc9_cln65lp_base_lvt_ss_typical_max_0p90v_125c 
AOI31_X6M_A9TL               2    23.760 sc9_cln65lp_base_lvt_ss_typical_max_0p90v_125c 
AOI32_X1M_A9TL              23    66.240 sc9_cln65lp_base_lvt_ss_typical_max_0p90v_125c 
BUFH_X0P7M_A9TL             11    15.840 sc9_cln65lp_base_lvt_ss_typical_max_0p90v_125c 
BUFH_X1M_A9TL               31    44.640 sc9_cln65lp_base_lvt_ss_typical_max_0p90v_125c 
BUFH_X1P4M_A9TL             61   131.760 sc9_cln65lp_base_lvt_ss_typical_max_0p90v_125c 
BUFH_X2M_A9TL                6    15.120 sc9_cln65lp_base_lvt_ss_typical_max_0p90v_125c 
BUFH_X2P5M_A9TL              2     5.760 sc9_cln65lp_base_lvt_ss_typical_max_0p90v_125c 
BUFH_X3M_A9TL                2     5.760 sc9_cln65lp_base_lvt_ss_typical_max_0p90v_125c 
BUFH_X3M_A9TR                1     2.880 sc9_cln65lp_base_rvt_ss_typical_max_0p90v_125c 
BUFH_X4M_A9TL                2     7.920 sc9_cln65lp_base_lvt_ss_typical_max_0p90v_125c 
BUFH_X5M_A9TL                3    14.040 sc9_cln65lp_base_lvt_ss_typical_max_0p90v_125c 
BUFH_X7P5M_A9TL              1     6.840 sc9_cln65lp_base_lvt_ss_typical_max_0p90v_125c 
BUFH_X9M_A9TL                1     7.560 sc9_cln65lp_base_lvt_ss_typical_max_0p90v_125c 
BUF_X0P8B_A9TR               1     1.440 sc9_cln65lp_base_rvt_ss_typical_max_0p90v_125c 
BUF_X16B_A9TR                1    10.440 sc9_cln65lp_base_rvt_ss_typical_max_0p90v_125c 
BUF_X1B_A9TL                 1     1.440 sc9_cln65lp_base_lvt_ss_typical_max_0p90v_125c 
BUF_X1P7M_A9TL              14    30.240 sc9_cln65lp_base_lvt_ss_typical_max_0p90v_125c 
BUF_X2M_A9TL                34    73.440 sc9_cln65lp_base_lvt_ss_typical_max_0p90v_125c 
BUF_X2P5M_A9TL              12    30.240 sc9_cln65lp_base_lvt_ss_typical_max_0p90v_125c 
BUF_X3M_A9TL                37    93.240 sc9_cln65lp_base_lvt_ss_typical_max_0p90v_125c 
BUF_X3P5M_A9TL               4    12.960 sc9_cln65lp_base_lvt_ss_typical_max_0p90v_125c 
BUF_X4B_A9TL                 1     3.600 sc9_cln65lp_base_lvt_ss_typical_max_0p90v_125c 
BUF_X4M_A9TL                 8    28.800 sc9_cln65lp_base_lvt_ss_typical_max_0p90v_125c 
BUF_X5M_A9TL                22    87.120 sc9_cln65lp_base_lvt_ss_typical_max_0p90v_125c 
BUF_X6M_A9TL                34   146.880 sc9_cln65lp_base_lvt_ss_typical_max_0p90v_125c 
BUF_X7P5M_A9TR               1     5.760 sc9_cln65lp_base_rvt_ss_typical_max_0p90v_125c 
BUF_X9M_A9TL                 2    12.240 sc9_cln65lp_base_lvt_ss_typical_max_0p90v_125c 
CGENCIN_X1M_A9TL            10    72.000 sc9_cln65lp_base_lvt_ss_typical_max_0p90v_125c 
CGENCIN_X2M_A9TL             1    10.800 sc9_cln65lp_base_lvt_ss_typical_max_0p90v_125c 
CGENI_X1M_A9TL              56   161.280 sc9_cln65lp_base_lvt_ss_typical_max_0p90v_125c 
CGENI_X2M_A9TL              28   151.200 sc9_cln65lp_base_lvt_ss_typical_max_0p90v_125c 
CGEN_X1M_A9TL              225   810.000 sc9_cln65lp_base_lvt_ss_typical_max_0p90v_125c 
CGEN_X1M_A9TR               11    39.600 sc9_cln65lp_base_rvt_ss_typical_max_0p90v_125c 
CGEN_X1P4M_A9TL              1     3.960 sc9_cln65lp_base_lvt_ss_typical_max_0p90v_125c 
CGEN_X2M_A9TL               39   154.440 sc9_cln65lp_base_lvt_ss_typical_max_0p90v_125c 
DFFQ_X1M_A9TL              228  1723.680 sc9_cln65lp_base_lvt_ss_typical_max_0p90v_125c 
DFFQ_X2M_A9TL               60   496.800 sc9_cln65lp_base_lvt_ss_typical_max_0p90v_125c 
DFFQ_X4M_A9TL                8    74.880 sc9_cln65lp_base_lvt_ss_typical_max_0p90v_125c 
DFFRPQN_X1M_A9TL             3    24.840 sc9_cln65lp_base_lvt_ss_typical_max_0p90v_125c 
DFFRPQN_X3M_A9TL             1     9.720 sc9_cln65lp_base_lvt_ss_typical_max_0p90v_125c 
DFFRPQ_X0P5M_A9TH            7    60.480 sc9_cln65lp_base_hvt_ss_typical_max_0p90v_125c 
DFFRPQ_X1M_A9TH             14   120.960 sc9_cln65lp_base_hvt_ss_typical_max_0p90v_125c 
DFFRPQ_X1M_A9TL            875  7560.000 sc9_cln65lp_base_lvt_ss_typical_max_0p90v_125c 
DFFRPQ_X2M_A9TL            121  1089.000 sc9_cln65lp_base_lvt_ss_typical_max_0p90v_125c 
DFFRPQ_X3M_A9TL             93   870.480 sc9_cln65lp_base_lvt_ss_typical_max_0p90v_125c 
DFFRPQ_X4M_A9TL             35   352.800 sc9_cln65lp_base_lvt_ss_typical_max_0p90v_125c 
INV_X0P5B_A9TR               1     1.080 sc9_cln65lp_base_rvt_ss_typical_max_0p90v_125c 
INV_X0P5M_A9TH               8     8.640 sc9_cln65lp_base_hvt_ss_typical_max_0p90v_125c 
INV_X0P5M_A9TR               1     1.080 sc9_cln65lp_base_rvt_ss_typical_max_0p90v_125c 
INV_X0P6M_A9TL               1     1.080 sc9_cln65lp_base_lvt_ss_typical_max_0p90v_125c 
INV_X0P8M_A9TH               1     1.080 sc9_cln65lp_base_hvt_ss_typical_max_0p90v_125c 
INV_X0P8M_A9TL              49    52.920 sc9_cln65lp_base_lvt_ss_typical_max_0p90v_125c 
INV_X11B_A9TL                1     5.760 sc9_cln65lp_base_lvt_ss_typical_max_0p90v_125c 
INV_X11M_A9TL                4    23.040 sc9_cln65lp_base_lvt_ss_typical_max_0p90v_125c 
INV_X13M_A9TL                2    13.680 sc9_cln65lp_base_lvt_ss_typical_max_0p90v_125c 
INV_X16B_A9TL                1     8.280 sc9_cln65lp_base_lvt_ss_typical_max_0p90v_125c 
INV_X16M_A9TL                3    24.840 sc9_cln65lp_base_lvt_ss_typical_max_0p90v_125c 
INV_X1B_A9TL                 2     2.160 sc9_cln65lp_base_lvt_ss_typical_max_0p90v_125c 
INV_X1M_A9TL               557   601.560 sc9_cln65lp_base_lvt_ss_typical_max_0p90v_125c 
INV_X1P2B_A9TL               1     1.440 sc9_cln65lp_base_lvt_ss_typical_max_0p90v_125c 
INV_X1P4B_A9TL               4     5.760 sc9_cln65lp_base_lvt_ss_typical_max_0p90v_125c 
INV_X1P4M_A9TL              19    27.360 sc9_cln65lp_base_lvt_ss_typical_max_0p90v_125c 
INV_X1P7B_A9TL               2     2.880 sc9_cln65lp_base_lvt_ss_typical_max_0p90v_125c 
INV_X1P7M_A9TR               2     2.880 sc9_cln65lp_base_rvt_ss_typical_max_0p90v_125c 
INV_X2B_A9TL                27    38.880 sc9_cln65lp_base_lvt_ss_typical_max_0p90v_125c 
INV_X2B_A9TR                 3     4.320 sc9_cln65lp_base_rvt_ss_typical_max_0p90v_125c 
INV_X2M_A9TL               467   672.480 sc9_cln65lp_base_lvt_ss_typical_max_0p90v_125c 
INV_X2M_A9TR                 2     2.880 sc9_cln65lp_base_rvt_ss_typical_max_0p90v_125c 
INV_X2P5M_A9TL               1     2.160 sc9_cln65lp_base_lvt_ss_typical_max_0p90v_125c 
INV_X3B_A9TL                 1     2.160 sc9_cln65lp_base_lvt_ss_typical_max_0p90v_125c 
INV_X3M_A9TL               161   347.760 sc9_cln65lp_base_lvt_ss_typical_max_0p90v_125c 
INV_X3P5M_A9TL               6    15.120 sc9_cln65lp_base_lvt_ss_typical_max_0p90v_125c 
INV_X3P5M_A9TR               1     2.520 sc9_cln65lp_base_rvt_ss_typical_max_0p90v_125c 
INV_X4B_A9TL                13    32.760 sc9_cln65lp_base_lvt_ss_typical_max_0p90v_125c 
INV_X4M_A9TL               279   703.080 sc9_cln65lp_base_lvt_ss_typical_max_0p90v_125c 
INV_X5B_A9TL                 3     8.640 sc9_cln65lp_base_lvt_ss_typical_max_0p90v_125c 
INV_X5M_A9TL                83   239.040 sc9_cln65lp_base_lvt_ss_typical_max_0p90v_125c 
INV_X6B_A9TL                 9    32.400 sc9_cln65lp_base_lvt_ss_typical_max_0p90v_125c 
INV_X6M_A9TL                35   126.000 sc9_cln65lp_base_lvt_ss_typical_max_0p90v_125c 
INV_X7P5M_A9TL              31   133.920 sc9_cln65lp_base_lvt_ss_typical_max_0p90v_125c 
INV_X9B_A9TL                 4    18.720 sc9_cln65lp_base_lvt_ss_typical_max_0p90v_125c 
INV_X9M_A9TL                19    88.920 sc9_cln65lp_base_lvt_ss_typical_max_0p90v_125c 
MX2_X1M_A9TL                 1     4.320 sc9_cln65lp_base_lvt_ss_typical_max_0p90v_125c 
MX2_X1P4B_A9TL               1     5.040 sc9_cln65lp_base_lvt_ss_typical_max_0p90v_125c 
MX2_X2M_A9TL                 1     5.400 sc9_cln65lp_base_lvt_ss_typical_max_0p90v_125c 
MX2_X4M_A9TL                 1     9.360 sc9_cln65lp_base_lvt_ss_typical_max_0p90v_125c 
MX2_X6B_A9TL                 1    12.960 sc9_cln65lp_base_lvt_ss_typical_max_0p90v_125c 
MXIT2_X1M_A9TL              21    75.600 sc9_cln65lp_base_lvt_ss_typical_max_0p90v_125c 
MXIT2_X1P4M_A9TL             1     6.480 sc9_cln65lp_base_lvt_ss_typical_max_0p90v_125c 
MXIT2_X2M_A9TL              47   304.560 sc9_cln65lp_base_lvt_ss_typical_max_0p90v_125c 
MXIT2_X3M_A9TL              64   483.840 sc9_cln65lp_base_lvt_ss_typical_max_0p90v_125c 
MXIT2_X4M_A9TL              12   120.960 sc9_cln65lp_base_lvt_ss_typical_max_0p90v_125c 
MXT2_X0P5M_A9TL              4    14.400 sc9_cln65lp_base_lvt_ss_typical_max_0p90v_125c 
MXT2_X0P7M_A9TL              9    32.400 sc9_cln65lp_base_lvt_ss_typical_max_0p90v_125c 
MXT2_X1M_A9TL                8    34.560 sc9_cln65lp_base_lvt_ss_typical_max_0p90v_125c 
MXT2_X1P4M_A9TL             13    65.520 sc9_cln65lp_base_lvt_ss_typical_max_0p90v_125c 
MXT2_X3M_A9TL                4    33.120 sc9_cln65lp_base_lvt_ss_typical_max_0p90v_125c 
MXT2_X4M_A9TL                8    77.760 sc9_cln65lp_base_lvt_ss_typical_max_0p90v_125c 
MXT2_X6M_A9TL               15   156.600 sc9_cln65lp_base_lvt_ss_typical_max_0p90v_125c 
NAND2B_X1M_A9TL            158   341.280 sc9_cln65lp_base_lvt_ss_typical_max_0p90v_125c 
NAND2B_X2M_A9TL             21    60.480 sc9_cln65lp_base_lvt_ss_typical_max_0p90v_125c 
NAND2B_X3M_A9TL              3    11.880 sc9_cln65lp_base_lvt_ss_typical_max_0p90v_125c 
NAND2B_X4M_A9TL              6    28.080 sc9_cln65lp_base_lvt_ss_typical_max_0p90v_125c 
NAND2B_X6M_A9TL              4    27.360 sc9_cln65lp_base_lvt_ss_typical_max_0p90v_125c 
NAND2B_X8M_A9TL              1     8.640 sc9_cln65lp_base_lvt_ss_typical_max_0p90v_125c 
NAND2XB_X1M_A9TL            77   166.320 sc9_cln65lp_base_lvt_ss_typical_max_0p90v_125c 
NAND2XB_X1P4M_A9TL           5    14.400 sc9_cln65lp_base_lvt_ss_typical_max_0p90v_125c 
NAND2XB_X2M_A9TL            83   239.040 sc9_cln65lp_base_lvt_ss_typical_max_0p90v_125c 
NAND2XB_X2M_A9TR             5    14.400 sc9_cln65lp_base_rvt_ss_typical_max_0p90v_125c 
NAND2XB_X3M_A9TL            54   213.840 sc9_cln65lp_base_lvt_ss_typical_max_0p90v_125c 
NAND2XB_X3M_A9TR             1     3.960 sc9_cln65lp_base_rvt_ss_typical_max_0p90v_125c 
NAND2XB_X4M_A9TL            34   159.120 sc9_cln65lp_base_lvt_ss_typical_max_0p90v_125c 
NAND2XB_X4M_A9TR             1     4.680 sc9_cln65lp_base_rvt_ss_typical_max_0p90v_125c 
NAND2XB_X6M_A9TL            46   314.640 sc9_cln65lp_base_lvt_ss_typical_max_0p90v_125c 
NAND2XB_X6M_A9TR             2    13.680 sc9_cln65lp_base_rvt_ss_typical_max_0p90v_125c 
NAND2XB_X8M_A9TL            48   414.720 sc9_cln65lp_base_lvt_ss_typical_max_0p90v_125c 
NAND2XB_X8M_A9TR             1     8.640 sc9_cln65lp_base_rvt_ss_typical_max_0p90v_125c 
NAND2_X1A_A9TL             398   573.120 sc9_cln65lp_base_lvt_ss_typical_max_0p90v_125c 
NAND2_X1B_A9TL              18    25.920 sc9_cln65lp_base_lvt_ss_typical_max_0p90v_125c 
NAND2_X1M_A9TL             507   730.080 sc9_cln65lp_base_lvt_ss_typical_max_0p90v_125c 
NAND2_X1M_A9TR               7    10.080 sc9_cln65lp_base_rvt_ss_typical_max_0p90v_125c 
NAND2_X1P4A_A9TL             2     5.040 sc9_cln65lp_base_lvt_ss_typical_max_0p90v_125c 
NAND2_X1P4B_A9TL             2     5.040 sc9_cln65lp_base_lvt_ss_typical_max_0p90v_125c 
NAND2_X1P4M_A9TL           273   589.680 sc9_cln65lp_base_lvt_ss_typical_max_0p90v_125c 
NAND2_X2A_A9TL             218   549.360 sc9_cln65lp_base_lvt_ss_typical_max_0p90v_125c 
NAND2_X2B_A9TL               7    17.640 sc9_cln65lp_base_lvt_ss_typical_max_0p90v_125c 
NAND2_X2B_A9TR               4    10.080 sc9_cln65lp_base_rvt_ss_typical_max_0p90v_125c 
NAND2_X2M_A9TL              36    90.720 sc9_cln65lp_base_lvt_ss_typical_max_0p90v_125c 
NAND2_X2M_A9TR               1     2.520 sc9_cln65lp_base_rvt_ss_typical_max_0p90v_125c 
NAND2_X3A_A9TL             182   655.200 sc9_cln65lp_base_lvt_ss_typical_max_0p90v_125c 
NAND2_X3B_A9TL               6    21.600 sc9_cln65lp_base_lvt_ss_typical_max_0p90v_125c 
NAND2_X3M_A9TL               9    32.400 sc9_cln65lp_base_lvt_ss_typical_max_0p90v_125c 
NAND2_X4A_A9TL              37   159.840 sc9_cln65lp_base_lvt_ss_typical_max_0p90v_125c 
NAND2_X4A_A9TR               1     4.320 sc9_cln65lp_base_rvt_ss_typical_max_0p90v_125c 
NAND2_X4B_A9TL              11    47.520 sc9_cln65lp_base_lvt_ss_typical_max_0p90v_125c 
NAND2_X4M_A9TL             121   479.160 sc9_cln65lp_base_lvt_ss_typical_max_0p90v_125c 
NAND2_X6A_A9TL              30   183.600 sc9_cln65lp_base_lvt_ss_typical_max_0p90v_125c 
NAND2_X6A_A9TR               3    18.360 sc9_cln65lp_base_rvt_ss_typical_max_0p90v_125c 
NAND2_X6B_A9TL               8    48.960 sc9_cln65lp_base_lvt_ss_typical_max_0p90v_125c 
NAND2_X6M_A9TL              43   263.160 sc9_cln65lp_base_lvt_ss_typical_max_0p90v_125c 
NAND2_X6M_A9TR               1     6.120 sc9_cln65lp_base_rvt_ss_typical_max_0p90v_125c 
NAND2_X8A_A9TL              17   140.760 sc9_cln65lp_base_lvt_ss_typical_max_0p90v_125c 
NAND2_X8B_A9TL               2    16.560 sc9_cln65lp_base_lvt_ss_typical_max_0p90v_125c 
NAND2_X8M_A9TL              49   370.440 sc9_cln65lp_base_lvt_ss_typical_max_0p90v_125c 
NAND3B_X1M_A9TL              2     5.040 sc9_cln65lp_base_lvt_ss_typical_max_0p90v_125c 
NAND3B_X2M_A9TL              2     7.920 sc9_cln65lp_base_lvt_ss_typical_max_0p90v_125c 
NAND3B_X3M_A9TL              2    10.080 sc9_cln65lp_base_lvt_ss_typical_max_0p90v_125c 
NAND3B_X4M_A9TL              1     6.120 sc9_cln65lp_base_lvt_ss_typical_max_0p90v_125c 
NAND3XXB_X1M_A9TL           10    25.200 sc9_cln65lp_base_lvt_ss_typical_max_0p90v_125c 
NAND3XXB_X1P4M_A9TL          2     7.200 sc9_cln65lp_base_lvt_ss_typical_max_0p90v_125c 
NAND3XXB_X2M_A9TL           28   110.880 sc9_cln65lp_base_lvt_ss_typical_max_0p90v_125c 
NAND3XXB_X2M_A9TR            1     3.960 sc9_cln65lp_base_rvt_ss_typical_max_0p90v_125c 
NAND3XXB_X3M_A9TL           29   146.160 sc9_cln65lp_base_lvt_ss_typical_max_0p90v_125c 
NAND3XXB_X4M_A9TL           52   318.240 sc9_cln65lp_base_lvt_ss_typical_max_0p90v_125c 
NAND3XXB_X6M_A9TL           40   360.000 sc9_cln65lp_base_lvt_ss_typical_max_0p90v_125c 
NAND3XXB_X6M_A9TR            8    72.000 sc9_cln65lp_base_rvt_ss_typical_max_0p90v_125c 
NAND3_X1A_A9TL              10    21.600 sc9_cln65lp_base_lvt_ss_typical_max_0p90v_125c 
NAND3_X1M_A9TL              19    41.040 sc9_cln65lp_base_lvt_ss_typical_max_0p90v_125c 
NAND3_X1P4A_A9TL             9    29.160 sc9_cln65lp_base_lvt_ss_typical_max_0p90v_125c 
NAND3_X2A_A9TL               6    19.440 sc9_cln65lp_base_lvt_ss_typical_max_0p90v_125c 
NAND3_X2A_A9TR               1     3.240 sc9_cln65lp_base_rvt_ss_typical_max_0p90v_125c 
NAND3_X2M_A9TL              24    77.760 sc9_cln65lp_base_lvt_ss_typical_max_0p90v_125c 
NAND3_X3A_A9TL               4    18.720 sc9_cln65lp_base_lvt_ss_typical_max_0p90v_125c 
NAND3_X3M_A9TL               6    28.080 sc9_cln65lp_base_lvt_ss_typical_max_0p90v_125c 
NAND3_X4M_A9TL               6    34.560 sc9_cln65lp_base_lvt_ss_typical_max_0p90v_125c 
NAND3_X6A_A9TL               9    71.280 sc9_cln65lp_base_lvt_ss_typical_max_0p90v_125c 
NAND3_X6M_A9TL               3    25.920 sc9_cln65lp_base_lvt_ss_typical_max_0p90v_125c 
NAND4B_X4M_A9TL              1     7.560 sc9_cln65lp_base_lvt_ss_typical_max_0p90v_125c 
NAND4XXXB_X2M_A9TL          17    79.560 sc9_cln65lp_base_lvt_ss_typical_max_0p90v_125c 
NAND4XXXB_X3M_A9TL           3    18.360 sc9_cln65lp_base_lvt_ss_typical_max_0p90v_125c 
NAND4XXXB_X4M_A9TL           7    52.920 sc9_cln65lp_base_lvt_ss_typical_max_0p90v_125c 
NAND4_X1A_A9TL              12    30.240 sc9_cln65lp_base_lvt_ss_typical_max_0p90v_125c 
NAND4_X1M_A9TL               1     2.520 sc9_cln65lp_base_lvt_ss_typical_max_0p90v_125c 
NAND4_X1M_A9TR               1     2.520 sc9_cln65lp_base_rvt_ss_typical_max_0p90v_125c 
NAND4_X1P4A_A9TL            23    82.800 sc9_cln65lp_base_lvt_ss_typical_max_0p90v_125c 
NAND4_X1P4M_A9TL             4    14.400 sc9_cln65lp_base_lvt_ss_typical_max_0p90v_125c 
NAND4_X2A_A9TL               2     7.920 sc9_cln65lp_base_lvt_ss_typical_max_0p90v_125c 
NAND4_X2M_A9TL               9    35.640 sc9_cln65lp_base_lvt_ss_typical_max_0p90v_125c 
NAND4_X4A_A9TL               4    28.800 sc9_cln65lp_base_lvt_ss_typical_max_0p90v_125c 
NAND4_X4M_A9TL               2    14.400 sc9_cln65lp_base_lvt_ss_typical_max_0p90v_125c 
NOR2B_X1M_A9TL              64   138.240 sc9_cln65lp_base_lvt_ss_typical_max_0p90v_125c 
NOR2B_X2M_A9TL               4    11.520 sc9_cln65lp_base_lvt_ss_typical_max_0p90v_125c 
NOR2B_X3M_A9TL               4    14.400 sc9_cln65lp_base_lvt_ss_typical_max_0p90v_125c 
NOR2B_X4M_A9TL               3    12.960 sc9_cln65lp_base_lvt_ss_typical_max_0p90v_125c 
NOR2B_X6M_A9TL               3    20.520 sc9_cln65lp_base_lvt_ss_typical_max_0p90v_125c 
NOR2B_X6M_A9TR               1     6.840 sc9_cln65lp_base_rvt_ss_typical_max_0p90v_125c 
NOR2B_X8M_A9TL               2    16.560 sc9_cln65lp_base_lvt_ss_typical_max_0p90v_125c 
NOR2XB_X0P5M_A9TL            2     4.320 sc9_cln65lp_base_lvt_ss_typical_max_0p90v_125c 
NOR2XB_X0P7M_A9TL            1     2.160 sc9_cln65lp_base_lvt_ss_typical_max_0p90v_125c 
NOR2XB_X1M_A9TL             14    30.240 sc9_cln65lp_base_lvt_ss_typical_max_0p90v_125c 
NOR2XB_X1P4M_A9TL            1     2.880 sc9_cln65lp_base_lvt_ss_typical_max_0p90v_125c 
NOR2XB_X1P4M_A9TR            2     5.760 sc9_cln65lp_base_rvt_ss_typical_max_0p90v_125c 
NOR2XB_X2M_A9TL             71   204.480 sc9_cln65lp_base_lvt_ss_typical_max_0p90v_125c 
NOR2XB_X2M_A9TR              5    14.400 sc9_cln65lp_base_rvt_ss_typical_max_0p90v_125c 
NOR2XB_X3M_A9TL             33   118.800 sc9_cln65lp_base_lvt_ss_typical_max_0p90v_125c 
NOR2XB_X4M_A9TL             38   164.160 sc9_cln65lp_base_lvt_ss_typical_max_0p90v_125c 
NOR2XB_X6M_A9TL             14    90.720 sc9_cln65lp_base_lvt_ss_typical_max_0p90v_125c 
NOR2XB_X6M_A9TR              2    12.960 sc9_cln65lp_base_rvt_ss_typical_max_0p90v_125c 
NOR2XB_X8M_A9TL             20   165.600 sc9_cln65lp_base_lvt_ss_typical_max_0p90v_125c 
NOR2_X1A_A9TL               95   136.800 sc9_cln65lp_base_lvt_ss_typical_max_0p90v_125c 
NOR2_X1B_A9TL              134   192.960 sc9_cln65lp_base_lvt_ss_typical_max_0p90v_125c 
NOR2_X1M_A9TL               96   138.240 sc9_cln65lp_base_lvt_ss_typical_max_0p90v_125c 
NOR2_X1P4A_A9TL             40    86.400 sc9_cln65lp_base_lvt_ss_typical_max_0p90v_125c 
NOR2_X1P4B_A9TL              8    17.280 sc9_cln65lp_base_lvt_ss_typical_max_0p90v_125c 
NOR2_X1P4M_A9TL             28    60.480 sc9_cln65lp_base_lvt_ss_typical_max_0p90v_125c 
NOR2_X1P4M_A9TR             10    21.600 sc9_cln65lp_base_rvt_ss_typical_max_0p90v_125c 
NOR2_X2A_A9TL               86   216.720 sc9_cln65lp_base_lvt_ss_typical_max_0p90v_125c 
NOR2_X2A_A9TR                2     5.040 sc9_cln65lp_base_rvt_ss_typical_max_0p90v_125c 
NOR2_X2B_A9TL                1     2.520 sc9_cln65lp_base_lvt_ss_typical_max_0p90v_125c 
NOR2_X2B_A9TR                9    22.680 sc9_cln65lp_base_rvt_ss_typical_max_0p90v_125c 
NOR2_X2M_A9TL               24    60.480 sc9_cln65lp_base_lvt_ss_typical_max_0p90v_125c 
NOR2_X2M_A9TR                1     2.520 sc9_cln65lp_base_rvt_ss_typical_max_0p90v_125c 
NOR2_X3A_A9TL               45   145.800 sc9_cln65lp_base_lvt_ss_typical_max_0p90v_125c 
NOR2_X3B_A9TL                2     6.480 sc9_cln65lp_base_lvt_ss_typical_max_0p90v_125c 
NOR2_X3M_A9TL               22    71.280 sc9_cln65lp_base_lvt_ss_typical_max_0p90v_125c 
NOR2_X4A_A9TL               27   106.920 sc9_cln65lp_base_lvt_ss_typical_max_0p90v_125c 
NOR2_X4B_A9TL                6    23.760 sc9_cln65lp_base_lvt_ss_typical_max_0p90v_125c 
NOR2_X4M_A9TL               38   150.480 sc9_cln65lp_base_lvt_ss_typical_max_0p90v_125c 
NOR2_X6A_A9TL               20   122.400 sc9_cln65lp_base_lvt_ss_typical_max_0p90v_125c 
NOR2_X6B_A9TL                3    18.360 sc9_cln65lp_base_lvt_ss_typical_max_0p90v_125c 
NOR2_X6M_A9TL                8    48.960 sc9_cln65lp_base_lvt_ss_typical_max_0p90v_125c 
NOR2_X6M_A9TR                2    12.240 sc9_cln65lp_base_rvt_ss_typical_max_0p90v_125c 
NOR2_X8A_A9TL               15   113.400 sc9_cln65lp_base_lvt_ss_typical_max_0p90v_125c 
NOR2_X8B_A9TL               10    75.600 sc9_cln65lp_base_lvt_ss_typical_max_0p90v_125c 
NOR2_X8M_A9TL                9    68.040 sc9_cln65lp_base_lvt_ss_typical_max_0p90v_125c 
NOR3_X1M_A9TL                2     4.320 sc9_cln65lp_base_lvt_ss_typical_max_0p90v_125c 
NOR3_X2A_A9TL                8    25.920 sc9_cln65lp_base_lvt_ss_typical_max_0p90v_125c 
NOR3_X3M_A9TL                8    37.440 sc9_cln65lp_base_lvt_ss_typical_max_0p90v_125c 
NOR3_X4M_A9TL                1     6.120 sc9_cln65lp_base_lvt_ss_typical_max_0p90v_125c 
OA211_X0P7M_A9TL             6    19.440 sc9_cln65lp_base_lvt_ss_typical_max_0p90v_125c 
OA211_X2M_A9TL              12    69.120 sc9_cln65lp_base_lvt_ss_typical_max_0p90v_125c 
OA211_X4M_A9TL               8    83.520 sc9_cln65lp_base_lvt_ss_typical_max_0p90v_125c 
OA211_X6M_A9TL               1    14.400 sc9_cln65lp_base_lvt_ss_typical_max_0p90v_125c 
OA21_X0P7M_A9TL              1     2.880 sc9_cln65lp_base_lvt_ss_typical_max_0p90v_125c 
OA21_X1M_A9TL               45   129.600 sc9_cln65lp_base_lvt_ss_typical_max_0p90v_125c 
OA21_X1M_A9TR                1     2.880 sc9_cln65lp_base_rvt_ss_typical_max_0p90v_125c 
OA21_X1P4M_A9TL              2     7.920 sc9_cln65lp_base_lvt_ss_typical_max_0p90v_125c 
OA21_X2M_A9TL                9    42.120 sc9_cln65lp_base_lvt_ss_typical_max_0p90v_125c 
OA21_X4M_A9TL                1     7.200 sc9_cln65lp_base_lvt_ss_typical_max_0p90v_125c 
OA21_X6M_A9TL                1    10.080 sc9_cln65lp_base_lvt_ss_typical_max_0p90v_125c 
OA21_X8M_A9TL                2    25.200 sc9_cln65lp_base_lvt_ss_typical_max_0p90v_125c 
OA22_X1M_A9TL                9    29.160 sc9_cln65lp_base_lvt_ss_typical_max_0p90v_125c 
OA22_X2M_A9TL                1     5.760 sc9_cln65lp_base_lvt_ss_typical_max_0p90v_125c 
OAI211_X1M_A9TL            124   312.480 sc9_cln65lp_base_lvt_ss_typical_max_0p90v_125c 
OAI211_X1P4M_A9TL            7    27.720 sc9_cln65lp_base_lvt_ss_typical_max_0p90v_125c 
OAI211_X2M_A9TL             32   138.240 sc9_cln65lp_base_lvt_ss_typical_max_0p90v_125c 
OAI211_X3M_A9TL             20   122.400 sc9_cln65lp_base_lvt_ss_typical_max_0p90v_125c 
OAI211_X4M_A9TL             11    83.160 sc9_cln65lp_base_lvt_ss_typical_max_0p90v_125c 
OAI21B_X0P7M_A9TL            3     8.640 sc9_cln65lp_base_lvt_ss_typical_max_0p90v_125c 
OAI21B_X1M_A9TL              5    14.400 sc9_cln65lp_base_lvt_ss_typical_max_0p90v_125c 
OAI21B_X1P4M_A9TL            7    25.200 sc9_cln65lp_base_lvt_ss_typical_max_0p90v_125c 
OAI21B_X2M_A9TL              1     4.320 sc9_cln65lp_base_lvt_ss_typical_max_0p90v_125c 
OAI21_X1M_A9TL             113   244.080 sc9_cln65lp_base_lvt_ss_typical_max_0p90v_125c 
OAI21_X1P4M_A9TL            28    90.720 sc9_cln65lp_base_lvt_ss_typical_max_0p90v_125c 
OAI21_X2M_A9TL              27    97.200 sc9_cln65lp_base_lvt_ss_typical_max_0p90v_125c 
OAI21_X3M_A9TL              23   107.640 sc9_cln65lp_base_lvt_ss_typical_max_0p90v_125c 
OAI21_X3M_A9TR               4    18.720 sc9_cln65lp_base_rvt_ss_typical_max_0p90v_125c 
OAI21_X4M_A9TL               8    48.960 sc9_cln65lp_base_lvt_ss_typical_max_0p90v_125c 
OAI21_X6M_A9TL              13   107.640 sc9_cln65lp_base_lvt_ss_typical_max_0p90v_125c 
OAI21_X8M_A9TL               5    55.800 sc9_cln65lp_base_lvt_ss_typical_max_0p90v_125c 
OAI221_X1M_A9TL             13    42.120 sc9_cln65lp_base_lvt_ss_typical_max_0p90v_125c 
OAI221_X1P4M_A9TL            1     5.040 sc9_cln65lp_base_lvt_ss_typical_max_0p90v_125c 
OAI221_X2M_A9TL              1     5.760 sc9_cln65lp_base_lvt_ss_typical_max_0p90v_125c 
OAI221_X3M_A9TL              1     7.920 sc9_cln65lp_base_lvt_ss_typical_max_0p90v_125c 
OAI222_X1M_A9TL              3    11.880 sc9_cln65lp_base_lvt_ss_typical_max_0p90v_125c 
OAI22_X1M_A9TL              30    75.600 sc9_cln65lp_base_lvt_ss_typical_max_0p90v_125c 
OAI22_X1P4M_A9TL             2     7.920 sc9_cln65lp_base_lvt_ss_typical_max_0p90v_125c 
OAI22_X2M_A9TL               2     8.640 sc9_cln65lp_base_lvt_ss_typical_max_0p90v_125c 
OAI22_X3M_A9TL               1     6.120 sc9_cln65lp_base_lvt_ss_typical_max_0p90v_125c 
OAI2XB1_X0P5M_A9TL          20    50.400 sc9_cln65lp_base_lvt_ss_typical_max_0p90v_125c 
OAI2XB1_X1M_A9TL            35   100.800 sc9_cln65lp_base_lvt_ss_typical_max_0p90v_125c 
OAI2XB1_X1P4M_A9TL           7    25.200 sc9_cln65lp_base_lvt_ss_typical_max_0p90v_125c 
OAI2XB1_X2M_A9TL            41   177.120 sc9_cln65lp_base_lvt_ss_typical_max_0p90v_125c 
OAI2XB1_X3M_A9TL            38   218.880 sc9_cln65lp_base_lvt_ss_typical_max_0p90v_125c 
OAI2XB1_X4M_A9TL            52   393.120 sc9_cln65lp_base_lvt_ss_typical_max_0p90v_125c 
OAI2XB1_X6M_A9TL            21   196.560 sc9_cln65lp_base_lvt_ss_typical_max_0p90v_125c 
OAI2XB1_X8M_A9TL            16   207.360 sc9_cln65lp_base_lvt_ss_typical_max_0p90v_125c 
OAI31_X1M_A9TL              18    45.360 sc9_cln65lp_base_lvt_ss_typical_max_0p90v_125c 
OAI31_X2M_A9TL               8    34.560 sc9_cln65lp_base_lvt_ss_typical_max_0p90v_125c 
OAI31_X3M_A9TL               1     6.120 sc9_cln65lp_base_lvt_ss_typical_max_0p90v_125c 
OR2_X0P5M_A9TL             113   203.400 sc9_cln65lp_base_lvt_ss_typical_max_0p90v_125c 
OR2_X0P7M_A9TL               1     2.160 sc9_cln65lp_base_lvt_ss_typical_max_0p90v_125c 
OR2_X1M_A9TL                47   101.520 sc9_cln65lp_base_lvt_ss_typical_max_0p90v_125c 
OR2_X1P4M_A9TL              14    35.280 sc9_cln65lp_base_lvt_ss_typical_max_0p90v_125c 
OR2_X2M_A9TL                17    55.080 sc9_cln65lp_base_lvt_ss_typical_max_0p90v_125c 
OR2_X3M_A9TL                11    39.600 sc9_cln65lp_base_lvt_ss_typical_max_0p90v_125c 
OR2_X3M_A9TR                 1     3.600 sc9_cln65lp_base_rvt_ss_typical_max_0p90v_125c 
OR2_X4M_A9TL                 3    15.120 sc9_cln65lp_base_lvt_ss_typical_max_0p90v_125c 
OR2_X8M_A9TL                 1     9.360 sc9_cln65lp_base_lvt_ss_typical_max_0p90v_125c 
OR3_X0P5M_A9TL               1     2.520 sc9_cln65lp_base_lvt_ss_typical_max_0p90v_125c 
OR4_X3M_A9TL                 2    13.680 sc9_cln65lp_base_lvt_ss_typical_max_0p90v_125c 
OR4_X4M_A9TL                 1     9.000 sc9_cln65lp_base_lvt_ss_typical_max_0p90v_125c 
OR4_X8M_A9TL                 3    50.760 sc9_cln65lp_base_lvt_ss_typical_max_0p90v_125c 
OR6_X4M_A9TL                 1    16.920 sc9_cln65lp_base_lvt_ss_typical_max_0p90v_125c 
PREICG_X0P5B_A9TR            4    25.920 sc9_cln65lp_base_rvt_ss_typical_max_0p90v_125c 
SDFFRPQN_X1M_A9TL            7    73.080 sc9_cln65lp_base_lvt_ss_typical_max_0p90v_125c 
SDFFRPQN_X2M_A9TL            2    21.600 sc9_cln65lp_base_lvt_ss_typical_max_0p90v_125c 
SDFFRPQ_X1M_A9TL            43   448.920 sc9_cln65lp_base_lvt_ss_typical_max_0p90v_125c 
XNOR2_X0P7M_A9TL            76   246.240 sc9_cln65lp_base_lvt_ss_typical_max_0p90v_125c 
XNOR2_X0P7M_A9TR             4    12.960 sc9_cln65lp_base_rvt_ss_typical_max_0p90v_125c 
XNOR2_X1M_A9TL              47   169.200 sc9_cln65lp_base_lvt_ss_typical_max_0p90v_125c 
XNOR2_X2M_A9TL              74   452.880 sc9_cln65lp_base_lvt_ss_typical_max_0p90v_125c 
XNOR2_X3M_A9TL               9    71.280 sc9_cln65lp_base_lvt_ss_typical_max_0p90v_125c 
XNOR2_X4M_A9TL               2    20.160 sc9_cln65lp_base_lvt_ss_typical_max_0p90v_125c 
XNOR3_X0P5M_A9TL            22   134.640 sc9_cln65lp_base_lvt_ss_typical_max_0p90v_125c 
XNOR3_X1M_A9TL             103   667.440 sc9_cln65lp_base_lvt_ss_typical_max_0p90v_125c 
XNOR3_X1P4M_A9TL            48   483.840 sc9_cln65lp_base_lvt_ss_typical_max_0p90v_125c 
XNOR3_X2M_A9TL              11   134.640 sc9_cln65lp_base_lvt_ss_typical_max_0p90v_125c 
XNOR3_X3M_A9TL              31   435.240 sc9_cln65lp_base_lvt_ss_typical_max_0p90v_125c 
XOR2_X0P7M_A9TL            176   570.240 sc9_cln65lp_base_lvt_ss_typical_max_0p90v_125c 
XOR2_X1M_A9TL               50   180.000 sc9_cln65lp_base_lvt_ss_typical_max_0p90v_125c 
XOR2_X2M_A9TL              106   648.720 sc9_cln65lp_base_lvt_ss_typical_max_0p90v_125c 
XOR2_X3M_A9TL               35   277.200 sc9_cln65lp_base_lvt_ss_typical_max_0p90v_125c 
XOR2_X3M_A9TR                1     7.920 sc9_cln65lp_base_rvt_ss_typical_max_0p90v_125c 
XOR2_X4M_A9TL                9    90.720 sc9_cln65lp_base_lvt_ss_typical_max_0p90v_125c 
XOR3_X0P5M_A9TL             21   128.520 sc9_cln65lp_base_lvt_ss_typical_max_0p90v_125c 
XOR3_X0P7M_A9TL              1     6.480 sc9_cln65lp_base_lvt_ss_typical_max_0p90v_125c 
XOR3_X1M_A9TL               55   356.400 sc9_cln65lp_base_lvt_ss_typical_max_0p90v_125c 
XOR3_X1P4M_A9TL              7    70.560 sc9_cln65lp_base_lvt_ss_typical_max_0p90v_125c 
XOR3_X2M_A9TL                7    85.680 sc9_cln65lp_base_lvt_ss_typical_max_0p90v_125c 
XOR3_X3M_A9TL               18   252.720 sc9_cln65lp_base_lvt_ss_typical_max_0p90v_125c 
----------------------------------------------------------------------------------------
total                    12103 50947.920                                                
                                                                               
                    Library                    Instances    Area   Instances % 
-------------------------------------------------------------------------------
sc9_cln65lp_base_hvt_ss_typical_max_0p90v_125c        33   196.560         0.3 
sc9_cln65lp_base_lvt_ss_typical_max_0p90v_125c     11953 50302.440        98.8 
sc9_cln65lp_base_rvt_ss_typical_max_0p90v_125c       117   448.920         1.0 
                                                        
            Type             Instances    Area   Area % 
--------------------------------------------------------
sequential                        1784 15051.960   29.5 
inverter                          1804  3257.280    6.4 
buffer                             293   795.960    1.6 
clock_gating_integrated_cell         4    25.920    0.1 
logic                             8218 31816.800   62.4 
physical_cells                       0     0.000    0.0 
--------------------------------------------------------
total                            12103 50947.920  100.0 
