============================================================
  Generated by:           Genus(TM) Synthesis Solution 25.12-s067_1
  Generated on:           May 09 2026  06:56:17 pm
  Module:                 tr_gelu
  Operating conditions:   ss_typical_max_0p90v_125c (balanced_tree)
  Wireload mode:          top
  Area mode:              timing library
============================================================


Path 1: VIOLATED (-3156 ps) Setup Check with Pin s1_exp_in_reg[0][7]/clk->d
          Group: in2reg
     Startpoint: (R) x_in[0][5]
          Clock: (R) clk
       Endpoint: (R) s1_exp_in_reg[0][7]/d
          Clock: (R) clk

                     Capture       Launch     
        Clock Edge:+    3300            0     
        Drv Adjust:+       0           59     
       Src Latency:+       0            0     
       Net Latency:+       0 (I)        0 (I) 
           Arrival:=    3300           59     
                                              
             Setup:-      64                  
       Uncertainty:-     125                  
     Required Time:=    3110                  
      Launch Clock:-      59                  
       Input Delay:-     990                  
         Data Path:-    5217                  
             Slack:=   -3156                  

Exceptions/Constraints:
  input_delay             990             dut.sdc_line_15_62_1   

#-----------------------------------------------------------------------------------------------------
#           Timing Point            Flags     Arc    Edge      Cell        Fanout Trans Delay Arrival 
#                                                                                  (ps)  (ps)   (ps)  
#-----------------------------------------------------------------------------------------------------
  x_in[0][5]                        (u)     -        R     (arrival)           15   119     0    1049 
  u_pre_ln/add_28_36_I1/g17/z       (u)     in_0->z  F     unmapped_nor2        3     0    82    1130 
  u_pre_ln/add_28_36_I1/g30/z       (u)     in_1->z  R     unmapped_nor2        1     0    61    1191 
  u_pre_ln/add_28_36_I1/g32/z       (u)     in_0->z  F     unmapped_nor2        2     0    74    1265 
  u_pre_ln/add_28_36_I1/g43/z       (u)     in_1->z  R     unmapped_nor2        1     0    61    1326 
  u_pre_ln/add_28_36_I1/g45/z       (u)     in_0->z  F     unmapped_nor2        1     0    61    1387 
  u_pre_ln/add_28_36_I1/g60/z       (u)     in_0->z  R     unmapped_nand2       1     0    61    1448 
  u_pre_ln/add_28_36_I1/g80/z       (u)     in_0->z  F     unmapped_xnor2       1     0   118    1566 
  u_pre_ln/mux_y_out[0]_27_17/g1/z  (u)     data1->z F     unmapped_bmux2       7     0   164    1730 
  gen_ln[0].u_ln/ctl_xq_32_17/g54/z (u)     in_0->z  R     unmapped_not         4     0    66    1796 
  gen_ln[0].u_ln/ctl_xq_32_17/g17/z (u)     in_0->z  F     unmapped_nand4       8     0   158    1954 
  gen_ln[0].u_ln/ctl_xq_32_17/g77/z (u)     in_0->z  R     unmapped_nor2        5     0    96    2050 
  gen_ln[0].u_ln/mux_msb_32_17/g2/z (u)     sel7->z  R     unmapped_mux13       3     0   272    2322 
  gen_ln[0].u_ln/sub_39_41/g3/z     (u)     in_0->z  F     unmapped_not         2     0    50    2373 
  gen_ln[0].u_ln/sub_39_41/g13/z    (u)     in_1->z  R     unmapped_nor2        2     0    74    2447 
  gen_ln[0].u_ln/sub_39_41/g23/z    (u)     in_0->z  F     unmapped_nor2        1     0    61    2508 
  gen_ln[0].u_ln/sub_39_41/g27/z    (u)     in_0->z  R     unmapped_nand2       1     0    61    2569 
  gen_ln[0].u_ln/sub_39_41/g28/z    (u)     in_1->z  F     unmapped_nand2       1     0    61    2629 
  gen_ln[0].u_ln/sub_39_41/g6/z     (u)     in_0->z  R     unmapped_not        28     0   149    2778 
  gen_ln[0].u_ln/g1/g4/z            (u)     in_3->z  F     unmapped_nor4        1     0   106    2884 
  gen_ln[0].u_ln/g1/g8/z            (u)     in_3->z  R     unmapped_nand4       1     0   106    2990 
  gen_ln[0].u_ln/g1/g10/z           (u)     in_1->z  F     unmapped_nor2        1     0    61    3051 
  gen_ln[0].u_ln/g1/g11/z           (u)     in_0->z  R     unmapped_not         9     0    93    3144 
  gen_ln[0].u_ln/mux_39_27/g5/z     (u)     sel0->z  R     unmapped_bmux2       2     0   132    3276 
  gen_ln[0].u_ln/add_46_26/g15/z    (u)     in_0->z  F     unmapped_nor2        2     0    74    3350 
  gen_ln[0].u_ln/add_46_26/g81/z    (u)     in_0->z  R     unmapped_not         2     0    50    3400 
  gen_ln[0].u_ln/add_46_26/g116/z   (u)     in_0->z  F     unmapped_nand2       1     0    61    3461 
  gen_ln[0].u_ln/add_46_26/g117/z   (u)     in_1->z  R     unmapped_xnor2       6     0   157    3619 
  gen_ln[0].u_ln/add_49_34/g9/z     (u)     in_1->z  F     unmapped_nor2        1     0    61    3679 
  gen_ln[0].u_ln/add_49_34/g33/z    (u)     in_0->z  R     unmapped_not         2     0    50    3730 
  gen_ln[0].u_ln/add_49_34/g34/z    (u)     in_1->z  F     unmapped_nand2       1     0    61    3790 
  gen_ln[0].u_ln/add_49_34/g35/z    (u)     in_1->z  R     unmapped_nand2       3     0    82    3872 
  gen_ln[0].u_ln/add_49_34/g59/z    (u)     in_1->z  F     unmapped_nand2       1     0    61    3933 
  gen_ln[0].u_ln/add_49_34/g60/z    (u)     in_1->z  R     unmapped_nand2       5     0    96    4028 
  gen_ln[0].u_ln/add_49_34/g82/z    (u)     in_0->z  F     unmapped_nand2       1     0    61    4089 
  gen_ln[0].u_ln/add_49_34/g83/z    (u)     in_1->z  R     unmapped_nand2       1     0    61    4150 
  gen_ln[0].u_ln/add_49_34/g120/z   (u)     in_0->z  R     unmapped_xnor2       2     0   132    4282 
  gen_ln[0].u_ln/add_49_51/g17/z    (u)     in_0->z  F     unmapped_nor2        3     0    82    4363 
  gen_ln[0].u_ln/add_49_51/g40/z    (u)     in_1->z  R     unmapped_nor2        1     0    61    4424 
  gen_ln[0].u_ln/add_49_51/g42/z    (u)     in_0->z  F     unmapped_nor2        3     0    82    4505 
  gen_ln[0].u_ln/add_49_51/g61/z    (u)     in_1->z  R     unmapped_nor2        1     0    61    4566 
  gen_ln[0].u_ln/add_49_51/g63/z    (u)     in_0->z  F     unmapped_nor2        1     0    61    4627 
  gen_ln[0].u_ln/add_49_51/g88/z    (u)     in_0->z  R     unmapped_nand2       1     0    61    4688 
  gen_ln[0].u_ln/add_49_51/g125/z   (u)     in_0->z  R     unmapped_xnor2       1     0   118    4806 
  add_49_42_I1/g129/z               (u)     in_0->z  F     unmapped_not         2     0    50    4856 
  add_49_42_I1/g42/z                (u)     in_1->z  R     unmapped_nor2        1     0    61    4917 
  add_49_42_I1/g65/z                (u)     in_1->z  F     unmapped_nand2       1     0    61    4978 
  add_49_42_I1/g84/z                (u)     in_0->z  R     unmapped_not         1     0    37    5014 
  add_49_42_I1/g85/z                (u)     in_1->z  F     unmapped_nand2       1     0    61    5075 
  add_49_42_I1/g139/z               (u)     in_0->z  R     unmapped_not         4     0    66    5142 
  add_49_42_I1/g88/z                (u)     in_0->z  F     unmapped_nand2       1     0    61    5202 
  add_49_42_I1/g140/z               (u)     in_0->z  R     unmapped_not         1     0    37    5239 
  add_49_42_I1/g119/z               (u)     in_0->z  F     unmapped_xnor2       4     0   148    5387 
  u_post_ln/minus_33_32_I1/g7/z     (u)     in_0->z  R     unmapped_not         2     0    50    5437 
  u_post_ln/minus_33_32_I1/g23/z    (u)     in_1->z  F     unmapped_nor2        3     0    82    5518 
  u_post_ln/minus_33_32_I1/g39/z    (u)     in_1->z  R     unmapped_nor2        2     0    74    5593 
  u_post_ln/minus_33_32_I1/g53/z    (u)     in_0->z  F     unmapped_nand2       1     0    61    5654 
  u_post_ln/minus_33_32_I1/g64/z    (u)     in_0->z  R     unmapped_not         1     0    37    5690 
  u_post_ln/minus_33_32_I1/g65/z    (u)     in_1->z  F     unmapped_nand2       1     0    61    5751 
  u_post_ln/minus_33_32_I1/g66/z    (u)     in_1->z  R     unmapped_nand2       1     0    61    5812 
  u_post_ln/minus_33_32_I1/g86/z    (u)     in_0->z  R     unmapped_xnor2       1     0   118    5930 
  u_post_ln/mux_y_out[0]_24_19/g1/z (u)     data1->z R     unmapped_bmux4       1     0   218    6148 
  mux_s1_exp_in[0]_79_26/g1/z       (u)     data0->z R     unmapped_bmux2       1     0   118    6266 
  s1_exp_in_reg[0][7]/d             -       -        R     unmapped_d_flop      1     -     0    6266 
#-----------------------------------------------------------------------------------------------------

(u) : Net has unmapped pin(s).

