============================================================
  Generated by:           Genus(TM) Synthesis Solution 25.12-s067_1
  Generated on:           May 09 2026  06:56:17 pm
  Module:                 tr_gelu
  Operating conditions:   ss_typical_max_0p90v_125c (balanced_tree)
  Wireload mode:          top
  Area mode:              timing library
============================================================


Path 1: MET (1826 ps) Setup Check with Pin s2_mantisa_reg[0][4]/clk->d
          Group: reg2reg
     Startpoint: (R) s1_exp_in_reg[0][2]/clk
          Clock: (R) clk
       Endpoint: (R) s2_mantisa_reg[0][4]/d
          Clock: (R) clk

                     Capture       Launch     
        Clock Edge:+    3300            0     
       Src Latency:+       0            0     
       Net Latency:+       0 (I)        0 (I) 
           Arrival:=    3300            0     
                                              
             Setup:-     164                  
       Uncertainty:-     125                  
     Required Time:=    3011                  
      Launch Clock:-       0                  
         Data Path:-    1184                  
             Slack:=    1826                  

#---------------------------------------------------------------------------------------------------
#          Timing Point            Flags    Arc    Edge      Cell        Fanout Trans Delay Arrival 
#                                                                                (ps)  (ps)   (ps)  
#---------------------------------------------------------------------------------------------------
  s1_exp_in_reg[0][2]/clk          -       -       R     (arrival)          536     0     0       0 
  s1_exp_in_reg[0][2]/q            (u)     clk->q  F     unmapped_d_flop      4     0   364     364 
  gen_exp[0].u_exp/u_quad/g1/z     (u)     in_0->z R     unmapped_not         1     0    37     400 
  gen_exp[0].u_exp/u_quad/g2/z     (u)     in_1->z R     unmapped_and2        3     0    82     482 
  gen_exp[0].u_exp/u_quad/g9/z     (u)     in_0->z R     unmapped_and2        1     0    61     543 
  gen_exp[0].u_exp/u_quad/g10/z    (u)     in_1->z R     unmapped_or2         1     0    61     604 
  gen_exp[0].u_exp/u_quad/g13/z    (u)     in_0->z R     unmapped_or2         2     0    74     678 
  gen_exp[0].u_exp/add_53_39/g2/z  (u)     in_1->z F     unmapped_nand2       1     0    61     739 
  gen_exp[0].u_exp/add_53_39/g40/z (u)     in_0->z R     unmapped_not         2     0    50     789 
  gen_exp[0].u_exp/add_53_39/g15/z (u)     in_0->z F     unmapped_nand2       1     0    61     850 
  gen_exp[0].u_exp/add_53_39/g16/z (u)     in_1->z R     unmapped_nand2       3     0    82     931 
  gen_exp[0].u_exp/add_53_39/g24/z (u)     in_1->z F     unmapped_nand2       1     0    61     992 
  gen_exp[0].u_exp/add_53_39/g25/z (u)     in_1->z R     unmapped_nand2       2     0    74    1066 
  gen_exp[0].u_exp/add_53_39/g37/z (u)     in_0->z R     unmapped_xnor2       1     0   118    1184 
  s2_mantisa_reg[0][4]/d           -       -       R     unmapped_d_flop      1     -     0    1184 
#---------------------------------------------------------------------------------------------------

(u) : Net has unmapped pin(s).

