============================================================
  Generated by:           Genus(TM) Synthesis Solution 25.12-s067_1
  Generated on:           Mar 25 2026  06:05:30 pm
  Module:                 vec_mac_su
  Operating conditions:   ss_typical_max_0p90v_125c (balanced_tree)
  Wireload mode:          top
  Area mode:              timing library
============================================================


Path 1: MET (1132 ps) Setup Check with Pin out_dot_reg[16]/CK->D
          Group: in2reg
     Startpoint: (F) rst_n
          Clock: (R) clk
       Endpoint: (F) out_dot_reg[16]/D
          Clock: (R) clk

                     Capture       Launch     
        Clock Edge:+    3000            0     
        Drv Adjust:+       0            0     
       Src Latency:+       0            0     
       Net Latency:+       0 (I)        0 (I) 
           Arrival:=    3000            0     
                                              
             Setup:-      75                  
       Uncertainty:-     125                  
     Required Time:=    2800                  
      Launch Clock:-       0                  
       Input Delay:-     900                  
         Data Path:-     768                  
             Slack:=    1132                  

Exceptions/Constraints:
  input_delay             900             vec_mac_su.sdc_line_16   

#---------------------------------------------------------------------------------
#   Timing Point    Flags   Arc   Edge      Cell       Fanout Trans Delay Arrival 
#                                                              (ps)  (ps)   (ps)  
#---------------------------------------------------------------------------------
  rst_n             (i)     -     F     (arrival)          32     0     0     900 
  g2563__6260/Y     -       AN->Y F     NOR2B_X4M_A9TL     13   189   175    1075 
  drc_bufs2556/Y    -       A->Y  R     INV_X0P8M_A9TL      1   119   127    1202 
  drc_bufs2555/Y    -       A->Y  F     INV_X2B_A9TL       12   280   207    1409 
  g2508__9315/Y     -       A1->Y F     AO22_X1M_A9TL       1    66   259    1668 
  out_dot_reg[16]/D -       -     F     DFFQ_X1M_A9TL       1     -     0    1668 
#---------------------------------------------------------------------------------

(i) : Net is ideal.

