============================================================
  Generated by:           Genus(TM) Synthesis Solution 25.12-s067_1
  Generated on:           Mar 25 2026  06:05:30 pm
  Module:                 vec_mac_su
  Operating conditions:   ss_typical_max_0p90v_125c (balanced_tree)
  Wireload mode:          top
  Area mode:              timing library
============================================================


Path 1: MET (1 ps) Setup Check with Pin vec_sum_reg_reg[17]/CK->B
          Group: reg2reg
     Startpoint: (R) prod_reg_reg[7][3]/CK
          Clock: (R) clk
       Endpoint: (F) vec_sum_reg_reg[17]/B
          Clock: (R) clk

                     Capture       Launch     
        Clock Edge:+    3000            0     
       Src Latency:+       0            0     
       Net Latency:+       0 (I)        0 (I) 
           Arrival:=    3000            0     
                                              
             Setup:-     148                  
       Uncertainty:-     125                  
     Required Time:=    2727                  
      Launch Clock:-       0                  
         Data Path:-    2726                  
             Slack:=       1                  

#--------------------------------------------------------------------------------------------------------------
#                Timing Point                  Flags   Arc   Edge       Cell        Fanout Trans Delay Arrival 
#                                                                                           (ps)  (ps)   (ps)  
#--------------------------------------------------------------------------------------------------------------
  prod_reg_reg[7][3]/CK                        -       -     R     (arrival)           512     0     0       0 
  prod_reg_reg[7][3]/Q                         -       CK->Q F     DFFQ_X1M_A9TL         2    95   299     299 
  g11104/Y                                     -       C->Y  F     XNOR3_X1M_A9TL        1   123   332     631 
  csa_tree_ADD_TC_OP_14_groupi_g10492__1666/CO -       A->CO F     ADDF_X1M_A9TL         1   103   248     880 
  csa_tree_ADD_TC_OP_14_groupi_g10381__6783/S  -       CI->S R     ADDF_X1P4M_A9TL       2   115   339    1218 
  csa_tree_ADD_TC_OP_14_groupi_g10273__1705/Y  -       C->Y  F     XOR3_X1M_A9TL         2   132   342    1560 
  csa_tree_ADD_TC_OP_14_groupi_g10248__5115/Y  -       A->Y  F     XNOR3_X1P4M_A9TL      2   117   200    1760 
  csa_tree_ADD_TC_OP_14_groupi_g10240__1617/Y  -       B->Y  R     NOR2_X3M_A9TL         2   108   110    1870 
  csa_tree_ADD_TC_OP_14_groupi_g10207__6783/Y  -       BN->Y R     NAND2XB_X4M_A9TL      2    85   140    2010 
  csa_tree_ADD_TC_OP_14_groupi_g10196__7410/Y  -       B->Y  F     NOR2_X4M_A9TL         2    79    69    2079 
  csa_tree_ADD_TC_OP_14_groupi_g10160__2883/Y  -       A0->Y R     AOI21_X3M_A9TL        1   113   110    2188 
  csa_tree_ADD_TC_OP_14_groupi_g10146__5122/Y  -       B->Y  F     NAND2_X4M_A9TL        4    92    88    2277 
  csa_tree_ADD_TC_OP_14_groupi_g10144__2802/Y  -       A->Y  R     NAND2_X4M_A9TL        3   106    96    2372 
  csa_tree_ADD_TC_OP_14_groupi_g10129__2346/Y  -       A0->Y R     OA211_X3M_A9TL        4   117   177    2549 
  csa_tree_ADD_TC_OP_14_groupi_g10122__4733/Y  -       A0->Y F     OAI21_X3M_A9TL        1   106    83    2632 
  csa_tree_ADD_TC_OP_14_groupi_g10119__1881/Y  -       A->Y  F     XOR2_X2M_A9TL         1   100    94    2726 
  vec_sum_reg_reg[17]/B                        -       -     F     A2DFFQ_X1M_A9TL       1     -     0    2726 
#--------------------------------------------------------------------------------------------------------------

