============================================================
  Generated by:           Genus(TM) Synthesis Solution 25.12-s067_1
  Generated on:           Mar 10 2026  09:29:54 pm
  Module:                 softmax_engine
  Operating conditions:   ss_typical_max_0p90v_125c (balanced_tree)
  Wireload mode:          top
  Area mode:              timing library
============================================================


Path 1: MET (94 ps) Setup Check with Pin prob_out_reg[7][7]/CK->D
          Group: reg2reg
     Startpoint: (R) dsp_mac/out_dot_reg[10]/CK
          Clock: (R) clk
       Endpoint: (F) prob_out_reg[7][7]/D
          Clock: (R) clk

                     Capture       Launch     
        Clock Edge:+   10000            0     
       Src Latency:+       0            0     
       Net Latency:+       0 (I)        0 (I) 
           Arrival:=   10000            0     
                                              
             Setup:-     112                  
       Uncertainty:-     125                  
     Required Time:=    9763                  
      Launch Clock:-       0                  
         Data Path:-    9669                  
             Slack:=      94                  

#-------------------------------------------------------------------------------------------------------------------
#                  Timing Point                   Flags    Arc   Edge       Cell         Fanout Trans Delay Arrival 
#                                                                                                (ps)  (ps)   (ps)  
#-------------------------------------------------------------------------------------------------------------------
  dsp_mac/out_dot_reg[10]/CK                      -       -      R     (arrival)              9     0     0       0 
  dsp_mac/out_dot_reg[10]/Q                       -       CK->Q  R     A2DFFQ_X0P5M_A9TL      1   147   348     348 
  g2476/Y                                         -       A->Y   R     BUF_X4M_A9TL           5    93   147     495 
  g3014/Y                                         -       A1->Y  F     OAI21_X2M_A9TL         1    71    87     582 
  g3010/Y                                         -       A->Y   R     NAND2XB_X2M_A9TL       1    92    78     659 
  g3006/Y                                         -       A->Y   F     NAND2XB_X3M_A9TL       1    68    67     726 
  g3005/Y                                         -       A->Y   R     NAND2XB_X6M_A9TL       2    79    68     794 
  g3001/Y                                         -       B->Y   F     NAND2_X4A_A9TL         4   116    94     888 
  g2999/Y                                         -       A->Y   R     INV_X5M_A9TL           4    76    81     968 
  g2997/Y                                         -       B->Y   F     NAND2_X2A_A9TL         1    77    77    1045 
  g2982/Y                                         -       A0->Y  R     AOI31_X3M_A9TL         1   128   113    1158 
  g2972/Y                                         -       A->Y   F     NAND3XXB_X4M_A9TL      4   144   116    1274 
  csa_tree_u_reciprocal_minus_53_23_groupi_g605/Y -       S0->Y  R     MXIT2_X3M_A9TL         3   209   143    1417 
  csa_tree_u_reciprocal_minus_53_23_groupi_g597/Y -       A->Y   F     INV_X4M_A9TL           2    65    64    1482 
  csa_tree_u_reciprocal_minus_53_23_groupi_g589/Y -       B->Y   R     MXIT2_X3M_A9TL         2   156   101    1583 
  csa_tree_u_reciprocal_minus_53_23_groupi_g626/Y -       BN->Y  R     NAND2XB_X4M_A9TL       3   103   166    1749 
  csa_tree_u_reciprocal_minus_53_23_groupi_g560/Y -       B0->Y  R     AO1B2_X3M_A9TL         1    71   141    1890 
  csa_tree_u_reciprocal_minus_53_23_groupi_g554/Y -       B->Y   F     NAND2_X4A_A9TL         3    92    79    1968 
  csa_tree_u_reciprocal_minus_53_23_groupi_g621/Y -       B1->Y  F     AO1B2_X4M_A9TL         2    61   128    2097 
  g4171/Y                                         -       A->Y   F     BUF_X1M_A9TH           1   236   367    2464 
  csa_tree_u_reciprocal_minus_53_23_groupi_g627/Y -       B->Y   F     XNOR2_X3M_A9TL         1   131   185    2650 
  g2720/Y                                         -       S0->Y  F     MXIT2_X4M_A9TL         2    97   118    2767 
  g4172/Y                                         -       A->Y   R     INV_X2M_A9TL           5   219   162    2929 
  g2711/Y                                         -       B->Y   F     NAND2_X3A_A9TL         2   110   123    3052 
  g2706/Y                                         -       B->Y   F     AND2_X6M_A9TL          9    80   163    3215 
  WALLACE_CSA_DUMMY_OP15_groupi_g1808/Y           -       A->Y   R     NAND2_X4M_A9TL         4   129    96    3310 
  WALLACE_CSA_DUMMY_OP15_groupi_g1797/Y           -       A->Y   F     INV_X2M_A9TL           2    61    68    3378 
  WALLACE_CSA_DUMMY_OP15_groupi_g1846/Y           -       B->Y   R     NAND2B_X1M_A9TL        1   155   116    3494 
  WALLACE_CSA_DUMMY_OP15_groupi_g1737/Y           -       A0N->Y F     AO1B2_X3M_A9TL         2    84    91    3585 
  WALLACE_CSA_DUMMY_OP15_groupi_g1712/Y           -       A->Y   F     XNOR3_X0P5M_A9TL       1   166   224    3809 
  WALLACE_CSA_DUMMY_OP15_groupi_g1667/S           -       CI->S  R     ADDF_X1P4M_A9TL        2   126   368    4177 
  WALLACE_CSA_DUMMY_OP15_groupi_g1659/Y           -       B->Y   F     NAND2_X3A_A9TL         3   114   108    4285 
  WALLACE_CSA_DUMMY_OP15_groupi_g1651/Y           -       B->Y   R     NAND2_X1P4M_A9TL       1   112   110    4395 
  WALLACE_CSA_DUMMY_OP15_groupi_g1648/Y           -       B0->Y  F     OAI21_X3M_A9TL         1    93    90    4485 
  WALLACE_CSA_DUMMY_OP15_groupi_g1646/Y           -       B->Y   R     NOR2_X6M_A9TL          2    86    90    4576 
  WALLACE_CSA_DUMMY_OP15_groupi_g1645/Y           -       A->Y   F     INV_X3M_A9TL           2    45    51    4627 
  g4262/Y                                         -       B->Y   F     XNOR2_X1M_A9TL         1   104   129    4756 
  g2552/Y                                         -       A->Y   R     NOR2_X2M_A9TL          1   295   211    4967 
  g2548/Y                                         -       A->Y   F     INV_X13M_A9TL         88   214   224    5192 
  WALLACE_CSA_DUMMY_OP13_groupi_g4123/Y           -       A->Y   R     INV_X3M_A9TL          15   231   211    5402 
  WALLACE_CSA_DUMMY_OP13_groupi_g3979/Y           -       A0->Y  F     OAI22_X1M_A9TL         1   157   173    5575 
  WALLACE_CSA_DUMMY_OP13_groupi_g3857/S           -       CI->S  R     ADDF_X1P4M_A9TL        2   109   354    5930 
  WALLACE_CSA_DUMMY_OP13_groupi_g3834/Y           -       A->Y   F     XOR3_X0P5M_A9TL        2   199   300    6230 
  WALLACE_CSA_DUMMY_OP13_groupi_g3806/Y           -       B->Y   R     XOR2_X0P7M_A9TL        1   246   201    6431 
  WALLACE_CSA_DUMMY_OP13_groupi_g3791/Y           -       B->Y   F     XOR2_X0P7M_A9TL        2   222   210    6640 
  WALLACE_CSA_DUMMY_OP13_groupi_g3781/Y           -       B->Y   R     NOR2_X1B_A9TL          1   154   167    6808 
  WALLACE_CSA_DUMMY_OP13_groupi_g3774/Y           -       A0->Y  F     OAI21_X1M_A9TL         1   130   126    6934 
  WALLACE_CSA_DUMMY_OP13_groupi_g3770/CON         -       A->CON R     CGENI_X1M_A9TL         1   176   162    7097 
  WALLACE_CSA_DUMMY_OP13_groupi_g3762/Y           -       A1->Y  F     OAI21_X1M_A9TL         1   130   142    7239 
  WALLACE_CSA_DUMMY_OP13_groupi_g3760/Y           -       A0->Y  R     AOI22_X2M_A9TL         2   183   174    7412 
  WALLACE_CSA_DUMMY_OP13_groupi_g3759/Y           -       A1->Y  F     OAI21_X1P4M_A9TL       2   129   145    7557 
  g4248/CO                                        -       CI->CO F     CGEN_X1M_A9TL          1   100   194    7752 
  WALLACE_CSA_DUMMY_OP13_groupi_g3754/CO          -       A->CO  F     ADDF_X1M_A9TL          1   112   247    7998 
  WALLACE_CSA_DUMMY_OP13_groupi_g3753/CO          -       A->CO  F     ADDF_X1M_A9TL          1   112   251    8250 
  WALLACE_CSA_DUMMY_OP13_groupi_g3752/CO          -       A->CO  F     ADDF_X1M_A9TL          1   112   251    8501 
  WALLACE_CSA_DUMMY_OP13_groupi_g3751/CO          -       A->CO  F     ADDF_X1M_A9TL          1   112   251    8752 
  WALLACE_CSA_DUMMY_OP13_groupi_g3750/CO          -       A->CO  F     ADDF_X1M_A9TL          1   112   251    9003 
  WALLACE_CSA_DUMMY_OP13_groupi_g3749/CO          -       A->CO  F     ADDF_X1M_A9TL          1   116   254    9257 
  WALLACE_CSA_DUMMY_OP13_groupi_g3748/Y           -       A->Y   F     XNOR3_X4M_A9TR         8   135   238    9495 
  g3395/Y                                         -       A->Y   F     OR2_X0P5M_A9TL         1    92   174    9669 
  prob_out_reg[7][7]/D                            -       -      F     DFFRPQ_X1M_A9TL        1     -     0    9669 
#-------------------------------------------------------------------------------------------------------------------

