============================================================
  Generated by:           Genus(TM) Synthesis Solution 25.12-s067_1
  Generated on:           Sep 24 2026  06:26:22 pm
  Module:                 tr_rmsnorm
  Operating conditions:   ss_typical_max_0p90v_125c (balanced_tree)
  Wireload mode:          top
  Area mode:              timing library
============================================================


Path 1: VIOLATED (-3013 ps) Setup Check with Pin s1_ln_out_reg[7]/clk->d
          Group: in2reg
     Startpoint: (R) sum_in[19]
          Clock: (R) clk
       Endpoint: (R) s1_ln_out_reg[7]/d
          Clock: (R) clk

                     Capture       Launch     
        Clock Edge:+    3300            0     
        Drv Adjust:+       0           34     
       Src Latency:+       0            0     
       Net Latency:+       0 (I)        0 (I) 
           Arrival:=    3300           34     
                                              
             Setup:-      64                  
       Uncertainty:-     125                  
     Required Time:=    3110                  
      Launch Clock:-      34                  
       Input Delay:-     990                  
         Data Path:-    5100                  
             Slack:=   -3013                  

Exceptions/Constraints:
  input_delay             990             dut.sdc_line_15_144_1   

#-----------------------------------------------------------------------------------------------------
#           Timing Point            Flags     Arc    Edge      Cell        Fanout Trans Delay Arrival 
#                                                                                  (ps)  (ps)   (ps)  
#-----------------------------------------------------------------------------------------------------
  sum_in[19]                        (u)     -        R     (arrival)            8    77     0    1024 
  u_ln/ctl_xq_54_21/g87/z           (u)     in_0->z  F     unmapped_not         4     0    66    1090 
  u_ln/ctl_xq_54_21/g21/z           (u)     in_0->z  R     unmapped_nand4      12     0   175    1265 
  u_ln/ctl_xq_54_21/g75/z           (u)     in_0->z  F     unmapped_nor4        5     0   141    1406 
  u_ln/mux_msb_54_21/g4/z           (u)     sel14->z F     unmapped_mux17       4     0   302    1707 
  u_ln/sub_61_45/g5/z               (u)     in_0->z  R     unmapped_not         1     0    37    1744 
  u_ln/sub_61_45/g7/z               (u)     in_1->z  F     unmapped_xor2        1     0   118    1862 
  u_ln/sub_61_45/g38/z              (u)     in_0->z  R     unmapped_not        17     0   124    1986 
  u_ln/sll_61_31/g1/z               (u)     in_0->z  F     unmapped_not        15     0   118    2103 
  u_ln/sll_61_31/g82/z              (u)     sel0->z  F     unmapped_mux2        2     0   117    2220 
  u_ln/sll_61_31/g96/z              (u)     data1->z F     unmapped_mux2        2     0   117    2337 
  u_ln/sll_61_31/g108/z             (u)     data1->z F     unmapped_mux2        2     0   117    2454 
  u_ln/sll_61_31/g116/z             (u)     data1->z F     unmapped_mux2        1     0   103    2558 
  u_ln/mux_61_31/g1/z               (u)     data0->z F     unmapped_bmux2       2     0   132    2689 
  u_ln/add_68_30/g15/z              (u)     in_0->z  R     unmapped_nor2        2     0    74    2763 
  u_ln/add_68_30/g55/z              (u)     in_0->z  F     unmapped_not         2     0    50    2814 
  u_ln/add_68_30/g76/z              (u)     in_0->z  R     unmapped_nand2       1     0    61    2874 
  u_ln/add_68_30/g77/z              (u)     in_1->z  F     unmapped_xnor2       6     0   157    3032 
  u_ln/add_71_38/g9/z               (u)     in_1->z  R     unmapped_nor2        1     0    61    3093 
  u_ln/add_71_38/g25/z              (u)     in_0->z  F     unmapped_not         2     0    50    3143 
  u_ln/add_71_38/g26/z              (u)     in_1->z  R     unmapped_nand2       1     0    61    3204 
  u_ln/add_71_38/g27/z              (u)     in_1->z  F     unmapped_nand2       3     0    82    3285 
  u_ln/add_71_38/g43/z              (u)     in_1->z  R     unmapped_nand2       1     0    61    3346 
  u_ln/add_71_38/g44/z              (u)     in_1->z  F     unmapped_nand2       5     0    96    3442 
  u_ln/add_71_38/g56/z              (u)     in_0->z  R     unmapped_nand2       1     0    61    3502 
  u_ln/add_71_38/g57/z              (u)     in_1->z  F     unmapped_nand2       1     0    61    3563 
  u_ln/add_71_38/g80/z              (u)     in_0->z  R     unmapped_xnor2       2     0   132    3695 
  u_ln/add_71_55/g17/z              (u)     in_0->z  F     unmapped_nor2        3     0    82    3776 
  u_ln/add_71_55/g32/z              (u)     in_1->z  R     unmapped_nor2        1     0    61    3837 
  u_ln/add_71_55/g34/z              (u)     in_0->z  F     unmapped_nor2        3     0    82    3919 
  u_ln/add_71_55/g45/z              (u)     in_1->z  R     unmapped_nor2        1     0    61    3979 
  u_ln/add_71_55/g47/z              (u)     in_0->z  F     unmapped_nor2        1     0    61    4040 
  u_ln/add_71_55/g62/z              (u)     in_0->z  R     unmapped_nand2       1     0    61    4101 
  u_ln/add_71_55/g85/z              (u)     in_0->z  F     unmapped_xnor2       1     0   118    4219 
  u_ln/mux_yq_full_48_16/g2/z       (u)     data0->z F     unmapped_bmux2       4     0   148    4367 
  u_ln/lt_78_26/g28/z               (u)     in_0->z  R     unmapped_nor2        2     0    74    4441 
  u_ln/lt_78_26/g46/z               (u)     in_1->z  F     unmapped_nor2        2     0    74    4515 
  u_ln/lt_78_26/g61/z               (u)     in_1->z  R     unmapped_nand2       1     0    61    4576 
  u_ln/lt_78_26/g70/z               (u)     in_0->z  F     unmapped_not         1     0    37    4613 
  u_ln/lt_78_26/g71/z               (u)     in_1->z  R     unmapped_nand2       1     0    61    4674 
  u_ln/lt_78_26/g72/z               (u)     in_1->z  F     unmapped_nand2       1     0    61    4734 
  u_ln/lt_78_26/g74/z               (u)     in_0->z  R     unmapped_nand2       1     0    61    4795 
  u_ln/lt_78_26/g75/z               (u)     in_1->z  F     unmapped_nand2       1     0    61    4856 
  u_ln/lt_78_26/g11/z               (u)     in_0->z  R     unmapped_not         8     0    89    4945 
  u_ln/mux_yq_78_26/g6/z            (u)     sel0->z  F     unmapped_bmux2       1     0   118    5063 
  u_ln/mux_yq_76_21/g6/z            (u)     data0->z F     unmapped_bmux2       4     0   148    5211 
  u_post_ln/minus_42_33_I1/g3/z     (u)     in_0->z  R     unmapped_not         2     0    50    5261 
  u_post_ln/minus_42_33_I1/g15/z    (u)     in_1->z  F     unmapped_nor2        1     0    61    5322 
  u_post_ln/minus_42_33_I1/g29/z    (u)     in_0->z  R     unmapped_not         2     0    50    5372 
  u_post_ln/minus_42_33_I1/g30/z    (u)     in_1->z  F     unmapped_nand2       1     0    61    5433 
  u_post_ln/minus_42_33_I1/g31/z    (u)     in_1->z  R     unmapped_nand2       3     0    82    5514 
  u_post_ln/minus_42_33_I1/g47/z    (u)     in_1->z  F     unmapped_nand2       1     0    61    5575 
  u_post_ln/minus_42_33_I1/g48/z    (u)     in_1->z  R     unmapped_nand2       4     0    90    5666 
  u_post_ln/minus_42_33_I1/g65/z    (u)     in_0->z  F     unmapped_nand2       1     0    61    5726 
  u_post_ln/minus_42_33_I1/g66/z    (u)     in_1->z  R     unmapped_nand2       1     0    61    5787 
  u_post_ln/minus_42_33_I1/g86/z    (u)     in_0->z  R     unmapped_xnor2       1     0   118    5905 
  u_post_ln/mux_y_out[0]_24_19/g1/z (u)     data2->z R     unmapped_bmux4       1     0   218    6123 
  s1_ln_out_reg[7]/d                -       -        R     unmapped_d_flop      1     -     0    6123 
#-----------------------------------------------------------------------------------------------------

(u) : Net has unmapped pin(s).

