============================================================
  Generated by:           Genus(TM) Synthesis Solution 25.12-s067_1
  Generated on:           May 09 2026  09:29:10 pm
  Module:                 tr_nonlinear_vpu
  Operating conditions:   ss_typical_max_0p90v_125c (balanced_tree)
  Wireload mode:          top
  Area mode:              timing library
============================================================


Path 1: VIOLATED (-306 ps) Late External Delay Assertion at pin vpu_data_out[4][5]
          Group: in2out
     Startpoint: (R) sram_data_a[4][3]
          Clock: (R) clk
       Endpoint: (F) vpu_data_out[4][5]
          Clock: (R) clk

                        Capture       Launch     
           Path Delay:+    3630            -     
           Drv Adjust:+       0           54     
          Src Latency:+       0            0     
          Net Latency:+       0 (I)        0 (I) 
        Capture Clock:+       0                  
              Arrival:=    3630           54     
                                                 
         Output Delay:-     990                  
          Uncertainty:-     125                  
        Required Time:=    2515                  
         Launch Clock:-      54                  
          Input Delay:-     990                  
            Data Path:-    1778                  
                Slack:=    -306                  

Exceptions/Constraints:
  max_delay                3630            dut.sdc_line_18         
  input_delay              990             dut.sdc_line_15_29_1    
  output_delay             990             dut.sdc_line_17_185_1   

#-----------------------------------------------------------------------------------------
#     Timing Point      Flags    Arc   Edge       Cell         Fanout Trans Delay Arrival 
#                                                                      (ps)  (ps)   (ps)  
#-----------------------------------------------------------------------------------------
  sram_data_a[4][3]     -       -      R     (arrival)              4   110     0    1044 
  u_alpha/fopt8108/Y    -       A->Y   F     INV_X13M_A9TL          2    41    45    1088 
  u_alpha/fopt8091/Y    -       A->Y   R     INV_X9M_A9TL           5    63    55    1144 
  u_alpha/fopt8088/Y    -       A->Y   F     INV_X4M_A9TL           1    32    38    1182 
  u_alpha/g7489__6783/Y -       A->Y   F     AND3_X6M_A9TL          3    54   106    1288 
  u_alpha/g7486__8428/Y -       B->Y   R     NAND2_X8M_A9TL         3    82    75    1363 
  u_alpha/g7524__6417/Y -       A->Y   F     NOR2_X8A_A9TL          2    42    52    1415 
  u_alpha/g7467__1881/Y -       A0->Y  R     OAI211_X4M_A9TL        1   144   117    1532 
  u_alpha/g7463__7098/Y -       A->Y   F     NAND2XB_X6M_A9TL       2    87    82    1614 
  u_alpha/g7459__1705/Y -       A->Y   R     NOR2XB_X8M_A9TL        2    94    86    1700 
  u_alpha/g7458/Y       -       A->Y   F     INV_X3M_A9TL           1    48    54    1754 
  u_alpha/g7457__2802/Y -       A->Y   F     AND2_X11M_A9TL         7    56   108    1863 
  u_alpha/g7455/Y       -       A->Y   R     INV_X3P5M_A9TR         2    77    75    1938 
  u_alpha/g7445__5107/Y -       A->Y   F     NOR2XB_X6M_A9TR        1    69    65    2003 
  u_alpha/g7426__1705/Y -       A0->Y  R     AOI2XB1_X4M_A9TL       1    90    94    2097 
  u_alpha/g7418__8428/Y -       A->Y   F     NAND2_X4M_A9TL         2    86    68    2165 
  u_alpha/g7415__5107/Y -       B->Y   R     NOR2_X6A_A9TL          2    89    92    2257 
  u_alpha/g7404__9315/Y -       A->Y   F     NAND3XXB_X6M_A9TL      1    76    68    2325 
  u_alpha/g7402__4733/Y -       A->Y   R     NAND2_X8A_A9TL         2    53    58    2383 
  u_alpha/g7400__5115/Y -       A->Y   F     NAND2XB_X8M_A9TL       3    56    50    2433 
  u_alpha/g7397__6131/Y -       A->Y   F     AND2_X11M_A9TL         7    56   112    2545 
  u_alpha/g7389__6783/Y -       A->Y   R     NAND3XXB_X4M_A9TL      1   117    80    2625 
  u_alpha/g7384__5107/Y -       B0N->Y F     AO21B_X6M_A9TL         2    79    76    2700 
  g9961/Y               -       A->Y   R     NAND2_X4A_A9TL         1    64    55    2755 
  g9691/Y               -       C0->Y  F     OAI211_X4M_A9TL        1    95    66    2821 
  vpu_data_out[4][5]    -       -      F     (port)                 -     -     0    2821 
#-----------------------------------------------------------------------------------------

