============================================================
  Generated by:           Genus(TM) Synthesis Solution 25.12-s067_1
  Generated on:           May 09 2026  08:45:42 pm
  Module:                 tr_nonlinear_vpu
  Operating conditions:   ss_typical_max_0p90v_125c (balanced_tree)
  Wireload mode:          top
  Area mode:              timing library
============================================================


Path 1: VIOLATED (-455 ps) Setup Check with Pin u_backbone/s1_pre_ln_reg_reg[6][12]/CK->D
          Group: in2reg
     Startpoint: (R) sram_data_a[6][1]
          Clock: (R) clk
       Endpoint: (R) u_backbone/s1_pre_ln_reg_reg[6][12]/D
          Clock: (R) clk

                     Capture       Launch     
        Clock Edge:+    3300            0     
        Drv Adjust:+       0           44     
       Src Latency:+       0            0     
       Net Latency:+       0 (I)        0 (I) 
           Arrival:=    3300           44     
                                              
             Setup:-      88                  
       Uncertainty:-     125                  
     Required Time:=    3086                  
      Launch Clock:-      44                  
       Input Delay:-     990                  
         Data Path:-    2507                  
             Slack:=    -455                  

Exceptions/Constraints:
  input_delay             990             dut.sdc_line_15_15_1   

#--------------------------------------------------------------------------------------------------------
#             Timing Point              Flags   Arc   Edge       Cell         Fanout Trans Delay Arrival 
#                                                                                     (ps)  (ps)   (ps)  
#--------------------------------------------------------------------------------------------------------
  sram_data_a[6][1]                     -       -     R     (arrival)              6    94     0    1034 
  u_alpha/g3813__1666/Y                 -       A->Y  R     OR2_X2M_A9TL           1    89   131    1166 
  u_alpha/g3804__7482/Y                 -       A->Y  F     NOR2_X8B_A9TL          1    65    70    1236 
  u_alpha/g3799__8246/Y                 -       A0->Y R     OAI2XB1_X8M_A9TL       1    87    85    1320 
  u_alpha/g3796__2802/Y                 -       A->Y  F     NAND2XB_X8M_A9TL       1    48    48    1369 
  u_alpha/g3794__3680/Y                 -       A->Y  R     NAND2_X8A_A9TL         9    94    73    1442 
  u_alpha/mul_32_36_I7_g1019/Y          -       A->Y  F     NAND2XB_X2M_A9TL       1    61    60    1502 
  u_alpha/mul_32_36_I7_g981/CO          -       B->CO F     CGEN_X2M_A9TL          2    96   207    1709 
  u_alpha/mul_32_36_I7_g941__4733/Y     -       A->Y  R     NAND2_X4M_A9TL         3   116   101    1810 
  u_alpha/mul_32_36_I7_g939__5115/Y     -       C->Y  R     AND3_X3M_A9TL          2    75   150    1960 
  u_alpha/mul_32_36_I7_g908__7410/Y     -       A->Y  F     NAND2_X4A_A9TL         1    58    58    2018 
  u_alpha/mul_32_36_I7_g905__2346/Y     -       A->Y  R     NAND3_X6A_A9TL         2   127    86    2104 
  u_alpha/mul_32_36_I7_g901__9945/Y     -       A->Y  F     NAND3XXB_X6M_A9TL      1    82    73    2177 
  u_alpha/mul_32_36_I7_g899__6161/Y     -       A->Y  R     NAND2XB_X8M_A9TL       2    74    69    2246 
  u_alpha/mul_32_36_I7_g896__5115/Y     -       A0->Y F     AOI2XB1_X8M_A9TL       1    94    60    2306 
  u_alpha/mul_32_36_I7_g895__1881/Y     -       S0->Y R     MXT2_X6M_A9TL          4    88   172    2478 
  u_alpha/g3826__3680/Y                 -       A->Y  R     OR6_X4M_A9TL           2   107   135    2613 
  u_alpha/g3822__4319/Y                 -       A->Y  F     NOR2XB_X8M_A9TL        2    61    65    2678 
  u_alpha/g3821/Y                       -       A->Y  R     INV_X4M_A9TL           2    64    64    2742 
  u_alpha/g3820/Y                       -       A->Y  F     INV_X4M_A9TL           1    34    40    2782 
  u_alpha/g3816__5477/Y                 -       A0->Y R     OAI2XB1_X6M_A9TL       1   104    79    2861 
  u_alpha/g3814__7410/Y                 -       B0->Y F     OAI21_X8M_A9TL         2    79    71    2932 
  g10136/Y                              -       B0->Y R     AOI22_X6M_A9TL         1   116    94    3026 
  g9732/Y                               -       A->Y  F     NAND2_X6A_A9TL         2    94    66    3092 
  u_backbone/u_pre_ln/g5836/Y           -       A->Y  R     NAND2_X6M_A9TL         2   110    94    3186 
  u_backbone/u_pre_ln/fopt5940/Y        -       A->Y  F     INV_X9B_A9TL           1    48    53    3239 
  u_backbone/u_pre_ln/g5750/Y           -       A->Y  F     AND3_X11M_A9TL         5    52   110    3348 
  u_backbone/u_pre_ln/g5692/Y           -       A->Y  R     NAND2_X3M_A9TL         2   105    81    3429 
  u_backbone/u_pre_ln/g5688/Y           -       A->Y  F     INV_X4M_A9TL           1    34    37    3466 
  u_backbone/u_pre_ln/g5561/Y           -       B0->Y R     AOI2XB1_X2M_A9TL       1    96    75    3542 
  u_backbone/s1_pre_ln_reg_reg[6][12]/D -       -     R     DFFRPQ_X4M_A9TL        1     -     0    3542 
#--------------------------------------------------------------------------------------------------------

