============================================================
  Generated by:           Genus(TM) Synthesis Solution 25.12-s067_1
  Generated on:           May 09 2026  08:45:42 pm
  Module:                 tr_nonlinear_vpu
  Operating conditions:   ss_typical_max_0p90v_125c (balanced_tree)
  Wireload mode:          top
  Area mode:              timing library
============================================================


Path 1: MET (3 ps) Setup Check with Pin u_backbone/s2_post_ln_reg_reg[4][5]/CK->D
          Group: reg2reg
     Startpoint: (R) u_backbone/s1_pre_ln_reg_reg[4][15]/CK
          Clock: (R) clk
       Endpoint: (F) u_backbone/s2_post_ln_reg_reg[4][5]/D
          Clock: (R) clk

                     Capture       Launch     
        Clock Edge:+    3300            0     
       Src Latency:+       0            0     
       Net Latency:+       0 (I)        0 (I) 
           Arrival:=    3300            0     
                                              
             Setup:-     119                  
       Uncertainty:-     125                  
     Required Time:=    3056                  
      Launch Clock:-       0                  
         Data Path:-    3054                  
             Slack:=       3                  

#------------------------------------------------------------------------------------------------------------------
#                Timing Point                  Flags    Arc    Edge        Cell         Fanout Trans Delay Arrival 
#                                                                                               (ps)  (ps)   (ps)  
#------------------------------------------------------------------------------------------------------------------
  u_backbone/s1_pre_ln_reg_reg[4][15]/CK       -       -       R     (arrival)             278     0     0       0 
  u_backbone/s1_pre_ln_reg_reg[4][15]/QN       -       CK->QN  F     DFFRPQN_X3M_A9TL        1    93   255     255 
  u_backbone/g210/Y                            -       A->Y    R     INV_X1M_A9TL            3   200   150     405 
  u_backbone/gen_tr_lanes[4].u_tr_ln/g2959/Y   -       A->Y    F     INV_X4M_A9TL            5    82    88     493 
  u_backbone/gen_tr_lanes[4].u_tr_ln/g2913/Y   -       BN->Y   F     NOR2XB_X4M_A9TL         5   109   170     663 
  u_backbone/gen_tr_lanes[4].u_tr_ln/g2996/Y   -       B0N->Y  F     AOI21B_X2M_A9TL         2   111   170     833 
  u_backbone/gen_tr_lanes[4].u_tr_ln/g2882/Y   -       C->Y    F     AND3_X2M_A9TL           3    68   173    1006 
  u_backbone/gen_tr_lanes[4].u_tr_ln/g2864/Y   -       B0->Y   R     AOI2XB1_X1P4M_A9TL      1   150   117    1122 
  u_backbone/gen_tr_lanes[4].u_tr_ln/g2851/Y   -       A0->Y   F     OAI211_X2M_A9TL         1   115   119    1241 
  u_backbone/gen_tr_lanes[4].u_tr_ln/g2846/Y   -       C0->Y   R     AOI221_X3M_A9TL         2   201   160    1401 
  u_backbone/gen_tr_lanes[4].u_tr_ln/g3004/Y   -       A->Y    F     INV_X0P5M_A9TL          1   152   152    1553 
  u_backbone/gen_tr_lanes[4].u_tr_ln/g2808/Y   -       A->Y    R     NAND2XB_X4M_A9TL        4   137   132    1685 
  u_backbone/gen_tr_lanes[4].u_tr_ln/g2805/Y   -       A->Y    F     NAND2_X3A_A9TL          2    93    90    1776 
  u_backbone/gen_tr_lanes[4].u_tr_ln/g2793/Y   -       A->Y    R     MXIT2_X3M_A9TL          2   169   114    1890 
  u_backbone/gen_tr_lanes[4].u_tr_ln/g2791/Y   -       B->Y    F     NAND2_X2A_A9TL          1    91    98    1988 
  u_backbone/gen_tr_lanes[4].u_tr_ln/g2789/Y   -       A->Y    R     NAND2XB_X3M_A9TL        2    92    84    2073 
  u_backbone/gen_tr_lanes[4].u_tr_ln/g2787/CON -       CI->CON F     CGENI_X2M_A9TL          2   149   100    2173 
  u_backbone/gen_tr_lanes[4].u_tr_ln/g2786/Y   -       A->Y    R     NAND2XB_X2M_A9TL        2   144   135    2307 
  u_backbone/gen_tr_lanes[4].u_tr_ln/g2783/Y   -       A->Y    F     NAND2XB_X3M_A9TL        2    80    78    2385 
  u_backbone/gen_tr_lanes[4].u_tr_ln/g2782/Y   -       A->Y    R     INV_X2M_A9TL            1    61    64    2449 
  u_backbone/gen_tr_lanes[4].u_tr_ln/g2781/Y   -       B->Y    F     NAND3XXB_X4M_A9TL       1   101    61    2511 
  u_backbone/gen_tr_lanes[4].u_tr_ln/g2779/Y   -       B->Y    F     AND3_X4M_A9TL           3    60   152    2663 
  u_backbone/u_post_ln/g4170/Y                 -       B->Y    R     MXIT2_X2M_A9TL          2   191   115    2778 
  u_backbone/u_post_ln/g4025/Y                 -       C->Y    F     NAND3_X3M_A9TL          2   120   121    2899 
  u_backbone/u_post_ln/g3958/Y                 -       A->Y    R     NAND2XB_X2M_A9TL        1    73    79    2979 
  u_backbone/u_post_ln/g4281/Y                 -       B0->Y   F     AOI2XB1_X1M_A9TL        1   111    75    3054 
  u_backbone/s2_post_ln_reg_reg[4][5]/D        -       -       F     DFFRPQ_X1M_A9TL         1     -     0    3054 
#------------------------------------------------------------------------------------------------------------------

