============================================================
  Generated by:           Genus(TM) Synthesis Solution 25.12-s067_1
  Generated on:           Mar 25 2026  05:42:33 pm
  Module:                 vec_mac_su
  Operating conditions:   ss_typical_max_0p90v_125c (balanced_tree)
  Wireload mode:          top
  Area mode:              timing library
============================================================

Timing
--------

Clock Period 
-------------
clk   3000.0 


        Cost          Critical         Violating 
       Group         Path Slack  TNS     Paths   
-------------------------------------------------
cg_enable_group_clk      1315.3   0.0          0 
clk                    No paths   0.0            
default                No paths   0.0            
in2out                   1143.7   0.0          0 
in2reg                   1128.2   0.0          0 
reg2out                  1376.7   0.0          0 
reg2reg                     0.0   0.0          0 
-------------------------------------------------
Total                             0.0          0 

Instance Count
--------------
Leaf Instance Count             7723 
Physical Instance count            0 
Sequential Instance Count        585 
Combinational Instance Count    7138 
Hierarchical Instance Count        3 

Area
----
Cell Area                          30504.600
Physical Cell Area                 0.000
Total Cell Area (Cell+Physical)    30504.600
Net Area                           0.000
Total Area (Cell+Physical+Net)     30504.600

Max Fanout                         528 (rc_gclk)
Min Fanout                         1 (a_reg[0][3])
Average Fanout                     2.0
Terms to net ratio                 2.9994
Terms to instance ratio            3.2328
Runtime                            239.22681299999982 seconds
Elapsed Runtime                    228 seconds
Genus peak memory usage            2580.70 
Innovus peak memory usage          no_value 
Hostname                           enicsw11.local
