============================================================
  Generated by:           Genus(TM) Synthesis Solution 25.12-s067_1
  Generated on:           Mar 25 2026  05:42:33 pm
  Module:                 vec_mac_su
  Operating conditions:   ss_typical_max_0p90v_125c (balanced_tree)
  Wireload mode:          top
  Area mode:              timing library
============================================================

Max_transition design rule (violation total = 7779)
Pin                                                                    Slew           Max     Violation
---------------------------------------------------------------------------------------------------------
g3320__2346/A1                                                          693           350           343
  --> Other violations on net                                                   5494
g3326__5107/A1                                                          693           350           343
  --> Other violations on net                                                   5494
g3327__6260/A1                                                          693           350           343
  --> Other violations on net                                                   5494
g3317__9315/A1                                                          693           350           343
  --> Other violations on net                                                   5494
g3318__9945/A1                                                          693           350           343
  --> Other violations on net                                                   5494
g3323__6417/A1                                                          693           350           343
  --> Other violations on net                                                   5494
g3329__8428/A1                                                          693           350           343
  --> Other violations on net                                                   5494
g3315__4733/A1                                                          693           350           343
  --> Other violations on net                                                   5494
g3319__2883/A1                                                          693           350           343
  --> Other violations on net                                                   5494
g3322__7410/A1                                                          693           350           343
  --> Other violations on net                                                   5494
g3328__4319/A1                                                          693           350           343
  --> Other violations on net                                                   5494
g3321__1666/A1                                                          693           350           343
  --> Other violations on net                                                   5494
g3325__2398/A1                                                          693           350           343
  --> Other violations on net                                                   5494
g3324__5477/A1                                                          693           350           343
  --> Other violations on net                                                   5494
g3316__6161/A1                                                          693           350           343
  --> Other violations on net                                                   5494
g3330__5526/A1                                                          693           350           343
  --> Other violations on net                                                   5494
g3876__3680/Y                                                           693           350           343
  --> Other violations on net                                                   5494
MULT_TC_OP_1_Y_MULT_TC_OP_Y_MULT_UNS_OP_g1887__9315/A1                  380           350            30
  --> Other violations on net                                                   90
MULT_TC_OP_1_Y_MULT_TC_OP_Y_MULT_UNS_OP_g1879__8246/B0                  380           350            30
  --> Other violations on net                                                   90
MULT_TC_OP_1_Y_MULT_TC_OP_Y_MULT_UNS_OP_g1923__1666/B                   380           350            30
  --> Other violations on net                                                   90
MULT_TC_OP_1_Y_MULT_TC_OP_Y_MULT_UNS_OP_g1931__8428/Y                   380           350            30
  --> Other violations on net                                                   90
MULT_TC_OP_1_Y_MULT_TC_OP_Y_MULT_UNS_OP1121_g1887__5115/A1              380           350            30
  --> Other violations on net                                                   90
MULT_TC_OP_1_Y_MULT_TC_OP_Y_MULT_UNS_OP1121_g1879__1617/B0              380           350            30
  --> Other violations on net                                                   90
MULT_TC_OP_1_Y_MULT_TC_OP_Y_MULT_UNS_OP1121_g1923__9315/B               380           350            30
  --> Other violations on net                                                   90
MULT_TC_OP_1_Y_MULT_TC_OP_Y_MULT_UNS_OP1121_g1931__2398/Y               380           350            30
  --> Other violations on net                                                   90
MULT_TC_OP_1_Y_MULT_TC_OP_Y_MULT_UNS_OP1133_g1887__8246/A1              380           350            30
  --> Other violations on net                                                   90
MULT_TC_OP_1_Y_MULT_TC_OP_Y_MULT_UNS_OP1133_g1879__8428/B0              380           350            30
  --> Other violations on net                                                   90
MULT_TC_OP_1_Y_MULT_TC_OP_Y_MULT_UNS_OP1133_g1923__5115/B               380           350            30
  --> Other violations on net                                                   90
MULT_TC_OP_1_Y_MULT_TC_OP_Y_MULT_UNS_OP1133_g1931__1666/Y               380           350            30
  --> Other violations on net                                                   90
MULT_TC_OP_1_Y_MULT_TC_OP_Y_MULT_UNS_OP1145_g1887/A1                    380           350            30
  --> Other violations on net                                                   90
MULT_TC_OP_1_Y_MULT_TC_OP_Y_MULT_UNS_OP1145_g1879/B0                    380           350            30
  --> Other violations on net                                                   90
MULT_TC_OP_1_Y_MULT_TC_OP_Y_MULT_UNS_OP1145_g1923/B                     380           350            30
  --> Other violations on net                                                   90
MULT_TC_OP_1_Y_MULT_TC_OP_Y_MULT_UNS_OP1145_g1931/Y                     380           350            30
  --> Other violations on net                                                   90
MULT_TC_OP_1_Y_MULT_TC_OP_Y_MULT_UNS_OP1157_g1887/A1                    380           350            30
  --> Other violations on net                                                   90
MULT_TC_OP_1_Y_MULT_TC_OP_Y_MULT_UNS_OP1157_g1879/B0                    380           350            30
  --> Other violations on net                                                   90
MULT_TC_OP_1_Y_MULT_TC_OP_Y_MULT_UNS_OP1157_g1923/B                     380           350            30
  --> Other violations on net                                                   90
MULT_TC_OP_1_Y_MULT_TC_OP_Y_MULT_UNS_OP1157_g1931/Y                     380           350            30
  --> Other violations on net                                                   90
MULT_TC_OP_1_Y_MULT_TC_OP_Y_MULT_UNS_OP1169_g1887/A1                    380           350            30
  --> Other violations on net                                                   90
MULT_TC_OP_1_Y_MULT_TC_OP_Y_MULT_UNS_OP1169_g1879/B0                    380           350            30
  --> Other violations on net                                                   90
MULT_TC_OP_1_Y_MULT_TC_OP_Y_MULT_UNS_OP1169_g1923/B                     380           350            30
  --> Other violations on net                                                   90
MULT_TC_OP_1_Y_MULT_TC_OP_Y_MULT_UNS_OP1169_g1931/Y                     380           350            30
  --> Other violations on net                                                   90
MULT_TC_OP_1_Y_MULT_TC_OP_Y_MULT_UNS_OP1181_g1887/A1                    380           350            30
  --> Other violations on net                                                   90
MULT_TC_OP_1_Y_MULT_TC_OP_Y_MULT_UNS_OP1181_g1879/B0                    380           350            30
  --> Other violations on net                                                   90
MULT_TC_OP_1_Y_MULT_TC_OP_Y_MULT_UNS_OP1181_g1923/B                     380           350            30
  --> Other violations on net                                                   90
MULT_TC_OP_1_Y_MULT_TC_OP_Y_MULT_UNS_OP1181_g1931/Y                     380           350            30
  --> Other violations on net                                                   90
MULT_TC_OP_1_Y_MULT_TC_OP_Y_MULT_UNS_OP1193_g1887/A1                    380           350            30
  --> Other violations on net                                                   90
MULT_TC_OP_1_Y_MULT_TC_OP_Y_MULT_UNS_OP1193_g1879/B0                    380           350            30
  --> Other violations on net                                                   90
MULT_TC_OP_1_Y_MULT_TC_OP_Y_MULT_UNS_OP1193_g1923/B                     380           350            30
  --> Other violations on net                                                   90
MULT_TC_OP_1_Y_MULT_TC_OP_Y_MULT_UNS_OP1193_g1931/Y                     380           350            30
  --> Other violations on net                                                   90
MULT_TC_OP_1_Y_MULT_TC_OP_Y_MULT_UNS_OP1205_g1887/A1                    380           350            30
  --> Other violations on net                                                   90
MULT_TC_OP_1_Y_MULT_TC_OP_Y_MULT_UNS_OP1205_g1879/B0                    380           350            30
  --> Other violations on net                                                   90
MULT_TC_OP_1_Y_MULT_TC_OP_Y_MULT_UNS_OP1205_g1923/B                     380           350            30
  --> Other violations on net                                                   90
MULT_TC_OP_1_Y_MULT_TC_OP_Y_MULT_UNS_OP1205_g1931/Y                     380           350            30
  --> Other violations on net                                                   90
MULT_TC_OP_1_Y_MULT_TC_OP_Y_MULT_UNS_OP1217_g1887/A1                    380           350            30
  --> Other violations on net                                                   90
MULT_TC_OP_1_Y_MULT_TC_OP_Y_MULT_UNS_OP1217_g1879/B0                    380           350            30
  --> Other violations on net                                                   90
MULT_TC_OP_1_Y_MULT_TC_OP_Y_MULT_UNS_OP1217_g1923/B                     380           350            30
  --> Other violations on net                                                   90
MULT_TC_OP_1_Y_MULT_TC_OP_Y_MULT_UNS_OP1217_g1931/Y                     380           350            30
  --> Other violations on net                                                   90
MULT_TC_OP_1_Y_MULT_TC_OP_Y_MULT_UNS_OP1229_g1887/A1                    380           350            30
  --> Other violations on net                                                   90
MULT_TC_OP_1_Y_MULT_TC_OP_Y_MULT_UNS_OP1229_g1879/B0                    380           350            30
  --> Other violations on net                                                   90
MULT_TC_OP_1_Y_MULT_TC_OP_Y_MULT_UNS_OP1229_g1923/B                     380           350            30
  --> Other violations on net                                                   90
MULT_TC_OP_1_Y_MULT_TC_OP_Y_MULT_UNS_OP1229_g1931/Y                     380           350            30
  --> Other violations on net                                                   90
MULT_TC_OP_1_Y_MULT_TC_OP_Y_MULT_UNS_OP1241_g1887/A1                    380           350            30
  --> Other violations on net                                                   90
MULT_TC_OP_1_Y_MULT_TC_OP_Y_MULT_UNS_OP1241_g1879/B0                    380           350            30
  --> Other violations on net                                                   90
MULT_TC_OP_1_Y_MULT_TC_OP_Y_MULT_UNS_OP1241_g1923/B                     380           350            30
  --> Other violations on net                                                   90
MULT_TC_OP_1_Y_MULT_TC_OP_Y_MULT_UNS_OP1241_g1931/Y                     380           350            30
  --> Other violations on net                                                   90
MULT_TC_OP_1_Y_MULT_TC_OP_Y_MULT_UNS_OP1253_g1887/A1                    380           350            30
  --> Other violations on net                                                   90
MULT_TC_OP_1_Y_MULT_TC_OP_Y_MULT_UNS_OP1253_g1879/B0                    380           350            30
  --> Other violations on net                                                   90
MULT_TC_OP_1_Y_MULT_TC_OP_Y_MULT_UNS_OP1253_g1923/B                     380           350            30
  --> Other violations on net                                                   90
MULT_TC_OP_1_Y_MULT_TC_OP_Y_MULT_UNS_OP1253_g1931/Y                     380           350            30
  --> Other violations on net                                                   90
MULT_TC_OP_1_Y_MULT_TC_OP_Y_MULT_UNS_OP1265_g1887/A1                    380           350            30
  --> Other violations on net                                                   90
MULT_TC_OP_1_Y_MULT_TC_OP_Y_MULT_UNS_OP1265_g1879/B0                    380           350            30
  --> Other violations on net                                                   90
MULT_TC_OP_1_Y_MULT_TC_OP_Y_MULT_UNS_OP1265_g1923/B                     380           350            30
  --> Other violations on net                                                   90
MULT_TC_OP_1_Y_MULT_TC_OP_Y_MULT_UNS_OP1265_g1931/Y                     380           350            30
  --> Other violations on net                                                   90
MULT_TC_OP_1_Y_MULT_TC_OP_Y_MULT_UNS_OP1277_g1887/A1                    380           350            30
  --> Other violations on net                                                   90
MULT_TC_OP_1_Y_MULT_TC_OP_Y_MULT_UNS_OP1277_g1879/B0                    380           350            30
  --> Other violations on net                                                   90
MULT_TC_OP_1_Y_MULT_TC_OP_Y_MULT_UNS_OP1277_g1923/B                     380           350            30
  --> Other violations on net                                                   90
MULT_TC_OP_1_Y_MULT_TC_OP_Y_MULT_UNS_OP1277_g1931/Y                     380           350            30
  --> Other violations on net                                                   90
MULT_TC_OP_1_Y_MULT_TC_OP_Y_MULT_UNS_OP1289_g1887/A1                    380           350            30
  --> Other violations on net                                                   90
MULT_TC_OP_1_Y_MULT_TC_OP_Y_MULT_UNS_OP1289_g1879/B0                    380           350            30
  --> Other violations on net                                                   90
MULT_TC_OP_1_Y_MULT_TC_OP_Y_MULT_UNS_OP1289_g1923/B                     380           350            30
  --> Other violations on net                                                   90
MULT_TC_OP_1_Y_MULT_TC_OP_Y_MULT_UNS_OP1289_g1931/Y                     380           350            30
  --> Other violations on net                                                   90
csa_tree_ADD_TC_OP_14_groupi_g10699/B0                                  355           350             5
  --> Other violations on net                                                   16
csa_tree_ADD_TC_OP_14_groupi_g10727/B1                                  355           350             5
  --> Other violations on net                                                   16
csa_tree_ADD_TC_OP_14_groupi_g10747/B                                   355           350             5
  --> Other violations on net                                                   16
csa_tree_ADD_TC_OP_14_groupi_g10758/Y                                   355           350             5
  --> Other violations on net                                                   16


Max_capacitance design rule: no violations.


Max_fanout design rule (violation total = 5.000)
Pin                      Fanout           Max     Violation
-------------------------------------------------------------
drc_bufs3894/Y           21.000        16.000         5.000
drc_bufs3894/Y           21.000        16.000         5.000
drc_bufs3894/Y           21.000        16.000         5.000
drc_bufs3894/Y           21.000        16.000         5.000
drc_bufs3894/Y           21.000        16.000         5.000
drc_bufs3894/Y           21.000        16.000         5.000
drc_bufs3894/Y           21.000        16.000         5.000
drc_bufs3894/Y           21.000        16.000         5.000
drc_bufs3894/Y           21.000        16.000         5.000
drc_bufs3894/Y           21.000        16.000         5.000
drc_bufs3894/Y           21.000        16.000         5.000
drc_bufs3894/Y           21.000        16.000         5.000
drc_bufs3894/Y           21.000        16.000         5.000
drc_bufs3894/Y           21.000        16.000         5.000
drc_bufs3894/Y           21.000        16.000         5.000
drc_bufs3894/Y           21.000        16.000         5.000
drc_bufs3894/Y           21.000        16.000         5.000
drc_bufs3894/Y           21.000        16.000         5.000
drc_bufs3894/Y           21.000        16.000         5.000
drc_bufs3894/Y           21.000        16.000         5.000
drc_bufs3894/Y           21.000        16.000         5.000
drc_bufs3894/Y           21.000        16.000         5.000



