============================================================
  Generated by:           Genus(TM) Synthesis Solution 25.12-s067_1
  Generated on:           May 06 2026  12:23:15 pm
  Module:                 tr_norm_alu
  Operating conditions:   ss_typical_max_0p90v_125c (balanced_tree)
  Wireload mode:          top
  Area mode:              timing library
============================================================


Path 1: MET (0 ps) Setup Check with Pin var_reg_s4_reg[19]/CK->D
          Group: reg2reg
     Startpoint: (R) mean_val_full_s3_reg[18]/CK
          Clock: (R) clk
       Endpoint: (R) var_reg_s4_reg[19]/D
          Clock: (R) clk

                     Capture       Launch     
        Clock Edge:+    3300            0     
       Src Latency:+       0            0     
       Net Latency:+       0 (I)        0 (I) 
           Arrival:=    3300            0     
                                              
             Setup:-     101                  
       Uncertainty:-     125                  
     Required Time:=    3074                  
      Launch Clock:-       0                  
         Data Path:-    3074                  
             Slack:=       0                  

#--------------------------------------------------------------------------------------------------------------------
#                  Timing Point                    Flags    Arc   Edge       Cell         Fanout Trans Delay Arrival 
#                                                                                                 (ps)  (ps)   (ps)  
#--------------------------------------------------------------------------------------------------------------------
  mean_val_full_s3_reg[18]/CK                      -       -      R     (arrival)            295     0     0       0 
  mean_val_full_s3_reg[18]/Q                       -       CK->Q  R     DFFRPQ_X4M_A9TL        6   143   335     335 
  csa_tree_add_132_42_rsh_pad_groupi_g4315/Y       -       A->Y   F     INV_X3M_A9TL           3    73    80     414 
  csa_tree_add_132_42_rsh_pad_groupi_g4182/Y       -       B->Y   F     OR2_X1P4M_A9TL         2    87   165     580 
  csa_tree_add_132_42_rsh_pad_groupi_g3838/Y       -       C->Y   R     XNOR3_X3M_A9TL         2    78   268     847 
  csa_tree_add_132_42_rsh_pad_groupi_g3788/Y       -       A->Y   F     INV_X1M_A9TL           1    59    65     912 
  csa_tree_add_132_42_rsh_pad_groupi_g3732/CO      -       B->CO  F     CGEN_X1M_A9TL          2   129   209    1121 
  csa_tree_add_132_42_rsh_pad_groupi_g3702/Y       -       A->Y   R     INV_X2M_A9TL           1    63    69    1190 
  csa_tree_add_132_42_rsh_pad_groupi_g3653/Y       -       A0->Y  F     AOI21_X2M_A9TL         1    68    68    1258 
  csa_tree_add_132_42_rsh_pad_groupi_g3568/SUM     -       A->SUM F     ADDFH_X2M_A9TL         2    94   348    1606 
  csa_tree_add_132_42_rsh_pad_groupi_g3562/Y       -       B->Y   F     AND2_X3M_A9TL          3    65   144    1750 
  csa_tree_add_132_42_rsh_pad_groupi_g3539__7482/Y -       B0->Y  R     AOI21_X4M_A9TL         2   111    94    1844 
  csa_tree_add_132_42_rsh_pad_groupi_g3535/Y       -       A->Y   F     INV_X2M_A9TL           1    52    58    1902 
  csa_tree_add_132_42_rsh_pad_groupi_g3507__1666/Y -       A->Y   R     NOR2_X4M_A9TL          2    98    82    1984 
  csa_tree_add_132_42_rsh_pad_groupi_g4401/Y       -       B->Y   F     NAND2B_X2M_A9TL        1    90    88    2072 
  csa_tree_add_132_42_rsh_pad_groupi_g3491__8246/Y -       B->Y   R     NAND3XXB_X6M_A9TL      2   113    99    2171 
  csa_tree_add_132_42_rsh_pad_groupi_g3488__1705/Y -       A0->Y  F     AOI21_X4M_A9TL         2   124    96    2267 
  csa_tree_add_132_42_rsh_pad_groupi_g3485__3680/Y -       A0->Y  R     OAI2XB1_X4M_A9TL       2   124   122    2389 
  g6012/Y                                          -       B->Y   R     XNOR2_X3M_A9TL         3   214   162    2552 
  csa_tree_sub_135_39_rsh_pad_groupi_g1405/Y       -       A->Y   F     INV_X2M_A9TL           1    75    79    2630 
  csa_tree_sub_135_39_rsh_pad_groupi_g1393/Y       -       B->Y   R     NAND2_X3A_A9TL         2    66    70    2701 
  csa_tree_sub_135_39_rsh_pad_groupi_g1385/Y       -       A->Y   F     INV_X2M_A9TL           2    44    51    2752 
  csa_tree_sub_135_39_rsh_pad_groupi_g1282/Y       -       A->Y   R     NOR2_X2M_A9TL          1   114    84    2836 
  csa_tree_sub_135_39_rsh_pad_groupi_g1268/Y       -       B0->Y  F     AOI21_X3M_A9TL         1    74    73    2909 
  csa_tree_sub_135_39_rsh_pad_groupi_g1206/Y       -       A->Y   R     NAND3XXB_X4M_A9TL      1   104    79    2988 
  csa_tree_sub_135_39_rsh_pad_groupi_g1204/Y       -       A->Y   R     XOR2_X3M_A9TL          1   158    85    3074 
  var_reg_s4_reg[19]/D                             -       -      R     DFFRPQ_X4M_A9TL        1     -     0    3074 
#--------------------------------------------------------------------------------------------------------------------

