============================================================
  Generated by:           Genus(TM) Synthesis Solution 25.12-s067_1
  Generated on:           Mar 25 2026  05:49:35 pm
  Module:                 vec_mac_su
  Operating conditions:   ss_typical_max_0p90v_125c (balanced_tree)
  Wireload mode:          top
  Area mode:              timing library
============================================================

Max_transition design rule (violation total = 733)
Pin                                                               Slew           Max     Violation
----------------------------------------------------------------------------------------------------
MULT_TC_OP_1_Y_MULT_TC_OP_Y_MULT_UNS_OP1515_g6773/A                420           350            70
  --> Other violations on net                                              140
MULT_TC_OP_1_Y_MULT_TC_OP_Y_MULT_UNS_OP1515_g6792/B                420           350            70
  --> Other violations on net                                              140
MULT_TC_OP_1_Y_MULT_TC_OP_Y_MULT_UNS_OP1515_g6843/CON              420           350            70
  --> Other violations on net                                              140
MULT_TC_OP_1_Y_MULT_TC_OP_Y_MULT_UNS_OP1503_g6773/A                420           350            70
  --> Other violations on net                                              140
MULT_TC_OP_1_Y_MULT_TC_OP_Y_MULT_UNS_OP1503_g6792/B                420           350            70
  --> Other violations on net                                              140
MULT_TC_OP_1_Y_MULT_TC_OP_Y_MULT_UNS_OP1503_g6843/CON              420           350            70
  --> Other violations on net                                              140
MULT_TC_OP_1_Y_MULT_TC_OP_Y_MULT_UNS_OP1551_g6773/A                420           350            70
  --> Other violations on net                                              140
MULT_TC_OP_1_Y_MULT_TC_OP_Y_MULT_UNS_OP1551_g6792/B                420           350            70
  --> Other violations on net                                              140
MULT_TC_OP_1_Y_MULT_TC_OP_Y_MULT_UNS_OP1551_g6843/CON              420           350            70
  --> Other violations on net                                              140
MULT_TC_OP_1_Y_MULT_TC_OP_Y_MULT_UNS_OP1491_g6773/A                367           350            17
  --> Other violations on net                                              34
MULT_TC_OP_1_Y_MULT_TC_OP_Y_MULT_UNS_OP1491_g6792/B                367           350            17
  --> Other violations on net                                              34
MULT_TC_OP_1_Y_MULT_TC_OP_Y_MULT_UNS_OP1491_g6843/CON              367           350            17
  --> Other violations on net                                              34
MULT_TC_OP_1_Y_MULT_TC_OP_Y_MULT_UNS_OP1539_g6773/A                367           350            17
  --> Other violations on net                                              34
MULT_TC_OP_1_Y_MULT_TC_OP_Y_MULT_UNS_OP1539_g6792/B                367           350            17
  --> Other violations on net                                              34
MULT_TC_OP_1_Y_MULT_TC_OP_Y_MULT_UNS_OP1539_g6843/CON              367           350            17
  --> Other violations on net                                              34


Max_capacitance design rule: no violations.


Max_fanout design rule: no violations.



