============================================================
  Generated by:           Genus(TM) Synthesis Solution 25.12-s067_1
  Generated on:           Mar 29 2026  07:16:18 pm
  Module:                 soft_dsp_eng_post_wrapper
  Operating conditions:   ss_typical_max_0p90v_125c (balanced_tree)
  Wireload mode:          top
  Area mode:              timing library
============================================================


Path 1: MET (1092 ps) Late External Delay Assertion at pin in_ready
          Group: in2out
     Startpoint: (R) out_ready
          Clock: (R) clk
       Endpoint: (R) in_ready
          Clock: (R) clk

                        Capture       Launch     
           Path Delay:+    3300            -     
           Drv Adjust:+       0            8     
          Src Latency:+       0            0     
          Net Latency:+       0 (I)        0 (I) 
        Capture Clock:+       0                  
              Arrival:=    3300            8     
                                                 
         Output Delay:-     900                  
          Uncertainty:-     125                  
        Required Time:=    2275                  
         Launch Clock:-       8                  
          Input Delay:-     900                  
            Data Path:-     275                  
                Slack:=    1092                  

Exceptions/Constraints:
  max_delay                3300            soft_dsp_eng_post_wr_line_19         
  input_delay              900             soft_dsp_eng_post_wr_line_16_264_1   
  output_delay             900             soft_dsp_eng_post_wr_line_18         

#-------------------------------------------------------------------------------
# Timing Point   Flags    Arc    Edge     Cell       Fanout Trans Delay Arrival 
#                                                            (ps)  (ps)   (ps)  
#-------------------------------------------------------------------------------
  out_ready      (u)     -       R     (arrival)          2    43     0     908 
  dsp_mul/g168/z (u)     in_1->z R     unmapped_and2      1     0    61     969 
  dsp_mul/g169/z (u)     in_1->z R     unmapped_or2     560     0   214    1183 
  in_ready       -       -       R     (port)             -     -     0    1183 
#-------------------------------------------------------------------------------

(u) : Net has unmapped pin(s).

