============================================================
  Generated by:           Genus(TM) Synthesis Solution 25.12-s067_1
  Generated on:           Mar 29 2026  07:16:18 pm
  Module:                 soft_dsp_eng_post_wrapper
  Operating conditions:   ss_typical_max_0p90v_125c (balanced_tree)
  Wireload mode:          top
  Area mode:              timing library
============================================================


Path 1: MET (1210 ps) Setup Check with Pin dsp_mul/out_valid_mask_reg[0]/clk->sena
          Group: in2reg
     Startpoint: (R) out_ready
          Clock: (R) clk
       Endpoint: (R) dsp_mul/out_valid_mask_reg[0]/sena
          Clock: (R) clk

                     Capture       Launch     
        Clock Edge:+    3000            0     
        Drv Adjust:+       0            8     
       Src Latency:+       0            0     
       Net Latency:+       0 (I)        0 (I) 
           Arrival:=    3000            8     
                                              
             Setup:-     267                  
       Uncertainty:-     125                  
     Required Time:=    2608                  
      Launch Clock:-       8                  
       Input Delay:-     900                  
         Data Path:-     489                  
             Slack:=    1210                  

Exceptions/Constraints:
  input_delay             900             soft_dsp_eng_post_wr_line_16_264_1   

#-----------------------------------------------------------------------------------------------------
#           Timing Point             Flags    Arc    Edge      Cell        Fanout Trans Delay Arrival 
#                                                                                  (ps)  (ps)   (ps)  
#-----------------------------------------------------------------------------------------------------
  out_ready                          (u)     -       R     (arrival)            2    43     0     908 
  dsp_mul/g168/z                     (u)     in_1->z R     unmapped_and2        1     0    61     969 
  dsp_mul/g169/z                     (u)     in_1->z R     unmapped_or2       560     0   214    1183 
  dsp_mul/g151/z                     (u)     in_1->z R     unmapped_and2      528     0   214    1397 
  dsp_mul/out_valid_mask_reg[0]/sena -       -       R     unmapped_d_flop    528     -     0    1397 
#-----------------------------------------------------------------------------------------------------

(u) : Net has unmapped pin(s).

