============================================================
  Generated by:           Genus(TM) Synthesis Solution 25.12-s067_1
  Generated on:           Mar 26 2026  02:25:03 pm
  Module:                 tr_softmax
  Operating conditions:   ss_typical_max_0p90v_125c (balanced_tree)
  Wireload mode:          top
  Area mode:              timing library
============================================================


Path 1: MET (1020 ps) Setup Check with Pin gen_classic_recip.u_reciprocal/u_divider/i_reg[2]/CK->B
          Group: in2reg
     Startpoint: (F) rst_n
          Clock: (R) clk
       Endpoint: (R) gen_classic_recip.u_reciprocal/u_divider/i_reg[2]/B
          Clock: (R) clk

                     Capture       Launch     
        Clock Edge:+    3000            0     
        Drv Adjust:+       0            0     
       Src Latency:+       0            0     
       Net Latency:+       0 (I)        0 (I) 
           Arrival:=    3000            0     
                                              
             Setup:-     152                  
       Uncertainty:-     125                  
     Required Time:=    2724                  
      Launch Clock:-       0                  
       Input Delay:-     900                  
         Data Path:-     803                  
             Slack:=    1020                  

Exceptions/Constraints:
  input_delay             900             tr_softmax.sdc_line_16   

#----------------------------------------------------------------------------------------------------------------------
#                    Timing Point                     Flags   Arc   Edge       Cell         Fanout Trans Delay Arrival 
#                                                                                                   (ps)  (ps)   (ps)  
#----------------------------------------------------------------------------------------------------------------------
  rst_n                                               (i)     -     F     (arrival)             46     0     0     900 
  gen_classic_recip.u_reciprocal/u_divider/g1258/Y    -       A->Y  R     NAND3_X1A_A9TL         2   250   132    1032 
  gen_classic_recip.u_reciprocal/u_divider/g1363/Y    -       B->Y  F     NAND2_X1A_A9TL         5   282   252    1284 
  gen_classic_recip.u_reciprocal/u_divider/g1336/Y    -       B->Y  R     NAND2_X1A_A9TL         3   175   194    1478 
  gen_classic_recip.u_reciprocal/u_divider/g1316/Y    -       A->Y  F     INV_X1M_A9TL           2    96   103    1580 
  gen_classic_recip.u_reciprocal/u_divider/g1292/Y    -       B0->Y R     AOI2XB1_X1M_A9TL       1   146   123    1703 
  gen_classic_recip.u_reciprocal/u_divider/i_reg[2]/B -       -     R     A2DFFQ_X0P5M_A9TL      1     -     0    1703 
#----------------------------------------------------------------------------------------------------------------------

(i) : Net is ideal.

