============================================================
  Generated by:           Genus(TM) Synthesis Solution 25.12-s067_1
  Generated on:           Sep 23 2026  01:19:24 pm
  Module:                 tr_nonlinear_vpu
  Operating conditions:   ss_typical_max_0p90v_125c (balanced_tree)
  Wireload mode:          top
  Area mode:              timing library
============================================================


Path 1: MET (1811 ps) Late External Delay Assertion at pin vpu_dot_out[11]
          Group: reg2out
     Startpoint: (R) u_mac/out_dot_reg[11]/CK
          Clock: (R) clk
       Endpoint: (R) vpu_dot_out[11]
          Clock: (R) clk

                     Capture       Launch     
        Clock Edge:+    3300            0     
       Src Latency:+       0            0     
       Net Latency:+       0 (I)        0 (I) 
           Arrival:=    3300            0     
                                              
      Output Delay:-     990                  
       Uncertainty:-     125                  
     Required Time:=    2185                  
      Launch Clock:-       0                  
         Data Path:-     374                  
             Slack:=    1811                  

Exceptions/Constraints:
  output_delay             990             dut.sdc_line_17_310_1   

#---------------------------------------------------------------------------------------
#      Timing Point        Flags   Arc   Edge     Cell       Fanout Trans Delay Arrival 
#                                                                    (ps)  (ps)   (ps)  
#---------------------------------------------------------------------------------------
  u_mac/out_dot_reg[11]/CK -       -     R     (arrival)         32     0     0       0 
  u_mac/out_dot_reg[11]/Q  -       CK->Q R     DFFQ_X1M_A9TL      6   289   374     374 
  vpu_dot_out[11]          -       -     R     (port)             -     -     0     374 
#---------------------------------------------------------------------------------------



Path 2: MET (1822 ps) Late External Delay Assertion at pin vpu_dot_out[11]
          Group: reg2out
     Startpoint: (R) u_mac/out_dot_reg[11]/CK
          Clock: (R) clk
       Endpoint: (F) vpu_dot_out[11]
          Clock: (R) clk

                     Capture       Launch     
        Clock Edge:+    3300            0     
       Src Latency:+       0            0     
       Net Latency:+       0 (I)        0 (I) 
           Arrival:=    3300            0     
                                              
      Output Delay:-     990                  
       Uncertainty:-     125                  
     Required Time:=    2185                  
      Launch Clock:-       0                  
         Data Path:-     363                  
             Slack:=    1822                  

Exceptions/Constraints:
  output_delay             990             dut.sdc_line_17_310_1   

#---------------------------------------------------------------------------------------
#      Timing Point        Flags   Arc   Edge     Cell       Fanout Trans Delay Arrival 
#                                                                    (ps)  (ps)   (ps)  
#---------------------------------------------------------------------------------------
  u_mac/out_dot_reg[11]/CK -       -     R     (arrival)         32     0     0       0 
  u_mac/out_dot_reg[11]/Q  -       CK->Q F     DFFQ_X1M_A9TL      6   202   363     363 
  vpu_dot_out[11]          -       -     F     (port)             -     -     0     363 
#---------------------------------------------------------------------------------------



Path 3: MET (1833 ps) Late External Delay Assertion at pin vpu_dot_out[14]
          Group: reg2out
     Startpoint: (R) u_mac/out_dot_reg[14]/CK
          Clock: (R) clk
       Endpoint: (R) vpu_dot_out[14]
          Clock: (R) clk

                     Capture       Launch     
        Clock Edge:+    3300            0     
       Src Latency:+       0            0     
       Net Latency:+       0 (I)        0 (I) 
           Arrival:=    3300            0     
                                              
      Output Delay:-     990                  
       Uncertainty:-     125                  
     Required Time:=    2185                  
      Launch Clock:-       0                  
         Data Path:-     352                  
             Slack:=    1833                  

Exceptions/Constraints:
  output_delay             990             dut.sdc_line_17_307_1   

#---------------------------------------------------------------------------------------
#      Timing Point        Flags   Arc   Edge     Cell       Fanout Trans Delay Arrival 
#                                                                    (ps)  (ps)   (ps)  
#---------------------------------------------------------------------------------------
  u_mac/out_dot_reg[14]/CK -       -     R     (arrival)         32     0     0       0 
  u_mac/out_dot_reg[14]/Q  -       CK->Q R     DFFQ_X1M_A9TL      5   250   352     352 
  vpu_dot_out[14]          -       -     R     (port)             -     -     0     352 
#---------------------------------------------------------------------------------------



Path 4: MET (1836 ps) Late External Delay Assertion at pin vpu_dot_out[8]
          Group: reg2out
     Startpoint: (R) u_mac/out_dot_reg[8]/CK
          Clock: (R) clk
       Endpoint: (R) vpu_dot_out[8]
          Clock: (R) clk

                     Capture       Launch     
        Clock Edge:+    3300            0     
       Src Latency:+       0            0     
       Net Latency:+       0 (I)        0 (I) 
           Arrival:=    3300            0     
                                              
      Output Delay:-     990                  
       Uncertainty:-     125                  
     Required Time:=    2185                  
      Launch Clock:-       0                  
         Data Path:-     349                  
             Slack:=    1836                  

Exceptions/Constraints:
  output_delay             990             dut.sdc_line_17_313_1   

#--------------------------------------------------------------------------------------
#      Timing Point       Flags   Arc   Edge     Cell       Fanout Trans Delay Arrival 
#                                                                   (ps)  (ps)   (ps)  
#--------------------------------------------------------------------------------------
  u_mac/out_dot_reg[8]/CK -       -     R     (arrival)         32     0     0       0 
  u_mac/out_dot_reg[8]/Q  -       CK->Q R     DFFQ_X1M_A9TL      5   245   349     349 
  vpu_dot_out[8]          -       -     R     (port)             -     -     0     349 
#--------------------------------------------------------------------------------------



Path 5: MET (1836 ps) Late External Delay Assertion at pin vpu_dot_out[9]
          Group: reg2out
     Startpoint: (R) u_mac/out_dot_reg[9]/CK
          Clock: (R) clk
       Endpoint: (R) vpu_dot_out[9]
          Clock: (R) clk

                     Capture       Launch     
        Clock Edge:+    3300            0     
       Src Latency:+       0            0     
       Net Latency:+       0 (I)        0 (I) 
           Arrival:=    3300            0     
                                              
      Output Delay:-     990                  
       Uncertainty:-     125                  
     Required Time:=    2185                  
      Launch Clock:-       0                  
         Data Path:-     349                  
             Slack:=    1836                  

Exceptions/Constraints:
  output_delay             990             dut.sdc_line_17_312_1   

#--------------------------------------------------------------------------------------
#      Timing Point       Flags   Arc   Edge     Cell       Fanout Trans Delay Arrival 
#                                                                   (ps)  (ps)   (ps)  
#--------------------------------------------------------------------------------------
  u_mac/out_dot_reg[9]/CK -       -     R     (arrival)         32     0     0       0 
  u_mac/out_dot_reg[9]/Q  -       CK->Q R     DFFQ_X1M_A9TL      5   245   349     349 
  vpu_dot_out[9]          -       -     R     (port)             -     -     0     349 
#--------------------------------------------------------------------------------------



Path 6: MET (1836 ps) Late External Delay Assertion at pin vpu_dot_out[12]
          Group: reg2out
     Startpoint: (R) u_mac/out_dot_reg[12]/CK
          Clock: (R) clk
       Endpoint: (R) vpu_dot_out[12]
          Clock: (R) clk

                     Capture       Launch     
        Clock Edge:+    3300            0     
       Src Latency:+       0            0     
       Net Latency:+       0 (I)        0 (I) 
           Arrival:=    3300            0     
                                              
      Output Delay:-     990                  
       Uncertainty:-     125                  
     Required Time:=    2185                  
      Launch Clock:-       0                  
         Data Path:-     349                  
             Slack:=    1836                  

Exceptions/Constraints:
  output_delay             990             dut.sdc_line_17_309_1   

#---------------------------------------------------------------------------------------
#      Timing Point        Flags   Arc   Edge     Cell       Fanout Trans Delay Arrival 
#                                                                    (ps)  (ps)   (ps)  
#---------------------------------------------------------------------------------------
  u_mac/out_dot_reg[12]/CK -       -     R     (arrival)         32     0     0       0 
  u_mac/out_dot_reg[12]/Q  -       CK->Q R     DFFQ_X1M_A9TL      5   245   349     349 
  vpu_dot_out[12]          -       -     R     (port)             -     -     0     349 
#---------------------------------------------------------------------------------------



Path 7: MET (1836 ps) Late External Delay Assertion at pin vpu_dot_out[13]
          Group: reg2out
     Startpoint: (R) u_mac/out_dot_reg[13]/CK
          Clock: (R) clk
       Endpoint: (R) vpu_dot_out[13]
          Clock: (R) clk

                     Capture       Launch     
        Clock Edge:+    3300            0     
       Src Latency:+       0            0     
       Net Latency:+       0 (I)        0 (I) 
           Arrival:=    3300            0     
                                              
      Output Delay:-     990                  
       Uncertainty:-     125                  
     Required Time:=    2185                  
      Launch Clock:-       0                  
         Data Path:-     349                  
             Slack:=    1836                  

Exceptions/Constraints:
  output_delay             990             dut.sdc_line_17_308_1   

#---------------------------------------------------------------------------------------
#      Timing Point        Flags   Arc   Edge     Cell       Fanout Trans Delay Arrival 
#                                                                    (ps)  (ps)   (ps)  
#---------------------------------------------------------------------------------------
  u_mac/out_dot_reg[13]/CK -       -     R     (arrival)         32     0     0       0 
  u_mac/out_dot_reg[13]/Q  -       CK->Q R     DFFQ_X1M_A9TL      5   245   349     349 
  vpu_dot_out[13]          -       -     R     (port)             -     -     0     349 
#---------------------------------------------------------------------------------------



Path 8: MET (1836 ps) Late External Delay Assertion at pin vpu_dot_out[15]
          Group: reg2out
     Startpoint: (R) u_mac/out_dot_reg[15]/CK
          Clock: (R) clk
       Endpoint: (R) vpu_dot_out[15]
          Clock: (R) clk

                     Capture       Launch     
        Clock Edge:+    3300            0     
       Src Latency:+       0            0     
       Net Latency:+       0 (I)        0 (I) 
           Arrival:=    3300            0     
                                              
      Output Delay:-     990                  
       Uncertainty:-     125                  
     Required Time:=    2185                  
      Launch Clock:-       0                  
         Data Path:-     349                  
             Slack:=    1836                  

Exceptions/Constraints:
  output_delay             990             dut.sdc_line_17_306_1   

#---------------------------------------------------------------------------------------
#      Timing Point        Flags   Arc   Edge     Cell       Fanout Trans Delay Arrival 
#                                                                    (ps)  (ps)   (ps)  
#---------------------------------------------------------------------------------------
  u_mac/out_dot_reg[15]/CK -       -     R     (arrival)         32     0     0       0 
  u_mac/out_dot_reg[15]/Q  -       CK->Q R     DFFQ_X1M_A9TL      5   245   349     349 
  vpu_dot_out[15]          -       -     R     (port)             -     -     0     349 
#---------------------------------------------------------------------------------------



Path 9: MET (1836 ps) Late External Delay Assertion at pin vpu_dot_out[19]
          Group: reg2out
     Startpoint: (R) u_mac/out_dot_reg[19]/CK
          Clock: (R) clk
       Endpoint: (R) vpu_dot_out[19]
          Clock: (R) clk

                     Capture       Launch     
        Clock Edge:+    3300            0     
       Src Latency:+       0            0     
       Net Latency:+       0 (I)        0 (I) 
           Arrival:=    3300            0     
                                              
      Output Delay:-     990                  
       Uncertainty:-     125                  
     Required Time:=    2185                  
      Launch Clock:-       0                  
         Data Path:-     349                  
             Slack:=    1836                  

Exceptions/Constraints:
  output_delay             990             dut.sdc_line_17_302_1   

#---------------------------------------------------------------------------------------
#      Timing Point        Flags   Arc   Edge     Cell       Fanout Trans Delay Arrival 
#                                                                    (ps)  (ps)   (ps)  
#---------------------------------------------------------------------------------------
  u_mac/out_dot_reg[19]/CK -       -     R     (arrival)         32     0     0       0 
  u_mac/out_dot_reg[19]/Q  -       CK->Q R     DFFQ_X1M_A9TL      5   245   349     349 
  vpu_dot_out[19]          -       -     R     (port)             -     -     0     349 
#---------------------------------------------------------------------------------------



Path 10: MET (1836 ps) Late External Delay Assertion at pin vpu_dot_out[16]
          Group: reg2out
     Startpoint: (R) u_mac/out_dot_reg[16]/CK
          Clock: (R) clk
       Endpoint: (R) vpu_dot_out[16]
          Clock: (R) clk

                     Capture       Launch     
        Clock Edge:+    3300            0     
       Src Latency:+       0            0     
       Net Latency:+       0 (I)        0 (I) 
           Arrival:=    3300            0     
                                              
      Output Delay:-     990                  
       Uncertainty:-     125                  
     Required Time:=    2185                  
      Launch Clock:-       0                  
         Data Path:-     349                  
             Slack:=    1836                  

Exceptions/Constraints:
  output_delay             990             dut.sdc_line_17_305_1   

#---------------------------------------------------------------------------------------
#      Timing Point        Flags   Arc   Edge     Cell       Fanout Trans Delay Arrival 
#                                                                    (ps)  (ps)   (ps)  
#---------------------------------------------------------------------------------------
  u_mac/out_dot_reg[16]/CK -       -     R     (arrival)         32     0     0       0 
  u_mac/out_dot_reg[16]/Q  -       CK->Q R     DFFQ_X1M_A9TL      5   243   349     349 
  vpu_dot_out[16]          -       -     R     (port)             -     -     0     349 
#---------------------------------------------------------------------------------------



Path 11: MET (1836 ps) Late External Delay Assertion at pin vpu_dot_out[17]
          Group: reg2out
     Startpoint: (R) u_mac/out_dot_reg[17]/CK
          Clock: (R) clk
       Endpoint: (R) vpu_dot_out[17]
          Clock: (R) clk

                     Capture       Launch     
        Clock Edge:+    3300            0     
       Src Latency:+       0            0     
       Net Latency:+       0 (I)        0 (I) 
           Arrival:=    3300            0     
                                              
      Output Delay:-     990                  
       Uncertainty:-     125                  
     Required Time:=    2185                  
      Launch Clock:-       0                  
         Data Path:-     349                  
             Slack:=    1836                  

Exceptions/Constraints:
  output_delay             990             dut.sdc_line_17_304_1   

#---------------------------------------------------------------------------------------
#      Timing Point        Flags   Arc   Edge     Cell       Fanout Trans Delay Arrival 
#                                                                    (ps)  (ps)   (ps)  
#---------------------------------------------------------------------------------------
  u_mac/out_dot_reg[17]/CK -       -     R     (arrival)         32     0     0       0 
  u_mac/out_dot_reg[17]/Q  -       CK->Q R     DFFQ_X1M_A9TL      5   243   349     349 
  vpu_dot_out[17]          -       -     R     (port)             -     -     0     349 
#---------------------------------------------------------------------------------------



Path 12: MET (1836 ps) Late External Delay Assertion at pin vpu_dot_out[18]
          Group: reg2out
     Startpoint: (R) u_mac/out_dot_reg[18]/CK
          Clock: (R) clk
       Endpoint: (R) vpu_dot_out[18]
          Clock: (R) clk

                     Capture       Launch     
        Clock Edge:+    3300            0     
       Src Latency:+       0            0     
       Net Latency:+       0 (I)        0 (I) 
           Arrival:=    3300            0     
                                              
      Output Delay:-     990                  
       Uncertainty:-     125                  
     Required Time:=    2185                  
      Launch Clock:-       0                  
         Data Path:-     349                  
             Slack:=    1836                  

Exceptions/Constraints:
  output_delay             990             dut.sdc_line_17_303_1   

#---------------------------------------------------------------------------------------
#      Timing Point        Flags   Arc   Edge     Cell       Fanout Trans Delay Arrival 
#                                                                    (ps)  (ps)   (ps)  
#---------------------------------------------------------------------------------------
  u_mac/out_dot_reg[18]/CK -       -     R     (arrival)         32     0     0       0 
  u_mac/out_dot_reg[18]/Q  -       CK->Q R     DFFQ_X1M_A9TL      5   243   349     349 
  vpu_dot_out[18]          -       -     R     (port)             -     -     0     349 
#---------------------------------------------------------------------------------------



Path 13: MET (1836 ps) Late External Delay Assertion at pin vpu_dot_out[20]
          Group: reg2out
     Startpoint: (R) u_mac/out_dot_reg[20]/CK
          Clock: (R) clk
       Endpoint: (R) vpu_dot_out[20]
          Clock: (R) clk

                     Capture       Launch     
        Clock Edge:+    3300            0     
       Src Latency:+       0            0     
       Net Latency:+       0 (I)        0 (I) 
           Arrival:=    3300            0     
                                              
      Output Delay:-     990                  
       Uncertainty:-     125                  
     Required Time:=    2185                  
      Launch Clock:-       0                  
         Data Path:-     349                  
             Slack:=    1836                  

Exceptions/Constraints:
  output_delay             990             dut.sdc_line_17_301_1   

#---------------------------------------------------------------------------------------
#      Timing Point        Flags   Arc   Edge     Cell       Fanout Trans Delay Arrival 
#                                                                    (ps)  (ps)   (ps)  
#---------------------------------------------------------------------------------------
  u_mac/out_dot_reg[20]/CK -       -     R     (arrival)         32     0     0       0 
  u_mac/out_dot_reg[20]/Q  -       CK->Q R     DFFQ_X1M_A9TL      5   243   349     349 
  vpu_dot_out[20]          -       -     R     (port)             -     -     0     349 
#---------------------------------------------------------------------------------------



Path 14: MET (1836 ps) Late External Delay Assertion at pin vpu_dot_out[21]
          Group: reg2out
     Startpoint: (R) u_mac/out_dot_reg[21]/CK
          Clock: (R) clk
       Endpoint: (R) vpu_dot_out[21]
          Clock: (R) clk

                     Capture       Launch     
        Clock Edge:+    3300            0     
       Src Latency:+       0            0     
       Net Latency:+       0 (I)        0 (I) 
           Arrival:=    3300            0     
                                              
      Output Delay:-     990                  
       Uncertainty:-     125                  
     Required Time:=    2185                  
      Launch Clock:-       0                  
         Data Path:-     349                  
             Slack:=    1836                  

Exceptions/Constraints:
  output_delay             990             dut.sdc_line_17_300_1   

#---------------------------------------------------------------------------------------
#      Timing Point        Flags   Arc   Edge     Cell       Fanout Trans Delay Arrival 
#                                                                    (ps)  (ps)   (ps)  
#---------------------------------------------------------------------------------------
  u_mac/out_dot_reg[21]/CK -       -     R     (arrival)         32     0     0       0 
  u_mac/out_dot_reg[21]/Q  -       CK->Q R     DFFQ_X1M_A9TL      5   243   349     349 
  vpu_dot_out[21]          -       -     R     (port)             -     -     0     349 
#---------------------------------------------------------------------------------------



Path 15: MET (1838 ps) Late External Delay Assertion at pin vpu_dot_out[10]
          Group: reg2out
     Startpoint: (R) u_mac/out_dot_reg[10]/CK
          Clock: (R) clk
       Endpoint: (R) vpu_dot_out[10]
          Clock: (R) clk

                     Capture       Launch     
        Clock Edge:+    3300            0     
       Src Latency:+       0            0     
       Net Latency:+       0 (I)        0 (I) 
           Arrival:=    3300            0     
                                              
      Output Delay:-     990                  
       Uncertainty:-     125                  
     Required Time:=    2185                  
      Launch Clock:-       0                  
         Data Path:-     347                  
             Slack:=    1838                  

Exceptions/Constraints:
  output_delay             990             dut.sdc_line_17_311_1   

#---------------------------------------------------------------------------------------
#      Timing Point        Flags   Arc   Edge     Cell       Fanout Trans Delay Arrival 
#                                                                    (ps)  (ps)   (ps)  
#---------------------------------------------------------------------------------------
  u_mac/out_dot_reg[10]/CK -       -     R     (arrival)         32     0     0       0 
  u_mac/out_dot_reg[10]/Q  -       CK->Q R     DFFQ_X1M_A9TL      5   241   347     347 
  vpu_dot_out[10]          -       -     R     (port)             -     -     0     347 
#---------------------------------------------------------------------------------------



Path 16: MET (1838 ps) Late External Delay Assertion at pin vpu_dot_out[14]
          Group: reg2out
     Startpoint: (R) u_mac/out_dot_reg[14]/CK
          Clock: (R) clk
       Endpoint: (F) vpu_dot_out[14]
          Clock: (R) clk

                     Capture       Launch     
        Clock Edge:+    3300            0     
       Src Latency:+       0            0     
       Net Latency:+       0 (I)        0 (I) 
           Arrival:=    3300            0     
                                              
      Output Delay:-     990                  
       Uncertainty:-     125                  
     Required Time:=    2185                  
      Launch Clock:-       0                  
         Data Path:-     347                  
             Slack:=    1838                  

Exceptions/Constraints:
  output_delay             990             dut.sdc_line_17_307_1   

#---------------------------------------------------------------------------------------
#      Timing Point        Flags   Arc   Edge     Cell       Fanout Trans Delay Arrival 
#                                                                    (ps)  (ps)   (ps)  
#---------------------------------------------------------------------------------------
  u_mac/out_dot_reg[14]/CK -       -     R     (arrival)         32     0     0       0 
  u_mac/out_dot_reg[14]/Q  -       CK->Q F     DFFQ_X1M_A9TL      5   176   347     347 
  vpu_dot_out[14]          -       -     F     (port)             -     -     0     347 
#---------------------------------------------------------------------------------------



Path 17: MET (1840 ps) Late External Delay Assertion at pin vpu_dot_out[8]
          Group: reg2out
     Startpoint: (R) u_mac/out_dot_reg[8]/CK
          Clock: (R) clk
       Endpoint: (F) vpu_dot_out[8]
          Clock: (R) clk

                     Capture       Launch     
        Clock Edge:+    3300            0     
       Src Latency:+       0            0     
       Net Latency:+       0 (I)        0 (I) 
           Arrival:=    3300            0     
                                              
      Output Delay:-     990                  
       Uncertainty:-     125                  
     Required Time:=    2185                  
      Launch Clock:-       0                  
         Data Path:-     345                  
             Slack:=    1840                  

Exceptions/Constraints:
  output_delay             990             dut.sdc_line_17_313_1   

#--------------------------------------------------------------------------------------
#      Timing Point       Flags   Arc   Edge     Cell       Fanout Trans Delay Arrival 
#                                                                   (ps)  (ps)   (ps)  
#--------------------------------------------------------------------------------------
  u_mac/out_dot_reg[8]/CK -       -     R     (arrival)         32     0     0       0 
  u_mac/out_dot_reg[8]/Q  -       CK->Q F     DFFQ_X1M_A9TL      5   171   344     344 
  vpu_dot_out[8]          -       -     F     (port)             -     -     0     345 
#--------------------------------------------------------------------------------------



Path 18: MET (1840 ps) Late External Delay Assertion at pin vpu_dot_out[9]
          Group: reg2out
     Startpoint: (R) u_mac/out_dot_reg[9]/CK
          Clock: (R) clk
       Endpoint: (F) vpu_dot_out[9]
          Clock: (R) clk

                     Capture       Launch     
        Clock Edge:+    3300            0     
       Src Latency:+       0            0     
       Net Latency:+       0 (I)        0 (I) 
           Arrival:=    3300            0     
                                              
      Output Delay:-     990                  
       Uncertainty:-     125                  
     Required Time:=    2185                  
      Launch Clock:-       0                  
         Data Path:-     345                  
             Slack:=    1840                  

Exceptions/Constraints:
  output_delay             990             dut.sdc_line_17_312_1   

#--------------------------------------------------------------------------------------
#      Timing Point       Flags   Arc   Edge     Cell       Fanout Trans Delay Arrival 
#                                                                   (ps)  (ps)   (ps)  
#--------------------------------------------------------------------------------------
  u_mac/out_dot_reg[9]/CK -       -     R     (arrival)         32     0     0       0 
  u_mac/out_dot_reg[9]/Q  -       CK->Q F     DFFQ_X1M_A9TL      5   171   344     344 
  vpu_dot_out[9]          -       -     F     (port)             -     -     0     345 
#--------------------------------------------------------------------------------------



Path 19: MET (1840 ps) Late External Delay Assertion at pin vpu_dot_out[12]
          Group: reg2out
     Startpoint: (R) u_mac/out_dot_reg[12]/CK
          Clock: (R) clk
       Endpoint: (F) vpu_dot_out[12]
          Clock: (R) clk

                     Capture       Launch     
        Clock Edge:+    3300            0     
       Src Latency:+       0            0     
       Net Latency:+       0 (I)        0 (I) 
           Arrival:=    3300            0     
                                              
      Output Delay:-     990                  
       Uncertainty:-     125                  
     Required Time:=    2185                  
      Launch Clock:-       0                  
         Data Path:-     345                  
             Slack:=    1840                  

Exceptions/Constraints:
  output_delay             990             dut.sdc_line_17_309_1   

#---------------------------------------------------------------------------------------
#      Timing Point        Flags   Arc   Edge     Cell       Fanout Trans Delay Arrival 
#                                                                    (ps)  (ps)   (ps)  
#---------------------------------------------------------------------------------------
  u_mac/out_dot_reg[12]/CK -       -     R     (arrival)         32     0     0       0 
  u_mac/out_dot_reg[12]/Q  -       CK->Q F     DFFQ_X1M_A9TL      5   171   344     344 
  vpu_dot_out[12]          -       -     F     (port)             -     -     0     345 
#---------------------------------------------------------------------------------------



Path 20: MET (1840 ps) Late External Delay Assertion at pin vpu_dot_out[13]
          Group: reg2out
     Startpoint: (R) u_mac/out_dot_reg[13]/CK
          Clock: (R) clk
       Endpoint: (F) vpu_dot_out[13]
          Clock: (R) clk

                     Capture       Launch     
        Clock Edge:+    3300            0     
       Src Latency:+       0            0     
       Net Latency:+       0 (I)        0 (I) 
           Arrival:=    3300            0     
                                              
      Output Delay:-     990                  
       Uncertainty:-     125                  
     Required Time:=    2185                  
      Launch Clock:-       0                  
         Data Path:-     345                  
             Slack:=    1840                  

Exceptions/Constraints:
  output_delay             990             dut.sdc_line_17_308_1   

#---------------------------------------------------------------------------------------
#      Timing Point        Flags   Arc   Edge     Cell       Fanout Trans Delay Arrival 
#                                                                    (ps)  (ps)   (ps)  
#---------------------------------------------------------------------------------------
  u_mac/out_dot_reg[13]/CK -       -     R     (arrival)         32     0     0       0 
  u_mac/out_dot_reg[13]/Q  -       CK->Q F     DFFQ_X1M_A9TL      5   171   344     344 
  vpu_dot_out[13]          -       -     F     (port)             -     -     0     345 
#---------------------------------------------------------------------------------------



Path 21: MET (1840 ps) Late External Delay Assertion at pin vpu_dot_out[15]
          Group: reg2out
     Startpoint: (R) u_mac/out_dot_reg[15]/CK
          Clock: (R) clk
       Endpoint: (F) vpu_dot_out[15]
          Clock: (R) clk

                     Capture       Launch     
        Clock Edge:+    3300            0     
       Src Latency:+       0            0     
       Net Latency:+       0 (I)        0 (I) 
           Arrival:=    3300            0     
                                              
      Output Delay:-     990                  
       Uncertainty:-     125                  
     Required Time:=    2185                  
      Launch Clock:-       0                  
         Data Path:-     345                  
             Slack:=    1840                  

Exceptions/Constraints:
  output_delay             990             dut.sdc_line_17_306_1   

#---------------------------------------------------------------------------------------
#      Timing Point        Flags   Arc   Edge     Cell       Fanout Trans Delay Arrival 
#                                                                    (ps)  (ps)   (ps)  
#---------------------------------------------------------------------------------------
  u_mac/out_dot_reg[15]/CK -       -     R     (arrival)         32     0     0       0 
  u_mac/out_dot_reg[15]/Q  -       CK->Q F     DFFQ_X1M_A9TL      5   171   344     344 
  vpu_dot_out[15]          -       -     F     (port)             -     -     0     345 
#---------------------------------------------------------------------------------------



Path 22: MET (1840 ps) Late External Delay Assertion at pin vpu_dot_out[17]
          Group: reg2out
     Startpoint: (R) u_mac/out_dot_reg[17]/CK
          Clock: (R) clk
       Endpoint: (F) vpu_dot_out[17]
          Clock: (R) clk

                     Capture       Launch     
        Clock Edge:+    3300            0     
       Src Latency:+       0            0     
       Net Latency:+       0 (I)        0 (I) 
           Arrival:=    3300            0     
                                              
      Output Delay:-     990                  
       Uncertainty:-     125                  
     Required Time:=    2185                  
      Launch Clock:-       0                  
         Data Path:-     345                  
             Slack:=    1840                  

Exceptions/Constraints:
  output_delay             990             dut.sdc_line_17_304_1   

#---------------------------------------------------------------------------------------
#      Timing Point        Flags   Arc   Edge     Cell       Fanout Trans Delay Arrival 
#                                                                    (ps)  (ps)   (ps)  
#---------------------------------------------------------------------------------------
  u_mac/out_dot_reg[17]/CK -       -     R     (arrival)         32     0     0       0 
  u_mac/out_dot_reg[17]/Q  -       CK->Q F     DFFQ_X1M_A9TL      5   171   344     344 
  vpu_dot_out[17]          -       -     F     (port)             -     -     0     345 
#---------------------------------------------------------------------------------------



Path 23: MET (1840 ps) Late External Delay Assertion at pin vpu_dot_out[19]
          Group: reg2out
     Startpoint: (R) u_mac/out_dot_reg[19]/CK
          Clock: (R) clk
       Endpoint: (F) vpu_dot_out[19]
          Clock: (R) clk

                     Capture       Launch     
        Clock Edge:+    3300            0     
       Src Latency:+       0            0     
       Net Latency:+       0 (I)        0 (I) 
           Arrival:=    3300            0     
                                              
      Output Delay:-     990                  
       Uncertainty:-     125                  
     Required Time:=    2185                  
      Launch Clock:-       0                  
         Data Path:-     345                  
             Slack:=    1840                  

Exceptions/Constraints:
  output_delay             990             dut.sdc_line_17_302_1   

#---------------------------------------------------------------------------------------
#      Timing Point        Flags   Arc   Edge     Cell       Fanout Trans Delay Arrival 
#                                                                    (ps)  (ps)   (ps)  
#---------------------------------------------------------------------------------------
  u_mac/out_dot_reg[19]/CK -       -     R     (arrival)         32     0     0       0 
  u_mac/out_dot_reg[19]/Q  -       CK->Q F     DFFQ_X1M_A9TL      5   171   344     344 
  vpu_dot_out[19]          -       -     F     (port)             -     -     0     345 
#---------------------------------------------------------------------------------------



Path 24: MET (1840 ps) Late External Delay Assertion at pin vpu_dot_out[20]
          Group: reg2out
     Startpoint: (R) u_mac/out_dot_reg[20]/CK
          Clock: (R) clk
       Endpoint: (F) vpu_dot_out[20]
          Clock: (R) clk

                     Capture       Launch     
        Clock Edge:+    3300            0     
       Src Latency:+       0            0     
       Net Latency:+       0 (I)        0 (I) 
           Arrival:=    3300            0     
                                              
      Output Delay:-     990                  
       Uncertainty:-     125                  
     Required Time:=    2185                  
      Launch Clock:-       0                  
         Data Path:-     345                  
             Slack:=    1840                  

Exceptions/Constraints:
  output_delay             990             dut.sdc_line_17_301_1   

#---------------------------------------------------------------------------------------
#      Timing Point        Flags   Arc   Edge     Cell       Fanout Trans Delay Arrival 
#                                                                    (ps)  (ps)   (ps)  
#---------------------------------------------------------------------------------------
  u_mac/out_dot_reg[20]/CK -       -     R     (arrival)         32     0     0       0 
  u_mac/out_dot_reg[20]/Q  -       CK->Q F     DFFQ_X1M_A9TL      5   171   344     344 
  vpu_dot_out[20]          -       -     F     (port)             -     -     0     345 
#---------------------------------------------------------------------------------------



Path 25: MET (1840 ps) Late External Delay Assertion at pin vpu_dot_out[21]
          Group: reg2out
     Startpoint: (R) u_mac/out_dot_reg[21]/CK
          Clock: (R) clk
       Endpoint: (F) vpu_dot_out[21]
          Clock: (R) clk

                     Capture       Launch     
        Clock Edge:+    3300            0     
       Src Latency:+       0            0     
       Net Latency:+       0 (I)        0 (I) 
           Arrival:=    3300            0     
                                              
      Output Delay:-     990                  
       Uncertainty:-     125                  
     Required Time:=    2185                  
      Launch Clock:-       0                  
         Data Path:-     345                  
             Slack:=    1840                  

Exceptions/Constraints:
  output_delay             990             dut.sdc_line_17_300_1   

#---------------------------------------------------------------------------------------
#      Timing Point        Flags   Arc   Edge     Cell       Fanout Trans Delay Arrival 
#                                                                    (ps)  (ps)   (ps)  
#---------------------------------------------------------------------------------------
  u_mac/out_dot_reg[21]/CK -       -     R     (arrival)         32     0     0       0 
  u_mac/out_dot_reg[21]/Q  -       CK->Q F     DFFQ_X1M_A9TL      5   171   344     344 
  vpu_dot_out[21]          -       -     F     (port)             -     -     0     345 
#---------------------------------------------------------------------------------------



Path 26: MET (1841 ps) Late External Delay Assertion at pin vpu_dot_out[16]
          Group: reg2out
     Startpoint: (R) u_mac/out_dot_reg[16]/CK
          Clock: (R) clk
       Endpoint: (F) vpu_dot_out[16]
          Clock: (R) clk

                     Capture       Launch     
        Clock Edge:+    3300            0     
       Src Latency:+       0            0     
       Net Latency:+       0 (I)        0 (I) 
           Arrival:=    3300            0     
                                              
      Output Delay:-     990                  
       Uncertainty:-     125                  
     Required Time:=    2185                  
      Launch Clock:-       0                  
         Data Path:-     344                  
             Slack:=    1841                  

Exceptions/Constraints:
  output_delay             990             dut.sdc_line_17_305_1   

#---------------------------------------------------------------------------------------
#      Timing Point        Flags   Arc   Edge     Cell       Fanout Trans Delay Arrival 
#                                                                    (ps)  (ps)   (ps)  
#---------------------------------------------------------------------------------------
  u_mac/out_dot_reg[16]/CK -       -     R     (arrival)         32     0     0       0 
  u_mac/out_dot_reg[16]/Q  -       CK->Q F     DFFQ_X1M_A9TL      5   170   344     344 
  vpu_dot_out[16]          -       -     F     (port)             -     -     0     344 
#---------------------------------------------------------------------------------------



Path 27: MET (1841 ps) Late External Delay Assertion at pin vpu_dot_out[18]
          Group: reg2out
     Startpoint: (R) u_mac/out_dot_reg[18]/CK
          Clock: (R) clk
       Endpoint: (F) vpu_dot_out[18]
          Clock: (R) clk

                     Capture       Launch     
        Clock Edge:+    3300            0     
       Src Latency:+       0            0     
       Net Latency:+       0 (I)        0 (I) 
           Arrival:=    3300            0     
                                              
      Output Delay:-     990                  
       Uncertainty:-     125                  
     Required Time:=    2185                  
      Launch Clock:-       0                  
         Data Path:-     344                  
             Slack:=    1841                  

Exceptions/Constraints:
  output_delay             990             dut.sdc_line_17_303_1   

#---------------------------------------------------------------------------------------
#      Timing Point        Flags   Arc   Edge     Cell       Fanout Trans Delay Arrival 
#                                                                    (ps)  (ps)   (ps)  
#---------------------------------------------------------------------------------------
  u_mac/out_dot_reg[18]/CK -       -     R     (arrival)         32     0     0       0 
  u_mac/out_dot_reg[18]/Q  -       CK->Q F     DFFQ_X1M_A9TL      5   170   344     344 
  vpu_dot_out[18]          -       -     F     (port)             -     -     0     344 
#---------------------------------------------------------------------------------------



Path 28: MET (1842 ps) Late External Delay Assertion at pin vpu_dot_out[10]
          Group: reg2out
     Startpoint: (R) u_mac/out_dot_reg[10]/CK
          Clock: (R) clk
       Endpoint: (F) vpu_dot_out[10]
          Clock: (R) clk

                     Capture       Launch     
        Clock Edge:+    3300            0     
       Src Latency:+       0            0     
       Net Latency:+       0 (I)        0 (I) 
           Arrival:=    3300            0     
                                              
      Output Delay:-     990                  
       Uncertainty:-     125                  
     Required Time:=    2185                  
      Launch Clock:-       0                  
         Data Path:-     343                  
             Slack:=    1842                  

Exceptions/Constraints:
  output_delay             990             dut.sdc_line_17_311_1   

#---------------------------------------------------------------------------------------
#      Timing Point        Flags   Arc   Edge     Cell       Fanout Trans Delay Arrival 
#                                                                    (ps)  (ps)   (ps)  
#---------------------------------------------------------------------------------------
  u_mac/out_dot_reg[10]/CK -       -     R     (arrival)         32     0     0       0 
  u_mac/out_dot_reg[10]/Q  -       CK->Q F     DFFQ_X1M_A9TL      5   168   343     343 
  vpu_dot_out[10]          -       -     F     (port)             -     -     0     343 
#---------------------------------------------------------------------------------------



Path 29: MET (1843 ps) Late External Delay Assertion at pin vpu_data_out[1][6]
          Group: reg2out
     Startpoint: (R) vpu_data_out_reg[1][6]/CK
          Clock: (R) clk
       Endpoint: (R) vpu_data_out[1][6]
          Clock: (R) clk

                     Capture       Launch     
        Clock Edge:+    3300            0     
       Src Latency:+       0            0     
       Net Latency:+       0 (I)        0 (I) 
           Arrival:=    3300            0     
                                              
      Output Delay:-     990                  
       Uncertainty:-     125                  
     Required Time:=    2185                  
      Launch Clock:-       0                  
         Data Path:-     342                  
             Slack:=    1843                  

Exceptions/Constraints:
  output_delay             990             dut.sdc_line_17_263_1   

#--------------------------------------------------------------------------------------------
#       Timing Point        Flags    Arc   Edge       Cell        Fanout Trans Delay Arrival 
#                                                                         (ps)  (ps)   (ps)  
#--------------------------------------------------------------------------------------------
  vpu_data_out_reg[1][6]/CK -       -      R     (arrival)           414     0     0       0 
  vpu_data_out_reg[1][6]/QN -       CK->QN F     DFFRPQN_X3M_A9TL      1    93   255     255 
  g14648/Y                  -       A->Y   R     INV_X1M_A9TL          1    89    87     342 
  vpu_data_out[1][6]        -       -      R     (port)                -     -     0     342 
#--------------------------------------------------------------------------------------------



Path 30: MET (1843 ps) Late External Delay Assertion at pin vpu_data_out[1][7]
          Group: reg2out
     Startpoint: (R) vpu_data_out_reg[1][7]/CK
          Clock: (R) clk
       Endpoint: (R) vpu_data_out[1][7]
          Clock: (R) clk

                     Capture       Launch     
        Clock Edge:+    3300            0     
       Src Latency:+       0            0     
       Net Latency:+       0 (I)        0 (I) 
           Arrival:=    3300            0     
                                              
      Output Delay:-     990                  
       Uncertainty:-     125                  
     Required Time:=    2185                  
      Launch Clock:-       0                  
         Data Path:-     342                  
             Slack:=    1843                  

Exceptions/Constraints:
  output_delay             990             dut.sdc_line_17_262_1   

#--------------------------------------------------------------------------------------------
#       Timing Point        Flags    Arc   Edge       Cell        Fanout Trans Delay Arrival 
#                                                                         (ps)  (ps)   (ps)  
#--------------------------------------------------------------------------------------------
  vpu_data_out_reg[1][7]/CK -       -      R     (arrival)           414     0     0       0 
  vpu_data_out_reg[1][7]/QN -       CK->QN F     DFFRPQN_X3M_A9TL      1    93   255     255 
  g14647/Y                  -       A->Y   R     INV_X1M_A9TL          1    89    87     342 
  vpu_data_out[1][7]        -       -      R     (port)                -     -     0     342 
#--------------------------------------------------------------------------------------------



Path 31: MET (1843 ps) Late External Delay Assertion at pin vpu_data_out[3][6]
          Group: reg2out
     Startpoint: (R) vpu_data_out_reg[3][6]/CK
          Clock: (R) clk
       Endpoint: (R) vpu_data_out[3][6]
          Clock: (R) clk

                     Capture       Launch     
        Clock Edge:+    3300            0     
       Src Latency:+       0            0     
       Net Latency:+       0 (I)        0 (I) 
           Arrival:=    3300            0     
                                              
      Output Delay:-     990                  
       Uncertainty:-     125                  
     Required Time:=    2185                  
      Launch Clock:-       0                  
         Data Path:-     342                  
             Slack:=    1843                  

Exceptions/Constraints:
  output_delay             990             dut.sdc_line_17_243_1   

#--------------------------------------------------------------------------------------------
#       Timing Point        Flags    Arc   Edge       Cell        Fanout Trans Delay Arrival 
#                                                                         (ps)  (ps)   (ps)  
#--------------------------------------------------------------------------------------------
  vpu_data_out_reg[3][6]/CK -       -      R     (arrival)           414     0     0       0 
  vpu_data_out_reg[3][6]/QN -       CK->QN F     DFFRPQN_X3M_A9TL      1    93   255     255 
  g14617/Y                  -       A->Y   R     INV_X1M_A9TL          1    89    87     342 
  vpu_data_out[3][6]        -       -      R     (port)                -     -     0     342 
#--------------------------------------------------------------------------------------------



Path 32: MET (1843 ps) Late External Delay Assertion at pin vpu_data_out[3][7]
          Group: reg2out
     Startpoint: (R) vpu_data_out_reg[3][7]/CK
          Clock: (R) clk
       Endpoint: (R) vpu_data_out[3][7]
          Clock: (R) clk

                     Capture       Launch     
        Clock Edge:+    3300            0     
       Src Latency:+       0            0     
       Net Latency:+       0 (I)        0 (I) 
           Arrival:=    3300            0     
                                              
      Output Delay:-     990                  
       Uncertainty:-     125                  
     Required Time:=    2185                  
      Launch Clock:-       0                  
         Data Path:-     342                  
             Slack:=    1843                  

Exceptions/Constraints:
  output_delay             990             dut.sdc_line_17_242_1   

#--------------------------------------------------------------------------------------------
#       Timing Point        Flags    Arc   Edge       Cell        Fanout Trans Delay Arrival 
#                                                                         (ps)  (ps)   (ps)  
#--------------------------------------------------------------------------------------------
  vpu_data_out_reg[3][7]/CK -       -      R     (arrival)           414     0     0       0 
  vpu_data_out_reg[3][7]/QN -       CK->QN F     DFFRPQN_X3M_A9TL      1    93   255     255 
  g14621/Y                  -       A->Y   R     INV_X1M_A9TL          1    89    87     342 
  vpu_data_out[3][7]        -       -      R     (port)                -     -     0     342 
#--------------------------------------------------------------------------------------------



Path 33: MET (1843 ps) Late External Delay Assertion at pin vpu_data_out[7][7]
          Group: reg2out
     Startpoint: (R) vpu_data_out_reg[7][7]/CK
          Clock: (R) clk
       Endpoint: (R) vpu_data_out[7][7]
          Clock: (R) clk

                     Capture       Launch     
        Clock Edge:+    3300            0     
       Src Latency:+       0            0     
       Net Latency:+       0 (I)        0 (I) 
           Arrival:=    3300            0     
                                              
      Output Delay:-     990                  
       Uncertainty:-     125                  
     Required Time:=    2185                  
      Launch Clock:-       0                  
         Data Path:-     342                  
             Slack:=    1843                  

Exceptions/Constraints:
  output_delay             990             dut.sdc_line_17_202_1   

#--------------------------------------------------------------------------------------------
#       Timing Point        Flags    Arc   Edge       Cell        Fanout Trans Delay Arrival 
#                                                                         (ps)  (ps)   (ps)  
#--------------------------------------------------------------------------------------------
  vpu_data_out_reg[7][7]/CK -       -      R     (arrival)           414     0     0       0 
  vpu_data_out_reg[7][7]/QN -       CK->QN F     DFFRPQN_X3M_A9TL      1    93   255     255 
  g16231/Y                  -       A->Y   R     INV_X1M_A9TL          1    89    87     342 
  vpu_data_out[7][7]        -       -      R     (port)                -     -     0     342 
#--------------------------------------------------------------------------------------------



Path 34: MET (1854 ps) Late External Delay Assertion at pin vpu_dot_out[22]
          Group: reg2out
     Startpoint: (R) u_mac/out_dot_reg[22]/CK
          Clock: (R) clk
       Endpoint: (F) vpu_dot_out[22]
          Clock: (R) clk

                     Capture       Launch     
        Clock Edge:+    3300            0     
       Src Latency:+       0            0     
       Net Latency:+       0 (I)        0 (I) 
           Arrival:=    3300            0     
                                              
      Output Delay:-     990                  
       Uncertainty:-     125                  
     Required Time:=    2185                  
      Launch Clock:-       0                  
         Data Path:-     331                  
             Slack:=    1854                  

Exceptions/Constraints:
  output_delay             990             dut.sdc_line_17_299_1   

#---------------------------------------------------------------------------------------
#      Timing Point        Flags   Arc   Edge     Cell       Fanout Trans Delay Arrival 
#                                                                    (ps)  (ps)   (ps)  
#---------------------------------------------------------------------------------------
  u_mac/out_dot_reg[22]/CK -       -     R     (arrival)         32     0     0       0 
  u_mac/out_dot_reg[22]/Q  -       CK->Q F     DFFQ_X1M_A9TL      4   148   331     331 
  vpu_dot_out[22]          -       -     F     (port)             -     -     0     331 
#---------------------------------------------------------------------------------------



Path 35: MET (1855 ps) Late External Delay Assertion at pin vpu_dot_out[22]
          Group: reg2out
     Startpoint: (R) u_mac/out_dot_reg[22]/CK
          Clock: (R) clk
       Endpoint: (R) vpu_dot_out[22]
          Clock: (R) clk

                     Capture       Launch     
        Clock Edge:+    3300            0     
       Src Latency:+       0            0     
       Net Latency:+       0 (I)        0 (I) 
           Arrival:=    3300            0     
                                              
      Output Delay:-     990                  
       Uncertainty:-     125                  
     Required Time:=    2185                  
      Launch Clock:-       0                  
         Data Path:-     330                  
             Slack:=    1855                  

Exceptions/Constraints:
  output_delay             990             dut.sdc_line_17_299_1   

#---------------------------------------------------------------------------------------
#      Timing Point        Flags   Arc   Edge     Cell       Fanout Trans Delay Arrival 
#                                                                    (ps)  (ps)   (ps)  
#---------------------------------------------------------------------------------------
  u_mac/out_dot_reg[22]/CK -       -     R     (arrival)         32     0     0       0 
  u_mac/out_dot_reg[22]/Q  -       CK->Q R     DFFQ_X1M_A9TL      4   209   330     330 
  vpu_dot_out[22]          -       -     R     (port)             -     -     0     330 
#---------------------------------------------------------------------------------------



Path 36: MET (1856 ps) Late External Delay Assertion at pin vpu_dot_out[7]
          Group: reg2out
     Startpoint: (R) u_mac/out_dot_reg[7]/CK
          Clock: (R) clk
       Endpoint: (F) vpu_dot_out[7]
          Clock: (R) clk

                     Capture       Launch     
        Clock Edge:+    3300            0     
       Src Latency:+       0            0     
       Net Latency:+       0 (I)        0 (I) 
           Arrival:=    3300            0     
                                              
      Output Delay:-     990                  
       Uncertainty:-     125                  
     Required Time:=    2185                  
      Launch Clock:-       0                  
         Data Path:-     329                  
             Slack:=    1856                  

Exceptions/Constraints:
  output_delay             990             dut.sdc_line_17_314_1   

#--------------------------------------------------------------------------------------
#      Timing Point       Flags   Arc   Edge     Cell       Fanout Trans Delay Arrival 
#                                                                   (ps)  (ps)   (ps)  
#--------------------------------------------------------------------------------------
  u_mac/out_dot_reg[7]/CK -       -     R     (arrival)         32     0     0       0 
  u_mac/out_dot_reg[7]/Q  -       CK->Q F     DFFQ_X1M_A9TL      4   145   329     329 
  vpu_dot_out[7]          -       -     F     (port)             -     -     0     329 
#--------------------------------------------------------------------------------------



Path 37: MET (1856 ps) Late External Delay Assertion at pin vpu_dot_out[23]
          Group: reg2out
     Startpoint: (R) u_mac/out_dot_reg[23]/CK
          Clock: (R) clk
       Endpoint: (F) vpu_dot_out[23]
          Clock: (R) clk

                     Capture       Launch     
        Clock Edge:+    3300            0     
       Src Latency:+       0            0     
       Net Latency:+       0 (I)        0 (I) 
           Arrival:=    3300            0     
                                              
      Output Delay:-     990                  
       Uncertainty:-     125                  
     Required Time:=    2185                  
      Launch Clock:-       0                  
         Data Path:-     329                  
             Slack:=    1856                  

Exceptions/Constraints:
  output_delay             990             dut.sdc_line_17_298_1   

#---------------------------------------------------------------------------------------
#      Timing Point        Flags   Arc   Edge     Cell       Fanout Trans Delay Arrival 
#                                                                    (ps)  (ps)   (ps)  
#---------------------------------------------------------------------------------------
  u_mac/out_dot_reg[23]/CK -       -     R     (arrival)         32     0     0       0 
  u_mac/out_dot_reg[23]/Q  -       CK->Q F     DFFQ_X1M_A9TL      4   145   329     329 
  vpu_dot_out[23]          -       -     F     (port)             -     -     0     329 
#---------------------------------------------------------------------------------------



Path 38: MET (1856 ps) Late External Delay Assertion at pin vpu_dot_out[7]
          Group: reg2out
     Startpoint: (R) u_mac/out_dot_reg[7]/CK
          Clock: (R) clk
       Endpoint: (R) vpu_dot_out[7]
          Clock: (R) clk

                     Capture       Launch     
        Clock Edge:+    3300            0     
       Src Latency:+       0            0     
       Net Latency:+       0 (I)        0 (I) 
           Arrival:=    3300            0     
                                              
      Output Delay:-     990                  
       Uncertainty:-     125                  
     Required Time:=    2185                  
      Launch Clock:-       0                  
         Data Path:-     328                  
             Slack:=    1856                  

Exceptions/Constraints:
  output_delay             990             dut.sdc_line_17_314_1   

#--------------------------------------------------------------------------------------
#      Timing Point       Flags   Arc   Edge     Cell       Fanout Trans Delay Arrival 
#                                                                   (ps)  (ps)   (ps)  
#--------------------------------------------------------------------------------------
  u_mac/out_dot_reg[7]/CK -       -     R     (arrival)         32     0     0       0 
  u_mac/out_dot_reg[7]/Q  -       CK->Q R     DFFQ_X1M_A9TL      4   206   328     328 
  vpu_dot_out[7]          -       -     R     (port)             -     -     0     328 
#--------------------------------------------------------------------------------------



Path 39: MET (1857 ps) Late External Delay Assertion at pin vpu_dot_out[23]
          Group: reg2out
     Startpoint: (R) u_mac/out_dot_reg[23]/CK
          Clock: (R) clk
       Endpoint: (R) vpu_dot_out[23]
          Clock: (R) clk

                     Capture       Launch     
        Clock Edge:+    3300            0     
       Src Latency:+       0            0     
       Net Latency:+       0 (I)        0 (I) 
           Arrival:=    3300            0     
                                              
      Output Delay:-     990                  
       Uncertainty:-     125                  
     Required Time:=    2185                  
      Launch Clock:-       0                  
         Data Path:-     328                  
             Slack:=    1857                  

Exceptions/Constraints:
  output_delay             990             dut.sdc_line_17_298_1   

#---------------------------------------------------------------------------------------
#      Timing Point        Flags   Arc   Edge     Cell       Fanout Trans Delay Arrival 
#                                                                    (ps)  (ps)   (ps)  
#---------------------------------------------------------------------------------------
  u_mac/out_dot_reg[23]/CK -       -     R     (arrival)         32     0     0       0 
  u_mac/out_dot_reg[23]/Q  -       CK->Q R     DFFQ_X1M_A9TL      4   205   328     328 
  vpu_dot_out[23]          -       -     R     (port)             -     -     0     328 
#---------------------------------------------------------------------------------------



Path 40: MET (1858 ps) Late External Delay Assertion at pin vpu_dot_out[6]
          Group: reg2out
     Startpoint: (R) u_mac/out_dot_reg[6]/CK
          Clock: (R) clk
       Endpoint: (F) vpu_dot_out[6]
          Clock: (R) clk

                     Capture       Launch     
        Clock Edge:+    3300            0     
       Src Latency:+       0            0     
       Net Latency:+       0 (I)        0 (I) 
           Arrival:=    3300            0     
                                              
      Output Delay:-     990                  
       Uncertainty:-     125                  
     Required Time:=    2185                  
      Launch Clock:-       0                  
         Data Path:-     327                  
             Slack:=    1858                  

Exceptions/Constraints:
  output_delay             990             dut.sdc_line_17_315_1   

#--------------------------------------------------------------------------------------
#      Timing Point       Flags   Arc   Edge     Cell       Fanout Trans Delay Arrival 
#                                                                   (ps)  (ps)   (ps)  
#--------------------------------------------------------------------------------------
  u_mac/out_dot_reg[6]/CK -       -     R     (arrival)         32     0     0       0 
  u_mac/out_dot_reg[6]/Q  -       CK->Q F     DFFQ_X1M_A9TL      4   142   327     327 
  vpu_dot_out[6]          -       -     F     (port)             -     -     0     327 
#--------------------------------------------------------------------------------------



Path 41: MET (1860 ps) Late External Delay Assertion at pin vpu_dot_out[6]
          Group: reg2out
     Startpoint: (R) u_mac/out_dot_reg[6]/CK
          Clock: (R) clk
       Endpoint: (R) vpu_dot_out[6]
          Clock: (R) clk

                     Capture       Launch     
        Clock Edge:+    3300            0     
       Src Latency:+       0            0     
       Net Latency:+       0 (I)        0 (I) 
           Arrival:=    3300            0     
                                              
      Output Delay:-     990                  
       Uncertainty:-     125                  
     Required Time:=    2185                  
      Launch Clock:-       0                  
         Data Path:-     325                  
             Slack:=    1860                  

Exceptions/Constraints:
  output_delay             990             dut.sdc_line_17_315_1   

#--------------------------------------------------------------------------------------
#      Timing Point       Flags   Arc   Edge     Cell       Fanout Trans Delay Arrival 
#                                                                   (ps)  (ps)   (ps)  
#--------------------------------------------------------------------------------------
  u_mac/out_dot_reg[6]/CK -       -     R     (arrival)         32     0     0       0 
  u_mac/out_dot_reg[6]/Q  -       CK->Q R     DFFQ_X1M_A9TL      4   200   325     325 
  vpu_dot_out[6]          -       -     R     (port)             -     -     0     325 
#--------------------------------------------------------------------------------------



Path 42: MET (1864 ps) Late External Delay Assertion at pin vpu_dot_out[0]
          Group: reg2out
     Startpoint: (R) u_mac/out_dot_reg[0]/CK
          Clock: (R) clk
       Endpoint: (F) vpu_dot_out[0]
          Clock: (R) clk

                     Capture       Launch     
        Clock Edge:+    3300            0     
       Src Latency:+       0            0     
       Net Latency:+       0 (I)        0 (I) 
           Arrival:=    3300            0     
                                              
      Output Delay:-     990                  
       Uncertainty:-     125                  
     Required Time:=    2185                  
      Launch Clock:-       0                  
         Data Path:-     321                  
             Slack:=    1864                  

Exceptions/Constraints:
  output_delay             990             dut.sdc_line_17_321_1   

#--------------------------------------------------------------------------------------
#      Timing Point       Flags   Arc   Edge     Cell       Fanout Trans Delay Arrival 
#                                                                   (ps)  (ps)   (ps)  
#--------------------------------------------------------------------------------------
  u_mac/out_dot_reg[0]/CK -       -     R     (arrival)         32     0     0       0 
  u_mac/out_dot_reg[0]/Q  -       CK->Q F     DFFQ_X1M_A9TL      3   131   321     321 
  vpu_dot_out[0]          -       -     F     (port)             -     -     0     321 
#--------------------------------------------------------------------------------------



Path 43: MET (1865 ps) Late External Delay Assertion at pin vpu_data_out[1][6]
          Group: reg2out
     Startpoint: (R) vpu_data_out_reg[1][6]/CK
          Clock: (R) clk
       Endpoint: (F) vpu_data_out[1][6]
          Clock: (R) clk

                     Capture       Launch     
        Clock Edge:+    3300            0     
       Src Latency:+       0            0     
       Net Latency:+       0 (I)        0 (I) 
           Arrival:=    3300            0     
                                              
      Output Delay:-     990                  
       Uncertainty:-     125                  
     Required Time:=    2185                  
      Launch Clock:-       0                  
         Data Path:-     320                  
             Slack:=    1865                  

Exceptions/Constraints:
  output_delay             990             dut.sdc_line_17_263_1   

#--------------------------------------------------------------------------------------------
#       Timing Point        Flags    Arc   Edge       Cell        Fanout Trans Delay Arrival 
#                                                                         (ps)  (ps)   (ps)  
#--------------------------------------------------------------------------------------------
  vpu_data_out_reg[1][6]/CK -       -      R     (arrival)           414     0     0       0 
  vpu_data_out_reg[1][6]/QN -       CK->QN R     DFFRPQN_X3M_A9TL      1    77   254     254 
  g14648/Y                  -       A->Y   F     INV_X1M_A9TL          1    60    66     320 
  vpu_data_out[1][6]        -       -      F     (port)                -     -     0     320 
#--------------------------------------------------------------------------------------------



Path 44: MET (1865 ps) Late External Delay Assertion at pin vpu_data_out[1][7]
          Group: reg2out
     Startpoint: (R) vpu_data_out_reg[1][7]/CK
          Clock: (R) clk
       Endpoint: (F) vpu_data_out[1][7]
          Clock: (R) clk

                     Capture       Launch     
        Clock Edge:+    3300            0     
       Src Latency:+       0            0     
       Net Latency:+       0 (I)        0 (I) 
           Arrival:=    3300            0     
                                              
      Output Delay:-     990                  
       Uncertainty:-     125                  
     Required Time:=    2185                  
      Launch Clock:-       0                  
         Data Path:-     320                  
             Slack:=    1865                  

Exceptions/Constraints:
  output_delay             990             dut.sdc_line_17_262_1   

#--------------------------------------------------------------------------------------------
#       Timing Point        Flags    Arc   Edge       Cell        Fanout Trans Delay Arrival 
#                                                                         (ps)  (ps)   (ps)  
#--------------------------------------------------------------------------------------------
  vpu_data_out_reg[1][7]/CK -       -      R     (arrival)           414     0     0       0 
  vpu_data_out_reg[1][7]/QN -       CK->QN R     DFFRPQN_X3M_A9TL      1    77   254     254 
  g14647/Y                  -       A->Y   F     INV_X1M_A9TL          1    60    66     320 
  vpu_data_out[1][7]        -       -      F     (port)                -     -     0     320 
#--------------------------------------------------------------------------------------------



Path 45: MET (1865 ps) Late External Delay Assertion at pin vpu_data_out[3][6]
          Group: reg2out
     Startpoint: (R) vpu_data_out_reg[3][6]/CK
          Clock: (R) clk
       Endpoint: (F) vpu_data_out[3][6]
          Clock: (R) clk

                     Capture       Launch     
        Clock Edge:+    3300            0     
       Src Latency:+       0            0     
       Net Latency:+       0 (I)        0 (I) 
           Arrival:=    3300            0     
                                              
      Output Delay:-     990                  
       Uncertainty:-     125                  
     Required Time:=    2185                  
      Launch Clock:-       0                  
         Data Path:-     320                  
             Slack:=    1865                  

Exceptions/Constraints:
  output_delay             990             dut.sdc_line_17_243_1   

#--------------------------------------------------------------------------------------------
#       Timing Point        Flags    Arc   Edge       Cell        Fanout Trans Delay Arrival 
#                                                                         (ps)  (ps)   (ps)  
#--------------------------------------------------------------------------------------------
  vpu_data_out_reg[3][6]/CK -       -      R     (arrival)           414     0     0       0 
  vpu_data_out_reg[3][6]/QN -       CK->QN R     DFFRPQN_X3M_A9TL      1    77   254     254 
  g14617/Y                  -       A->Y   F     INV_X1M_A9TL          1    60    66     320 
  vpu_data_out[3][6]        -       -      F     (port)                -     -     0     320 
#--------------------------------------------------------------------------------------------



Path 46: MET (1865 ps) Late External Delay Assertion at pin vpu_data_out[3][7]
          Group: reg2out
     Startpoint: (R) vpu_data_out_reg[3][7]/CK
          Clock: (R) clk
       Endpoint: (F) vpu_data_out[3][7]
          Clock: (R) clk

                     Capture       Launch     
        Clock Edge:+    3300            0     
       Src Latency:+       0            0     
       Net Latency:+       0 (I)        0 (I) 
           Arrival:=    3300            0     
                                              
      Output Delay:-     990                  
       Uncertainty:-     125                  
     Required Time:=    2185                  
      Launch Clock:-       0                  
         Data Path:-     320                  
             Slack:=    1865                  

Exceptions/Constraints:
  output_delay             990             dut.sdc_line_17_242_1   

#--------------------------------------------------------------------------------------------
#       Timing Point        Flags    Arc   Edge       Cell        Fanout Trans Delay Arrival 
#                                                                         (ps)  (ps)   (ps)  
#--------------------------------------------------------------------------------------------
  vpu_data_out_reg[3][7]/CK -       -      R     (arrival)           414     0     0       0 
  vpu_data_out_reg[3][7]/QN -       CK->QN R     DFFRPQN_X3M_A9TL      1    77   254     254 
  g14621/Y                  -       A->Y   F     INV_X1M_A9TL          1    60    66     320 
  vpu_data_out[3][7]        -       -      F     (port)                -     -     0     320 
#--------------------------------------------------------------------------------------------



Path 47: MET (1865 ps) Late External Delay Assertion at pin vpu_data_out[7][7]
          Group: reg2out
     Startpoint: (R) vpu_data_out_reg[7][7]/CK
          Clock: (R) clk
       Endpoint: (F) vpu_data_out[7][7]
          Clock: (R) clk

                     Capture       Launch     
        Clock Edge:+    3300            0     
       Src Latency:+       0            0     
       Net Latency:+       0 (I)        0 (I) 
           Arrival:=    3300            0     
                                              
      Output Delay:-     990                  
       Uncertainty:-     125                  
     Required Time:=    2185                  
      Launch Clock:-       0                  
         Data Path:-     320                  
             Slack:=    1865                  

Exceptions/Constraints:
  output_delay             990             dut.sdc_line_17_202_1   

#--------------------------------------------------------------------------------------------
#       Timing Point        Flags    Arc   Edge       Cell        Fanout Trans Delay Arrival 
#                                                                         (ps)  (ps)   (ps)  
#--------------------------------------------------------------------------------------------
  vpu_data_out_reg[7][7]/CK -       -      R     (arrival)           414     0     0       0 
  vpu_data_out_reg[7][7]/QN -       CK->QN R     DFFRPQN_X3M_A9TL      1    77   254     254 
  g16231/Y                  -       A->Y   F     INV_X1M_A9TL          1    60    66     320 
  vpu_data_out[7][7]        -       -      F     (port)                -     -     0     320 
#--------------------------------------------------------------------------------------------



Path 48: MET (1869 ps) Late External Delay Assertion at pin vpu_dot_out[0]
          Group: reg2out
     Startpoint: (R) u_mac/out_dot_reg[0]/CK
          Clock: (R) clk
       Endpoint: (R) vpu_dot_out[0]
          Clock: (R) clk

                     Capture       Launch     
        Clock Edge:+    3300            0     
       Src Latency:+       0            0     
       Net Latency:+       0 (I)        0 (I) 
           Arrival:=    3300            0     
                                              
      Output Delay:-     990                  
       Uncertainty:-     125                  
     Required Time:=    2185                  
      Launch Clock:-       0                  
         Data Path:-     316                  
             Slack:=    1869                  

Exceptions/Constraints:
  output_delay             990             dut.sdc_line_17_321_1   

#--------------------------------------------------------------------------------------
#      Timing Point       Flags   Arc   Edge     Cell       Fanout Trans Delay Arrival 
#                                                                   (ps)  (ps)   (ps)  
#--------------------------------------------------------------------------------------
  u_mac/out_dot_reg[0]/CK -       -     R     (arrival)         32     0     0       0 
  u_mac/out_dot_reg[0]/Q  -       CK->Q R     DFFQ_X1M_A9TL      3   184   316     316 
  vpu_dot_out[0]          -       -     R     (port)             -     -     0     316 
#--------------------------------------------------------------------------------------



Path 49: MET (1870 ps) Late External Delay Assertion at pin vpu_max_valid_out
          Group: reg2out
     Startpoint: (R) vpu_max_valid_out_reg/CK
          Clock: (R) clk
       Endpoint: (R) vpu_max_valid_out
          Clock: (R) clk

                     Capture       Launch     
        Clock Edge:+    3300            0     
       Src Latency:+       0            0     
       Net Latency:+       0 (I)        0 (I) 
           Arrival:=    3300            0     
                                              
      Output Delay:-     990                  
       Uncertainty:-     125                  
     Required Time:=    2185                  
      Launch Clock:-       0                  
         Data Path:-     315                  
             Slack:=    1870                  

Exceptions/Constraints:
  output_delay             990             dut.sdc_line_17_325_1   

#-----------------------------------------------------------------------------------------
#      Timing Point        Flags   Arc   Edge      Cell        Fanout Trans Delay Arrival 
#                                                                      (ps)  (ps)   (ps)  
#-----------------------------------------------------------------------------------------
  vpu_max_valid_out_reg/CK -       -     R     (arrival)          414     0     0       0 
  vpu_max_valid_out_reg/Q  -       CK->Q R     DFFRPQ_X1M_A9TL      1    93   315     315 
  vpu_max_valid_out        -       -     R     (port)               -     -     0     315 
#-----------------------------------------------------------------------------------------



Path 50: MET (1870 ps) Late External Delay Assertion at pin vpu_mac_valid_out
          Group: reg2out
     Startpoint: (R) vpu_mac_valid_out_reg/CK
          Clock: (R) clk
       Endpoint: (R) vpu_mac_valid_out
          Clock: (R) clk

                     Capture       Launch     
        Clock Edge:+    3300            0     
       Src Latency:+       0            0     
       Net Latency:+       0 (I)        0 (I) 
           Arrival:=    3300            0     
                                              
      Output Delay:-     990                  
       Uncertainty:-     125                  
     Required Time:=    2185                  
      Launch Clock:-       0                  
         Data Path:-     315                  
             Slack:=    1870                  

Exceptions/Constraints:
  output_delay             990             dut.sdc_line_17_324_1   

#-----------------------------------------------------------------------------------------
#      Timing Point        Flags   Arc   Edge      Cell        Fanout Trans Delay Arrival 
#                                                                      (ps)  (ps)   (ps)  
#-----------------------------------------------------------------------------------------
  vpu_mac_valid_out_reg/CK -       -     R     (arrival)          414     0     0       0 
  vpu_mac_valid_out_reg/Q  -       CK->Q R     DFFRPQ_X1M_A9TL      1    93   315     315 
  vpu_mac_valid_out        -       -     R     (port)               -     -     0     315 
#-----------------------------------------------------------------------------------------

