============================================================
  Generated by:           Genus(TM) Synthesis Solution 25.12-s067_1
  Generated on:           Sep 23 2026  01:19:24 pm
  Module:                 tr_nonlinear_vpu
  Operating conditions:   ss_typical_max_0p90v_125c (balanced_tree)
  Wireload mode:          top
  Area mode:              timing library
============================================================


Path 1: VIOLATED (-159 ps) Setup Check with Pin vpu_data_out_reg[5][3]/CK->D
          Group: in2reg
     Startpoint: (R) sram_data_a[5][9]
          Clock: (R) clk
       Endpoint: (F) vpu_data_out_reg[5][3]/D
          Clock: (R) clk

                     Capture       Launch     
        Clock Edge:+    3300            0     
        Drv Adjust:+       0           34     
       Src Latency:+       0            0     
       Net Latency:+       0 (I)        0 (I) 
           Arrival:=    3300           34     
                                              
             Setup:-     105                  
       Uncertainty:-     125                  
     Required Time:=    3070                  
      Launch Clock:-      34                  
       Input Delay:-     990                  
         Data Path:-    2206                  
             Slack:=    -159                  

Exceptions/Constraints:
  input_delay             990             dut.sdc_line_15_21_1   


