============================================================
  Generated by:           Genus(TM) Synthesis Solution 25.12-s067_1
  Generated on:           Mar 25 2026  06:21:31 pm
  Module:                 vec_mac_su
  Operating conditions:   ss_typical_max_0p90v_125c (balanced_tree)
  Wireload mode:          top
  Area mode:              timing library
============================================================


Path 1: MET (1019 ps) Setup Check with Pin out_dot_reg[25]/CK->D
          Group: in2reg
     Startpoint: (R) rst_n
          Clock: (R) clk
       Endpoint: (R) out_dot_reg[25]/D
          Clock: (R) clk

                     Capture       Launch     
        Clock Edge:+    3000            0     
        Drv Adjust:+       0            0     
       Src Latency:+       0            0     
       Net Latency:+       0 (I)        0 (I) 
           Arrival:=    3000            0     
                                              
             Setup:-      84                  
       Uncertainty:-     125                  
     Required Time:=    2791                  
      Launch Clock:-       0                  
       Input Delay:-     900                  
         Data Path:-     872                  
             Slack:=    1019                  

Exceptions/Constraints:
  input_delay             900             vec_mac_su.sdc_line_16   

#---------------------------------------------------------------------------------
#   Timing Point    Flags   Arc   Edge      Cell       Fanout Trans Delay Arrival 
#                                                              (ps)  (ps)   (ps)  
#---------------------------------------------------------------------------------
  rst_n             (i)     -     R     (arrival)          26     0     0     900 
  g2__1705/Y        -       AN->Y R     NOR2B_X3M_A9TL      9   282   210    1110 
  drc_bufs2297/Y    -       A->Y  F     INV_X1B_A9TL        2   177   188    1298 
  drc_bufs2295/Y    -       A->Y  R     INV_X1M_A9TL        8   330   257    1555 
  g2244__6131/Y     -       B1->Y R     AO1B2_X1M_A9TL      1   125   217    1772 
  out_dot_reg[25]/D -       -     R     DFFQ_X1M_A9TL       1     -     0    1772 
#---------------------------------------------------------------------------------

(i) : Net is ideal.

