============================================================
  Generated by:           Genus(TM) Synthesis Solution 25.12-s067_1
  Generated on:           Mar 10 2026  09:29:55 pm
  Module:                 softmax_engine
  Operating conditions:   ss_typical_max_0p90v_125c (balanced_tree)
  Wireload mode:          top
  Area mode:              timing library
============================================================

 
  Hierarchy Report Format : 
 
    level instance ( module ) <status>
 
    status :    preserve_<value> -- indicating preserve hierachy or inherited_preserve value
           :    blackbox --  indicating  unresolved instance
 
==================================================================

 0 softmax_engine
  1 RC_CG_HIER_INST0 ( RC_CG_MOD ) 
  1 dsp_mac ( vec_mac_dsp48_N8_W8_ACC_W32 ) 
     2 RC_CG_HIER_INST1 ( RC_CG_MOD_1 ) 
     2 RC_CG_HIER_INST2 ( RC_CG_MOD_2 ) 
  1 u_decompose ( exp_x_minus_xmax_NUM_INPUTS8_DATA_WIDTH8 ) 
     2 GEN_EXP[0].u_tr_exp_qd ( quadratic_divider ) 
     2 GEN_EXP[1].u_tr_exp_qd ( quadratic_divider_3292 ) 
     2 GEN_EXP[2].u_tr_exp_qd ( quadratic_divider_3291 ) 
     2 GEN_EXP[3].u_tr_exp_qd ( quadratic_divider_3290 ) 
     2 GEN_EXP[4].u_tr_exp_qd ( quadratic_divider_3289 ) 
     2 GEN_EXP[5].u_tr_exp_qd ( quadratic_divider_3288 ) 
     2 GEN_EXP[6].u_tr_exp_qd ( quadratic_divider_3287 ) 
     2 GEN_EXP[7].u_tr_exp_qd ( quadratic_divider_3286 ) 
     2 u_max_tree ( pipelined_max_tree_NUM_INPUTS8_DATA_WIDTH8 ) 
  1 u_reciprocal_u_exp_qd ( quadratic_divider_3285 ) 
