============================================================
  Generated by:           Genus(TM) Synthesis Solution 25.12-s067_1
  Generated on:           Mar 10 2026  09:29:59 pm
  Module:                 softmax_engine
  Operating conditions:   ss_typical_max_0p90v_125c (balanced_tree)
  Wireload mode:          top
  Area mode:              timing library
============================================================

Timing
--------

Clock  Period 
--------------
clk   10000.0 


        Cost          Critical         Violating 
       Group         Path Slack  TNS     Paths   
-------------------------------------------------
cg_enable_group_clk      6595.4   0.0          0 
clk                    No paths   0.0            
default                No paths   0.0            
in2out                 No paths   0.0            
in2reg                   5005.0   0.0          0 
reg2out                  6560.1   0.0          0 
reg2reg                    94.1   0.0          0 
-------------------------------------------------
Total                             0.0          0 

Instance Count
--------------
Leaf Instance Count             6733 
Physical Instance count            0 
Sequential Instance Count        982 
Combinational Instance Count    5751 
Hierarchical Instance Count       15 

Area
----
Cell Area                          27818.640
Physical Cell Area                 0.000
Total Cell Area (Cell+Physical)    27818.640
Net Area                           0.000
Total Area (Cell+Physical+Net)     27818.640

Max Fanout                         685 (clk)
Min Fanout                         0 (n_228)
Average Fanout                     2.1
Terms to net ratio                 3.1470
Terms to instance ratio            3.6626
Runtime                            1012.7413799999999 seconds
Elapsed Runtime                    8439 seconds
Genus peak memory usage            2888.50 
Innovus peak memory usage          no_value 
Hostname                           enicsw14.local
