============================================================
  Generated by:           Genus(TM) Synthesis Solution 25.12-s067_1
  Generated on:           Mar 10 2026  09:29:55 pm
  Module:                 softmax_engine
  Operating conditions:   ss_typical_max_0p90v_125c (balanced_tree)
  Wireload mode:          top
  Area mode:              timing library
============================================================

         Instance                            Module                    Cell-Count  Cell-Area  Net-Area   Total-Area  Wireload  
-------------------------------------------------------------------------------------------------------------------------------
softmax_engine             NA                                                6733  27818.640     0.000    27818.640 Small (D)  
  dsp_mac                  vec_mac_dsp48_N8_W8_ACC_W32                       1304   6164.640     0.000     6164.640 Small (T)  
  u_decompose              exp_x_minus_xmax_NUM_INPUTS8_DATA_WIDTH8           953   3834.000     0.000     3834.000 Small (T)  
    GEN_EXP[0].u_tr_exp_qd quadratic_divider                                    5      8.640     0.000        8.640 Small (T)  
    GEN_EXP[1].u_tr_exp_qd quadratic_divider_3292                               5      8.640     0.000        8.640 Small (T)  
    GEN_EXP[2].u_tr_exp_qd quadratic_divider_3291                               5      8.640     0.000        8.640 Small (T)  
    GEN_EXP[3].u_tr_exp_qd quadratic_divider_3290                               5      8.640     0.000        8.640 Small (T)  
    GEN_EXP[4].u_tr_exp_qd quadratic_divider_3289                               5      8.640     0.000        8.640 Small (T)  
    GEN_EXP[5].u_tr_exp_qd quadratic_divider_3288                               5      8.640     0.000        8.640 Small (T)  
    GEN_EXP[6].u_tr_exp_qd quadratic_divider_3287                               5      8.640     0.000        8.640 Small (T)  
    GEN_EXP[7].u_tr_exp_qd quadratic_divider_3286                               5      8.640     0.000        8.640 Small (T)  
    u_max_tree             pipelined_max_tree_NUM_INPUTS8_DATA_WIDTH8         186    841.320     0.000      841.320 Small (T)  
  u_reciprocal_u_exp_qd    quadratic_divider_3285                               5     12.960     0.000       12.960 Small (T)  
  (D) = wireload is default in technology library
  (T) = wireload mode is 'top'
