============================================================
  Generated by:           Genus(TM) Synthesis Solution 25.12-s067_1
  Generated on:           May 05 2026  03:04:29 pm
  Module:                 tr_norm_alu
  Operating conditions:   ss_typical_max_0p90v_125c (balanced_tree)
  Wireload mode:          top
  Area mode:              timing library
============================================================


Path 1: MET (5 ps) Setup Check with Pin x_sq_reg_reg[14]/CK->D
          Group: in2reg
     Startpoint: (R) x_in[3]
          Clock: (R) clk
       Endpoint: (F) x_sq_reg_reg[14]/D
          Clock: (R) clk

                     Capture       Launch     
        Clock Edge:+    3300            0     
        Drv Adjust:+       0           60     
       Src Latency:+       0            0     
       Net Latency:+       0 (I)        0 (I) 
           Arrival:=    3300           60     
                                              
             Setup:-     126                  
       Uncertainty:-     125                  
     Required Time:=    3049                  
      Launch Clock:-      60                  
       Input Delay:-     990                  
         Data Path:-    1994                  
             Slack:=       5                  

Exceptions/Constraints:
  input_delay             990             tr_norm_alu.sdc_line_16_8_1   

#-------------------------------------------------------------------------------------------
#      Timing Point        Flags   Arc   Edge       Cell         Fanout Trans Delay Arrival 
#                                                                        (ps)  (ps)   (ps)  
#-------------------------------------------------------------------------------------------
  x_in[3]                  -       -     R     (arrival)             11   120     0    1050 
  g5346/Y                  -       A->Y  R     BUF_X1M_A9TH           1   200   326    1375 
  square_mul_60_30_g1456/Y -       A1->Y F     AOI21_X1M_A9TL         1   208   167    1542 
  square_mul_60_30_g1417/S -       B->S  R     ADDF_X1M_A9TL          2   130   389    1931 
  square_mul_60_30_g1413/Y -       A->Y  F     NOR2_X1B_A9TL          3   238   185    2116 
  square_mul_60_30_g1389/Y -       A0->Y R     AOI21_X1M_A9TL         2   274   256    2372 
  square_mul_60_30_g1384/Y -       A0->Y F     OAI221_X2M_A9TL        2   160   190    2562 
  square_mul_60_30_g1377/Y -       A1->Y R     AOI221_X1P4M_A9TL      1   219   247    2809 
  square_mul_60_30_g1375/Y -       A->Y  F     XNOR3_X0P5M_A9TL       1   133   235    3044 
  x_sq_reg_reg[14]/D       -       -     F     DFFRPQ_X1M_A9TL        1     -     0    3044 
#-------------------------------------------------------------------------------------------

