============================================================
  Generated by:           Genus(TM) Synthesis Solution 25.12-s067_1
  Generated on:           May 05 2026  03:04:29 pm
  Module:                 tr_norm_alu
  Operating conditions:   ss_typical_max_0p90v_125c (balanced_tree)
  Wireload mode:          top
  Area mode:              timing library
============================================================


Path 1: VIOLATED (-3439 ps) Late External Delay Assertion at pin inv_std_dev_out[11]
          Group: reg2out
     Startpoint: (R) var_reg_s4_reg[13]/CK
          Clock: (R) clk
       Endpoint: (F) inv_std_dev_out[11]
          Clock: (R) clk

                     Capture       Launch     
        Clock Edge:+    3300            0     
       Src Latency:+       0            0     
       Net Latency:+       0 (I)        0 (I) 
           Arrival:=    3300            0     
                                              
      Output Delay:-     990                  
       Uncertainty:-     125                  
     Required Time:=    2185                  
      Launch Clock:-       0                  
         Data Path:-    5624                  
             Slack:=   -3439                  

Exceptions/Constraints:
  output_delay             990             tr_norm_alu.sdc_line_18_56_1   

#-----------------------------------------------------------------------------------------------------------------------------
#                      Timing Point                        Flags    Arc    Edge       Cell         Fanout Trans Delay Arrival 
#                                                                                                          (ps)  (ps)   (ps)  
#-----------------------------------------------------------------------------------------------------------------------------
  var_reg_s4_reg[13]/CK                                    -       -       R     (arrival)            256     0     0       0 
  var_reg_s4_reg[13]/Q                                     -       CK->Q   F     DFFRPQ_X4M_A9TL        3    58   280     280 
  u_isqrt/u_ln/fopt2664/Y                                  -       A->Y    R     INV_X2P5M_A9TR         2    83    80     359 
  u_isqrt/u_ln/fopt2663/Y                                  -       A->Y    R     BUF_X6M_A9TL           6    90   126     486 
  u_isqrt/u_ln/fopt2658/Y                                  -       A->Y    F     INV_X2M_A9TL           1    41    47     533 
  u_isqrt/u_ln/g2288__9315/Y                               -       BN->Y   F     NOR2XB_X6M_A9TL        2    64   120     653 
  u_isqrt/u_ln/g2221__4733/Y                               -       A->Y    R     NAND2XB_X4M_A9TL       1    80    67     720 
  u_isqrt/u_ln/g2176__1617/Y                               -       B->Y    F     NAND3_X6M_A9TL         1    66    71     791 
  u_isqrt/u_ln/g2152__8246/Y                               -       A->Y    R     NOR2XB_X8M_A9TL        1    62    62     853 
  u_isqrt/u_ln/g2147__3680/Y                               -       A->Y    F     NAND2_X6M_A9TL         1    49    45     898 
  u_isqrt/u_ln/g2138__6417/Y                               -       B->Y    R     NOR2_X6A_A9TL          1    70    72     970 
  u_isqrt/u_ln/g2127__1881/Y                               -       B->Y    F     NAND3XXB_X6M_A9TL      3    98    87    1056 
  u_isqrt/u_ln/fopt2625/Y                                  -       A->Y    R     INV_X4M_A9TL           1    49    55    1111 
  u_isqrt/u_ln/csa_tree_ADD_TC_OP_6_groupi_g1086__6260/CON -       B->CON  F     CGENI_X2M_A9TL         1   103    91    1202 
  u_isqrt/u_ln/csa_tree_ADD_TC_OP_6_groupi_g1032__5107/CO  -       A->CO   F     ADDF_X2M_A9TL          2   119   270    1472 
  u_isqrt/u_ln/csa_tree_ADD_TC_OP_6_groupi_g1010__9945/Y   -       A->Y    R     NAND3_X6A_A9TL         1   110   100    1572 
  u_isqrt/u_ln/csa_tree_ADD_TC_OP_6_groupi_g998__7482/Y    -       A->Y    F     NAND2_X8M_A9TL         2    66    66    1637 
  u_isqrt/u_ln/fopt2536/Y                                  -       A->Y    F     BUFH_X13M_A9TL         4    40    87    1724 
  u_isqrt/u_ln/csa_tree_ADD_TC_OP_6_groupi_g970__5526/Y    -       A0->Y   R     AOI2XB1_X8M_A9TL       1    80    70    1794 
  u_isqrt/u_ln/csa_tree_ADD_TC_OP_6_groupi_g961__7410/Y    -       S0->Y   R     MXIT2_X3M_A9TL         1   179   106    1900 
  u_isqrt/g721/Y                                           -       A->Y    F     INV_X7P5M_A9TL         2    57    57    1957 
  u_isqrt/g702__5477/Y                                     -       A->Y    R     NAND2_X8A_A9TL         3    74    66    2023 
  u_isqrt/fopt4842/Y                                       -       A->Y    F     INV_X13M_A9TL          5    36    41    2064 
  u_isqrt/g694__2883/Y                                     -       A->Y    R     NAND2XB_X4M_A9TL       1    79    56    2120 
  u_isqrt/g688__5115/Y                                     -       A->Y    F     NAND2XB_X6M_A9TL       1    46    48    2168 
  u_isqrt/g687__1881/Y                                     -       A->Y    F     AND2_X11M_A9TL         6    55   107    2275 
  u_isqrt/u_exp/u_quad/square_mul_42_37_g1141__6260/Y      -       A->Y    R     NAND2_X8M_A9TL         2    78    67    2342 
  u_isqrt/u_exp/u_quad/square_mul_42_37_g1128/Y            -       A->Y    F     INV_X7P5M_A9TL         2    32    37    2379 
  u_isqrt/u_exp/u_quad/square_mul_42_37_g1221__3680/Y      -       A1->Y   R     OAI21B_X4M_A9TL        1   122   101    2480 
  u_isqrt/u_exp/u_quad/square_mul_42_37_g1100__1617/Y      -       B->Y    F     NAND2_X6M_A9TL         2    59    73    2553 
  u_isqrt/u_exp/u_quad/square_mul_42_37_g1042__2802/Y      -       B->Y    F     XNOR3_X4M_A9TL         2   101   254    2807 
  u_isqrt/u_exp/u_quad/square_mul_42_37_g1019__6417/Y      -       A->Y    R     NAND2XB_X8M_A9TL       3    95    90    2897 
  u_isqrt/u_exp/u_quad/square_mul_42_37_g1012__9945/Y      -       A->Y    F     NAND2XB_X6M_A9TL       2    58    58    2954 
  u_isqrt/u_exp/u_quad/square_mul_42_37_g994__1705/Y       -       A0->Y   R     OAI21_X6M_A9TL         2   110    97    3052 
  u_isqrt/u_exp/u_quad/square_mul_42_37_g1200__4733/Y      -       A0->Y   R     AO21B_X6M_A9TL         1    57   134    3186 
  u_isqrt/u_exp/u_quad/square_mul_42_37_g981__5107/Y       -       A->Y    R     XNOR2_X4M_A9TL         2   241   112    3298 
  u_isqrt/u_exp/g1109/Y                                    -       A->Y    F     INV_X5M_A9TL           1    73    71    3369 
  u_isqrt/u_exp/g1099__5526/Y                              -       A->Y    R     NAND2XB_X8M_A9TL       3    80    70    3439 
  u_isqrt/u_exp/g1069__6131/Y                              -       A->Y    F     NAND2_X6M_A9TL         1    50    51    3490 
  u_isqrt/u_exp/g1065__8246/Y                              -       A->Y    R     NAND2XB_X8M_A9TL       2    76    60    3550 
  u_isqrt/u_exp/fopt1138/Y                                 -       A->Y    F     INV_X3M_A9TL           2    47    54    3604 
  u_isqrt/u_exp/g1060__1705/Y                              -       A->Y    R     NAND2_X4M_A9TL         1    70    53    3657 
  u_isqrt/u_exp/g1044__5477/Y                              -       C0->Y   F     OAI211_X4M_A9TL        1   100    84    3741 
  u_isqrt/u_exp/g1039__2346/Y                              -       A->Y    R     NOR2XB_X8M_A9TL        1    76    75    3816 
  u_isqrt/u_exp/g1035__6161/Y                              -       B0->Y   F     AOI2XB1_X8M_A9TL       1    86    65    3881 
  u_isqrt/u_exp/g1034/Y                                    -       A->Y    R     INV_X16M_A9TL         11    68    71    3952 
  u_isqrt/mul_96_30_g4670__1617/Y                          -       A->Y    F     NAND2XB_X6M_A9TL       2    47    48    4000 
  u_isqrt/mul_96_30_g4422__1666/CON                        -       CI->CON R     CGENI_X2M_A9TL         1   172   118    4118 
  u_isqrt/mul_96_30_g4360/Y                                -       A->Y    F     INV_X4M_A9TL           3    70    74    4193 
  u_isqrt/mul_96_30_g4288__2802/Y                          -       C->Y    F     XOR3_X4M_A9TL          2    81   260    4453 
  u_isqrt/mul_96_30_g4261__2346/Y                          -       A->Y    R     XOR3_X4M_A9TL          2    79   145    4598 
  u_isqrt/mul_96_30_g4188__2802/Y                          -       B->Y    R     XOR3_X4M_A9TL          2    86   236    4834 
  u_isqrt/mul_96_30_g4160__7410/Y                          -       A->Y    F     NAND2_X6A_A9TL         3    87    81    4915 
  u_isqrt/mul_96_30_g4133__1705/Y                          -       A0->Y   R     AOI2XB1_X6M_A9TL       1    81    91    5006 
  u_isqrt/mul_96_30_g4126__5526/Y                          -       B0->Y   F     OAI21_X6M_A9TL         2    68    65    5071 
  u_isqrt/mul_96_30_g4113__1666/Y                          -       A0->Y   R     OAI211_X4M_A9TL        1   145   126    5197 
  u_isqrt/mul_96_30_g4109__2883/Y                          -       A->Y    F     NAND2_X6M_A9TL         4    88    84    5281 
  u_isqrt/mul_96_30_g4105__4733/Y                          -       A->Y    R     NAND2XB_X6M_A9TL       1    58    60    5340 
  u_isqrt/mul_96_30_g4100__7098/Y                          -       C0->Y   F     OAI211_X4M_A9TL        1    95    74    5415 
  u_isqrt/mul_96_30_g4097__1705/Y                          -       S0->Y   F     MXIT2_X3M_A9TL         1   105    99    5514 
  g2415/Y                                                  -       A->Y    R     NAND2_X6M_A9TL         1    81    64    5578 
  g2404/Y                                                  -       A->Y    F     NAND2_X4M_A9TL         1    69    46    5624 
  inv_std_dev_out[11]                                      -       -       F     (port)                 -     -     0    5624 
#-----------------------------------------------------------------------------------------------------------------------------

