============================================================
  Generated by:           Genus(TM) Synthesis Solution 25.12-s067_1
  Generated on:           May 05 2026  03:04:29 pm
  Module:                 tr_norm_alu
  Operating conditions:   ss_typical_max_0p90v_125c (balanced_tree)
  Wireload mode:          top
  Area mode:              timing library
============================================================


Path 1: MET (0 ps) Setup Check with Pin var_reg_s4_reg[18]/CK->D
          Group: reg2reg
     Startpoint: (R) mean_val_full_s3_reg[15]/CK
          Clock: (R) clk
       Endpoint: (F) var_reg_s4_reg[18]/D
          Clock: (R) clk

                     Capture       Launch     
        Clock Edge:+    3300            0     
       Src Latency:+       0            0     
       Net Latency:+       0 (I)        0 (I) 
           Arrival:=    3300            0     
                                              
             Setup:-     106                  
       Uncertainty:-     125                  
     Required Time:=    3069                  
      Launch Clock:-       0                  
         Data Path:-    3069                  
             Slack:=       0                  

#---------------------------------------------------------------------------------------------------------------
#               Timing Point                 Flags    Arc   Edge        Cell         Fanout Trans Delay Arrival 
#                                                                                            (ps)  (ps)   (ps)  
#---------------------------------------------------------------------------------------------------------------
  mean_val_full_s3_reg[15]/CK                -       -      R     (arrival)             256     0     0       0 
  mean_val_full_s3_reg[15]/Q                 -       CK->Q  F     DFFRPQ_X4M_A9TL         2    54   276     276 
  csa_tree_add_124_42_rsh_pad_groupi_g4280/Y -       A->Y   R     INV_X6M_A9TL            4    75    68     344 
  csa_tree_add_124_42_rsh_pad_groupi_g4279/Y -       A->Y   F     INV_X9M_A9TL            5    43    49     393 
  csa_tree_add_124_42_rsh_pad_groupi_g4278/Y -       A->Y   R     INV_X7P5M_A9TL          8    93    74     467 
  csa_tree_add_124_42_rsh_pad_groupi_g4154/Y -       B->Y   R     OR2_X3M_A9TL            1    41   106     572 
  g5352/Y                                    -       A->Y   R     BUF_X0P8M_A9TL          3   273   214     787 
  csa_tree_add_124_42_rsh_pad_groupi_g3780/Y -       A->Y   F     XNOR3_X3M_A9TL          2    93   212     999 
  csa_tree_add_124_42_rsh_pad_groupi_g3731/Y -       B->Y   R     NOR2_X2A_A9TL           2   154   131    1130 
  csa_tree_add_124_42_rsh_pad_groupi_g3687/Y -       B0->Y  F     AOI2XB1_X3M_A9TL        2    92    88    1218 
  csa_tree_add_124_42_rsh_pad_groupi_g3639/Y -       A0->Y  F     OA211_X2M_A9TL          1    63   176    1394 
  csa_tree_add_124_42_rsh_pad_groupi_g3622/Y -       B0N->Y R     AO21B_X4M_A9TL          3    85    66    1460 
  csa_tree_add_124_42_rsh_pad_groupi_g3599/Y -       B1->Y  R     AO1B2_X4M_A9TL          1    62   130    1590 
  csa_tree_add_124_42_rsh_pad_groupi_g3573/Y -       S0->Y  R     MXIT2_X3M_A9TL          2   130    83    1674 
  csa_tree_sub_127_39_rsh_pad_groupi_g1442/Y -       A1N->Y R     OAI2XB1_X1P4M_A9TL      2   234   250    1924 
  csa_tree_sub_127_39_rsh_pad_groupi_g1318/Y -       A->Y   F     NAND2_X2A_A9TL          3   161   151    2075 
  csa_tree_sub_127_39_rsh_pad_groupi_g1292/Y -       B->Y   R     NAND2_X4B_A9TL          2    86    99    2174 
  csa_tree_sub_127_39_rsh_pad_groupi_g1241/Y -       A0->Y  F     OAI21_X3M_A9TL          1    70    73    2247 
  csa_tree_sub_127_39_rsh_pad_groupi_g1239/Y -       B->Y   R     NOR2_X3A_A9TL           2   143   121    2368 
  csa_tree_sub_127_39_rsh_pad_groupi_g1236/Y -       A->Y   F     NOR2XB_X6M_A9TL         2    60    68    2435 
  csa_tree_sub_127_39_rsh_pad_groupi_g1230/Y -       A->Y   R     NAND2XB_X4M_A9TL        3    86    70    2505 
  csa_tree_sub_127_39_rsh_pad_groupi_g1228/Y -       BN->Y  R     NAND2XB_X2M_A9TL        1    94   142    2646 
  csa_tree_sub_127_39_rsh_pad_groupi_g1225/Y -       A->Y   F     NAND4_X4A_A9TL          3   171   124    2770 
  csa_tree_sub_127_39_rsh_pad_groupi_g1215/Y -       A0->Y  R     AOI2XB1_X3M_A9TL        1   119   141    2911 
  csa_tree_sub_127_39_rsh_pad_groupi_g1205/Y -       A0->Y  F     OAI2XB1_X4M_A9TL        1    70    80    2991 
  csa_tree_sub_127_39_rsh_pad_groupi_g1203/Y -       A->Y   F     XOR2_X3M_A9TL           1    95    78    3069 
  var_reg_s4_reg[18]/D                       -       -      F     DFFRPQ_X4M_A9TL         1     -     0    3069 
#---------------------------------------------------------------------------------------------------------------

