============================================================
  Generated by:           Genus(TM) Synthesis Solution 25.12-s067_1
  Generated on:           Apr 12 2026  10:08:54 pm
  Module:                 transformer_core_top
  Operating conditions:   ss_typical_max_0p90v_125c (balanced_tree)
  Wireload mode:          top
  Area mode:              timing library
============================================================


Path 1: MET (43 ps) Setup Check with Pin u_datapath/u_piped_max/stage_decl[1].data_reg[0][6]/CK->SE
          Group: in2reg
     Startpoint: (R) a_in[1][1]
          Clock: (R) clk
       Endpoint: (R) u_datapath/u_piped_max/stage_decl[1].data_reg[0][6]/SE
          Clock: (R) clk

                     Capture       Launch     
        Clock Edge:+    3300            0     
        Drv Adjust:+       0           18     
       Src Latency:+       0            0     
       Net Latency:+       0 (I)        0 (I) 
           Arrival:=    3300           18     
                                              
             Setup:-     341                  
       Uncertainty:-     125                  
     Required Time:=    2834                  
      Launch Clock:-      18                  
       Input Delay:-     990                  
         Data Path:-    1783                  
             Slack:=      43                  

Exceptions/Constraints:
  input_delay             990             transformer_core_top_line_16_60_1   

#---------------------------------------------------------------------------------------------------------------------------
#                     Timing Point                       Flags    Arc   Edge        Cell         Fanout Trans Delay Arrival 
#                                                                                                        (ps)  (ps)   (ps)  
#---------------------------------------------------------------------------------------------------------------------------
  a_in[1][1]                                             -       -      R     (arrival)               3    57     0    1008 
  u_datapath/u_piped_max/g5280/Y                         -       A->Y   F     INV_X1M_A9TL            2    70    65    1073 
  u_datapath/u_piped_max/g5213/Y                         -       B->Y   F     AND2_X1M_A9TL           1    61   137    1210 
  u_datapath/u_piped_max/g5193/Y                         -       B1->Y  R     OAI222_X1M_A9TL         1   265   167    1377 
  u_datapath/u_piped_max/g5187/Y                         -       B0->Y  F     OAI2XB1_X0P5M_A9TL      1   215   215    1592 
  u_datapath/u_piped_max/g5181/CON                       -       A->CON R     CGENI_X1M_A9TL          1   182   190    1782 
  u_datapath/u_piped_max/g5175/Y                         -       B0->Y  F     AOI2XB1_X1M_A9TL        1   112   109    1891 
  u_datapath/u_piped_max/g5170/Y                         -       C0->Y  R     AOI221_X1M_A9TL         1   255   192    2084 
  u_datapath/u_piped_max/g5163/Y                         -       C0->Y  F     AOI221_X1M_A9TL         1   167   154    2238 
  u_datapath/u_piped_max/g5155/Y                         -       C0->Y  R     AOI221_X1M_A9TL         1   266   215    2453 
  u_datapath/u_piped_max/g5149/Y                         -       B0->Y  R     AO21_X1M_A9TL           7   350   338    2791 
  u_datapath/u_piped_max/stage_decl[1].data_reg[0][6]/SE -       -      R     SDFFRPQ_X1M_A9TL        7     -     0    2791 
#---------------------------------------------------------------------------------------------------------------------------

