============================================================
  Generated by:           Genus(TM) Synthesis Solution 25.12-s067_1
  Generated on:           Sep 19 2026  11:00:30 am
  Module:                 tr_gelu
  Operating conditions:   ss_typical_max_0p90v_125c (balanced_tree)
  Wireload mode:          top
  Area mode:              timing library
============================================================


Path 1: VIOLATED (-395 ps) Setup Check with Pin s1_exp_in_reg[7][5]/CK->D
          Group: in2reg
     Startpoint: (F) x_in[7][4]
          Clock: (R) clk
       Endpoint: (R) s1_exp_in_reg[7][5]/D
          Clock: (R) clk

                     Capture       Launch     
        Clock Edge:+    3300            0     
        Drv Adjust:+       0           46     
       Src Latency:+       0            0     
       Net Latency:+       0 (I)        0 (I) 
           Arrival:=    3300           46     
                                              
             Setup:-     164                  
       Uncertainty:-     125                  
     Required Time:=    3011                  
      Launch Clock:-      46                  
       Input Delay:-     990                  
         Data Path:-    2369                  
             Slack:=    -395                  

Exceptions/Constraints:
  input_delay             990             dut.sdc_line_15_7_1   

#---------------------------------------------------------------------------------------------------------------------
#                   Timing Point                    Flags    Arc    Edge       Cell        Fanout Trans Delay Arrival 
#                                                                                                  (ps)  (ps)   (ps)  
#---------------------------------------------------------------------------------------------------------------------
  x_in[7][4]                                        -       -       F     (arrival)             5    94     0    1036 
  u_pre_ln/fopt1392/Y                               -       A->Y    R     INV_X4M_A9TL          2    66    70    1106 
  u_pre_ln/fopt1391/Y                               -       A->Y    F     INV_X4M_A9TL          1    29    36    1141 
  u_pre_ln/g1330/Y                                  -       A->Y    F     MXT2_X6M_A9TL         5    81   153    1294 
  gen_ln[7].u_ln/g1311/Y                            -       A->Y    R     NOR2_X8M_A9TL         3   103    91    1385 
  gen_ln[7].u_ln/g1288/Y                            -       A->Y    F     NAND2_X8M_A9TL        2    62    62    1447 
  gen_ln[7].u_ln/g1284/Y                            -       A->Y    R     INV_X7P5M_A9TL        3    62    62    1509 
  gen_ln[7].u_ln/g1283/Y                            -       A->Y    F     INV_X5M_A9TL          2    37    43    1552 
  gen_ln[7].u_ln/g1268/Y                            -       A->Y    R     NOR2XB_X6M_A9TL       2    74    60    1612 
  gen_ln[7].u_ln/fopt1348/Y                         -       A->Y    F     INV_X2M_A9TL          4    92    82    1694 
  gen_ln[7].u_ln/fopt1347/Y                         -       A->Y    R     INV_X4M_A9TL          2    55    60    1754 
  gen_ln[7].u_ln/csa_tree_add_71_55_groupi_g912/Y   -       S0->Y   R     MXIT2_X1M_A9TL        1   208   113    1867 
  gen_ln[7].u_ln/csa_tree_add_71_55_groupi_g943/Y   -       B->Y    R     XOR2_X2M_A9TL         2   206   175    2042 
  gen_ln[7].u_ln/csa_tree_add_71_55_groupi_g846/Y   -       BN->Y   R     NAND2XB_X3M_A9TL      2    89   176    2218 
  gen_ln[7].u_ln/csa_tree_add_71_55_groupi_g840/Y   -       B->Y    R     AND2_X3M_A9TL         2    62   118    2336 
  gen_ln[7].u_ln/fopt1363/Y                         -       A->Y    R     BUF_X2P5M_A9TL        1    75   115    2451 
  gen_ln[7].u_ln/csa_tree_add_71_55_groupi_g828/Y   -       A1->Y   F     AOI21_X6M_A9TL        2    62    72    2523 
  gen_ln[7].u_ln/csa_tree_add_71_55_groupi_g823/Y   -       A0->Y   R     OAI2XB1_X4M_A9TL      1    89    78    2601 
  gen_ln[7].u_ln/csa_tree_add_71_55_groupi_g822/SUM -       CI->SUM F     ADDFH_X2M_A9TL        1    86   242    2844 
  gen_ln[7].u_ln/g667/Y                             -       A->Y    F     AND2_X8M_A9TL         1    50   115    2959 
  fopt7985/Y                                        -       A->Y    R     INV_X13M_A9TL         3    41    42    3001 
  g7618/Y                                           -       A->Y    F     NOR2_X8A_A9TL         2    48    37    3038 
  g7601/Y                                           -       B0->Y   R     AOI21_X4M_A9TL        1    97    82    3120 
  u_post_ln/g2783/Y                                 -       A->Y    F     INV_X4M_A9TL          2    46    52    3171 
  u_post_ln/g2657/Y                                 -       B->Y    R     NAND2_X6M_A9TL        3    97    81    3253 
  u_post_ln/fopt/Y                                  -       A->Y    F     INV_X1M_A9TL          1    70    74    3327 
  u_post_ln/g2643/Y                                 -       B0->Y   R     AOI2XB1_X3M_A9TL      1    79    78    3405 
  s1_exp_in_reg[7][5]/D                             -       -       R     SDFFRPQ_X2M_A9TL      1     -     0    3405 
#---------------------------------------------------------------------------------------------------------------------

