============================================================
  Generated by:           Genus(TM) Synthesis Solution 25.12-s067_1
  Generated on:           Sep 24 2026  06:47:28 pm
  Module:                 tr_gelu
  Operating conditions:   ss_typical_max_0p90v_125c (balanced_tree)
  Wireload mode:          top
  Area mode:              timing library
============================================================


Path 1: MET (1870 ps) Late External Delay Assertion at pin valid_out
          Group: reg2out
     Startpoint: (R) valid_out_reg/CK
          Clock: (R) clk
       Endpoint: (R) valid_out
          Clock: (R) clk

                     Capture       Launch     
        Clock Edge:+    3300            0     
       Src Latency:+       0            0     
       Net Latency:+       0 (I)        0 (I) 
           Arrival:=    3300            0     
                                              
      Output Delay:-     990                  
       Uncertainty:-     125                  
     Required Time:=    2185                  
      Launch Clock:-       0                  
         Data Path:-     315                  
             Slack:=    1870                  

Exceptions/Constraints:
  output_delay             990             dut.sdc_line_17   

#---------------------------------------------------------------------------------
#  Timing Point    Flags   Arc   Edge      Cell        Fanout Trans Delay Arrival 
#                                                              (ps)  (ps)   (ps)  
#---------------------------------------------------------------------------------
  valid_out_reg/CK -       -     R     (arrival)          281     0     0       0 
  valid_out_reg/Q  -       CK->Q R     DFFRPQ_X1M_A9TL      1    93   315     315 
  valid_out        -       -     R     (port)               -     -     0     315 
#---------------------------------------------------------------------------------



Path 2: MET (1874 ps) Late External Delay Assertion at pin y_out[0][0]
          Group: reg2out
     Startpoint: (R) y_out_reg[0][0]/CK
          Clock: (R) clk
       Endpoint: (F) y_out[0][0]
          Clock: (R) clk

                     Capture       Launch     
        Clock Edge:+    3300            0     
       Src Latency:+       0            0     
       Net Latency:+       0 (I)        0 (I) 
           Arrival:=    3300            0     
                                              
      Output Delay:-     990                  
       Uncertainty:-     125                  
     Required Time:=    2185                  
      Launch Clock:-       0                  
         Data Path:-     311                  
             Slack:=    1874                  

Exceptions/Constraints:
  output_delay             990             dut.sdc_line_17_194_1   

#------------------------------------------------------------------------------------
#   Timing Point     Flags   Arc   Edge       Cell        Fanout Trans Delay Arrival 
#                                                                 (ps)  (ps)   (ps)  
#------------------------------------------------------------------------------------
  y_out_reg[0][0]/CK -       -     R     (arrival)           281     0     0       0 
  y_out_reg[0][0]/Q  -       CK->Q F     SDFFRPQ_X1M_A9TL      1    68   311     311 
  y_out[0][0]        -       -     F     (port)                -     -     0     311 
#------------------------------------------------------------------------------------



Path 3: MET (1874 ps) Late External Delay Assertion at pin y_out[0][1]
          Group: reg2out
     Startpoint: (R) y_out_reg[0][1]/CK
          Clock: (R) clk
       Endpoint: (F) y_out[0][1]
          Clock: (R) clk

                     Capture       Launch     
        Clock Edge:+    3300            0     
       Src Latency:+       0            0     
       Net Latency:+       0 (I)        0 (I) 
           Arrival:=    3300            0     
                                              
      Output Delay:-     990                  
       Uncertainty:-     125                  
     Required Time:=    2185                  
      Launch Clock:-       0                  
         Data Path:-     311                  
             Slack:=    1874                  

Exceptions/Constraints:
  output_delay             990             dut.sdc_line_17_193_1   

#------------------------------------------------------------------------------------
#   Timing Point     Flags   Arc   Edge       Cell        Fanout Trans Delay Arrival 
#                                                                 (ps)  (ps)   (ps)  
#------------------------------------------------------------------------------------
  y_out_reg[0][1]/CK -       -     R     (arrival)           281     0     0       0 
  y_out_reg[0][1]/Q  -       CK->Q F     SDFFRPQ_X1M_A9TL      1    68   311     311 
  y_out[0][1]        -       -     F     (port)                -     -     0     311 
#------------------------------------------------------------------------------------



Path 4: MET (1874 ps) Late External Delay Assertion at pin y_out[0][2]
          Group: reg2out
     Startpoint: (R) y_out_reg[0][2]/CK
          Clock: (R) clk
       Endpoint: (F) y_out[0][2]
          Clock: (R) clk

                     Capture       Launch     
        Clock Edge:+    3300            0     
       Src Latency:+       0            0     
       Net Latency:+       0 (I)        0 (I) 
           Arrival:=    3300            0     
                                              
      Output Delay:-     990                  
       Uncertainty:-     125                  
     Required Time:=    2185                  
      Launch Clock:-       0                  
         Data Path:-     311                  
             Slack:=    1874                  

Exceptions/Constraints:
  output_delay             990             dut.sdc_line_17_192_1   

#------------------------------------------------------------------------------------
#   Timing Point     Flags   Arc   Edge       Cell        Fanout Trans Delay Arrival 
#                                                                 (ps)  (ps)   (ps)  
#------------------------------------------------------------------------------------
  y_out_reg[0][2]/CK -       -     R     (arrival)           281     0     0       0 
  y_out_reg[0][2]/Q  -       CK->Q F     SDFFRPQ_X1M_A9TL      1    68   311     311 
  y_out[0][2]        -       -     F     (port)                -     -     0     311 
#------------------------------------------------------------------------------------



Path 5: MET (1874 ps) Late External Delay Assertion at pin y_out[0][3]
          Group: reg2out
     Startpoint: (R) y_out_reg[0][3]/CK
          Clock: (R) clk
       Endpoint: (F) y_out[0][3]
          Clock: (R) clk

                     Capture       Launch     
        Clock Edge:+    3300            0     
       Src Latency:+       0            0     
       Net Latency:+       0 (I)        0 (I) 
           Arrival:=    3300            0     
                                              
      Output Delay:-     990                  
       Uncertainty:-     125                  
     Required Time:=    2185                  
      Launch Clock:-       0                  
         Data Path:-     311                  
             Slack:=    1874                  

Exceptions/Constraints:
  output_delay             990             dut.sdc_line_17_191_1   

#------------------------------------------------------------------------------------
#   Timing Point     Flags   Arc   Edge       Cell        Fanout Trans Delay Arrival 
#                                                                 (ps)  (ps)   (ps)  
#------------------------------------------------------------------------------------
  y_out_reg[0][3]/CK -       -     R     (arrival)           281     0     0       0 
  y_out_reg[0][3]/Q  -       CK->Q F     SDFFRPQ_X1M_A9TL      1    68   311     311 
  y_out[0][3]        -       -     F     (port)                -     -     0     311 
#------------------------------------------------------------------------------------



Path 6: MET (1874 ps) Late External Delay Assertion at pin y_out[0][4]
          Group: reg2out
     Startpoint: (R) y_out_reg[0][4]/CK
          Clock: (R) clk
       Endpoint: (F) y_out[0][4]
          Clock: (R) clk

                     Capture       Launch     
        Clock Edge:+    3300            0     
       Src Latency:+       0            0     
       Net Latency:+       0 (I)        0 (I) 
           Arrival:=    3300            0     
                                              
      Output Delay:-     990                  
       Uncertainty:-     125                  
     Required Time:=    2185                  
      Launch Clock:-       0                  
         Data Path:-     311                  
             Slack:=    1874                  

Exceptions/Constraints:
  output_delay             990             dut.sdc_line_17_190_1   

#------------------------------------------------------------------------------------
#   Timing Point     Flags   Arc   Edge       Cell        Fanout Trans Delay Arrival 
#                                                                 (ps)  (ps)   (ps)  
#------------------------------------------------------------------------------------
  y_out_reg[0][4]/CK -       -     R     (arrival)           281     0     0       0 
  y_out_reg[0][4]/Q  -       CK->Q F     SDFFRPQ_X1M_A9TL      1    68   311     311 
  y_out[0][4]        -       -     F     (port)                -     -     0     311 
#------------------------------------------------------------------------------------



Path 7: MET (1874 ps) Late External Delay Assertion at pin y_out[0][5]
          Group: reg2out
     Startpoint: (R) y_out_reg[0][5]/CK
          Clock: (R) clk
       Endpoint: (F) y_out[0][5]
          Clock: (R) clk

                     Capture       Launch     
        Clock Edge:+    3300            0     
       Src Latency:+       0            0     
       Net Latency:+       0 (I)        0 (I) 
           Arrival:=    3300            0     
                                              
      Output Delay:-     990                  
       Uncertainty:-     125                  
     Required Time:=    2185                  
      Launch Clock:-       0                  
         Data Path:-     311                  
             Slack:=    1874                  

Exceptions/Constraints:
  output_delay             990             dut.sdc_line_17_189_1   

#------------------------------------------------------------------------------------
#   Timing Point     Flags   Arc   Edge       Cell        Fanout Trans Delay Arrival 
#                                                                 (ps)  (ps)   (ps)  
#------------------------------------------------------------------------------------
  y_out_reg[0][5]/CK -       -     R     (arrival)           281     0     0       0 
  y_out_reg[0][5]/Q  -       CK->Q F     SDFFRPQ_X1M_A9TL      1    68   311     311 
  y_out[0][5]        -       -     F     (port)                -     -     0     311 
#------------------------------------------------------------------------------------



Path 8: MET (1874 ps) Late External Delay Assertion at pin y_out[0][6]
          Group: reg2out
     Startpoint: (R) y_out_reg[0][6]/CK
          Clock: (R) clk
       Endpoint: (F) y_out[0][6]
          Clock: (R) clk

                     Capture       Launch     
        Clock Edge:+    3300            0     
       Src Latency:+       0            0     
       Net Latency:+       0 (I)        0 (I) 
           Arrival:=    3300            0     
                                              
      Output Delay:-     990                  
       Uncertainty:-     125                  
     Required Time:=    2185                  
      Launch Clock:-       0                  
         Data Path:-     311                  
             Slack:=    1874                  

Exceptions/Constraints:
  output_delay             990             dut.sdc_line_17_188_1   

#------------------------------------------------------------------------------------
#   Timing Point     Flags   Arc   Edge       Cell        Fanout Trans Delay Arrival 
#                                                                 (ps)  (ps)   (ps)  
#------------------------------------------------------------------------------------
  y_out_reg[0][6]/CK -       -     R     (arrival)           281     0     0       0 
  y_out_reg[0][6]/Q  -       CK->Q F     SDFFRPQ_X1M_A9TL      1    68   311     311 
  y_out[0][6]        -       -     F     (port)                -     -     0     311 
#------------------------------------------------------------------------------------



Path 9: MET (1874 ps) Late External Delay Assertion at pin y_out[0][7]
          Group: reg2out
     Startpoint: (R) y_out_reg[0][7]/CK
          Clock: (R) clk
       Endpoint: (F) y_out[0][7]
          Clock: (R) clk

                     Capture       Launch     
        Clock Edge:+    3300            0     
       Src Latency:+       0            0     
       Net Latency:+       0 (I)        0 (I) 
           Arrival:=    3300            0     
                                              
      Output Delay:-     990                  
       Uncertainty:-     125                  
     Required Time:=    2185                  
      Launch Clock:-       0                  
         Data Path:-     311                  
             Slack:=    1874                  

Exceptions/Constraints:
  output_delay             990             dut.sdc_line_17_187_1   

#------------------------------------------------------------------------------------
#   Timing Point     Flags   Arc   Edge       Cell        Fanout Trans Delay Arrival 
#                                                                 (ps)  (ps)   (ps)  
#------------------------------------------------------------------------------------
  y_out_reg[0][7]/CK -       -     R     (arrival)           281     0     0       0 
  y_out_reg[0][7]/Q  -       CK->Q F     SDFFRPQ_X1M_A9TL      1    68   311     311 
  y_out[0][7]        -       -     F     (port)                -     -     0     311 
#------------------------------------------------------------------------------------



Path 10: MET (1874 ps) Late External Delay Assertion at pin y_out[1][0]
          Group: reg2out
     Startpoint: (R) y_out_reg[1][0]/CK
          Clock: (R) clk
       Endpoint: (F) y_out[1][0]
          Clock: (R) clk

                     Capture       Launch     
        Clock Edge:+    3300            0     
       Src Latency:+       0            0     
       Net Latency:+       0 (I)        0 (I) 
           Arrival:=    3300            0     
                                              
      Output Delay:-     990                  
       Uncertainty:-     125                  
     Required Time:=    2185                  
      Launch Clock:-       0                  
         Data Path:-     311                  
             Slack:=    1874                  

Exceptions/Constraints:
  output_delay             990             dut.sdc_line_17_186_1   

#------------------------------------------------------------------------------------
#   Timing Point     Flags   Arc   Edge       Cell        Fanout Trans Delay Arrival 
#                                                                 (ps)  (ps)   (ps)  
#------------------------------------------------------------------------------------
  y_out_reg[1][0]/CK -       -     R     (arrival)           281     0     0       0 
  y_out_reg[1][0]/Q  -       CK->Q F     SDFFRPQ_X1M_A9TL      1    68   311     311 
  y_out[1][0]        -       -     F     (port)                -     -     0     311 
#------------------------------------------------------------------------------------



Path 11: MET (1874 ps) Late External Delay Assertion at pin y_out[1][1]
          Group: reg2out
     Startpoint: (R) y_out_reg[1][1]/CK
          Clock: (R) clk
       Endpoint: (F) y_out[1][1]
          Clock: (R) clk

                     Capture       Launch     
        Clock Edge:+    3300            0     
       Src Latency:+       0            0     
       Net Latency:+       0 (I)        0 (I) 
           Arrival:=    3300            0     
                                              
      Output Delay:-     990                  
       Uncertainty:-     125                  
     Required Time:=    2185                  
      Launch Clock:-       0                  
         Data Path:-     311                  
             Slack:=    1874                  

Exceptions/Constraints:
  output_delay             990             dut.sdc_line_17_185_1   

#------------------------------------------------------------------------------------
#   Timing Point     Flags   Arc   Edge       Cell        Fanout Trans Delay Arrival 
#                                                                 (ps)  (ps)   (ps)  
#------------------------------------------------------------------------------------
  y_out_reg[1][1]/CK -       -     R     (arrival)           281     0     0       0 
  y_out_reg[1][1]/Q  -       CK->Q F     SDFFRPQ_X1M_A9TL      1    68   311     311 
  y_out[1][1]        -       -     F     (port)                -     -     0     311 
#------------------------------------------------------------------------------------



Path 12: MET (1874 ps) Late External Delay Assertion at pin y_out[1][2]
          Group: reg2out
     Startpoint: (R) y_out_reg[1][2]/CK
          Clock: (R) clk
       Endpoint: (F) y_out[1][2]
          Clock: (R) clk

                     Capture       Launch     
        Clock Edge:+    3300            0     
       Src Latency:+       0            0     
       Net Latency:+       0 (I)        0 (I) 
           Arrival:=    3300            0     
                                              
      Output Delay:-     990                  
       Uncertainty:-     125                  
     Required Time:=    2185                  
      Launch Clock:-       0                  
         Data Path:-     311                  
             Slack:=    1874                  

Exceptions/Constraints:
  output_delay             990             dut.sdc_line_17_184_1   

#------------------------------------------------------------------------------------
#   Timing Point     Flags   Arc   Edge       Cell        Fanout Trans Delay Arrival 
#                                                                 (ps)  (ps)   (ps)  
#------------------------------------------------------------------------------------
  y_out_reg[1][2]/CK -       -     R     (arrival)           281     0     0       0 
  y_out_reg[1][2]/Q  -       CK->Q F     SDFFRPQ_X1M_A9TL      1    68   311     311 
  y_out[1][2]        -       -     F     (port)                -     -     0     311 
#------------------------------------------------------------------------------------



Path 13: MET (1874 ps) Late External Delay Assertion at pin y_out[1][3]
          Group: reg2out
     Startpoint: (R) y_out_reg[1][3]/CK
          Clock: (R) clk
       Endpoint: (F) y_out[1][3]
          Clock: (R) clk

                     Capture       Launch     
        Clock Edge:+    3300            0     
       Src Latency:+       0            0     
       Net Latency:+       0 (I)        0 (I) 
           Arrival:=    3300            0     
                                              
      Output Delay:-     990                  
       Uncertainty:-     125                  
     Required Time:=    2185                  
      Launch Clock:-       0                  
         Data Path:-     311                  
             Slack:=    1874                  

Exceptions/Constraints:
  output_delay             990             dut.sdc_line_17_183_1   

#------------------------------------------------------------------------------------
#   Timing Point     Flags   Arc   Edge       Cell        Fanout Trans Delay Arrival 
#                                                                 (ps)  (ps)   (ps)  
#------------------------------------------------------------------------------------
  y_out_reg[1][3]/CK -       -     R     (arrival)           281     0     0       0 
  y_out_reg[1][3]/Q  -       CK->Q F     SDFFRPQ_X1M_A9TL      1    68   311     311 
  y_out[1][3]        -       -     F     (port)                -     -     0     311 
#------------------------------------------------------------------------------------



Path 14: MET (1874 ps) Late External Delay Assertion at pin y_out[1][4]
          Group: reg2out
     Startpoint: (R) y_out_reg[1][4]/CK
          Clock: (R) clk
       Endpoint: (F) y_out[1][4]
          Clock: (R) clk

                     Capture       Launch     
        Clock Edge:+    3300            0     
       Src Latency:+       0            0     
       Net Latency:+       0 (I)        0 (I) 
           Arrival:=    3300            0     
                                              
      Output Delay:-     990                  
       Uncertainty:-     125                  
     Required Time:=    2185                  
      Launch Clock:-       0                  
         Data Path:-     311                  
             Slack:=    1874                  

Exceptions/Constraints:
  output_delay             990             dut.sdc_line_17_182_1   

#------------------------------------------------------------------------------------
#   Timing Point     Flags   Arc   Edge       Cell        Fanout Trans Delay Arrival 
#                                                                 (ps)  (ps)   (ps)  
#------------------------------------------------------------------------------------
  y_out_reg[1][4]/CK -       -     R     (arrival)           281     0     0       0 
  y_out_reg[1][4]/Q  -       CK->Q F     SDFFRPQ_X1M_A9TL      1    68   311     311 
  y_out[1][4]        -       -     F     (port)                -     -     0     311 
#------------------------------------------------------------------------------------



Path 15: MET (1874 ps) Late External Delay Assertion at pin y_out[1][5]
          Group: reg2out
     Startpoint: (R) y_out_reg[1][5]/CK
          Clock: (R) clk
       Endpoint: (F) y_out[1][5]
          Clock: (R) clk

                     Capture       Launch     
        Clock Edge:+    3300            0     
       Src Latency:+       0            0     
       Net Latency:+       0 (I)        0 (I) 
           Arrival:=    3300            0     
                                              
      Output Delay:-     990                  
       Uncertainty:-     125                  
     Required Time:=    2185                  
      Launch Clock:-       0                  
         Data Path:-     311                  
             Slack:=    1874                  

Exceptions/Constraints:
  output_delay             990             dut.sdc_line_17_181_1   

#------------------------------------------------------------------------------------
#   Timing Point     Flags   Arc   Edge       Cell        Fanout Trans Delay Arrival 
#                                                                 (ps)  (ps)   (ps)  
#------------------------------------------------------------------------------------
  y_out_reg[1][5]/CK -       -     R     (arrival)           281     0     0       0 
  y_out_reg[1][5]/Q  -       CK->Q F     SDFFRPQ_X1M_A9TL      1    68   311     311 
  y_out[1][5]        -       -     F     (port)                -     -     0     311 
#------------------------------------------------------------------------------------



Path 16: MET (1874 ps) Late External Delay Assertion at pin y_out[1][6]
          Group: reg2out
     Startpoint: (R) y_out_reg[1][6]/CK
          Clock: (R) clk
       Endpoint: (F) y_out[1][6]
          Clock: (R) clk

                     Capture       Launch     
        Clock Edge:+    3300            0     
       Src Latency:+       0            0     
       Net Latency:+       0 (I)        0 (I) 
           Arrival:=    3300            0     
                                              
      Output Delay:-     990                  
       Uncertainty:-     125                  
     Required Time:=    2185                  
      Launch Clock:-       0                  
         Data Path:-     311                  
             Slack:=    1874                  

Exceptions/Constraints:
  output_delay             990             dut.sdc_line_17_180_1   

#------------------------------------------------------------------------------------
#   Timing Point     Flags   Arc   Edge       Cell        Fanout Trans Delay Arrival 
#                                                                 (ps)  (ps)   (ps)  
#------------------------------------------------------------------------------------
  y_out_reg[1][6]/CK -       -     R     (arrival)           281     0     0       0 
  y_out_reg[1][6]/Q  -       CK->Q F     SDFFRPQ_X1M_A9TL      1    68   311     311 
  y_out[1][6]        -       -     F     (port)                -     -     0     311 
#------------------------------------------------------------------------------------



Path 17: MET (1874 ps) Late External Delay Assertion at pin y_out[1][7]
          Group: reg2out
     Startpoint: (R) y_out_reg[1][7]/CK
          Clock: (R) clk
       Endpoint: (F) y_out[1][7]
          Clock: (R) clk

                     Capture       Launch     
        Clock Edge:+    3300            0     
       Src Latency:+       0            0     
       Net Latency:+       0 (I)        0 (I) 
           Arrival:=    3300            0     
                                              
      Output Delay:-     990                  
       Uncertainty:-     125                  
     Required Time:=    2185                  
      Launch Clock:-       0                  
         Data Path:-     311                  
             Slack:=    1874                  

Exceptions/Constraints:
  output_delay             990             dut.sdc_line_17_179_1   

#------------------------------------------------------------------------------------
#   Timing Point     Flags   Arc   Edge       Cell        Fanout Trans Delay Arrival 
#                                                                 (ps)  (ps)   (ps)  
#------------------------------------------------------------------------------------
  y_out_reg[1][7]/CK -       -     R     (arrival)           281     0     0       0 
  y_out_reg[1][7]/Q  -       CK->Q F     SDFFRPQ_X1M_A9TL      1    68   311     311 
  y_out[1][7]        -       -     F     (port)                -     -     0     311 
#------------------------------------------------------------------------------------



Path 18: MET (1874 ps) Late External Delay Assertion at pin y_out[2][0]
          Group: reg2out
     Startpoint: (R) y_out_reg[2][0]/CK
          Clock: (R) clk
       Endpoint: (F) y_out[2][0]
          Clock: (R) clk

                     Capture       Launch     
        Clock Edge:+    3300            0     
       Src Latency:+       0            0     
       Net Latency:+       0 (I)        0 (I) 
           Arrival:=    3300            0     
                                              
      Output Delay:-     990                  
       Uncertainty:-     125                  
     Required Time:=    2185                  
      Launch Clock:-       0                  
         Data Path:-     311                  
             Slack:=    1874                  

Exceptions/Constraints:
  output_delay             990             dut.sdc_line_17_178_1   

#------------------------------------------------------------------------------------
#   Timing Point     Flags   Arc   Edge       Cell        Fanout Trans Delay Arrival 
#                                                                 (ps)  (ps)   (ps)  
#------------------------------------------------------------------------------------
  y_out_reg[2][0]/CK -       -     R     (arrival)           281     0     0       0 
  y_out_reg[2][0]/Q  -       CK->Q F     SDFFRPQ_X1M_A9TL      1    68   311     311 
  y_out[2][0]        -       -     F     (port)                -     -     0     311 
#------------------------------------------------------------------------------------



Path 19: MET (1874 ps) Late External Delay Assertion at pin y_out[2][1]
          Group: reg2out
     Startpoint: (R) y_out_reg[2][1]/CK
          Clock: (R) clk
       Endpoint: (F) y_out[2][1]
          Clock: (R) clk

                     Capture       Launch     
        Clock Edge:+    3300            0     
       Src Latency:+       0            0     
       Net Latency:+       0 (I)        0 (I) 
           Arrival:=    3300            0     
                                              
      Output Delay:-     990                  
       Uncertainty:-     125                  
     Required Time:=    2185                  
      Launch Clock:-       0                  
         Data Path:-     311                  
             Slack:=    1874                  

Exceptions/Constraints:
  output_delay             990             dut.sdc_line_17_177_1   

#------------------------------------------------------------------------------------
#   Timing Point     Flags   Arc   Edge       Cell        Fanout Trans Delay Arrival 
#                                                                 (ps)  (ps)   (ps)  
#------------------------------------------------------------------------------------
  y_out_reg[2][1]/CK -       -     R     (arrival)           281     0     0       0 
  y_out_reg[2][1]/Q  -       CK->Q F     SDFFRPQ_X1M_A9TL      1    68   311     311 
  y_out[2][1]        -       -     F     (port)                -     -     0     311 
#------------------------------------------------------------------------------------



Path 20: MET (1874 ps) Late External Delay Assertion at pin y_out[2][2]
          Group: reg2out
     Startpoint: (R) y_out_reg[2][2]/CK
          Clock: (R) clk
       Endpoint: (F) y_out[2][2]
          Clock: (R) clk

                     Capture       Launch     
        Clock Edge:+    3300            0     
       Src Latency:+       0            0     
       Net Latency:+       0 (I)        0 (I) 
           Arrival:=    3300            0     
                                              
      Output Delay:-     990                  
       Uncertainty:-     125                  
     Required Time:=    2185                  
      Launch Clock:-       0                  
         Data Path:-     311                  
             Slack:=    1874                  

Exceptions/Constraints:
  output_delay             990             dut.sdc_line_17_176_1   

#------------------------------------------------------------------------------------
#   Timing Point     Flags   Arc   Edge       Cell        Fanout Trans Delay Arrival 
#                                                                 (ps)  (ps)   (ps)  
#------------------------------------------------------------------------------------
  y_out_reg[2][2]/CK -       -     R     (arrival)           281     0     0       0 
  y_out_reg[2][2]/Q  -       CK->Q F     SDFFRPQ_X1M_A9TL      1    68   311     311 
  y_out[2][2]        -       -     F     (port)                -     -     0     311 
#------------------------------------------------------------------------------------



Path 21: MET (1874 ps) Late External Delay Assertion at pin y_out[2][3]
          Group: reg2out
     Startpoint: (R) y_out_reg[2][3]/CK
          Clock: (R) clk
       Endpoint: (F) y_out[2][3]
          Clock: (R) clk

                     Capture       Launch     
        Clock Edge:+    3300            0     
       Src Latency:+       0            0     
       Net Latency:+       0 (I)        0 (I) 
           Arrival:=    3300            0     
                                              
      Output Delay:-     990                  
       Uncertainty:-     125                  
     Required Time:=    2185                  
      Launch Clock:-       0                  
         Data Path:-     311                  
             Slack:=    1874                  

Exceptions/Constraints:
  output_delay             990             dut.sdc_line_17_175_1   

#------------------------------------------------------------------------------------
#   Timing Point     Flags   Arc   Edge       Cell        Fanout Trans Delay Arrival 
#                                                                 (ps)  (ps)   (ps)  
#------------------------------------------------------------------------------------
  y_out_reg[2][3]/CK -       -     R     (arrival)           281     0     0       0 
  y_out_reg[2][3]/Q  -       CK->Q F     SDFFRPQ_X1M_A9TL      1    68   311     311 
  y_out[2][3]        -       -     F     (port)                -     -     0     311 
#------------------------------------------------------------------------------------



Path 22: MET (1874 ps) Late External Delay Assertion at pin y_out[2][4]
          Group: reg2out
     Startpoint: (R) y_out_reg[2][4]/CK
          Clock: (R) clk
       Endpoint: (F) y_out[2][4]
          Clock: (R) clk

                     Capture       Launch     
        Clock Edge:+    3300            0     
       Src Latency:+       0            0     
       Net Latency:+       0 (I)        0 (I) 
           Arrival:=    3300            0     
                                              
      Output Delay:-     990                  
       Uncertainty:-     125                  
     Required Time:=    2185                  
      Launch Clock:-       0                  
         Data Path:-     311                  
             Slack:=    1874                  

Exceptions/Constraints:
  output_delay             990             dut.sdc_line_17_174_1   

#------------------------------------------------------------------------------------
#   Timing Point     Flags   Arc   Edge       Cell        Fanout Trans Delay Arrival 
#                                                                 (ps)  (ps)   (ps)  
#------------------------------------------------------------------------------------
  y_out_reg[2][4]/CK -       -     R     (arrival)           281     0     0       0 
  y_out_reg[2][4]/Q  -       CK->Q F     SDFFRPQ_X1M_A9TL      1    68   311     311 
  y_out[2][4]        -       -     F     (port)                -     -     0     311 
#------------------------------------------------------------------------------------



Path 23: MET (1874 ps) Late External Delay Assertion at pin y_out[2][5]
          Group: reg2out
     Startpoint: (R) y_out_reg[2][5]/CK
          Clock: (R) clk
       Endpoint: (F) y_out[2][5]
          Clock: (R) clk

                     Capture       Launch     
        Clock Edge:+    3300            0     
       Src Latency:+       0            0     
       Net Latency:+       0 (I)        0 (I) 
           Arrival:=    3300            0     
                                              
      Output Delay:-     990                  
       Uncertainty:-     125                  
     Required Time:=    2185                  
      Launch Clock:-       0                  
         Data Path:-     311                  
             Slack:=    1874                  

Exceptions/Constraints:
  output_delay             990             dut.sdc_line_17_173_1   

#------------------------------------------------------------------------------------
#   Timing Point     Flags   Arc   Edge       Cell        Fanout Trans Delay Arrival 
#                                                                 (ps)  (ps)   (ps)  
#------------------------------------------------------------------------------------
  y_out_reg[2][5]/CK -       -     R     (arrival)           281     0     0       0 
  y_out_reg[2][5]/Q  -       CK->Q F     SDFFRPQ_X1M_A9TL      1    68   311     311 
  y_out[2][5]        -       -     F     (port)                -     -     0     311 
#------------------------------------------------------------------------------------



Path 24: MET (1874 ps) Late External Delay Assertion at pin y_out[2][6]
          Group: reg2out
     Startpoint: (R) y_out_reg[2][6]/CK
          Clock: (R) clk
       Endpoint: (F) y_out[2][6]
          Clock: (R) clk

                     Capture       Launch     
        Clock Edge:+    3300            0     
       Src Latency:+       0            0     
       Net Latency:+       0 (I)        0 (I) 
           Arrival:=    3300            0     
                                              
      Output Delay:-     990                  
       Uncertainty:-     125                  
     Required Time:=    2185                  
      Launch Clock:-       0                  
         Data Path:-     311                  
             Slack:=    1874                  

Exceptions/Constraints:
  output_delay             990             dut.sdc_line_17_172_1   

#------------------------------------------------------------------------------------
#   Timing Point     Flags   Arc   Edge       Cell        Fanout Trans Delay Arrival 
#                                                                 (ps)  (ps)   (ps)  
#------------------------------------------------------------------------------------
  y_out_reg[2][6]/CK -       -     R     (arrival)           281     0     0       0 
  y_out_reg[2][6]/Q  -       CK->Q F     SDFFRPQ_X1M_A9TL      1    68   311     311 
  y_out[2][6]        -       -     F     (port)                -     -     0     311 
#------------------------------------------------------------------------------------



Path 25: MET (1874 ps) Late External Delay Assertion at pin y_out[2][7]
          Group: reg2out
     Startpoint: (R) y_out_reg[2][7]/CK
          Clock: (R) clk
       Endpoint: (F) y_out[2][7]
          Clock: (R) clk

                     Capture       Launch     
        Clock Edge:+    3300            0     
       Src Latency:+       0            0     
       Net Latency:+       0 (I)        0 (I) 
           Arrival:=    3300            0     
                                              
      Output Delay:-     990                  
       Uncertainty:-     125                  
     Required Time:=    2185                  
      Launch Clock:-       0                  
         Data Path:-     311                  
             Slack:=    1874                  

Exceptions/Constraints:
  output_delay             990             dut.sdc_line_17_171_1   

#------------------------------------------------------------------------------------
#   Timing Point     Flags   Arc   Edge       Cell        Fanout Trans Delay Arrival 
#                                                                 (ps)  (ps)   (ps)  
#------------------------------------------------------------------------------------
  y_out_reg[2][7]/CK -       -     R     (arrival)           281     0     0       0 
  y_out_reg[2][7]/Q  -       CK->Q F     SDFFRPQ_X1M_A9TL      1    68   311     311 
  y_out[2][7]        -       -     F     (port)                -     -     0     311 
#------------------------------------------------------------------------------------



Path 26: MET (1874 ps) Late External Delay Assertion at pin y_out[3][0]
          Group: reg2out
     Startpoint: (R) y_out_reg[3][0]/CK
          Clock: (R) clk
       Endpoint: (F) y_out[3][0]
          Clock: (R) clk

                     Capture       Launch     
        Clock Edge:+    3300            0     
       Src Latency:+       0            0     
       Net Latency:+       0 (I)        0 (I) 
           Arrival:=    3300            0     
                                              
      Output Delay:-     990                  
       Uncertainty:-     125                  
     Required Time:=    2185                  
      Launch Clock:-       0                  
         Data Path:-     311                  
             Slack:=    1874                  

Exceptions/Constraints:
  output_delay             990             dut.sdc_line_17_170_1   

#------------------------------------------------------------------------------------
#   Timing Point     Flags   Arc   Edge       Cell        Fanout Trans Delay Arrival 
#                                                                 (ps)  (ps)   (ps)  
#------------------------------------------------------------------------------------
  y_out_reg[3][0]/CK -       -     R     (arrival)           281     0     0       0 
  y_out_reg[3][0]/Q  -       CK->Q F     SDFFRPQ_X1M_A9TL      1    68   311     311 
  y_out[3][0]        -       -     F     (port)                -     -     0     311 
#------------------------------------------------------------------------------------



Path 27: MET (1874 ps) Late External Delay Assertion at pin y_out[3][1]
          Group: reg2out
     Startpoint: (R) y_out_reg[3][1]/CK
          Clock: (R) clk
       Endpoint: (F) y_out[3][1]
          Clock: (R) clk

                     Capture       Launch     
        Clock Edge:+    3300            0     
       Src Latency:+       0            0     
       Net Latency:+       0 (I)        0 (I) 
           Arrival:=    3300            0     
                                              
      Output Delay:-     990                  
       Uncertainty:-     125                  
     Required Time:=    2185                  
      Launch Clock:-       0                  
         Data Path:-     311                  
             Slack:=    1874                  

Exceptions/Constraints:
  output_delay             990             dut.sdc_line_17_169_1   

#------------------------------------------------------------------------------------
#   Timing Point     Flags   Arc   Edge       Cell        Fanout Trans Delay Arrival 
#                                                                 (ps)  (ps)   (ps)  
#------------------------------------------------------------------------------------
  y_out_reg[3][1]/CK -       -     R     (arrival)           281     0     0       0 
  y_out_reg[3][1]/Q  -       CK->Q F     SDFFRPQ_X1M_A9TL      1    68   311     311 
  y_out[3][1]        -       -     F     (port)                -     -     0     311 
#------------------------------------------------------------------------------------



Path 28: MET (1874 ps) Late External Delay Assertion at pin y_out[3][2]
          Group: reg2out
     Startpoint: (R) y_out_reg[3][2]/CK
          Clock: (R) clk
       Endpoint: (F) y_out[3][2]
          Clock: (R) clk

                     Capture       Launch     
        Clock Edge:+    3300            0     
       Src Latency:+       0            0     
       Net Latency:+       0 (I)        0 (I) 
           Arrival:=    3300            0     
                                              
      Output Delay:-     990                  
       Uncertainty:-     125                  
     Required Time:=    2185                  
      Launch Clock:-       0                  
         Data Path:-     311                  
             Slack:=    1874                  

Exceptions/Constraints:
  output_delay             990             dut.sdc_line_17_168_1   

#------------------------------------------------------------------------------------
#   Timing Point     Flags   Arc   Edge       Cell        Fanout Trans Delay Arrival 
#                                                                 (ps)  (ps)   (ps)  
#------------------------------------------------------------------------------------
  y_out_reg[3][2]/CK -       -     R     (arrival)           281     0     0       0 
  y_out_reg[3][2]/Q  -       CK->Q F     SDFFRPQ_X1M_A9TL      1    68   311     311 
  y_out[3][2]        -       -     F     (port)                -     -     0     311 
#------------------------------------------------------------------------------------



Path 29: MET (1874 ps) Late External Delay Assertion at pin y_out[3][3]
          Group: reg2out
     Startpoint: (R) y_out_reg[3][3]/CK
          Clock: (R) clk
       Endpoint: (F) y_out[3][3]
          Clock: (R) clk

                     Capture       Launch     
        Clock Edge:+    3300            0     
       Src Latency:+       0            0     
       Net Latency:+       0 (I)        0 (I) 
           Arrival:=    3300            0     
                                              
      Output Delay:-     990                  
       Uncertainty:-     125                  
     Required Time:=    2185                  
      Launch Clock:-       0                  
         Data Path:-     311                  
             Slack:=    1874                  

Exceptions/Constraints:
  output_delay             990             dut.sdc_line_17_167_1   

#------------------------------------------------------------------------------------
#   Timing Point     Flags   Arc   Edge       Cell        Fanout Trans Delay Arrival 
#                                                                 (ps)  (ps)   (ps)  
#------------------------------------------------------------------------------------
  y_out_reg[3][3]/CK -       -     R     (arrival)           281     0     0       0 
  y_out_reg[3][3]/Q  -       CK->Q F     SDFFRPQ_X1M_A9TL      1    68   311     311 
  y_out[3][3]        -       -     F     (port)                -     -     0     311 
#------------------------------------------------------------------------------------



Path 30: MET (1874 ps) Late External Delay Assertion at pin y_out[3][4]
          Group: reg2out
     Startpoint: (R) y_out_reg[3][4]/CK
          Clock: (R) clk
       Endpoint: (F) y_out[3][4]
          Clock: (R) clk

                     Capture       Launch     
        Clock Edge:+    3300            0     
       Src Latency:+       0            0     
       Net Latency:+       0 (I)        0 (I) 
           Arrival:=    3300            0     
                                              
      Output Delay:-     990                  
       Uncertainty:-     125                  
     Required Time:=    2185                  
      Launch Clock:-       0                  
         Data Path:-     311                  
             Slack:=    1874                  

Exceptions/Constraints:
  output_delay             990             dut.sdc_line_17_166_1   

#------------------------------------------------------------------------------------
#   Timing Point     Flags   Arc   Edge       Cell        Fanout Trans Delay Arrival 
#                                                                 (ps)  (ps)   (ps)  
#------------------------------------------------------------------------------------
  y_out_reg[3][4]/CK -       -     R     (arrival)           281     0     0       0 
  y_out_reg[3][4]/Q  -       CK->Q F     SDFFRPQ_X1M_A9TL      1    68   311     311 
  y_out[3][4]        -       -     F     (port)                -     -     0     311 
#------------------------------------------------------------------------------------



Path 31: MET (1874 ps) Late External Delay Assertion at pin y_out[3][5]
          Group: reg2out
     Startpoint: (R) y_out_reg[3][5]/CK
          Clock: (R) clk
       Endpoint: (F) y_out[3][5]
          Clock: (R) clk

                     Capture       Launch     
        Clock Edge:+    3300            0     
       Src Latency:+       0            0     
       Net Latency:+       0 (I)        0 (I) 
           Arrival:=    3300            0     
                                              
      Output Delay:-     990                  
       Uncertainty:-     125                  
     Required Time:=    2185                  
      Launch Clock:-       0                  
         Data Path:-     311                  
             Slack:=    1874                  

Exceptions/Constraints:
  output_delay             990             dut.sdc_line_17_165_1   

#------------------------------------------------------------------------------------
#   Timing Point     Flags   Arc   Edge       Cell        Fanout Trans Delay Arrival 
#                                                                 (ps)  (ps)   (ps)  
#------------------------------------------------------------------------------------
  y_out_reg[3][5]/CK -       -     R     (arrival)           281     0     0       0 
  y_out_reg[3][5]/Q  -       CK->Q F     SDFFRPQ_X1M_A9TL      1    68   311     311 
  y_out[3][5]        -       -     F     (port)                -     -     0     311 
#------------------------------------------------------------------------------------



Path 32: MET (1874 ps) Late External Delay Assertion at pin y_out[3][6]
          Group: reg2out
     Startpoint: (R) y_out_reg[3][6]/CK
          Clock: (R) clk
       Endpoint: (F) y_out[3][6]
          Clock: (R) clk

                     Capture       Launch     
        Clock Edge:+    3300            0     
       Src Latency:+       0            0     
       Net Latency:+       0 (I)        0 (I) 
           Arrival:=    3300            0     
                                              
      Output Delay:-     990                  
       Uncertainty:-     125                  
     Required Time:=    2185                  
      Launch Clock:-       0                  
         Data Path:-     311                  
             Slack:=    1874                  

Exceptions/Constraints:
  output_delay             990             dut.sdc_line_17_164_1   

#------------------------------------------------------------------------------------
#   Timing Point     Flags   Arc   Edge       Cell        Fanout Trans Delay Arrival 
#                                                                 (ps)  (ps)   (ps)  
#------------------------------------------------------------------------------------
  y_out_reg[3][6]/CK -       -     R     (arrival)           281     0     0       0 
  y_out_reg[3][6]/Q  -       CK->Q F     SDFFRPQ_X1M_A9TL      1    68   311     311 
  y_out[3][6]        -       -     F     (port)                -     -     0     311 
#------------------------------------------------------------------------------------



Path 33: MET (1874 ps) Late External Delay Assertion at pin y_out[3][7]
          Group: reg2out
     Startpoint: (R) y_out_reg[3][7]/CK
          Clock: (R) clk
       Endpoint: (F) y_out[3][7]
          Clock: (R) clk

                     Capture       Launch     
        Clock Edge:+    3300            0     
       Src Latency:+       0            0     
       Net Latency:+       0 (I)        0 (I) 
           Arrival:=    3300            0     
                                              
      Output Delay:-     990                  
       Uncertainty:-     125                  
     Required Time:=    2185                  
      Launch Clock:-       0                  
         Data Path:-     311                  
             Slack:=    1874                  

Exceptions/Constraints:
  output_delay             990             dut.sdc_line_17_163_1   

#------------------------------------------------------------------------------------
#   Timing Point     Flags   Arc   Edge       Cell        Fanout Trans Delay Arrival 
#                                                                 (ps)  (ps)   (ps)  
#------------------------------------------------------------------------------------
  y_out_reg[3][7]/CK -       -     R     (arrival)           281     0     0       0 
  y_out_reg[3][7]/Q  -       CK->Q F     SDFFRPQ_X1M_A9TL      1    68   311     311 
  y_out[3][7]        -       -     F     (port)                -     -     0     311 
#------------------------------------------------------------------------------------



Path 34: MET (1874 ps) Late External Delay Assertion at pin y_out[4][0]
          Group: reg2out
     Startpoint: (R) y_out_reg[4][0]/CK
          Clock: (R) clk
       Endpoint: (F) y_out[4][0]
          Clock: (R) clk

                     Capture       Launch     
        Clock Edge:+    3300            0     
       Src Latency:+       0            0     
       Net Latency:+       0 (I)        0 (I) 
           Arrival:=    3300            0     
                                              
      Output Delay:-     990                  
       Uncertainty:-     125                  
     Required Time:=    2185                  
      Launch Clock:-       0                  
         Data Path:-     311                  
             Slack:=    1874                  

Exceptions/Constraints:
  output_delay             990             dut.sdc_line_17_162_1   

#------------------------------------------------------------------------------------
#   Timing Point     Flags   Arc   Edge       Cell        Fanout Trans Delay Arrival 
#                                                                 (ps)  (ps)   (ps)  
#------------------------------------------------------------------------------------
  y_out_reg[4][0]/CK -       -     R     (arrival)           281     0     0       0 
  y_out_reg[4][0]/Q  -       CK->Q F     SDFFRPQ_X1M_A9TL      1    68   311     311 
  y_out[4][0]        -       -     F     (port)                -     -     0     311 
#------------------------------------------------------------------------------------



Path 35: MET (1874 ps) Late External Delay Assertion at pin y_out[4][1]
          Group: reg2out
     Startpoint: (R) y_out_reg[4][1]/CK
          Clock: (R) clk
       Endpoint: (F) y_out[4][1]
          Clock: (R) clk

                     Capture       Launch     
        Clock Edge:+    3300            0     
       Src Latency:+       0            0     
       Net Latency:+       0 (I)        0 (I) 
           Arrival:=    3300            0     
                                              
      Output Delay:-     990                  
       Uncertainty:-     125                  
     Required Time:=    2185                  
      Launch Clock:-       0                  
         Data Path:-     311                  
             Slack:=    1874                  

Exceptions/Constraints:
  output_delay             990             dut.sdc_line_17_161_1   

#------------------------------------------------------------------------------------
#   Timing Point     Flags   Arc   Edge       Cell        Fanout Trans Delay Arrival 
#                                                                 (ps)  (ps)   (ps)  
#------------------------------------------------------------------------------------
  y_out_reg[4][1]/CK -       -     R     (arrival)           281     0     0       0 
  y_out_reg[4][1]/Q  -       CK->Q F     SDFFRPQ_X1M_A9TL      1    68   311     311 
  y_out[4][1]        -       -     F     (port)                -     -     0     311 
#------------------------------------------------------------------------------------



Path 36: MET (1874 ps) Late External Delay Assertion at pin y_out[4][2]
          Group: reg2out
     Startpoint: (R) y_out_reg[4][2]/CK
          Clock: (R) clk
       Endpoint: (F) y_out[4][2]
          Clock: (R) clk

                     Capture       Launch     
        Clock Edge:+    3300            0     
       Src Latency:+       0            0     
       Net Latency:+       0 (I)        0 (I) 
           Arrival:=    3300            0     
                                              
      Output Delay:-     990                  
       Uncertainty:-     125                  
     Required Time:=    2185                  
      Launch Clock:-       0                  
         Data Path:-     311                  
             Slack:=    1874                  

Exceptions/Constraints:
  output_delay             990             dut.sdc_line_17_160_1   

#------------------------------------------------------------------------------------
#   Timing Point     Flags   Arc   Edge       Cell        Fanout Trans Delay Arrival 
#                                                                 (ps)  (ps)   (ps)  
#------------------------------------------------------------------------------------
  y_out_reg[4][2]/CK -       -     R     (arrival)           281     0     0       0 
  y_out_reg[4][2]/Q  -       CK->Q F     SDFFRPQ_X1M_A9TL      1    68   311     311 
  y_out[4][2]        -       -     F     (port)                -     -     0     311 
#------------------------------------------------------------------------------------



Path 37: MET (1874 ps) Late External Delay Assertion at pin y_out[4][3]
          Group: reg2out
     Startpoint: (R) y_out_reg[4][3]/CK
          Clock: (R) clk
       Endpoint: (F) y_out[4][3]
          Clock: (R) clk

                     Capture       Launch     
        Clock Edge:+    3300            0     
       Src Latency:+       0            0     
       Net Latency:+       0 (I)        0 (I) 
           Arrival:=    3300            0     
                                              
      Output Delay:-     990                  
       Uncertainty:-     125                  
     Required Time:=    2185                  
      Launch Clock:-       0                  
         Data Path:-     311                  
             Slack:=    1874                  

Exceptions/Constraints:
  output_delay             990             dut.sdc_line_17_159_1   

#------------------------------------------------------------------------------------
#   Timing Point     Flags   Arc   Edge       Cell        Fanout Trans Delay Arrival 
#                                                                 (ps)  (ps)   (ps)  
#------------------------------------------------------------------------------------
  y_out_reg[4][3]/CK -       -     R     (arrival)           281     0     0       0 
  y_out_reg[4][3]/Q  -       CK->Q F     SDFFRPQ_X1M_A9TL      1    68   311     311 
  y_out[4][3]        -       -     F     (port)                -     -     0     311 
#------------------------------------------------------------------------------------



Path 38: MET (1874 ps) Late External Delay Assertion at pin y_out[4][4]
          Group: reg2out
     Startpoint: (R) y_out_reg[4][4]/CK
          Clock: (R) clk
       Endpoint: (F) y_out[4][4]
          Clock: (R) clk

                     Capture       Launch     
        Clock Edge:+    3300            0     
       Src Latency:+       0            0     
       Net Latency:+       0 (I)        0 (I) 
           Arrival:=    3300            0     
                                              
      Output Delay:-     990                  
       Uncertainty:-     125                  
     Required Time:=    2185                  
      Launch Clock:-       0                  
         Data Path:-     311                  
             Slack:=    1874                  

Exceptions/Constraints:
  output_delay             990             dut.sdc_line_17_158_1   

#------------------------------------------------------------------------------------
#   Timing Point     Flags   Arc   Edge       Cell        Fanout Trans Delay Arrival 
#                                                                 (ps)  (ps)   (ps)  
#------------------------------------------------------------------------------------
  y_out_reg[4][4]/CK -       -     R     (arrival)           281     0     0       0 
  y_out_reg[4][4]/Q  -       CK->Q F     SDFFRPQ_X1M_A9TL      1    68   311     311 
  y_out[4][4]        -       -     F     (port)                -     -     0     311 
#------------------------------------------------------------------------------------



Path 39: MET (1874 ps) Late External Delay Assertion at pin y_out[4][5]
          Group: reg2out
     Startpoint: (R) y_out_reg[4][5]/CK
          Clock: (R) clk
       Endpoint: (F) y_out[4][5]
          Clock: (R) clk

                     Capture       Launch     
        Clock Edge:+    3300            0     
       Src Latency:+       0            0     
       Net Latency:+       0 (I)        0 (I) 
           Arrival:=    3300            0     
                                              
      Output Delay:-     990                  
       Uncertainty:-     125                  
     Required Time:=    2185                  
      Launch Clock:-       0                  
         Data Path:-     311                  
             Slack:=    1874                  

Exceptions/Constraints:
  output_delay             990             dut.sdc_line_17_157_1   

#------------------------------------------------------------------------------------
#   Timing Point     Flags   Arc   Edge       Cell        Fanout Trans Delay Arrival 
#                                                                 (ps)  (ps)   (ps)  
#------------------------------------------------------------------------------------
  y_out_reg[4][5]/CK -       -     R     (arrival)           281     0     0       0 
  y_out_reg[4][5]/Q  -       CK->Q F     SDFFRPQ_X1M_A9TL      1    68   311     311 
  y_out[4][5]        -       -     F     (port)                -     -     0     311 
#------------------------------------------------------------------------------------



Path 40: MET (1874 ps) Late External Delay Assertion at pin y_out[4][6]
          Group: reg2out
     Startpoint: (R) y_out_reg[4][6]/CK
          Clock: (R) clk
       Endpoint: (F) y_out[4][6]
          Clock: (R) clk

                     Capture       Launch     
        Clock Edge:+    3300            0     
       Src Latency:+       0            0     
       Net Latency:+       0 (I)        0 (I) 
           Arrival:=    3300            0     
                                              
      Output Delay:-     990                  
       Uncertainty:-     125                  
     Required Time:=    2185                  
      Launch Clock:-       0                  
         Data Path:-     311                  
             Slack:=    1874                  

Exceptions/Constraints:
  output_delay             990             dut.sdc_line_17_156_1   

#------------------------------------------------------------------------------------
#   Timing Point     Flags   Arc   Edge       Cell        Fanout Trans Delay Arrival 
#                                                                 (ps)  (ps)   (ps)  
#------------------------------------------------------------------------------------
  y_out_reg[4][6]/CK -       -     R     (arrival)           281     0     0       0 
  y_out_reg[4][6]/Q  -       CK->Q F     SDFFRPQ_X1M_A9TL      1    68   311     311 
  y_out[4][6]        -       -     F     (port)                -     -     0     311 
#------------------------------------------------------------------------------------



Path 41: MET (1874 ps) Late External Delay Assertion at pin y_out[4][7]
          Group: reg2out
     Startpoint: (R) y_out_reg[4][7]/CK
          Clock: (R) clk
       Endpoint: (F) y_out[4][7]
          Clock: (R) clk

                     Capture       Launch     
        Clock Edge:+    3300            0     
       Src Latency:+       0            0     
       Net Latency:+       0 (I)        0 (I) 
           Arrival:=    3300            0     
                                              
      Output Delay:-     990                  
       Uncertainty:-     125                  
     Required Time:=    2185                  
      Launch Clock:-       0                  
         Data Path:-     311                  
             Slack:=    1874                  

Exceptions/Constraints:
  output_delay             990             dut.sdc_line_17_155_1   

#------------------------------------------------------------------------------------
#   Timing Point     Flags   Arc   Edge       Cell        Fanout Trans Delay Arrival 
#                                                                 (ps)  (ps)   (ps)  
#------------------------------------------------------------------------------------
  y_out_reg[4][7]/CK -       -     R     (arrival)           281     0     0       0 
  y_out_reg[4][7]/Q  -       CK->Q F     SDFFRPQ_X1M_A9TL      1    68   311     311 
  y_out[4][7]        -       -     F     (port)                -     -     0     311 
#------------------------------------------------------------------------------------



Path 42: MET (1874 ps) Late External Delay Assertion at pin y_out[5][0]
          Group: reg2out
     Startpoint: (R) y_out_reg[5][0]/CK
          Clock: (R) clk
       Endpoint: (F) y_out[5][0]
          Clock: (R) clk

                     Capture       Launch     
        Clock Edge:+    3300            0     
       Src Latency:+       0            0     
       Net Latency:+       0 (I)        0 (I) 
           Arrival:=    3300            0     
                                              
      Output Delay:-     990                  
       Uncertainty:-     125                  
     Required Time:=    2185                  
      Launch Clock:-       0                  
         Data Path:-     311                  
             Slack:=    1874                  

Exceptions/Constraints:
  output_delay             990             dut.sdc_line_17_154_1   

#------------------------------------------------------------------------------------
#   Timing Point     Flags   Arc   Edge       Cell        Fanout Trans Delay Arrival 
#                                                                 (ps)  (ps)   (ps)  
#------------------------------------------------------------------------------------
  y_out_reg[5][0]/CK -       -     R     (arrival)           281     0     0       0 
  y_out_reg[5][0]/Q  -       CK->Q F     SDFFRPQ_X1M_A9TL      1    68   311     311 
  y_out[5][0]        -       -     F     (port)                -     -     0     311 
#------------------------------------------------------------------------------------



Path 43: MET (1874 ps) Late External Delay Assertion at pin y_out[5][1]
          Group: reg2out
     Startpoint: (R) y_out_reg[5][1]/CK
          Clock: (R) clk
       Endpoint: (F) y_out[5][1]
          Clock: (R) clk

                     Capture       Launch     
        Clock Edge:+    3300            0     
       Src Latency:+       0            0     
       Net Latency:+       0 (I)        0 (I) 
           Arrival:=    3300            0     
                                              
      Output Delay:-     990                  
       Uncertainty:-     125                  
     Required Time:=    2185                  
      Launch Clock:-       0                  
         Data Path:-     311                  
             Slack:=    1874                  

Exceptions/Constraints:
  output_delay             990             dut.sdc_line_17_153_1   

#------------------------------------------------------------------------------------
#   Timing Point     Flags   Arc   Edge       Cell        Fanout Trans Delay Arrival 
#                                                                 (ps)  (ps)   (ps)  
#------------------------------------------------------------------------------------
  y_out_reg[5][1]/CK -       -     R     (arrival)           281     0     0       0 
  y_out_reg[5][1]/Q  -       CK->Q F     SDFFRPQ_X1M_A9TL      1    68   311     311 
  y_out[5][1]        -       -     F     (port)                -     -     0     311 
#------------------------------------------------------------------------------------



Path 44: MET (1874 ps) Late External Delay Assertion at pin y_out[5][2]
          Group: reg2out
     Startpoint: (R) y_out_reg[5][2]/CK
          Clock: (R) clk
       Endpoint: (F) y_out[5][2]
          Clock: (R) clk

                     Capture       Launch     
        Clock Edge:+    3300            0     
       Src Latency:+       0            0     
       Net Latency:+       0 (I)        0 (I) 
           Arrival:=    3300            0     
                                              
      Output Delay:-     990                  
       Uncertainty:-     125                  
     Required Time:=    2185                  
      Launch Clock:-       0                  
         Data Path:-     311                  
             Slack:=    1874                  

Exceptions/Constraints:
  output_delay             990             dut.sdc_line_17_152_1   

#------------------------------------------------------------------------------------
#   Timing Point     Flags   Arc   Edge       Cell        Fanout Trans Delay Arrival 
#                                                                 (ps)  (ps)   (ps)  
#------------------------------------------------------------------------------------
  y_out_reg[5][2]/CK -       -     R     (arrival)           281     0     0       0 
  y_out_reg[5][2]/Q  -       CK->Q F     SDFFRPQ_X1M_A9TL      1    68   311     311 
  y_out[5][2]        -       -     F     (port)                -     -     0     311 
#------------------------------------------------------------------------------------



Path 45: MET (1874 ps) Late External Delay Assertion at pin y_out[5][3]
          Group: reg2out
     Startpoint: (R) y_out_reg[5][3]/CK
          Clock: (R) clk
       Endpoint: (F) y_out[5][3]
          Clock: (R) clk

                     Capture       Launch     
        Clock Edge:+    3300            0     
       Src Latency:+       0            0     
       Net Latency:+       0 (I)        0 (I) 
           Arrival:=    3300            0     
                                              
      Output Delay:-     990                  
       Uncertainty:-     125                  
     Required Time:=    2185                  
      Launch Clock:-       0                  
         Data Path:-     311                  
             Slack:=    1874                  

Exceptions/Constraints:
  output_delay             990             dut.sdc_line_17_151_1   

#------------------------------------------------------------------------------------
#   Timing Point     Flags   Arc   Edge       Cell        Fanout Trans Delay Arrival 
#                                                                 (ps)  (ps)   (ps)  
#------------------------------------------------------------------------------------
  y_out_reg[5][3]/CK -       -     R     (arrival)           281     0     0       0 
  y_out_reg[5][3]/Q  -       CK->Q F     SDFFRPQ_X1M_A9TL      1    68   311     311 
  y_out[5][3]        -       -     F     (port)                -     -     0     311 
#------------------------------------------------------------------------------------



Path 46: MET (1874 ps) Late External Delay Assertion at pin y_out[5][4]
          Group: reg2out
     Startpoint: (R) y_out_reg[5][4]/CK
          Clock: (R) clk
       Endpoint: (F) y_out[5][4]
          Clock: (R) clk

                     Capture       Launch     
        Clock Edge:+    3300            0     
       Src Latency:+       0            0     
       Net Latency:+       0 (I)        0 (I) 
           Arrival:=    3300            0     
                                              
      Output Delay:-     990                  
       Uncertainty:-     125                  
     Required Time:=    2185                  
      Launch Clock:-       0                  
         Data Path:-     311                  
             Slack:=    1874                  

Exceptions/Constraints:
  output_delay             990             dut.sdc_line_17_150_1   

#------------------------------------------------------------------------------------
#   Timing Point     Flags   Arc   Edge       Cell        Fanout Trans Delay Arrival 
#                                                                 (ps)  (ps)   (ps)  
#------------------------------------------------------------------------------------
  y_out_reg[5][4]/CK -       -     R     (arrival)           281     0     0       0 
  y_out_reg[5][4]/Q  -       CK->Q F     SDFFRPQ_X1M_A9TL      1    68   311     311 
  y_out[5][4]        -       -     F     (port)                -     -     0     311 
#------------------------------------------------------------------------------------



Path 47: MET (1874 ps) Late External Delay Assertion at pin y_out[5][5]
          Group: reg2out
     Startpoint: (R) y_out_reg[5][5]/CK
          Clock: (R) clk
       Endpoint: (F) y_out[5][5]
          Clock: (R) clk

                     Capture       Launch     
        Clock Edge:+    3300            0     
       Src Latency:+       0            0     
       Net Latency:+       0 (I)        0 (I) 
           Arrival:=    3300            0     
                                              
      Output Delay:-     990                  
       Uncertainty:-     125                  
     Required Time:=    2185                  
      Launch Clock:-       0                  
         Data Path:-     311                  
             Slack:=    1874                  

Exceptions/Constraints:
  output_delay             990             dut.sdc_line_17_149_1   

#------------------------------------------------------------------------------------
#   Timing Point     Flags   Arc   Edge       Cell        Fanout Trans Delay Arrival 
#                                                                 (ps)  (ps)   (ps)  
#------------------------------------------------------------------------------------
  y_out_reg[5][5]/CK -       -     R     (arrival)           281     0     0       0 
  y_out_reg[5][5]/Q  -       CK->Q F     SDFFRPQ_X1M_A9TL      1    68   311     311 
  y_out[5][5]        -       -     F     (port)                -     -     0     311 
#------------------------------------------------------------------------------------



Path 48: MET (1874 ps) Late External Delay Assertion at pin y_out[5][6]
          Group: reg2out
     Startpoint: (R) y_out_reg[5][6]/CK
          Clock: (R) clk
       Endpoint: (F) y_out[5][6]
          Clock: (R) clk

                     Capture       Launch     
        Clock Edge:+    3300            0     
       Src Latency:+       0            0     
       Net Latency:+       0 (I)        0 (I) 
           Arrival:=    3300            0     
                                              
      Output Delay:-     990                  
       Uncertainty:-     125                  
     Required Time:=    2185                  
      Launch Clock:-       0                  
         Data Path:-     311                  
             Slack:=    1874                  

Exceptions/Constraints:
  output_delay             990             dut.sdc_line_17_148_1   

#------------------------------------------------------------------------------------
#   Timing Point     Flags   Arc   Edge       Cell        Fanout Trans Delay Arrival 
#                                                                 (ps)  (ps)   (ps)  
#------------------------------------------------------------------------------------
  y_out_reg[5][6]/CK -       -     R     (arrival)           281     0     0       0 
  y_out_reg[5][6]/Q  -       CK->Q F     SDFFRPQ_X1M_A9TL      1    68   311     311 
  y_out[5][6]        -       -     F     (port)                -     -     0     311 
#------------------------------------------------------------------------------------



Path 49: MET (1874 ps) Late External Delay Assertion at pin y_out[5][7]
          Group: reg2out
     Startpoint: (R) y_out_reg[5][7]/CK
          Clock: (R) clk
       Endpoint: (F) y_out[5][7]
          Clock: (R) clk

                     Capture       Launch     
        Clock Edge:+    3300            0     
       Src Latency:+       0            0     
       Net Latency:+       0 (I)        0 (I) 
           Arrival:=    3300            0     
                                              
      Output Delay:-     990                  
       Uncertainty:-     125                  
     Required Time:=    2185                  
      Launch Clock:-       0                  
         Data Path:-     311                  
             Slack:=    1874                  

Exceptions/Constraints:
  output_delay             990             dut.sdc_line_17_147_1   

#------------------------------------------------------------------------------------
#   Timing Point     Flags   Arc   Edge       Cell        Fanout Trans Delay Arrival 
#                                                                 (ps)  (ps)   (ps)  
#------------------------------------------------------------------------------------
  y_out_reg[5][7]/CK -       -     R     (arrival)           281     0     0       0 
  y_out_reg[5][7]/Q  -       CK->Q F     SDFFRPQ_X1M_A9TL      1    68   311     311 
  y_out[5][7]        -       -     F     (port)                -     -     0     311 
#------------------------------------------------------------------------------------



Path 50: MET (1874 ps) Late External Delay Assertion at pin y_out[6][0]
          Group: reg2out
     Startpoint: (R) y_out_reg[6][0]/CK
          Clock: (R) clk
       Endpoint: (F) y_out[6][0]
          Clock: (R) clk

                     Capture       Launch     
        Clock Edge:+    3300            0     
       Src Latency:+       0            0     
       Net Latency:+       0 (I)        0 (I) 
           Arrival:=    3300            0     
                                              
      Output Delay:-     990                  
       Uncertainty:-     125                  
     Required Time:=    2185                  
      Launch Clock:-       0                  
         Data Path:-     311                  
             Slack:=    1874                  

Exceptions/Constraints:
  output_delay             990             dut.sdc_line_17_146_1   

#------------------------------------------------------------------------------------
#   Timing Point     Flags   Arc   Edge       Cell        Fanout Trans Delay Arrival 
#                                                                 (ps)  (ps)   (ps)  
#------------------------------------------------------------------------------------
  y_out_reg[6][0]/CK -       -     R     (arrival)           281     0     0       0 
  y_out_reg[6][0]/Q  -       CK->Q F     SDFFRPQ_X1M_A9TL      1    68   311     311 
  y_out[6][0]        -       -     F     (port)                -     -     0     311 
#------------------------------------------------------------------------------------

