============================================================
  Generated by:           Genus(TM) Synthesis Solution 25.12-s067_1
  Generated on:           Sep 19 2026  11:00:31 am
  Module:                 tr_gelu
  Operating conditions:   ss_typical_max_0p90v_125c (balanced_tree)
  Wireload mode:          top
  Area mode:              timing library
============================================================


Path 1: VIOLATED (-395 ps) Setup Check with Pin s1_exp_in_reg[7][5]/CK->D
          Group: in2reg
     Startpoint: (F) x_in[7][4]
          Clock: (R) clk
       Endpoint: (R) s1_exp_in_reg[7][5]/D
          Clock: (R) clk

                     Capture       Launch     
        Clock Edge:+    3300            0     
        Drv Adjust:+       0           46     
       Src Latency:+       0            0     
       Net Latency:+       0 (I)        0 (I) 
           Arrival:=    3300           46     
                                              
             Setup:-     164                  
       Uncertainty:-     125                  
     Required Time:=    3011                  
      Launch Clock:-      46                  
       Input Delay:-     990                  
         Data Path:-    2369                  
             Slack:=    -395                  

Exceptions/Constraints:
  input_delay             990             dut.sdc_line_15_7_1   


