============================================================
  Generated by:           Genus(TM) Synthesis Solution 25.12-s067_1
  Generated on:           May 05 2026  03:13:07 pm
  Module:                 tr_gelu_alu
  Operating conditions:   ss_typical_max_0p90v_125c (balanced_tree)
  Wireload mode:          top
  Area mode:              timing library
============================================================


Path 1: MET (664 ps) Late External Delay Assertion at pin gelu_out[0]
          Group: reg2out
     Startpoint: (R) E_s3_reg[5]/CK
          Clock: (R) clk
       Endpoint: (R) gelu_out[0]
          Clock: (R) clk

                     Capture       Launch     
        Clock Edge:+    3300            0     
       Src Latency:+       0            0     
       Net Latency:+       0 (I)        0 (I) 
           Arrival:=    3300            0     
                                              
      Output Delay:-     990                  
       Uncertainty:-     125                  
     Required Time:=    2185                  
      Launch Clock:-       0                  
         Data Path:-    1521                  
             Slack:=     664                  

Exceptions/Constraints:
  output_delay             990             tr_gelu_alu.sdc_line_18_25_1   

#------------------------------------------------------------------------------------------------
#         Timing Point           Flags   Arc   Edge       Cell        Fanout Trans Delay Arrival 
#                                                                             (ps)  (ps)   (ps)  
#------------------------------------------------------------------------------------------------
  E_s3_reg[5]/CK                 -       -     R     (arrival)           125     0     0       0 
  E_s3_reg[5]/Q                  -       CK->Q R     DFFRPQ_X2M_A9TL       1    61   284     284 
  g678/Y                         -       A->Y  F     INV_X2M_A9TL          2    60    61     344 
  g676/Y                         -       A->Y  R     INV_X2M_A9TL          5   116    92     437 
  u_recip/g144__212/S            -       A->S  F     ADDH_X1M_A9TL         1    66   200     637 
  u_recip/mul_96_30_g207__1666/Y -       A->Y  R     NOR2_X1M_A9TL         1   144   112     749 
  u_recip/g209/Y                 -       A->Y  F     INV_X1M_A9TL          3   113   110     859 
  u_recip/mul_96_30_g202__9945/Y -       B->Y  R     NOR2_X1B_A9TL         2   256   195    1054 
  u_recip/mul_96_30_g200__6161/Y -       A->Y  R     XOR2_X0P7M_A9TL       1   247   178    1232 
  g1053__1881/Y                  -       A->Y  F     NAND2_X1M_A9TL        2   149   146    1378 
  g1043__3680/Y                  -       B0->Y R     OAI2XB1_X1M_A9TL      1   210   143    1521 
  gelu_out[0]                    -       -     R     (port)                -     -     0    1521 
#------------------------------------------------------------------------------------------------

