============================================================
  Generated by:           Genus(TM) Synthesis Solution 25.12-s067_1
  Generated on:           May 05 2026  11:47:15 am
  Module:                 tr_gelu_alu
  Operating conditions:   ss_typical_max_0p90v_125c (balanced_tree)
  Wireload mode:          top
  Area mode:              timing library
============================================================


Path 1: MET (145 ps) Setup Check with Pin sig_neg_mult_reg[13]/CK->D
          Group: reg2reg
     Startpoint: (R) E_s3_reg[4]/CK
          Clock: (R) clk
       Endpoint: (R) sig_neg_mult_reg[13]/D
          Clock: (R) clk

                     Capture       Launch     
        Clock Edge:+    3300            0     
       Src Latency:+       0            0     
       Net Latency:+       0 (I)        0 (I) 
           Arrival:=    3300            0     
                                              
             Setup:-     203                  
       Uncertainty:-     125                  
     Required Time:=    2972                  
      Launch Clock:-       0                  
         Data Path:-    2827                  
             Slack:=     145                  

#-------------------------------------------------------------------------------------------
#      Timing Point        Flags   Arc   Edge       Cell         Fanout Trans Delay Arrival 
#                                                                        (ps)  (ps)   (ps)  
#-------------------------------------------------------------------------------------------
  E_s3_reg[4]/CK           -       -     R     (arrival)            126     0     0       0 
  E_s3_reg[4]/Q            -       CK->Q R     DFFRPQ_X1M_A9TL        4   230   392     392 
  mul_159_39_g2043/Y       -       A->Y  F     INV_X5M_A9TL           3    82    84     476 
  mul_159_39_g2042/Y       -       A->Y  R     INV_X3M_A9TL           5    90    85     561 
  mul_159_39_g2025__6417/Y -       A->Y  F     NAND2_X2A_A9TL         3   137   108     669 
  mul_159_39_g2046__4319/Y -       B->Y  F     XOR3_X0P5M_A9TL        2   204   422    1091 
  mul_159_39_g1906__7098/Y -       C->Y  R     XOR3_X1M_A9TL          2   125   359    1450 
  mul_159_39_g1898__5526/Y -       B->Y  F     NAND2_X1M_A9TL         2   125   113    1563 
  mul_159_39_g1874__2802/Y -       B0->Y R     OAI211_X1M_A9TL        1   209   142    1705 
  mul_159_39_g1872__3680/Y -       C0->Y F     OAI221_X1P4M_A9TL      1   144   142    1847 
  mul_159_39_g1871__6783/Y -       B0->Y R     AOI31_X2M_A9TL         4   266   215    2062 
  mul_159_39_g1870__5526/Y -       A->Y  R     OR3_X0P5M_A9TL         2   201   262    2324 
  mul_159_39_g2044__2398/Y -       B->Y  F     NAND2_X1A_A9TL         2   166   160    2483 
  mul_159_39_g1859__1666/Y -       A1->Y R     AOI21_X1M_A9TL         1   194   188    2672 
  mul_159_39_g1857__2883/Y -       A->Y  R     XOR2_X0P7M_A9TL        1   228   155    2827 
  sig_neg_mult_reg[13]/D   -       -     R     SDFFQ_X1M_A9TL         1     -     0    2827 
#-------------------------------------------------------------------------------------------

