============================================================
  Generated by:           Genus(TM) Synthesis Solution 25.12-s067_1
  Generated on:           Mar 15 2026  04:00:35 pm
  Module:                 tr_gelu
  Operating conditions:   ss_typical_max_0p90v_125c (balanced_tree)
  Wireload mode:          top
  Area mode:              timing library
============================================================


Path 1: MET (2306 ps) Setup Check with Pin gelu_out_reg[7]/CK->D
          Group: reg2reg
     Startpoint: (R) x_shift_reg[0][1]/CK
          Clock: (R) clk
       Endpoint: (R) gelu_out_reg[7]/D
          Clock: (R) clk

                     Capture       Launch     
        Clock Edge:+   10000            0     
       Src Latency:+       0            0     
       Net Latency:+       0 (I)        0 (I) 
           Arrival:=   10000            0     
                                              
             Setup:-     110                  
       Uncertainty:-     125                  
     Required Time:=    9765                  
      Launch Clock:-       0                  
         Data Path:-    7460                  
             Slack:=    2306                  

#-------------------------------------------------------------------------------------------------------------
#               Timing Point                 Flags    Arc   Edge       Cell        Fanout Trans Delay Arrival 
#                                                                                          (ps)  (ps)   (ps)  
#-------------------------------------------------------------------------------------------------------------
  x_shift_reg[0][1]/CK                       -       -      R     (arrival)            70     0     0       0 
  x_shift_reg[0][1]/Q                        -       CK->Q  R     DFFRPQ_X1M_A9TL       7   293   427     427 
  csa_tree_mul_297_45_g2810__5115/Y          -       A->Y   F     NAND2_X1A_A9TL        3   271   253     680 
  csa_tree_mul_297_45_g2717__6131/S          -       A->S   R     ADDF_X1M_A9TL         1   114   403    1083 
  csa_tree_mul_297_45_g2693__1666/S          -       CI->S  F     ADDF_X1M_A9TL         2   133   331    1415 
  csa_tree_mul_297_45_g2678__7098/Y          -       B->Y   F     XNOR3_X0P5M_A9TL      3   235   446    1860 
  csa_tree_mul_297_97_groupi_g2996__6417/Y   -       S0->Y  R     MXT2_X0P7M_A9TL       3   261   326    2186 
  csa_tree_mul_297_97_groupi_g2967__5107/Y   -       A->Y   F     NOR2_X1M_A9TL         2   193   192    2378 
  csa_tree_mul_297_97_groupi_g2933__1617/Y   -       A->Y   R     XNOR3_X0P5M_A9TL      2   202   306    2684 
  csa_tree_mul_297_97_groupi_g2926__6260/Y   -       B->Y   R     OR2_X0P5M_A9TL        2   216   243    2928 
  csa_tree_mul_297_97_groupi_g2897__5526/Y   -       A->Y   F     NAND2_X1M_A9TL        1   121   118    3046 
  csa_tree_mul_297_97_groupi_g2876__5115/Y   -       S0->Y  R     MXT2_X0P7M_A9TL       4   277   295    3341 
  csa_tree_mul_297_97_groupi_g2870/Y         -       A->Y   F     INV_X2M_A9TL          7   156   169    3510 
  g3068/Y                                    -       B->Y   F     MXT2_X1M_A9TL         3   142   248    3758 
  csa_tree_mul_297_97_groupi_g2790__7482/Y   -       A->Y   F     XOR2_X0P7M_A9TL       1   201   168    3926 
  csa_tree_mul_297_97_groupi_g2765__9945/S   -       A->S   R     ADDF_X1M_A9TL         1   108   374    4300 
  csa_tree_mul_297_97_groupi_g2751__3680/CO  -       B->CO  R     CGEN_X1M_A9TL         1    99   168    4467 
  csa_tree_mul_297_97_groupi_g2750__6783/CO  -       A->CO  R     CGEN_X1M_A9TL         1    99   171    4638 
  csa_tree_mul_297_97_groupi_g2749__5526/CO  -       A->CO  R     CGEN_X1M_A9TL         1    99   171    4809 
  csa_tree_mul_297_97_groupi_g2748__8428/CO  -       A->CO  R     CGEN_X1M_A9TL         1    99   171    4980 
  csa_tree_mul_297_97_groupi_g2747__4319/CO  -       A->CO  R     CGEN_X1M_A9TL         1    94   168    5148 
  csa_tree_mul_297_97_groupi_g2746__6260/CON -       A->CON F     CGENI_X1M_A9TL        1   145   126    5274 
  csa_tree_mul_297_97_groupi_g2745__5107/CO  -       A->CO  F     CGEN_X1M_A9TL         1   100   221    5495 
  csa_tree_mul_297_97_groupi_g2744__2398/CO  -       A->CO  F     ADDF_X1M_A9TL         1   112   247    5742 
  csa_tree_mul_297_97_groupi_g2743__5477/CO  -       A->CO  F     ADDF_X1M_A9TL         1   112   251    5993 
  csa_tree_mul_297_97_groupi_g2742__6417/CO  -       A->CO  F     ADDF_X1M_A9TL         1   112   251    6244 
  csa_tree_mul_297_97_groupi_g2741__7410/CO  -       A->CO  F     ADDF_X1M_A9TL         1   112   251    6495 
  csa_tree_mul_297_97_groupi_g2740__1666/CO  -       A->CO  F     ADDF_X1M_A9TL         1   112   251    6746 
  csa_tree_mul_297_97_groupi_g2739__2346/CO  -       A->CO  F     ADDF_X1M_A9TL         1   112   251    6997 
  csa_tree_mul_297_97_groupi_g2738__2883/CO  -       A->CO  F     ADDF_X1M_A9TL         1    90   234    7231 
  csa_tree_mul_297_97_groupi_g2737__9945/Y   -       A->Y   R     XNOR3_X0P5M_A9TL      1   137   228    7459 
  gelu_out_reg[7]/D                          -       -      R     DFFRPQ_X1M_A9TL       1     -     0    7460 
#-------------------------------------------------------------------------------------------------------------

