============================================================
  Generated by:           Genus(TM) Synthesis Solution 25.12-s067_1
  Generated on:           Mar 15 2026  04:00:35 pm
  Module:                 tr_gelu
  Operating conditions:   ss_typical_max_0p90v_125c (balanced_tree)
  Wireload mode:          top
  Area mode:              timing library
============================================================


Path 1: MET (6560 ps) Late External Delay Assertion at pin gelu_out[0]
          Group: reg2out
     Startpoint: (R) gelu_out_reg[0]/CK
          Clock: (R) clk
       Endpoint: (R) gelu_out[0]
          Clock: (R) clk

                     Capture       Launch     
        Clock Edge:+   10000            0     
       Src Latency:+       0            0     
       Net Latency:+       0 (I)        0 (I) 
           Arrival:=   10000            0     
                                              
      Output Delay:-    3000                  
       Uncertainty:-     125                  
     Required Time:=    6875                  
      Launch Clock:-       0                  
         Data Path:-     315                  
             Slack:=    6560                  

Exceptions/Constraints:
  output_delay             3000            tr_gelu.sdc_line_18_16_1   

#-----------------------------------------------------------------------------------
#   Timing Point     Flags   Arc   Edge      Cell        Fanout Trans Delay Arrival 
#                                                                (ps)  (ps)   (ps)  
#-----------------------------------------------------------------------------------
  gelu_out_reg[0]/CK -       -     R     (arrival)           70     0     0       0 
  gelu_out_reg[0]/Q  -       CK->Q R     DFFRPQ_X1M_A9TL      1    93   315     315 
  gelu_out[0]        -       -     R     (port)               -     -     0     315 
#-----------------------------------------------------------------------------------

