============================================================
  Generated by:           Genus(TM) Synthesis Solution 25.12-s067_1
  Generated on:           May 09 2026  06:44:50 pm
  Module:                 tr_softmax
  Operating conditions:   ss_typical_max_0p90v_125c (balanced_tree)
  Wireload mode:          top
  Area mode:              timing library
============================================================

 
  Hierarchy Report Format : 
 
    level instance ( module ) <status>
 
    status :    preserve_<value> -- indicating preserve hierachy or inherited_preserve value
           :    blackbox --  indicating  unresolved instance
 
==================================================================

 0 tr_softmax
  1 gen_exp[0].u_exp ( tr_exp_alu_WIDTH8_FRAC_W4_LUT_IDX_W3_ITER2 ) 
     2 u_quad ( quadratic_divider_WIDTH8_FRAC_W4 ) 
     2 u_round ( round_WIDTH8_FRAC_W4_LUT_IDX_W3 ) 
  1 gen_exp[1].u_exp ( tr_exp_alu_WIDTH8_FRAC_W4_LUT_IDX_W3_ITER2_272 ) 
     2 u_quad ( quadratic_divider_WIDTH8_FRAC_W4_1697 ) 
     2 u_round ( round_WIDTH8_FRAC_W4_LUT_IDX_W3_265 ) 
  1 gen_exp[2].u_exp ( tr_exp_alu_WIDTH8_FRAC_W4_LUT_IDX_W3_ITER2_271 ) 
     2 u_quad ( quadratic_divider_WIDTH8_FRAC_W4_1696 ) 
     2 u_round ( round_WIDTH8_FRAC_W4_LUT_IDX_W3_264 ) 
  1 gen_exp[3].u_exp ( tr_exp_alu_WIDTH8_FRAC_W4_LUT_IDX_W3_ITER2_270 ) 
     2 u_quad ( quadratic_divider_WIDTH8_FRAC_W4_1695 ) 
     2 u_round ( round_WIDTH8_FRAC_W4_LUT_IDX_W3_263 ) 
  1 gen_exp[4].u_exp ( tr_exp_alu_WIDTH8_FRAC_W4_LUT_IDX_W3_ITER2_269 ) 
     2 u_quad ( quadratic_divider_WIDTH8_FRAC_W4_1694 ) 
     2 u_round ( round_WIDTH8_FRAC_W4_LUT_IDX_W3_262 ) 
  1 gen_exp[5].u_exp ( tr_exp_alu_WIDTH8_FRAC_W4_LUT_IDX_W3_ITER2_268 ) 
     2 u_quad ( quadratic_divider_WIDTH8_FRAC_W4_1693 ) 
     2 u_round ( round_WIDTH8_FRAC_W4_LUT_IDX_W3_261 ) 
  1 gen_exp[6].u_exp ( tr_exp_alu_WIDTH8_FRAC_W4_LUT_IDX_W3_ITER2_267 ) 
     2 u_quad ( quadratic_divider_WIDTH8_FRAC_W4_1692 ) 
     2 u_round ( round_WIDTH8_FRAC_W4_LUT_IDX_W3_260 ) 
  1 gen_exp[7].u_exp ( tr_exp_alu_WIDTH8_FRAC_W4_LUT_IDX_W3_ITER2_266 ) 
     2 u_quad ( quadratic_divider_WIDTH8_FRAC_W4_1691 ) 
     2 u_round ( round_WIDTH8_FRAC_W4_LUT_IDX_W3_259 ) 
  1 u_ln ( tr_ln_alu_WIDTH16_BITS4_OUT_WIDTH8 ) 
  1 u_lut ( shared_lut_rom_N8 ) 
  1 u_max ( piped_max_NUM_INPUTS8_DATA_WIDTH8 ) 
  1 u_sub ( scalar_sub_NUM_INPUTS8_DATA_WIDTH8 ) 
  1 u_vec_mul ( vec_mul_N8_W8_ACC_W32 ) 
     2 RC_CG_HIER_INST0 ( RC_CG_MOD ) 
     2 RC_CG_HIER_INST1 ( RC_CG_MOD_1 ) 
