============================================================
  Generated by:           Genus(TM) Synthesis Solution 25.12-s067_1
  Generated on:           Sep 19 2026  10:48:28 am
  Module:                 tr_softmax
  Operating conditions:   ss_typical_max_0p90v_125c (balanced_tree)
  Wireload mode:          top
  Area mode:              timing library
============================================================


Summary
-------
--------------------------------------------------------------------------
            Category            Number     %    Average Toggle Saving %   
--------------------------------------------------------------------------
 Total Clock Gating Instances        4  100.00                         -  
--------------------------------------------------------------------------
 RC Clock Gating Instances           4  100.00                     44.14  
 Non-RC Clock Gating Instances       0    0.00                      0.00  
--------------------------------------------------------------------------
 RC Gated Flip-flops               607   73.49                     21.88  
 Non-RC Gated Flip-flops             0    0.00                      0.00  
--------------------------------------------------------------------------
 Total Gated Flip-flops            607   73.49                         -  
 Total Ungated Flip-flops          219   26.51                         -  
 Enable signal is constant         219  100.00                         -  
--------------------------------------------------------------------------
 Total Flip-flops                  826  100.00                         -  
--------------------------------------------------------------------------
Multibit Flip-flop Summary
--------------------------
-------------------------------------------------------
Width     Number     Bits     RC Gated     Ungated     
-------------------------------------------------------
1-bit     826        826      607 (73.49%) 219 (26.51%) 
--------------------------------------------------------


