============================================================
  Generated by:           Genus(TM) Synthesis Solution 25.12-s067_1
  Generated on:           May 25 2026  08:17:08 pm
  Module:                 tr_softmax
  Operating conditions:   ss_typical_max_0p90v_125c (balanced_tree)
  Wireload mode:          top
  Area mode:              timing library
============================================================

Timing
--------

Clock Period 
-------------
clk   3300.0 


        Cost          Critical         Violating 
       Group         Path Slack  TNS     Paths   
-------------------------------------------------
cg_enable_group_clk      1905.4   0.0          0 
clk                    No paths   0.0            
default                No paths   0.0            
in2out                      0.5   0.0          0 
in2reg                      0.4   0.0          0 
reg2out                  1550.5   0.0          0 
reg2reg                   102.0   0.0          0 
-------------------------------------------------
Total                             0.0          0 

Instance Count
--------------
Leaf Instance Count             6972 
Physical Instance count            0 
Sequential Instance Count        788 
Combinational Instance Count    6184 
Hierarchical Instance Count       34 

Area
----
Cell Area                          26042.400
Physical Cell Area                 0.000
Total Cell Area (Cell+Physical)    26042.400
Net Area                           0.000
Total Area (Cell+Physical+Net)     26042.400

Max Fanout                         235 (u_vec_mul_ew/RC_CG_HIER_INST2/ck_out)
Min Fanout                         0 (dot_mask[1])
Average Fanout                     2.0
Terms to net ratio                 2.9285
Terms to instance ratio            3.3057
Runtime                            336.553809 seconds
Elapsed Runtime                    339 seconds
Genus peak memory usage            2608.12 
Innovus peak memory usage          no_value 
Hostname                           enicsw11.local
