============================================================
  Generated by:           Genus(TM) Synthesis Solution 25.12-s067_1
  Generated on:           May 09 2026  06:44:50 pm
  Module:                 tr_softmax
  Operating conditions:   ss_typical_max_0p90v_125c (balanced_tree)
  Wireload mode:          top
  Area mode:              timing library
============================================================

     Instance                          Module                      Cell-Count  Cell-Area  Net-Area   Total-Area  Wireload  
---------------------------------------------------------------------------------------------------------------------------
tr_softmax         NA                                                    3765  13564.800     0.000    13564.800 Small (D)  
  gen_exp[0].u_exp tr_exp_alu_WIDTH8_FRAC_W4_LUT_IDX_W3_ITER2              20     50.040     0.000       50.040 Small (T)  
    u_quad         quadratic_divider_WIDTH8_FRAC_W4                         5      8.640     0.000        8.640 Small (T)  
    u_round        round_WIDTH8_FRAC_W4_LUT_IDX_W3                          9     20.880     0.000       20.880 Small (T)  
  gen_exp[1].u_exp tr_exp_alu_WIDTH8_FRAC_W4_LUT_IDX_W3_ITER2_272          20     50.040     0.000       50.040 Small (T)  
    u_quad         quadratic_divider_WIDTH8_FRAC_W4_1697                    5      8.640     0.000        8.640 Small (T)  
    u_round        round_WIDTH8_FRAC_W4_LUT_IDX_W3_265                      9     20.880     0.000       20.880 Small (T)  
  gen_exp[2].u_exp tr_exp_alu_WIDTH8_FRAC_W4_LUT_IDX_W3_ITER2_271          20     50.040     0.000       50.040 Small (T)  
    u_quad         quadratic_divider_WIDTH8_FRAC_W4_1696                    5      8.640     0.000        8.640 Small (T)  
    u_round        round_WIDTH8_FRAC_W4_LUT_IDX_W3_264                      9     20.880     0.000       20.880 Small (T)  
  gen_exp[3].u_exp tr_exp_alu_WIDTH8_FRAC_W4_LUT_IDX_W3_ITER2_270          20     50.040     0.000       50.040 Small (T)  
    u_quad         quadratic_divider_WIDTH8_FRAC_W4_1695                    5      8.640     0.000        8.640 Small (T)  
    u_round        round_WIDTH8_FRAC_W4_LUT_IDX_W3_263                      9     20.880     0.000       20.880 Small (T)  
  gen_exp[4].u_exp tr_exp_alu_WIDTH8_FRAC_W4_LUT_IDX_W3_ITER2_269          20     50.040     0.000       50.040 Small (T)  
    u_quad         quadratic_divider_WIDTH8_FRAC_W4_1694                    5      8.640     0.000        8.640 Small (T)  
    u_round        round_WIDTH8_FRAC_W4_LUT_IDX_W3_262                      9     20.880     0.000       20.880 Small (T)  
  gen_exp[5].u_exp tr_exp_alu_WIDTH8_FRAC_W4_LUT_IDX_W3_ITER2_268          20     50.040     0.000       50.040 Small (T)  
    u_quad         quadratic_divider_WIDTH8_FRAC_W4_1693                    5      8.640     0.000        8.640 Small (T)  
    u_round        round_WIDTH8_FRAC_W4_LUT_IDX_W3_261                      9     20.880     0.000       20.880 Small (T)  
  gen_exp[6].u_exp tr_exp_alu_WIDTH8_FRAC_W4_LUT_IDX_W3_ITER2_267          20     50.040     0.000       50.040 Small (T)  
    u_quad         quadratic_divider_WIDTH8_FRAC_W4_1692                    5      8.640     0.000        8.640 Small (T)  
    u_round        round_WIDTH8_FRAC_W4_LUT_IDX_W3_260                      9     20.880     0.000       20.880 Small (T)  
  gen_exp[7].u_exp tr_exp_alu_WIDTH8_FRAC_W4_LUT_IDX_W3_ITER2_266          20     50.040     0.000       50.040 Small (T)  
    u_quad         quadratic_divider_WIDTH8_FRAC_W4_1691                    5      8.640     0.000        8.640 Small (T)  
    u_round        round_WIDTH8_FRAC_W4_LUT_IDX_W3_259                      9     20.880     0.000       20.880 Small (T)  
  u_ln             tr_ln_alu_WIDTH16_BITS4_OUT_WIDTH8                     169    438.120     0.000      438.120 Small (T)  
  u_lut            shared_lut_rom_N8                                       58    117.360     0.000      117.360 Small (T)  
  u_max            piped_max_NUM_INPUTS8_DATA_WIDTH8                      177    856.800     0.000      856.800 Small (T)  
  u_sub            scalar_sub_NUM_INPUTS8_DATA_WIDTH8                     366    866.880     0.000      866.880 Small (T)  
  u_vec_mul        vec_mul_N8_W8_ACC_W32                                 2441   8966.520     0.000     8966.520 Small (T)  
  (D) = wireload is default in technology library
  (T) = wireload mode is 'top'
