============================================================
  Generated by:           Genus(TM) Synthesis Solution 25.12-s067_1
  Generated on:           Mar 26 2026  02:10:28 pm
  Module:                 tr_softmax
  Operating conditions:   ss_typical_max_0p90v_125c (balanced_tree)
  Wireload mode:          top
  Area mode:              timing library
============================================================

Max_transition design rule (violation total = 811)
Pin                                                                   Slew           Max     Violation
--------------------------------------------------------------------------------------------------------
u_decompose/gen_mode_0_int_max_int_sub.u_max_sub/g7365/B               427           350            77
  --> Other violations on net                                                  154
u_decompose/gen_mode_0_int_max_int_sub.u_max_sub/g7357/A0              427           350            77
  --> Other violations on net                                                  154
u_decompose/gen_mode_0_int_max_int_sub.u_max_sub/g7464/Y               427           350            77
  --> Other violations on net                                                  154
u_decompose/gen_mode_0_int_max_int_sub.u_max_sub/g7368/B               408           350            58
  --> Other violations on net                                                  115
u_decompose/gen_mode_0_int_max_int_sub.u_max_sub/g7361/A0              408           350            58
  --> Other violations on net                                                  115
u_decompose/gen_mode_0_int_max_int_sub.u_max_sub/g7471/Y               408           350            58
  --> Other violations on net                                                  115
u_decompose/gen_mode_0_int_max_int_sub.u_max_sub/g7372/B               408           350            58
  --> Other violations on net                                                  115
u_decompose/gen_mode_0_int_max_int_sub.u_max_sub/g7364/A0              408           350            58
  --> Other violations on net                                                  115
u_decompose/gen_mode_0_int_max_int_sub.u_max_sub/g7472/Y               408           350            58
  --> Other violations on net                                                  115
u_decompose/gen_mode_0_int_max_int_sub.u_max_sub/g7369/B               408           350            58
  --> Other violations on net                                                  115
u_decompose/gen_mode_0_int_max_int_sub.u_max_sub/g7359/A0              408           350            58
  --> Other violations on net                                                  115
u_decompose/gen_mode_0_int_max_int_sub.u_max_sub/g7457/Y               408           350            58
  --> Other violations on net                                                  115
u_decompose/gen_mode_0_int_max_int_sub.u_max_sub/g7394/B               360           350            10
  --> Other violations on net                                                  21
u_decompose/gen_mode_0_int_max_int_sub.u_max_sub/g7382/A0              360           350            10
  --> Other violations on net                                                  21
u_decompose/gen_mode_0_int_max_int_sub.u_max_sub/g7462/Y               360           350            10
  --> Other violations on net                                                  21
u_decompose/gen_mode_0_int_max_int_sub.u_max_sub/g7391/B               360           350            10
  --> Other violations on net                                                  21
u_decompose/gen_mode_0_int_max_int_sub.u_max_sub/g7383/A0              360           350            10
  --> Other violations on net                                                  21
u_decompose/gen_mode_0_int_max_int_sub.u_max_sub/g7463/Y               360           350            10
  --> Other violations on net                                                  21


Max_capacitance design rule: no violations.


Max_fanout design rule: no violations.



