============================================================
  Generated by:           Genus(TM) Synthesis Solution 25.12-s067_1
  Generated on:           Sep 16 2026  09:12:56 pm
  Module:                 tr_soc_top_mx
  Operating conditions:   ss_typical_max_0p90v_125c (balanced_tree)
  Wireload mode:          top
  Area mode:              timing library
============================================================


Path 1: MET (686 ps) Late External Delay Assertion at pin mmio_rdata[0]
          Group: in2out
     Startpoint: (F) mmio_addr[0]
          Clock: (R) clk
       Endpoint: (R) mmio_rdata[0]
          Clock: (R) clk

                        Capture       Launch     
           Path Delay:+    3630            -     
           Drv Adjust:+       0            6     
          Src Latency:+       0            0     
          Net Latency:+       0 (I)        0 (I) 
        Capture Clock:+       0                  
              Arrival:=    3630            6     
                                                 
         Output Delay:-     990                  
          Uncertainty:-     125                  
        Required Time:=    2515                  
         Launch Clock:-       6                  
          Input Delay:-     990                  
            Data Path:-     833                  
                Slack:=     686                  

Exceptions/Constraints:
  max_delay                3630            dut.sdc_line_18         
  input_delay              990             dut.sdc_line_15_8_1     
  output_delay             990             dut.sdc_line_17_922_1   

#---------------------------------------------------------------------------------------
#     Timing Point      Flags   Arc   Edge       Cell        Fanout Trans Delay Arrival 
#                                                                    (ps)  (ps)   (ps)  
#---------------------------------------------------------------------------------------
  mmio_addr[0]          -       -     F     (arrival)             1    43     0     996 
  u_ctrl/g13681__8428/Y -       F->Y  F     OR6_X0P7M_A9TL        2   178   258    1254 
  u_ctrl/g13680__4319/Y -       B->Y  F     OR2_X0P5M_A9TL        2   147   232    1486 
  u_ctrl/g13679__6260/Y -       BN->Y F     NAND2XB_X1M_A9TL      2   121   195    1681 
  u_ctrl/g13678__5107/Y -       A->Y  R     NOR2XB_X1M_A9TL       1   180   148    1829 
  mmio_rdata[0]         -       -     R     (port)                -     -     0    1829 
#---------------------------------------------------------------------------------------



Path 2: MET (686 ps) Late External Delay Assertion at pin mmio_rdata[1]
          Group: in2out
     Startpoint: (F) mmio_addr[0]
          Clock: (R) clk
       Endpoint: (R) mmio_rdata[1]
          Clock: (R) clk

                        Capture       Launch     
           Path Delay:+    3630            -     
           Drv Adjust:+       0            6     
          Src Latency:+       0            0     
          Net Latency:+       0 (I)        0 (I) 
        Capture Clock:+       0                  
              Arrival:=    3630            6     
                                                 
         Output Delay:-     990                  
          Uncertainty:-     125                  
        Required Time:=    2515                  
         Launch Clock:-       6                  
          Input Delay:-     990                  
            Data Path:-     833                  
                Slack:=     686                  

Exceptions/Constraints:
  max_delay                3630            dut.sdc_line_18         
  input_delay              990             dut.sdc_line_15_8_1     
  output_delay             990             dut.sdc_line_17_921_1   

#---------------------------------------------------------------------------------------
#     Timing Point      Flags   Arc   Edge       Cell        Fanout Trans Delay Arrival 
#                                                                    (ps)  (ps)   (ps)  
#---------------------------------------------------------------------------------------
  mmio_addr[0]          -       -     F     (arrival)             1    43     0     996 
  u_ctrl/g13681__8428/Y -       F->Y  F     OR6_X0P7M_A9TL        2   178   258    1254 
  u_ctrl/g13680__4319/Y -       B->Y  F     OR2_X0P5M_A9TL        2   147   232    1486 
  u_ctrl/g13679__6260/Y -       BN->Y F     NAND2XB_X1M_A9TL      2   121   195    1681 
  u_ctrl/g13677__2398/Y -       A->Y  R     NOR2XB_X1M_A9TL       1   180   148    1829 
  mmio_rdata[1]         -       -     R     (port)                -     -     0    1829 
#---------------------------------------------------------------------------------------



Path 3: MET (697 ps) Late External Delay Assertion at pin mmio_rdata[0]
          Group: in2out
     Startpoint: (F) mmio_addr[1]
          Clock: (R) clk
       Endpoint: (R) mmio_rdata[0]
          Clock: (R) clk

                        Capture       Launch     
           Path Delay:+    3630            -     
           Drv Adjust:+       0            6     
          Src Latency:+       0            0     
          Net Latency:+       0 (I)        0 (I) 
        Capture Clock:+       0                  
              Arrival:=    3630            6     
                                                 
         Output Delay:-     990                  
          Uncertainty:-     125                  
        Required Time:=    2515                  
         Launch Clock:-       6                  
          Input Delay:-     990                  
            Data Path:-     822                  
                Slack:=     697                  

Exceptions/Constraints:
  max_delay                3630            dut.sdc_line_18         
  input_delay              990             dut.sdc_line_15_7_1     
  output_delay             990             dut.sdc_line_17_922_1   

#---------------------------------------------------------------------------------------
#     Timing Point      Flags   Arc   Edge       Cell        Fanout Trans Delay Arrival 
#                                                                    (ps)  (ps)   (ps)  
#---------------------------------------------------------------------------------------
  mmio_addr[1]          -       -     F     (arrival)             1    43     0     996 
  u_ctrl/g13681__8428/Y -       E->Y  F     OR6_X0P7M_A9TL        2   178   247    1243 
  u_ctrl/g13680__4319/Y -       B->Y  F     OR2_X0P5M_A9TL        2   147   232    1475 
  u_ctrl/g13679__6260/Y -       BN->Y F     NAND2XB_X1M_A9TL      2   121   195    1670 
  u_ctrl/g13678__5107/Y -       A->Y  R     NOR2XB_X1M_A9TL       1   180   148    1818 
  mmio_rdata[0]         -       -     R     (port)                -     -     0    1818 
#---------------------------------------------------------------------------------------



Path 4: MET (697 ps) Late External Delay Assertion at pin mmio_rdata[1]
          Group: in2out
     Startpoint: (F) mmio_addr[1]
          Clock: (R) clk
       Endpoint: (R) mmio_rdata[1]
          Clock: (R) clk

                        Capture       Launch     
           Path Delay:+    3630            -     
           Drv Adjust:+       0            6     
          Src Latency:+       0            0     
          Net Latency:+       0 (I)        0 (I) 
        Capture Clock:+       0                  
              Arrival:=    3630            6     
                                                 
         Output Delay:-     990                  
          Uncertainty:-     125                  
        Required Time:=    2515                  
         Launch Clock:-       6                  
          Input Delay:-     990                  
            Data Path:-     822                  
                Slack:=     697                  

Exceptions/Constraints:
  max_delay                3630            dut.sdc_line_18         
  input_delay              990             dut.sdc_line_15_7_1     
  output_delay             990             dut.sdc_line_17_921_1   

#---------------------------------------------------------------------------------------
#     Timing Point      Flags   Arc   Edge       Cell        Fanout Trans Delay Arrival 
#                                                                    (ps)  (ps)   (ps)  
#---------------------------------------------------------------------------------------
  mmio_addr[1]          -       -     F     (arrival)             1    43     0     996 
  u_ctrl/g13681__8428/Y -       E->Y  F     OR6_X0P7M_A9TL        2   178   247    1243 
  u_ctrl/g13680__4319/Y -       B->Y  F     OR2_X0P5M_A9TL        2   147   232    1475 
  u_ctrl/g13679__6260/Y -       BN->Y F     NAND2XB_X1M_A9TL      2   121   195    1670 
  u_ctrl/g13677__2398/Y -       A->Y  R     NOR2XB_X1M_A9TL       1   180   148    1818 
  mmio_rdata[1]         -       -     R     (port)                -     -     0    1818 
#---------------------------------------------------------------------------------------



Path 5: MET (704 ps) Late External Delay Assertion at pin mmio_rdata[0]
          Group: in2out
     Startpoint: (F) mmio_addr[7]
          Clock: (R) clk
       Endpoint: (R) mmio_rdata[0]
          Clock: (R) clk

                        Capture       Launch     
           Path Delay:+    3630            -     
           Drv Adjust:+       0            6     
          Src Latency:+       0            0     
          Net Latency:+       0 (I)        0 (I) 
        Capture Clock:+       0                  
              Arrival:=    3630            6     
                                                 
         Output Delay:-     990                  
          Uncertainty:-     125                  
        Required Time:=    2515                  
         Launch Clock:-       6                  
          Input Delay:-     990                  
            Data Path:-     814                  
                Slack:=     704                  

Exceptions/Constraints:
  max_delay                3630            dut.sdc_line_18         
  input_delay              990             dut.sdc_line_15_1_1     
  output_delay             990             dut.sdc_line_17_922_1   

#---------------------------------------------------------------------------------------
#     Timing Point      Flags   Arc   Edge       Cell        Fanout Trans Delay Arrival 
#                                                                    (ps)  (ps)   (ps)  
#---------------------------------------------------------------------------------------
  mmio_addr[7]          -       -     F     (arrival)             1    43     0     996 
  u_ctrl/g13681__8428/Y -       C->Y  F     OR6_X0P7M_A9TL        2   178   240    1236 
  u_ctrl/g13680__4319/Y -       B->Y  F     OR2_X0P5M_A9TL        2   147   232    1468 
  u_ctrl/g13679__6260/Y -       BN->Y F     NAND2XB_X1M_A9TL      2   121   195    1663 
  u_ctrl/g13678__5107/Y -       A->Y  R     NOR2XB_X1M_A9TL       1   180   148    1811 
  mmio_rdata[0]         -       -     R     (port)                -     -     0    1811 
#---------------------------------------------------------------------------------------



Path 6: MET (704 ps) Late External Delay Assertion at pin mmio_rdata[1]
          Group: in2out
     Startpoint: (F) mmio_addr[7]
          Clock: (R) clk
       Endpoint: (R) mmio_rdata[1]
          Clock: (R) clk

                        Capture       Launch     
           Path Delay:+    3630            -     
           Drv Adjust:+       0            6     
          Src Latency:+       0            0     
          Net Latency:+       0 (I)        0 (I) 
        Capture Clock:+       0                  
              Arrival:=    3630            6     
                                                 
         Output Delay:-     990                  
          Uncertainty:-     125                  
        Required Time:=    2515                  
         Launch Clock:-       6                  
          Input Delay:-     990                  
            Data Path:-     814                  
                Slack:=     704                  

Exceptions/Constraints:
  max_delay                3630            dut.sdc_line_18         
  input_delay              990             dut.sdc_line_15_1_1     
  output_delay             990             dut.sdc_line_17_921_1   

#---------------------------------------------------------------------------------------
#     Timing Point      Flags   Arc   Edge       Cell        Fanout Trans Delay Arrival 
#                                                                    (ps)  (ps)   (ps)  
#---------------------------------------------------------------------------------------
  mmio_addr[7]          -       -     F     (arrival)             1    43     0     996 
  u_ctrl/g13681__8428/Y -       C->Y  F     OR6_X0P7M_A9TL        2   178   240    1236 
  u_ctrl/g13680__4319/Y -       B->Y  F     OR2_X0P5M_A9TL        2   147   232    1468 
  u_ctrl/g13679__6260/Y -       BN->Y F     NAND2XB_X1M_A9TL      2   121   195    1663 
  u_ctrl/g13677__2398/Y -       A->Y  R     NOR2XB_X1M_A9TL       1   180   148    1811 
  mmio_rdata[1]         -       -     R     (port)                -     -     0    1811 
#---------------------------------------------------------------------------------------



Path 7: MET (711 ps) Late External Delay Assertion at pin mmio_rdata[0]
          Group: in2out
     Startpoint: (F) mmio_addr[3]
          Clock: (R) clk
       Endpoint: (R) mmio_rdata[0]
          Clock: (R) clk

                        Capture       Launch     
           Path Delay:+    3630            -     
           Drv Adjust:+       0            6     
          Src Latency:+       0            0     
          Net Latency:+       0 (I)        0 (I) 
        Capture Clock:+       0                  
              Arrival:=    3630            6     
                                                 
         Output Delay:-     990                  
          Uncertainty:-     125                  
        Required Time:=    2515                  
         Launch Clock:-       6                  
          Input Delay:-     990                  
            Data Path:-     808                  
                Slack:=     711                  

Exceptions/Constraints:
  max_delay                3630            dut.sdc_line_18         
  input_delay              990             dut.sdc_line_15_5_1     
  output_delay             990             dut.sdc_line_17_922_1   

#---------------------------------------------------------------------------------------
#     Timing Point      Flags   Arc   Edge       Cell        Fanout Trans Delay Arrival 
#                                                                    (ps)  (ps)   (ps)  
#---------------------------------------------------------------------------------------
  mmio_addr[3]          -       -     F     (arrival)             1    43     0     996 
  u_ctrl/g13681__8428/Y -       B->Y  F     OR6_X0P7M_A9TL        2   178   233    1229 
  u_ctrl/g13680__4319/Y -       B->Y  F     OR2_X0P5M_A9TL        2   147   232    1461 
  u_ctrl/g13679__6260/Y -       BN->Y F     NAND2XB_X1M_A9TL      2   121   195    1656 
  u_ctrl/g13678__5107/Y -       A->Y  R     NOR2XB_X1M_A9TL       1   180   148    1804 
  mmio_rdata[0]         -       -     R     (port)                -     -     0    1804 
#---------------------------------------------------------------------------------------



Path 8: MET (711 ps) Late External Delay Assertion at pin mmio_rdata[1]
          Group: in2out
     Startpoint: (F) mmio_addr[3]
          Clock: (R) clk
       Endpoint: (R) mmio_rdata[1]
          Clock: (R) clk

                        Capture       Launch     
           Path Delay:+    3630            -     
           Drv Adjust:+       0            6     
          Src Latency:+       0            0     
          Net Latency:+       0 (I)        0 (I) 
        Capture Clock:+       0                  
              Arrival:=    3630            6     
                                                 
         Output Delay:-     990                  
          Uncertainty:-     125                  
        Required Time:=    2515                  
         Launch Clock:-       6                  
          Input Delay:-     990                  
            Data Path:-     808                  
                Slack:=     711                  

Exceptions/Constraints:
  max_delay                3630            dut.sdc_line_18         
  input_delay              990             dut.sdc_line_15_5_1     
  output_delay             990             dut.sdc_line_17_921_1   

#---------------------------------------------------------------------------------------
#     Timing Point      Flags   Arc   Edge       Cell        Fanout Trans Delay Arrival 
#                                                                    (ps)  (ps)   (ps)  
#---------------------------------------------------------------------------------------
  mmio_addr[3]          -       -     F     (arrival)             1    43     0     996 
  u_ctrl/g13681__8428/Y -       B->Y  F     OR6_X0P7M_A9TL        2   178   233    1229 
  u_ctrl/g13680__4319/Y -       B->Y  F     OR2_X0P5M_A9TL        2   147   232    1461 
  u_ctrl/g13679__6260/Y -       BN->Y F     NAND2XB_X1M_A9TL      2   121   195    1656 
  u_ctrl/g13677__2398/Y -       A->Y  R     NOR2XB_X1M_A9TL       1   180   148    1804 
  mmio_rdata[1]         -       -     R     (port)                -     -     0    1804 
#---------------------------------------------------------------------------------------



Path 9: MET (715 ps) Late External Delay Assertion at pin mmio_rdata[0]
          Group: in2out
     Startpoint: (F) mmio_addr[6]
          Clock: (R) clk
       Endpoint: (R) mmio_rdata[0]
          Clock: (R) clk

                        Capture       Launch     
           Path Delay:+    3630            -     
           Drv Adjust:+       0            6     
          Src Latency:+       0            0     
          Net Latency:+       0 (I)        0 (I) 
        Capture Clock:+       0                  
              Arrival:=    3630            6     
                                                 
         Output Delay:-     990                  
          Uncertainty:-     125                  
        Required Time:=    2515                  
         Launch Clock:-       6                  
          Input Delay:-     990                  
            Data Path:-     804                  
                Slack:=     715                  

Exceptions/Constraints:
  max_delay                3630            dut.sdc_line_18         
  input_delay              990             dut.sdc_line_15_2_1     
  output_delay             990             dut.sdc_line_17_922_1   

#---------------------------------------------------------------------------------------
#     Timing Point      Flags   Arc   Edge       Cell        Fanout Trans Delay Arrival 
#                                                                    (ps)  (ps)   (ps)  
#---------------------------------------------------------------------------------------
  mmio_addr[6]          -       -     F     (arrival)             1    43     0     996 
  u_ctrl/g13681__8428/Y -       D->Y  F     OR6_X0P7M_A9TL        2   178   229    1225 
  u_ctrl/g13680__4319/Y -       B->Y  F     OR2_X0P5M_A9TL        2   147   232    1457 
  u_ctrl/g13679__6260/Y -       BN->Y F     NAND2XB_X1M_A9TL      2   121   195    1652 
  u_ctrl/g13678__5107/Y -       A->Y  R     NOR2XB_X1M_A9TL       1   180   148    1800 
  mmio_rdata[0]         -       -     R     (port)                -     -     0    1800 
#---------------------------------------------------------------------------------------



Path 10: MET (715 ps) Late External Delay Assertion at pin mmio_rdata[1]
          Group: in2out
     Startpoint: (F) mmio_addr[6]
          Clock: (R) clk
       Endpoint: (R) mmio_rdata[1]
          Clock: (R) clk

                        Capture       Launch     
           Path Delay:+    3630            -     
           Drv Adjust:+       0            6     
          Src Latency:+       0            0     
          Net Latency:+       0 (I)        0 (I) 
        Capture Clock:+       0                  
              Arrival:=    3630            6     
                                                 
         Output Delay:-     990                  
          Uncertainty:-     125                  
        Required Time:=    2515                  
         Launch Clock:-       6                  
          Input Delay:-     990                  
            Data Path:-     804                  
                Slack:=     715                  

Exceptions/Constraints:
  max_delay                3630            dut.sdc_line_18         
  input_delay              990             dut.sdc_line_15_2_1     
  output_delay             990             dut.sdc_line_17_921_1   

#---------------------------------------------------------------------------------------
#     Timing Point      Flags   Arc   Edge       Cell        Fanout Trans Delay Arrival 
#                                                                    (ps)  (ps)   (ps)  
#---------------------------------------------------------------------------------------
  mmio_addr[6]          -       -     F     (arrival)             1    43     0     996 
  u_ctrl/g13681__8428/Y -       D->Y  F     OR6_X0P7M_A9TL        2   178   229    1225 
  u_ctrl/g13680__4319/Y -       B->Y  F     OR2_X0P5M_A9TL        2   147   232    1457 
  u_ctrl/g13679__6260/Y -       BN->Y F     NAND2XB_X1M_A9TL      2   121   195    1652 
  u_ctrl/g13677__2398/Y -       A->Y  R     NOR2XB_X1M_A9TL       1   180   148    1800 
  mmio_rdata[1]         -       -     R     (port)                -     -     0    1800 
#---------------------------------------------------------------------------------------



Path 11: MET (724 ps) Late External Delay Assertion at pin mmio_rdata[0]
          Group: in2out
     Startpoint: (F) mmio_addr[5]
          Clock: (R) clk
       Endpoint: (R) mmio_rdata[0]
          Clock: (R) clk

                        Capture       Launch     
           Path Delay:+    3630            -     
           Drv Adjust:+       0            6     
          Src Latency:+       0            0     
          Net Latency:+       0 (I)        0 (I) 
        Capture Clock:+       0                  
              Arrival:=    3630            6     
                                                 
         Output Delay:-     990                  
          Uncertainty:-     125                  
        Required Time:=    2515                  
         Launch Clock:-       6                  
          Input Delay:-     990                  
            Data Path:-     795                  
                Slack:=     724                  

Exceptions/Constraints:
  max_delay                3630            dut.sdc_line_18         
  input_delay              990             dut.sdc_line_15_3_1     
  output_delay             990             dut.sdc_line_17_922_1   

#---------------------------------------------------------------------------------------
#     Timing Point      Flags   Arc   Edge       Cell        Fanout Trans Delay Arrival 
#                                                                    (ps)  (ps)   (ps)  
#---------------------------------------------------------------------------------------
  mmio_addr[5]          -       -     F     (arrival)             1    43     0     996 
  u_ctrl/g13681__8428/Y -       A->Y  F     OR6_X0P7M_A9TL        2   178   220    1216 
  u_ctrl/g13680__4319/Y -       B->Y  F     OR2_X0P5M_A9TL        2   147   232    1449 
  u_ctrl/g13679__6260/Y -       BN->Y F     NAND2XB_X1M_A9TL      2   121   195    1644 
  u_ctrl/g13678__5107/Y -       A->Y  R     NOR2XB_X1M_A9TL       1   180   148    1791 
  mmio_rdata[0]         -       -     R     (port)                -     -     0    1791 
#---------------------------------------------------------------------------------------



Path 12: MET (724 ps) Late External Delay Assertion at pin mmio_rdata[1]
          Group: in2out
     Startpoint: (F) mmio_addr[5]
          Clock: (R) clk
       Endpoint: (R) mmio_rdata[1]
          Clock: (R) clk

                        Capture       Launch     
           Path Delay:+    3630            -     
           Drv Adjust:+       0            6     
          Src Latency:+       0            0     
          Net Latency:+       0 (I)        0 (I) 
        Capture Clock:+       0                  
              Arrival:=    3630            6     
                                                 
         Output Delay:-     990                  
          Uncertainty:-     125                  
        Required Time:=    2515                  
         Launch Clock:-       6                  
          Input Delay:-     990                  
            Data Path:-     795                  
                Slack:=     724                  

Exceptions/Constraints:
  max_delay                3630            dut.sdc_line_18         
  input_delay              990             dut.sdc_line_15_3_1     
  output_delay             990             dut.sdc_line_17_921_1   

#---------------------------------------------------------------------------------------
#     Timing Point      Flags   Arc   Edge       Cell        Fanout Trans Delay Arrival 
#                                                                    (ps)  (ps)   (ps)  
#---------------------------------------------------------------------------------------
  mmio_addr[5]          -       -     F     (arrival)             1    43     0     996 
  u_ctrl/g13681__8428/Y -       A->Y  F     OR6_X0P7M_A9TL        2   178   220    1216 
  u_ctrl/g13680__4319/Y -       B->Y  F     OR2_X0P5M_A9TL        2   147   232    1449 
  u_ctrl/g13679__6260/Y -       BN->Y F     NAND2XB_X1M_A9TL      2   121   195    1644 
  u_ctrl/g13677__2398/Y -       A->Y  R     NOR2XB_X1M_A9TL       1   180   148    1791 
  mmio_rdata[1]         -       -     R     (port)                -     -     0    1791 
#---------------------------------------------------------------------------------------



Path 13: MET (748 ps) Late External Delay Assertion at pin mmio_rdata[0]
          Group: in2out
     Startpoint: (R) mmio_addr[0]
          Clock: (R) clk
       Endpoint: (F) mmio_rdata[0]
          Clock: (R) clk

                        Capture       Launch     
           Path Delay:+    3630            -     
           Drv Adjust:+       0            8     
          Src Latency:+       0            0     
          Net Latency:+       0 (I)        0 (I) 
        Capture Clock:+       0                  
              Arrival:=    3630            8     
                                                 
         Output Delay:-     990                  
          Uncertainty:-     125                  
        Required Time:=    2515                  
         Launch Clock:-       8                  
          Input Delay:-     990                  
            Data Path:-     769                  
                Slack:=     748                  

Exceptions/Constraints:
  max_delay                3630            dut.sdc_line_18         
  input_delay              990             dut.sdc_line_15_8_1     
  output_delay             990             dut.sdc_line_17_922_1   

#---------------------------------------------------------------------------------------
#     Timing Point      Flags   Arc   Edge       Cell        Fanout Trans Delay Arrival 
#                                                                    (ps)  (ps)   (ps)  
#---------------------------------------------------------------------------------------
  mmio_addr[0]          -       -     R     (arrival)             1    42     0     998 
  u_ctrl/g13681__8428/Y -       F->Y  R     OR6_X0P7M_A9TL        2   206   207    1205 
  u_ctrl/g13680__4319/Y -       B->Y  R     OR2_X0P5M_A9TL        2   202   237    1441 
  u_ctrl/g13679__6260/Y -       BN->Y R     NAND2XB_X1M_A9TL      2   163   210    1652 
  u_ctrl/g13678__5107/Y -       A->Y  F     NOR2XB_X1M_A9TL       1   112   115    1767 
  mmio_rdata[0]         -       -     F     (port)                -     -     0    1767 
#---------------------------------------------------------------------------------------



Path 14: MET (748 ps) Late External Delay Assertion at pin mmio_rdata[1]
          Group: in2out
     Startpoint: (R) mmio_addr[0]
          Clock: (R) clk
       Endpoint: (F) mmio_rdata[1]
          Clock: (R) clk

                        Capture       Launch     
           Path Delay:+    3630            -     
           Drv Adjust:+       0            8     
          Src Latency:+       0            0     
          Net Latency:+       0 (I)        0 (I) 
        Capture Clock:+       0                  
              Arrival:=    3630            8     
                                                 
         Output Delay:-     990                  
          Uncertainty:-     125                  
        Required Time:=    2515                  
         Launch Clock:-       8                  
          Input Delay:-     990                  
            Data Path:-     769                  
                Slack:=     748                  

Exceptions/Constraints:
  max_delay                3630            dut.sdc_line_18         
  input_delay              990             dut.sdc_line_15_8_1     
  output_delay             990             dut.sdc_line_17_921_1   

#---------------------------------------------------------------------------------------
#     Timing Point      Flags   Arc   Edge       Cell        Fanout Trans Delay Arrival 
#                                                                    (ps)  (ps)   (ps)  
#---------------------------------------------------------------------------------------
  mmio_addr[0]          -       -     R     (arrival)             1    42     0     998 
  u_ctrl/g13681__8428/Y -       F->Y  R     OR6_X0P7M_A9TL        2   206   207    1205 
  u_ctrl/g13680__4319/Y -       B->Y  R     OR2_X0P5M_A9TL        2   202   237    1441 
  u_ctrl/g13679__6260/Y -       BN->Y R     NAND2XB_X1M_A9TL      2   163   210    1652 
  u_ctrl/g13677__2398/Y -       A->Y  F     NOR2XB_X1M_A9TL       1   112   115    1767 
  mmio_rdata[1]         -       -     F     (port)                -     -     0    1767 
#---------------------------------------------------------------------------------------



Path 15: MET (753 ps) Late External Delay Assertion at pin mmio_rdata[0]
          Group: in2out
     Startpoint: (R) mmio_addr[7]
          Clock: (R) clk
       Endpoint: (F) mmio_rdata[0]
          Clock: (R) clk

                        Capture       Launch     
           Path Delay:+    3630            -     
           Drv Adjust:+       0            7     
          Src Latency:+       0            0     
          Net Latency:+       0 (I)        0 (I) 
        Capture Clock:+       0                  
              Arrival:=    3630            7     
                                                 
         Output Delay:-     990                  
          Uncertainty:-     125                  
        Required Time:=    2515                  
         Launch Clock:-       7                  
          Input Delay:-     990                  
            Data Path:-     765                  
                Slack:=     753                  

Exceptions/Constraints:
  max_delay                3630            dut.sdc_line_18         
  input_delay              990             dut.sdc_line_15_1_1     
  output_delay             990             dut.sdc_line_17_922_1   

#---------------------------------------------------------------------------------------
#     Timing Point      Flags   Arc   Edge       Cell        Fanout Trans Delay Arrival 
#                                                                    (ps)  (ps)   (ps)  
#---------------------------------------------------------------------------------------
  mmio_addr[7]          -       -     R     (arrival)             1    42     0     997 
  u_ctrl/g13681__8428/Y -       C->Y  R     OR6_X0P7M_A9TL        2   206   202    1200 
  u_ctrl/g13680__4319/Y -       B->Y  R     OR2_X0P5M_A9TL        2   202   237    1436 
  u_ctrl/g13679__6260/Y -       BN->Y R     NAND2XB_X1M_A9TL      2   163   210    1647 
  u_ctrl/g13678__5107/Y -       A->Y  F     NOR2XB_X1M_A9TL       1   112   115    1762 
  mmio_rdata[0]         -       -     F     (port)                -     -     0    1762 
#---------------------------------------------------------------------------------------



Path 16: MET (753 ps) Late External Delay Assertion at pin mmio_rdata[1]
          Group: in2out
     Startpoint: (R) mmio_addr[7]
          Clock: (R) clk
       Endpoint: (F) mmio_rdata[1]
          Clock: (R) clk

                        Capture       Launch     
           Path Delay:+    3630            -     
           Drv Adjust:+       0            7     
          Src Latency:+       0            0     
          Net Latency:+       0 (I)        0 (I) 
        Capture Clock:+       0                  
              Arrival:=    3630            7     
                                                 
         Output Delay:-     990                  
          Uncertainty:-     125                  
        Required Time:=    2515                  
         Launch Clock:-       7                  
          Input Delay:-     990                  
            Data Path:-     765                  
                Slack:=     753                  

Exceptions/Constraints:
  max_delay                3630            dut.sdc_line_18         
  input_delay              990             dut.sdc_line_15_1_1     
  output_delay             990             dut.sdc_line_17_921_1   

#---------------------------------------------------------------------------------------
#     Timing Point      Flags   Arc   Edge       Cell        Fanout Trans Delay Arrival 
#                                                                    (ps)  (ps)   (ps)  
#---------------------------------------------------------------------------------------
  mmio_addr[7]          -       -     R     (arrival)             1    42     0     997 
  u_ctrl/g13681__8428/Y -       C->Y  R     OR6_X0P7M_A9TL        2   206   202    1200 
  u_ctrl/g13680__4319/Y -       B->Y  R     OR2_X0P5M_A9TL        2   202   237    1436 
  u_ctrl/g13679__6260/Y -       BN->Y R     NAND2XB_X1M_A9TL      2   163   210    1647 
  u_ctrl/g13677__2398/Y -       A->Y  F     NOR2XB_X1M_A9TL       1   112   115    1762 
  mmio_rdata[1]         -       -     F     (port)                -     -     0    1762 
#---------------------------------------------------------------------------------------



Path 17: MET (754 ps) Late External Delay Assertion at pin mmio_rdata[0]
          Group: in2out
     Startpoint: (R) mmio_addr[1]
          Clock: (R) clk
       Endpoint: (F) mmio_rdata[0]
          Clock: (R) clk

                        Capture       Launch     
           Path Delay:+    3630            -     
           Drv Adjust:+       0            7     
          Src Latency:+       0            0     
          Net Latency:+       0 (I)        0 (I) 
        Capture Clock:+       0                  
              Arrival:=    3630            7     
                                                 
         Output Delay:-     990                  
          Uncertainty:-     125                  
        Required Time:=    2515                  
         Launch Clock:-       7                  
          Input Delay:-     990                  
            Data Path:-     764                  
                Slack:=     754                  

Exceptions/Constraints:
  max_delay                3630            dut.sdc_line_18         
  input_delay              990             dut.sdc_line_15_7_1     
  output_delay             990             dut.sdc_line_17_922_1   

#---------------------------------------------------------------------------------------
#     Timing Point      Flags   Arc   Edge       Cell        Fanout Trans Delay Arrival 
#                                                                    (ps)  (ps)   (ps)  
#---------------------------------------------------------------------------------------
  mmio_addr[1]          -       -     R     (arrival)             1    42     0     997 
  u_ctrl/g13681__8428/Y -       E->Y  R     OR6_X0P7M_A9TL        2   206   202    1199 
  u_ctrl/g13680__4319/Y -       B->Y  R     OR2_X0P5M_A9TL        2   202   237    1436 
  u_ctrl/g13679__6260/Y -       BN->Y R     NAND2XB_X1M_A9TL      2   163   210    1646 
  u_ctrl/g13678__5107/Y -       A->Y  F     NOR2XB_X1M_A9TL       1   112   115    1761 
  mmio_rdata[0]         -       -     F     (port)                -     -     0    1762 
#---------------------------------------------------------------------------------------



Path 18: MET (754 ps) Late External Delay Assertion at pin mmio_rdata[1]
          Group: in2out
     Startpoint: (R) mmio_addr[1]
          Clock: (R) clk
       Endpoint: (F) mmio_rdata[1]
          Clock: (R) clk

                        Capture       Launch     
           Path Delay:+    3630            -     
           Drv Adjust:+       0            7     
          Src Latency:+       0            0     
          Net Latency:+       0 (I)        0 (I) 
        Capture Clock:+       0                  
              Arrival:=    3630            7     
                                                 
         Output Delay:-     990                  
          Uncertainty:-     125                  
        Required Time:=    2515                  
         Launch Clock:-       7                  
          Input Delay:-     990                  
            Data Path:-     764                  
                Slack:=     754                  

Exceptions/Constraints:
  max_delay                3630            dut.sdc_line_18         
  input_delay              990             dut.sdc_line_15_7_1     
  output_delay             990             dut.sdc_line_17_921_1   

#---------------------------------------------------------------------------------------
#     Timing Point      Flags   Arc   Edge       Cell        Fanout Trans Delay Arrival 
#                                                                    (ps)  (ps)   (ps)  
#---------------------------------------------------------------------------------------
  mmio_addr[1]          -       -     R     (arrival)             1    42     0     997 
  u_ctrl/g13681__8428/Y -       E->Y  R     OR6_X0P7M_A9TL        2   206   202    1199 
  u_ctrl/g13680__4319/Y -       B->Y  R     OR2_X0P5M_A9TL        2   202   237    1436 
  u_ctrl/g13679__6260/Y -       BN->Y R     NAND2XB_X1M_A9TL      2   163   210    1646 
  u_ctrl/g13677__2398/Y -       A->Y  F     NOR2XB_X1M_A9TL       1   112   115    1761 
  mmio_rdata[1]         -       -     F     (port)                -     -     0    1762 
#---------------------------------------------------------------------------------------



Path 19: MET (761 ps) Late External Delay Assertion at pin mmio_rdata[0]
          Group: in2out
     Startpoint: (R) mmio_addr[3]
          Clock: (R) clk
       Endpoint: (F) mmio_rdata[0]
          Clock: (R) clk

                        Capture       Launch     
           Path Delay:+    3630            -     
           Drv Adjust:+       0            7     
          Src Latency:+       0            0     
          Net Latency:+       0 (I)        0 (I) 
        Capture Clock:+       0                  
              Arrival:=    3630            7     
                                                 
         Output Delay:-     990                  
          Uncertainty:-     125                  
        Required Time:=    2515                  
         Launch Clock:-       7                  
          Input Delay:-     990                  
            Data Path:-     757                  
                Slack:=     761                  

Exceptions/Constraints:
  max_delay                3630            dut.sdc_line_18         
  input_delay              990             dut.sdc_line_15_5_1     
  output_delay             990             dut.sdc_line_17_922_1   

#---------------------------------------------------------------------------------------
#     Timing Point      Flags   Arc   Edge       Cell        Fanout Trans Delay Arrival 
#                                                                    (ps)  (ps)   (ps)  
#---------------------------------------------------------------------------------------
  mmio_addr[3]          -       -     R     (arrival)             1    42     0     997 
  u_ctrl/g13681__8428/Y -       B->Y  R     OR6_X0P7M_A9TL        2   206   195    1192 
  u_ctrl/g13680__4319/Y -       B->Y  R     OR2_X0P5M_A9TL        2   202   237    1429 
  u_ctrl/g13679__6260/Y -       BN->Y R     NAND2XB_X1M_A9TL      2   163   210    1639 
  u_ctrl/g13678__5107/Y -       A->Y  F     NOR2XB_X1M_A9TL       1   112   115    1754 
  mmio_rdata[0]         -       -     F     (port)                -     -     0    1754 
#---------------------------------------------------------------------------------------



Path 20: MET (761 ps) Late External Delay Assertion at pin mmio_rdata[1]
          Group: in2out
     Startpoint: (R) mmio_addr[3]
          Clock: (R) clk
       Endpoint: (F) mmio_rdata[1]
          Clock: (R) clk

                        Capture       Launch     
           Path Delay:+    3630            -     
           Drv Adjust:+       0            7     
          Src Latency:+       0            0     
          Net Latency:+       0 (I)        0 (I) 
        Capture Clock:+       0                  
              Arrival:=    3630            7     
                                                 
         Output Delay:-     990                  
          Uncertainty:-     125                  
        Required Time:=    2515                  
         Launch Clock:-       7                  
          Input Delay:-     990                  
            Data Path:-     757                  
                Slack:=     761                  

Exceptions/Constraints:
  max_delay                3630            dut.sdc_line_18         
  input_delay              990             dut.sdc_line_15_5_1     
  output_delay             990             dut.sdc_line_17_921_1   

#---------------------------------------------------------------------------------------
#     Timing Point      Flags   Arc   Edge       Cell        Fanout Trans Delay Arrival 
#                                                                    (ps)  (ps)   (ps)  
#---------------------------------------------------------------------------------------
  mmio_addr[3]          -       -     R     (arrival)             1    42     0     997 
  u_ctrl/g13681__8428/Y -       B->Y  R     OR6_X0P7M_A9TL        2   206   195    1192 
  u_ctrl/g13680__4319/Y -       B->Y  R     OR2_X0P5M_A9TL        2   202   237    1429 
  u_ctrl/g13679__6260/Y -       BN->Y R     NAND2XB_X1M_A9TL      2   163   210    1639 
  u_ctrl/g13677__2398/Y -       A->Y  F     NOR2XB_X1M_A9TL       1   112   115    1754 
  mmio_rdata[1]         -       -     F     (port)                -     -     0    1754 
#---------------------------------------------------------------------------------------



Path 21: MET (762 ps) Late External Delay Assertion at pin mmio_rdata[0]
          Group: in2out
     Startpoint: (R) mmio_addr[6]
          Clock: (R) clk
       Endpoint: (F) mmio_rdata[0]
          Clock: (R) clk

                        Capture       Launch     
           Path Delay:+    3630            -     
           Drv Adjust:+       0            8     
          Src Latency:+       0            0     
          Net Latency:+       0 (I)        0 (I) 
        Capture Clock:+       0                  
              Arrival:=    3630            8     
                                                 
         Output Delay:-     990                  
          Uncertainty:-     125                  
        Required Time:=    2515                  
         Launch Clock:-       8                  
          Input Delay:-     990                  
            Data Path:-     755                  
                Slack:=     762                  

Exceptions/Constraints:
  max_delay                3630            dut.sdc_line_18         
  input_delay              990             dut.sdc_line_15_2_1     
  output_delay             990             dut.sdc_line_17_922_1   

#---------------------------------------------------------------------------------------
#     Timing Point      Flags   Arc   Edge       Cell        Fanout Trans Delay Arrival 
#                                                                    (ps)  (ps)   (ps)  
#---------------------------------------------------------------------------------------
  mmio_addr[6]          -       -     R     (arrival)             1    42     0     998 
  u_ctrl/g13681__8428/Y -       D->Y  R     OR6_X0P7M_A9TL        2   206   193    1191 
  u_ctrl/g13680__4319/Y -       B->Y  R     OR2_X0P5M_A9TL        2   202   237    1427 
  u_ctrl/g13679__6260/Y -       BN->Y R     NAND2XB_X1M_A9TL      2   163   210    1638 
  u_ctrl/g13678__5107/Y -       A->Y  F     NOR2XB_X1M_A9TL       1   112   115    1753 
  mmio_rdata[0]         -       -     F     (port)                -     -     0    1753 
#---------------------------------------------------------------------------------------



Path 22: MET (762 ps) Late External Delay Assertion at pin mmio_rdata[1]
          Group: in2out
     Startpoint: (R) mmio_addr[6]
          Clock: (R) clk
       Endpoint: (F) mmio_rdata[1]
          Clock: (R) clk

                        Capture       Launch     
           Path Delay:+    3630            -     
           Drv Adjust:+       0            8     
          Src Latency:+       0            0     
          Net Latency:+       0 (I)        0 (I) 
        Capture Clock:+       0                  
              Arrival:=    3630            8     
                                                 
         Output Delay:-     990                  
          Uncertainty:-     125                  
        Required Time:=    2515                  
         Launch Clock:-       8                  
          Input Delay:-     990                  
            Data Path:-     755                  
                Slack:=     762                  

Exceptions/Constraints:
  max_delay                3630            dut.sdc_line_18         
  input_delay              990             dut.sdc_line_15_2_1     
  output_delay             990             dut.sdc_line_17_921_1   

#---------------------------------------------------------------------------------------
#     Timing Point      Flags   Arc   Edge       Cell        Fanout Trans Delay Arrival 
#                                                                    (ps)  (ps)   (ps)  
#---------------------------------------------------------------------------------------
  mmio_addr[6]          -       -     R     (arrival)             1    42     0     998 
  u_ctrl/g13681__8428/Y -       D->Y  R     OR6_X0P7M_A9TL        2   206   193    1191 
  u_ctrl/g13680__4319/Y -       B->Y  R     OR2_X0P5M_A9TL        2   202   237    1427 
  u_ctrl/g13679__6260/Y -       BN->Y R     NAND2XB_X1M_A9TL      2   163   210    1638 
  u_ctrl/g13677__2398/Y -       A->Y  F     NOR2XB_X1M_A9TL       1   112   115    1753 
  mmio_rdata[1]         -       -     F     (port)                -     -     0    1753 
#---------------------------------------------------------------------------------------



Path 23: MET (767 ps) Late External Delay Assertion at pin mmio_rdata[0]
          Group: in2out
     Startpoint: (R) mmio_addr[5]
          Clock: (R) clk
       Endpoint: (F) mmio_rdata[0]
          Clock: (R) clk

                        Capture       Launch     
           Path Delay:+    3630            -     
           Drv Adjust:+       0            8     
          Src Latency:+       0            0     
          Net Latency:+       0 (I)        0 (I) 
        Capture Clock:+       0                  
              Arrival:=    3630            8     
                                                 
         Output Delay:-     990                  
          Uncertainty:-     125                  
        Required Time:=    2515                  
         Launch Clock:-       8                  
          Input Delay:-     990                  
            Data Path:-     750                  
                Slack:=     767                  

Exceptions/Constraints:
  max_delay                3630            dut.sdc_line_18         
  input_delay              990             dut.sdc_line_15_3_1     
  output_delay             990             dut.sdc_line_17_922_1   

#---------------------------------------------------------------------------------------
#     Timing Point      Flags   Arc   Edge       Cell        Fanout Trans Delay Arrival 
#                                                                    (ps)  (ps)   (ps)  
#---------------------------------------------------------------------------------------
  mmio_addr[5]          -       -     R     (arrival)             1    42     0     998 
  u_ctrl/g13681__8428/Y -       A->Y  R     OR6_X0P7M_A9TL        2   206   188    1185 
  u_ctrl/g13680__4319/Y -       B->Y  R     OR2_X0P5M_A9TL        2   202   237    1422 
  u_ctrl/g13679__6260/Y -       BN->Y R     NAND2XB_X1M_A9TL      2   163   210    1632 
  u_ctrl/g13678__5107/Y -       A->Y  F     NOR2XB_X1M_A9TL       1   112   115    1748 
  mmio_rdata[0]         -       -     F     (port)                -     -     0    1748 
#---------------------------------------------------------------------------------------



Path 24: MET (767 ps) Late External Delay Assertion at pin mmio_rdata[1]
          Group: in2out
     Startpoint: (R) mmio_addr[5]
          Clock: (R) clk
       Endpoint: (F) mmio_rdata[1]
          Clock: (R) clk

                        Capture       Launch     
           Path Delay:+    3630            -     
           Drv Adjust:+       0            8     
          Src Latency:+       0            0     
          Net Latency:+       0 (I)        0 (I) 
        Capture Clock:+       0                  
              Arrival:=    3630            8     
                                                 
         Output Delay:-     990                  
          Uncertainty:-     125                  
        Required Time:=    2515                  
         Launch Clock:-       8                  
          Input Delay:-     990                  
            Data Path:-     750                  
                Slack:=     767                  

Exceptions/Constraints:
  max_delay                3630            dut.sdc_line_18         
  input_delay              990             dut.sdc_line_15_3_1     
  output_delay             990             dut.sdc_line_17_921_1   

#---------------------------------------------------------------------------------------
#     Timing Point      Flags   Arc   Edge       Cell        Fanout Trans Delay Arrival 
#                                                                    (ps)  (ps)   (ps)  
#---------------------------------------------------------------------------------------
  mmio_addr[5]          -       -     R     (arrival)             1    42     0     998 
  u_ctrl/g13681__8428/Y -       A->Y  R     OR6_X0P7M_A9TL        2   206   188    1185 
  u_ctrl/g13680__4319/Y -       B->Y  R     OR2_X0P5M_A9TL        2   202   237    1422 
  u_ctrl/g13679__6260/Y -       BN->Y R     NAND2XB_X1M_A9TL      2   163   210    1632 
  u_ctrl/g13677__2398/Y -       A->Y  F     NOR2XB_X1M_A9TL       1   112   115    1748 
  mmio_rdata[1]         -       -     F     (port)                -     -     0    1748 
#---------------------------------------------------------------------------------------



Path 25: MET (992 ps) Late External Delay Assertion at pin mmio_rdata[0]
          Group: in2out
     Startpoint: (F) mmio_addr[4]
          Clock: (R) clk
       Endpoint: (R) mmio_rdata[0]
          Clock: (R) clk

                        Capture       Launch     
           Path Delay:+    3630            -     
           Drv Adjust:+       0           10     
          Src Latency:+       0            0     
          Net Latency:+       0 (I)        0 (I) 
        Capture Clock:+       0                  
              Arrival:=    3630           10     
                                                 
         Output Delay:-     990                  
          Uncertainty:-     125                  
        Required Time:=    2515                  
         Launch Clock:-      10                  
          Input Delay:-     990                  
            Data Path:-     522                  
                Slack:=     992                  

Exceptions/Constraints:
  max_delay                3630            dut.sdc_line_18         
  input_delay              990             dut.sdc_line_15_4_1     
  output_delay             990             dut.sdc_line_17_922_1   

#---------------------------------------------------------------------------------------
#     Timing Point      Flags   Arc   Edge       Cell        Fanout Trans Delay Arrival 
#                                                                    (ps)  (ps)   (ps)  
#---------------------------------------------------------------------------------------
  mmio_addr[4]          -       -     F     (arrival)             2    48     0    1000 
  u_ctrl/g13680__4319/Y -       A->Y  F     OR2_X0P5M_A9TL        2   147   180    1180 
  u_ctrl/g13679__6260/Y -       BN->Y F     NAND2XB_X1M_A9TL      2   121   195    1375 
  u_ctrl/g13678__5107/Y -       A->Y  R     NOR2XB_X1M_A9TL       1   180   148    1523 
  mmio_rdata[0]         -       -     R     (port)                -     -     0    1523 
#---------------------------------------------------------------------------------------



Path 26: MET (992 ps) Late External Delay Assertion at pin mmio_rdata[1]
          Group: in2out
     Startpoint: (F) mmio_addr[4]
          Clock: (R) clk
       Endpoint: (R) mmio_rdata[1]
          Clock: (R) clk

                        Capture       Launch     
           Path Delay:+    3630            -     
           Drv Adjust:+       0           10     
          Src Latency:+       0            0     
          Net Latency:+       0 (I)        0 (I) 
        Capture Clock:+       0                  
              Arrival:=    3630           10     
                                                 
         Output Delay:-     990                  
          Uncertainty:-     125                  
        Required Time:=    2515                  
         Launch Clock:-      10                  
          Input Delay:-     990                  
            Data Path:-     522                  
                Slack:=     992                  

Exceptions/Constraints:
  max_delay                3630            dut.sdc_line_18         
  input_delay              990             dut.sdc_line_15_4_1     
  output_delay             990             dut.sdc_line_17_921_1   

#---------------------------------------------------------------------------------------
#     Timing Point      Flags   Arc   Edge       Cell        Fanout Trans Delay Arrival 
#                                                                    (ps)  (ps)   (ps)  
#---------------------------------------------------------------------------------------
  mmio_addr[4]          -       -     F     (arrival)             2    48     0    1000 
  u_ctrl/g13680__4319/Y -       A->Y  F     OR2_X0P5M_A9TL        2   147   180    1180 
  u_ctrl/g13679__6260/Y -       BN->Y F     NAND2XB_X1M_A9TL      2   121   195    1375 
  u_ctrl/g13677__2398/Y -       A->Y  R     NOR2XB_X1M_A9TL       1   180   148    1523 
  mmio_rdata[1]         -       -     R     (port)                -     -     0    1523 
#---------------------------------------------------------------------------------------



Path 27: MET (1010 ps) Late External Delay Assertion at pin mmio_rdata[0]
          Group: in2out
     Startpoint: (R) mmio_addr[4]
          Clock: (R) clk
       Endpoint: (F) mmio_rdata[0]
          Clock: (R) clk

                        Capture       Launch     
           Path Delay:+    3630            -     
           Drv Adjust:+       0           12     
          Src Latency:+       0            0     
          Net Latency:+       0 (I)        0 (I) 
        Capture Clock:+       0                  
              Arrival:=    3630           12     
                                                 
         Output Delay:-     990                  
          Uncertainty:-     125                  
        Required Time:=    2515                  
         Launch Clock:-      12                  
          Input Delay:-     990                  
            Data Path:-     503                  
                Slack:=    1010                  

Exceptions/Constraints:
  max_delay                3630            dut.sdc_line_18         
  input_delay              990             dut.sdc_line_15_4_1     
  output_delay             990             dut.sdc_line_17_922_1   

#---------------------------------------------------------------------------------------
#     Timing Point      Flags   Arc   Edge       Cell        Fanout Trans Delay Arrival 
#                                                                    (ps)  (ps)   (ps)  
#---------------------------------------------------------------------------------------
  mmio_addr[4]          -       -     R     (arrival)             2    48     0    1002 
  u_ctrl/g13680__4319/Y -       A->Y  R     OR2_X0P5M_A9TL        2   202   178    1180 
  u_ctrl/g13679__6260/Y -       BN->Y R     NAND2XB_X1M_A9TL      2   163   210    1390 
  u_ctrl/g13678__5107/Y -       A->Y  F     NOR2XB_X1M_A9TL       1   112   115    1505 
  mmio_rdata[0]         -       -     F     (port)                -     -     0    1506 
#---------------------------------------------------------------------------------------



Path 28: MET (1010 ps) Late External Delay Assertion at pin mmio_rdata[1]
          Group: in2out
     Startpoint: (R) mmio_addr[4]
          Clock: (R) clk
       Endpoint: (F) mmio_rdata[1]
          Clock: (R) clk

                        Capture       Launch     
           Path Delay:+    3630            -     
           Drv Adjust:+       0           12     
          Src Latency:+       0            0     
          Net Latency:+       0 (I)        0 (I) 
        Capture Clock:+       0                  
              Arrival:=    3630           12     
                                                 
         Output Delay:-     990                  
          Uncertainty:-     125                  
        Required Time:=    2515                  
         Launch Clock:-      12                  
          Input Delay:-     990                  
            Data Path:-     503                  
                Slack:=    1010                  

Exceptions/Constraints:
  max_delay                3630            dut.sdc_line_18         
  input_delay              990             dut.sdc_line_15_4_1     
  output_delay             990             dut.sdc_line_17_921_1   

#---------------------------------------------------------------------------------------
#     Timing Point      Flags   Arc   Edge       Cell        Fanout Trans Delay Arrival 
#                                                                    (ps)  (ps)   (ps)  
#---------------------------------------------------------------------------------------
  mmio_addr[4]          -       -     R     (arrival)             2    48     0    1002 
  u_ctrl/g13680__4319/Y -       A->Y  R     OR2_X0P5M_A9TL        2   202   178    1180 
  u_ctrl/g13679__6260/Y -       BN->Y R     NAND2XB_X1M_A9TL      2   163   210    1390 
  u_ctrl/g13677__2398/Y -       A->Y  F     NOR2XB_X1M_A9TL       1   112   115    1505 
  mmio_rdata[1]         -       -     F     (port)                -     -     0    1506 
#---------------------------------------------------------------------------------------



Path 29: MET (1268 ps) Late External Delay Assertion at pin mmio_rdata[0]
          Group: in2out
     Startpoint: (R) mmio_addr[2]
          Clock: (R) clk
       Endpoint: (R) mmio_rdata[0]
          Clock: (R) clk

                        Capture       Launch     
           Path Delay:+    3630            -     
           Drv Adjust:+       0           18     
          Src Latency:+       0            0     
          Net Latency:+       0 (I)        0 (I) 
        Capture Clock:+       0                  
              Arrival:=    3630           18     
                                                 
         Output Delay:-     990                  
          Uncertainty:-     125                  
        Required Time:=    2515                  
         Launch Clock:-      18                  
          Input Delay:-     990                  
            Data Path:-     239                  
                Slack:=    1268                  

Exceptions/Constraints:
  max_delay                3630            dut.sdc_line_18         
  input_delay              990             dut.sdc_line_15_6_1     
  output_delay             990             dut.sdc_line_17_922_1   

#---------------------------------------------------------------------------------------
#     Timing Point      Flags   Arc   Edge       Cell        Fanout Trans Delay Arrival 
#                                                                    (ps)  (ps)   (ps)  
#---------------------------------------------------------------------------------------
  mmio_addr[2]          -       -     R     (arrival)             3    57     0    1008 
  u_ctrl/g13679__6260/Y -       A->Y  F     NAND2XB_X1M_A9TL      2   121    92    1100 
  u_ctrl/g13678__5107/Y -       A->Y  R     NOR2XB_X1M_A9TL       1   180   148    1247 
  mmio_rdata[0]         -       -     R     (port)                -     -     0    1247 
#---------------------------------------------------------------------------------------



Path 30: MET (1268 ps) Late External Delay Assertion at pin mmio_rdata[1]
          Group: in2out
     Startpoint: (R) mmio_addr[2]
          Clock: (R) clk
       Endpoint: (R) mmio_rdata[1]
          Clock: (R) clk

                        Capture       Launch     
           Path Delay:+    3630            -     
           Drv Adjust:+       0           18     
          Src Latency:+       0            0     
          Net Latency:+       0 (I)        0 (I) 
        Capture Clock:+       0                  
              Arrival:=    3630           18     
                                                 
         Output Delay:-     990                  
          Uncertainty:-     125                  
        Required Time:=    2515                  
         Launch Clock:-      18                  
          Input Delay:-     990                  
            Data Path:-     239                  
                Slack:=    1268                  

Exceptions/Constraints:
  max_delay                3630            dut.sdc_line_18         
  input_delay              990             dut.sdc_line_15_6_1     
  output_delay             990             dut.sdc_line_17_921_1   

#---------------------------------------------------------------------------------------
#     Timing Point      Flags   Arc   Edge       Cell        Fanout Trans Delay Arrival 
#                                                                    (ps)  (ps)   (ps)  
#---------------------------------------------------------------------------------------
  mmio_addr[2]          -       -     R     (arrival)             3    57     0    1008 
  u_ctrl/g13679__6260/Y -       A->Y  F     NAND2XB_X1M_A9TL      2   121    92    1100 
  u_ctrl/g13677__2398/Y -       A->Y  R     NOR2XB_X1M_A9TL       1   180   148    1247 
  mmio_rdata[1]         -       -     R     (port)                -     -     0    1247 
#---------------------------------------------------------------------------------------



Path 31: MET (1285 ps) Late External Delay Assertion at pin mmio_rdata[0]
          Group: in2out
     Startpoint: (F) mmio_addr[2]
          Clock: (R) clk
       Endpoint: (F) mmio_rdata[0]
          Clock: (R) clk

                        Capture       Launch     
           Path Delay:+    3630            -     
           Drv Adjust:+       0           15     
          Src Latency:+       0            0     
          Net Latency:+       0 (I)        0 (I) 
        Capture Clock:+       0                  
              Arrival:=    3630           15     
                                                 
         Output Delay:-     990                  
          Uncertainty:-     125                  
        Required Time:=    2515                  
         Launch Clock:-      15                  
          Input Delay:-     990                  
            Data Path:-     225                  
                Slack:=    1285                  

Exceptions/Constraints:
  max_delay                3630            dut.sdc_line_18         
  input_delay              990             dut.sdc_line_15_6_1     
  output_delay             990             dut.sdc_line_17_922_1   

#---------------------------------------------------------------------------------------
#     Timing Point      Flags   Arc   Edge       Cell        Fanout Trans Delay Arrival 
#                                                                    (ps)  (ps)   (ps)  
#---------------------------------------------------------------------------------------
  mmio_addr[2]          -       -     F     (arrival)             3    53     0    1005 
  u_ctrl/g13679__6260/Y -       A->Y  R     NAND2XB_X1M_A9TL      2   163   110    1115 
  u_ctrl/g13678__5107/Y -       A->Y  F     NOR2XB_X1M_A9TL       1   112   115    1230 
  mmio_rdata[0]         -       -     F     (port)                -     -     0    1230 
#---------------------------------------------------------------------------------------



Path 32: MET (1285 ps) Late External Delay Assertion at pin mmio_rdata[1]
          Group: in2out
     Startpoint: (F) mmio_addr[2]
          Clock: (R) clk
       Endpoint: (F) mmio_rdata[1]
          Clock: (R) clk

                        Capture       Launch     
           Path Delay:+    3630            -     
           Drv Adjust:+       0           15     
          Src Latency:+       0            0     
          Net Latency:+       0 (I)        0 (I) 
        Capture Clock:+       0                  
              Arrival:=    3630           15     
                                                 
         Output Delay:-     990                  
          Uncertainty:-     125                  
        Required Time:=    2515                  
         Launch Clock:-      15                  
          Input Delay:-     990                  
            Data Path:-     225                  
                Slack:=    1285                  

Exceptions/Constraints:
  max_delay                3630            dut.sdc_line_18         
  input_delay              990             dut.sdc_line_15_6_1     
  output_delay             990             dut.sdc_line_17_921_1   

#---------------------------------------------------------------------------------------
#     Timing Point      Flags   Arc   Edge       Cell        Fanout Trans Delay Arrival 
#                                                                    (ps)  (ps)   (ps)  
#---------------------------------------------------------------------------------------
  mmio_addr[2]          -       -     F     (arrival)             3    53     0    1005 
  u_ctrl/g13679__6260/Y -       A->Y  R     NAND2XB_X1M_A9TL      2   163   110    1115 
  u_ctrl/g13677__2398/Y -       A->Y  F     NOR2XB_X1M_A9TL       1   112   115    1230 
  mmio_rdata[1]         -       -     F     (port)                -     -     0    1230 
#---------------------------------------------------------------------------------------

