============================================================
  Generated by:           Genus(TM) Synthesis Solution 25.12-s067_1
  Generated on:           Sep 23 2026  05:12:23 pm
  Module:                 tr_soc_top_mx
  Operating conditions:   ss_typical_max_0p90v_125c (balanced_tree)
  Wireload mode:          top
  Area mode:              timing library
============================================================


Path 1: MET (114 ps) Setup Check with Pin u_vpu/u_vecmul/b_reg_reg[4][15]/CK->D
          Group: in2reg
     Startpoint: (R) ext_sram_b[4][0]
          Clock: (R) clk
       Endpoint: (R) u_vpu/u_vecmul/b_reg_reg[4][15]/D
          Clock: (R) clk

                     Capture       Launch     
        Clock Edge:+    3300            0     
        Drv Adjust:+       0           10     
       Src Latency:+       0            0     
       Net Latency:+       0 (I)        0 (I) 
           Arrival:=    3300           10     
                                              
             Setup:-     122                  
       Uncertainty:-     125                  
     Required Time:=    3053                  
      Launch Clock:-      10                  
       Input Delay:-     990                  
         Data Path:-    1939                  
             Slack:=     114                  

Exceptions/Constraints:
  input_delay             990             dut.sdc_line_15_539_1   

#----------------------------------------------------------------------------------------------------
#           Timing Point            Flags    Arc   Edge       Cell        Fanout Trans Delay Arrival 
#                                                                                 (ps)  (ps)   (ps)  
#----------------------------------------------------------------------------------------------------
  ext_sram_b[4][0]                  -       -      R     (arrival)             1    46     0    1000 
  g4508/Y                           -       B0->Y  R     AO1B2_X4M_A9TL        4   105   132    1132 
  u_vpu/u_sym/g8721/Y               -       A->Y   F     INV_X4M_A9TL          1    44    49    1181 
  u_vpu/u_sym/g8523/Y               -       A1->Y  R     AOI21_X6M_A9TL        2   129   104    1285 
  u_vpu/u_sym/g8507/Y               -       A->Y   F     NOR2_X8M_A9TL         2    66    65    1349 
  u_vpu/u_sym/g8479/Y               -       A->Y   R     NOR2_X8B_A9TL         2    92    72    1421 
  u_vpu/u_sym/g8473/Y               -       A->Y   F     NOR2_X8M_A9TL         3   103    61    1482 
  u_vpu/u_sym/g8447/Y               -       A0->Y  R     AOI21_X6M_A9TL        3   115   113    1595 
  u_vpu/u_sym/g8429/Y               -       A0->Y  F     AOI21_X6M_A9TL        3   125    89    1684 
  u_vpu/u_sym/g8399/Y               -       A0->Y  R     OAI2XB1_X8M_A9TL      3   108   111    1795 
  u_vpu/u_sym/g8376/Y               -       A0->Y  F     AOI21_X6M_A9TL        3   118    75    1870 
  u_vpu/u_sym/g8348/Y               -       B1->Y  F     AO1B2_X4M_A9TL        2    83   150    2020 
  u_vpu/u_sym/g8330/Y               -       A->Y   R     NAND2XB_X6M_A9TL      2    78    70    2089 
  u_vpu/u_sym/g8300/Y               -       A->Y   F     NAND2XB_X6M_A9TL      2    50    51    2140 
  u_vpu/u_sym/g8284/Y               -       A->Y   R     NAND2XB_X6M_A9TL      2    78    59    2199 
  u_vpu/u_sym/g8260/Y               -       A->Y   F     NAND2_X6M_A9TL        2    55    52    2251 
  u_vpu/u_sym/g8244/Y               -       A->Y   R     NAND2XB_X6M_A9TL      2    78    60    2311 
  u_vpu/u_sym/g8220/Y               -       A->Y   F     NAND2_X6M_A9TL        2    46    48    2359 
  u_vpu/u_sym/g8213/Y               -       A->Y   R     NAND2XB_X4M_A9TL      2    97    70    2429 
  u_vpu/u_sym/g8189/Y               -       A->Y   F     NAND2_X6M_A9TL        2    54    54    2483 
  u_vpu/u_sym/g8173/Y               -       A->Y   R     NAND2XB_X6M_A9TL      2    77    59    2542 
  u_vpu/u_sym/g8133/Y               -       A0->Y  F     AOI2XB1_X4M_A9TL      2   120    76    2618 
  u_vpu/u_sym/g8114/Y               -       A->Y   R     NOR2_X4A_A9TL         1    89    88    2706 
  u_vpu/u_sym/g8107/Y               -       A->Y   R     XOR2_X2M_A9TL         1   240   120    2826 
  u_vpu/g11937/Y                    -       A->Y   F     NAND2_X6M_A9TL        1    76    65    2892 
  u_vpu/g11833/Y                    -       B0N->Y R     AO21B_X4M_A9TL        1    54    48    2939 
  u_vpu/u_vecmul/b_reg_reg[4][15]/D -       -      R     SDFFQ_X4M_A9TL        1     -     0    2940 
#----------------------------------------------------------------------------------------------------

