============================================================
  Generated by:           Genus(TM) Synthesis Solution 25.12-s067_1
  Generated on:           Sep 24 2026  03:26:53 pm
  Module:                 tr_soc_top_mx
  Operating conditions:   ss_typical_max_0p90v_125c (balanced_tree)
  Wireload mode:          top
  Area mode:              timing library
============================================================


Path 1: MET (0 ps) Setup Check with Pin u_vpu/u_vecmul/prod_reg_reg[3][19]/CK->D
          Group: reg2reg
     Startpoint: (R) u_vpu/u_vecmul/b_reg_reg[3][0]/CK
          Clock: (R) clk
       Endpoint: (R) u_vpu/u_vecmul/prod_reg_reg[3][19]/D
          Clock: (R) clk

                     Capture       Launch     
        Clock Edge:+    3300            0     
       Src Latency:+       0            0     
       Net Latency:+       0 (I)        0 (I) 
           Arrival:=    3300            0     
                                              
             Setup:-     194                  
       Uncertainty:-     125                  
     Required Time:=    2981                  
      Launch Clock:-       0                  
         Data Path:-    2981                  
             Slack:=       0                  

#------------------------------------------------------------------------------------------------------------------------------------
#                           Timing Point                            Flags    Arc   Edge       Cell        Fanout Trans Delay Arrival 
#                                                                                                                 (ps)  (ps)   (ps)  
#------------------------------------------------------------------------------------------------------------------------------------
  u_vpu/u_vecmul/b_reg_reg[3][0]/CK                                 -       -      R     (arrival)          3650     0     0       0 
  u_vpu/u_vecmul/b_reg_reg[3][0]/Q                                  -       CK->Q  R     SDFFQ_X4M_A9TL       15   199   314     314 
  u_vpu/u_vecmul/mul_77_60_I4_Y_mul_76_60_I4_Y_mul_78_71_I4_g5845/Y -       A->Y   F     INV_X7P5M_A9TL       13    88    93     407 
  u_vpu/u_vecmul/drc_buf_sp11896/Y                                  -       A->Y   F     BUF_X3M_A9TL         12   126   173     580 
  u_vpu/u_vecmul/mul_77_60_I4_Y_mul_76_60_I4_Y_mul_78_71_I4_g5650/Y -       B0->Y  R     OAI22_X1M_A9TL        1   200   138     719 
  u_vpu/u_vecmul/g12482/Y                                           -       B1->Y  R     AO22_X1M_A9TL         2   120   191     910 
  u_vpu/u_vecmul/mul_77_60_I4_Y_mul_76_60_I4_Y_mul_78_71_I4_g5324/Y -       A->Y   F     NAND2XB_X1M_A9TL      3   187   148    1058 
  u_vpu/u_vecmul/mul_77_60_I4_Y_mul_76_60_I4_Y_mul_78_71_I4_g5241/Y -       A1->Y  R     OAI21_X2M_A9TL        2   153   169    1227 
  u_vpu/u_vecmul/g12476/Y                                           -       A1->Y  R     AO21B_X2M_A9TL        2   105   185    1412 
  u_vpu/u_vecmul/mul_77_60_I4_Y_mul_76_60_I4_Y_mul_78_71_I4_g5233/Y -       B->Y   F     NAND2_X4M_A9TL        1    52    61    1474 
  u_vpu/u_vecmul/mul_77_60_I4_Y_mul_76_60_I4_Y_mul_78_71_I4_g5232/Y -       A->Y   R     NAND2_X4A_A9TL        2    64    49    1523 
  u_vpu/u_vecmul/g12475/Y                                           -       A1->Y  R     AO21B_X4M_A9TL        2    64   128    1651 
  u_vpu/u_vecmul/mul_77_60_I4_Y_mul_76_60_I4_Y_mul_78_71_I4_g5217/Y -       B0->Y  F     OAI21_X3M_A9TL        1    75    68    1720 
  u_vpu/u_vecmul/mul_77_60_I4_Y_mul_76_60_I4_Y_mul_78_71_I4_g5216/Y -       A->Y   R     NAND2_X4M_A9TL        2    77    67    1787 
  u_vpu/u_vecmul/g12474/Y                                           -       A0->Y  R     AO21B_X4M_A9TL        3    74   136    1923 
  u_vpu/u_vecmul/mul_77_60_I4_Y_mul_76_60_I4_Y_mul_78_71_I4_g5178/Y -       A1N->Y R     OAI2XB1_X4M_A9TL      2   110   154    2077 
  u_vpu/u_vecmul/mul_77_60_I4_Y_mul_76_60_I4_Y_mul_78_71_I4_g5169/Y -       B0->Y  R     AO1B2_X4M_A9TL        2    73   139    2216 
  u_vpu/u_vecmul/g12472/Y                                           -       A0->Y  R     AO21B_X6M_A9TL        4    74   135    2352 
  u_vpu/u_vecmul/mul_77_60_I4_Y_mul_76_60_I4_Y_mul_78_71_I4_g5057/Y -       A->Y   F     NAND3_X4M_A9TL        1    89    69    2420 
  u_vpu/u_vecmul/mul_77_60_I4_Y_mul_76_60_I4_Y_mul_78_71_I4_g5024/Y -       A->Y   R     NAND3_X6M_A9TL        2   113    89    2509 
  u_vpu/u_vecmul/mul_77_60_I4_Y_mul_76_60_I4_Y_mul_78_71_I4_g5023/Y -       A->Y   F     INV_X6M_A9TL          4    58    65    2574 
  u_vpu/u_vecmul/mul_77_60_I4_Y_mul_76_60_I4_Y_mul_78_71_I4_g5963/Y -       A0->Y  R     OAI21B_X3M_A9TL       2   123   102    2676 
  u_vpu/u_vecmul/mul_77_60_I4_Y_mul_76_60_I4_Y_mul_78_71_I4_g5960/Y -       A1N->Y R     OAI2XB1_X2M_A9TL      1   127   187    2864 
  u_vpu/u_vecmul/mul_77_60_I4_Y_mul_76_60_I4_Y_mul_78_71_I4_g4981/Y -       A->Y   R     XOR2_X1M_A9TL         1   191   117    2981 
  u_vpu/u_vecmul/prod_reg_reg[3][19]/D                              -       -      R     SDFFQ_X1M_A9TL        1     -     0    2981 
#------------------------------------------------------------------------------------------------------------------------------------

