============================================================
  Generated by:           Genus(TM) Synthesis Solution 25.12-s067_1
  Generated on:           Sep 16 2026  09:12:56 pm
  Module:                 tr_soc_top_mx
  Operating conditions:   ss_typical_max_0p90v_125c (balanced_tree)
  Wireload mode:          top
  Area mode:              timing library
============================================================


Path 1: MET (1700 ps) Late External Delay Assertion at pin mmio_rdata[0]
          Group: reg2out
     Startpoint: (R) u_ctrl/reg_busy_reg/CK
          Clock: (R) clk
       Endpoint: (R) mmio_rdata[0]
          Clock: (R) clk

                     Capture       Launch     
        Clock Edge:+    3300            0     
       Src Latency:+       0            0     
       Net Latency:+       0 (I)        0 (I) 
           Arrival:=    3300            0     
                                              
      Output Delay:-     990                  
       Uncertainty:-     125                  
     Required Time:=    2185                  
      Launch Clock:-       0                  
         Data Path:-     485                  
             Slack:=    1700                  

Exceptions/Constraints:
  output_delay             990             dut.sdc_line_17_922_1   

#---------------------------------------------------------------------------------------
#     Timing Point       Flags   Arc   Edge      Cell        Fanout Trans Delay Arrival 
#                                                                    (ps)  (ps)   (ps)  
#---------------------------------------------------------------------------------------
  u_ctrl/reg_busy_reg/CK -       -     R     (arrival)         3570     0     0       0 
  u_ctrl/reg_busy_reg/Q  -       CK->Q R     DFFRPQ_X1M_A9TL      1    74   301     301 
  u_ctrl/g13678__5107/Y  -       BN->Y R     NOR2XB_X1M_A9TL      1   180   184     485 
  mmio_rdata[0]          -       -     R     (port)               -     -     0     485 
#---------------------------------------------------------------------------------------



Path 2: MET (1700 ps) Late External Delay Assertion at pin mmio_rdata[1]
          Group: reg2out
     Startpoint: (R) u_ctrl/reg_done_reg/CK
          Clock: (R) clk
       Endpoint: (R) mmio_rdata[1]
          Clock: (R) clk

                     Capture       Launch     
        Clock Edge:+    3300            0     
       Src Latency:+       0            0     
       Net Latency:+       0 (I)        0 (I) 
           Arrival:=    3300            0     
                                              
      Output Delay:-     990                  
       Uncertainty:-     125                  
     Required Time:=    2185                  
      Launch Clock:-       0                  
         Data Path:-     485                  
             Slack:=    1700                  

Exceptions/Constraints:
  output_delay             990             dut.sdc_line_17_921_1   

#---------------------------------------------------------------------------------------
#     Timing Point       Flags   Arc   Edge      Cell        Fanout Trans Delay Arrival 
#                                                                    (ps)  (ps)   (ps)  
#---------------------------------------------------------------------------------------
  u_ctrl/reg_done_reg/CK -       -     R     (arrival)         3570     0     0       0 
  u_ctrl/reg_done_reg/Q  -       CK->Q R     DFFRPQ_X1M_A9TL      1    74   301     301 
  u_ctrl/g13677__2398/Y  -       BN->Y R     NOR2XB_X1M_A9TL      1   180   184     485 
  mmio_rdata[1]          -       -     R     (port)               -     -     0     485 
#---------------------------------------------------------------------------------------



Path 3: MET (1734 ps) Late External Delay Assertion at pin mmio_rdata[0]
          Group: reg2out
     Startpoint: (R) u_ctrl/reg_busy_reg/CK
          Clock: (R) clk
       Endpoint: (F) mmio_rdata[0]
          Clock: (R) clk

                     Capture       Launch     
        Clock Edge:+    3300            0     
       Src Latency:+       0            0     
       Net Latency:+       0 (I)        0 (I) 
           Arrival:=    3300            0     
                                              
      Output Delay:-     990                  
       Uncertainty:-     125                  
     Required Time:=    2185                  
      Launch Clock:-       0                  
         Data Path:-     450                  
             Slack:=    1734                  

Exceptions/Constraints:
  output_delay             990             dut.sdc_line_17_922_1   

#---------------------------------------------------------------------------------------
#     Timing Point       Flags   Arc   Edge      Cell        Fanout Trans Delay Arrival 
#                                                                    (ps)  (ps)   (ps)  
#---------------------------------------------------------------------------------------
  u_ctrl/reg_busy_reg/CK -       -     R     (arrival)         3570     0     0       0 
  u_ctrl/reg_busy_reg/Q  -       CK->Q F     DFFRPQ_X1M_A9TL      1    58   296     296 
  u_ctrl/g13678__5107/Y  -       BN->Y F     NOR2XB_X1M_A9TL      1   112   154     450 
  mmio_rdata[0]          -       -     F     (port)               -     -     0     450 
#---------------------------------------------------------------------------------------



Path 4: MET (1734 ps) Late External Delay Assertion at pin mmio_rdata[1]
          Group: reg2out
     Startpoint: (R) u_ctrl/reg_done_reg/CK
          Clock: (R) clk
       Endpoint: (F) mmio_rdata[1]
          Clock: (R) clk

                     Capture       Launch     
        Clock Edge:+    3300            0     
       Src Latency:+       0            0     
       Net Latency:+       0 (I)        0 (I) 
           Arrival:=    3300            0     
                                              
      Output Delay:-     990                  
       Uncertainty:-     125                  
     Required Time:=    2185                  
      Launch Clock:-       0                  
         Data Path:-     450                  
             Slack:=    1734                  

Exceptions/Constraints:
  output_delay             990             dut.sdc_line_17_921_1   

#---------------------------------------------------------------------------------------
#     Timing Point       Flags   Arc   Edge      Cell        Fanout Trans Delay Arrival 
#                                                                    (ps)  (ps)   (ps)  
#---------------------------------------------------------------------------------------
  u_ctrl/reg_done_reg/CK -       -     R     (arrival)         3570     0     0       0 
  u_ctrl/reg_done_reg/Q  -       CK->Q F     DFFRPQ_X1M_A9TL      1    58   296     296 
  u_ctrl/g13677__2398/Y  -       BN->Y F     NOR2XB_X1M_A9TL      1   112   154     450 
  mmio_rdata[1]          -       -     F     (port)               -     -     0     450 
#---------------------------------------------------------------------------------------



Path 5: MET (1777 ps) Late External Delay Assertion at pin vpu_data_exp[1]
          Group: reg2out
     Startpoint: (R) u_formatter/mx_shared_exp_reg[1]/CK
          Clock: (R) clk
       Endpoint: (R) vpu_data_exp[1]
          Clock: (R) clk

                     Capture       Launch     
        Clock Edge:+    3300            0     
       Src Latency:+       0            0     
       Net Latency:+       0 (I)        0 (I) 
           Arrival:=    3300            0     
                                              
      Output Delay:-     990                  
       Uncertainty:-     125                  
     Required Time:=    2185                  
      Launch Clock:-       0                  
         Data Path:-     408                  
             Slack:=    1777                  

Exceptions/Constraints:
  output_delay             990             dut.sdc_line_17_995_1   

#------------------------------------------------------------------------------------------------------
#            Timing Point             Flags   Arc   Edge       Cell         Fanout Trans Delay Arrival 
#                                                                                   (ps)  (ps)   (ps)  
#------------------------------------------------------------------------------------------------------
  u_formatter/mx_shared_exp_reg[1]/CK -       -     R     (arrival)             68     0     0       0 
  u_formatter/mx_shared_exp_reg[1]/Q  -       CK->Q R     DFFRPQ_X0P5M_A9TL      1   156   408     408 
  vpu_data_exp[1]                     -       -     R     (port)                 -     -     0     408 
#------------------------------------------------------------------------------------------------------



Path 6: MET (1783 ps) Late External Delay Assertion at pin mm_out_data[2][7]
          Group: reg2out
     Startpoint: (R) u_req_mx/req_vec_out_reg[2][7]/CK
          Clock: (R) clk
       Endpoint: (R) mm_out_data[2][7]
          Clock: (R) clk

                     Capture       Launch     
        Clock Edge:+    3300            0     
       Src Latency:+       0            0     
       Net Latency:+       0 (I)        0 (I) 
           Arrival:=    3300            0     
                                              
      Output Delay:-     990                  
       Uncertainty:-     125                  
     Required Time:=    2185                  
      Launch Clock:-       0                  
         Data Path:-     402                  
             Slack:=    1783                  

Exceptions/Constraints:
  output_delay             990             dut.sdc_line_17_1055_1   

#--------------------------------------------------------------------------------------------------
#           Timing Point            Flags   Arc   Edge      Cell        Fanout Trans Delay Arrival 
#                                                                               (ps)  (ps)   (ps)  
#--------------------------------------------------------------------------------------------------
  u_req_mx/req_vec_out_reg[2][7]/CK -       -     R     (arrival)           40     0     0       0 
  u_req_mx/req_vec_out_reg[2][7]/Q  -       CK->Q R     DFFRPQ_X2M_A9TL      7   258   402     402 
  mm_out_data[2][7]                 -       -     R     (port)               -     -     0     402 
#--------------------------------------------------------------------------------------------------



Path 7: MET (1799 ps) Late External Delay Assertion at pin mm_out_exp[2]
          Group: reg2out
     Startpoint: (R) u_req_mx/exp_total_out_reg[2]/CK
          Clock: (R) clk
       Endpoint: (R) mm_out_exp[2]
          Clock: (R) clk

                     Capture       Launch     
        Clock Edge:+    3300            0     
       Src Latency:+       0            0     
       Net Latency:+       0 (I)        0 (I) 
           Arrival:=    3300            0     
                                              
      Output Delay:-     990                  
       Uncertainty:-     125                  
     Required Time:=    2185                  
      Launch Clock:-       0                  
         Data Path:-     386                  
             Slack:=    1799                  

Exceptions/Constraints:
  output_delay             990             dut.sdc_line_17_1084_1   

#-------------------------------------------------------------------------------------------------
#          Timing Point            Flags   Arc   Edge      Cell        Fanout Trans Delay Arrival 
#                                                                              (ps)  (ps)   (ps)  
#-------------------------------------------------------------------------------------------------
  u_req_mx/exp_total_out_reg[2]/CK -       -     R     (arrival)           40     0     0       0 
  u_req_mx/exp_total_out_reg[2]/Q  -       CK->Q R     DFFRPQ_X2M_A9TL      8   231   386     386 
  mm_out_exp[2]                    -       -     R     (port)               -     -     0     386 
#-------------------------------------------------------------------------------------------------



Path 8: MET (1804 ps) Late External Delay Assertion at pin vpu_data_exp[1]
          Group: reg2out
     Startpoint: (R) u_formatter/mx_shared_exp_reg[1]/CK
          Clock: (R) clk
       Endpoint: (F) vpu_data_exp[1]
          Clock: (R) clk

                     Capture       Launch     
        Clock Edge:+    3300            0     
       Src Latency:+       0            0     
       Net Latency:+       0 (I)        0 (I) 
           Arrival:=    3300            0     
                                              
      Output Delay:-     990                  
       Uncertainty:-     125                  
     Required Time:=    2185                  
      Launch Clock:-       0                  
         Data Path:-     381                  
             Slack:=    1804                  

Exceptions/Constraints:
  output_delay             990             dut.sdc_line_17_995_1   

#------------------------------------------------------------------------------------------------------
#            Timing Point             Flags   Arc   Edge       Cell         Fanout Trans Delay Arrival 
#                                                                                   (ps)  (ps)   (ps)  
#------------------------------------------------------------------------------------------------------
  u_formatter/mx_shared_exp_reg[1]/CK -       -     R     (arrival)             68     0     0       0 
  u_formatter/mx_shared_exp_reg[1]/Q  -       CK->Q F     DFFRPQ_X0P5M_A9TL      1   114   381     381 
  vpu_data_exp[1]                     -       -     F     (port)                 -     -     0     381 
#------------------------------------------------------------------------------------------------------



Path 9: MET (1819 ps) Late External Delay Assertion at pin mm_out_data[3][7]
          Group: reg2out
     Startpoint: (R) u_req_mx/req_vec_out_reg[3][7]/CK
          Clock: (R) clk
       Endpoint: (R) mm_out_data[3][7]
          Clock: (R) clk

                     Capture       Launch     
        Clock Edge:+    3300            0     
       Src Latency:+       0            0     
       Net Latency:+       0 (I)        0 (I) 
           Arrival:=    3300            0     
                                              
      Output Delay:-     990                  
       Uncertainty:-     125                  
     Required Time:=    2185                  
      Launch Clock:-       0                  
         Data Path:-     366                  
             Slack:=    1819                  

Exceptions/Constraints:
  output_delay             990             dut.sdc_line_17_1047_1   

#--------------------------------------------------------------------------------------------------
#           Timing Point            Flags   Arc   Edge      Cell        Fanout Trans Delay Arrival 
#                                                                               (ps)  (ps)   (ps)  
#--------------------------------------------------------------------------------------------------
  u_req_mx/req_vec_out_reg[3][7]/CK -       -     R     (arrival)           40     0     0       0 
  u_req_mx/req_vec_out_reg[3][7]/Q  -       CK->Q R     DFFRPQ_X3M_A9TL      7   187   366     366 
  mm_out_data[3][7]                 -       -     R     (port)               -     -     0     366 
#--------------------------------------------------------------------------------------------------



Path 10: MET (1819 ps) Late External Delay Assertion at pin mm_out_exp[3]
          Group: reg2out
     Startpoint: (R) u_req_mx/exp_total_out_reg[3]/CK
          Clock: (R) clk
       Endpoint: (R) mm_out_exp[3]
          Clock: (R) clk

                     Capture       Launch     
        Clock Edge:+    3300            0     
       Src Latency:+       0            0     
       Net Latency:+       0 (I)        0 (I) 
           Arrival:=    3300            0     
                                              
      Output Delay:-     990                  
       Uncertainty:-     125                  
     Required Time:=    2185                  
      Launch Clock:-       0                  
         Data Path:-     366                  
             Slack:=    1819                  

Exceptions/Constraints:
  output_delay             990             dut.sdc_line_17_1083_1   

#--------------------------------------------------------------------------------------------------
#          Timing Point            Flags   Arc   Edge       Cell        Fanout Trans Delay Arrival 
#                                                                               (ps)  (ps)   (ps)  
#--------------------------------------------------------------------------------------------------
  u_req_mx/exp_total_out_reg[3]/CK -       -     R     (arrival)            40     0     0       0 
  u_req_mx/exp_total_out_reg[3]/Q  -       CK->Q R     SDFFRPQ_X1M_A9TL      3   212   366     366 
  mm_out_exp[3]                    -       -     R     (port)                -     -     0     366 
#--------------------------------------------------------------------------------------------------



Path 11: MET (1823 ps) Late External Delay Assertion at pin mm_out_data[2][7]
          Group: reg2out
     Startpoint: (R) u_req_mx/req_vec_out_reg[2][7]/CK
          Clock: (R) clk
       Endpoint: (F) mm_out_data[2][7]
          Clock: (R) clk

                     Capture       Launch     
        Clock Edge:+    3300            0     
       Src Latency:+       0            0     
       Net Latency:+       0 (I)        0 (I) 
           Arrival:=    3300            0     
                                              
      Output Delay:-     990                  
       Uncertainty:-     125                  
     Required Time:=    2185                  
      Launch Clock:-       0                  
         Data Path:-     362                  
             Slack:=    1823                  

Exceptions/Constraints:
  output_delay             990             dut.sdc_line_17_1055_1   

#--------------------------------------------------------------------------------------------------
#           Timing Point            Flags   Arc   Edge      Cell        Fanout Trans Delay Arrival 
#                                                                               (ps)  (ps)   (ps)  
#--------------------------------------------------------------------------------------------------
  u_req_mx/req_vec_out_reg[2][7]/CK -       -     R     (arrival)           40     0     0       0 
  u_req_mx/req_vec_out_reg[2][7]/Q  -       CK->Q F     DFFRPQ_X2M_A9TL      7   178   362     362 
  mm_out_data[2][7]                 -       -     F     (port)               -     -     0     362 
#--------------------------------------------------------------------------------------------------



Path 12: MET (1823 ps) Late External Delay Assertion at pin mm_out_data[0][7]
          Group: reg2out
     Startpoint: (R) u_req_mx/req_vec_out_reg[0][7]/CK
          Clock: (R) clk
       Endpoint: (R) mm_out_data[0][7]
          Clock: (R) clk

                     Capture       Launch     
        Clock Edge:+    3300            0     
       Src Latency:+       0            0     
       Net Latency:+       0 (I)        0 (I) 
           Arrival:=    3300            0     
                                              
      Output Delay:-     990                  
       Uncertainty:-     125                  
     Required Time:=    2185                  
      Launch Clock:-       0                  
         Data Path:-     362                  
             Slack:=    1823                  

Exceptions/Constraints:
  output_delay             990             dut.sdc_line_17_1071_1   

#--------------------------------------------------------------------------------------------------
#           Timing Point            Flags   Arc   Edge      Cell        Fanout Trans Delay Arrival 
#                                                                               (ps)  (ps)   (ps)  
#--------------------------------------------------------------------------------------------------
  u_req_mx/req_vec_out_reg[0][7]/CK -       -     R     (arrival)           40     0     0       0 
  u_req_mx/req_vec_out_reg[0][7]/Q  -       CK->Q R     DFFRPQ_X2M_A9TL      6   188   362     362 
  mm_out_data[0][7]                 -       -     R     (port)               -     -     0     362 
#--------------------------------------------------------------------------------------------------



Path 13: MET (1826 ps) Late External Delay Assertion at pin mm_out_data[1][7]
          Group: reg2out
     Startpoint: (R) u_req_mx/req_vec_out_reg[1][7]/CK
          Clock: (R) clk
       Endpoint: (R) mm_out_data[1][7]
          Clock: (R) clk

                     Capture       Launch     
        Clock Edge:+    3300            0     
       Src Latency:+       0            0     
       Net Latency:+       0 (I)        0 (I) 
           Arrival:=    3300            0     
                                              
      Output Delay:-     990                  
       Uncertainty:-     125                  
     Required Time:=    2185                  
      Launch Clock:-       0                  
         Data Path:-     359                  
             Slack:=    1826                  

Exceptions/Constraints:
  output_delay             990             dut.sdc_line_17_1063_1   

#--------------------------------------------------------------------------------------------------
#           Timing Point            Flags   Arc   Edge      Cell        Fanout Trans Delay Arrival 
#                                                                               (ps)  (ps)   (ps)  
#--------------------------------------------------------------------------------------------------
  u_req_mx/req_vec_out_reg[1][7]/CK -       -     R     (arrival)           40     0     0       0 
  u_req_mx/req_vec_out_reg[1][7]/Q  -       CK->Q R     DFFRPQ_X3M_A9TL      7   174   359     359 
  mm_out_data[1][7]                 -       -     R     (port)               -     -     0     359 
#--------------------------------------------------------------------------------------------------



Path 14: MET (1827 ps) Late External Delay Assertion at pin mm_out_exp[3]
          Group: reg2out
     Startpoint: (R) u_req_mx/exp_total_out_reg[3]/CK
          Clock: (R) clk
       Endpoint: (F) mm_out_exp[3]
          Clock: (R) clk

                     Capture       Launch     
        Clock Edge:+    3300            0     
       Src Latency:+       0            0     
       Net Latency:+       0 (I)        0 (I) 
           Arrival:=    3300            0     
                                              
      Output Delay:-     990                  
       Uncertainty:-     125                  
     Required Time:=    2185                  
      Launch Clock:-       0                  
         Data Path:-     358                  
             Slack:=    1827                  

Exceptions/Constraints:
  output_delay             990             dut.sdc_line_17_1083_1   

#--------------------------------------------------------------------------------------------------
#          Timing Point            Flags   Arc   Edge       Cell        Fanout Trans Delay Arrival 
#                                                                               (ps)  (ps)   (ps)  
#--------------------------------------------------------------------------------------------------
  u_req_mx/exp_total_out_reg[3]/CK -       -     R     (arrival)            40     0     0       0 
  u_req_mx/exp_total_out_reg[3]/Q  -       CK->Q F     SDFFRPQ_X1M_A9TL      3   145   358     358 
  mm_out_exp[3]                    -       -     F     (port)                -     -     0     358 
#--------------------------------------------------------------------------------------------------



Path 15: MET (1829 ps) Late External Delay Assertion at pin mm_out_exp[1]
          Group: reg2out
     Startpoint: (R) u_req_mx/exp_total_out_reg[1]/CK
          Clock: (R) clk
       Endpoint: (R) mm_out_exp[1]
          Clock: (R) clk

                     Capture       Launch     
        Clock Edge:+    3300            0     
       Src Latency:+       0            0     
       Net Latency:+       0 (I)        0 (I) 
           Arrival:=    3300            0     
                                              
      Output Delay:-     990                  
       Uncertainty:-     125                  
     Required Time:=    2185                  
      Launch Clock:-       0                  
         Data Path:-     356                  
             Slack:=    1829                  

Exceptions/Constraints:
  output_delay             990             dut.sdc_line_17_1085_1   

#--------------------------------------------------------------------------------------------------
#          Timing Point            Flags   Arc   Edge       Cell        Fanout Trans Delay Arrival 
#                                                                               (ps)  (ps)   (ps)  
#--------------------------------------------------------------------------------------------------
  u_req_mx/exp_total_out_reg[1]/CK -       -     R     (arrival)            40     0     0       0 
  u_req_mx/exp_total_out_reg[1]/Q  -       CK->Q R     SDFFRPQ_X2M_A9TL      7   214   356     356 
  mm_out_exp[1]                    -       -     R     (port)                -     -     0     356 
#--------------------------------------------------------------------------------------------------



Path 16: MET (1835 ps) Late External Delay Assertion at pin mm_out_exp[2]
          Group: reg2out
     Startpoint: (R) u_req_mx/exp_total_out_reg[2]/CK
          Clock: (R) clk
       Endpoint: (F) mm_out_exp[2]
          Clock: (R) clk

                     Capture       Launch     
        Clock Edge:+    3300            0     
       Src Latency:+       0            0     
       Net Latency:+       0 (I)        0 (I) 
           Arrival:=    3300            0     
                                              
      Output Delay:-     990                  
       Uncertainty:-     125                  
     Required Time:=    2185                  
      Launch Clock:-       0                  
         Data Path:-     350                  
             Slack:=    1835                  

Exceptions/Constraints:
  output_delay             990             dut.sdc_line_17_1084_1   

#-------------------------------------------------------------------------------------------------
#          Timing Point            Flags   Arc   Edge      Cell        Fanout Trans Delay Arrival 
#                                                                              (ps)  (ps)   (ps)  
#-------------------------------------------------------------------------------------------------
  u_req_mx/exp_total_out_reg[2]/CK -       -     R     (arrival)           40     0     0       0 
  u_req_mx/exp_total_out_reg[2]/Q  -       CK->Q F     DFFRPQ_X2M_A9TL      8   158   350     350 
  mm_out_exp[2]                    -       -     F     (port)               -     -     0     350 
#-------------------------------------------------------------------------------------------------



Path 17: MET (1836 ps) Late External Delay Assertion at pin mm_out_data[3][0]
          Group: reg2out
     Startpoint: (R) u_req_mx/req_vec_out_reg[3][0]/CK
          Clock: (R) clk
       Endpoint: (R) mm_out_data[3][0]
          Clock: (R) clk

                     Capture       Launch     
        Clock Edge:+    3300            0     
       Src Latency:+       0            0     
       Net Latency:+       0 (I)        0 (I) 
           Arrival:=    3300            0     
                                              
      Output Delay:-     990                  
       Uncertainty:-     125                  
     Required Time:=    2185                  
      Launch Clock:-       0                  
         Data Path:-     349                  
             Slack:=    1836                  

Exceptions/Constraints:
  output_delay             990             dut.sdc_line_17_1054_1   

#--------------------------------------------------------------------------------------------------
#           Timing Point            Flags   Arc   Edge      Cell        Fanout Trans Delay Arrival 
#                                                                               (ps)  (ps)   (ps)  
#--------------------------------------------------------------------------------------------------
  u_req_mx/req_vec_out_reg[3][0]/CK -       -     R     (arrival)           40     0     0       0 
  u_req_mx/req_vec_out_reg[3][0]/Q  -       CK->Q R     DFFRPQ_X2M_A9TL      4   165   349     349 
  mm_out_data[3][0]                 -       -     R     (port)               -     -     0     349 
#--------------------------------------------------------------------------------------------------



Path 18: MET (1839 ps) Late External Delay Assertion at pin mm_out_exp[1]
          Group: reg2out
     Startpoint: (R) u_req_mx/exp_total_out_reg[1]/CK
          Clock: (R) clk
       Endpoint: (F) mm_out_exp[1]
          Clock: (R) clk

                     Capture       Launch     
        Clock Edge:+    3300            0     
       Src Latency:+       0            0     
       Net Latency:+       0 (I)        0 (I) 
           Arrival:=    3300            0     
                                              
      Output Delay:-     990                  
       Uncertainty:-     125                  
     Required Time:=    2185                  
      Launch Clock:-       0                  
         Data Path:-     346                  
             Slack:=    1839                  

Exceptions/Constraints:
  output_delay             990             dut.sdc_line_17_1085_1   

#--------------------------------------------------------------------------------------------------
#          Timing Point            Flags   Arc   Edge       Cell        Fanout Trans Delay Arrival 
#                                                                               (ps)  (ps)   (ps)  
#--------------------------------------------------------------------------------------------------
  u_req_mx/exp_total_out_reg[1]/CK -       -     R     (arrival)            40     0     0       0 
  u_req_mx/exp_total_out_reg[1]/Q  -       CK->Q F     SDFFRPQ_X2M_A9TL      7   144   346     346 
  mm_out_exp[1]                    -       -     F     (port)                -     -     0     346 
#--------------------------------------------------------------------------------------------------



Path 19: MET (1839 ps) Late External Delay Assertion at pin mm_out_exp[0]
          Group: reg2out
     Startpoint: (R) u_req_mx/exp_total_out_reg[0]/CK
          Clock: (R) clk
       Endpoint: (R) mm_out_exp[0]
          Clock: (R) clk

                     Capture       Launch     
        Clock Edge:+    3300            0     
       Src Latency:+       0            0     
       Net Latency:+       0 (I)        0 (I) 
           Arrival:=    3300            0     
                                              
      Output Delay:-     990                  
       Uncertainty:-     125                  
     Required Time:=    2185                  
      Launch Clock:-       0                  
         Data Path:-     346                  
             Slack:=    1839                  

Exceptions/Constraints:
  output_delay             990             dut.sdc_line_17_1086_1   

#-------------------------------------------------------------------------------------------------
#          Timing Point            Flags   Arc   Edge      Cell        Fanout Trans Delay Arrival 
#                                                                              (ps)  (ps)   (ps)  
#-------------------------------------------------------------------------------------------------
  u_req_mx/exp_total_out_reg[0]/CK -       -     R     (arrival)           40     0     0       0 
  u_req_mx/exp_total_out_reg[0]/Q  -       CK->Q R     DFFRPQ_X2M_A9TL      2   160   346     346 
  mm_out_exp[0]                    -       -     R     (port)               -     -     0     346 
#-------------------------------------------------------------------------------------------------



Path 20: MET (1849 ps) Late External Delay Assertion at pin mm_out_exp[4]
          Group: reg2out
     Startpoint: (R) u_req_mx/exp_total_out_reg[4]/CK
          Clock: (R) clk
       Endpoint: (R) mm_out_exp[4]
          Clock: (R) clk

                     Capture       Launch     
        Clock Edge:+    3300            0     
       Src Latency:+       0            0     
       Net Latency:+       0 (I)        0 (I) 
           Arrival:=    3300            0     
                                              
      Output Delay:-     990                  
       Uncertainty:-     125                  
     Required Time:=    2185                  
      Launch Clock:-       0                  
         Data Path:-     336                  
             Slack:=    1849                  

Exceptions/Constraints:
  output_delay             990             dut.sdc_line_17_1082_1   

#-------------------------------------------------------------------------------------------------
#          Timing Point            Flags   Arc   Edge      Cell        Fanout Trans Delay Arrival 
#                                                                              (ps)  (ps)   (ps)  
#-------------------------------------------------------------------------------------------------
  u_req_mx/exp_total_out_reg[4]/CK -       -     R     (arrival)           40     0     0       0 
  u_req_mx/exp_total_out_reg[4]/Q  -       CK->Q R     DFFRPQ_X1M_A9TL      2   130   336     336 
  mm_out_exp[4]                    -       -     R     (port)               -     -     0     336 
#-------------------------------------------------------------------------------------------------



Path 21: MET (1849 ps) Late External Delay Assertion at pin mm_out_exp[5]
          Group: reg2out
     Startpoint: (R) u_req_mx/exp_total_out_reg[5]/CK
          Clock: (R) clk
       Endpoint: (R) mm_out_exp[5]
          Clock: (R) clk

                     Capture       Launch     
        Clock Edge:+    3300            0     
       Src Latency:+       0            0     
       Net Latency:+       0 (I)        0 (I) 
           Arrival:=    3300            0     
                                              
      Output Delay:-     990                  
       Uncertainty:-     125                  
     Required Time:=    2185                  
      Launch Clock:-       0                  
         Data Path:-     336                  
             Slack:=    1849                  

Exceptions/Constraints:
  output_delay             990             dut.sdc_line_17_1081_1   

#-------------------------------------------------------------------------------------------------
#          Timing Point            Flags   Arc   Edge      Cell        Fanout Trans Delay Arrival 
#                                                                              (ps)  (ps)   (ps)  
#-------------------------------------------------------------------------------------------------
  u_req_mx/exp_total_out_reg[5]/CK -       -     R     (arrival)           40     0     0       0 
  u_req_mx/exp_total_out_reg[5]/Q  -       CK->Q R     DFFRPQ_X1M_A9TL      2   130   336     336 
  mm_out_exp[5]                    -       -     R     (port)               -     -     0     336 
#-------------------------------------------------------------------------------------------------



Path 22: MET (1850 ps) Late External Delay Assertion at pin mm_out_data[3][7]
          Group: reg2out
     Startpoint: (R) u_req_mx/req_vec_out_reg[3][7]/CK
          Clock: (R) clk
       Endpoint: (F) mm_out_data[3][7]
          Clock: (R) clk

                     Capture       Launch     
        Clock Edge:+    3300            0     
       Src Latency:+       0            0     
       Net Latency:+       0 (I)        0 (I) 
           Arrival:=    3300            0     
                                              
      Output Delay:-     990                  
       Uncertainty:-     125                  
     Required Time:=    2185                  
      Launch Clock:-       0                  
         Data Path:-     335                  
             Slack:=    1850                  

Exceptions/Constraints:
  output_delay             990             dut.sdc_line_17_1047_1   

#--------------------------------------------------------------------------------------------------
#           Timing Point            Flags   Arc   Edge      Cell        Fanout Trans Delay Arrival 
#                                                                               (ps)  (ps)   (ps)  
#--------------------------------------------------------------------------------------------------
  u_req_mx/req_vec_out_reg[3][7]/CK -       -     R     (arrival)           40     0     0       0 
  u_req_mx/req_vec_out_reg[3][7]/Q  -       CK->Q F     DFFRPQ_X3M_A9TL      7   131   335     335 
  mm_out_data[3][7]                 -       -     F     (port)               -     -     0     335 
#--------------------------------------------------------------------------------------------------



Path 23: MET (1851 ps) Late External Delay Assertion at pin mm_out_exp[6]
          Group: reg2out
     Startpoint: (R) u_req_mx/exp_total_out_reg[6]/CK
          Clock: (R) clk
       Endpoint: (R) mm_out_exp[6]
          Clock: (R) clk

                     Capture       Launch     
        Clock Edge:+    3300            0     
       Src Latency:+       0            0     
       Net Latency:+       0 (I)        0 (I) 
           Arrival:=    3300            0     
                                              
      Output Delay:-     990                  
       Uncertainty:-     125                  
     Required Time:=    2185                  
      Launch Clock:-       0                  
         Data Path:-     334                  
             Slack:=    1851                  

Exceptions/Constraints:
  output_delay             990             dut.sdc_line_17_1080_1   

#-------------------------------------------------------------------------------------------------
#          Timing Point            Flags   Arc   Edge      Cell        Fanout Trans Delay Arrival 
#                                                                              (ps)  (ps)   (ps)  
#-------------------------------------------------------------------------------------------------
  u_req_mx/exp_total_out_reg[6]/CK -       -     R     (arrival)           40     0     0       0 
  u_req_mx/exp_total_out_reg[6]/Q  -       CK->Q R     DFFRPQ_X1M_A9TL      2   128   334     334 
  mm_out_exp[6]                    -       -     R     (port)               -     -     0     334 
#-------------------------------------------------------------------------------------------------



Path 24: MET (1851 ps) Late External Delay Assertion at pin mm_out_data[0][7]
          Group: reg2out
     Startpoint: (R) u_req_mx/req_vec_out_reg[0][7]/CK
          Clock: (R) clk
       Endpoint: (F) mm_out_data[0][7]
          Clock: (R) clk

                     Capture       Launch     
        Clock Edge:+    3300            0     
       Src Latency:+       0            0     
       Net Latency:+       0 (I)        0 (I) 
           Arrival:=    3300            0     
                                              
      Output Delay:-     990                  
       Uncertainty:-     125                  
     Required Time:=    2185                  
      Launch Clock:-       0                  
         Data Path:-     334                  
             Slack:=    1851                  

Exceptions/Constraints:
  output_delay             990             dut.sdc_line_17_1071_1   

#--------------------------------------------------------------------------------------------------
#           Timing Point            Flags   Arc   Edge      Cell        Fanout Trans Delay Arrival 
#                                                                               (ps)  (ps)   (ps)  
#--------------------------------------------------------------------------------------------------
  u_req_mx/req_vec_out_reg[0][7]/CK -       -     R     (arrival)           40     0     0       0 
  u_req_mx/req_vec_out_reg[0][7]/Q  -       CK->Q F     DFFRPQ_X2M_A9TL      6   133   334     334 
  mm_out_data[0][7]                 -       -     F     (port)               -     -     0     334 
#--------------------------------------------------------------------------------------------------



Path 25: MET (1851 ps) Late External Delay Assertion at pin mm_out_data[1][1]
          Group: reg2out
     Startpoint: (R) u_req_mx/req_vec_out_reg[1][1]/CK
          Clock: (R) clk
       Endpoint: (R) mm_out_data[1][1]
          Clock: (R) clk

                     Capture       Launch     
        Clock Edge:+    3300            0     
       Src Latency:+       0            0     
       Net Latency:+       0 (I)        0 (I) 
           Arrival:=    3300            0     
                                              
      Output Delay:-     990                  
       Uncertainty:-     125                  
     Required Time:=    2185                  
      Launch Clock:-       0                  
         Data Path:-     334                  
             Slack:=    1851                  

Exceptions/Constraints:
  output_delay             990             dut.sdc_line_17_1069_1   

#--------------------------------------------------------------------------------------------------
#           Timing Point            Flags   Arc   Edge      Cell        Fanout Trans Delay Arrival 
#                                                                               (ps)  (ps)   (ps)  
#--------------------------------------------------------------------------------------------------
  u_req_mx/req_vec_out_reg[1][1]/CK -       -     R     (arrival)           40     0     0       0 
  u_req_mx/req_vec_out_reg[1][1]/Q  -       CK->Q R     DFFRPQ_X2M_A9TL      4   138   334     334 
  mm_out_data[1][1]                 -       -     R     (port)               -     -     0     334 
#--------------------------------------------------------------------------------------------------



Path 26: MET (1851 ps) Late External Delay Assertion at pin mm_out_data[2][0]
          Group: reg2out
     Startpoint: (R) u_req_mx/req_vec_out_reg[2][0]/CK
          Clock: (R) clk
       Endpoint: (R) mm_out_data[2][0]
          Clock: (R) clk

                     Capture       Launch     
        Clock Edge:+    3300            0     
       Src Latency:+       0            0     
       Net Latency:+       0 (I)        0 (I) 
           Arrival:=    3300            0     
                                              
      Output Delay:-     990                  
       Uncertainty:-     125                  
     Required Time:=    2185                  
      Launch Clock:-       0                  
         Data Path:-     334                  
             Slack:=    1851                  

Exceptions/Constraints:
  output_delay             990             dut.sdc_line_17_1062_1   

#--------------------------------------------------------------------------------------------------
#           Timing Point            Flags   Arc   Edge      Cell        Fanout Trans Delay Arrival 
#                                                                               (ps)  (ps)   (ps)  
#--------------------------------------------------------------------------------------------------
  u_req_mx/req_vec_out_reg[2][0]/CK -       -     R     (arrival)           40     0     0       0 
  u_req_mx/req_vec_out_reg[2][0]/Q  -       CK->Q R     DFFRPQ_X2M_A9TL      4   138   334     334 
  mm_out_data[2][0]                 -       -     R     (port)               -     -     0     334 
#--------------------------------------------------------------------------------------------------



Path 27: MET (1851 ps) Late External Delay Assertion at pin mm_out_data[2][1]
          Group: reg2out
     Startpoint: (R) u_req_mx/req_vec_out_reg[2][1]/CK
          Clock: (R) clk
       Endpoint: (R) mm_out_data[2][1]
          Clock: (R) clk

                     Capture       Launch     
        Clock Edge:+    3300            0     
       Src Latency:+       0            0     
       Net Latency:+       0 (I)        0 (I) 
           Arrival:=    3300            0     
                                              
      Output Delay:-     990                  
       Uncertainty:-     125                  
     Required Time:=    2185                  
      Launch Clock:-       0                  
         Data Path:-     334                  
             Slack:=    1851                  

Exceptions/Constraints:
  output_delay             990             dut.sdc_line_17_1061_1   

#--------------------------------------------------------------------------------------------------
#           Timing Point            Flags   Arc   Edge      Cell        Fanout Trans Delay Arrival 
#                                                                               (ps)  (ps)   (ps)  
#--------------------------------------------------------------------------------------------------
  u_req_mx/req_vec_out_reg[2][1]/CK -       -     R     (arrival)           40     0     0       0 
  u_req_mx/req_vec_out_reg[2][1]/Q  -       CK->Q R     DFFRPQ_X2M_A9TL      4   138   334     334 
  mm_out_data[2][1]                 -       -     R     (port)               -     -     0     334 
#--------------------------------------------------------------------------------------------------



Path 28: MET (1852 ps) Late External Delay Assertion at pin mm_out_data[2][3]
          Group: reg2out
     Startpoint: (R) u_req_mx/req_vec_out_reg[2][3]/CK
          Clock: (R) clk
       Endpoint: (R) mm_out_data[2][3]
          Clock: (R) clk

                     Capture       Launch     
        Clock Edge:+    3300            0     
       Src Latency:+       0            0     
       Net Latency:+       0 (I)        0 (I) 
           Arrival:=    3300            0     
                                              
      Output Delay:-     990                  
       Uncertainty:-     125                  
     Required Time:=    2185                  
      Launch Clock:-       0                  
         Data Path:-     333                  
             Slack:=    1852                  

Exceptions/Constraints:
  output_delay             990             dut.sdc_line_17_1059_1   

#--------------------------------------------------------------------------------------------------
#           Timing Point            Flags   Arc   Edge      Cell        Fanout Trans Delay Arrival 
#                                                                               (ps)  (ps)   (ps)  
#--------------------------------------------------------------------------------------------------
  u_req_mx/req_vec_out_reg[2][3]/CK -       -     R     (arrival)           40     0     0       0 
  u_req_mx/req_vec_out_reg[2][3]/Q  -       CK->Q R     DFFRPQ_X2M_A9TL      4   137   333     333 
  mm_out_data[2][3]                 -       -     R     (port)               -     -     0     333 
#--------------------------------------------------------------------------------------------------



Path 29: MET (1852 ps) Late External Delay Assertion at pin mm_out_data[0][0]
          Group: reg2out
     Startpoint: (R) u_req_mx/req_vec_out_reg[0][0]/CK
          Clock: (R) clk
       Endpoint: (R) mm_out_data[0][0]
          Clock: (R) clk

                     Capture       Launch     
        Clock Edge:+    3300            0     
       Src Latency:+       0            0     
       Net Latency:+       0 (I)        0 (I) 
           Arrival:=    3300            0     
                                              
      Output Delay:-     990                  
       Uncertainty:-     125                  
     Required Time:=    2185                  
      Launch Clock:-       0                  
         Data Path:-     333                  
             Slack:=    1852                  

Exceptions/Constraints:
  output_delay             990             dut.sdc_line_17_1078_1   

#--------------------------------------------------------------------------------------------------
#           Timing Point            Flags   Arc   Edge      Cell        Fanout Trans Delay Arrival 
#                                                                               (ps)  (ps)   (ps)  
#--------------------------------------------------------------------------------------------------
  u_req_mx/req_vec_out_reg[0][0]/CK -       -     R     (arrival)           40     0     0       0 
  u_req_mx/req_vec_out_reg[0][0]/Q  -       CK->Q R     DFFRPQ_X2M_A9TL      4   136   332     332 
  mm_out_data[0][0]                 -       -     R     (port)               -     -     0     333 
#--------------------------------------------------------------------------------------------------



Path 30: MET (1853 ps) Late External Delay Assertion at pin mm_out_data[3][2]
          Group: reg2out
     Startpoint: (R) u_req_mx/req_vec_out_reg[3][2]/CK
          Clock: (R) clk
       Endpoint: (R) mm_out_data[3][2]
          Clock: (R) clk

                     Capture       Launch     
        Clock Edge:+    3300            0     
       Src Latency:+       0            0     
       Net Latency:+       0 (I)        0 (I) 
           Arrival:=    3300            0     
                                              
      Output Delay:-     990                  
       Uncertainty:-     125                  
     Required Time:=    2185                  
      Launch Clock:-       0                  
         Data Path:-     332                  
             Slack:=    1853                  

Exceptions/Constraints:
  output_delay             990             dut.sdc_line_17_1052_1   

#--------------------------------------------------------------------------------------------------
#           Timing Point            Flags   Arc   Edge      Cell        Fanout Trans Delay Arrival 
#                                                                               (ps)  (ps)   (ps)  
#--------------------------------------------------------------------------------------------------
  u_req_mx/req_vec_out_reg[3][2]/CK -       -     R     (arrival)           40     0     0       0 
  u_req_mx/req_vec_out_reg[3][2]/Q  -       CK->Q R     DFFRPQ_X2M_A9TL      4   135   332     332 
  mm_out_data[3][2]                 -       -     R     (port)               -     -     0     332 
#--------------------------------------------------------------------------------------------------



Path 31: MET (1855 ps) Late External Delay Assertion at pin mm_out_data[0][2]
          Group: reg2out
     Startpoint: (R) u_req_mx/req_vec_out_reg[0][2]/CK
          Clock: (R) clk
       Endpoint: (R) mm_out_data[0][2]
          Clock: (R) clk

                     Capture       Launch     
        Clock Edge:+    3300            0     
       Src Latency:+       0            0     
       Net Latency:+       0 (I)        0 (I) 
           Arrival:=    3300            0     
                                              
      Output Delay:-     990                  
       Uncertainty:-     125                  
     Required Time:=    2185                  
      Launch Clock:-       0                  
         Data Path:-     330                  
             Slack:=    1855                  

Exceptions/Constraints:
  output_delay             990             dut.sdc_line_17_1076_1   

#--------------------------------------------------------------------------------------------------
#           Timing Point            Flags   Arc   Edge      Cell        Fanout Trans Delay Arrival 
#                                                                               (ps)  (ps)   (ps)  
#--------------------------------------------------------------------------------------------------
  u_req_mx/req_vec_out_reg[0][2]/CK -       -     R     (arrival)           40     0     0       0 
  u_req_mx/req_vec_out_reg[0][2]/Q  -       CK->Q R     DFFRPQ_X2M_A9TL      4   131   330     330 
  mm_out_data[0][2]                 -       -     R     (port)               -     -     0     330 
#--------------------------------------------------------------------------------------------------



Path 32: MET (1856 ps) Late External Delay Assertion at pin mm_out_data[3][1]
          Group: reg2out
     Startpoint: (R) u_req_mx/req_vec_out_reg[3][1]/CK
          Clock: (R) clk
       Endpoint: (R) mm_out_data[3][1]
          Clock: (R) clk

                     Capture       Launch     
        Clock Edge:+    3300            0     
       Src Latency:+       0            0     
       Net Latency:+       0 (I)        0 (I) 
           Arrival:=    3300            0     
                                              
      Output Delay:-     990                  
       Uncertainty:-     125                  
     Required Time:=    2185                  
      Launch Clock:-       0                  
         Data Path:-     329                  
             Slack:=    1856                  

Exceptions/Constraints:
  output_delay             990             dut.sdc_line_17_1053_1   

#--------------------------------------------------------------------------------------------------
#           Timing Point            Flags   Arc   Edge      Cell        Fanout Trans Delay Arrival 
#                                                                               (ps)  (ps)   (ps)  
#--------------------------------------------------------------------------------------------------
  u_req_mx/req_vec_out_reg[3][1]/CK -       -     R     (arrival)           40     0     0       0 
  u_req_mx/req_vec_out_reg[3][1]/Q  -       CK->Q R     DFFRPQ_X2M_A9TL      4   130   329     329 
  mm_out_data[3][1]                 -       -     R     (port)               -     -     0     329 
#--------------------------------------------------------------------------------------------------



Path 33: MET (1856 ps) Late External Delay Assertion at pin mm_out_data[1][4]
          Group: reg2out
     Startpoint: (R) u_req_mx/req_vec_out_reg[1][4]/CK
          Clock: (R) clk
       Endpoint: (R) mm_out_data[1][4]
          Clock: (R) clk

                     Capture       Launch     
        Clock Edge:+    3300            0     
       Src Latency:+       0            0     
       Net Latency:+       0 (I)        0 (I) 
           Arrival:=    3300            0     
                                              
      Output Delay:-     990                  
       Uncertainty:-     125                  
     Required Time:=    2185                  
      Launch Clock:-       0                  
         Data Path:-     329                  
             Slack:=    1856                  

Exceptions/Constraints:
  output_delay             990             dut.sdc_line_17_1066_1   

#--------------------------------------------------------------------------------------------------
#           Timing Point            Flags   Arc   Edge      Cell        Fanout Trans Delay Arrival 
#                                                                               (ps)  (ps)   (ps)  
#--------------------------------------------------------------------------------------------------
  u_req_mx/req_vec_out_reg[1][4]/CK -       -     R     (arrival)           40     0     0       0 
  u_req_mx/req_vec_out_reg[1][4]/Q  -       CK->Q R     DFFRPQ_X2M_A9TL      4   129   328     328 
  mm_out_data[1][4]                 -       -     R     (port)               -     -     0     329 
#--------------------------------------------------------------------------------------------------



Path 34: MET (1856 ps) Late External Delay Assertion at pin mm_out_data[1][7]
          Group: reg2out
     Startpoint: (R) u_req_mx/req_vec_out_reg[1][7]/CK
          Clock: (R) clk
       Endpoint: (F) mm_out_data[1][7]
          Clock: (R) clk

                     Capture       Launch     
        Clock Edge:+    3300            0     
       Src Latency:+       0            0     
       Net Latency:+       0 (I)        0 (I) 
           Arrival:=    3300            0     
                                              
      Output Delay:-     990                  
       Uncertainty:-     125                  
     Required Time:=    2185                  
      Launch Clock:-       0                  
         Data Path:-     329                  
             Slack:=    1856                  

Exceptions/Constraints:
  output_delay             990             dut.sdc_line_17_1063_1   

#--------------------------------------------------------------------------------------------------
#           Timing Point            Flags   Arc   Edge      Cell        Fanout Trans Delay Arrival 
#                                                                               (ps)  (ps)   (ps)  
#--------------------------------------------------------------------------------------------------
  u_req_mx/req_vec_out_reg[1][7]/CK -       -     R     (arrival)           40     0     0       0 
  u_req_mx/req_vec_out_reg[1][7]/Q  -       CK->Q F     DFFRPQ_X3M_A9TL      7   121   329     329 
  mm_out_data[1][7]                 -       -     F     (port)               -     -     0     329 
#--------------------------------------------------------------------------------------------------



Path 35: MET (1858 ps) Late External Delay Assertion at pin mm_out_data[0][1]
          Group: reg2out
     Startpoint: (R) u_req_mx/req_vec_out_reg[0][1]/CK
          Clock: (R) clk
       Endpoint: (R) mm_out_data[0][1]
          Clock: (R) clk

                     Capture       Launch     
        Clock Edge:+    3300            0     
       Src Latency:+       0            0     
       Net Latency:+       0 (I)        0 (I) 
           Arrival:=    3300            0     
                                              
      Output Delay:-     990                  
       Uncertainty:-     125                  
     Required Time:=    2185                  
      Launch Clock:-       0                  
         Data Path:-     326                  
             Slack:=    1858                  

Exceptions/Constraints:
  output_delay             990             dut.sdc_line_17_1077_1   

#--------------------------------------------------------------------------------------------------
#           Timing Point            Flags   Arc   Edge      Cell        Fanout Trans Delay Arrival 
#                                                                               (ps)  (ps)   (ps)  
#--------------------------------------------------------------------------------------------------
  u_req_mx/req_vec_out_reg[0][1]/CK -       -     R     (arrival)           40     0     0       0 
  u_req_mx/req_vec_out_reg[0][1]/Q  -       CK->Q R     DFFRPQ_X2M_A9TL      4   125   326     326 
  mm_out_data[0][1]                 -       -     R     (port)               -     -     0     326 
#--------------------------------------------------------------------------------------------------



Path 36: MET (1859 ps) Late External Delay Assertion at pin mm_out_exp[7]
          Group: reg2out
     Startpoint: (R) u_req_mx/exp_total_out_reg[7]/CK
          Clock: (R) clk
       Endpoint: (F) mm_out_exp[7]
          Clock: (R) clk

                     Capture       Launch     
        Clock Edge:+    3300            0     
       Src Latency:+       0            0     
       Net Latency:+       0 (I)        0 (I) 
           Arrival:=    3300            0     
                                              
      Output Delay:-     990                  
       Uncertainty:-     125                  
     Required Time:=    2185                  
      Launch Clock:-       0                  
         Data Path:-     326                  
             Slack:=    1859                  

Exceptions/Constraints:
  output_delay             990             dut.sdc_line_17_1079_1   

#--------------------------------------------------------------------------------------------------
#          Timing Point            Flags   Arc   Edge       Cell        Fanout Trans Delay Arrival 
#                                                                               (ps)  (ps)   (ps)  
#--------------------------------------------------------------------------------------------------
  u_req_mx/exp_total_out_reg[7]/CK -       -     R     (arrival)            40     0     0       0 
  u_req_mx/exp_total_out_reg[7]/Q  -       CK->Q F     SDFFRPQ_X1M_A9TL      2    92   326     326 
  mm_out_exp[7]                    -       -     F     (port)                -     -     0     326 
#--------------------------------------------------------------------------------------------------



Path 37: MET (1860 ps) Late External Delay Assertion at pin mm_out_data[0][3]
          Group: reg2out
     Startpoint: (R) u_req_mx/req_vec_out_reg[0][3]/CK
          Clock: (R) clk
       Endpoint: (R) mm_out_data[0][3]
          Clock: (R) clk

                     Capture       Launch     
        Clock Edge:+    3300            0     
       Src Latency:+       0            0     
       Net Latency:+       0 (I)        0 (I) 
           Arrival:=    3300            0     
                                              
      Output Delay:-     990                  
       Uncertainty:-     125                  
     Required Time:=    2185                  
      Launch Clock:-       0                  
         Data Path:-     325                  
             Slack:=    1860                  

Exceptions/Constraints:
  output_delay             990             dut.sdc_line_17_1075_1   

#--------------------------------------------------------------------------------------------------
#           Timing Point            Flags   Arc   Edge      Cell        Fanout Trans Delay Arrival 
#                                                                               (ps)  (ps)   (ps)  
#--------------------------------------------------------------------------------------------------
  u_req_mx/req_vec_out_reg[0][3]/CK -       -     R     (arrival)           40     0     0       0 
  u_req_mx/req_vec_out_reg[0][3]/Q  -       CK->Q R     DFFRPQ_X2M_A9TL      4   123   325     325 
  mm_out_data[0][3]                 -       -     R     (port)               -     -     0     325 
#--------------------------------------------------------------------------------------------------



Path 38: MET (1860 ps) Late External Delay Assertion at pin mm_out_data[0][5]
          Group: reg2out
     Startpoint: (R) u_req_mx/req_vec_out_reg[0][5]/CK
          Clock: (R) clk
       Endpoint: (R) mm_out_data[0][5]
          Clock: (R) clk

                     Capture       Launch     
        Clock Edge:+    3300            0     
       Src Latency:+       0            0     
       Net Latency:+       0 (I)        0 (I) 
           Arrival:=    3300            0     
                                              
      Output Delay:-     990                  
       Uncertainty:-     125                  
     Required Time:=    2185                  
      Launch Clock:-       0                  
         Data Path:-     325                  
             Slack:=    1860                  

Exceptions/Constraints:
  output_delay             990             dut.sdc_line_17_1073_1   

#--------------------------------------------------------------------------------------------------
#           Timing Point            Flags   Arc   Edge      Cell        Fanout Trans Delay Arrival 
#                                                                               (ps)  (ps)   (ps)  
#--------------------------------------------------------------------------------------------------
  u_req_mx/req_vec_out_reg[0][5]/CK -       -     R     (arrival)           40     0     0       0 
  u_req_mx/req_vec_out_reg[0][5]/Q  -       CK->Q R     DFFRPQ_X2M_A9TL      4   123   325     325 
  mm_out_data[0][5]                 -       -     R     (port)               -     -     0     325 
#--------------------------------------------------------------------------------------------------



Path 39: MET (1860 ps) Late External Delay Assertion at pin mm_out_data[1][3]
          Group: reg2out
     Startpoint: (R) u_req_mx/req_vec_out_reg[1][3]/CK
          Clock: (R) clk
       Endpoint: (R) mm_out_data[1][3]
          Clock: (R) clk

                     Capture       Launch     
        Clock Edge:+    3300            0     
       Src Latency:+       0            0     
       Net Latency:+       0 (I)        0 (I) 
           Arrival:=    3300            0     
                                              
      Output Delay:-     990                  
       Uncertainty:-     125                  
     Required Time:=    2185                  
      Launch Clock:-       0                  
         Data Path:-     325                  
             Slack:=    1860                  

Exceptions/Constraints:
  output_delay             990             dut.sdc_line_17_1067_1   

#--------------------------------------------------------------------------------------------------
#           Timing Point            Flags   Arc   Edge      Cell        Fanout Trans Delay Arrival 
#                                                                               (ps)  (ps)   (ps)  
#--------------------------------------------------------------------------------------------------
  u_req_mx/req_vec_out_reg[1][3]/CK -       -     R     (arrival)           40     0     0       0 
  u_req_mx/req_vec_out_reg[1][3]/Q  -       CK->Q R     DFFRPQ_X2M_A9TL      4   123   325     325 
  mm_out_data[1][3]                 -       -     R     (port)               -     -     0     325 
#--------------------------------------------------------------------------------------------------



Path 40: MET (1860 ps) Late External Delay Assertion at pin mm_out_data[1][5]
          Group: reg2out
     Startpoint: (R) u_req_mx/req_vec_out_reg[1][5]/CK
          Clock: (R) clk
       Endpoint: (R) mm_out_data[1][5]
          Clock: (R) clk

                     Capture       Launch     
        Clock Edge:+    3300            0     
       Src Latency:+       0            0     
       Net Latency:+       0 (I)        0 (I) 
           Arrival:=    3300            0     
                                              
      Output Delay:-     990                  
       Uncertainty:-     125                  
     Required Time:=    2185                  
      Launch Clock:-       0                  
         Data Path:-     325                  
             Slack:=    1860                  

Exceptions/Constraints:
  output_delay             990             dut.sdc_line_17_1065_1   

#--------------------------------------------------------------------------------------------------
#           Timing Point            Flags   Arc   Edge      Cell        Fanout Trans Delay Arrival 
#                                                                               (ps)  (ps)   (ps)  
#--------------------------------------------------------------------------------------------------
  u_req_mx/req_vec_out_reg[1][5]/CK -       -     R     (arrival)           40     0     0       0 
  u_req_mx/req_vec_out_reg[1][5]/Q  -       CK->Q R     DFFRPQ_X2M_A9TL      4   123   325     325 
  mm_out_data[1][5]                 -       -     R     (port)               -     -     0     325 
#--------------------------------------------------------------------------------------------------



Path 41: MET (1860 ps) Late External Delay Assertion at pin mm_out_data[2][2]
          Group: reg2out
     Startpoint: (R) u_req_mx/req_vec_out_reg[2][2]/CK
          Clock: (R) clk
       Endpoint: (R) mm_out_data[2][2]
          Clock: (R) clk

                     Capture       Launch     
        Clock Edge:+    3300            0     
       Src Latency:+       0            0     
       Net Latency:+       0 (I)        0 (I) 
           Arrival:=    3300            0     
                                              
      Output Delay:-     990                  
       Uncertainty:-     125                  
     Required Time:=    2185                  
      Launch Clock:-       0                  
         Data Path:-     325                  
             Slack:=    1860                  

Exceptions/Constraints:
  output_delay             990             dut.sdc_line_17_1060_1   

#--------------------------------------------------------------------------------------------------
#           Timing Point            Flags   Arc   Edge      Cell        Fanout Trans Delay Arrival 
#                                                                               (ps)  (ps)   (ps)  
#--------------------------------------------------------------------------------------------------
  u_req_mx/req_vec_out_reg[2][2]/CK -       -     R     (arrival)           40     0     0       0 
  u_req_mx/req_vec_out_reg[2][2]/Q  -       CK->Q R     DFFRPQ_X2M_A9TL      4   123   325     325 
  mm_out_data[2][2]                 -       -     R     (port)               -     -     0     325 
#--------------------------------------------------------------------------------------------------



Path 42: MET (1860 ps) Late External Delay Assertion at pin mm_out_data[2][4]
          Group: reg2out
     Startpoint: (R) u_req_mx/req_vec_out_reg[2][4]/CK
          Clock: (R) clk
       Endpoint: (R) mm_out_data[2][4]
          Clock: (R) clk

                     Capture       Launch     
        Clock Edge:+    3300            0     
       Src Latency:+       0            0     
       Net Latency:+       0 (I)        0 (I) 
           Arrival:=    3300            0     
                                              
      Output Delay:-     990                  
       Uncertainty:-     125                  
     Required Time:=    2185                  
      Launch Clock:-       0                  
         Data Path:-     325                  
             Slack:=    1860                  

Exceptions/Constraints:
  output_delay             990             dut.sdc_line_17_1058_1   

#--------------------------------------------------------------------------------------------------
#           Timing Point            Flags   Arc   Edge      Cell        Fanout Trans Delay Arrival 
#                                                                               (ps)  (ps)   (ps)  
#--------------------------------------------------------------------------------------------------
  u_req_mx/req_vec_out_reg[2][4]/CK -       -     R     (arrival)           40     0     0       0 
  u_req_mx/req_vec_out_reg[2][4]/Q  -       CK->Q R     DFFRPQ_X2M_A9TL      4   123   325     325 
  mm_out_data[2][4]                 -       -     R     (port)               -     -     0     325 
#--------------------------------------------------------------------------------------------------



Path 43: MET (1860 ps) Late External Delay Assertion at pin mm_out_data[2][5]
          Group: reg2out
     Startpoint: (R) u_req_mx/req_vec_out_reg[2][5]/CK
          Clock: (R) clk
       Endpoint: (R) mm_out_data[2][5]
          Clock: (R) clk

                     Capture       Launch     
        Clock Edge:+    3300            0     
       Src Latency:+       0            0     
       Net Latency:+       0 (I)        0 (I) 
           Arrival:=    3300            0     
                                              
      Output Delay:-     990                  
       Uncertainty:-     125                  
     Required Time:=    2185                  
      Launch Clock:-       0                  
         Data Path:-     325                  
             Slack:=    1860                  

Exceptions/Constraints:
  output_delay             990             dut.sdc_line_17_1057_1   

#--------------------------------------------------------------------------------------------------
#           Timing Point            Flags   Arc   Edge      Cell        Fanout Trans Delay Arrival 
#                                                                               (ps)  (ps)   (ps)  
#--------------------------------------------------------------------------------------------------
  u_req_mx/req_vec_out_reg[2][5]/CK -       -     R     (arrival)           40     0     0       0 
  u_req_mx/req_vec_out_reg[2][5]/Q  -       CK->Q R     DFFRPQ_X2M_A9TL      4   123   325     325 
  mm_out_data[2][5]                 -       -     R     (port)               -     -     0     325 
#--------------------------------------------------------------------------------------------------



Path 44: MET (1860 ps) Late External Delay Assertion at pin mm_out_data[3][3]
          Group: reg2out
     Startpoint: (R) u_req_mx/req_vec_out_reg[3][3]/CK
          Clock: (R) clk
       Endpoint: (R) mm_out_data[3][3]
          Clock: (R) clk

                     Capture       Launch     
        Clock Edge:+    3300            0     
       Src Latency:+       0            0     
       Net Latency:+       0 (I)        0 (I) 
           Arrival:=    3300            0     
                                              
      Output Delay:-     990                  
       Uncertainty:-     125                  
     Required Time:=    2185                  
      Launch Clock:-       0                  
         Data Path:-     325                  
             Slack:=    1860                  

Exceptions/Constraints:
  output_delay             990             dut.sdc_line_17_1051_1   

#--------------------------------------------------------------------------------------------------
#           Timing Point            Flags   Arc   Edge      Cell        Fanout Trans Delay Arrival 
#                                                                               (ps)  (ps)   (ps)  
#--------------------------------------------------------------------------------------------------
  u_req_mx/req_vec_out_reg[3][3]/CK -       -     R     (arrival)           40     0     0       0 
  u_req_mx/req_vec_out_reg[3][3]/Q  -       CK->Q R     DFFRPQ_X2M_A9TL      4   123   325     325 
  mm_out_data[3][3]                 -       -     R     (port)               -     -     0     325 
#--------------------------------------------------------------------------------------------------



Path 45: MET (1860 ps) Late External Delay Assertion at pin mm_out_data[1][0]
          Group: reg2out
     Startpoint: (R) u_req_mx/req_vec_out_reg[1][0]/CK
          Clock: (R) clk
       Endpoint: (R) mm_out_data[1][0]
          Clock: (R) clk

                     Capture       Launch     
        Clock Edge:+    3300            0     
       Src Latency:+       0            0     
       Net Latency:+       0 (I)        0 (I) 
           Arrival:=    3300            0     
                                              
      Output Delay:-     990                  
       Uncertainty:-     125                  
     Required Time:=    2185                  
      Launch Clock:-       0                  
         Data Path:-     325                  
             Slack:=    1860                  

Exceptions/Constraints:
  output_delay             990             dut.sdc_line_17_1070_1   

#--------------------------------------------------------------------------------------------------
#           Timing Point            Flags   Arc   Edge      Cell        Fanout Trans Delay Arrival 
#                                                                               (ps)  (ps)   (ps)  
#--------------------------------------------------------------------------------------------------
  u_req_mx/req_vec_out_reg[1][0]/CK -       -     R     (arrival)           40     0     0       0 
  u_req_mx/req_vec_out_reg[1][0]/Q  -       CK->Q R     DFFRPQ_X2M_A9TL      4   122   325     325 
  mm_out_data[1][0]                 -       -     R     (port)               -     -     0     325 
#--------------------------------------------------------------------------------------------------



Path 46: MET (1861 ps) Late External Delay Assertion at pin mm_out_data[3][4]
          Group: reg2out
     Startpoint: (R) u_req_mx/req_vec_out_reg[3][4]/CK
          Clock: (R) clk
       Endpoint: (R) mm_out_data[3][4]
          Clock: (R) clk

                     Capture       Launch     
        Clock Edge:+    3300            0     
       Src Latency:+       0            0     
       Net Latency:+       0 (I)        0 (I) 
           Arrival:=    3300            0     
                                              
      Output Delay:-     990                  
       Uncertainty:-     125                  
     Required Time:=    2185                  
      Launch Clock:-       0                  
         Data Path:-     324                  
             Slack:=    1861                  

Exceptions/Constraints:
  output_delay             990             dut.sdc_line_17_1050_1   

#--------------------------------------------------------------------------------------------------
#           Timing Point            Flags   Arc   Edge      Cell        Fanout Trans Delay Arrival 
#                                                                               (ps)  (ps)   (ps)  
#--------------------------------------------------------------------------------------------------
  u_req_mx/req_vec_out_reg[3][4]/CK -       -     R     (arrival)           40     0     0       0 
  u_req_mx/req_vec_out_reg[3][4]/Q  -       CK->Q R     DFFRPQ_X2M_A9TL      4   121   324     324 
  mm_out_data[3][4]                 -       -     R     (port)               -     -     0     324 
#--------------------------------------------------------------------------------------------------



Path 47: MET (1862 ps) Late External Delay Assertion at pin mm_out_data[2][6]
          Group: reg2out
     Startpoint: (R) u_req_mx/req_vec_out_reg[2][6]/CK
          Clock: (R) clk
       Endpoint: (R) mm_out_data[2][6]
          Clock: (R) clk

                     Capture       Launch     
        Clock Edge:+    3300            0     
       Src Latency:+       0            0     
       Net Latency:+       0 (I)        0 (I) 
           Arrival:=    3300            0     
                                              
      Output Delay:-     990                  
       Uncertainty:-     125                  
     Required Time:=    2185                  
      Launch Clock:-       0                  
         Data Path:-     322                  
             Slack:=    1862                  

Exceptions/Constraints:
  output_delay             990             dut.sdc_line_17_1056_1   

#--------------------------------------------------------------------------------------------------
#           Timing Point            Flags   Arc   Edge      Cell        Fanout Trans Delay Arrival 
#                                                                               (ps)  (ps)   (ps)  
#--------------------------------------------------------------------------------------------------
  u_req_mx/req_vec_out_reg[2][6]/CK -       -     R     (arrival)           40     0     0       0 
  u_req_mx/req_vec_out_reg[2][6]/Q  -       CK->Q R     DFFRPQ_X2M_A9TL      4   118   322     322 
  mm_out_data[2][6]                 -       -     R     (port)               -     -     0     322 
#--------------------------------------------------------------------------------------------------



Path 48: MET (1862 ps) Late External Delay Assertion at pin mm_out_data[3][6]
          Group: reg2out
     Startpoint: (R) u_req_mx/req_vec_out_reg[3][6]/CK
          Clock: (R) clk
       Endpoint: (R) mm_out_data[3][6]
          Clock: (R) clk

                     Capture       Launch     
        Clock Edge:+    3300            0     
       Src Latency:+       0            0     
       Net Latency:+       0 (I)        0 (I) 
           Arrival:=    3300            0     
                                              
      Output Delay:-     990                  
       Uncertainty:-     125                  
     Required Time:=    2185                  
      Launch Clock:-       0                  
         Data Path:-     322                  
             Slack:=    1862                  

Exceptions/Constraints:
  output_delay             990             dut.sdc_line_17_1048_1   

#--------------------------------------------------------------------------------------------------
#           Timing Point            Flags   Arc   Edge      Cell        Fanout Trans Delay Arrival 
#                                                                               (ps)  (ps)   (ps)  
#--------------------------------------------------------------------------------------------------
  u_req_mx/req_vec_out_reg[3][6]/CK -       -     R     (arrival)           40     0     0       0 
  u_req_mx/req_vec_out_reg[3][6]/Q  -       CK->Q R     DFFRPQ_X2M_A9TL      4   118   322     322 
  mm_out_data[3][6]                 -       -     R     (port)               -     -     0     322 
#--------------------------------------------------------------------------------------------------



Path 49: MET (1863 ps) Late External Delay Assertion at pin mm_out_exp[4]
          Group: reg2out
     Startpoint: (R) u_req_mx/exp_total_out_reg[4]/CK
          Clock: (R) clk
       Endpoint: (F) mm_out_exp[4]
          Clock: (R) clk

                     Capture       Launch     
        Clock Edge:+    3300            0     
       Src Latency:+       0            0     
       Net Latency:+       0 (I)        0 (I) 
           Arrival:=    3300            0     
                                              
      Output Delay:-     990                  
       Uncertainty:-     125                  
     Required Time:=    2185                  
      Launch Clock:-       0                  
         Data Path:-     322                  
             Slack:=    1863                  

Exceptions/Constraints:
  output_delay             990             dut.sdc_line_17_1082_1   

#-------------------------------------------------------------------------------------------------
#          Timing Point            Flags   Arc   Edge      Cell        Fanout Trans Delay Arrival 
#                                                                              (ps)  (ps)   (ps)  
#-------------------------------------------------------------------------------------------------
  u_req_mx/exp_total_out_reg[4]/CK -       -     R     (arrival)           40     0     0       0 
  u_req_mx/exp_total_out_reg[4]/Q  -       CK->Q F     DFFRPQ_X1M_A9TL      2    97   322     322 
  mm_out_exp[4]                    -       -     F     (port)               -     -     0     322 
#-------------------------------------------------------------------------------------------------



Path 50: MET (1863 ps) Late External Delay Assertion at pin mm_out_exp[5]
          Group: reg2out
     Startpoint: (R) u_req_mx/exp_total_out_reg[5]/CK
          Clock: (R) clk
       Endpoint: (F) mm_out_exp[5]
          Clock: (R) clk

                     Capture       Launch     
        Clock Edge:+    3300            0     
       Src Latency:+       0            0     
       Net Latency:+       0 (I)        0 (I) 
           Arrival:=    3300            0     
                                              
      Output Delay:-     990                  
       Uncertainty:-     125                  
     Required Time:=    2185                  
      Launch Clock:-       0                  
         Data Path:-     322                  
             Slack:=    1863                  

Exceptions/Constraints:
  output_delay             990             dut.sdc_line_17_1081_1   

#-------------------------------------------------------------------------------------------------
#          Timing Point            Flags   Arc   Edge      Cell        Fanout Trans Delay Arrival 
#                                                                              (ps)  (ps)   (ps)  
#-------------------------------------------------------------------------------------------------
  u_req_mx/exp_total_out_reg[5]/CK -       -     R     (arrival)           40     0     0       0 
  u_req_mx/exp_total_out_reg[5]/Q  -       CK->Q F     DFFRPQ_X1M_A9TL      2    97   322     322 
  mm_out_exp[5]                    -       -     F     (port)               -     -     0     322 
#-------------------------------------------------------------------------------------------------

