============================================================
  Generated by:           Genus(TM) Synthesis Solution 25.12-s067_1
  Generated on:           Sep 16 2026  09:12:54 pm
  Module:                 tr_soc_top_mx
  Operating conditions:   ss_typical_max_0p90v_125c (balanced_tree)
  Wireload mode:          top
  Area mode:              timing library
============================================================


Path 1: MET (1700 ps) Late External Delay Assertion at pin mmio_rdata[0]
          Group: reg2out
     Startpoint: (R) u_ctrl/reg_busy_reg/CK
          Clock: (R) clk
       Endpoint: (R) mmio_rdata[0]
          Clock: (R) clk

                     Capture       Launch     
        Clock Edge:+    3300            0     
       Src Latency:+       0            0     
       Net Latency:+       0 (I)        0 (I) 
           Arrival:=    3300            0     
                                              
      Output Delay:-     990                  
       Uncertainty:-     125                  
     Required Time:=    2185                  
      Launch Clock:-       0                  
         Data Path:-     485                  
             Slack:=    1700                  

Exceptions/Constraints:
  output_delay             990             dut.sdc_line_17_922_1   

#---------------------------------------------------------------------------------------
#     Timing Point       Flags   Arc   Edge      Cell        Fanout Trans Delay Arrival 
#                                                                    (ps)  (ps)   (ps)  
#---------------------------------------------------------------------------------------
  u_ctrl/reg_busy_reg/CK -       -     R     (arrival)         3570     0     0       0 
  u_ctrl/reg_busy_reg/Q  -       CK->Q R     DFFRPQ_X1M_A9TL      1    74   301     301 
  u_ctrl/g13678__5107/Y  -       BN->Y R     NOR2XB_X1M_A9TL      1   180   184     485 
  mmio_rdata[0]          -       -     R     (port)               -     -     0     485 
#---------------------------------------------------------------------------------------

