============================================================
  Generated by:           Genus(TM) Synthesis Solution 25.12-s067_1
  Generated on:           Sep 16 2026  09:12:56 pm
  Module:                 tr_soc_top_mx
  Operating conditions:   ss_typical_max_0p90v_125c (balanced_tree)
  Wireload mode:          top
  Area mode:              timing library
============================================================


Path 1: MET (0 ps) Setup Check with Pin u_vpu/u_mac/prod_reg_reg[7][22]/CK->SI
          Group: reg2reg
     Startpoint: (R) u_vpu/u_mac/a_reg_reg[7][2]/CK
          Clock: (R) clk
       Endpoint: (F) u_vpu/u_mac/prod_reg_reg[7][22]/SI
          Clock: (R) clk

                     Capture       Launch     
        Clock Edge:+    3300            0     
       Src Latency:+       0            0     
       Net Latency:+       0 (I)        0 (I) 
           Arrival:=    3300            0     
                                              
             Setup:-     303                  
       Uncertainty:-     125                  
     Required Time:=    2872                  
      Launch Clock:-       0                  
         Data Path:-    2872                  
             Slack:=       0                  


