============================================================
  Generated by:           Genus(TM) Synthesis Solution 25.12-s067_1
  Generated on:           Sep 24 2026  02:25:36 pm
  Module:                 tr_soc_top_int
  Operating conditions:   ss_typical_max_0p90v_125c (balanced_tree)
  Wireload mode:          top
  Area mode:              timing library
============================================================


Path 1: MET (15 ps) Late External Delay Assertion at pin mmio_rdata[13]
          Group: in2out
     Startpoint: (F) mmio_addr[7]
          Clock: (R) clk
       Endpoint: (R) mmio_rdata[13]
          Clock: (R) clk

                        Capture       Launch     
           Path Delay:+    3630            -     
           Drv Adjust:+       0            6     
          Src Latency:+       0            0     
          Net Latency:+       0 (I)        0 (I) 
        Capture Clock:+       0                  
              Arrival:=    3630            6     
                                                 
         Output Delay:-     990                  
          Uncertainty:-     125                  
        Required Time:=    2515                  
         Launch Clock:-       6                  
          Input Delay:-     990                  
            Data Path:-    1504                  
                Slack:=      15                  

Exceptions/Constraints:
  max_delay                3630            dut.sdc_line_18         
  input_delay              990             dut.sdc_line_15_1_1     
  output_delay             990             dut.sdc_line_17_893_1   

#---------------------------------------------------------------------------------------
#     Timing Point       Flags   Arc   Edge      Cell        Fanout Trans Delay Arrival 
#                                                                    (ps)  (ps)   (ps)  
#---------------------------------------------------------------------------------------
  mmio_addr[7]           -       -     F     (arrival)            1    43     0     996 
  u_ctrl/g28738__2883/Y  -       D->Y  F     OR4_X1M_A9TL         2   148   202    1198 
  u_ctrl/g28693__7098/Y  -       A->Y  R     NOR3_X2M_A9TL        2   204   163    1362 
  u_ctrl/g28647__1617/Y  -       A->Y  R     AND3_X1M_A9TL        5   224   252    1614 
  u_ctrl/drc_bufs28889/Y -       A->Y  F     INV_X0P8M_A9TL       2   136   143    1757 
  u_ctrl/drc_bufs28887/Y -       A->Y  R     INV_X2B_A9TL        14   256   199    1956 
  u_ctrl/g28581__5122/Y  -       B->Y  R     AND2_X0P7M_A9TH      1   318   544    2500 
  mmio_rdata[13]         -       -     R     (port)               -     -     0    2500 
#---------------------------------------------------------------------------------------

