============================================================
  Generated by:           Genus(TM) Synthesis Solution 25.12-s067_1
  Generated on:           Sep 24 2026  02:25:36 pm
  Module:                 tr_soc_top_int
  Operating conditions:   ss_typical_max_0p90v_125c (balanced_tree)
  Wireload mode:          top
  Area mode:              timing library
============================================================


Path 1: MET (0 ps) Setup Check with Pin u_vpu/u_backbone/s2_post_ln_reg_reg[5][6]/CK->D
          Group: reg2reg
     Startpoint: (R) u_vpu/u_backbone/s1_vec_in_reg[5][8]/CK
          Clock: (R) clk
       Endpoint: (R) u_vpu/u_backbone/s2_post_ln_reg_reg[5][6]/D
          Clock: (R) clk

                     Capture       Launch     
        Clock Edge:+    3300            0     
       Src Latency:+       0            0     
       Net Latency:+       0 (I)        0 (I) 
           Arrival:=    3300            0     
                                              
             Setup:-      98                  
       Uncertainty:-     125                  
     Required Time:=    3077                  
      Launch Clock:-       0                  
         Data Path:-    3077                  
             Slack:=       0                  

#------------------------------------------------------------------------------------------------------------------
#                  Timing Point                    Flags   Arc   Edge       Cell        Fanout Trans Delay Arrival 
#                                                                                               (ps)  (ps)   (ps)  
#------------------------------------------------------------------------------------------------------------------
  u_vpu/u_backbone/s1_vec_in_reg[5][8]/CK          -       -     R     (arrival)          3278     0     0       0 
  u_vpu/u_backbone/s1_vec_in_reg[5][8]/Q           -       CK->Q R     DFFRPQ_X3M_A9TL       3   106   320     320 
  u_vpu/u_backbone/u_pre_ln/g7516/Y                -       B->Y  F     NAND2_X2A_A9TL        2   150   128     448 
  u_vpu/u_backbone/u_pre_ln/g7397/Y                -       B->Y  F     OR6_X6M_A9TL          5    97   195     644 
  u_vpu/u_backbone/u_pre_ln/g7383/Y                -       A->Y  R     INV_X7P5M_A9TL        4    56    61     704 
  u_vpu/u_backbone/u_pre_ln/g7349/Y                -       A->Y  F     NAND2_X1P4M_A9TL      1    70    56     761 
  u_vpu/u_backbone/u_pre_ln/g7264/Y                -       B->Y  F     AND2_X2M_A9TL         5   104   164     925 
  u_vpu/u_backbone/gen_tr_lanes[5].u_tr_ln/g6766/Y -       A->Y  R     INV_X3M_A9TL          4    89    89    1014 
  u_vpu/u_backbone/gen_tr_lanes[5].u_tr_ln/g6742/Y -       A->Y  F     NAND2_X2A_A9TL        2    93    85    1099 
  u_vpu/u_backbone/gen_tr_lanes[5].u_tr_ln/g6734/Y -       A->Y  R     INV_X2M_A9TL          5   128   109    1208 
  u_vpu/u_backbone/gen_tr_lanes[5].u_tr_ln/g6720/Y -       A->Y  R     AND2_X3M_A9TL         4   114   156    1364 
  u_vpu/u_backbone/gen_tr_lanes[5].u_tr_ln/g6685/Y -       B->Y  F     NAND3_X4M_A9TL        5   151   129    1493 
  u_vpu/u_backbone/gen_tr_lanes[5].u_tr_ln/g6646/Y -       A0->Y R     OAI211_X4M_A9TL       4   214   192    1685 
  u_vpu/u_backbone/gen_tr_lanes[5].u_tr_ln/g6641/Y -       A->Y  F     INV_X2M_A9TL          1    69    71    1755 
  u_vpu/u_backbone/gen_tr_lanes[5].u_tr_ln/g6613/Y -       A0->Y R     AOI21_X2M_A9TL        1   139   122    1877 
  u_vpu/u_backbone/gen_tr_lanes[5].u_tr_ln/g6611/Y -       A->Y  F     NAND2_X4M_A9TL        2    78    76    1954 
  u_vpu/u_backbone/gen_tr_lanes[5].u_tr_ln/g6609/Y -       A->Y  R     INV_X2M_A9TL          2    91    84    2038 
  u_vpu/u_backbone/gen_tr_lanes[5].u_tr_ln/g6604/Y -       A->Y  F     NOR2_X4M_A9TL         1    49    52    2090 
  u_vpu/u_backbone/gen_tr_lanes[5].u_tr_ln/g6597/Y -       A->Y  R     NOR2_X2A_A9TL         1   104    82    2171 
  u_vpu/u_backbone/g2461/Y                         -       B0->Y R     AO1B2_X4M_A9TL        5   118   155    2326 
  u_vpu/u_backbone/u_post_ln/g10721/Y              -       B0->Y R     AO1B2_X4M_A9TL        2    77   142    2468 
  u_vpu/u_backbone/u_post_ln/g10677/Y              -       B0->Y F     AOI21_X6M_A9TL        2    73    59    2527 
  u_vpu/u_backbone/u_post_ln/g10599/Y              -       A->Y  R     NOR2_X6A_A9TL         2    95    74    2601 
  u_vpu/u_backbone/u_post_ln/g10550/Y              -       A->Y  F     NOR2_X4M_A9TL         2    68    67    2668 
  u_vpu/u_backbone/u_post_ln/g10512/Y              -       A->Y  R     NOR2_X4M_A9TL         2   114    84    2752 
  u_vpu/u_backbone/u_post_ln/g10481/Y              -       B0->Y F     AOI21_X4M_A9TL        2    99    74    2826 
  u_vpu/u_backbone/u_post_ln/g10455/Y              -       A->Y  R     NOR2_X3A_A9TL         2   120   105    2931 
  u_vpu/u_backbone/u_post_ln/g10435/Y              -       A->Y  F     NAND2XB_X2M_A9TL      1    67    65    2996 
  u_vpu/u_backbone/u_post_ln/g10426/Y              -       C0->Y R     OAI211_X2M_A9TL       1   146    81    3077 
  u_vpu/u_backbone/s2_post_ln_reg_reg[5][6]/D      -       -     R     DFFRPQ_X4M_A9TL       1     -     0    3077 
#------------------------------------------------------------------------------------------------------------------

