============================================================
  Generated by:           Genus(TM) Synthesis Solution 25.12-s067_1
  Generated on:           Sep 23 2026  08:28:34 pm
  Module:                 tr_soc_top_int
  Operating conditions:   ss_typical_max_0p90v_125c (balanced_tree)
  Wireload mode:          top
  Area mode:              timing library
============================================================


Path 1: MET (0 ps) Setup Check with Pin u_vpu/u_backbone/s2_post_ln_reg_reg[0][4]/CK->D
          Group: reg2reg
     Startpoint: (R) u_vpu/u_backbone/s1_mode_post_ln_reg[0]/CK
          Clock: (R) clk
       Endpoint: (R) u_vpu/u_backbone/s2_post_ln_reg_reg[0][4]/D
          Clock: (R) clk

                     Capture       Launch     
        Clock Edge:+    3300            0     
       Src Latency:+       0            0     
       Net Latency:+       0 (I)        0 (I) 
           Arrival:=    3300            0     
                                              
             Setup:-     116                  
       Uncertainty:-     125                  
     Required Time:=    3059                  
      Launch Clock:-       0                  
         Data Path:-    3059                  
             Slack:=       0                  


