============================================================
  Generated by:           Genus(TM) Synthesis Solution 25.12-s067_1
  Generated on:           May 05 2026  03:12:21 pm
  Module:                 tr_gelu_alu
  Operating conditions:   ss_typical_max_0p90v_125c (balanced_tree)
  Wireload mode:          top
  Area mode:              timing library
============================================================


Path 1: VIOLATED (-3186 ps) Late External Delay Assertion at pin gelu_out[5]
          Group: reg2out
     Startpoint: (R) E_s3_reg[6]/clk
          Clock: (R) clk
       Endpoint: (R) gelu_out[5]
          Clock: (R) clk

                     Capture       Launch     
        Clock Edge:+    3300            0     
       Src Latency:+       0            0     
       Net Latency:+       0 (I)        0 (I) 
           Arrival:=    3300            0     
                                              
      Output Delay:-     990                  
       Uncertainty:-     125                  
     Required Time:=    2185                  
      Launch Clock:-       0                  
         Data Path:-    5371                  
             Slack:=   -3186                  

Exceptions/Constraints:
  output_delay             990             tr_gelu_alu.sdc_line_18_20_1   

#-----------------------------------------------------------------------------------------------------------
#             Timing Point              Flags     Arc    Edge       Cell         Fanout Trans Delay Arrival 
#                                                                                        (ps)  (ps)   (ps)  
#-----------------------------------------------------------------------------------------------------------
  E_s3_reg[6]/clk                       -       -        R     (arrival)            132     0     0       0 
  E_s3_reg[6]/q                         (u)     clk->q   R     unmapped_d_flop       10     0   395     395 
  add_116_31/g16/z                      (u)     in_1->z  F     unmapped_nor2          3     0    82     476 
  add_116_31/g45/z                      (u)     in_0->z  R     unmapped_not           2     0    50     526 
  add_116_31/g78/z                      (u)     in_0->z  F     unmapped_nand2         1     0    61     587 
  add_116_31/g79/z                      (u)     in_1->z  R     unmapped_xnor2         4     0   148     735 
  u_recip/u_ln/sll_39_27/g46/z          (u)     data0->z R     unmapped_mux2          2     0   117     852 
  u_recip/u_ln/sll_39_27/g55/z          (u)     data0->z R     unmapped_mux2          2     0   117     969 
  u_recip/u_ln/sll_39_27/g60/z          (u)     data1->z R     unmapped_mux2          1     0   103    1072 
  u_recip/u_ln/sll_39_27/g84/z          (u)     in_1->z  R     unmapped_complex2      1     0    61    1133 
  u_recip/u_ln/mux_39_27/g3/z           (u)     data0->z R     unmapped_bmux2         2     0   132    1265 
  u_recip/u_ln/add_46_26/g11/z          (u)     in_0->z  F     unmapped_nor2          2     0    74    1339 
  u_recip/u_ln/add_46_26/g40/z          (u)     in_0->z  R     unmapped_not           2     0    50    1389 
  u_recip/u_ln/add_46_26/g71/z          (u)     in_0->z  F     unmapped_nand2         1     0    61    1450 
  u_recip/u_ln/add_46_26/g72/z          (u)     in_1->z  R     unmapped_xnor2         2     0   132    1582 
  u_recip/u_ln/add_49_34/g9/z           (u)     in_0->z  F     unmapped_nor2          1     0    61    1642 
  u_recip/u_ln/add_49_34/g25/z          (u)     in_0->z  R     unmapped_not           2     0    50    1692 
  u_recip/u_ln/add_49_34/g26/z          (u)     in_1->z  F     unmapped_nand2         1     0    61    1753 
  u_recip/u_ln/add_49_34/g27/z          (u)     in_1->z  R     unmapped_nand2         3     0    82    1835 
  u_recip/u_ln/add_49_34/g41/z          (u)     in_0->z  F     unmapped_nand2         1     0    61    1896 
  u_recip/u_ln/add_49_34/g42/z          (u)     in_1->z  R     unmapped_nand2         1     0    61    1956 
  u_recip/u_ln/add_49_34/g75/z          (u)     in_0->z  R     unmapped_xnor2         2     0   132    2088 
  u_recip/u_ln/add_49_51/g13/z          (u)     in_0->z  F     unmapped_nor2          3     0    82    2170 
  u_recip/u_ln/add_49_51/g73/z          (u)     in_0->z  R     unmapped_not           1     0    37    2206 
  u_recip/u_ln/add_49_51/g74/z          (u)     in_0->z  F     unmapped_nand2         1     0    61    2267 
  u_recip/u_ln/add_49_51/g75/z          (u)     in_1->z  R     unmapped_xnor2         1     0   118    2385 
  u_recip/minus_63_24/g5/z              (u)     in_0->z  F     unmapped_not           2     0    50    2435 
  u_recip/minus_63_24/g19/z             (u)     in_1->z  R     unmapped_nor2          3     0    82    2517 
  u_recip/minus_63_24/g35/z             (u)     in_1->z  F     unmapped_nor2          1     0    61    2578 
  u_recip/minus_63_24/g47/z             (u)     in_0->z  R     unmapped_nand2         1     0    61    2638 
  u_recip/minus_63_24/g48/z             (u)     in_1->z  F     unmapped_nand2         4     0    90    2729 
  u_recip/minus_63_24/g60/z             (u)     in_0->z  R     unmapped_nand2         1     0    61    2790 
  u_recip/minus_63_24/g61/z             (u)     in_1->z  F     unmapped_nand2         1     0    61    2850 
  u_recip/minus_63_24/g81/z             (u)     in_0->z  R     unmapped_xnor2         3     0   139    2989 
  u_recip/u_exp/u_round/add_36_61/g13/z (u)     in_1->z  F     unmapped_nand2         1     0    61    3050 
  u_recip/u_exp/u_round/add_36_61/g39/z (u)     in_0->z  R     unmapped_not           2     0    50    3100 
  u_recip/u_exp/u_round/add_36_61/g20/z (u)     in_0->z  F     unmapped_nand2         1     0    61    3161 
  u_recip/u_exp/u_round/add_36_61/g40/z (u)     in_0->z  R     unmapped_not           1     0    37    3198 
  u_recip/u_exp/u_round/add_36_61/g30/z (u)     in_0->z  F     unmapped_xnor2         1     0   118    3316 
  u_recip/u_exp/u_round/mux_36_32/g1/z  (u)     data1->z F     unmapped_bmux2         1     0   118    3434 
  u_recip/u_exp/u_round/eq_39_44/g2/z   (u)     in_0->z  R     unmapped_nor3          1     0    81    3515 
  u_recip/u_exp/u_round/eq_39_44/g3/z   (u)     in_0->z  F     unmapped_nand2         1     0    61    3576 
  u_recip/u_exp/u_round/eq_39_44/g4/z   (u)     in_0->z  R     unmapped_not           8     0    89    3665 
  u_recip/u_exp/mux_96_26/g6/z          (u)     sel0->z  R     unmapped_bmux2         8     0   170    3835 
  u_recip/mul_96_30/g35/z               (u)     in_0->z  R     unmapped_and2          3     0    82    3917 
  u_recip/mul_96_30/g153/z              (u)     in_1->z  R     unmapped_xor2          1     0   118    4035 
  u_recip/mul_96_30/g154/z              (u)     in_0->z  R     unmapped_xor2          3     0   139    4174 
  u_recip/mul_96_30/g169/z              (u)     in_1->z  F     unmapped_nand2         1     0    61    4234 
  u_recip/mul_96_30/g170/z              (u)     in_2->z  R     unmapped_nand3         3     0   102    4336 
  u_recip/mul_96_30/g203/z              (u)     in_1->z  R     unmapped_xor2          1     0   118    4454 
  u_recip/mul_96_30/g204/z              (u)     in_0->z  R     unmapped_xor2          2     0   132    4586 
  u_recip/mul_96_30/g343/z              (u)     in_1->z  F     unmapped_nor2          3     0    82    4667 
  u_recip/mul_96_30/g371/z              (u)     in_1->z  R     unmapped_nor2          2     0    74    4742 
  u_recip/mul_96_30/g81/z               (u)     in_1->z  F     unmapped_nand2         1     0    61    4802 
  u_recip/mul_96_30/g387/z              (u)     in_0->z  R     unmapped_not           1     0    37    4839 
  u_recip/mul_96_30/g388/z              (u)     in_1->z  F     unmapped_nand2         1     0    61    4900 
  u_recip/mul_96_30/g389/z              (u)     in_1->z  R     unmapped_nand2         8     0   113    5013 
  u_recip/mul_96_30/g404/z              (u)     in_0->z  F     unmapped_nand2         1     0    61    5074 
  u_recip/mul_96_30/g405/z              (u)     in_1->z  R     unmapped_nand2         1     0    61    5135 
  u_recip/mul_96_30/g440/z              (u)     in_0->z  R     unmapped_xnor2         1     0   118    5253 
  mux_gelu_out_192_13/g3/z              (u)     data1->z R     unmapped_bmux2         1     0   118    5371 
  gelu_out[5]                           -       -        R     (port)                 -     -     0    5371 
#-----------------------------------------------------------------------------------------------------------

(u) : Net has unmapped pin(s).

