============================================================
  Generated by:           Genus(TM) Synthesis Solution 25.12-s067_1
  Generated on:           Sep 27 2026  11:53:45 pm
  Module:                 ibert_softmax
  Operating conditions:   ss_typical_max_0p90v_125c (balanced_tree)
  Wireload mode:          top
  Area mode:              timing library
============================================================


Path 1: MET (1537 ps) Setup Check with Pin state_reg[0]/CK->D
          Group: in2reg
     Startpoint: (F) valid_in
          Clock: (R) clk
       Endpoint: (F) state_reg[0]/D
          Clock: (R) clk

                     Capture       Launch     
        Clock Edge:+    3300            0     
        Drv Adjust:+       0            6     
       Src Latency:+       0            0     
       Net Latency:+       0 (I)        0 (I) 
           Arrival:=    3300            6     
                                              
             Setup:-     126                  
       Uncertainty:-     125                  
     Required Time:=    3049                  
      Launch Clock:-       6                  
       Input Delay:-     990                  
         Data Path:-     516                  
             Slack:=    1537                  

Exceptions/Constraints:
  input_delay             990             dut.sdc_line_15_1_1   

#-----------------------------------------------------------------------------------
# Timing Point   Flags    Arc   Edge        Cell         Fanout Trans Delay Arrival 
#                                                                (ps)  (ps)   (ps)  
#-----------------------------------------------------------------------------------
  valid_in       -       -      F     (arrival)               1    43     0     996 
  g3159330/Y     -       B->Y   R     NAND2B_X1M_A9TL         2   153   108    1104 
  g3158510/Y     -       A1N->Y R     OAI2XB1_X0P5M_A9TL      1   268   265    1369 
  g3158505/Y     -       B0->Y  F     OAI21_X1M_A9TL          1   132   143    1512 
  state_reg[0]/D -       -      F     DFFRPQ_X1M_A9TL         1     -     0    1512 
#-----------------------------------------------------------------------------------



Path 2: MET (1625 ps) Setup Check with Pin state_reg[0]/CK->D
          Group: in2reg
     Startpoint: (R) valid_in
          Clock: (R) clk
       Endpoint: (R) state_reg[0]/D
          Clock: (R) clk

                     Capture       Launch     
        Clock Edge:+    3300            0     
        Drv Adjust:+       0            7     
       Src Latency:+       0            0     
       Net Latency:+       0 (I)        0 (I) 
           Arrival:=    3300            7     
                                              
             Setup:-     117                  
       Uncertainty:-     125                  
     Required Time:=    3058                  
      Launch Clock:-       7                  
       Input Delay:-     990                  
         Data Path:-     436                  
             Slack:=    1625                  

Exceptions/Constraints:
  input_delay             990             dut.sdc_line_15_1_1   

#-----------------------------------------------------------------------------------
# Timing Point   Flags    Arc   Edge        Cell         Fanout Trans Delay Arrival 
#                                                                (ps)  (ps)   (ps)  
#-----------------------------------------------------------------------------------
  valid_in       -       -      R     (arrival)               1    42     0     997 
  g3159330/Y     -       B->Y   F     NAND2B_X1M_A9TL         2   126    92    1089 
  g3158510/Y     -       A1N->Y F     OAI2XB1_X0P5M_A9TL      1   165   209    1298 
  g3158505/Y     -       B0->Y  R     OAI21_X1M_A9TL          1   172   135    1433 
  state_reg[0]/D -       -      R     DFFRPQ_X1M_A9TL         1     -     0    1433 
#-----------------------------------------------------------------------------------



Path 3: MET (2080 ps) Setup Check with Pin x_reg_reg[3][6]/CK->D
          Group: in2reg
     Startpoint: (R) x_in[3][6]
          Clock: (R) clk
       Endpoint: (R) x_reg_reg[3][6]/D
          Clock: (R) clk

                     Capture       Launch     
        Clock Edge:+    3300            0     
        Drv Adjust:+       0            7     
       Src Latency:+       0            0     
       Net Latency:+       0 (I)        0 (I) 
           Arrival:=    3300            7     
                                              
             Setup:-      98                  
       Uncertainty:-     125                  
     Required Time:=    3077                  
      Launch Clock:-       7                  
       Input Delay:-     990                  
         Data Path:-       0                  
             Slack:=    2080                  

Exceptions/Constraints:
  input_delay             990             dut.sdc_line_15_35_1   

#-----------------------------------------------------------------------------------
#   Timing Point    Flags   Arc   Edge       Cell        Fanout Trans Delay Arrival 
#                                                                (ps)  (ps)   (ps)  
#-----------------------------------------------------------------------------------
  x_in[3][6]        -       -     R     (arrival)             1    42     0     997 
  x_reg_reg[3][6]/D -       -     R     DFFRPQN_X1M_A9TL      1     -     0     998 
#-----------------------------------------------------------------------------------



Path 4: MET (2080 ps) Setup Check with Pin x_reg_reg[3][3]/CK->D
          Group: in2reg
     Startpoint: (R) x_in[3][3]
          Clock: (R) clk
       Endpoint: (R) x_reg_reg[3][3]/D
          Clock: (R) clk

                     Capture       Launch     
        Clock Edge:+    3300            0     
        Drv Adjust:+       0            7     
       Src Latency:+       0            0     
       Net Latency:+       0 (I)        0 (I) 
           Arrival:=    3300            7     
                                              
             Setup:-      98                  
       Uncertainty:-     125                  
     Required Time:=    3077                  
      Launch Clock:-       7                  
       Input Delay:-     990                  
         Data Path:-       0                  
             Slack:=    2080                  

Exceptions/Constraints:
  input_delay             990             dut.sdc_line_15_38_1   

#-----------------------------------------------------------------------------------
#   Timing Point    Flags   Arc   Edge       Cell        Fanout Trans Delay Arrival 
#                                                                (ps)  (ps)   (ps)  
#-----------------------------------------------------------------------------------
  x_in[3][3]        -       -     R     (arrival)             1    42     0     997 
  x_reg_reg[3][3]/D -       -     R     DFFRPQN_X1M_A9TL      1     -     0     998 
#-----------------------------------------------------------------------------------



Path 5: MET (2080 ps) Setup Check with Pin x_reg_reg[2][0]/CK->D
          Group: in2reg
     Startpoint: (R) x_in[2][0]
          Clock: (R) clk
       Endpoint: (R) x_reg_reg[2][0]/D
          Clock: (R) clk

                     Capture       Launch     
        Clock Edge:+    3300            0     
        Drv Adjust:+       0            7     
       Src Latency:+       0            0     
       Net Latency:+       0 (I)        0 (I) 
           Arrival:=    3300            7     
                                              
             Setup:-      98                  
       Uncertainty:-     125                  
     Required Time:=    3077                  
      Launch Clock:-       7                  
       Input Delay:-     990                  
         Data Path:-       0                  
             Slack:=    2080                  

Exceptions/Constraints:
  input_delay             990             dut.sdc_line_15_49_1   

#-----------------------------------------------------------------------------------
#   Timing Point    Flags   Arc   Edge       Cell        Fanout Trans Delay Arrival 
#                                                                (ps)  (ps)   (ps)  
#-----------------------------------------------------------------------------------
  x_in[2][0]        -       -     R     (arrival)             1    42     0     997 
  x_reg_reg[2][0]/D -       -     R     DFFRPQN_X1M_A9TL      1     -     0     998 
#-----------------------------------------------------------------------------------



Path 6: MET (2084 ps) Setup Check with Pin x_reg_reg[7][7]/CK->D
          Group: in2reg
     Startpoint: (R) x_in[7][7]
          Clock: (R) clk
       Endpoint: (R) x_reg_reg[7][7]/D
          Clock: (R) clk

                     Capture       Launch     
        Clock Edge:+    3300            0     
        Drv Adjust:+       0            8     
       Src Latency:+       0            0     
       Net Latency:+       0 (I)        0 (I) 
           Arrival:=    3300            8     
                                              
             Setup:-      93                  
       Uncertainty:-     125                  
     Required Time:=    3082                  
      Launch Clock:-       8                  
       Input Delay:-     990                  
         Data Path:-       0                  
             Slack:=    2084                  

Exceptions/Constraints:
  input_delay             990             dut.sdc_line_15_2_1   

#-----------------------------------------------------------------------------------
#   Timing Point    Flags   Arc   Edge       Cell        Fanout Trans Delay Arrival 
#                                                                (ps)  (ps)   (ps)  
#-----------------------------------------------------------------------------------
  x_in[7][7]        -       -     R     (arrival)             1    42     0     998 
  x_reg_reg[7][7]/D -       -     R     DFFRPQN_X2M_A9TL      1     -     0     998 
#-----------------------------------------------------------------------------------



Path 7: MET (2084 ps) Setup Check with Pin x_reg_reg[7][0]/CK->D
          Group: in2reg
     Startpoint: (R) x_in[7][0]
          Clock: (R) clk
       Endpoint: (R) x_reg_reg[7][0]/D
          Clock: (R) clk

                     Capture       Launch     
        Clock Edge:+    3300            0     
        Drv Adjust:+       0            8     
       Src Latency:+       0            0     
       Net Latency:+       0 (I)        0 (I) 
           Arrival:=    3300            8     
                                              
             Setup:-      93                  
       Uncertainty:-     125                  
     Required Time:=    3082                  
      Launch Clock:-       8                  
       Input Delay:-     990                  
         Data Path:-       0                  
             Slack:=    2084                  

Exceptions/Constraints:
  input_delay             990             dut.sdc_line_15_9_1   

#-----------------------------------------------------------------------------------
#   Timing Point    Flags   Arc   Edge       Cell        Fanout Trans Delay Arrival 
#                                                                (ps)  (ps)   (ps)  
#-----------------------------------------------------------------------------------
  x_in[7][0]        -       -     R     (arrival)             1    42     0     998 
  x_reg_reg[7][0]/D -       -     R     DFFRPQN_X2M_A9TL      1     -     0     998 
#-----------------------------------------------------------------------------------



Path 8: MET (2084 ps) Setup Check with Pin x_reg_reg[3][2]/CK->D
          Group: in2reg
     Startpoint: (R) x_in[3][2]
          Clock: (R) clk
       Endpoint: (R) x_reg_reg[3][2]/D
          Clock: (R) clk

                     Capture       Launch     
        Clock Edge:+    3300            0     
        Drv Adjust:+       0            8     
       Src Latency:+       0            0     
       Net Latency:+       0 (I)        0 (I) 
           Arrival:=    3300            8     
                                              
             Setup:-      93                  
       Uncertainty:-     125                  
     Required Time:=    3082                  
      Launch Clock:-       8                  
       Input Delay:-     990                  
         Data Path:-       0                  
             Slack:=    2084                  

Exceptions/Constraints:
  input_delay             990             dut.sdc_line_15_39_1   

#-----------------------------------------------------------------------------------
#   Timing Point    Flags   Arc   Edge       Cell        Fanout Trans Delay Arrival 
#                                                                (ps)  (ps)   (ps)  
#-----------------------------------------------------------------------------------
  x_in[3][2]        -       -     R     (arrival)             1    42     0     998 
  x_reg_reg[3][2]/D -       -     R     DFFRPQN_X2M_A9TL      1     -     0     998 
#-----------------------------------------------------------------------------------



Path 9: MET (2084 ps) Setup Check with Pin x_reg_reg[3][1]/CK->D
          Group: in2reg
     Startpoint: (R) x_in[3][1]
          Clock: (R) clk
       Endpoint: (R) x_reg_reg[3][1]/D
          Clock: (R) clk

                     Capture       Launch     
        Clock Edge:+    3300            0     
        Drv Adjust:+       0            8     
       Src Latency:+       0            0     
       Net Latency:+       0 (I)        0 (I) 
           Arrival:=    3300            8     
                                              
             Setup:-      93                  
       Uncertainty:-     125                  
     Required Time:=    3082                  
      Launch Clock:-       8                  
       Input Delay:-     990                  
         Data Path:-       0                  
             Slack:=    2084                  

Exceptions/Constraints:
  input_delay             990             dut.sdc_line_15_40_1   

#-----------------------------------------------------------------------------------
#   Timing Point    Flags   Arc   Edge       Cell        Fanout Trans Delay Arrival 
#                                                                (ps)  (ps)   (ps)  
#-----------------------------------------------------------------------------------
  x_in[3][1]        -       -     R     (arrival)             1    42     0     998 
  x_reg_reg[3][1]/D -       -     R     DFFRPQN_X2M_A9TL      1     -     0     998 
#-----------------------------------------------------------------------------------



Path 10: MET (2084 ps) Setup Check with Pin x_reg_reg[1][0]/CK->D
          Group: in2reg
     Startpoint: (R) x_in[1][0]
          Clock: (R) clk
       Endpoint: (R) x_reg_reg[1][0]/D
          Clock: (R) clk

                     Capture       Launch     
        Clock Edge:+    3300            0     
        Drv Adjust:+       0            8     
       Src Latency:+       0            0     
       Net Latency:+       0 (I)        0 (I) 
           Arrival:=    3300            8     
                                              
             Setup:-      93                  
       Uncertainty:-     125                  
     Required Time:=    3082                  
      Launch Clock:-       8                  
       Input Delay:-     990                  
         Data Path:-       0                  
             Slack:=    2084                  

Exceptions/Constraints:
  input_delay             990             dut.sdc_line_15_57_1   

#-----------------------------------------------------------------------------------
#   Timing Point    Flags   Arc   Edge       Cell        Fanout Trans Delay Arrival 
#                                                                (ps)  (ps)   (ps)  
#-----------------------------------------------------------------------------------
  x_in[1][0]        -       -     R     (arrival)             1    42     0     998 
  x_reg_reg[1][0]/D -       -     R     DFFRPQN_X2M_A9TL      1     -     0     998 
#-----------------------------------------------------------------------------------



Path 11: MET (2084 ps) Setup Check with Pin x_reg_reg[0][0]/CK->D
          Group: in2reg
     Startpoint: (R) x_in[0][0]
          Clock: (R) clk
       Endpoint: (R) x_reg_reg[0][0]/D
          Clock: (R) clk

                     Capture       Launch     
        Clock Edge:+    3300            0     
        Drv Adjust:+       0            8     
       Src Latency:+       0            0     
       Net Latency:+       0 (I)        0 (I) 
           Arrival:=    3300            8     
                                              
             Setup:-      93                  
       Uncertainty:-     125                  
     Required Time:=    3082                  
      Launch Clock:-       8                  
       Input Delay:-     990                  
         Data Path:-       0                  
             Slack:=    2084                  

Exceptions/Constraints:
  input_delay             990             dut.sdc_line_15_65_1   

#-----------------------------------------------------------------------------------
#   Timing Point    Flags   Arc   Edge       Cell        Fanout Trans Delay Arrival 
#                                                                (ps)  (ps)   (ps)  
#-----------------------------------------------------------------------------------
  x_in[0][0]        -       -     R     (arrival)             1    42     0     998 
  x_reg_reg[0][0]/D -       -     R     DFFRPQN_X2M_A9TL      1     -     0     998 
#-----------------------------------------------------------------------------------



Path 12: MET (2084 ps) Setup Check with Pin x_reg_reg[6][0]/CK->D
          Group: in2reg
     Startpoint: (F) x_in[6][0]
          Clock: (R) clk
       Endpoint: (F) x_reg_reg[6][0]/D
          Clock: (R) clk

                     Capture       Launch     
        Clock Edge:+    3300            0     
        Drv Adjust:+       0            6     
       Src Latency:+       0            0     
       Net Latency:+       0 (I)        0 (I) 
           Arrival:=    3300            6     
                                              
             Setup:-      94                  
       Uncertainty:-     125                  
     Required Time:=    3080                  
      Launch Clock:-       6                  
       Input Delay:-     990                  
         Data Path:-       0                  
             Slack:=    2084                  

Exceptions/Constraints:
  input_delay             990             dut.sdc_line_15_17_1   

#----------------------------------------------------------------------------------
#   Timing Point    Flags   Arc   Edge      Cell        Fanout Trans Delay Arrival 
#                                                               (ps)  (ps)   (ps)  
#----------------------------------------------------------------------------------
  x_in[6][0]        -       -     F     (arrival)            1    43     0     996 
  x_reg_reg[6][0]/D -       -     F     DFFRPQ_X1M_A9TL      1     -     0     996 
#----------------------------------------------------------------------------------



Path 13: MET (2084 ps) Setup Check with Pin x_reg_reg[5][5]/CK->D
          Group: in2reg
     Startpoint: (F) x_in[5][5]
          Clock: (R) clk
       Endpoint: (F) x_reg_reg[5][5]/D
          Clock: (R) clk

                     Capture       Launch     
        Clock Edge:+    3300            0     
        Drv Adjust:+       0            6     
       Src Latency:+       0            0     
       Net Latency:+       0 (I)        0 (I) 
           Arrival:=    3300            6     
                                              
             Setup:-      94                  
       Uncertainty:-     125                  
     Required Time:=    3080                  
      Launch Clock:-       6                  
       Input Delay:-     990                  
         Data Path:-       0                  
             Slack:=    2084                  

Exceptions/Constraints:
  input_delay             990             dut.sdc_line_15_20_1   

#----------------------------------------------------------------------------------
#   Timing Point    Flags   Arc   Edge      Cell        Fanout Trans Delay Arrival 
#                                                               (ps)  (ps)   (ps)  
#----------------------------------------------------------------------------------
  x_in[5][5]        -       -     F     (arrival)            1    43     0     996 
  x_reg_reg[5][5]/D -       -     F     DFFRPQ_X1M_A9TL      1     -     0     996 
#----------------------------------------------------------------------------------



Path 14: MET (2084 ps) Setup Check with Pin x_reg_reg[5][4]/CK->D
          Group: in2reg
     Startpoint: (F) x_in[5][4]
          Clock: (R) clk
       Endpoint: (F) x_reg_reg[5][4]/D
          Clock: (R) clk

                     Capture       Launch     
        Clock Edge:+    3300            0     
        Drv Adjust:+       0            6     
       Src Latency:+       0            0     
       Net Latency:+       0 (I)        0 (I) 
           Arrival:=    3300            6     
                                              
             Setup:-      94                  
       Uncertainty:-     125                  
     Required Time:=    3080                  
      Launch Clock:-       6                  
       Input Delay:-     990                  
         Data Path:-       0                  
             Slack:=    2084                  

Exceptions/Constraints:
  input_delay             990             dut.sdc_line_15_21_1   

#----------------------------------------------------------------------------------
#   Timing Point    Flags   Arc   Edge      Cell        Fanout Trans Delay Arrival 
#                                                               (ps)  (ps)   (ps)  
#----------------------------------------------------------------------------------
  x_in[5][4]        -       -     F     (arrival)            1    43     0     996 
  x_reg_reg[5][4]/D -       -     F     DFFRPQ_X1M_A9TL      1     -     0     996 
#----------------------------------------------------------------------------------



Path 15: MET (2084 ps) Setup Check with Pin x_reg_reg[4][0]/CK->D
          Group: in2reg
     Startpoint: (F) x_in[4][0]
          Clock: (R) clk
       Endpoint: (F) x_reg_reg[4][0]/D
          Clock: (R) clk

                     Capture       Launch     
        Clock Edge:+    3300            0     
        Drv Adjust:+       0            6     
       Src Latency:+       0            0     
       Net Latency:+       0 (I)        0 (I) 
           Arrival:=    3300            6     
                                              
             Setup:-      94                  
       Uncertainty:-     125                  
     Required Time:=    3080                  
      Launch Clock:-       6                  
       Input Delay:-     990                  
         Data Path:-       0                  
             Slack:=    2084                  

Exceptions/Constraints:
  input_delay             990             dut.sdc_line_15_33_1   

#----------------------------------------------------------------------------------
#   Timing Point    Flags   Arc   Edge      Cell        Fanout Trans Delay Arrival 
#                                                               (ps)  (ps)   (ps)  
#----------------------------------------------------------------------------------
  x_in[4][0]        -       -     F     (arrival)            1    43     0     996 
  x_reg_reg[4][0]/D -       -     F     DFFRPQ_X1M_A9TL      1     -     0     996 
#----------------------------------------------------------------------------------



Path 16: MET (2084 ps) Setup Check with Pin x_reg_reg[1][4]/CK->D
          Group: in2reg
     Startpoint: (F) x_in[1][4]
          Clock: (R) clk
       Endpoint: (F) x_reg_reg[1][4]/D
          Clock: (R) clk

                     Capture       Launch     
        Clock Edge:+    3300            0     
        Drv Adjust:+       0            6     
       Src Latency:+       0            0     
       Net Latency:+       0 (I)        0 (I) 
           Arrival:=    3300            6     
                                              
             Setup:-      94                  
       Uncertainty:-     125                  
     Required Time:=    3080                  
      Launch Clock:-       6                  
       Input Delay:-     990                  
         Data Path:-       0                  
             Slack:=    2084                  

Exceptions/Constraints:
  input_delay             990             dut.sdc_line_15_53_1   

#----------------------------------------------------------------------------------
#   Timing Point    Flags   Arc   Edge      Cell        Fanout Trans Delay Arrival 
#                                                               (ps)  (ps)   (ps)  
#----------------------------------------------------------------------------------
  x_in[1][4]        -       -     F     (arrival)            1    43     0     996 
  x_reg_reg[1][4]/D -       -     F     DFFRPQ_X1M_A9TL      1     -     0     996 
#----------------------------------------------------------------------------------



Path 17: MET (2088 ps) Setup Check with Pin x_reg_reg[6][0]/CK->D
          Group: in2reg
     Startpoint: (R) x_in[6][0]
          Clock: (R) clk
       Endpoint: (R) x_reg_reg[6][0]/D
          Clock: (R) clk

                     Capture       Launch     
        Clock Edge:+    3300            0     
        Drv Adjust:+       0            7     
       Src Latency:+       0            0     
       Net Latency:+       0 (I)        0 (I) 
           Arrival:=    3300            7     
                                              
             Setup:-      90                  
       Uncertainty:-     125                  
     Required Time:=    3085                  
      Launch Clock:-       7                  
       Input Delay:-     990                  
         Data Path:-       0                  
             Slack:=    2088                  

Exceptions/Constraints:
  input_delay             990             dut.sdc_line_15_17_1   

#----------------------------------------------------------------------------------
#   Timing Point    Flags   Arc   Edge      Cell        Fanout Trans Delay Arrival 
#                                                               (ps)  (ps)   (ps)  
#----------------------------------------------------------------------------------
  x_in[6][0]        -       -     R     (arrival)            1    42     0     997 
  x_reg_reg[6][0]/D -       -     R     DFFRPQ_X1M_A9TL      1     -     0     997 
#----------------------------------------------------------------------------------



Path 18: MET (2088 ps) Setup Check with Pin x_reg_reg[5][5]/CK->D
          Group: in2reg
     Startpoint: (R) x_in[5][5]
          Clock: (R) clk
       Endpoint: (R) x_reg_reg[5][5]/D
          Clock: (R) clk

                     Capture       Launch     
        Clock Edge:+    3300            0     
        Drv Adjust:+       0            7     
       Src Latency:+       0            0     
       Net Latency:+       0 (I)        0 (I) 
           Arrival:=    3300            7     
                                              
             Setup:-      90                  
       Uncertainty:-     125                  
     Required Time:=    3085                  
      Launch Clock:-       7                  
       Input Delay:-     990                  
         Data Path:-       0                  
             Slack:=    2088                  

Exceptions/Constraints:
  input_delay             990             dut.sdc_line_15_20_1   

#----------------------------------------------------------------------------------
#   Timing Point    Flags   Arc   Edge      Cell        Fanout Trans Delay Arrival 
#                                                               (ps)  (ps)   (ps)  
#----------------------------------------------------------------------------------
  x_in[5][5]        -       -     R     (arrival)            1    42     0     997 
  x_reg_reg[5][5]/D -       -     R     DFFRPQ_X1M_A9TL      1     -     0     997 
#----------------------------------------------------------------------------------



Path 19: MET (2088 ps) Setup Check with Pin x_reg_reg[5][4]/CK->D
          Group: in2reg
     Startpoint: (R) x_in[5][4]
          Clock: (R) clk
       Endpoint: (R) x_reg_reg[5][4]/D
          Clock: (R) clk

                     Capture       Launch     
        Clock Edge:+    3300            0     
        Drv Adjust:+       0            7     
       Src Latency:+       0            0     
       Net Latency:+       0 (I)        0 (I) 
           Arrival:=    3300            7     
                                              
             Setup:-      90                  
       Uncertainty:-     125                  
     Required Time:=    3085                  
      Launch Clock:-       7                  
       Input Delay:-     990                  
         Data Path:-       0                  
             Slack:=    2088                  

Exceptions/Constraints:
  input_delay             990             dut.sdc_line_15_21_1   

#----------------------------------------------------------------------------------
#   Timing Point    Flags   Arc   Edge      Cell        Fanout Trans Delay Arrival 
#                                                               (ps)  (ps)   (ps)  
#----------------------------------------------------------------------------------
  x_in[5][4]        -       -     R     (arrival)            1    42     0     997 
  x_reg_reg[5][4]/D -       -     R     DFFRPQ_X1M_A9TL      1     -     0     997 
#----------------------------------------------------------------------------------



Path 20: MET (2088 ps) Setup Check with Pin x_reg_reg[4][0]/CK->D
          Group: in2reg
     Startpoint: (R) x_in[4][0]
          Clock: (R) clk
       Endpoint: (R) x_reg_reg[4][0]/D
          Clock: (R) clk

                     Capture       Launch     
        Clock Edge:+    3300            0     
        Drv Adjust:+       0            7     
       Src Latency:+       0            0     
       Net Latency:+       0 (I)        0 (I) 
           Arrival:=    3300            7     
                                              
             Setup:-      90                  
       Uncertainty:-     125                  
     Required Time:=    3085                  
      Launch Clock:-       7                  
       Input Delay:-     990                  
         Data Path:-       0                  
             Slack:=    2088                  

Exceptions/Constraints:
  input_delay             990             dut.sdc_line_15_33_1   

#----------------------------------------------------------------------------------
#   Timing Point    Flags   Arc   Edge      Cell        Fanout Trans Delay Arrival 
#                                                               (ps)  (ps)   (ps)  
#----------------------------------------------------------------------------------
  x_in[4][0]        -       -     R     (arrival)            1    42     0     997 
  x_reg_reg[4][0]/D -       -     R     DFFRPQ_X1M_A9TL      1     -     0     997 
#----------------------------------------------------------------------------------



Path 21: MET (2088 ps) Setup Check with Pin x_reg_reg[1][4]/CK->D
          Group: in2reg
     Startpoint: (R) x_in[1][4]
          Clock: (R) clk
       Endpoint: (R) x_reg_reg[1][4]/D
          Clock: (R) clk

                     Capture       Launch     
        Clock Edge:+    3300            0     
        Drv Adjust:+       0            7     
       Src Latency:+       0            0     
       Net Latency:+       0 (I)        0 (I) 
           Arrival:=    3300            7     
                                              
             Setup:-      90                  
       Uncertainty:-     125                  
     Required Time:=    3085                  
      Launch Clock:-       7                  
       Input Delay:-     990                  
         Data Path:-       0                  
             Slack:=    2088                  

Exceptions/Constraints:
  input_delay             990             dut.sdc_line_15_53_1   

#----------------------------------------------------------------------------------
#   Timing Point    Flags   Arc   Edge      Cell        Fanout Trans Delay Arrival 
#                                                               (ps)  (ps)   (ps)  
#----------------------------------------------------------------------------------
  x_in[1][4]        -       -     R     (arrival)            1    42     0     997 
  x_reg_reg[1][4]/D -       -     R     DFFRPQ_X1M_A9TL      1     -     0     997 
#----------------------------------------------------------------------------------



Path 22: MET (2090 ps) Setup Check with Pin x_reg_reg[7][6]/CK->D
          Group: in2reg
     Startpoint: (F) x_in[7][6]
          Clock: (R) clk
       Endpoint: (F) x_reg_reg[7][6]/D
          Clock: (R) clk

                     Capture       Launch     
        Clock Edge:+    3300            0     
        Drv Adjust:+       0            6     
       Src Latency:+       0            0     
       Net Latency:+       0 (I)        0 (I) 
           Arrival:=    3300            6     
                                              
             Setup:-      88                  
       Uncertainty:-     125                  
     Required Time:=    3086                  
      Launch Clock:-       6                  
       Input Delay:-     990                  
         Data Path:-       0                  
             Slack:=    2090                  

Exceptions/Constraints:
  input_delay             990             dut.sdc_line_15_3_1   

#----------------------------------------------------------------------------------
#   Timing Point    Flags   Arc   Edge      Cell        Fanout Trans Delay Arrival 
#                                                               (ps)  (ps)   (ps)  
#----------------------------------------------------------------------------------
  x_in[7][6]        -       -     F     (arrival)            1    43     0     996 
  x_reg_reg[7][6]/D -       -     F     DFFRPQ_X4M_A9TL      1     -     0     996 
#----------------------------------------------------------------------------------



Path 23: MET (2090 ps) Setup Check with Pin x_reg_reg[6][6]/CK->D
          Group: in2reg
     Startpoint: (F) x_in[6][6]
          Clock: (R) clk
       Endpoint: (F) x_reg_reg[6][6]/D
          Clock: (R) clk

                     Capture       Launch     
        Clock Edge:+    3300            0     
        Drv Adjust:+       0            6     
       Src Latency:+       0            0     
       Net Latency:+       0 (I)        0 (I) 
           Arrival:=    3300            6     
                                              
             Setup:-      88                  
       Uncertainty:-     125                  
     Required Time:=    3086                  
      Launch Clock:-       6                  
       Input Delay:-     990                  
         Data Path:-       0                  
             Slack:=    2090                  

Exceptions/Constraints:
  input_delay             990             dut.sdc_line_15_11_1   

#----------------------------------------------------------------------------------
#   Timing Point    Flags   Arc   Edge      Cell        Fanout Trans Delay Arrival 
#                                                               (ps)  (ps)   (ps)  
#----------------------------------------------------------------------------------
  x_in[6][6]        -       -     F     (arrival)            1    43     0     996 
  x_reg_reg[6][6]/D -       -     F     DFFRPQ_X4M_A9TL      1     -     0     996 
#----------------------------------------------------------------------------------



Path 24: MET (2090 ps) Setup Check with Pin x_reg_reg[6][4]/CK->D
          Group: in2reg
     Startpoint: (F) x_in[6][4]
          Clock: (R) clk
       Endpoint: (F) x_reg_reg[6][4]/D
          Clock: (R) clk

                     Capture       Launch     
        Clock Edge:+    3300            0     
        Drv Adjust:+       0            6     
       Src Latency:+       0            0     
       Net Latency:+       0 (I)        0 (I) 
           Arrival:=    3300            6     
                                              
             Setup:-      88                  
       Uncertainty:-     125                  
     Required Time:=    3086                  
      Launch Clock:-       6                  
       Input Delay:-     990                  
         Data Path:-       0                  
             Slack:=    2090                  

Exceptions/Constraints:
  input_delay             990             dut.sdc_line_15_13_1   

#----------------------------------------------------------------------------------
#   Timing Point    Flags   Arc   Edge      Cell        Fanout Trans Delay Arrival 
#                                                               (ps)  (ps)   (ps)  
#----------------------------------------------------------------------------------
  x_in[6][4]        -       -     F     (arrival)            1    43     0     996 
  x_reg_reg[6][4]/D -       -     F     DFFRPQ_X4M_A9TL      1     -     0     996 
#----------------------------------------------------------------------------------



Path 25: MET (2090 ps) Setup Check with Pin x_reg_reg[6][3]/CK->D
          Group: in2reg
     Startpoint: (F) x_in[6][3]
          Clock: (R) clk
       Endpoint: (F) x_reg_reg[6][3]/D
          Clock: (R) clk

                     Capture       Launch     
        Clock Edge:+    3300            0     
        Drv Adjust:+       0            6     
       Src Latency:+       0            0     
       Net Latency:+       0 (I)        0 (I) 
           Arrival:=    3300            6     
                                              
             Setup:-      88                  
       Uncertainty:-     125                  
     Required Time:=    3086                  
      Launch Clock:-       6                  
       Input Delay:-     990                  
         Data Path:-       0                  
             Slack:=    2090                  

Exceptions/Constraints:
  input_delay             990             dut.sdc_line_15_14_1   

#----------------------------------------------------------------------------------
#   Timing Point    Flags   Arc   Edge      Cell        Fanout Trans Delay Arrival 
#                                                               (ps)  (ps)   (ps)  
#----------------------------------------------------------------------------------
  x_in[6][3]        -       -     F     (arrival)            1    43     0     996 
  x_reg_reg[6][3]/D -       -     F     DFFRPQ_X4M_A9TL      1     -     0     996 
#----------------------------------------------------------------------------------



Path 26: MET (2090 ps) Setup Check with Pin x_reg_reg[6][2]/CK->D
          Group: in2reg
     Startpoint: (F) x_in[6][2]
          Clock: (R) clk
       Endpoint: (F) x_reg_reg[6][2]/D
          Clock: (R) clk

                     Capture       Launch     
        Clock Edge:+    3300            0     
        Drv Adjust:+       0            6     
       Src Latency:+       0            0     
       Net Latency:+       0 (I)        0 (I) 
           Arrival:=    3300            6     
                                              
             Setup:-      88                  
       Uncertainty:-     125                  
     Required Time:=    3086                  
      Launch Clock:-       6                  
       Input Delay:-     990                  
         Data Path:-       0                  
             Slack:=    2090                  

Exceptions/Constraints:
  input_delay             990             dut.sdc_line_15_15_1   

#----------------------------------------------------------------------------------
#   Timing Point    Flags   Arc   Edge      Cell        Fanout Trans Delay Arrival 
#                                                               (ps)  (ps)   (ps)  
#----------------------------------------------------------------------------------
  x_in[6][2]        -       -     F     (arrival)            1    43     0     996 
  x_reg_reg[6][2]/D -       -     F     DFFRPQ_X4M_A9TL      1     -     0     996 
#----------------------------------------------------------------------------------



Path 27: MET (2090 ps) Setup Check with Pin x_reg_reg[6][1]/CK->D
          Group: in2reg
     Startpoint: (F) x_in[6][1]
          Clock: (R) clk
       Endpoint: (F) x_reg_reg[6][1]/D
          Clock: (R) clk

                     Capture       Launch     
        Clock Edge:+    3300            0     
        Drv Adjust:+       0            6     
       Src Latency:+       0            0     
       Net Latency:+       0 (I)        0 (I) 
           Arrival:=    3300            6     
                                              
             Setup:-      88                  
       Uncertainty:-     125                  
     Required Time:=    3086                  
      Launch Clock:-       6                  
       Input Delay:-     990                  
         Data Path:-       0                  
             Slack:=    2090                  

Exceptions/Constraints:
  input_delay             990             dut.sdc_line_15_16_1   

#----------------------------------------------------------------------------------
#   Timing Point    Flags   Arc   Edge      Cell        Fanout Trans Delay Arrival 
#                                                               (ps)  (ps)   (ps)  
#----------------------------------------------------------------------------------
  x_in[6][1]        -       -     F     (arrival)            1    43     0     996 
  x_reg_reg[6][1]/D -       -     F     DFFRPQ_X4M_A9TL      1     -     0     996 
#----------------------------------------------------------------------------------



Path 28: MET (2090 ps) Setup Check with Pin x_reg_reg[5][2]/CK->D
          Group: in2reg
     Startpoint: (F) x_in[5][2]
          Clock: (R) clk
       Endpoint: (F) x_reg_reg[5][2]/D
          Clock: (R) clk

                     Capture       Launch     
        Clock Edge:+    3300            0     
        Drv Adjust:+       0            6     
       Src Latency:+       0            0     
       Net Latency:+       0 (I)        0 (I) 
           Arrival:=    3300            6     
                                              
             Setup:-      88                  
       Uncertainty:-     125                  
     Required Time:=    3086                  
      Launch Clock:-       6                  
       Input Delay:-     990                  
         Data Path:-       0                  
             Slack:=    2090                  

Exceptions/Constraints:
  input_delay             990             dut.sdc_line_15_23_1   

#----------------------------------------------------------------------------------
#   Timing Point    Flags   Arc   Edge      Cell        Fanout Trans Delay Arrival 
#                                                               (ps)  (ps)   (ps)  
#----------------------------------------------------------------------------------
  x_in[5][2]        -       -     F     (arrival)            1    43     0     996 
  x_reg_reg[5][2]/D -       -     F     DFFRPQ_X4M_A9TL      1     -     0     996 
#----------------------------------------------------------------------------------



Path 29: MET (2090 ps) Setup Check with Pin x_reg_reg[5][0]/CK->D
          Group: in2reg
     Startpoint: (F) x_in[5][0]
          Clock: (R) clk
       Endpoint: (F) x_reg_reg[5][0]/D
          Clock: (R) clk

                     Capture       Launch     
        Clock Edge:+    3300            0     
        Drv Adjust:+       0            6     
       Src Latency:+       0            0     
       Net Latency:+       0 (I)        0 (I) 
           Arrival:=    3300            6     
                                              
             Setup:-      88                  
       Uncertainty:-     125                  
     Required Time:=    3086                  
      Launch Clock:-       6                  
       Input Delay:-     990                  
         Data Path:-       0                  
             Slack:=    2090                  

Exceptions/Constraints:
  input_delay             990             dut.sdc_line_15_25_1   

#----------------------------------------------------------------------------------
#   Timing Point    Flags   Arc   Edge      Cell        Fanout Trans Delay Arrival 
#                                                               (ps)  (ps)   (ps)  
#----------------------------------------------------------------------------------
  x_in[5][0]        -       -     F     (arrival)            1    43     0     996 
  x_reg_reg[5][0]/D -       -     F     DFFRPQ_X4M_A9TL      1     -     0     996 
#----------------------------------------------------------------------------------



Path 30: MET (2090 ps) Setup Check with Pin x_reg_reg[4][7]/CK->D
          Group: in2reg
     Startpoint: (F) x_in[4][7]
          Clock: (R) clk
       Endpoint: (F) x_reg_reg[4][7]/D
          Clock: (R) clk

                     Capture       Launch     
        Clock Edge:+    3300            0     
        Drv Adjust:+       0            6     
       Src Latency:+       0            0     
       Net Latency:+       0 (I)        0 (I) 
           Arrival:=    3300            6     
                                              
             Setup:-      88                  
       Uncertainty:-     125                  
     Required Time:=    3086                  
      Launch Clock:-       6                  
       Input Delay:-     990                  
         Data Path:-       0                  
             Slack:=    2090                  

Exceptions/Constraints:
  input_delay             990             dut.sdc_line_15_26_1   

#----------------------------------------------------------------------------------
#   Timing Point    Flags   Arc   Edge      Cell        Fanout Trans Delay Arrival 
#                                                               (ps)  (ps)   (ps)  
#----------------------------------------------------------------------------------
  x_in[4][7]        -       -     F     (arrival)            1    43     0     996 
  x_reg_reg[4][7]/D -       -     F     DFFRPQ_X4M_A9TL      1     -     0     996 
#----------------------------------------------------------------------------------



Path 31: MET (2090 ps) Setup Check with Pin x_reg_reg[4][3]/CK->D
          Group: in2reg
     Startpoint: (F) x_in[4][3]
          Clock: (R) clk
       Endpoint: (F) x_reg_reg[4][3]/D
          Clock: (R) clk

                     Capture       Launch     
        Clock Edge:+    3300            0     
        Drv Adjust:+       0            6     
       Src Latency:+       0            0     
       Net Latency:+       0 (I)        0 (I) 
           Arrival:=    3300            6     
                                              
             Setup:-      88                  
       Uncertainty:-     125                  
     Required Time:=    3086                  
      Launch Clock:-       6                  
       Input Delay:-     990                  
         Data Path:-       0                  
             Slack:=    2090                  

Exceptions/Constraints:
  input_delay             990             dut.sdc_line_15_30_1   

#----------------------------------------------------------------------------------
#   Timing Point    Flags   Arc   Edge      Cell        Fanout Trans Delay Arrival 
#                                                               (ps)  (ps)   (ps)  
#----------------------------------------------------------------------------------
  x_in[4][3]        -       -     F     (arrival)            1    43     0     996 
  x_reg_reg[4][3]/D -       -     F     DFFRPQ_X4M_A9TL      1     -     0     996 
#----------------------------------------------------------------------------------



Path 32: MET (2090 ps) Setup Check with Pin x_reg_reg[4][2]/CK->D
          Group: in2reg
     Startpoint: (F) x_in[4][2]
          Clock: (R) clk
       Endpoint: (F) x_reg_reg[4][2]/D
          Clock: (R) clk

                     Capture       Launch     
        Clock Edge:+    3300            0     
        Drv Adjust:+       0            6     
       Src Latency:+       0            0     
       Net Latency:+       0 (I)        0 (I) 
           Arrival:=    3300            6     
                                              
             Setup:-      88                  
       Uncertainty:-     125                  
     Required Time:=    3086                  
      Launch Clock:-       6                  
       Input Delay:-     990                  
         Data Path:-       0                  
             Slack:=    2090                  

Exceptions/Constraints:
  input_delay             990             dut.sdc_line_15_31_1   

#----------------------------------------------------------------------------------
#   Timing Point    Flags   Arc   Edge      Cell        Fanout Trans Delay Arrival 
#                                                               (ps)  (ps)   (ps)  
#----------------------------------------------------------------------------------
  x_in[4][2]        -       -     F     (arrival)            1    43     0     996 
  x_reg_reg[4][2]/D -       -     F     DFFRPQ_X4M_A9TL      1     -     0     996 
#----------------------------------------------------------------------------------



Path 33: MET (2090 ps) Setup Check with Pin x_reg_reg[3][7]/CK->D
          Group: in2reg
     Startpoint: (F) x_in[3][7]
          Clock: (R) clk
       Endpoint: (F) x_reg_reg[3][7]/D
          Clock: (R) clk

                     Capture       Launch     
        Clock Edge:+    3300            0     
        Drv Adjust:+       0            6     
       Src Latency:+       0            0     
       Net Latency:+       0 (I)        0 (I) 
           Arrival:=    3300            6     
                                              
             Setup:-      88                  
       Uncertainty:-     125                  
     Required Time:=    3086                  
      Launch Clock:-       6                  
       Input Delay:-     990                  
         Data Path:-       0                  
             Slack:=    2090                  

Exceptions/Constraints:
  input_delay             990             dut.sdc_line_15_34_1   

#----------------------------------------------------------------------------------
#   Timing Point    Flags   Arc   Edge      Cell        Fanout Trans Delay Arrival 
#                                                               (ps)  (ps)   (ps)  
#----------------------------------------------------------------------------------
  x_in[3][7]        -       -     F     (arrival)            1    43     0     996 
  x_reg_reg[3][7]/D -       -     F     DFFRPQ_X4M_A9TL      1     -     0     996 
#----------------------------------------------------------------------------------



Path 34: MET (2090 ps) Setup Check with Pin x_reg_reg[3][4]/CK->D
          Group: in2reg
     Startpoint: (F) x_in[3][4]
          Clock: (R) clk
       Endpoint: (F) x_reg_reg[3][4]/D
          Clock: (R) clk

                     Capture       Launch     
        Clock Edge:+    3300            0     
        Drv Adjust:+       0            6     
       Src Latency:+       0            0     
       Net Latency:+       0 (I)        0 (I) 
           Arrival:=    3300            6     
                                              
             Setup:-      88                  
       Uncertainty:-     125                  
     Required Time:=    3086                  
      Launch Clock:-       6                  
       Input Delay:-     990                  
         Data Path:-       0                  
             Slack:=    2090                  

Exceptions/Constraints:
  input_delay             990             dut.sdc_line_15_37_1   

#----------------------------------------------------------------------------------
#   Timing Point    Flags   Arc   Edge      Cell        Fanout Trans Delay Arrival 
#                                                               (ps)  (ps)   (ps)  
#----------------------------------------------------------------------------------
  x_in[3][4]        -       -     F     (arrival)            1    43     0     996 
  x_reg_reg[3][4]/D -       -     F     DFFRPQ_X4M_A9TL      1     -     0     996 
#----------------------------------------------------------------------------------



Path 35: MET (2090 ps) Setup Check with Pin x_reg_reg[2][7]/CK->D
          Group: in2reg
     Startpoint: (F) x_in[2][7]
          Clock: (R) clk
       Endpoint: (F) x_reg_reg[2][7]/D
          Clock: (R) clk

                     Capture       Launch     
        Clock Edge:+    3300            0     
        Drv Adjust:+       0            6     
       Src Latency:+       0            0     
       Net Latency:+       0 (I)        0 (I) 
           Arrival:=    3300            6     
                                              
             Setup:-      88                  
       Uncertainty:-     125                  
     Required Time:=    3086                  
      Launch Clock:-       6                  
       Input Delay:-     990                  
         Data Path:-       0                  
             Slack:=    2090                  

Exceptions/Constraints:
  input_delay             990             dut.sdc_line_15_42_1   

#----------------------------------------------------------------------------------
#   Timing Point    Flags   Arc   Edge      Cell        Fanout Trans Delay Arrival 
#                                                               (ps)  (ps)   (ps)  
#----------------------------------------------------------------------------------
  x_in[2][7]        -       -     F     (arrival)            1    43     0     996 
  x_reg_reg[2][7]/D -       -     F     DFFRPQ_X4M_A9TL      1     -     0     996 
#----------------------------------------------------------------------------------



Path 36: MET (2090 ps) Setup Check with Pin x_reg_reg[1][7]/CK->D
          Group: in2reg
     Startpoint: (F) x_in[1][7]
          Clock: (R) clk
       Endpoint: (F) x_reg_reg[1][7]/D
          Clock: (R) clk

                     Capture       Launch     
        Clock Edge:+    3300            0     
        Drv Adjust:+       0            6     
       Src Latency:+       0            0     
       Net Latency:+       0 (I)        0 (I) 
           Arrival:=    3300            6     
                                              
             Setup:-      88                  
       Uncertainty:-     125                  
     Required Time:=    3086                  
      Launch Clock:-       6                  
       Input Delay:-     990                  
         Data Path:-       0                  
             Slack:=    2090                  

Exceptions/Constraints:
  input_delay             990             dut.sdc_line_15_50_1   

#----------------------------------------------------------------------------------
#   Timing Point    Flags   Arc   Edge      Cell        Fanout Trans Delay Arrival 
#                                                               (ps)  (ps)   (ps)  
#----------------------------------------------------------------------------------
  x_in[1][7]        -       -     F     (arrival)            1    43     0     996 
  x_reg_reg[1][7]/D -       -     F     DFFRPQ_X4M_A9TL      1     -     0     996 
#----------------------------------------------------------------------------------



Path 37: MET (2090 ps) Setup Check with Pin x_reg_reg[1][5]/CK->D
          Group: in2reg
     Startpoint: (F) x_in[1][5]
          Clock: (R) clk
       Endpoint: (F) x_reg_reg[1][5]/D
          Clock: (R) clk

                     Capture       Launch     
        Clock Edge:+    3300            0     
        Drv Adjust:+       0            6     
       Src Latency:+       0            0     
       Net Latency:+       0 (I)        0 (I) 
           Arrival:=    3300            6     
                                              
             Setup:-      88                  
       Uncertainty:-     125                  
     Required Time:=    3086                  
      Launch Clock:-       6                  
       Input Delay:-     990                  
         Data Path:-       0                  
             Slack:=    2090                  

Exceptions/Constraints:
  input_delay             990             dut.sdc_line_15_52_1   

#----------------------------------------------------------------------------------
#   Timing Point    Flags   Arc   Edge      Cell        Fanout Trans Delay Arrival 
#                                                               (ps)  (ps)   (ps)  
#----------------------------------------------------------------------------------
  x_in[1][5]        -       -     F     (arrival)            1    43     0     996 
  x_reg_reg[1][5]/D -       -     F     DFFRPQ_X4M_A9TL      1     -     0     996 
#----------------------------------------------------------------------------------



Path 38: MET (2090 ps) Setup Check with Pin x_reg_reg[0][6]/CK->D
          Group: in2reg
     Startpoint: (F) x_in[0][6]
          Clock: (R) clk
       Endpoint: (F) x_reg_reg[0][6]/D
          Clock: (R) clk

                     Capture       Launch     
        Clock Edge:+    3300            0     
        Drv Adjust:+       0            6     
       Src Latency:+       0            0     
       Net Latency:+       0 (I)        0 (I) 
           Arrival:=    3300            6     
                                              
             Setup:-      88                  
       Uncertainty:-     125                  
     Required Time:=    3086                  
      Launch Clock:-       6                  
       Input Delay:-     990                  
         Data Path:-       0                  
             Slack:=    2090                  

Exceptions/Constraints:
  input_delay             990             dut.sdc_line_15_59_1   

#----------------------------------------------------------------------------------
#   Timing Point    Flags   Arc   Edge      Cell        Fanout Trans Delay Arrival 
#                                                               (ps)  (ps)   (ps)  
#----------------------------------------------------------------------------------
  x_in[0][6]        -       -     F     (arrival)            1    43     0     996 
  x_reg_reg[0][6]/D -       -     F     DFFRPQ_X4M_A9TL      1     -     0     996 
#----------------------------------------------------------------------------------



Path 39: MET (2090 ps) Setup Check with Pin x_reg_reg[0][4]/CK->D
          Group: in2reg
     Startpoint: (F) x_in[0][4]
          Clock: (R) clk
       Endpoint: (F) x_reg_reg[0][4]/D
          Clock: (R) clk

                     Capture       Launch     
        Clock Edge:+    3300            0     
        Drv Adjust:+       0            6     
       Src Latency:+       0            0     
       Net Latency:+       0 (I)        0 (I) 
           Arrival:=    3300            6     
                                              
             Setup:-      88                  
       Uncertainty:-     125                  
     Required Time:=    3086                  
      Launch Clock:-       6                  
       Input Delay:-     990                  
         Data Path:-       0                  
             Slack:=    2090                  

Exceptions/Constraints:
  input_delay             990             dut.sdc_line_15_61_1   

#----------------------------------------------------------------------------------
#   Timing Point    Flags   Arc   Edge      Cell        Fanout Trans Delay Arrival 
#                                                               (ps)  (ps)   (ps)  
#----------------------------------------------------------------------------------
  x_in[0][4]        -       -     F     (arrival)            1    43     0     996 
  x_reg_reg[0][4]/D -       -     F     DFFRPQ_X4M_A9TL      1     -     0     996 
#----------------------------------------------------------------------------------



Path 40: MET (2090 ps) Setup Check with Pin x_reg_reg[0][2]/CK->D
          Group: in2reg
     Startpoint: (F) x_in[0][2]
          Clock: (R) clk
       Endpoint: (F) x_reg_reg[0][2]/D
          Clock: (R) clk

                     Capture       Launch     
        Clock Edge:+    3300            0     
        Drv Adjust:+       0            6     
       Src Latency:+       0            0     
       Net Latency:+       0 (I)        0 (I) 
           Arrival:=    3300            6     
                                              
             Setup:-      88                  
       Uncertainty:-     125                  
     Required Time:=    3086                  
      Launch Clock:-       6                  
       Input Delay:-     990                  
         Data Path:-       0                  
             Slack:=    2090                  

Exceptions/Constraints:
  input_delay             990             dut.sdc_line_15_63_1   

#----------------------------------------------------------------------------------
#   Timing Point    Flags   Arc   Edge      Cell        Fanout Trans Delay Arrival 
#                                                               (ps)  (ps)   (ps)  
#----------------------------------------------------------------------------------
  x_in[0][2]        -       -     F     (arrival)            1    43     0     996 
  x_reg_reg[0][2]/D -       -     F     DFFRPQ_X4M_A9TL      1     -     0     996 
#----------------------------------------------------------------------------------



Path 41: MET (2090 ps) Setup Check with Pin x_reg_reg[0][1]/CK->D
          Group: in2reg
     Startpoint: (F) x_in[0][1]
          Clock: (R) clk
       Endpoint: (F) x_reg_reg[0][1]/D
          Clock: (R) clk

                     Capture       Launch     
        Clock Edge:+    3300            0     
        Drv Adjust:+       0            6     
       Src Latency:+       0            0     
       Net Latency:+       0 (I)        0 (I) 
           Arrival:=    3300            6     
                                              
             Setup:-      88                  
       Uncertainty:-     125                  
     Required Time:=    3086                  
      Launch Clock:-       6                  
       Input Delay:-     990                  
         Data Path:-       0                  
             Slack:=    2090                  

Exceptions/Constraints:
  input_delay             990             dut.sdc_line_15_64_1   

#----------------------------------------------------------------------------------
#   Timing Point    Flags   Arc   Edge      Cell        Fanout Trans Delay Arrival 
#                                                               (ps)  (ps)   (ps)  
#----------------------------------------------------------------------------------
  x_in[0][1]        -       -     F     (arrival)            1    43     0     996 
  x_reg_reg[0][1]/D -       -     F     DFFRPQ_X4M_A9TL      1     -     0     996 
#----------------------------------------------------------------------------------



Path 42: MET (2090 ps) Setup Check with Pin x_reg_reg[7][5]/CK->D
          Group: in2reg
     Startpoint: (F) x_in[7][5]
          Clock: (R) clk
       Endpoint: (F) x_reg_reg[7][5]/D
          Clock: (R) clk

                     Capture       Launch     
        Clock Edge:+    3300            0     
        Drv Adjust:+       0            6     
       Src Latency:+       0            0     
       Net Latency:+       0 (I)        0 (I) 
           Arrival:=    3300            6     
                                              
             Setup:-      89                  
       Uncertainty:-     125                  
     Required Time:=    3086                  
      Launch Clock:-       6                  
       Input Delay:-     990                  
         Data Path:-       0                  
             Slack:=    2090                  

Exceptions/Constraints:
  input_delay             990             dut.sdc_line_15_4_1   

#----------------------------------------------------------------------------------
#   Timing Point    Flags   Arc   Edge      Cell        Fanout Trans Delay Arrival 
#                                                               (ps)  (ps)   (ps)  
#----------------------------------------------------------------------------------
  x_in[7][5]        -       -     F     (arrival)            1    43     0     996 
  x_reg_reg[7][5]/D -       -     F     DFFRPQ_X2M_A9TL      1     -     0     996 
#----------------------------------------------------------------------------------



Path 43: MET (2090 ps) Setup Check with Pin x_reg_reg[7][3]/CK->D
          Group: in2reg
     Startpoint: (F) x_in[7][3]
          Clock: (R) clk
       Endpoint: (F) x_reg_reg[7][3]/D
          Clock: (R) clk

                     Capture       Launch     
        Clock Edge:+    3300            0     
        Drv Adjust:+       0            6     
       Src Latency:+       0            0     
       Net Latency:+       0 (I)        0 (I) 
           Arrival:=    3300            6     
                                              
             Setup:-      89                  
       Uncertainty:-     125                  
     Required Time:=    3086                  
      Launch Clock:-       6                  
       Input Delay:-     990                  
         Data Path:-       0                  
             Slack:=    2090                  

Exceptions/Constraints:
  input_delay             990             dut.sdc_line_15_6_1   

#----------------------------------------------------------------------------------
#   Timing Point    Flags   Arc   Edge      Cell        Fanout Trans Delay Arrival 
#                                                               (ps)  (ps)   (ps)  
#----------------------------------------------------------------------------------
  x_in[7][3]        -       -     F     (arrival)            1    43     0     996 
  x_reg_reg[7][3]/D -       -     F     DFFRPQ_X2M_A9TL      1     -     0     996 
#----------------------------------------------------------------------------------



Path 44: MET (2090 ps) Setup Check with Pin x_reg_reg[7][2]/CK->D
          Group: in2reg
     Startpoint: (F) x_in[7][2]
          Clock: (R) clk
       Endpoint: (F) x_reg_reg[7][2]/D
          Clock: (R) clk

                     Capture       Launch     
        Clock Edge:+    3300            0     
        Drv Adjust:+       0            6     
       Src Latency:+       0            0     
       Net Latency:+       0 (I)        0 (I) 
           Arrival:=    3300            6     
                                              
             Setup:-      89                  
       Uncertainty:-     125                  
     Required Time:=    3086                  
      Launch Clock:-       6                  
       Input Delay:-     990                  
         Data Path:-       0                  
             Slack:=    2090                  

Exceptions/Constraints:
  input_delay             990             dut.sdc_line_15_7_1   

#----------------------------------------------------------------------------------
#   Timing Point    Flags   Arc   Edge      Cell        Fanout Trans Delay Arrival 
#                                                               (ps)  (ps)   (ps)  
#----------------------------------------------------------------------------------
  x_in[7][2]        -       -     F     (arrival)            1    43     0     996 
  x_reg_reg[7][2]/D -       -     F     DFFRPQ_X2M_A9TL      1     -     0     996 
#----------------------------------------------------------------------------------



Path 45: MET (2090 ps) Setup Check with Pin x_reg_reg[5][7]/CK->D
          Group: in2reg
     Startpoint: (F) x_in[5][7]
          Clock: (R) clk
       Endpoint: (F) x_reg_reg[5][7]/D
          Clock: (R) clk

                     Capture       Launch     
        Clock Edge:+    3300            0     
        Drv Adjust:+       0            6     
       Src Latency:+       0            0     
       Net Latency:+       0 (I)        0 (I) 
           Arrival:=    3300            6     
                                              
             Setup:-      89                  
       Uncertainty:-     125                  
     Required Time:=    3086                  
      Launch Clock:-       6                  
       Input Delay:-     990                  
         Data Path:-       0                  
             Slack:=    2090                  

Exceptions/Constraints:
  input_delay             990             dut.sdc_line_15_18_1   

#----------------------------------------------------------------------------------
#   Timing Point    Flags   Arc   Edge      Cell        Fanout Trans Delay Arrival 
#                                                               (ps)  (ps)   (ps)  
#----------------------------------------------------------------------------------
  x_in[5][7]        -       -     F     (arrival)            1    43     0     996 
  x_reg_reg[5][7]/D -       -     F     DFFRPQ_X2M_A9TL      1     -     0     996 
#----------------------------------------------------------------------------------



Path 46: MET (2090 ps) Setup Check with Pin x_reg_reg[5][6]/CK->D
          Group: in2reg
     Startpoint: (F) x_in[5][6]
          Clock: (R) clk
       Endpoint: (F) x_reg_reg[5][6]/D
          Clock: (R) clk

                     Capture       Launch     
        Clock Edge:+    3300            0     
        Drv Adjust:+       0            6     
       Src Latency:+       0            0     
       Net Latency:+       0 (I)        0 (I) 
           Arrival:=    3300            6     
                                              
             Setup:-      89                  
       Uncertainty:-     125                  
     Required Time:=    3086                  
      Launch Clock:-       6                  
       Input Delay:-     990                  
         Data Path:-       0                  
             Slack:=    2090                  

Exceptions/Constraints:
  input_delay             990             dut.sdc_line_15_19_1   

#----------------------------------------------------------------------------------
#   Timing Point    Flags   Arc   Edge      Cell        Fanout Trans Delay Arrival 
#                                                               (ps)  (ps)   (ps)  
#----------------------------------------------------------------------------------
  x_in[5][6]        -       -     F     (arrival)            1    43     0     996 
  x_reg_reg[5][6]/D -       -     F     DFFRPQ_X2M_A9TL      1     -     0     996 
#----------------------------------------------------------------------------------



Path 47: MET (2090 ps) Setup Check with Pin x_reg_reg[5][3]/CK->D
          Group: in2reg
     Startpoint: (F) x_in[5][3]
          Clock: (R) clk
       Endpoint: (F) x_reg_reg[5][3]/D
          Clock: (R) clk

                     Capture       Launch     
        Clock Edge:+    3300            0     
        Drv Adjust:+       0            6     
       Src Latency:+       0            0     
       Net Latency:+       0 (I)        0 (I) 
           Arrival:=    3300            6     
                                              
             Setup:-      89                  
       Uncertainty:-     125                  
     Required Time:=    3086                  
      Launch Clock:-       6                  
       Input Delay:-     990                  
         Data Path:-       0                  
             Slack:=    2090                  

Exceptions/Constraints:
  input_delay             990             dut.sdc_line_15_22_1   

#----------------------------------------------------------------------------------
#   Timing Point    Flags   Arc   Edge      Cell        Fanout Trans Delay Arrival 
#                                                               (ps)  (ps)   (ps)  
#----------------------------------------------------------------------------------
  x_in[5][3]        -       -     F     (arrival)            1    43     0     996 
  x_reg_reg[5][3]/D -       -     F     DFFRPQ_X2M_A9TL      1     -     0     996 
#----------------------------------------------------------------------------------



Path 48: MET (2090 ps) Setup Check with Pin x_reg_reg[4][6]/CK->D
          Group: in2reg
     Startpoint: (F) x_in[4][6]
          Clock: (R) clk
       Endpoint: (F) x_reg_reg[4][6]/D
          Clock: (R) clk

                     Capture       Launch     
        Clock Edge:+    3300            0     
        Drv Adjust:+       0            6     
       Src Latency:+       0            0     
       Net Latency:+       0 (I)        0 (I) 
           Arrival:=    3300            6     
                                              
             Setup:-      89                  
       Uncertainty:-     125                  
     Required Time:=    3086                  
      Launch Clock:-       6                  
       Input Delay:-     990                  
         Data Path:-       0                  
             Slack:=    2090                  

Exceptions/Constraints:
  input_delay             990             dut.sdc_line_15_27_1   

#----------------------------------------------------------------------------------
#   Timing Point    Flags   Arc   Edge      Cell        Fanout Trans Delay Arrival 
#                                                               (ps)  (ps)   (ps)  
#----------------------------------------------------------------------------------
  x_in[4][6]        -       -     F     (arrival)            1    43     0     996 
  x_reg_reg[4][6]/D -       -     F     DFFRPQ_X2M_A9TL      1     -     0     996 
#----------------------------------------------------------------------------------



Path 49: MET (2090 ps) Setup Check with Pin x_reg_reg[4][5]/CK->D
          Group: in2reg
     Startpoint: (F) x_in[4][5]
          Clock: (R) clk
       Endpoint: (F) x_reg_reg[4][5]/D
          Clock: (R) clk

                     Capture       Launch     
        Clock Edge:+    3300            0     
        Drv Adjust:+       0            6     
       Src Latency:+       0            0     
       Net Latency:+       0 (I)        0 (I) 
           Arrival:=    3300            6     
                                              
             Setup:-      89                  
       Uncertainty:-     125                  
     Required Time:=    3086                  
      Launch Clock:-       6                  
       Input Delay:-     990                  
         Data Path:-       0                  
             Slack:=    2090                  

Exceptions/Constraints:
  input_delay             990             dut.sdc_line_15_28_1   

#----------------------------------------------------------------------------------
#   Timing Point    Flags   Arc   Edge      Cell        Fanout Trans Delay Arrival 
#                                                               (ps)  (ps)   (ps)  
#----------------------------------------------------------------------------------
  x_in[4][5]        -       -     F     (arrival)            1    43     0     996 
  x_reg_reg[4][5]/D -       -     F     DFFRPQ_X2M_A9TL      1     -     0     996 
#----------------------------------------------------------------------------------



Path 50: MET (2090 ps) Setup Check with Pin x_reg_reg[3][5]/CK->D
          Group: in2reg
     Startpoint: (F) x_in[3][5]
          Clock: (R) clk
       Endpoint: (F) x_reg_reg[3][5]/D
          Clock: (R) clk

                     Capture       Launch     
        Clock Edge:+    3300            0     
        Drv Adjust:+       0            6     
       Src Latency:+       0            0     
       Net Latency:+       0 (I)        0 (I) 
           Arrival:=    3300            6     
                                              
             Setup:-      89                  
       Uncertainty:-     125                  
     Required Time:=    3086                  
      Launch Clock:-       6                  
       Input Delay:-     990                  
         Data Path:-       0                  
             Slack:=    2090                  

Exceptions/Constraints:
  input_delay             990             dut.sdc_line_15_36_1   

#----------------------------------------------------------------------------------
#   Timing Point    Flags   Arc   Edge      Cell        Fanout Trans Delay Arrival 
#                                                               (ps)  (ps)   (ps)  
#----------------------------------------------------------------------------------
  x_in[3][5]        -       -     F     (arrival)            1    43     0     996 
  x_reg_reg[3][5]/D -       -     F     DFFRPQ_X2M_A9TL      1     -     0     996 
#----------------------------------------------------------------------------------

