============================================================
  Generated by:           Genus(TM) Synthesis Solution 25.12-s067_1
  Generated on:           Sep 27 2026  11:53:45 pm
  Module:                 ibert_softmax
  Operating conditions:   ss_typical_max_0p90v_125c (balanced_tree)
  Wireload mode:          top
  Area mode:              timing library
============================================================


Path 1: MET (1537 ps) Setup Check with Pin state_reg[0]/CK->D
          Group: in2reg
     Startpoint: (F) valid_in
          Clock: (R) clk
       Endpoint: (F) state_reg[0]/D
          Clock: (R) clk

                     Capture       Launch     
        Clock Edge:+    3300            0     
        Drv Adjust:+       0            6     
       Src Latency:+       0            0     
       Net Latency:+       0 (I)        0 (I) 
           Arrival:=    3300            6     
                                              
             Setup:-     126                  
       Uncertainty:-     125                  
     Required Time:=    3049                  
      Launch Clock:-       6                  
       Input Delay:-     990                  
         Data Path:-     516                  
             Slack:=    1537                  

Exceptions/Constraints:
  input_delay             990             dut.sdc_line_15_1_1   

#-----------------------------------------------------------------------------------
# Timing Point   Flags    Arc   Edge        Cell         Fanout Trans Delay Arrival 
#                                                                (ps)  (ps)   (ps)  
#-----------------------------------------------------------------------------------
  valid_in       -       -      F     (arrival)               1    43     0     996 
  g3159330/Y     -       B->Y   R     NAND2B_X1M_A9TL         2   153   108    1104 
  g3158510/Y     -       A1N->Y R     OAI2XB1_X0P5M_A9TL      1   268   265    1369 
  g3158505/Y     -       B0->Y  F     OAI21_X1M_A9TL          1   132   143    1512 
  state_reg[0]/D -       -      F     DFFRPQ_X1M_A9TL         1     -     0    1512 
#-----------------------------------------------------------------------------------

