============================================================
  Generated by:           Genus(TM) Synthesis Solution 25.12-s067_1
  Generated on:           Sep 27 2026  11:53:45 pm
  Module:                 ibert_softmax
  Operating conditions:   ss_typical_max_0p90v_125c (balanced_tree)
  Wireload mode:          top
  Area mode:              timing library
============================================================


Path 1: MET (0 ps) Setup Check with Pin delta_reg_reg[4][3]/CK->D
          Group: reg2reg
     Startpoint: (R) max_x_reg[0]/CK
          Clock: (R) clk
       Endpoint: (R) delta_reg_reg[4][3]/D
          Clock: (R) clk

                     Capture       Launch     
        Clock Edge:+    3300            0     
       Src Latency:+       0            0     
       Net Latency:+       0 (I)        0 (I) 
           Arrival:=    3300            0     
                                              
             Setup:-      80                  
       Uncertainty:-     125                  
     Required Time:=    3095                  
      Launch Clock:-       0                  
         Data Path:-    3095                  
             Slack:=       0                  

#----------------------------------------------------------------------------------------
#     Timing Point      Flags    Arc   Edge       Cell        Fanout Trans Delay Arrival 
#                                                                     (ps)  (ps)   (ps)  
#----------------------------------------------------------------------------------------
  max_x_reg[0]/CK       -       -      R     (arrival)             8     0     0       0 
  max_x_reg[0]/Q        -       CK->Q  R     SDFFRPQ_X4M_A9TL      7   159   326     326 
  g3216524/Y            -       A->Y   F     INV_X7P5M_A9TL        6    69    74     400 
  g3216463/Y            -       A->Y   R     NOR2_X6B_A9TL         2    80    71     470 
  g3216356/Y            -       B0N->Y F     AO21B_X4M_A9TL        1    72    68     539 
  g3216336/Y            -       A->Y   R     NAND2_X8M_A9TL        2    82    71     610 
  g3216180/Y            -       A0->Y  F     AOI21_X8M_A9TL        2   113    72     682 
  g3215895/Y            -       A0->Y  R     OAI21_X6M_A9TL        2   126   112     794 
  g3215854/Y            -       A->Y   F     INV_X3M_A9TL          1    50    54     848 
  g3215853/Y            -       A->Y   R     INV_X4M_A9TL          2    62    57     906 
  g3215613/Y            -       A->Y   F     NAND3_X6A_A9TL        2    74    59     965 
  g3217366/Y            -       A->Y   R     NAND2XB_X6M_A9TL      3    94    78    1044 
  g3215470/Y            -       A->Y   F     NAND2_X4M_A9TL        7   108    91    1134 
  g3215391/Y            -       A->Y   R     NOR2_X2A_A9TL         1   104    90    1224 
  g3215348/Y            -       B->Y   F     NAND2_X1A_A9TL        1    98    96    1320 
  g3215304/Y            -       B0->Y  R     OAI21_X1P4M_A9TL      1   140    94    1414 
  g3215217/Y            -       A->Y   F     NAND2_X1P4M_A9TL      3   130   113    1527 
  g3214854/Y            -       A1->Y  F     AO21B_X1M_A9TL        1    89   172    1699 
  g3214824/Y            -       A->Y   R     NOR2_X1M_A9TL         1   178   138    1837 
  g3214588__7098/Y      -       A0->Y  F     OAI22_X2M_A9TL        1   123   129    1967 
  g3214479__5526/Y      -       C->Y   F     OR4_X6M_A9TL          5    69   158    2124 
  g3214432__7410/Y      -       B0->Y  F     OA21_X1M_A9TL         2    99   156    2280 
  g3214370__1705/Y      -       B0->Y  R     AOI21_X2M_A9TL        1   159   132    2412 
  g3214220__2802/Y      -       A->Y   R     XNOR2_X3M_A9TL        2   167   109    2521 
  g3214144__2398/Y      -       B0->Y  F     OAI21_X1M_A9TL        1   116   116    2637 
  g3214099__6417/Y      -       B0->Y  R     AOI32_X1M_A9TL        1   242   182    2820 
  g3214027__5107/Y      -       A->Y   F     XNOR3_X1P4M_A9TL      2   110   215    3035 
  g3214011/Y            -       A->Y   R     INV_X2M_A9TL          1    54    60    3095 
  delta_reg_reg[4][3]/D -       -      R     DFFRPQ_X4M_A9TL       1     -     0    3095 
#----------------------------------------------------------------------------------------

