============================================================
  Generated by:           Genus(TM) Synthesis Solution 25.12-s067_1
  Generated on:           Sep 27 2026  11:53:46 pm
  Module:                 ibert_softmax
  Operating conditions:   ss_typical_max_0p90v_125c (balanced_tree)
  Wireload mode:          top
  Area mode:              timing library
============================================================


Path 1: MET (0 ps) Setup Check with Pin delta_reg_reg[4][3]/CK->D
          Group: reg2reg
     Startpoint: (R) max_x_reg[0]/CK
          Clock: (R) clk
       Endpoint: (R) delta_reg_reg[4][3]/D
          Clock: (R) clk

                     Capture       Launch     
        Clock Edge:+    3300            0     
       Src Latency:+       0            0     
       Net Latency:+       0 (I)        0 (I) 
           Arrival:=    3300            0     
                                              
             Setup:-      80                  
       Uncertainty:-     125                  
     Required Time:=    3095                  
      Launch Clock:-       0                  
         Data Path:-    3095                  
             Slack:=       0                  


