============================================================
  Generated by:           Genus(TM) Synthesis Solution 25.12-s067_1
  Generated on:           Apr 09 2026  12:20:46 pm
  Module:                 tr_gelu
  Operating conditions:   ss_typical_max_0p90v_125c (balanced_tree)
  Wireload mode:          top
  Area mode:              timing library
============================================================

Timing
--------

Clock Period 
-------------
clk   3000.0 


  Cost    Critical             Violating 
 Group   Path Slack    TNS       Paths   
-----------------------------------------
clk        No paths       0.0            
default    No paths       0.0            
in2out     No paths       0.0            
in2reg          5.3       0.0          0 
reg2out      1660.1       0.0          0 
reg2reg      -475.7   -3484.3          8 
-----------------------------------------
Total                 -3484.3          8 

Instance Count
--------------
Leaf Instance Count             1584 
Physical Instance count            0 
Sequential Instance Count         90 
Combinational Instance Count    1494 
Hierarchical Instance Count        5 

Area
----
Cell Area                          7571.520
Physical Cell Area                 0.000
Total Cell Area (Cell+Physical)    7571.520
Net Area                           0.000
Total Area (Cell+Physical+Net)     7571.520

Max Fanout                         91 (clk)
Min Fanout                         0 (is_zero_1)
Average Fanout                     2.0
Terms to net ratio                 3.0416
Terms to instance ratio            3.1818
Runtime                            137.07707800000003 seconds
Elapsed Runtime                    132 seconds
Genus peak memory usage            2421.82 
Innovus peak memory usage          no_value 
Hostname                           enicsw11.local
