============================================================
  Generated by:           Genus(TM) Synthesis Solution 25.12-s067_1
  Generated on:           May 05 2026  03:04:34 pm
  Module:                 tr_norm_alu
  Operating conditions:   ss_typical_max_0p90v_125c (balanced_tree)
  Wireload mode:          top
  Area mode:              timing library
============================================================

Max_transition design rule: no violations.


Max_capacitance design rule: no violations.


Max_fanout design rule (violation total = 2.000)
Pin                           Fanout           Max     Violation
------------------------------------------------------------------
drc_bufs5031/Y                18.000        16.000         2.000
drc_bufs5031/Y                18.000        16.000         2.000
drc_bufs5031/Y                18.000        16.000         2.000
drc_bufs5031/Y                18.000        16.000         2.000
drc_bufs5031/Y                18.000        16.000         2.000
drc_bufs5031/Y                18.000        16.000         2.000
drc_bufs5031/Y                18.000        16.000         2.000
drc_bufs5031/Y                18.000        16.000         2.000
drc_bufs5031/Y                18.000        16.000         2.000
drc_bufs5031/Y                18.000        16.000         2.000
drc_bufs5031/Y                18.000        16.000         2.000
drc_bufs5031/Y                18.000        16.000         2.000
drc_bufs5031/Y                18.000        16.000         2.000
drc_bufs5031/Y                18.000        16.000         2.000
drc_bufs5031/Y                18.000        16.000         2.000
drc_bufs5031/Y                18.000        16.000         2.000
drc_bufs5031/Y                18.000        16.000         2.000
drc_bufs5031/Y                18.000        16.000         2.000
drc_bufs5031/Y                18.000        16.000         2.000



