============================================================
  Generated by:           Genus(TM) Synthesis Solution 25.12-s067_1
  Generated on:           May 06 2026  12:23:17 pm
  Module:                 tr_norm_alu
  Operating conditions:   ss_typical_max_0p90v_125c (balanced_tree)
  Wireload mode:          top
  Area mode:              timing library
============================================================

Timing
--------

Clock Period 
-------------
clk   3300.0 


        Cost          Critical         Violating 
       Group         Path Slack  TNS     Paths   
-------------------------------------------------
cg_enable_group_clk      1699.1   0.0          0 
clk                    No paths   0.0            
default                No paths   0.0            
in2out                 No paths   0.0            
in2reg                     16.2   0.0          0 
reg2out                   230.4   0.0          0 
reg2reg                     0.5   0.0          0 
-------------------------------------------------
Total                             0.0          0 

Instance Count
--------------
Leaf Instance Count             3431 
Physical Instance count            0 
Sequential Instance Count        425 
Combinational Instance Count    3006 
Hierarchical Instance Count        9 

Area
----
Cell Area                          14352.120
Physical Cell Area                 0.000
Total Cell Area (Cell+Physical)    14352.120
Net Area                           0.000
Total Area (Cell+Physical+Net)     14352.120

Max Fanout                         295 (clk)
Min Fanout                         0 (ln_x_comb[0])
Average Fanout                     2.1
Terms to net ratio                 3.1692
Terms to instance ratio            3.3419
Runtime                            210.91165099999995 seconds
Elapsed Runtime                    199 seconds
Genus peak memory usage            2503.97 
Innovus peak memory usage          no_value 
Hostname                           enicsw08.local
