============================================================
  Generated by:           Genus(TM) Synthesis Solution 25.12-s067_1
  Generated on:           May 06 2026  12:23:15 pm
  Module:                 tr_norm_alu
  Operating conditions:   ss_typical_max_0p90v_125c (balanced_tree)
  Wireload mode:          top
  Area mode:              timing library
============================================================

 
  Hierarchy Report Format : 
 
    level instance ( module ) <status>
 
    status :    preserve_<value> -- indicating preserve hierachy or inherited_preserve value
           :    blackbox --  indicating  unresolved instance
 
==================================================================

 0 tr_norm_alu
  1 RC_CG_HIER_INST0 ( RC_CG_MOD ) 
  1 RC_CG_HIER_INST1 ( RC_CG_MOD_1 ) 
  1 RC_CG_HIER_INST2 ( RC_CG_MOD_2 ) 
  1 RC_CG_HIER_INST3 ( RC_CG_MOD_3 ) 
  1 RC_CG_HIER_INST4 ( RC_CG_MOD_4 ) 
  1 u_exp ( tr_exp_WIDTH12_FRAC_W8_LUT_IDX_W4_ITER2 ) 
     2 u_quad ( quadratic_divider_WIDTH12_FRAC_W8 ) 
     2 u_round ( round_WIDTH12_FRAC_W8_LUT_IDX_W4 ) 
  1 u_ln ( tr_ln_WIDTH20_BITS8_OUT_WIDTH12 ) 
