============================================================
  Generated by:           Genus(TM) Synthesis Solution 25.12-s067_1
  Generated on:           Mar 10 2026  09:29:07 pm
  Module:                 softmax_engine
  Operating conditions:   ss_typical_max_0p90v_125c (balanced_tree)
  Wireload mode:          top
  Area mode:              timing library
============================================================


Path 1: MET (26 ps) Setup Check with Pin prob_out_reg[7][7]/CK->D
          Group: reg2reg
     Startpoint: (R) dsp_mac/out_dot_reg[17]/CK
          Clock: (R) clk
       Endpoint: (F) prob_out_reg[7][7]/D
          Clock: (R) clk

                     Capture       Launch     
        Clock Edge:+   10000            0     
       Src Latency:+       0            0     
       Net Latency:+       0 (I)        0 (I) 
           Arrival:=   10000            0     
                                              
             Setup:-     112                  
       Uncertainty:-     125                  
     Required Time:=    9763                  
      Launch Clock:-       0                  
         Data Path:-    9737                  
             Slack:=      26                  

#-------------------------------------------------------------------------------------------------------------------
#                  Timing Point                   Flags    Arc   Edge       Cell         Fanout Trans Delay Arrival 
#                                                                                                (ps)  (ps)   (ps)  
#-------------------------------------------------------------------------------------------------------------------
  dsp_mac/out_dot_reg[17]/CK                      -       -      R     (arrival)              9     0     0       0 
  dsp_mac/out_dot_reg[17]/Q                       -       CK->Q  R     A2DFFQ_X0P5M_A9TL      1   122   334     334 
  dsp_mac/g845/Y                                  -       A->Y   R     BUF_X2M_A9TL           5   149   176     510 
  g3024/Y                                         -       A->Y   F     INV_X2M_A9TL           3   112   109     619 
  g3008/Y                                         -       B->Y   F     AND3_X3M_A9TL          3    73   164     784 
  g3003/Y                                         -       A->Y   R     NAND2XB_X6M_A9TL       2    74    66     850 
  g3000/Y                                         -       A->Y   F     NAND2_X4B_A9TL         4   122    94     944 
  g4167/Y                                         -       A->Y   F     BUF_X1P4M_A9TH         3   354   462    1406 
  csa_tree_u_reciprocal_minus_53_23_groupi_g596/Y -       B->Y   R     NOR2_X2A_A9TL          2   182   213    1619 
  csa_tree_u_reciprocal_minus_53_23_groupi_g587/Y -       B0->Y  F     AOI2XB1_X3M_A9TL       2   172   104    1723 
  csa_tree_u_reciprocal_minus_53_23_groupi_g569/Y -       A->Y   R     NOR2_X3A_A9TL          3   153   140    1863 
  csa_tree_u_reciprocal_minus_53_23_groupi_g553/Y -       A0->Y  R     OA21_X1P4M_A9TL        1    95   169    2032 
  csa_tree_u_reciprocal_minus_53_23_groupi_g621/Y -       A0N->Y F     AO1B2_X4M_A9TL         2    61    67    2099 
  g4171/Y                                         -       A->Y   F     BUF_X1M_A9TH           1   236   367    2467 
  csa_tree_u_reciprocal_minus_53_23_groupi_g627/Y -       B->Y   F     XNOR2_X3M_A9TL         1   161   185    2652 
  g2720/Y                                         -       S0->Y  F     MXIT2_X4M_A9TL         2   102   131    2783 
  g4172/Y                                         -       A->Y   R     INV_X3P5M_A9TH         5   323   244    3026 
  g2711/Y                                         -       B->Y   F     NAND2_X3A_A9TL         2   126   145    3171 
  g2706/Y                                         -       B->Y   F     AND2_X6M_A9TL          9    80   170    3341 
  WALLACE_CSA_DUMMY_OP15_groupi_g1848/Y           -       A->Y   F     AND2_X2M_A9TL          2    55   126    3468 
  WALLACE_CSA_DUMMY_OP15_groupi_g1845/Y           -       B0->Y  R     AOI21_X1M_A9TL         1   241   165    3633 
  WALLACE_CSA_DUMMY_OP15_groupi_g1716/S           -       B->S   F     ADDF_X1M_A9TL          1   109   350    3984 
  WALLACE_CSA_DUMMY_OP15_groupi_g1688/SUM         -       B->SUM F     ADDFH_X2M_A9TL         2   108   325    4308 
  WALLACE_CSA_DUMMY_OP15_groupi_g1680/Y           -       B->Y   R     NAND2_X4M_A9TL         3   108   106    4415 
  WALLACE_CSA_DUMMY_OP15_groupi_g1650/Y           -       A->Y   F     NAND2_X4M_A9TL         2    69    69    4483 
  WALLACE_CSA_DUMMY_OP15_groupi_g1648/Y           -       A1->Y  R     OAI21_X3M_A9TL         1   137   127    4610 
  WALLACE_CSA_DUMMY_OP15_groupi_g1646/Y           -       B->Y   F     NOR2_X6M_A9TL          2    63    76    4686 
  WALLACE_CSA_DUMMY_OP15_groupi_g1641/Y           -       A0->Y  R     OAI2XB1_X2M_A9TL       1   141   115    4801 
  WALLACE_CSA_DUMMY_OP15_groupi_g1640/Y           -       B->Y   F     NAND2_X3A_A9TL         1    84    81    4882 
  WALLACE_CSA_DUMMY_OP15_groupi_g1638/Y           -       B->Y   R     NAND2_X4M_A9TL         2    88    87    4969 
  WALLACE_CSA_DUMMY_OP15_groupi_g1636/Y           -       B1->Y  R     AO1B2_X3M_A9TL         1    78   132    5101 
  WALLACE_CSA_DUMMY_OP15_groupi_g1837/Y           -       B->Y   F     XOR2_X2M_A9TL          1   109    94    5195 
  g2544/Y                                         -       A->Y   R     NOR2_X3A_A9TL          1   215   164    5359 
  g2541/Y                                         -       A->Y   F     INV_X13M_A9TL         96   212   200    5559 
  WALLACE_CSA_DUMMY_OP13_groupi_g4046/Y           -       A0->Y  R     AOI22_X1M_A9TL         2   302   274    5833 
  WALLACE_CSA_DUMMY_OP13_groupi_g3868/Y           -       A->Y   R     XNOR2_X1M_A9TL         2   326   230    6062 
  WALLACE_CSA_DUMMY_OP13_groupi_g3824/Y           -       B->Y   F     XNOR3_X0P5M_A9TL       2   200   467    6530 
  WALLACE_CSA_DUMMY_OP13_groupi_g3798/Y           -       A->Y   F     XNOR2_X0P7M_A9TL       1   169   165    6695 
  WALLACE_CSA_DUMMY_OP13_groupi_g3779/CON         -       B->CON R     CGENI_X1M_A9TL         1   177   178    6873 
  WALLACE_CSA_DUMMY_OP13_groupi_g3774/Y           -       A1->Y  F     OAI21_X1M_A9TL         1   130   143    7016 
  WALLACE_CSA_DUMMY_OP13_groupi_g3770/CON         -       A->CON R     CGENI_X1M_A9TL         1   176   162    7178 
  WALLACE_CSA_DUMMY_OP13_groupi_g3762/Y           -       A1->Y  F     OAI21_X1M_A9TL         1   130   142    7320 
  WALLACE_CSA_DUMMY_OP13_groupi_g3760/Y           -       A0->Y  R     AOI22_X2M_A9TL         2   183   174    7494 
  WALLACE_CSA_DUMMY_OP13_groupi_g3759/Y           -       A1->Y  F     OAI21_X1P4M_A9TL       2   129   145    7639 
  WALLACE_CSA_DUMMY_OP13_groupi_g3757/Y           -       B->Y   R     NAND2_X1B_A9TL         1   103   104    7743 
  WALLACE_CSA_DUMMY_OP13_groupi_g3755/Y           -       B0N->Y F     AO21B_X2M_A9TL         1    87    81    7824 
  WALLACE_CSA_DUMMY_OP13_groupi_g3754/CO          -       A->CO  F     ADDF_X1M_A9TL          1   112   242    8067 
  WALLACE_CSA_DUMMY_OP13_groupi_g3753/CO          -       A->CO  F     ADDF_X1M_A9TL          1   112   251    8318 
  WALLACE_CSA_DUMMY_OP13_groupi_g3752/CO          -       A->CO  F     ADDF_X1M_A9TL          1   112   251    8569 
  WALLACE_CSA_DUMMY_OP13_groupi_g3751/CO          -       A->CO  F     ADDF_X1M_A9TL          1   112   251    8820 
  WALLACE_CSA_DUMMY_OP13_groupi_g3750/CO          -       A->CO  F     ADDF_X1M_A9TL          1   112   251    9071 
  WALLACE_CSA_DUMMY_OP13_groupi_g3749/CO          -       A->CO  F     ADDF_X1M_A9TL          1   116   254    9325 
  WALLACE_CSA_DUMMY_OP13_groupi_g3748/Y           -       A->Y   F     XNOR3_X4M_A9TR         8   135   238    9564 
  g3395/Y                                         -       A->Y   F     OR2_X0P5M_A9TL         1    92   174    9737 
  prob_out_reg[7][7]/D                            -       -      F     DFFRPQ_X1M_A9TL        1     -     0    9737 
#-------------------------------------------------------------------------------------------------------------------

