============================================================
  Generated by:           Genus(TM) Synthesis Solution 25.12-s067_1
  Generated on:           Mar 12 2026  01:04:26 pm
  Module:                 vec_mac_su
  Operating conditions:   ss_typical_max_0p90v_125c (balanced_tree)
  Wireload mode:          top
  Area mode:              timing library
============================================================


Path 1: MET (4644 ps) Late External Delay Assertion at pin in_ready
          Group: in2out
     Startpoint: (R) out_ready
          Clock: (R) clk
       Endpoint: (R) in_ready
          Clock: (R) clk

                        Capture       Launch     
           Path Delay:+   11000            -     
           Drv Adjust:+       0            7     
          Src Latency:+       0            0     
          Net Latency:+       0 (I)        0 (I) 
        Capture Clock:+       0                  
              Arrival:=   11000            7     
                                                 
         Output Delay:-    3000                  
          Uncertainty:-     125                  
        Required Time:=    7875                  
         Launch Clock:-       7                  
          Input Delay:-    3000                  
            Data Path:-     224                  
                Slack:=    4644                  

Exceptions/Constraints:
  max_delay               11000            vec_mac_su.sdc_line_19         
  input_delay              3000            vec_mac_su.sdc_line_16_133_1   
  output_delay             3000            vec_mac_su.sdc_line_18         

#-------------------------------------------------------------------------------
# Timing Point   Flags   Arc   Edge      Cell        Fanout Trans Delay Arrival 
#                                                            (ps)  (ps)   (ps)  
#-------------------------------------------------------------------------------
  out_ready      -       -     R     (arrival)            1    42     0    3007 
  g1656__5122/Y  -       AN->Y R     NAND2B_X1M_A9TL      4   285   224    3231 
  in_ready       -       -     R     (port)               -     -     0    3231 
#-------------------------------------------------------------------------------

