============================================================
  Generated by:           Genus(TM) Synthesis Solution 25.12-s067_1
  Generated on:           Mar 12 2026  01:04:26 pm
  Module:                 vec_mac_su
  Operating conditions:   ss_typical_max_0p90v_125c (balanced_tree)
  Wireload mode:          top
  Area mode:              timing library
============================================================


Path 1: MET (5911 ps) Setup Check with Pin out_dot_reg[18]/CK->D
          Group: in2reg
     Startpoint: (R) rst_n
          Clock: (R) clk
       Endpoint: (R) out_dot_reg[18]/D
          Clock: (R) clk

                     Capture       Launch     
        Clock Edge:+   10000            0     
        Drv Adjust:+       0            0     
       Src Latency:+       0            0     
       Net Latency:+       0 (I)        0 (I) 
           Arrival:=   10000            0     
                                              
             Setup:-      75                  
       Uncertainty:-     125                  
     Required Time:=    9800                  
      Launch Clock:-       0                  
       Input Delay:-    3000                  
         Data Path:-     889                  
             Slack:=    5911                  

Exceptions/Constraints:
  input_delay             3000            vec_mac_su.sdc_line_16   

#---------------------------------------------------------------------------------
#   Timing Point    Flags   Arc   Edge      Cell       Fanout Trans Delay Arrival 
#                                                              (ps)  (ps)   (ps)  
#---------------------------------------------------------------------------------
  rst_n             (i)     -     R     (arrival)          34     0     0    3000 
  g3085__2398/Y     -       AN->Y R     NOR2B_X3M_A9TL      9   287   213    3213 
  drc_bufs3074/Y    -       A->Y  F     INV_X1B_A9TL        2   178   189    3402 
  drc_bufs3072/Y    -       A->Y  R     INV_X1M_A9TL        8   338   262    3664 
  g2772__6161/Y     -       A1->Y R     AO22_X1M_A9TL       1    84   224    3889 
  out_dot_reg[18]/D -       -     R     DFFQ_X1M_A9TL       1     -     0    3889 
#---------------------------------------------------------------------------------

(i) : Net is ideal.

