============================================================
  Generated by:           Genus(TM) Synthesis Solution 25.12-s067_1
  Generated on:           Mar 12 2026  01:04:26 pm
  Module:                 vec_mac_su
  Operating conditions:   ss_typical_max_0p90v_125c (balanced_tree)
  Wireload mode:          top
  Area mode:              timing library
============================================================


Path 1: MET (6274 ps) Late External Delay Assertion at pin in_ready
          Group: reg2out
     Startpoint: (R) out_valid_reg/CK
          Clock: (R) clk
       Endpoint: (F) in_ready
          Clock: (R) clk

                     Capture       Launch     
        Clock Edge:+   10000            0     
       Src Latency:+       0            0     
       Net Latency:+       0 (I)        0 (I) 
           Arrival:=   10000            0     
                                              
      Output Delay:-    3000                  
       Uncertainty:-     125                  
     Required Time:=    6875                  
      Launch Clock:-       0                  
         Data Path:-     601                  
             Slack:=    6274                  

Exceptions/Constraints:
  output_delay             3000            vec_mac_su.sdc_line_18   

#-----------------------------------------------------------------------------------
#  Timing Point    Flags   Arc   Edge       Cell         Fanout Trans Delay Arrival 
#                                                                (ps)  (ps)   (ps)  
#-----------------------------------------------------------------------------------
  out_valid_reg/CK -       -     R     (arrival)             29     0     0       0 
  out_valid_reg/Q  -       CK->Q R     A2DFFQ_X0P5M_A9TL      2   226   392     392 
  g1656__5122/Y    -       B->Y  F     NAND2B_X1M_A9TL        4   228   209     601 
  in_ready         -       -     F     (port)                 -     -     0     601 
#-----------------------------------------------------------------------------------

