============================================================
  Generated by:           Genus(TM) Synthesis Solution 25.12-s067_1
  Generated on:           Mar 16 2026  04:49:43 pm
  Module:                 vec_mac_su
  Operating conditions:   ss_typical_max_0p90v_125c (balanced_tree)
  Wireload mode:          top
  Area mode:              timing library
============================================================


Path 1: MET (2 ps) Setup Check with Pin prod_reg_reg[7][16]/CK->D
          Group: reg2reg
     Startpoint: (R) a_reg_reg[7][1]/CK
          Clock: (R) clk
       Endpoint: (R) prod_reg_reg[7][16]/D
          Clock: (R) clk

                     Capture       Launch     
        Clock Edge:+    3000            0     
       Src Latency:+       0            0     
       Net Latency:+       0 (I)        0 (I) 
           Arrival:=    3000            0     
                                              
             Setup:-      75                  
       Uncertainty:-     125                  
     Required Time:=    2800                  
      Launch Clock:-       0                  
         Data Path:-    2798                  
             Slack:=       2                  

#-------------------------------------------------------------------------------------------------------------------------
#                     Timing Point                      Flags    Arc   Edge       Cell         Fanout Trans Delay Arrival 
#                                                                                                      (ps)  (ps)   (ps)  
#-------------------------------------------------------------------------------------------------------------------------
  a_reg_reg[7][1]/CK                                    -       -      R     (arrival)            264     0     0       0 
  a_reg_reg[7][1]/Q                                     -       CK->Q  R     DFFQ_X1M_A9TL          2   176   312     312 
  MULT_TC_OP_1_Y_MULT_TC_OP_Y_MULT_UNS_OP_g2320/Y       -       A->Y   F     INV_X5M_A9TL           2    56    56     368 
  MULT_TC_OP_1_Y_MULT_TC_OP_Y_MULT_UNS_OP_g2318/Y       -       A->Y   R     INV_X3M_A9TL           8   174   122     490 
  MULT_TC_OP_1_Y_MULT_TC_OP_Y_MULT_UNS_OP_g2187__6260/Y -       A->Y   F     NAND2_X1A_A9TL         2   172   152     642 
  MULT_TC_OP_1_Y_MULT_TC_OP_Y_MULT_UNS_OP_g2149__1617/Y -       B->Y   R     NOR2_X2A_A9TL          3   196   179     820 
  MULT_TC_OP_1_Y_MULT_TC_OP_Y_MULT_UNS_OP_g2105/Y       -       A->Y   F     INV_X2M_A9TL           2    77    83     904 
  MULT_TC_OP_1_Y_MULT_TC_OP_Y_MULT_UNS_OP_g2065__8428/Y -       A->Y   R     MXIT2_X1M_A9TL         1   174   116    1020 
  MULT_TC_OP_1_Y_MULT_TC_OP_Y_MULT_UNS_OP_g2341__1666/Y -       B->Y   R     XNOR2_X1M_A9TL         2   273   202    1221 
  MULT_TC_OP_1_Y_MULT_TC_OP_Y_MULT_UNS_OP_g2010__5526/Y -       B->Y   F     NOR2_X1M_A9TL          3   182   206    1428 
  MULT_TC_OP_1_Y_MULT_TC_OP_Y_MULT_UNS_OP_g1968__5107/Y -       A1->Y  R     AOI21_X1M_A9TL         2   266   241    1668 
  MULT_TC_OP_1_Y_MULT_TC_OP_Y_MULT_UNS_OP_g1938__5107/Y -       A->Y   F     NOR2_X2M_A9TL          1   102   111    1779 
  MULT_TC_OP_1_Y_MULT_TC_OP_Y_MULT_UNS_OP_g1935__6417/Y -       B0->Y  R     AOI21_X2M_A9TL         1   113   104    1883 
  MULT_TC_OP_1_Y_MULT_TC_OP_Y_MULT_UNS_OP_g1920__7098/Y -       C0->Y  F     OAI211_X2M_A9TL        4   216   160    2043 
  MULT_TC_OP_1_Y_MULT_TC_OP_Y_MULT_UNS_OP_g1886__7098/Y -       A->Y   R     NAND3XXB_X3M_A9TL      1   134   148    2191 
  MULT_TC_OP_1_Y_MULT_TC_OP_Y_MULT_UNS_OP_g1884__5122/Y -       A->Y   F     NAND3XXB_X6M_A9TL      4    96    85    2276 
  MULT_TC_OP_1_Y_MULT_TC_OP_Y_MULT_UNS_OP_g2__6131/Y    -       A1N->Y F     OAI2XB1_X4M_A9TL       2    99   164    2440 
  MULT_TC_OP_1_Y_MULT_TC_OP_Y_MULT_UNS_OP_g1874__4319/Y -       A0->Y  R     AOI2XB1_X4M_A9TL       1   118   110    2550 
  MULT_TC_OP_1_Y_MULT_TC_OP_Y_MULT_UNS_OP_g1872__5107/Y -       S0->Y  R     MXIT2_X3M_A9TL         2   142    98    2648 
  g2753__2398/Y                                         -       B0->Y  R     AO22_X1M_A9TL          1    83   151    2798 
  prod_reg_reg[7][16]/D                                 -       -      R     DFFQ_X1M_A9TL          1     -     0    2798 
#-------------------------------------------------------------------------------------------------------------------------

