============================================================
  Generated by:           Genus(TM) Synthesis Solution 25.12-s067_1
  Generated on:           Mar 12 2026  12:00:01 pm
  Module:                 softmax_base
  Operating conditions:   ss_typical_max_0p90v_125c (balanced_tree)
  Wireload mode:          top
  Area mode:              timing library
============================================================

Timing
--------

Clock  Period 
--------------
clk   10000.0 


        Cost          Critical         Violating 
       Group         Path Slack  TNS     Paths   
-------------------------------------------------
cg_enable_group_clk      6595.4   0.0          0 
clk                    No paths   0.0            
default                No paths   0.0            
in2out                 No paths   0.0            
in2reg                   5005.0   0.0          0 
reg2out                   219.3   0.0          0 
reg2reg                  5240.0   0.0          0 
-------------------------------------------------
Total                             0.0          0 

Instance Count
--------------
Leaf Instance Count             2087 
Physical Instance count            0 
Sequential Instance Count        482 
Combinational Instance Count    1605 
Hierarchical Instance Count        6 

Area
----
Cell Area                          9558.720
Physical Cell Area                 0.000
Total Cell Area (Cell+Physical)    9558.720
Net Area                           0.000
Total Area (Cell+Physical+Net)     9558.720

Max Fanout                         266 (clk)
Min Fanout                         0 (u_decompose/u_max_tree/n_2)
Average Fanout                     1.9
Terms to net ratio                 2.9207
Terms to instance ratio            3.5841
Runtime                            176.69809899999998 seconds
Elapsed Runtime                    171 seconds
Genus peak memory usage            2505.07 
Innovus peak memory usage          no_value 
Hostname                           enicsw11.local
