============================================================
  Generated by:           Genus(TM) Synthesis Solution 25.12-s067_1
  Generated on:           Apr 12 2026  10:08:49 pm
  Module:                 transformer_core_top
  Operating conditions:   ss_typical_max_0p90v_125c (balanced_tree)
  Wireload mode:          top
  Area mode:              timing library
============================================================


Path 1: VIOLATED (-39 ps) Setup Check with Pin u_datapath/u_tr_array/l0_exp_in_8b_pipe_reg[6]/CK->D
          Group: reg2reg
     Startpoint: (R) u_ctrl/current_uop_reg[mux_sub_val_sel]/CK
          Clock: (R) clk
       Endpoint: (F) u_datapath/u_tr_array/l0_exp_in_8b_pipe_reg[6]/D
          Clock: (R) clk

                     Capture       Launch     
        Clock Edge:+    3300            0     
       Src Latency:+       0            0     
       Net Latency:+       0 (I)        0 (I) 
           Arrival:=    3300            0     
                                              
             Setup:-     105                  
       Uncertainty:-     125                  
     Required Time:=    3070                  
      Launch Clock:-       0                  
         Data Path:-    3109                  
             Slack:=     -39                  

#---------------------------------------------------------------------------------------------------------------------
#                  Timing Point                    Flags    Arc    Edge       Cell         Fanout Trans Delay Arrival 
#                                                                                                  (ps)  (ps)   (ps)  
#---------------------------------------------------------------------------------------------------------------------
  u_ctrl/current_uop_reg[mux_sub_val_sel]/CK       -       -       R     (arrival)           1348     0     0       0 
  u_ctrl/current_uop_reg[mux_sub_val_sel]/Q        -       CK->Q   R     DFFRPQ_X4M_A9TL        3   122   323     323 
  u_datapath/fopt5/Y                               -       A->Y    F     INV_X9M_A9TL           6    61    67     390 
  u_datapath/g9731/Y                               -       S0->Y   R     MXT2_X6M_A9TL          2    70   147     538 
  u_datapath/u_scalar_sub/fopt9386/Y               -       A->Y    F     INV_X7P5M_A9TL         7    46    53     590 
  u_datapath/u_scalar_sub/g8997/CON                -       CI->CON R     CGENI_X2M_A9TL         2   222   148     738 
  u_datapath/u_scalar_sub/g8988/Y                  -       A->Y    F     NAND2XB_X6M_A9TL       2    84    75     814 
  u_datapath/u_scalar_sub/g8973/Y                  -       A->Y    R     NAND2XB_X6M_A9TL       2    74    69     883 
  u_datapath/u_scalar_sub/g8963/Y                  -       A->Y    F     NAND2XB_X6M_A9TL       2    58    56     938 
  u_datapath/u_scalar_sub/g8950/Y                  -       A->Y    R     NAND2XB_X8M_A9TL       2    75    61     999 
  u_datapath/u_scalar_sub/g8930/Y                  -       A0->Y   F     OAI2XB1_X8M_A9TL       2    73    62    1062 
  u_datapath/u_scalar_sub/g8896/Y                  -       A->Y    R     NAND2XB_X6M_A9TL       1    72    61    1122 
  u_datapath/u_scalar_sub/g9276/Y                  -       A->Y    F     NAND2_X6M_A9TL         2    56    55    1177 
  u_datapath/u_scalar_sub/g8859/Y                  -       A->Y    R     NAND2XB_X8M_A9TL       1    70    54    1231 
  u_datapath/u_scalar_sub/g8853/Y                  -       A->Y    F     NAND2XB_X8M_A9TL       4    74    66    1298 
  u_datapath/u_scalar_sub/g9270/Y                  -       A->Y    R     NOR2_X8A_A9TL          7   186   130    1428 
  u_datapath/u_scalar_sub/g8771/Y                  -       B0->Y   F     AOI21_X6M_A9TL         2   100    89    1517 
  u_datapath/g20092/Y                              -       A0->Y   R     AOI21_X6M_A9TL         1   101   106    1622 
  u_datapath/g19946/Y                              -       A->Y    F     NAND2_X8A_A9TL         9   143   104    1726 
  u_datapath/u_tr_array/u_ln_0_8b/g1860/Y          -       B->Y    R     NOR2_X8B_A9TL          3    92   108    1834 
  u_datapath/u_tr_array/u_ln_0_8b/g1894/Y          -       A->Y    R     OR2_X1P4M_A9TL         1   109   147    1981 
  u_datapath/u_tr_array/u_ln_0_8b/g1815/Y          -       A0->Y   F     AOI31_X6M_A9TL         2    98    88    2069 
  u_datapath/u_tr_array/u_ln_0_8b/g1803/Y          -       B0->Y   F     AO1B2_X6M_A9TL         4    84   143    2212 
  u_datapath/u_tr_array/u_ln_0_8b/g2/Y             -       B->Y    R     NAND2_X4M_A9TL         2   105    98    2309 
  u_datapath/u_tr_array/u_ln_0_8b/g1787/Y          -       A->Y    F     NOR2XB_X8M_A9TL        2    69    70    2379 
  u_datapath/u_tr_array/u_ln_0_8b/g1778/Y          -       A->Y    R     NOR2XB_X6M_A9TL        1    72    69    2448 
  u_datapath/u_tr_array/u_ln_0_8b/g1776/Y          -       S0->Y   F     MXT2_X6M_A9TL          2    62   142    2590 
  u_datapath/u_tr_array/g9171/Y                    -       A->Y    R     NOR2_X8M_A9TL          3    83    76    2666 
  u_datapath/u_tr_array/g9316/Y                    -       A->Y    F     NAND3XXB_X6M_A9TL      4   105    86    2752 
  u_datapath/u_tr_array/g8920/Y                    -       A->Y    R     NOR2XB_X8M_A9TL        3    91    87    2839 
  u_datapath/u_tr_array/g9307/Y                    -       A0->Y   F     AOI2XB1_X4M_A9TL       1   112    72    2911 
  u_datapath/u_tr_array/g8663/Y                    -       A->Y    R     MXIT2_X4M_A9TL         2   146   103    3014 
  u_datapath/u_tr_array/g8590/Y                    -       C0->Y   F     OAI211_X2M_A9TL        1    99    95    3109 
  u_datapath/u_tr_array/l0_exp_in_8b_pipe_reg[6]/D -       -       F     DFFRPQ_X3M_A9TL        1     -     0    3109 
#---------------------------------------------------------------------------------------------------------------------

