============================================================
  Generated by:           Genus(TM) Synthesis Solution 25.12-s067_1
  Generated on:           Apr 12 2026  10:08:49 pm
  Module:                 transformer_core_top
  Operating conditions:   ss_typical_max_0p90v_125c (balanced_tree)
  Wireload mode:          top
  Area mode:              timing library
============================================================


Path 1: MET (1009 ps) Late External Delay Assertion at pin host_done_pulse
          Group: reg2out
     Startpoint: (R) u_ctrl/wait_cnt_q_reg[0]/CK
          Clock: (R) clk
       Endpoint: (F) host_done_pulse
          Clock: (R) clk

                     Capture       Launch     
        Clock Edge:+    3300            0     
       Src Latency:+       0            0     
       Net Latency:+       0 (I)        0 (I) 
           Arrival:=    3300            0     
                                              
      Output Delay:-     990                  
       Uncertainty:-     125                  
     Required Time:=    2185                  
      Launch Clock:-       0                  
         Data Path:-    1176                  
             Slack:=    1009                  

Exceptions/Constraints:
  output_delay             990             transformer_core_top_line_18_133_1   

#--------------------------------------------------------------------------------------------
#        Timing Point         Flags   Arc   Edge      Cell        Fanout Trans Delay Arrival 
#                                                                         (ps)  (ps)   (ps)  
#--------------------------------------------------------------------------------------------
  u_ctrl/wait_cnt_q_reg[0]/CK -       -     R     (arrival)         1348     0     0       0 
  u_ctrl/wait_cnt_q_reg[0]/Q  -       CK->Q R     DFFRPQ_X1M_A9TL      3   148   346     346 
  u_ctrl/g1129__3680/Y        -       B->Y  R     OR2_X0P5M_A9TL       2   187   210     556 
  u_ctrl/g1124__6260/Y        -       B->Y  R     OR2_X0P5M_A9TL       3   265   265     821 
  u_ctrl/g1122__2398/Y        -       B->Y  R     OR2_X0P5M_A9TL       2   197   253    1074 
  u_ctrl/g1055/Y              -       A->Y  F     INV_X1M_A9TL         1    92   101    1176 
  host_done_pulse             -       -     F     (port)               -     -     0    1176 
#--------------------------------------------------------------------------------------------

