============================================================
  Generated by:           Genus(TM) Synthesis Solution 25.12-s067_1
  Generated on:           Sep 27 2026  11:35:01 pm
  Module:                 ibert_gelu
  Operating conditions:   ss_typical_max_0p90v_125c (balanced_tree)
  Wireload mode:          top
  Area mode:              timing library
============================================================


Path 1: MET (2078 ps) Setup Check with Pin s0_valid_reg/CK->D
          Group: in2reg
     Startpoint: (F) valid_in
          Clock: (R) clk
       Endpoint: (F) s0_valid_reg/D
          Clock: (R) clk

                     Capture       Launch     
        Clock Edge:+    3300            0     
        Drv Adjust:+       0           10     
       Src Latency:+       0            0     
       Net Latency:+       0 (I)        0 (I) 
           Arrival:=    3300           10     
                                              
             Setup:-      96                  
       Uncertainty:-     125                  
     Required Time:=    3079                  
      Launch Clock:-      10                  
       Input Delay:-     990                  
         Data Path:-       0                  
             Slack:=    2078                  

Exceptions/Constraints:
  input_delay             990             dut.sdc_line_15_1_1   

#-------------------------------------------------------------------------------
# Timing Point   Flags   Arc   Edge      Cell        Fanout Trans Delay Arrival 
#                                                            (ps)  (ps)   (ps)  
#-------------------------------------------------------------------------------
  valid_in       -       -     F     (arrival)            2    48     0    1000 
  s0_valid_reg/D -       -     F     DFFRPQ_X1M_A9TL      2     -     0    1000 
#-------------------------------------------------------------------------------



Path 2: MET (2081 ps) Setup Check with Pin s0_valid_reg/CK->D
          Group: in2reg
     Startpoint: (R) valid_in
          Clock: (R) clk
       Endpoint: (R) s0_valid_reg/D
          Clock: (R) clk

                     Capture       Launch     
        Clock Edge:+    3300            0     
        Drv Adjust:+       0           13     
       Src Latency:+       0            0     
       Net Latency:+       0 (I)        0 (I) 
           Arrival:=    3300           13     
                                              
             Setup:-      91                  
       Uncertainty:-     125                  
     Required Time:=    3084                  
      Launch Clock:-      13                  
       Input Delay:-     990                  
         Data Path:-       0                  
             Slack:=    2081                  

Exceptions/Constraints:
  input_delay             990             dut.sdc_line_15_1_1   

#-------------------------------------------------------------------------------
# Timing Point   Flags   Arc   Edge      Cell        Fanout Trans Delay Arrival 
#                                                            (ps)  (ps)   (ps)  
#-------------------------------------------------------------------------------
  valid_in       -       -     R     (arrival)            2    49     0    1003 
  s0_valid_reg/D -       -     R     DFFRPQ_X1M_A9TL      2     -     0    1003 
#-------------------------------------------------------------------------------



Path 3: MET (2090 ps) Setup Check with Pin x_reg0_reg[6][7]/CK->D
          Group: in2reg
     Startpoint: (F) x_in[6][7]
          Clock: (R) clk
       Endpoint: (F) x_reg0_reg[6][7]/D
          Clock: (R) clk

                     Capture       Launch     
        Clock Edge:+    3300            0     
        Drv Adjust:+       0            6     
       Src Latency:+       0            0     
       Net Latency:+       0 (I)        0 (I) 
           Arrival:=    3300            6     
                                              
             Setup:-      88                  
       Uncertainty:-     125                  
     Required Time:=    3086                  
      Launch Clock:-       6                  
       Input Delay:-     990                  
         Data Path:-       0                  
             Slack:=    2090                  

Exceptions/Constraints:
  input_delay             990             dut.sdc_line_15_10_1   

#-----------------------------------------------------------------------------------
#   Timing Point     Flags   Arc   Edge      Cell        Fanout Trans Delay Arrival 
#                                                                (ps)  (ps)   (ps)  
#-----------------------------------------------------------------------------------
  x_in[6][7]         -       -     F     (arrival)            1    43     0     996 
  x_reg0_reg[6][7]/D -       -     F     DFFRPQ_X4M_A9TL      1     -     0     996 
#-----------------------------------------------------------------------------------



Path 4: MET (2090 ps) Setup Check with Pin x_reg0_reg[7][7]/CK->D
          Group: in2reg
     Startpoint: (F) x_in[7][7]
          Clock: (R) clk
       Endpoint: (F) x_reg0_reg[7][7]/D
          Clock: (R) clk

                     Capture       Launch     
        Clock Edge:+    3300            0     
        Drv Adjust:+       0            6     
       Src Latency:+       0            0     
       Net Latency:+       0 (I)        0 (I) 
           Arrival:=    3300            6     
                                              
             Setup:-      88                  
       Uncertainty:-     125                  
     Required Time:=    3086                  
      Launch Clock:-       6                  
       Input Delay:-     990                  
         Data Path:-       0                  
             Slack:=    2090                  

Exceptions/Constraints:
  input_delay             990             dut.sdc_line_15_2_1   

#-----------------------------------------------------------------------------------
#   Timing Point     Flags   Arc   Edge      Cell        Fanout Trans Delay Arrival 
#                                                                (ps)  (ps)   (ps)  
#-----------------------------------------------------------------------------------
  x_in[7][7]         -       -     F     (arrival)            1    43     0     996 
  x_reg0_reg[7][7]/D -       -     F     DFFRPQ_X4M_A9TL      1     -     0     996 
#-----------------------------------------------------------------------------------



Path 5: MET (2090 ps) Setup Check with Pin x_reg0_reg[7][6]/CK->D
          Group: in2reg
     Startpoint: (F) x_in[7][6]
          Clock: (R) clk
       Endpoint: (F) x_reg0_reg[7][6]/D
          Clock: (R) clk

                     Capture       Launch     
        Clock Edge:+    3300            0     
        Drv Adjust:+       0            6     
       Src Latency:+       0            0     
       Net Latency:+       0 (I)        0 (I) 
           Arrival:=    3300            6     
                                              
             Setup:-      88                  
       Uncertainty:-     125                  
     Required Time:=    3086                  
      Launch Clock:-       6                  
       Input Delay:-     990                  
         Data Path:-       0                  
             Slack:=    2090                  

Exceptions/Constraints:
  input_delay             990             dut.sdc_line_15_3_1   

#-----------------------------------------------------------------------------------
#   Timing Point     Flags   Arc   Edge      Cell        Fanout Trans Delay Arrival 
#                                                                (ps)  (ps)   (ps)  
#-----------------------------------------------------------------------------------
  x_in[7][6]         -       -     F     (arrival)            1    43     0     996 
  x_reg0_reg[7][6]/D -       -     F     DFFRPQ_X4M_A9TL      1     -     0     996 
#-----------------------------------------------------------------------------------



Path 6: MET (2090 ps) Setup Check with Pin x_reg0_reg[7][4]/CK->D
          Group: in2reg
     Startpoint: (F) x_in[7][4]
          Clock: (R) clk
       Endpoint: (F) x_reg0_reg[7][4]/D
          Clock: (R) clk

                     Capture       Launch     
        Clock Edge:+    3300            0     
        Drv Adjust:+       0            6     
       Src Latency:+       0            0     
       Net Latency:+       0 (I)        0 (I) 
           Arrival:=    3300            6     
                                              
             Setup:-      88                  
       Uncertainty:-     125                  
     Required Time:=    3086                  
      Launch Clock:-       6                  
       Input Delay:-     990                  
         Data Path:-       0                  
             Slack:=    2090                  

Exceptions/Constraints:
  input_delay             990             dut.sdc_line_15_5_1   

#-----------------------------------------------------------------------------------
#   Timing Point     Flags   Arc   Edge      Cell        Fanout Trans Delay Arrival 
#                                                                (ps)  (ps)   (ps)  
#-----------------------------------------------------------------------------------
  x_in[7][4]         -       -     F     (arrival)            1    43     0     996 
  x_reg0_reg[7][4]/D -       -     F     DFFRPQ_X4M_A9TL      1     -     0     996 
#-----------------------------------------------------------------------------------



Path 7: MET (2090 ps) Setup Check with Pin x_reg0_reg[6][6]/CK->D
          Group: in2reg
     Startpoint: (F) x_in[6][6]
          Clock: (R) clk
       Endpoint: (F) x_reg0_reg[6][6]/D
          Clock: (R) clk

                     Capture       Launch     
        Clock Edge:+    3300            0     
        Drv Adjust:+       0            6     
       Src Latency:+       0            0     
       Net Latency:+       0 (I)        0 (I) 
           Arrival:=    3300            6     
                                              
             Setup:-      88                  
       Uncertainty:-     125                  
     Required Time:=    3086                  
      Launch Clock:-       6                  
       Input Delay:-     990                  
         Data Path:-       0                  
             Slack:=    2090                  

Exceptions/Constraints:
  input_delay             990             dut.sdc_line_15_11_1   

#-----------------------------------------------------------------------------------
#   Timing Point     Flags   Arc   Edge      Cell        Fanout Trans Delay Arrival 
#                                                                (ps)  (ps)   (ps)  
#-----------------------------------------------------------------------------------
  x_in[6][6]         -       -     F     (arrival)            1    43     0     996 
  x_reg0_reg[6][6]/D -       -     F     DFFRPQ_X4M_A9TL      1     -     0     996 
#-----------------------------------------------------------------------------------



Path 8: MET (2090 ps) Setup Check with Pin x_reg0_reg[5][7]/CK->D
          Group: in2reg
     Startpoint: (F) x_in[5][7]
          Clock: (R) clk
       Endpoint: (F) x_reg0_reg[5][7]/D
          Clock: (R) clk

                     Capture       Launch     
        Clock Edge:+    3300            0     
        Drv Adjust:+       0            6     
       Src Latency:+       0            0     
       Net Latency:+       0 (I)        0 (I) 
           Arrival:=    3300            6     
                                              
             Setup:-      88                  
       Uncertainty:-     125                  
     Required Time:=    3086                  
      Launch Clock:-       6                  
       Input Delay:-     990                  
         Data Path:-       0                  
             Slack:=    2090                  

Exceptions/Constraints:
  input_delay             990             dut.sdc_line_15_18_1   

#-----------------------------------------------------------------------------------
#   Timing Point     Flags   Arc   Edge      Cell        Fanout Trans Delay Arrival 
#                                                                (ps)  (ps)   (ps)  
#-----------------------------------------------------------------------------------
  x_in[5][7]         -       -     F     (arrival)            1    43     0     996 
  x_reg0_reg[5][7]/D -       -     F     DFFRPQ_X4M_A9TL      1     -     0     996 
#-----------------------------------------------------------------------------------



Path 9: MET (2090 ps) Setup Check with Pin x_reg0_reg[5][6]/CK->D
          Group: in2reg
     Startpoint: (F) x_in[5][6]
          Clock: (R) clk
       Endpoint: (F) x_reg0_reg[5][6]/D
          Clock: (R) clk

                     Capture       Launch     
        Clock Edge:+    3300            0     
        Drv Adjust:+       0            6     
       Src Latency:+       0            0     
       Net Latency:+       0 (I)        0 (I) 
           Arrival:=    3300            6     
                                              
             Setup:-      88                  
       Uncertainty:-     125                  
     Required Time:=    3086                  
      Launch Clock:-       6                  
       Input Delay:-     990                  
         Data Path:-       0                  
             Slack:=    2090                  

Exceptions/Constraints:
  input_delay             990             dut.sdc_line_15_19_1   

#-----------------------------------------------------------------------------------
#   Timing Point     Flags   Arc   Edge      Cell        Fanout Trans Delay Arrival 
#                                                                (ps)  (ps)   (ps)  
#-----------------------------------------------------------------------------------
  x_in[5][6]         -       -     F     (arrival)            1    43     0     996 
  x_reg0_reg[5][6]/D -       -     F     DFFRPQ_X4M_A9TL      1     -     0     996 
#-----------------------------------------------------------------------------------



Path 10: MET (2090 ps) Setup Check with Pin x_reg0_reg[5][5]/CK->D
          Group: in2reg
     Startpoint: (F) x_in[5][5]
          Clock: (R) clk
       Endpoint: (F) x_reg0_reg[5][5]/D
          Clock: (R) clk

                     Capture       Launch     
        Clock Edge:+    3300            0     
        Drv Adjust:+       0            6     
       Src Latency:+       0            0     
       Net Latency:+       0 (I)        0 (I) 
           Arrival:=    3300            6     
                                              
             Setup:-      88                  
       Uncertainty:-     125                  
     Required Time:=    3086                  
      Launch Clock:-       6                  
       Input Delay:-     990                  
         Data Path:-       0                  
             Slack:=    2090                  

Exceptions/Constraints:
  input_delay             990             dut.sdc_line_15_20_1   

#-----------------------------------------------------------------------------------
#   Timing Point     Flags   Arc   Edge      Cell        Fanout Trans Delay Arrival 
#                                                                (ps)  (ps)   (ps)  
#-----------------------------------------------------------------------------------
  x_in[5][5]         -       -     F     (arrival)            1    43     0     996 
  x_reg0_reg[5][5]/D -       -     F     DFFRPQ_X4M_A9TL      1     -     0     996 
#-----------------------------------------------------------------------------------



Path 11: MET (2090 ps) Setup Check with Pin x_reg0_reg[4][7]/CK->D
          Group: in2reg
     Startpoint: (F) x_in[4][7]
          Clock: (R) clk
       Endpoint: (F) x_reg0_reg[4][7]/D
          Clock: (R) clk

                     Capture       Launch     
        Clock Edge:+    3300            0     
        Drv Adjust:+       0            6     
       Src Latency:+       0            0     
       Net Latency:+       0 (I)        0 (I) 
           Arrival:=    3300            6     
                                              
             Setup:-      88                  
       Uncertainty:-     125                  
     Required Time:=    3086                  
      Launch Clock:-       6                  
       Input Delay:-     990                  
         Data Path:-       0                  
             Slack:=    2090                  

Exceptions/Constraints:
  input_delay             990             dut.sdc_line_15_26_1   

#-----------------------------------------------------------------------------------
#   Timing Point     Flags   Arc   Edge      Cell        Fanout Trans Delay Arrival 
#                                                                (ps)  (ps)   (ps)  
#-----------------------------------------------------------------------------------
  x_in[4][7]         -       -     F     (arrival)            1    43     0     996 
  x_reg0_reg[4][7]/D -       -     F     DFFRPQ_X4M_A9TL      1     -     0     996 
#-----------------------------------------------------------------------------------



Path 12: MET (2090 ps) Setup Check with Pin x_reg0_reg[4][6]/CK->D
          Group: in2reg
     Startpoint: (F) x_in[4][6]
          Clock: (R) clk
       Endpoint: (F) x_reg0_reg[4][6]/D
          Clock: (R) clk

                     Capture       Launch     
        Clock Edge:+    3300            0     
        Drv Adjust:+       0            6     
       Src Latency:+       0            0     
       Net Latency:+       0 (I)        0 (I) 
           Arrival:=    3300            6     
                                              
             Setup:-      88                  
       Uncertainty:-     125                  
     Required Time:=    3086                  
      Launch Clock:-       6                  
       Input Delay:-     990                  
         Data Path:-       0                  
             Slack:=    2090                  

Exceptions/Constraints:
  input_delay             990             dut.sdc_line_15_27_1   

#-----------------------------------------------------------------------------------
#   Timing Point     Flags   Arc   Edge      Cell        Fanout Trans Delay Arrival 
#                                                                (ps)  (ps)   (ps)  
#-----------------------------------------------------------------------------------
  x_in[4][6]         -       -     F     (arrival)            1    43     0     996 
  x_reg0_reg[4][6]/D -       -     F     DFFRPQ_X4M_A9TL      1     -     0     996 
#-----------------------------------------------------------------------------------



Path 13: MET (2090 ps) Setup Check with Pin x_reg0_reg[4][3]/CK->D
          Group: in2reg
     Startpoint: (F) x_in[4][3]
          Clock: (R) clk
       Endpoint: (F) x_reg0_reg[4][3]/D
          Clock: (R) clk

                     Capture       Launch     
        Clock Edge:+    3300            0     
        Drv Adjust:+       0            6     
       Src Latency:+       0            0     
       Net Latency:+       0 (I)        0 (I) 
           Arrival:=    3300            6     
                                              
             Setup:-      88                  
       Uncertainty:-     125                  
     Required Time:=    3086                  
      Launch Clock:-       6                  
       Input Delay:-     990                  
         Data Path:-       0                  
             Slack:=    2090                  

Exceptions/Constraints:
  input_delay             990             dut.sdc_line_15_30_1   

#-----------------------------------------------------------------------------------
#   Timing Point     Flags   Arc   Edge      Cell        Fanout Trans Delay Arrival 
#                                                                (ps)  (ps)   (ps)  
#-----------------------------------------------------------------------------------
  x_in[4][3]         -       -     F     (arrival)            1    43     0     996 
  x_reg0_reg[4][3]/D -       -     F     DFFRPQ_X4M_A9TL      1     -     0     996 
#-----------------------------------------------------------------------------------



Path 14: MET (2090 ps) Setup Check with Pin x_reg0_reg[3][7]/CK->D
          Group: in2reg
     Startpoint: (F) x_in[3][7]
          Clock: (R) clk
       Endpoint: (F) x_reg0_reg[3][7]/D
          Clock: (R) clk

                     Capture       Launch     
        Clock Edge:+    3300            0     
        Drv Adjust:+       0            6     
       Src Latency:+       0            0     
       Net Latency:+       0 (I)        0 (I) 
           Arrival:=    3300            6     
                                              
             Setup:-      88                  
       Uncertainty:-     125                  
     Required Time:=    3086                  
      Launch Clock:-       6                  
       Input Delay:-     990                  
         Data Path:-       0                  
             Slack:=    2090                  

Exceptions/Constraints:
  input_delay             990             dut.sdc_line_15_34_1   

#-----------------------------------------------------------------------------------
#   Timing Point     Flags   Arc   Edge      Cell        Fanout Trans Delay Arrival 
#                                                                (ps)  (ps)   (ps)  
#-----------------------------------------------------------------------------------
  x_in[3][7]         -       -     F     (arrival)            1    43     0     996 
  x_reg0_reg[3][7]/D -       -     F     DFFRPQ_X4M_A9TL      1     -     0     996 
#-----------------------------------------------------------------------------------



Path 15: MET (2090 ps) Setup Check with Pin x_reg0_reg[3][6]/CK->D
          Group: in2reg
     Startpoint: (F) x_in[3][6]
          Clock: (R) clk
       Endpoint: (F) x_reg0_reg[3][6]/D
          Clock: (R) clk

                     Capture       Launch     
        Clock Edge:+    3300            0     
        Drv Adjust:+       0            6     
       Src Latency:+       0            0     
       Net Latency:+       0 (I)        0 (I) 
           Arrival:=    3300            6     
                                              
             Setup:-      88                  
       Uncertainty:-     125                  
     Required Time:=    3086                  
      Launch Clock:-       6                  
       Input Delay:-     990                  
         Data Path:-       0                  
             Slack:=    2090                  

Exceptions/Constraints:
  input_delay             990             dut.sdc_line_15_35_1   

#-----------------------------------------------------------------------------------
#   Timing Point     Flags   Arc   Edge      Cell        Fanout Trans Delay Arrival 
#                                                                (ps)  (ps)   (ps)  
#-----------------------------------------------------------------------------------
  x_in[3][6]         -       -     F     (arrival)            1    43     0     996 
  x_reg0_reg[3][6]/D -       -     F     DFFRPQ_X4M_A9TL      1     -     0     996 
#-----------------------------------------------------------------------------------



Path 16: MET (2090 ps) Setup Check with Pin x_reg0_reg[3][5]/CK->D
          Group: in2reg
     Startpoint: (F) x_in[3][5]
          Clock: (R) clk
       Endpoint: (F) x_reg0_reg[3][5]/D
          Clock: (R) clk

                     Capture       Launch     
        Clock Edge:+    3300            0     
        Drv Adjust:+       0            6     
       Src Latency:+       0            0     
       Net Latency:+       0 (I)        0 (I) 
           Arrival:=    3300            6     
                                              
             Setup:-      88                  
       Uncertainty:-     125                  
     Required Time:=    3086                  
      Launch Clock:-       6                  
       Input Delay:-     990                  
         Data Path:-       0                  
             Slack:=    2090                  

Exceptions/Constraints:
  input_delay             990             dut.sdc_line_15_36_1   

#-----------------------------------------------------------------------------------
#   Timing Point     Flags   Arc   Edge      Cell        Fanout Trans Delay Arrival 
#                                                                (ps)  (ps)   (ps)  
#-----------------------------------------------------------------------------------
  x_in[3][5]         -       -     F     (arrival)            1    43     0     996 
  x_reg0_reg[3][5]/D -       -     F     DFFRPQ_X4M_A9TL      1     -     0     996 
#-----------------------------------------------------------------------------------



Path 17: MET (2090 ps) Setup Check with Pin x_reg0_reg[3][4]/CK->D
          Group: in2reg
     Startpoint: (F) x_in[3][4]
          Clock: (R) clk
       Endpoint: (F) x_reg0_reg[3][4]/D
          Clock: (R) clk

                     Capture       Launch     
        Clock Edge:+    3300            0     
        Drv Adjust:+       0            6     
       Src Latency:+       0            0     
       Net Latency:+       0 (I)        0 (I) 
           Arrival:=    3300            6     
                                              
             Setup:-      88                  
       Uncertainty:-     125                  
     Required Time:=    3086                  
      Launch Clock:-       6                  
       Input Delay:-     990                  
         Data Path:-       0                  
             Slack:=    2090                  

Exceptions/Constraints:
  input_delay             990             dut.sdc_line_15_37_1   

#-----------------------------------------------------------------------------------
#   Timing Point     Flags   Arc   Edge      Cell        Fanout Trans Delay Arrival 
#                                                                (ps)  (ps)   (ps)  
#-----------------------------------------------------------------------------------
  x_in[3][4]         -       -     F     (arrival)            1    43     0     996 
  x_reg0_reg[3][4]/D -       -     F     DFFRPQ_X4M_A9TL      1     -     0     996 
#-----------------------------------------------------------------------------------



Path 18: MET (2090 ps) Setup Check with Pin x_reg0_reg[2][7]/CK->D
          Group: in2reg
     Startpoint: (F) x_in[2][7]
          Clock: (R) clk
       Endpoint: (F) x_reg0_reg[2][7]/D
          Clock: (R) clk

                     Capture       Launch     
        Clock Edge:+    3300            0     
        Drv Adjust:+       0            6     
       Src Latency:+       0            0     
       Net Latency:+       0 (I)        0 (I) 
           Arrival:=    3300            6     
                                              
             Setup:-      88                  
       Uncertainty:-     125                  
     Required Time:=    3086                  
      Launch Clock:-       6                  
       Input Delay:-     990                  
         Data Path:-       0                  
             Slack:=    2090                  

Exceptions/Constraints:
  input_delay             990             dut.sdc_line_15_42_1   

#-----------------------------------------------------------------------------------
#   Timing Point     Flags   Arc   Edge      Cell        Fanout Trans Delay Arrival 
#                                                                (ps)  (ps)   (ps)  
#-----------------------------------------------------------------------------------
  x_in[2][7]         -       -     F     (arrival)            1    43     0     996 
  x_reg0_reg[2][7]/D -       -     F     DFFRPQ_X4M_A9TL      1     -     0     996 
#-----------------------------------------------------------------------------------



Path 19: MET (2090 ps) Setup Check with Pin x_reg0_reg[2][6]/CK->D
          Group: in2reg
     Startpoint: (F) x_in[2][6]
          Clock: (R) clk
       Endpoint: (F) x_reg0_reg[2][6]/D
          Clock: (R) clk

                     Capture       Launch     
        Clock Edge:+    3300            0     
        Drv Adjust:+       0            6     
       Src Latency:+       0            0     
       Net Latency:+       0 (I)        0 (I) 
           Arrival:=    3300            6     
                                              
             Setup:-      88                  
       Uncertainty:-     125                  
     Required Time:=    3086                  
      Launch Clock:-       6                  
       Input Delay:-     990                  
         Data Path:-       0                  
             Slack:=    2090                  

Exceptions/Constraints:
  input_delay             990             dut.sdc_line_15_43_1   

#-----------------------------------------------------------------------------------
#   Timing Point     Flags   Arc   Edge      Cell        Fanout Trans Delay Arrival 
#                                                                (ps)  (ps)   (ps)  
#-----------------------------------------------------------------------------------
  x_in[2][6]         -       -     F     (arrival)            1    43     0     996 
  x_reg0_reg[2][6]/D -       -     F     DFFRPQ_X4M_A9TL      1     -     0     996 
#-----------------------------------------------------------------------------------



Path 20: MET (2090 ps) Setup Check with Pin x_reg0_reg[2][5]/CK->D
          Group: in2reg
     Startpoint: (F) x_in[2][5]
          Clock: (R) clk
       Endpoint: (F) x_reg0_reg[2][5]/D
          Clock: (R) clk

                     Capture       Launch     
        Clock Edge:+    3300            0     
        Drv Adjust:+       0            6     
       Src Latency:+       0            0     
       Net Latency:+       0 (I)        0 (I) 
           Arrival:=    3300            6     
                                              
             Setup:-      88                  
       Uncertainty:-     125                  
     Required Time:=    3086                  
      Launch Clock:-       6                  
       Input Delay:-     990                  
         Data Path:-       0                  
             Slack:=    2090                  

Exceptions/Constraints:
  input_delay             990             dut.sdc_line_15_44_1   

#-----------------------------------------------------------------------------------
#   Timing Point     Flags   Arc   Edge      Cell        Fanout Trans Delay Arrival 
#                                                                (ps)  (ps)   (ps)  
#-----------------------------------------------------------------------------------
  x_in[2][5]         -       -     F     (arrival)            1    43     0     996 
  x_reg0_reg[2][5]/D -       -     F     DFFRPQ_X4M_A9TL      1     -     0     996 
#-----------------------------------------------------------------------------------



Path 21: MET (2090 ps) Setup Check with Pin x_reg0_reg[2][4]/CK->D
          Group: in2reg
     Startpoint: (F) x_in[2][4]
          Clock: (R) clk
       Endpoint: (F) x_reg0_reg[2][4]/D
          Clock: (R) clk

                     Capture       Launch     
        Clock Edge:+    3300            0     
        Drv Adjust:+       0            6     
       Src Latency:+       0            0     
       Net Latency:+       0 (I)        0 (I) 
           Arrival:=    3300            6     
                                              
             Setup:-      88                  
       Uncertainty:-     125                  
     Required Time:=    3086                  
      Launch Clock:-       6                  
       Input Delay:-     990                  
         Data Path:-       0                  
             Slack:=    2090                  

Exceptions/Constraints:
  input_delay             990             dut.sdc_line_15_45_1   

#-----------------------------------------------------------------------------------
#   Timing Point     Flags   Arc   Edge      Cell        Fanout Trans Delay Arrival 
#                                                                (ps)  (ps)   (ps)  
#-----------------------------------------------------------------------------------
  x_in[2][4]         -       -     F     (arrival)            1    43     0     996 
  x_reg0_reg[2][4]/D -       -     F     DFFRPQ_X4M_A9TL      1     -     0     996 
#-----------------------------------------------------------------------------------



Path 22: MET (2090 ps) Setup Check with Pin x_reg0_reg[1][7]/CK->D
          Group: in2reg
     Startpoint: (F) x_in[1][7]
          Clock: (R) clk
       Endpoint: (F) x_reg0_reg[1][7]/D
          Clock: (R) clk

                     Capture       Launch     
        Clock Edge:+    3300            0     
        Drv Adjust:+       0            6     
       Src Latency:+       0            0     
       Net Latency:+       0 (I)        0 (I) 
           Arrival:=    3300            6     
                                              
             Setup:-      88                  
       Uncertainty:-     125                  
     Required Time:=    3086                  
      Launch Clock:-       6                  
       Input Delay:-     990                  
         Data Path:-       0                  
             Slack:=    2090                  

Exceptions/Constraints:
  input_delay             990             dut.sdc_line_15_50_1   

#-----------------------------------------------------------------------------------
#   Timing Point     Flags   Arc   Edge      Cell        Fanout Trans Delay Arrival 
#                                                                (ps)  (ps)   (ps)  
#-----------------------------------------------------------------------------------
  x_in[1][7]         -       -     F     (arrival)            1    43     0     996 
  x_reg0_reg[1][7]/D -       -     F     DFFRPQ_X4M_A9TL      1     -     0     996 
#-----------------------------------------------------------------------------------



Path 23: MET (2090 ps) Setup Check with Pin x_reg0_reg[1][6]/CK->D
          Group: in2reg
     Startpoint: (F) x_in[1][6]
          Clock: (R) clk
       Endpoint: (F) x_reg0_reg[1][6]/D
          Clock: (R) clk

                     Capture       Launch     
        Clock Edge:+    3300            0     
        Drv Adjust:+       0            6     
       Src Latency:+       0            0     
       Net Latency:+       0 (I)        0 (I) 
           Arrival:=    3300            6     
                                              
             Setup:-      88                  
       Uncertainty:-     125                  
     Required Time:=    3086                  
      Launch Clock:-       6                  
       Input Delay:-     990                  
         Data Path:-       0                  
             Slack:=    2090                  

Exceptions/Constraints:
  input_delay             990             dut.sdc_line_15_51_1   

#-----------------------------------------------------------------------------------
#   Timing Point     Flags   Arc   Edge      Cell        Fanout Trans Delay Arrival 
#                                                                (ps)  (ps)   (ps)  
#-----------------------------------------------------------------------------------
  x_in[1][6]         -       -     F     (arrival)            1    43     0     996 
  x_reg0_reg[1][6]/D -       -     F     DFFRPQ_X4M_A9TL      1     -     0     996 
#-----------------------------------------------------------------------------------



Path 24: MET (2090 ps) Setup Check with Pin x_reg0_reg[0][7]/CK->D
          Group: in2reg
     Startpoint: (F) x_in[0][7]
          Clock: (R) clk
       Endpoint: (F) x_reg0_reg[0][7]/D
          Clock: (R) clk

                     Capture       Launch     
        Clock Edge:+    3300            0     
        Drv Adjust:+       0            6     
       Src Latency:+       0            0     
       Net Latency:+       0 (I)        0 (I) 
           Arrival:=    3300            6     
                                              
             Setup:-      88                  
       Uncertainty:-     125                  
     Required Time:=    3086                  
      Launch Clock:-       6                  
       Input Delay:-     990                  
         Data Path:-       0                  
             Slack:=    2090                  

Exceptions/Constraints:
  input_delay             990             dut.sdc_line_15_58_1   

#-----------------------------------------------------------------------------------
#   Timing Point     Flags   Arc   Edge      Cell        Fanout Trans Delay Arrival 
#                                                                (ps)  (ps)   (ps)  
#-----------------------------------------------------------------------------------
  x_in[0][7]         -       -     F     (arrival)            1    43     0     996 
  x_reg0_reg[0][7]/D -       -     F     DFFRPQ_X4M_A9TL      1     -     0     996 
#-----------------------------------------------------------------------------------



Path 25: MET (2090 ps) Setup Check with Pin x_reg0_reg[0][5]/CK->D
          Group: in2reg
     Startpoint: (F) x_in[0][5]
          Clock: (R) clk
       Endpoint: (F) x_reg0_reg[0][5]/D
          Clock: (R) clk

                     Capture       Launch     
        Clock Edge:+    3300            0     
        Drv Adjust:+       0            6     
       Src Latency:+       0            0     
       Net Latency:+       0 (I)        0 (I) 
           Arrival:=    3300            6     
                                              
             Setup:-      88                  
       Uncertainty:-     125                  
     Required Time:=    3086                  
      Launch Clock:-       6                  
       Input Delay:-     990                  
         Data Path:-       0                  
             Slack:=    2090                  

Exceptions/Constraints:
  input_delay             990             dut.sdc_line_15_60_1   

#-----------------------------------------------------------------------------------
#   Timing Point     Flags   Arc   Edge      Cell        Fanout Trans Delay Arrival 
#                                                                (ps)  (ps)   (ps)  
#-----------------------------------------------------------------------------------
  x_in[0][5]         -       -     F     (arrival)            1    43     0     996 
  x_reg0_reg[0][5]/D -       -     F     DFFRPQ_X4M_A9TL      1     -     0     996 
#-----------------------------------------------------------------------------------



Path 26: MET (2090 ps) Setup Check with Pin x_reg0_reg[7][1]/CK->D
          Group: in2reg
     Startpoint: (F) x_in[7][1]
          Clock: (R) clk
       Endpoint: (F) x_reg0_reg[7][1]/D
          Clock: (R) clk

                     Capture       Launch     
        Clock Edge:+    3300            0     
        Drv Adjust:+       0            6     
       Src Latency:+       0            0     
       Net Latency:+       0 (I)        0 (I) 
           Arrival:=    3300            6     
                                              
             Setup:-      89                  
       Uncertainty:-     125                  
     Required Time:=    3086                  
      Launch Clock:-       6                  
       Input Delay:-     990                  
         Data Path:-       0                  
             Slack:=    2090                  

Exceptions/Constraints:
  input_delay             990             dut.sdc_line_15_8_1   

#-----------------------------------------------------------------------------------
#   Timing Point     Flags   Arc   Edge      Cell        Fanout Trans Delay Arrival 
#                                                                (ps)  (ps)   (ps)  
#-----------------------------------------------------------------------------------
  x_in[7][1]         -       -     F     (arrival)            1    43     0     996 
  x_reg0_reg[7][1]/D -       -     F     DFFRPQ_X2M_A9TL      1     -     0     996 
#-----------------------------------------------------------------------------------



Path 27: MET (2090 ps) Setup Check with Pin x_reg0_reg[6][3]/CK->D
          Group: in2reg
     Startpoint: (F) x_in[6][3]
          Clock: (R) clk
       Endpoint: (F) x_reg0_reg[6][3]/D
          Clock: (R) clk

                     Capture       Launch     
        Clock Edge:+    3300            0     
        Drv Adjust:+       0            6     
       Src Latency:+       0            0     
       Net Latency:+       0 (I)        0 (I) 
           Arrival:=    3300            6     
                                              
             Setup:-      89                  
       Uncertainty:-     125                  
     Required Time:=    3086                  
      Launch Clock:-       6                  
       Input Delay:-     990                  
         Data Path:-       0                  
             Slack:=    2090                  

Exceptions/Constraints:
  input_delay             990             dut.sdc_line_15_14_1   

#-----------------------------------------------------------------------------------
#   Timing Point     Flags   Arc   Edge      Cell        Fanout Trans Delay Arrival 
#                                                                (ps)  (ps)   (ps)  
#-----------------------------------------------------------------------------------
  x_in[6][3]         -       -     F     (arrival)            1    43     0     996 
  x_reg0_reg[6][3]/D -       -     F     DFFRPQ_X2M_A9TL      1     -     0     996 
#-----------------------------------------------------------------------------------



Path 28: MET (2090 ps) Setup Check with Pin x_reg0_reg[6][2]/CK->D
          Group: in2reg
     Startpoint: (F) x_in[6][2]
          Clock: (R) clk
       Endpoint: (F) x_reg0_reg[6][2]/D
          Clock: (R) clk

                     Capture       Launch     
        Clock Edge:+    3300            0     
        Drv Adjust:+       0            6     
       Src Latency:+       0            0     
       Net Latency:+       0 (I)        0 (I) 
           Arrival:=    3300            6     
                                              
             Setup:-      89                  
       Uncertainty:-     125                  
     Required Time:=    3086                  
      Launch Clock:-       6                  
       Input Delay:-     990                  
         Data Path:-       0                  
             Slack:=    2090                  

Exceptions/Constraints:
  input_delay             990             dut.sdc_line_15_15_1   

#-----------------------------------------------------------------------------------
#   Timing Point     Flags   Arc   Edge      Cell        Fanout Trans Delay Arrival 
#                                                                (ps)  (ps)   (ps)  
#-----------------------------------------------------------------------------------
  x_in[6][2]         -       -     F     (arrival)            1    43     0     996 
  x_reg0_reg[6][2]/D -       -     F     DFFRPQ_X2M_A9TL      1     -     0     996 
#-----------------------------------------------------------------------------------



Path 29: MET (2090 ps) Setup Check with Pin x_reg0_reg[6][0]/CK->D
          Group: in2reg
     Startpoint: (F) x_in[6][0]
          Clock: (R) clk
       Endpoint: (F) x_reg0_reg[6][0]/D
          Clock: (R) clk

                     Capture       Launch     
        Clock Edge:+    3300            0     
        Drv Adjust:+       0            6     
       Src Latency:+       0            0     
       Net Latency:+       0 (I)        0 (I) 
           Arrival:=    3300            6     
                                              
             Setup:-      89                  
       Uncertainty:-     125                  
     Required Time:=    3086                  
      Launch Clock:-       6                  
       Input Delay:-     990                  
         Data Path:-       0                  
             Slack:=    2090                  

Exceptions/Constraints:
  input_delay             990             dut.sdc_line_15_17_1   

#-----------------------------------------------------------------------------------
#   Timing Point     Flags   Arc   Edge      Cell        Fanout Trans Delay Arrival 
#                                                                (ps)  (ps)   (ps)  
#-----------------------------------------------------------------------------------
  x_in[6][0]         -       -     F     (arrival)            1    43     0     996 
  x_reg0_reg[6][0]/D -       -     F     DFFRPQ_X2M_A9TL      1     -     0     996 
#-----------------------------------------------------------------------------------



Path 30: MET (2090 ps) Setup Check with Pin x_reg0_reg[5][2]/CK->D
          Group: in2reg
     Startpoint: (F) x_in[5][2]
          Clock: (R) clk
       Endpoint: (F) x_reg0_reg[5][2]/D
          Clock: (R) clk

                     Capture       Launch     
        Clock Edge:+    3300            0     
        Drv Adjust:+       0            6     
       Src Latency:+       0            0     
       Net Latency:+       0 (I)        0 (I) 
           Arrival:=    3300            6     
                                              
             Setup:-      89                  
       Uncertainty:-     125                  
     Required Time:=    3086                  
      Launch Clock:-       6                  
       Input Delay:-     990                  
         Data Path:-       0                  
             Slack:=    2090                  

Exceptions/Constraints:
  input_delay             990             dut.sdc_line_15_23_1   

#-----------------------------------------------------------------------------------
#   Timing Point     Flags   Arc   Edge      Cell        Fanout Trans Delay Arrival 
#                                                                (ps)  (ps)   (ps)  
#-----------------------------------------------------------------------------------
  x_in[5][2]         -       -     F     (arrival)            1    43     0     996 
  x_reg0_reg[5][2]/D -       -     F     DFFRPQ_X2M_A9TL      1     -     0     996 
#-----------------------------------------------------------------------------------



Path 31: MET (2090 ps) Setup Check with Pin x_reg0_reg[5][0]/CK->D
          Group: in2reg
     Startpoint: (F) x_in[5][0]
          Clock: (R) clk
       Endpoint: (F) x_reg0_reg[5][0]/D
          Clock: (R) clk

                     Capture       Launch     
        Clock Edge:+    3300            0     
        Drv Adjust:+       0            6     
       Src Latency:+       0            0     
       Net Latency:+       0 (I)        0 (I) 
           Arrival:=    3300            6     
                                              
             Setup:-      89                  
       Uncertainty:-     125                  
     Required Time:=    3086                  
      Launch Clock:-       6                  
       Input Delay:-     990                  
         Data Path:-       0                  
             Slack:=    2090                  

Exceptions/Constraints:
  input_delay             990             dut.sdc_line_15_25_1   

#-----------------------------------------------------------------------------------
#   Timing Point     Flags   Arc   Edge      Cell        Fanout Trans Delay Arrival 
#                                                                (ps)  (ps)   (ps)  
#-----------------------------------------------------------------------------------
  x_in[5][0]         -       -     F     (arrival)            1    43     0     996 
  x_reg0_reg[5][0]/D -       -     F     DFFRPQ_X2M_A9TL      1     -     0     996 
#-----------------------------------------------------------------------------------



Path 32: MET (2090 ps) Setup Check with Pin x_reg0_reg[4][2]/CK->D
          Group: in2reg
     Startpoint: (F) x_in[4][2]
          Clock: (R) clk
       Endpoint: (F) x_reg0_reg[4][2]/D
          Clock: (R) clk

                     Capture       Launch     
        Clock Edge:+    3300            0     
        Drv Adjust:+       0            6     
       Src Latency:+       0            0     
       Net Latency:+       0 (I)        0 (I) 
           Arrival:=    3300            6     
                                              
             Setup:-      89                  
       Uncertainty:-     125                  
     Required Time:=    3086                  
      Launch Clock:-       6                  
       Input Delay:-     990                  
         Data Path:-       0                  
             Slack:=    2090                  

Exceptions/Constraints:
  input_delay             990             dut.sdc_line_15_31_1   

#-----------------------------------------------------------------------------------
#   Timing Point     Flags   Arc   Edge      Cell        Fanout Trans Delay Arrival 
#                                                                (ps)  (ps)   (ps)  
#-----------------------------------------------------------------------------------
  x_in[4][2]         -       -     F     (arrival)            1    43     0     996 
  x_reg0_reg[4][2]/D -       -     F     DFFRPQ_X2M_A9TL      1     -     0     996 
#-----------------------------------------------------------------------------------



Path 33: MET (2090 ps) Setup Check with Pin x_reg0_reg[2][3]/CK->D
          Group: in2reg
     Startpoint: (F) x_in[2][3]
          Clock: (R) clk
       Endpoint: (F) x_reg0_reg[2][3]/D
          Clock: (R) clk

                     Capture       Launch     
        Clock Edge:+    3300            0     
        Drv Adjust:+       0            6     
       Src Latency:+       0            0     
       Net Latency:+       0 (I)        0 (I) 
           Arrival:=    3300            6     
                                              
             Setup:-      89                  
       Uncertainty:-     125                  
     Required Time:=    3086                  
      Launch Clock:-       6                  
       Input Delay:-     990                  
         Data Path:-       0                  
             Slack:=    2090                  

Exceptions/Constraints:
  input_delay             990             dut.sdc_line_15_46_1   

#-----------------------------------------------------------------------------------
#   Timing Point     Flags   Arc   Edge      Cell        Fanout Trans Delay Arrival 
#                                                                (ps)  (ps)   (ps)  
#-----------------------------------------------------------------------------------
  x_in[2][3]         -       -     F     (arrival)            1    43     0     996 
  x_reg0_reg[2][3]/D -       -     F     DFFRPQ_X2M_A9TL      1     -     0     996 
#-----------------------------------------------------------------------------------



Path 34: MET (2090 ps) Setup Check with Pin x_reg0_reg[2][0]/CK->D
          Group: in2reg
     Startpoint: (F) x_in[2][0]
          Clock: (R) clk
       Endpoint: (F) x_reg0_reg[2][0]/D
          Clock: (R) clk

                     Capture       Launch     
        Clock Edge:+    3300            0     
        Drv Adjust:+       0            6     
       Src Latency:+       0            0     
       Net Latency:+       0 (I)        0 (I) 
           Arrival:=    3300            6     
                                              
             Setup:-      89                  
       Uncertainty:-     125                  
     Required Time:=    3086                  
      Launch Clock:-       6                  
       Input Delay:-     990                  
         Data Path:-       0                  
             Slack:=    2090                  

Exceptions/Constraints:
  input_delay             990             dut.sdc_line_15_49_1   

#-----------------------------------------------------------------------------------
#   Timing Point     Flags   Arc   Edge      Cell        Fanout Trans Delay Arrival 
#                                                                (ps)  (ps)   (ps)  
#-----------------------------------------------------------------------------------
  x_in[2][0]         -       -     F     (arrival)            1    43     0     996 
  x_reg0_reg[2][0]/D -       -     F     DFFRPQ_X2M_A9TL      1     -     0     996 
#-----------------------------------------------------------------------------------



Path 35: MET (2090 ps) Setup Check with Pin x_reg0_reg[1][3]/CK->D
          Group: in2reg
     Startpoint: (F) x_in[1][3]
          Clock: (R) clk
       Endpoint: (F) x_reg0_reg[1][3]/D
          Clock: (R) clk

                     Capture       Launch     
        Clock Edge:+    3300            0     
        Drv Adjust:+       0            6     
       Src Latency:+       0            0     
       Net Latency:+       0 (I)        0 (I) 
           Arrival:=    3300            6     
                                              
             Setup:-      89                  
       Uncertainty:-     125                  
     Required Time:=    3086                  
      Launch Clock:-       6                  
       Input Delay:-     990                  
         Data Path:-       0                  
             Slack:=    2090                  

Exceptions/Constraints:
  input_delay             990             dut.sdc_line_15_54_1   

#-----------------------------------------------------------------------------------
#   Timing Point     Flags   Arc   Edge      Cell        Fanout Trans Delay Arrival 
#                                                                (ps)  (ps)   (ps)  
#-----------------------------------------------------------------------------------
  x_in[1][3]         -       -     F     (arrival)            1    43     0     996 
  x_reg0_reg[1][3]/D -       -     F     DFFRPQ_X2M_A9TL      1     -     0     996 
#-----------------------------------------------------------------------------------



Path 36: MET (2090 ps) Setup Check with Pin x_reg0_reg[1][2]/CK->D
          Group: in2reg
     Startpoint: (F) x_in[1][2]
          Clock: (R) clk
       Endpoint: (F) x_reg0_reg[1][2]/D
          Clock: (R) clk

                     Capture       Launch     
        Clock Edge:+    3300            0     
        Drv Adjust:+       0            6     
       Src Latency:+       0            0     
       Net Latency:+       0 (I)        0 (I) 
           Arrival:=    3300            6     
                                              
             Setup:-      89                  
       Uncertainty:-     125                  
     Required Time:=    3086                  
      Launch Clock:-       6                  
       Input Delay:-     990                  
         Data Path:-       0                  
             Slack:=    2090                  

Exceptions/Constraints:
  input_delay             990             dut.sdc_line_15_55_1   

#-----------------------------------------------------------------------------------
#   Timing Point     Flags   Arc   Edge      Cell        Fanout Trans Delay Arrival 
#                                                                (ps)  (ps)   (ps)  
#-----------------------------------------------------------------------------------
  x_in[1][2]         -       -     F     (arrival)            1    43     0     996 
  x_reg0_reg[1][2]/D -       -     F     DFFRPQ_X2M_A9TL      1     -     0     996 
#-----------------------------------------------------------------------------------



Path 37: MET (2090 ps) Setup Check with Pin x_reg0_reg[1][1]/CK->D
          Group: in2reg
     Startpoint: (F) x_in[1][1]
          Clock: (R) clk
       Endpoint: (F) x_reg0_reg[1][1]/D
          Clock: (R) clk

                     Capture       Launch     
        Clock Edge:+    3300            0     
        Drv Adjust:+       0            6     
       Src Latency:+       0            0     
       Net Latency:+       0 (I)        0 (I) 
           Arrival:=    3300            6     
                                              
             Setup:-      89                  
       Uncertainty:-     125                  
     Required Time:=    3086                  
      Launch Clock:-       6                  
       Input Delay:-     990                  
         Data Path:-       0                  
             Slack:=    2090                  

Exceptions/Constraints:
  input_delay             990             dut.sdc_line_15_56_1   

#-----------------------------------------------------------------------------------
#   Timing Point     Flags   Arc   Edge      Cell        Fanout Trans Delay Arrival 
#                                                                (ps)  (ps)   (ps)  
#-----------------------------------------------------------------------------------
  x_in[1][1]         -       -     F     (arrival)            1    43     0     996 
  x_reg0_reg[1][1]/D -       -     F     DFFRPQ_X2M_A9TL      1     -     0     996 
#-----------------------------------------------------------------------------------



Path 38: MET (2090 ps) Setup Check with Pin x_reg0_reg[1][0]/CK->D
          Group: in2reg
     Startpoint: (F) x_in[1][0]
          Clock: (R) clk
       Endpoint: (F) x_reg0_reg[1][0]/D
          Clock: (R) clk

                     Capture       Launch     
        Clock Edge:+    3300            0     
        Drv Adjust:+       0            6     
       Src Latency:+       0            0     
       Net Latency:+       0 (I)        0 (I) 
           Arrival:=    3300            6     
                                              
             Setup:-      89                  
       Uncertainty:-     125                  
     Required Time:=    3086                  
      Launch Clock:-       6                  
       Input Delay:-     990                  
         Data Path:-       0                  
             Slack:=    2090                  

Exceptions/Constraints:
  input_delay             990             dut.sdc_line_15_57_1   

#-----------------------------------------------------------------------------------
#   Timing Point     Flags   Arc   Edge      Cell        Fanout Trans Delay Arrival 
#                                                                (ps)  (ps)   (ps)  
#-----------------------------------------------------------------------------------
  x_in[1][0]         -       -     F     (arrival)            1    43     0     996 
  x_reg0_reg[1][0]/D -       -     F     DFFRPQ_X2M_A9TL      1     -     0     996 
#-----------------------------------------------------------------------------------



Path 39: MET (2090 ps) Setup Check with Pin x_reg0_reg[0][3]/CK->D
          Group: in2reg
     Startpoint: (F) x_in[0][3]
          Clock: (R) clk
       Endpoint: (F) x_reg0_reg[0][3]/D
          Clock: (R) clk

                     Capture       Launch     
        Clock Edge:+    3300            0     
        Drv Adjust:+       0            6     
       Src Latency:+       0            0     
       Net Latency:+       0 (I)        0 (I) 
           Arrival:=    3300            6     
                                              
             Setup:-      89                  
       Uncertainty:-     125                  
     Required Time:=    3086                  
      Launch Clock:-       6                  
       Input Delay:-     990                  
         Data Path:-       0                  
             Slack:=    2090                  

Exceptions/Constraints:
  input_delay             990             dut.sdc_line_15_62_1   

#-----------------------------------------------------------------------------------
#   Timing Point     Flags   Arc   Edge      Cell        Fanout Trans Delay Arrival 
#                                                                (ps)  (ps)   (ps)  
#-----------------------------------------------------------------------------------
  x_in[0][3]         -       -     F     (arrival)            1    43     0     996 
  x_reg0_reg[0][3]/D -       -     F     DFFRPQ_X2M_A9TL      1     -     0     996 
#-----------------------------------------------------------------------------------



Path 40: MET (2090 ps) Setup Check with Pin x_reg0_reg[0][2]/CK->D
          Group: in2reg
     Startpoint: (F) x_in[0][2]
          Clock: (R) clk
       Endpoint: (F) x_reg0_reg[0][2]/D
          Clock: (R) clk

                     Capture       Launch     
        Clock Edge:+    3300            0     
        Drv Adjust:+       0            6     
       Src Latency:+       0            0     
       Net Latency:+       0 (I)        0 (I) 
           Arrival:=    3300            6     
                                              
             Setup:-      89                  
       Uncertainty:-     125                  
     Required Time:=    3086                  
      Launch Clock:-       6                  
       Input Delay:-     990                  
         Data Path:-       0                  
             Slack:=    2090                  

Exceptions/Constraints:
  input_delay             990             dut.sdc_line_15_63_1   

#-----------------------------------------------------------------------------------
#   Timing Point     Flags   Arc   Edge      Cell        Fanout Trans Delay Arrival 
#                                                                (ps)  (ps)   (ps)  
#-----------------------------------------------------------------------------------
  x_in[0][2]         -       -     F     (arrival)            1    43     0     996 
  x_reg0_reg[0][2]/D -       -     F     DFFRPQ_X2M_A9TL      1     -     0     996 
#-----------------------------------------------------------------------------------



Path 41: MET (2090 ps) Setup Check with Pin x_reg0_reg[0][1]/CK->D
          Group: in2reg
     Startpoint: (F) x_in[0][1]
          Clock: (R) clk
       Endpoint: (F) x_reg0_reg[0][1]/D
          Clock: (R) clk

                     Capture       Launch     
        Clock Edge:+    3300            0     
        Drv Adjust:+       0            6     
       Src Latency:+       0            0     
       Net Latency:+       0 (I)        0 (I) 
           Arrival:=    3300            6     
                                              
             Setup:-      89                  
       Uncertainty:-     125                  
     Required Time:=    3086                  
      Launch Clock:-       6                  
       Input Delay:-     990                  
         Data Path:-       0                  
             Slack:=    2090                  

Exceptions/Constraints:
  input_delay             990             dut.sdc_line_15_64_1   

#-----------------------------------------------------------------------------------
#   Timing Point     Flags   Arc   Edge      Cell        Fanout Trans Delay Arrival 
#                                                                (ps)  (ps)   (ps)  
#-----------------------------------------------------------------------------------
  x_in[0][1]         -       -     F     (arrival)            1    43     0     996 
  x_reg0_reg[0][1]/D -       -     F     DFFRPQ_X2M_A9TL      1     -     0     996 
#-----------------------------------------------------------------------------------



Path 42: MET (2090 ps) Setup Check with Pin x_reg0_reg[0][0]/CK->D
          Group: in2reg
     Startpoint: (F) x_in[0][0]
          Clock: (R) clk
       Endpoint: (F) x_reg0_reg[0][0]/D
          Clock: (R) clk

                     Capture       Launch     
        Clock Edge:+    3300            0     
        Drv Adjust:+       0            6     
       Src Latency:+       0            0     
       Net Latency:+       0 (I)        0 (I) 
           Arrival:=    3300            6     
                                              
             Setup:-      89                  
       Uncertainty:-     125                  
     Required Time:=    3086                  
      Launch Clock:-       6                  
       Input Delay:-     990                  
         Data Path:-       0                  
             Slack:=    2090                  

Exceptions/Constraints:
  input_delay             990             dut.sdc_line_15_65_1   

#-----------------------------------------------------------------------------------
#   Timing Point     Flags   Arc   Edge      Cell        Fanout Trans Delay Arrival 
#                                                                (ps)  (ps)   (ps)  
#-----------------------------------------------------------------------------------
  x_in[0][0]         -       -     F     (arrival)            1    43     0     996 
  x_reg0_reg[0][0]/D -       -     F     DFFRPQ_X2M_A9TL      1     -     0     996 
#-----------------------------------------------------------------------------------



Path 43: MET (2091 ps) Setup Check with Pin x_reg0_reg[7][1]/CK->D
          Group: in2reg
     Startpoint: (R) x_in[7][1]
          Clock: (R) clk
       Endpoint: (R) x_reg0_reg[7][1]/D
          Clock: (R) clk

                     Capture       Launch     
        Clock Edge:+    3300            0     
        Drv Adjust:+       0            7     
       Src Latency:+       0            0     
       Net Latency:+       0 (I)        0 (I) 
           Arrival:=    3300            7     
                                              
             Setup:-      86                  
       Uncertainty:-     125                  
     Required Time:=    3089                  
      Launch Clock:-       7                  
       Input Delay:-     990                  
         Data Path:-       0                  
             Slack:=    2091                  

Exceptions/Constraints:
  input_delay             990             dut.sdc_line_15_8_1   

#-----------------------------------------------------------------------------------
#   Timing Point     Flags   Arc   Edge      Cell        Fanout Trans Delay Arrival 
#                                                                (ps)  (ps)   (ps)  
#-----------------------------------------------------------------------------------
  x_in[7][1]         -       -     R     (arrival)            1    42     0     997 
  x_reg0_reg[7][1]/D -       -     R     DFFRPQ_X2M_A9TL      1     -     0     998 
#-----------------------------------------------------------------------------------



Path 44: MET (2091 ps) Setup Check with Pin x_reg0_reg[6][3]/CK->D
          Group: in2reg
     Startpoint: (R) x_in[6][3]
          Clock: (R) clk
       Endpoint: (R) x_reg0_reg[6][3]/D
          Clock: (R) clk

                     Capture       Launch     
        Clock Edge:+    3300            0     
        Drv Adjust:+       0            7     
       Src Latency:+       0            0     
       Net Latency:+       0 (I)        0 (I) 
           Arrival:=    3300            7     
                                              
             Setup:-      86                  
       Uncertainty:-     125                  
     Required Time:=    3089                  
      Launch Clock:-       7                  
       Input Delay:-     990                  
         Data Path:-       0                  
             Slack:=    2091                  

Exceptions/Constraints:
  input_delay             990             dut.sdc_line_15_14_1   

#-----------------------------------------------------------------------------------
#   Timing Point     Flags   Arc   Edge      Cell        Fanout Trans Delay Arrival 
#                                                                (ps)  (ps)   (ps)  
#-----------------------------------------------------------------------------------
  x_in[6][3]         -       -     R     (arrival)            1    42     0     997 
  x_reg0_reg[6][3]/D -       -     R     DFFRPQ_X2M_A9TL      1     -     0     998 
#-----------------------------------------------------------------------------------



Path 45: MET (2091 ps) Setup Check with Pin x_reg0_reg[6][2]/CK->D
          Group: in2reg
     Startpoint: (R) x_in[6][2]
          Clock: (R) clk
       Endpoint: (R) x_reg0_reg[6][2]/D
          Clock: (R) clk

                     Capture       Launch     
        Clock Edge:+    3300            0     
        Drv Adjust:+       0            7     
       Src Latency:+       0            0     
       Net Latency:+       0 (I)        0 (I) 
           Arrival:=    3300            7     
                                              
             Setup:-      86                  
       Uncertainty:-     125                  
     Required Time:=    3089                  
      Launch Clock:-       7                  
       Input Delay:-     990                  
         Data Path:-       0                  
             Slack:=    2091                  

Exceptions/Constraints:
  input_delay             990             dut.sdc_line_15_15_1   

#-----------------------------------------------------------------------------------
#   Timing Point     Flags   Arc   Edge      Cell        Fanout Trans Delay Arrival 
#                                                                (ps)  (ps)   (ps)  
#-----------------------------------------------------------------------------------
  x_in[6][2]         -       -     R     (arrival)            1    42     0     997 
  x_reg0_reg[6][2]/D -       -     R     DFFRPQ_X2M_A9TL      1     -     0     998 
#-----------------------------------------------------------------------------------



Path 46: MET (2091 ps) Setup Check with Pin x_reg0_reg[6][0]/CK->D
          Group: in2reg
     Startpoint: (R) x_in[6][0]
          Clock: (R) clk
       Endpoint: (R) x_reg0_reg[6][0]/D
          Clock: (R) clk

                     Capture       Launch     
        Clock Edge:+    3300            0     
        Drv Adjust:+       0            7     
       Src Latency:+       0            0     
       Net Latency:+       0 (I)        0 (I) 
           Arrival:=    3300            7     
                                              
             Setup:-      86                  
       Uncertainty:-     125                  
     Required Time:=    3089                  
      Launch Clock:-       7                  
       Input Delay:-     990                  
         Data Path:-       0                  
             Slack:=    2091                  

Exceptions/Constraints:
  input_delay             990             dut.sdc_line_15_17_1   

#-----------------------------------------------------------------------------------
#   Timing Point     Flags   Arc   Edge      Cell        Fanout Trans Delay Arrival 
#                                                                (ps)  (ps)   (ps)  
#-----------------------------------------------------------------------------------
  x_in[6][0]         -       -     R     (arrival)            1    42     0     997 
  x_reg0_reg[6][0]/D -       -     R     DFFRPQ_X2M_A9TL      1     -     0     998 
#-----------------------------------------------------------------------------------



Path 47: MET (2091 ps) Setup Check with Pin x_reg0_reg[5][2]/CK->D
          Group: in2reg
     Startpoint: (R) x_in[5][2]
          Clock: (R) clk
       Endpoint: (R) x_reg0_reg[5][2]/D
          Clock: (R) clk

                     Capture       Launch     
        Clock Edge:+    3300            0     
        Drv Adjust:+       0            7     
       Src Latency:+       0            0     
       Net Latency:+       0 (I)        0 (I) 
           Arrival:=    3300            7     
                                              
             Setup:-      86                  
       Uncertainty:-     125                  
     Required Time:=    3089                  
      Launch Clock:-       7                  
       Input Delay:-     990                  
         Data Path:-       0                  
             Slack:=    2091                  

Exceptions/Constraints:
  input_delay             990             dut.sdc_line_15_23_1   

#-----------------------------------------------------------------------------------
#   Timing Point     Flags   Arc   Edge      Cell        Fanout Trans Delay Arrival 
#                                                                (ps)  (ps)   (ps)  
#-----------------------------------------------------------------------------------
  x_in[5][2]         -       -     R     (arrival)            1    42     0     997 
  x_reg0_reg[5][2]/D -       -     R     DFFRPQ_X2M_A9TL      1     -     0     998 
#-----------------------------------------------------------------------------------



Path 48: MET (2091 ps) Setup Check with Pin x_reg0_reg[5][0]/CK->D
          Group: in2reg
     Startpoint: (R) x_in[5][0]
          Clock: (R) clk
       Endpoint: (R) x_reg0_reg[5][0]/D
          Clock: (R) clk

                     Capture       Launch     
        Clock Edge:+    3300            0     
        Drv Adjust:+       0            7     
       Src Latency:+       0            0     
       Net Latency:+       0 (I)        0 (I) 
           Arrival:=    3300            7     
                                              
             Setup:-      86                  
       Uncertainty:-     125                  
     Required Time:=    3089                  
      Launch Clock:-       7                  
       Input Delay:-     990                  
         Data Path:-       0                  
             Slack:=    2091                  

Exceptions/Constraints:
  input_delay             990             dut.sdc_line_15_25_1   

#-----------------------------------------------------------------------------------
#   Timing Point     Flags   Arc   Edge      Cell        Fanout Trans Delay Arrival 
#                                                                (ps)  (ps)   (ps)  
#-----------------------------------------------------------------------------------
  x_in[5][0]         -       -     R     (arrival)            1    42     0     997 
  x_reg0_reg[5][0]/D -       -     R     DFFRPQ_X2M_A9TL      1     -     0     998 
#-----------------------------------------------------------------------------------



Path 49: MET (2091 ps) Setup Check with Pin x_reg0_reg[4][2]/CK->D
          Group: in2reg
     Startpoint: (R) x_in[4][2]
          Clock: (R) clk
       Endpoint: (R) x_reg0_reg[4][2]/D
          Clock: (R) clk

                     Capture       Launch     
        Clock Edge:+    3300            0     
        Drv Adjust:+       0            7     
       Src Latency:+       0            0     
       Net Latency:+       0 (I)        0 (I) 
           Arrival:=    3300            7     
                                              
             Setup:-      86                  
       Uncertainty:-     125                  
     Required Time:=    3089                  
      Launch Clock:-       7                  
       Input Delay:-     990                  
         Data Path:-       0                  
             Slack:=    2091                  

Exceptions/Constraints:
  input_delay             990             dut.sdc_line_15_31_1   

#-----------------------------------------------------------------------------------
#   Timing Point     Flags   Arc   Edge      Cell        Fanout Trans Delay Arrival 
#                                                                (ps)  (ps)   (ps)  
#-----------------------------------------------------------------------------------
  x_in[4][2]         -       -     R     (arrival)            1    42     0     997 
  x_reg0_reg[4][2]/D -       -     R     DFFRPQ_X2M_A9TL      1     -     0     998 
#-----------------------------------------------------------------------------------



Path 50: MET (2091 ps) Setup Check with Pin x_reg0_reg[2][3]/CK->D
          Group: in2reg
     Startpoint: (R) x_in[2][3]
          Clock: (R) clk
       Endpoint: (R) x_reg0_reg[2][3]/D
          Clock: (R) clk

                     Capture       Launch     
        Clock Edge:+    3300            0     
        Drv Adjust:+       0            7     
       Src Latency:+       0            0     
       Net Latency:+       0 (I)        0 (I) 
           Arrival:=    3300            7     
                                              
             Setup:-      86                  
       Uncertainty:-     125                  
     Required Time:=    3089                  
      Launch Clock:-       7                  
       Input Delay:-     990                  
         Data Path:-       0                  
             Slack:=    2091                  

Exceptions/Constraints:
  input_delay             990             dut.sdc_line_15_46_1   

#-----------------------------------------------------------------------------------
#   Timing Point     Flags   Arc   Edge      Cell        Fanout Trans Delay Arrival 
#                                                                (ps)  (ps)   (ps)  
#-----------------------------------------------------------------------------------
  x_in[2][3]         -       -     R     (arrival)            1    42     0     997 
  x_reg0_reg[2][3]/D -       -     R     DFFRPQ_X2M_A9TL      1     -     0     998 
#-----------------------------------------------------------------------------------

