============================================================
  Generated by:           Genus(TM) Synthesis Solution 25.12-s067_1
  Generated on:           Sep 27 2026  11:35:00 pm
  Module:                 ibert_gelu
  Operating conditions:   ss_typical_max_0p90v_125c (balanced_tree)
  Wireload mode:          top
  Area mode:              timing library
============================================================


Path 1: MET (2078 ps) Setup Check with Pin s0_valid_reg/CK->D
          Group: in2reg
     Startpoint: (F) valid_in
          Clock: (R) clk
       Endpoint: (F) s0_valid_reg/D
          Clock: (R) clk

                     Capture       Launch     
        Clock Edge:+    3300            0     
        Drv Adjust:+       0           10     
       Src Latency:+       0            0     
       Net Latency:+       0 (I)        0 (I) 
           Arrival:=    3300           10     
                                              
             Setup:-      96                  
       Uncertainty:-     125                  
     Required Time:=    3079                  
      Launch Clock:-      10                  
       Input Delay:-     990                  
         Data Path:-       0                  
             Slack:=    2078                  

Exceptions/Constraints:
  input_delay             990             dut.sdc_line_15_1_1   

#-------------------------------------------------------------------------------
# Timing Point   Flags   Arc   Edge      Cell        Fanout Trans Delay Arrival 
#                                                            (ps)  (ps)   (ps)  
#-------------------------------------------------------------------------------
  valid_in       -       -     F     (arrival)            2    48     0    1000 
  s0_valid_reg/D -       -     F     DFFRPQ_X1M_A9TL      2     -     0    1000 
#-------------------------------------------------------------------------------

