============================================================
  Generated by:           Genus(TM) Synthesis Solution 25.12-s067_1
  Generated on:           Sep 27 2026  11:35:00 pm
  Module:                 ibert_gelu
  Operating conditions:   ss_typical_max_0p90v_125c (balanced_tree)
  Wireload mode:          top
  Area mode:              timing library
============================================================


Path 1: MET (0 ps) Setup Check with Pin one_plus_erf_reg_reg[7][8]/CK->D
          Group: reg2reg
     Startpoint: (R) delta_sq_reg_reg[7][10]/CK
          Clock: (R) clk
       Endpoint: (R) one_plus_erf_reg_reg[7][8]/D
          Clock: (R) clk

                     Capture       Launch     
        Clock Edge:+    3300            0     
       Src Latency:+       0            0     
       Net Latency:+       0 (I)        0 (I) 
           Arrival:=    3300            0     
                                              
             Setup:-      94                  
       Uncertainty:-     125                  
     Required Time:=    3082                  
      Launch Clock:-       0                  
         Data Path:-    3082                  
             Slack:=       0                  

#---------------------------------------------------------------------------------------------------------------------------
#                      Timing Point                       Flags    Arc   Edge       Cell         Fanout Trans Delay Arrival 
#                                                                                                        (ps)  (ps)   (ps)  
#---------------------------------------------------------------------------------------------------------------------------
  delta_sq_reg_reg[7][10]/CK                              -       -      R     (arrival)            208     0     0       0 
  delta_sq_reg_reg[7][10]/Q                               -       CK->Q  R     DFFRPQ_X1M_A9TL        5   288   425     425 
  csa_tree_add_202_36_I8_rsh_pad_groupi_g1116/Y           -       S0->Y  R     MXIT2_X1M_A9TL         1   228   190     614 
  csa_tree_add_202_36_I8_rsh_pad_groupi_cdnfadd_011_0/SUM -       B->SUM F     ADDFH_X1M_A9TL         2    96   284     898 
  csa_tree_add_202_36_I8_rsh_pad_groupi_g1054/Y           -       A0->Y  R     OAI22_X1M_A9TL         2   320   224    1122 
  csa_tree_add_202_36_I8_rsh_pad_groupi_g1040/Y           -       A->Y   F     NOR2_X1A_A9TL          1   151   169    1291 
  csa_tree_add_202_36_I8_rsh_pad_groupi_g1027/Y           -       B->Y   R     NAND3XXB_X4M_A9TL      1   103   116    1407 
  csa_tree_add_202_36_I8_rsh_pad_groupi_g1025/Y           -       A->Y   F     NAND3_X6A_A9TL         3    83    72    1479 
  g27958/Y                                                -       A0->Y  R     AOI31_X3M_A9TL         2   146   122    1601 
  csa_tree_add_202_36_I8_rsh_pad_groupi_g1020/Y           -       A0->Y  F     OAI21_X1P4M_A9TL       1   102   103    1704 
  csa_tree_add_202_36_I8_rsh_pad_groupi_g1018/CO          -       CI->CO F     ADDFH_X2M_A9TL         3    99   226    1930 
  csa_tree_add_202_36_I8_rsh_pad_groupi_g1015/Y           -       A0->Y  R     AOI21_X1M_A9TL         1   205   165    2095 
  csa_tree_add_202_36_I8_rsh_pad_groupi_g1157/Y           -       B->Y   R     XOR2_X2M_A9TL          2   241   188    2283 
  g26576__1881/Y                                          -       A1->Y  F     OAI21B_X3M_A9TL        2   106   138    2420 
  g26543__2398/Y                                          -       A->Y   F     AND2_X3M_A9TL          2    46   122    2542 
  g27661__6161/Y                                          -       A->Y   R     NAND2XB_X1M_A9TL       2   164   107    2649 
  g26397__2883/Y                                          -       A->Y   F     NAND2_X1M_A9TL         2   150   129    2778 
  g26366__5107/Y                                          -       A->Y   R     NOR2_X1P4A_A9TL        2   172   148    2927 
  g26332__5526/Y                                          -       B0->Y  R     AO21_X1M_A9TL          1    79   155    3081 
  one_plus_erf_reg_reg[7][8]/D                            -       -      R     DFFRPQ_X2M_A9TL        1     -     0    3082 
#---------------------------------------------------------------------------------------------------------------------------

