============================================================
  Generated by:           Genus(TM) Synthesis Solution 25.12-s067_1
  Generated on:           Sep 27 2026  11:35:01 pm
  Module:                 ibert_gelu
  Operating conditions:   ss_typical_max_0p90v_125c (balanced_tree)
  Wireload mode:          top
  Area mode:              timing library
============================================================


Path 1: MET (1731 ps) Late External Delay Assertion at pin y_out[0][1]
          Group: reg2out
     Startpoint: (R) y_out_reg[0][1]/CK
          Clock: (R) clk
       Endpoint: (R) y_out[0][1]
          Clock: (R) clk

                     Capture       Launch     
        Clock Edge:+    3300            0     
       Src Latency:+       0            0     
       Net Latency:+       0 (I)        0 (I) 
           Arrival:=    3300            0     
                                              
      Output Delay:-     990                  
       Uncertainty:-     125                  
     Required Time:=    2185                  
      Launch Clock:-       0                  
         Data Path:-     454                  
             Slack:=    1731                  

Exceptions/Constraints:
  output_delay             990             dut.sdc_line_17_127_1   

#-----------------------------------------------------------------------------------
#   Timing Point     Flags   Arc   Edge      Cell        Fanout Trans Delay Arrival 
#                                                                (ps)  (ps)   (ps)  
#-----------------------------------------------------------------------------------
  y_out_reg[0][1]/CK -       -     R     (arrival)           64     0     0       0 
  y_out_reg[0][1]/Q  -       CK->Q R     DFFRPQ_X1M_A9TR      1   123   454     454 
  y_out[0][1]        -       -     R     (port)               -     -     0     454 
#-----------------------------------------------------------------------------------



Path 2: MET (1731 ps) Late External Delay Assertion at pin y_out[0][6]
          Group: reg2out
     Startpoint: (R) y_out_reg[0][6]/CK
          Clock: (R) clk
       Endpoint: (R) y_out[0][6]
          Clock: (R) clk

                     Capture       Launch     
        Clock Edge:+    3300            0     
       Src Latency:+       0            0     
       Net Latency:+       0 (I)        0 (I) 
           Arrival:=    3300            0     
                                              
      Output Delay:-     990                  
       Uncertainty:-     125                  
     Required Time:=    2185                  
      Launch Clock:-       0                  
         Data Path:-     454                  
             Slack:=    1731                  

Exceptions/Constraints:
  output_delay             990             dut.sdc_line_17_122_1   

#-----------------------------------------------------------------------------------
#   Timing Point     Flags   Arc   Edge      Cell        Fanout Trans Delay Arrival 
#                                                                (ps)  (ps)   (ps)  
#-----------------------------------------------------------------------------------
  y_out_reg[0][6]/CK -       -     R     (arrival)           64     0     0       0 
  y_out_reg[0][6]/Q  -       CK->Q R     DFFRPQ_X1M_A9TR      1   123   454     454 
  y_out[0][6]        -       -     R     (port)               -     -     0     454 
#-----------------------------------------------------------------------------------



Path 3: MET (1731 ps) Late External Delay Assertion at pin y_out[1][1]
          Group: reg2out
     Startpoint: (R) y_out_reg[1][1]/CK
          Clock: (R) clk
       Endpoint: (R) y_out[1][1]
          Clock: (R) clk

                     Capture       Launch     
        Clock Edge:+    3300            0     
       Src Latency:+       0            0     
       Net Latency:+       0 (I)        0 (I) 
           Arrival:=    3300            0     
                                              
      Output Delay:-     990                  
       Uncertainty:-     125                  
     Required Time:=    2185                  
      Launch Clock:-       0                  
         Data Path:-     454                  
             Slack:=    1731                  

Exceptions/Constraints:
  output_delay             990             dut.sdc_line_17_119_1   

#-----------------------------------------------------------------------------------
#   Timing Point     Flags   Arc   Edge      Cell        Fanout Trans Delay Arrival 
#                                                                (ps)  (ps)   (ps)  
#-----------------------------------------------------------------------------------
  y_out_reg[1][1]/CK -       -     R     (arrival)           64     0     0       0 
  y_out_reg[1][1]/Q  -       CK->Q R     DFFRPQ_X1M_A9TR      1   123   454     454 
  y_out[1][1]        -       -     R     (port)               -     -     0     454 
#-----------------------------------------------------------------------------------



Path 4: MET (1731 ps) Late External Delay Assertion at pin y_out[1][6]
          Group: reg2out
     Startpoint: (R) y_out_reg[1][6]/CK
          Clock: (R) clk
       Endpoint: (R) y_out[1][6]
          Clock: (R) clk

                     Capture       Launch     
        Clock Edge:+    3300            0     
       Src Latency:+       0            0     
       Net Latency:+       0 (I)        0 (I) 
           Arrival:=    3300            0     
                                              
      Output Delay:-     990                  
       Uncertainty:-     125                  
     Required Time:=    2185                  
      Launch Clock:-       0                  
         Data Path:-     454                  
             Slack:=    1731                  

Exceptions/Constraints:
  output_delay             990             dut.sdc_line_17_114_1   

#-----------------------------------------------------------------------------------
#   Timing Point     Flags   Arc   Edge      Cell        Fanout Trans Delay Arrival 
#                                                                (ps)  (ps)   (ps)  
#-----------------------------------------------------------------------------------
  y_out_reg[1][6]/CK -       -     R     (arrival)           64     0     0       0 
  y_out_reg[1][6]/Q  -       CK->Q R     DFFRPQ_X1M_A9TR      1   123   454     454 
  y_out[1][6]        -       -     R     (port)               -     -     0     454 
#-----------------------------------------------------------------------------------



Path 5: MET (1731 ps) Late External Delay Assertion at pin y_out[2][1]
          Group: reg2out
     Startpoint: (R) y_out_reg[2][1]/CK
          Clock: (R) clk
       Endpoint: (R) y_out[2][1]
          Clock: (R) clk

                     Capture       Launch     
        Clock Edge:+    3300            0     
       Src Latency:+       0            0     
       Net Latency:+       0 (I)        0 (I) 
           Arrival:=    3300            0     
                                              
      Output Delay:-     990                  
       Uncertainty:-     125                  
     Required Time:=    2185                  
      Launch Clock:-       0                  
         Data Path:-     454                  
             Slack:=    1731                  

Exceptions/Constraints:
  output_delay             990             dut.sdc_line_17_111_1   

#-----------------------------------------------------------------------------------
#   Timing Point     Flags   Arc   Edge      Cell        Fanout Trans Delay Arrival 
#                                                                (ps)  (ps)   (ps)  
#-----------------------------------------------------------------------------------
  y_out_reg[2][1]/CK -       -     R     (arrival)           64     0     0       0 
  y_out_reg[2][1]/Q  -       CK->Q R     DFFRPQ_X1M_A9TR      1   123   454     454 
  y_out[2][1]        -       -     R     (port)               -     -     0     454 
#-----------------------------------------------------------------------------------



Path 6: MET (1731 ps) Late External Delay Assertion at pin y_out[2][6]
          Group: reg2out
     Startpoint: (R) y_out_reg[2][6]/CK
          Clock: (R) clk
       Endpoint: (R) y_out[2][6]
          Clock: (R) clk

                     Capture       Launch     
        Clock Edge:+    3300            0     
       Src Latency:+       0            0     
       Net Latency:+       0 (I)        0 (I) 
           Arrival:=    3300            0     
                                              
      Output Delay:-     990                  
       Uncertainty:-     125                  
     Required Time:=    2185                  
      Launch Clock:-       0                  
         Data Path:-     454                  
             Slack:=    1731                  

Exceptions/Constraints:
  output_delay             990             dut.sdc_line_17_106_1   

#-----------------------------------------------------------------------------------
#   Timing Point     Flags   Arc   Edge      Cell        Fanout Trans Delay Arrival 
#                                                                (ps)  (ps)   (ps)  
#-----------------------------------------------------------------------------------
  y_out_reg[2][6]/CK -       -     R     (arrival)           64     0     0       0 
  y_out_reg[2][6]/Q  -       CK->Q R     DFFRPQ_X1M_A9TR      1   123   454     454 
  y_out[2][6]        -       -     R     (port)               -     -     0     454 
#-----------------------------------------------------------------------------------



Path 7: MET (1731 ps) Late External Delay Assertion at pin y_out[3][1]
          Group: reg2out
     Startpoint: (R) y_out_reg[3][1]/CK
          Clock: (R) clk
       Endpoint: (R) y_out[3][1]
          Clock: (R) clk

                     Capture       Launch     
        Clock Edge:+    3300            0     
       Src Latency:+       0            0     
       Net Latency:+       0 (I)        0 (I) 
           Arrival:=    3300            0     
                                              
      Output Delay:-     990                  
       Uncertainty:-     125                  
     Required Time:=    2185                  
      Launch Clock:-       0                  
         Data Path:-     454                  
             Slack:=    1731                  

Exceptions/Constraints:
  output_delay             990             dut.sdc_line_17_103_1   

#-----------------------------------------------------------------------------------
#   Timing Point     Flags   Arc   Edge      Cell        Fanout Trans Delay Arrival 
#                                                                (ps)  (ps)   (ps)  
#-----------------------------------------------------------------------------------
  y_out_reg[3][1]/CK -       -     R     (arrival)           64     0     0       0 
  y_out_reg[3][1]/Q  -       CK->Q R     DFFRPQ_X1M_A9TR      1   123   454     454 
  y_out[3][1]        -       -     R     (port)               -     -     0     454 
#-----------------------------------------------------------------------------------



Path 8: MET (1731 ps) Late External Delay Assertion at pin y_out[3][6]
          Group: reg2out
     Startpoint: (R) y_out_reg[3][6]/CK
          Clock: (R) clk
       Endpoint: (R) y_out[3][6]
          Clock: (R) clk

                     Capture       Launch     
        Clock Edge:+    3300            0     
       Src Latency:+       0            0     
       Net Latency:+       0 (I)        0 (I) 
           Arrival:=    3300            0     
                                              
      Output Delay:-     990                  
       Uncertainty:-     125                  
     Required Time:=    2185                  
      Launch Clock:-       0                  
         Data Path:-     454                  
             Slack:=    1731                  

Exceptions/Constraints:
  output_delay             990             dut.sdc_line_17_98_1   

#-----------------------------------------------------------------------------------
#   Timing Point     Flags   Arc   Edge      Cell        Fanout Trans Delay Arrival 
#                                                                (ps)  (ps)   (ps)  
#-----------------------------------------------------------------------------------
  y_out_reg[3][6]/CK -       -     R     (arrival)           64     0     0       0 
  y_out_reg[3][6]/Q  -       CK->Q R     DFFRPQ_X1M_A9TR      1   123   454     454 
  y_out[3][6]        -       -     R     (port)               -     -     0     454 
#-----------------------------------------------------------------------------------



Path 9: MET (1731 ps) Late External Delay Assertion at pin y_out[4][1]
          Group: reg2out
     Startpoint: (R) y_out_reg[4][1]/CK
          Clock: (R) clk
       Endpoint: (R) y_out[4][1]
          Clock: (R) clk

                     Capture       Launch     
        Clock Edge:+    3300            0     
       Src Latency:+       0            0     
       Net Latency:+       0 (I)        0 (I) 
           Arrival:=    3300            0     
                                              
      Output Delay:-     990                  
       Uncertainty:-     125                  
     Required Time:=    2185                  
      Launch Clock:-       0                  
         Data Path:-     454                  
             Slack:=    1731                  

Exceptions/Constraints:
  output_delay             990             dut.sdc_line_17_95_1   

#-----------------------------------------------------------------------------------
#   Timing Point     Flags   Arc   Edge      Cell        Fanout Trans Delay Arrival 
#                                                                (ps)  (ps)   (ps)  
#-----------------------------------------------------------------------------------
  y_out_reg[4][1]/CK -       -     R     (arrival)           64     0     0       0 
  y_out_reg[4][1]/Q  -       CK->Q R     DFFRPQ_X1M_A9TR      1   123   454     454 
  y_out[4][1]        -       -     R     (port)               -     -     0     454 
#-----------------------------------------------------------------------------------



Path 10: MET (1731 ps) Late External Delay Assertion at pin y_out[4][6]
          Group: reg2out
     Startpoint: (R) y_out_reg[4][6]/CK
          Clock: (R) clk
       Endpoint: (R) y_out[4][6]
          Clock: (R) clk

                     Capture       Launch     
        Clock Edge:+    3300            0     
       Src Latency:+       0            0     
       Net Latency:+       0 (I)        0 (I) 
           Arrival:=    3300            0     
                                              
      Output Delay:-     990                  
       Uncertainty:-     125                  
     Required Time:=    2185                  
      Launch Clock:-       0                  
         Data Path:-     454                  
             Slack:=    1731                  

Exceptions/Constraints:
  output_delay             990             dut.sdc_line_17_90_1   

#-----------------------------------------------------------------------------------
#   Timing Point     Flags   Arc   Edge      Cell        Fanout Trans Delay Arrival 
#                                                                (ps)  (ps)   (ps)  
#-----------------------------------------------------------------------------------
  y_out_reg[4][6]/CK -       -     R     (arrival)           64     0     0       0 
  y_out_reg[4][6]/Q  -       CK->Q R     DFFRPQ_X1M_A9TR      1   123   454     454 
  y_out[4][6]        -       -     R     (port)               -     -     0     454 
#-----------------------------------------------------------------------------------



Path 11: MET (1731 ps) Late External Delay Assertion at pin y_out[5][1]
          Group: reg2out
     Startpoint: (R) y_out_reg[5][1]/CK
          Clock: (R) clk
       Endpoint: (R) y_out[5][1]
          Clock: (R) clk

                     Capture       Launch     
        Clock Edge:+    3300            0     
       Src Latency:+       0            0     
       Net Latency:+       0 (I)        0 (I) 
           Arrival:=    3300            0     
                                              
      Output Delay:-     990                  
       Uncertainty:-     125                  
     Required Time:=    2185                  
      Launch Clock:-       0                  
         Data Path:-     454                  
             Slack:=    1731                  

Exceptions/Constraints:
  output_delay             990             dut.sdc_line_17_87_1   

#-----------------------------------------------------------------------------------
#   Timing Point     Flags   Arc   Edge      Cell        Fanout Trans Delay Arrival 
#                                                                (ps)  (ps)   (ps)  
#-----------------------------------------------------------------------------------
  y_out_reg[5][1]/CK -       -     R     (arrival)           64     0     0       0 
  y_out_reg[5][1]/Q  -       CK->Q R     DFFRPQ_X1M_A9TR      1   123   454     454 
  y_out[5][1]        -       -     R     (port)               -     -     0     454 
#-----------------------------------------------------------------------------------



Path 12: MET (1731 ps) Late External Delay Assertion at pin y_out[5][6]
          Group: reg2out
     Startpoint: (R) y_out_reg[5][6]/CK
          Clock: (R) clk
       Endpoint: (R) y_out[5][6]
          Clock: (R) clk

                     Capture       Launch     
        Clock Edge:+    3300            0     
       Src Latency:+       0            0     
       Net Latency:+       0 (I)        0 (I) 
           Arrival:=    3300            0     
                                              
      Output Delay:-     990                  
       Uncertainty:-     125                  
     Required Time:=    2185                  
      Launch Clock:-       0                  
         Data Path:-     454                  
             Slack:=    1731                  

Exceptions/Constraints:
  output_delay             990             dut.sdc_line_17_82_1   

#-----------------------------------------------------------------------------------
#   Timing Point     Flags   Arc   Edge      Cell        Fanout Trans Delay Arrival 
#                                                                (ps)  (ps)   (ps)  
#-----------------------------------------------------------------------------------
  y_out_reg[5][6]/CK -       -     R     (arrival)           64     0     0       0 
  y_out_reg[5][6]/Q  -       CK->Q R     DFFRPQ_X1M_A9TR      1   123   454     454 
  y_out[5][6]        -       -     R     (port)               -     -     0     454 
#-----------------------------------------------------------------------------------



Path 13: MET (1731 ps) Late External Delay Assertion at pin y_out[6][1]
          Group: reg2out
     Startpoint: (R) y_out_reg[6][1]/CK
          Clock: (R) clk
       Endpoint: (R) y_out[6][1]
          Clock: (R) clk

                     Capture       Launch     
        Clock Edge:+    3300            0     
       Src Latency:+       0            0     
       Net Latency:+       0 (I)        0 (I) 
           Arrival:=    3300            0     
                                              
      Output Delay:-     990                  
       Uncertainty:-     125                  
     Required Time:=    2185                  
      Launch Clock:-       0                  
         Data Path:-     454                  
             Slack:=    1731                  

Exceptions/Constraints:
  output_delay             990             dut.sdc_line_17_79_1   

#-----------------------------------------------------------------------------------
#   Timing Point     Flags   Arc   Edge      Cell        Fanout Trans Delay Arrival 
#                                                                (ps)  (ps)   (ps)  
#-----------------------------------------------------------------------------------
  y_out_reg[6][1]/CK -       -     R     (arrival)           64     0     0       0 
  y_out_reg[6][1]/Q  -       CK->Q R     DFFRPQ_X1M_A9TR      1   123   454     454 
  y_out[6][1]        -       -     R     (port)               -     -     0     454 
#-----------------------------------------------------------------------------------



Path 14: MET (1731 ps) Late External Delay Assertion at pin y_out[6][6]
          Group: reg2out
     Startpoint: (R) y_out_reg[6][6]/CK
          Clock: (R) clk
       Endpoint: (R) y_out[6][6]
          Clock: (R) clk

                     Capture       Launch     
        Clock Edge:+    3300            0     
       Src Latency:+       0            0     
       Net Latency:+       0 (I)        0 (I) 
           Arrival:=    3300            0     
                                              
      Output Delay:-     990                  
       Uncertainty:-     125                  
     Required Time:=    2185                  
      Launch Clock:-       0                  
         Data Path:-     454                  
             Slack:=    1731                  

Exceptions/Constraints:
  output_delay             990             dut.sdc_line_17_74_1   

#-----------------------------------------------------------------------------------
#   Timing Point     Flags   Arc   Edge      Cell        Fanout Trans Delay Arrival 
#                                                                (ps)  (ps)   (ps)  
#-----------------------------------------------------------------------------------
  y_out_reg[6][6]/CK -       -     R     (arrival)           64     0     0       0 
  y_out_reg[6][6]/Q  -       CK->Q R     DFFRPQ_X1M_A9TR      1   123   454     454 
  y_out[6][6]        -       -     R     (port)               -     -     0     454 
#-----------------------------------------------------------------------------------



Path 15: MET (1731 ps) Late External Delay Assertion at pin y_out[7][1]
          Group: reg2out
     Startpoint: (R) y_out_reg[7][1]/CK
          Clock: (R) clk
       Endpoint: (R) y_out[7][1]
          Clock: (R) clk

                     Capture       Launch     
        Clock Edge:+    3300            0     
       Src Latency:+       0            0     
       Net Latency:+       0 (I)        0 (I) 
           Arrival:=    3300            0     
                                              
      Output Delay:-     990                  
       Uncertainty:-     125                  
     Required Time:=    2185                  
      Launch Clock:-       0                  
         Data Path:-     454                  
             Slack:=    1731                  

Exceptions/Constraints:
  output_delay             990             dut.sdc_line_17_71_1   

#-----------------------------------------------------------------------------------
#   Timing Point     Flags   Arc   Edge      Cell        Fanout Trans Delay Arrival 
#                                                                (ps)  (ps)   (ps)  
#-----------------------------------------------------------------------------------
  y_out_reg[7][1]/CK -       -     R     (arrival)           64     0     0       0 
  y_out_reg[7][1]/Q  -       CK->Q R     DFFRPQ_X1M_A9TR      1   123   454     454 
  y_out[7][1]        -       -     R     (port)               -     -     0     454 
#-----------------------------------------------------------------------------------



Path 16: MET (1731 ps) Late External Delay Assertion at pin y_out[7][6]
          Group: reg2out
     Startpoint: (R) y_out_reg[7][6]/CK
          Clock: (R) clk
       Endpoint: (R) y_out[7][6]
          Clock: (R) clk

                     Capture       Launch     
        Clock Edge:+    3300            0     
       Src Latency:+       0            0     
       Net Latency:+       0 (I)        0 (I) 
           Arrival:=    3300            0     
                                              
      Output Delay:-     990                  
       Uncertainty:-     125                  
     Required Time:=    2185                  
      Launch Clock:-       0                  
         Data Path:-     454                  
             Slack:=    1731                  

Exceptions/Constraints:
  output_delay             990             dut.sdc_line_17_66_1   

#-----------------------------------------------------------------------------------
#   Timing Point     Flags   Arc   Edge      Cell        Fanout Trans Delay Arrival 
#                                                                (ps)  (ps)   (ps)  
#-----------------------------------------------------------------------------------
  y_out_reg[7][6]/CK -       -     R     (arrival)           64     0     0       0 
  y_out_reg[7][6]/Q  -       CK->Q R     DFFRPQ_X1M_A9TR      1   123   454     454 
  y_out[7][6]        -       -     R     (port)               -     -     0     454 
#-----------------------------------------------------------------------------------



Path 17: MET (1740 ps) Late External Delay Assertion at pin y_out[0][1]
          Group: reg2out
     Startpoint: (R) y_out_reg[0][1]/CK
          Clock: (R) clk
       Endpoint: (F) y_out[0][1]
          Clock: (R) clk

                     Capture       Launch     
        Clock Edge:+    3300            0     
       Src Latency:+       0            0     
       Net Latency:+       0 (I)        0 (I) 
           Arrival:=    3300            0     
                                              
      Output Delay:-     990                  
       Uncertainty:-     125                  
     Required Time:=    2185                  
      Launch Clock:-       0                  
         Data Path:-     445                  
             Slack:=    1740                  

Exceptions/Constraints:
  output_delay             990             dut.sdc_line_17_127_1   

#-----------------------------------------------------------------------------------
#   Timing Point     Flags   Arc   Edge      Cell        Fanout Trans Delay Arrival 
#                                                                (ps)  (ps)   (ps)  
#-----------------------------------------------------------------------------------
  y_out_reg[0][1]/CK -       -     R     (arrival)           64     0     0       0 
  y_out_reg[0][1]/Q  -       CK->Q F     DFFRPQ_X1M_A9TR      1   100   445     445 
  y_out[0][1]        -       -     F     (port)               -     -     0     445 
#-----------------------------------------------------------------------------------



Path 18: MET (1740 ps) Late External Delay Assertion at pin y_out[0][6]
          Group: reg2out
     Startpoint: (R) y_out_reg[0][6]/CK
          Clock: (R) clk
       Endpoint: (F) y_out[0][6]
          Clock: (R) clk

                     Capture       Launch     
        Clock Edge:+    3300            0     
       Src Latency:+       0            0     
       Net Latency:+       0 (I)        0 (I) 
           Arrival:=    3300            0     
                                              
      Output Delay:-     990                  
       Uncertainty:-     125                  
     Required Time:=    2185                  
      Launch Clock:-       0                  
         Data Path:-     445                  
             Slack:=    1740                  

Exceptions/Constraints:
  output_delay             990             dut.sdc_line_17_122_1   

#-----------------------------------------------------------------------------------
#   Timing Point     Flags   Arc   Edge      Cell        Fanout Trans Delay Arrival 
#                                                                (ps)  (ps)   (ps)  
#-----------------------------------------------------------------------------------
  y_out_reg[0][6]/CK -       -     R     (arrival)           64     0     0       0 
  y_out_reg[0][6]/Q  -       CK->Q F     DFFRPQ_X1M_A9TR      1   100   445     445 
  y_out[0][6]        -       -     F     (port)               -     -     0     445 
#-----------------------------------------------------------------------------------



Path 19: MET (1740 ps) Late External Delay Assertion at pin y_out[1][1]
          Group: reg2out
     Startpoint: (R) y_out_reg[1][1]/CK
          Clock: (R) clk
       Endpoint: (F) y_out[1][1]
          Clock: (R) clk

                     Capture       Launch     
        Clock Edge:+    3300            0     
       Src Latency:+       0            0     
       Net Latency:+       0 (I)        0 (I) 
           Arrival:=    3300            0     
                                              
      Output Delay:-     990                  
       Uncertainty:-     125                  
     Required Time:=    2185                  
      Launch Clock:-       0                  
         Data Path:-     445                  
             Slack:=    1740                  

Exceptions/Constraints:
  output_delay             990             dut.sdc_line_17_119_1   

#-----------------------------------------------------------------------------------
#   Timing Point     Flags   Arc   Edge      Cell        Fanout Trans Delay Arrival 
#                                                                (ps)  (ps)   (ps)  
#-----------------------------------------------------------------------------------
  y_out_reg[1][1]/CK -       -     R     (arrival)           64     0     0       0 
  y_out_reg[1][1]/Q  -       CK->Q F     DFFRPQ_X1M_A9TR      1   100   445     445 
  y_out[1][1]        -       -     F     (port)               -     -     0     445 
#-----------------------------------------------------------------------------------



Path 20: MET (1740 ps) Late External Delay Assertion at pin y_out[1][6]
          Group: reg2out
     Startpoint: (R) y_out_reg[1][6]/CK
          Clock: (R) clk
       Endpoint: (F) y_out[1][6]
          Clock: (R) clk

                     Capture       Launch     
        Clock Edge:+    3300            0     
       Src Latency:+       0            0     
       Net Latency:+       0 (I)        0 (I) 
           Arrival:=    3300            0     
                                              
      Output Delay:-     990                  
       Uncertainty:-     125                  
     Required Time:=    2185                  
      Launch Clock:-       0                  
         Data Path:-     445                  
             Slack:=    1740                  

Exceptions/Constraints:
  output_delay             990             dut.sdc_line_17_114_1   

#-----------------------------------------------------------------------------------
#   Timing Point     Flags   Arc   Edge      Cell        Fanout Trans Delay Arrival 
#                                                                (ps)  (ps)   (ps)  
#-----------------------------------------------------------------------------------
  y_out_reg[1][6]/CK -       -     R     (arrival)           64     0     0       0 
  y_out_reg[1][6]/Q  -       CK->Q F     DFFRPQ_X1M_A9TR      1   100   445     445 
  y_out[1][6]        -       -     F     (port)               -     -     0     445 
#-----------------------------------------------------------------------------------



Path 21: MET (1740 ps) Late External Delay Assertion at pin y_out[2][1]
          Group: reg2out
     Startpoint: (R) y_out_reg[2][1]/CK
          Clock: (R) clk
       Endpoint: (F) y_out[2][1]
          Clock: (R) clk

                     Capture       Launch     
        Clock Edge:+    3300            0     
       Src Latency:+       0            0     
       Net Latency:+       0 (I)        0 (I) 
           Arrival:=    3300            0     
                                              
      Output Delay:-     990                  
       Uncertainty:-     125                  
     Required Time:=    2185                  
      Launch Clock:-       0                  
         Data Path:-     445                  
             Slack:=    1740                  

Exceptions/Constraints:
  output_delay             990             dut.sdc_line_17_111_1   

#-----------------------------------------------------------------------------------
#   Timing Point     Flags   Arc   Edge      Cell        Fanout Trans Delay Arrival 
#                                                                (ps)  (ps)   (ps)  
#-----------------------------------------------------------------------------------
  y_out_reg[2][1]/CK -       -     R     (arrival)           64     0     0       0 
  y_out_reg[2][1]/Q  -       CK->Q F     DFFRPQ_X1M_A9TR      1   100   445     445 
  y_out[2][1]        -       -     F     (port)               -     -     0     445 
#-----------------------------------------------------------------------------------



Path 22: MET (1740 ps) Late External Delay Assertion at pin y_out[2][6]
          Group: reg2out
     Startpoint: (R) y_out_reg[2][6]/CK
          Clock: (R) clk
       Endpoint: (F) y_out[2][6]
          Clock: (R) clk

                     Capture       Launch     
        Clock Edge:+    3300            0     
       Src Latency:+       0            0     
       Net Latency:+       0 (I)        0 (I) 
           Arrival:=    3300            0     
                                              
      Output Delay:-     990                  
       Uncertainty:-     125                  
     Required Time:=    2185                  
      Launch Clock:-       0                  
         Data Path:-     445                  
             Slack:=    1740                  

Exceptions/Constraints:
  output_delay             990             dut.sdc_line_17_106_1   

#-----------------------------------------------------------------------------------
#   Timing Point     Flags   Arc   Edge      Cell        Fanout Trans Delay Arrival 
#                                                                (ps)  (ps)   (ps)  
#-----------------------------------------------------------------------------------
  y_out_reg[2][6]/CK -       -     R     (arrival)           64     0     0       0 
  y_out_reg[2][6]/Q  -       CK->Q F     DFFRPQ_X1M_A9TR      1   100   445     445 
  y_out[2][6]        -       -     F     (port)               -     -     0     445 
#-----------------------------------------------------------------------------------



Path 23: MET (1740 ps) Late External Delay Assertion at pin y_out[3][1]
          Group: reg2out
     Startpoint: (R) y_out_reg[3][1]/CK
          Clock: (R) clk
       Endpoint: (F) y_out[3][1]
          Clock: (R) clk

                     Capture       Launch     
        Clock Edge:+    3300            0     
       Src Latency:+       0            0     
       Net Latency:+       0 (I)        0 (I) 
           Arrival:=    3300            0     
                                              
      Output Delay:-     990                  
       Uncertainty:-     125                  
     Required Time:=    2185                  
      Launch Clock:-       0                  
         Data Path:-     445                  
             Slack:=    1740                  

Exceptions/Constraints:
  output_delay             990             dut.sdc_line_17_103_1   

#-----------------------------------------------------------------------------------
#   Timing Point     Flags   Arc   Edge      Cell        Fanout Trans Delay Arrival 
#                                                                (ps)  (ps)   (ps)  
#-----------------------------------------------------------------------------------
  y_out_reg[3][1]/CK -       -     R     (arrival)           64     0     0       0 
  y_out_reg[3][1]/Q  -       CK->Q F     DFFRPQ_X1M_A9TR      1   100   445     445 
  y_out[3][1]        -       -     F     (port)               -     -     0     445 
#-----------------------------------------------------------------------------------



Path 24: MET (1740 ps) Late External Delay Assertion at pin y_out[3][6]
          Group: reg2out
     Startpoint: (R) y_out_reg[3][6]/CK
          Clock: (R) clk
       Endpoint: (F) y_out[3][6]
          Clock: (R) clk

                     Capture       Launch     
        Clock Edge:+    3300            0     
       Src Latency:+       0            0     
       Net Latency:+       0 (I)        0 (I) 
           Arrival:=    3300            0     
                                              
      Output Delay:-     990                  
       Uncertainty:-     125                  
     Required Time:=    2185                  
      Launch Clock:-       0                  
         Data Path:-     445                  
             Slack:=    1740                  

Exceptions/Constraints:
  output_delay             990             dut.sdc_line_17_98_1   

#-----------------------------------------------------------------------------------
#   Timing Point     Flags   Arc   Edge      Cell        Fanout Trans Delay Arrival 
#                                                                (ps)  (ps)   (ps)  
#-----------------------------------------------------------------------------------
  y_out_reg[3][6]/CK -       -     R     (arrival)           64     0     0       0 
  y_out_reg[3][6]/Q  -       CK->Q F     DFFRPQ_X1M_A9TR      1   100   445     445 
  y_out[3][6]        -       -     F     (port)               -     -     0     445 
#-----------------------------------------------------------------------------------



Path 25: MET (1740 ps) Late External Delay Assertion at pin y_out[4][1]
          Group: reg2out
     Startpoint: (R) y_out_reg[4][1]/CK
          Clock: (R) clk
       Endpoint: (F) y_out[4][1]
          Clock: (R) clk

                     Capture       Launch     
        Clock Edge:+    3300            0     
       Src Latency:+       0            0     
       Net Latency:+       0 (I)        0 (I) 
           Arrival:=    3300            0     
                                              
      Output Delay:-     990                  
       Uncertainty:-     125                  
     Required Time:=    2185                  
      Launch Clock:-       0                  
         Data Path:-     445                  
             Slack:=    1740                  

Exceptions/Constraints:
  output_delay             990             dut.sdc_line_17_95_1   

#-----------------------------------------------------------------------------------
#   Timing Point     Flags   Arc   Edge      Cell        Fanout Trans Delay Arrival 
#                                                                (ps)  (ps)   (ps)  
#-----------------------------------------------------------------------------------
  y_out_reg[4][1]/CK -       -     R     (arrival)           64     0     0       0 
  y_out_reg[4][1]/Q  -       CK->Q F     DFFRPQ_X1M_A9TR      1   100   445     445 
  y_out[4][1]        -       -     F     (port)               -     -     0     445 
#-----------------------------------------------------------------------------------



Path 26: MET (1740 ps) Late External Delay Assertion at pin y_out[4][6]
          Group: reg2out
     Startpoint: (R) y_out_reg[4][6]/CK
          Clock: (R) clk
       Endpoint: (F) y_out[4][6]
          Clock: (R) clk

                     Capture       Launch     
        Clock Edge:+    3300            0     
       Src Latency:+       0            0     
       Net Latency:+       0 (I)        0 (I) 
           Arrival:=    3300            0     
                                              
      Output Delay:-     990                  
       Uncertainty:-     125                  
     Required Time:=    2185                  
      Launch Clock:-       0                  
         Data Path:-     445                  
             Slack:=    1740                  

Exceptions/Constraints:
  output_delay             990             dut.sdc_line_17_90_1   

#-----------------------------------------------------------------------------------
#   Timing Point     Flags   Arc   Edge      Cell        Fanout Trans Delay Arrival 
#                                                                (ps)  (ps)   (ps)  
#-----------------------------------------------------------------------------------
  y_out_reg[4][6]/CK -       -     R     (arrival)           64     0     0       0 
  y_out_reg[4][6]/Q  -       CK->Q F     DFFRPQ_X1M_A9TR      1   100   445     445 
  y_out[4][6]        -       -     F     (port)               -     -     0     445 
#-----------------------------------------------------------------------------------



Path 27: MET (1740 ps) Late External Delay Assertion at pin y_out[5][1]
          Group: reg2out
     Startpoint: (R) y_out_reg[5][1]/CK
          Clock: (R) clk
       Endpoint: (F) y_out[5][1]
          Clock: (R) clk

                     Capture       Launch     
        Clock Edge:+    3300            0     
       Src Latency:+       0            0     
       Net Latency:+       0 (I)        0 (I) 
           Arrival:=    3300            0     
                                              
      Output Delay:-     990                  
       Uncertainty:-     125                  
     Required Time:=    2185                  
      Launch Clock:-       0                  
         Data Path:-     445                  
             Slack:=    1740                  

Exceptions/Constraints:
  output_delay             990             dut.sdc_line_17_87_1   

#-----------------------------------------------------------------------------------
#   Timing Point     Flags   Arc   Edge      Cell        Fanout Trans Delay Arrival 
#                                                                (ps)  (ps)   (ps)  
#-----------------------------------------------------------------------------------
  y_out_reg[5][1]/CK -       -     R     (arrival)           64     0     0       0 
  y_out_reg[5][1]/Q  -       CK->Q F     DFFRPQ_X1M_A9TR      1   100   445     445 
  y_out[5][1]        -       -     F     (port)               -     -     0     445 
#-----------------------------------------------------------------------------------



Path 28: MET (1740 ps) Late External Delay Assertion at pin y_out[5][6]
          Group: reg2out
     Startpoint: (R) y_out_reg[5][6]/CK
          Clock: (R) clk
       Endpoint: (F) y_out[5][6]
          Clock: (R) clk

                     Capture       Launch     
        Clock Edge:+    3300            0     
       Src Latency:+       0            0     
       Net Latency:+       0 (I)        0 (I) 
           Arrival:=    3300            0     
                                              
      Output Delay:-     990                  
       Uncertainty:-     125                  
     Required Time:=    2185                  
      Launch Clock:-       0                  
         Data Path:-     445                  
             Slack:=    1740                  

Exceptions/Constraints:
  output_delay             990             dut.sdc_line_17_82_1   

#-----------------------------------------------------------------------------------
#   Timing Point     Flags   Arc   Edge      Cell        Fanout Trans Delay Arrival 
#                                                                (ps)  (ps)   (ps)  
#-----------------------------------------------------------------------------------
  y_out_reg[5][6]/CK -       -     R     (arrival)           64     0     0       0 
  y_out_reg[5][6]/Q  -       CK->Q F     DFFRPQ_X1M_A9TR      1   100   445     445 
  y_out[5][6]        -       -     F     (port)               -     -     0     445 
#-----------------------------------------------------------------------------------



Path 29: MET (1740 ps) Late External Delay Assertion at pin y_out[6][1]
          Group: reg2out
     Startpoint: (R) y_out_reg[6][1]/CK
          Clock: (R) clk
       Endpoint: (F) y_out[6][1]
          Clock: (R) clk

                     Capture       Launch     
        Clock Edge:+    3300            0     
       Src Latency:+       0            0     
       Net Latency:+       0 (I)        0 (I) 
           Arrival:=    3300            0     
                                              
      Output Delay:-     990                  
       Uncertainty:-     125                  
     Required Time:=    2185                  
      Launch Clock:-       0                  
         Data Path:-     445                  
             Slack:=    1740                  

Exceptions/Constraints:
  output_delay             990             dut.sdc_line_17_79_1   

#-----------------------------------------------------------------------------------
#   Timing Point     Flags   Arc   Edge      Cell        Fanout Trans Delay Arrival 
#                                                                (ps)  (ps)   (ps)  
#-----------------------------------------------------------------------------------
  y_out_reg[6][1]/CK -       -     R     (arrival)           64     0     0       0 
  y_out_reg[6][1]/Q  -       CK->Q F     DFFRPQ_X1M_A9TR      1   100   445     445 
  y_out[6][1]        -       -     F     (port)               -     -     0     445 
#-----------------------------------------------------------------------------------



Path 30: MET (1740 ps) Late External Delay Assertion at pin y_out[6][6]
          Group: reg2out
     Startpoint: (R) y_out_reg[6][6]/CK
          Clock: (R) clk
       Endpoint: (F) y_out[6][6]
          Clock: (R) clk

                     Capture       Launch     
        Clock Edge:+    3300            0     
       Src Latency:+       0            0     
       Net Latency:+       0 (I)        0 (I) 
           Arrival:=    3300            0     
                                              
      Output Delay:-     990                  
       Uncertainty:-     125                  
     Required Time:=    2185                  
      Launch Clock:-       0                  
         Data Path:-     445                  
             Slack:=    1740                  

Exceptions/Constraints:
  output_delay             990             dut.sdc_line_17_74_1   

#-----------------------------------------------------------------------------------
#   Timing Point     Flags   Arc   Edge      Cell        Fanout Trans Delay Arrival 
#                                                                (ps)  (ps)   (ps)  
#-----------------------------------------------------------------------------------
  y_out_reg[6][6]/CK -       -     R     (arrival)           64     0     0       0 
  y_out_reg[6][6]/Q  -       CK->Q F     DFFRPQ_X1M_A9TR      1   100   445     445 
  y_out[6][6]        -       -     F     (port)               -     -     0     445 
#-----------------------------------------------------------------------------------



Path 31: MET (1740 ps) Late External Delay Assertion at pin y_out[7][1]
          Group: reg2out
     Startpoint: (R) y_out_reg[7][1]/CK
          Clock: (R) clk
       Endpoint: (F) y_out[7][1]
          Clock: (R) clk

                     Capture       Launch     
        Clock Edge:+    3300            0     
       Src Latency:+       0            0     
       Net Latency:+       0 (I)        0 (I) 
           Arrival:=    3300            0     
                                              
      Output Delay:-     990                  
       Uncertainty:-     125                  
     Required Time:=    2185                  
      Launch Clock:-       0                  
         Data Path:-     445                  
             Slack:=    1740                  

Exceptions/Constraints:
  output_delay             990             dut.sdc_line_17_71_1   

#-----------------------------------------------------------------------------------
#   Timing Point     Flags   Arc   Edge      Cell        Fanout Trans Delay Arrival 
#                                                                (ps)  (ps)   (ps)  
#-----------------------------------------------------------------------------------
  y_out_reg[7][1]/CK -       -     R     (arrival)           64     0     0       0 
  y_out_reg[7][1]/Q  -       CK->Q F     DFFRPQ_X1M_A9TR      1   100   445     445 
  y_out[7][1]        -       -     F     (port)               -     -     0     445 
#-----------------------------------------------------------------------------------



Path 32: MET (1740 ps) Late External Delay Assertion at pin y_out[7][6]
          Group: reg2out
     Startpoint: (R) y_out_reg[7][6]/CK
          Clock: (R) clk
       Endpoint: (F) y_out[7][6]
          Clock: (R) clk

                     Capture       Launch     
        Clock Edge:+    3300            0     
       Src Latency:+       0            0     
       Net Latency:+       0 (I)        0 (I) 
           Arrival:=    3300            0     
                                              
      Output Delay:-     990                  
       Uncertainty:-     125                  
     Required Time:=    2185                  
      Launch Clock:-       0                  
         Data Path:-     445                  
             Slack:=    1740                  

Exceptions/Constraints:
  output_delay             990             dut.sdc_line_17_66_1   

#-----------------------------------------------------------------------------------
#   Timing Point     Flags   Arc   Edge      Cell        Fanout Trans Delay Arrival 
#                                                                (ps)  (ps)   (ps)  
#-----------------------------------------------------------------------------------
  y_out_reg[7][6]/CK -       -     R     (arrival)           64     0     0       0 
  y_out_reg[7][6]/Q  -       CK->Q F     DFFRPQ_X1M_A9TR      1   100   445     445 
  y_out[7][6]        -       -     F     (port)               -     -     0     445 
#-----------------------------------------------------------------------------------



Path 33: MET (1777 ps) Late External Delay Assertion at pin y_out[0][0]
          Group: reg2out
     Startpoint: (R) y_out_reg[0][0]/CK
          Clock: (R) clk
       Endpoint: (R) y_out[0][0]
          Clock: (R) clk

                     Capture       Launch     
        Clock Edge:+    3300            0     
       Src Latency:+       0            0     
       Net Latency:+       0 (I)        0 (I) 
           Arrival:=    3300            0     
                                              
      Output Delay:-     990                  
       Uncertainty:-     125                  
     Required Time:=    2185                  
      Launch Clock:-       0                  
         Data Path:-     408                  
             Slack:=    1777                  

Exceptions/Constraints:
  output_delay             990             dut.sdc_line_17_128_1   

#-------------------------------------------------------------------------------------
#   Timing Point     Flags   Arc   Edge       Cell         Fanout Trans Delay Arrival 
#                                                                  (ps)  (ps)   (ps)  
#-------------------------------------------------------------------------------------
  y_out_reg[0][0]/CK -       -     R     (arrival)             64     0     0       0 
  y_out_reg[0][0]/Q  -       CK->Q R     DFFRPQ_X0P5M_A9TL      1   156   408     408 
  y_out[0][0]        -       -     R     (port)                 -     -     0     408 
#-------------------------------------------------------------------------------------



Path 34: MET (1777 ps) Late External Delay Assertion at pin y_out[0][2]
          Group: reg2out
     Startpoint: (R) y_out_reg[0][2]/CK
          Clock: (R) clk
       Endpoint: (R) y_out[0][2]
          Clock: (R) clk

                     Capture       Launch     
        Clock Edge:+    3300            0     
       Src Latency:+       0            0     
       Net Latency:+       0 (I)        0 (I) 
           Arrival:=    3300            0     
                                              
      Output Delay:-     990                  
       Uncertainty:-     125                  
     Required Time:=    2185                  
      Launch Clock:-       0                  
         Data Path:-     408                  
             Slack:=    1777                  

Exceptions/Constraints:
  output_delay             990             dut.sdc_line_17_126_1   

#-------------------------------------------------------------------------------------
#   Timing Point     Flags   Arc   Edge       Cell         Fanout Trans Delay Arrival 
#                                                                  (ps)  (ps)   (ps)  
#-------------------------------------------------------------------------------------
  y_out_reg[0][2]/CK -       -     R     (arrival)             64     0     0       0 
  y_out_reg[0][2]/Q  -       CK->Q R     DFFRPQ_X0P5M_A9TL      1   156   408     408 
  y_out[0][2]        -       -     R     (port)                 -     -     0     408 
#-------------------------------------------------------------------------------------



Path 35: MET (1777 ps) Late External Delay Assertion at pin y_out[0][3]
          Group: reg2out
     Startpoint: (R) y_out_reg[0][3]/CK
          Clock: (R) clk
       Endpoint: (R) y_out[0][3]
          Clock: (R) clk

                     Capture       Launch     
        Clock Edge:+    3300            0     
       Src Latency:+       0            0     
       Net Latency:+       0 (I)        0 (I) 
           Arrival:=    3300            0     
                                              
      Output Delay:-     990                  
       Uncertainty:-     125                  
     Required Time:=    2185                  
      Launch Clock:-       0                  
         Data Path:-     408                  
             Slack:=    1777                  

Exceptions/Constraints:
  output_delay             990             dut.sdc_line_17_125_1   

#-------------------------------------------------------------------------------------
#   Timing Point     Flags   Arc   Edge       Cell         Fanout Trans Delay Arrival 
#                                                                  (ps)  (ps)   (ps)  
#-------------------------------------------------------------------------------------
  y_out_reg[0][3]/CK -       -     R     (arrival)             64     0     0       0 
  y_out_reg[0][3]/Q  -       CK->Q R     DFFRPQ_X0P5M_A9TL      1   156   408     408 
  y_out[0][3]        -       -     R     (port)                 -     -     0     408 
#-------------------------------------------------------------------------------------



Path 36: MET (1777 ps) Late External Delay Assertion at pin y_out[0][4]
          Group: reg2out
     Startpoint: (R) y_out_reg[0][4]/CK
          Clock: (R) clk
       Endpoint: (R) y_out[0][4]
          Clock: (R) clk

                     Capture       Launch     
        Clock Edge:+    3300            0     
       Src Latency:+       0            0     
       Net Latency:+       0 (I)        0 (I) 
           Arrival:=    3300            0     
                                              
      Output Delay:-     990                  
       Uncertainty:-     125                  
     Required Time:=    2185                  
      Launch Clock:-       0                  
         Data Path:-     408                  
             Slack:=    1777                  

Exceptions/Constraints:
  output_delay             990             dut.sdc_line_17_124_1   

#-------------------------------------------------------------------------------------
#   Timing Point     Flags   Arc   Edge       Cell         Fanout Trans Delay Arrival 
#                                                                  (ps)  (ps)   (ps)  
#-------------------------------------------------------------------------------------
  y_out_reg[0][4]/CK -       -     R     (arrival)             64     0     0       0 
  y_out_reg[0][4]/Q  -       CK->Q R     DFFRPQ_X0P5M_A9TL      1   156   408     408 
  y_out[0][4]        -       -     R     (port)                 -     -     0     408 
#-------------------------------------------------------------------------------------



Path 37: MET (1777 ps) Late External Delay Assertion at pin y_out[0][5]
          Group: reg2out
     Startpoint: (R) y_out_reg[0][5]/CK
          Clock: (R) clk
       Endpoint: (R) y_out[0][5]
          Clock: (R) clk

                     Capture       Launch     
        Clock Edge:+    3300            0     
       Src Latency:+       0            0     
       Net Latency:+       0 (I)        0 (I) 
           Arrival:=    3300            0     
                                              
      Output Delay:-     990                  
       Uncertainty:-     125                  
     Required Time:=    2185                  
      Launch Clock:-       0                  
         Data Path:-     408                  
             Slack:=    1777                  

Exceptions/Constraints:
  output_delay             990             dut.sdc_line_17_123_1   

#-------------------------------------------------------------------------------------
#   Timing Point     Flags   Arc   Edge       Cell         Fanout Trans Delay Arrival 
#                                                                  (ps)  (ps)   (ps)  
#-------------------------------------------------------------------------------------
  y_out_reg[0][5]/CK -       -     R     (arrival)             64     0     0       0 
  y_out_reg[0][5]/Q  -       CK->Q R     DFFRPQ_X0P5M_A9TL      1   156   408     408 
  y_out[0][5]        -       -     R     (port)                 -     -     0     408 
#-------------------------------------------------------------------------------------



Path 38: MET (1777 ps) Late External Delay Assertion at pin y_out[1][0]
          Group: reg2out
     Startpoint: (R) y_out_reg[1][0]/CK
          Clock: (R) clk
       Endpoint: (R) y_out[1][0]
          Clock: (R) clk

                     Capture       Launch     
        Clock Edge:+    3300            0     
       Src Latency:+       0            0     
       Net Latency:+       0 (I)        0 (I) 
           Arrival:=    3300            0     
                                              
      Output Delay:-     990                  
       Uncertainty:-     125                  
     Required Time:=    2185                  
      Launch Clock:-       0                  
         Data Path:-     408                  
             Slack:=    1777                  

Exceptions/Constraints:
  output_delay             990             dut.sdc_line_17_120_1   

#-------------------------------------------------------------------------------------
#   Timing Point     Flags   Arc   Edge       Cell         Fanout Trans Delay Arrival 
#                                                                  (ps)  (ps)   (ps)  
#-------------------------------------------------------------------------------------
  y_out_reg[1][0]/CK -       -     R     (arrival)             64     0     0       0 
  y_out_reg[1][0]/Q  -       CK->Q R     DFFRPQ_X0P5M_A9TL      1   156   408     408 
  y_out[1][0]        -       -     R     (port)                 -     -     0     408 
#-------------------------------------------------------------------------------------



Path 39: MET (1777 ps) Late External Delay Assertion at pin y_out[1][2]
          Group: reg2out
     Startpoint: (R) y_out_reg[1][2]/CK
          Clock: (R) clk
       Endpoint: (R) y_out[1][2]
          Clock: (R) clk

                     Capture       Launch     
        Clock Edge:+    3300            0     
       Src Latency:+       0            0     
       Net Latency:+       0 (I)        0 (I) 
           Arrival:=    3300            0     
                                              
      Output Delay:-     990                  
       Uncertainty:-     125                  
     Required Time:=    2185                  
      Launch Clock:-       0                  
         Data Path:-     408                  
             Slack:=    1777                  

Exceptions/Constraints:
  output_delay             990             dut.sdc_line_17_118_1   

#-------------------------------------------------------------------------------------
#   Timing Point     Flags   Arc   Edge       Cell         Fanout Trans Delay Arrival 
#                                                                  (ps)  (ps)   (ps)  
#-------------------------------------------------------------------------------------
  y_out_reg[1][2]/CK -       -     R     (arrival)             64     0     0       0 
  y_out_reg[1][2]/Q  -       CK->Q R     DFFRPQ_X0P5M_A9TL      1   156   408     408 
  y_out[1][2]        -       -     R     (port)                 -     -     0     408 
#-------------------------------------------------------------------------------------



Path 40: MET (1777 ps) Late External Delay Assertion at pin y_out[1][3]
          Group: reg2out
     Startpoint: (R) y_out_reg[1][3]/CK
          Clock: (R) clk
       Endpoint: (R) y_out[1][3]
          Clock: (R) clk

                     Capture       Launch     
        Clock Edge:+    3300            0     
       Src Latency:+       0            0     
       Net Latency:+       0 (I)        0 (I) 
           Arrival:=    3300            0     
                                              
      Output Delay:-     990                  
       Uncertainty:-     125                  
     Required Time:=    2185                  
      Launch Clock:-       0                  
         Data Path:-     408                  
             Slack:=    1777                  

Exceptions/Constraints:
  output_delay             990             dut.sdc_line_17_117_1   

#-------------------------------------------------------------------------------------
#   Timing Point     Flags   Arc   Edge       Cell         Fanout Trans Delay Arrival 
#                                                                  (ps)  (ps)   (ps)  
#-------------------------------------------------------------------------------------
  y_out_reg[1][3]/CK -       -     R     (arrival)             64     0     0       0 
  y_out_reg[1][3]/Q  -       CK->Q R     DFFRPQ_X0P5M_A9TL      1   156   408     408 
  y_out[1][3]        -       -     R     (port)                 -     -     0     408 
#-------------------------------------------------------------------------------------



Path 41: MET (1777 ps) Late External Delay Assertion at pin y_out[1][4]
          Group: reg2out
     Startpoint: (R) y_out_reg[1][4]/CK
          Clock: (R) clk
       Endpoint: (R) y_out[1][4]
          Clock: (R) clk

                     Capture       Launch     
        Clock Edge:+    3300            0     
       Src Latency:+       0            0     
       Net Latency:+       0 (I)        0 (I) 
           Arrival:=    3300            0     
                                              
      Output Delay:-     990                  
       Uncertainty:-     125                  
     Required Time:=    2185                  
      Launch Clock:-       0                  
         Data Path:-     408                  
             Slack:=    1777                  

Exceptions/Constraints:
  output_delay             990             dut.sdc_line_17_116_1   

#-------------------------------------------------------------------------------------
#   Timing Point     Flags   Arc   Edge       Cell         Fanout Trans Delay Arrival 
#                                                                  (ps)  (ps)   (ps)  
#-------------------------------------------------------------------------------------
  y_out_reg[1][4]/CK -       -     R     (arrival)             64     0     0       0 
  y_out_reg[1][4]/Q  -       CK->Q R     DFFRPQ_X0P5M_A9TL      1   156   408     408 
  y_out[1][4]        -       -     R     (port)                 -     -     0     408 
#-------------------------------------------------------------------------------------



Path 42: MET (1777 ps) Late External Delay Assertion at pin y_out[1][5]
          Group: reg2out
     Startpoint: (R) y_out_reg[1][5]/CK
          Clock: (R) clk
       Endpoint: (R) y_out[1][5]
          Clock: (R) clk

                     Capture       Launch     
        Clock Edge:+    3300            0     
       Src Latency:+       0            0     
       Net Latency:+       0 (I)        0 (I) 
           Arrival:=    3300            0     
                                              
      Output Delay:-     990                  
       Uncertainty:-     125                  
     Required Time:=    2185                  
      Launch Clock:-       0                  
         Data Path:-     408                  
             Slack:=    1777                  

Exceptions/Constraints:
  output_delay             990             dut.sdc_line_17_115_1   

#-------------------------------------------------------------------------------------
#   Timing Point     Flags   Arc   Edge       Cell         Fanout Trans Delay Arrival 
#                                                                  (ps)  (ps)   (ps)  
#-------------------------------------------------------------------------------------
  y_out_reg[1][5]/CK -       -     R     (arrival)             64     0     0       0 
  y_out_reg[1][5]/Q  -       CK->Q R     DFFRPQ_X0P5M_A9TL      1   156   408     408 
  y_out[1][5]        -       -     R     (port)                 -     -     0     408 
#-------------------------------------------------------------------------------------



Path 43: MET (1777 ps) Late External Delay Assertion at pin y_out[2][0]
          Group: reg2out
     Startpoint: (R) y_out_reg[2][0]/CK
          Clock: (R) clk
       Endpoint: (R) y_out[2][0]
          Clock: (R) clk

                     Capture       Launch     
        Clock Edge:+    3300            0     
       Src Latency:+       0            0     
       Net Latency:+       0 (I)        0 (I) 
           Arrival:=    3300            0     
                                              
      Output Delay:-     990                  
       Uncertainty:-     125                  
     Required Time:=    2185                  
      Launch Clock:-       0                  
         Data Path:-     408                  
             Slack:=    1777                  

Exceptions/Constraints:
  output_delay             990             dut.sdc_line_17_112_1   

#-------------------------------------------------------------------------------------
#   Timing Point     Flags   Arc   Edge       Cell         Fanout Trans Delay Arrival 
#                                                                  (ps)  (ps)   (ps)  
#-------------------------------------------------------------------------------------
  y_out_reg[2][0]/CK -       -     R     (arrival)             64     0     0       0 
  y_out_reg[2][0]/Q  -       CK->Q R     DFFRPQ_X0P5M_A9TL      1   156   408     408 
  y_out[2][0]        -       -     R     (port)                 -     -     0     408 
#-------------------------------------------------------------------------------------



Path 44: MET (1777 ps) Late External Delay Assertion at pin y_out[2][2]
          Group: reg2out
     Startpoint: (R) y_out_reg[2][2]/CK
          Clock: (R) clk
       Endpoint: (R) y_out[2][2]
          Clock: (R) clk

                     Capture       Launch     
        Clock Edge:+    3300            0     
       Src Latency:+       0            0     
       Net Latency:+       0 (I)        0 (I) 
           Arrival:=    3300            0     
                                              
      Output Delay:-     990                  
       Uncertainty:-     125                  
     Required Time:=    2185                  
      Launch Clock:-       0                  
         Data Path:-     408                  
             Slack:=    1777                  

Exceptions/Constraints:
  output_delay             990             dut.sdc_line_17_110_1   

#-------------------------------------------------------------------------------------
#   Timing Point     Flags   Arc   Edge       Cell         Fanout Trans Delay Arrival 
#                                                                  (ps)  (ps)   (ps)  
#-------------------------------------------------------------------------------------
  y_out_reg[2][2]/CK -       -     R     (arrival)             64     0     0       0 
  y_out_reg[2][2]/Q  -       CK->Q R     DFFRPQ_X0P5M_A9TL      1   156   408     408 
  y_out[2][2]        -       -     R     (port)                 -     -     0     408 
#-------------------------------------------------------------------------------------



Path 45: MET (1777 ps) Late External Delay Assertion at pin y_out[2][3]
          Group: reg2out
     Startpoint: (R) y_out_reg[2][3]/CK
          Clock: (R) clk
       Endpoint: (R) y_out[2][3]
          Clock: (R) clk

                     Capture       Launch     
        Clock Edge:+    3300            0     
       Src Latency:+       0            0     
       Net Latency:+       0 (I)        0 (I) 
           Arrival:=    3300            0     
                                              
      Output Delay:-     990                  
       Uncertainty:-     125                  
     Required Time:=    2185                  
      Launch Clock:-       0                  
         Data Path:-     408                  
             Slack:=    1777                  

Exceptions/Constraints:
  output_delay             990             dut.sdc_line_17_109_1   

#-------------------------------------------------------------------------------------
#   Timing Point     Flags   Arc   Edge       Cell         Fanout Trans Delay Arrival 
#                                                                  (ps)  (ps)   (ps)  
#-------------------------------------------------------------------------------------
  y_out_reg[2][3]/CK -       -     R     (arrival)             64     0     0       0 
  y_out_reg[2][3]/Q  -       CK->Q R     DFFRPQ_X0P5M_A9TL      1   156   408     408 
  y_out[2][3]        -       -     R     (port)                 -     -     0     408 
#-------------------------------------------------------------------------------------



Path 46: MET (1777 ps) Late External Delay Assertion at pin y_out[2][4]
          Group: reg2out
     Startpoint: (R) y_out_reg[2][4]/CK
          Clock: (R) clk
       Endpoint: (R) y_out[2][4]
          Clock: (R) clk

                     Capture       Launch     
        Clock Edge:+    3300            0     
       Src Latency:+       0            0     
       Net Latency:+       0 (I)        0 (I) 
           Arrival:=    3300            0     
                                              
      Output Delay:-     990                  
       Uncertainty:-     125                  
     Required Time:=    2185                  
      Launch Clock:-       0                  
         Data Path:-     408                  
             Slack:=    1777                  

Exceptions/Constraints:
  output_delay             990             dut.sdc_line_17_108_1   

#-------------------------------------------------------------------------------------
#   Timing Point     Flags   Arc   Edge       Cell         Fanout Trans Delay Arrival 
#                                                                  (ps)  (ps)   (ps)  
#-------------------------------------------------------------------------------------
  y_out_reg[2][4]/CK -       -     R     (arrival)             64     0     0       0 
  y_out_reg[2][4]/Q  -       CK->Q R     DFFRPQ_X0P5M_A9TL      1   156   408     408 
  y_out[2][4]        -       -     R     (port)                 -     -     0     408 
#-------------------------------------------------------------------------------------



Path 47: MET (1777 ps) Late External Delay Assertion at pin y_out[2][5]
          Group: reg2out
     Startpoint: (R) y_out_reg[2][5]/CK
          Clock: (R) clk
       Endpoint: (R) y_out[2][5]
          Clock: (R) clk

                     Capture       Launch     
        Clock Edge:+    3300            0     
       Src Latency:+       0            0     
       Net Latency:+       0 (I)        0 (I) 
           Arrival:=    3300            0     
                                              
      Output Delay:-     990                  
       Uncertainty:-     125                  
     Required Time:=    2185                  
      Launch Clock:-       0                  
         Data Path:-     408                  
             Slack:=    1777                  

Exceptions/Constraints:
  output_delay             990             dut.sdc_line_17_107_1   

#-------------------------------------------------------------------------------------
#   Timing Point     Flags   Arc   Edge       Cell         Fanout Trans Delay Arrival 
#                                                                  (ps)  (ps)   (ps)  
#-------------------------------------------------------------------------------------
  y_out_reg[2][5]/CK -       -     R     (arrival)             64     0     0       0 
  y_out_reg[2][5]/Q  -       CK->Q R     DFFRPQ_X0P5M_A9TL      1   156   408     408 
  y_out[2][5]        -       -     R     (port)                 -     -     0     408 
#-------------------------------------------------------------------------------------



Path 48: MET (1777 ps) Late External Delay Assertion at pin y_out[3][0]
          Group: reg2out
     Startpoint: (R) y_out_reg[3][0]/CK
          Clock: (R) clk
       Endpoint: (R) y_out[3][0]
          Clock: (R) clk

                     Capture       Launch     
        Clock Edge:+    3300            0     
       Src Latency:+       0            0     
       Net Latency:+       0 (I)        0 (I) 
           Arrival:=    3300            0     
                                              
      Output Delay:-     990                  
       Uncertainty:-     125                  
     Required Time:=    2185                  
      Launch Clock:-       0                  
         Data Path:-     408                  
             Slack:=    1777                  

Exceptions/Constraints:
  output_delay             990             dut.sdc_line_17_104_1   

#-------------------------------------------------------------------------------------
#   Timing Point     Flags   Arc   Edge       Cell         Fanout Trans Delay Arrival 
#                                                                  (ps)  (ps)   (ps)  
#-------------------------------------------------------------------------------------
  y_out_reg[3][0]/CK -       -     R     (arrival)             64     0     0       0 
  y_out_reg[3][0]/Q  -       CK->Q R     DFFRPQ_X0P5M_A9TL      1   156   408     408 
  y_out[3][0]        -       -     R     (port)                 -     -     0     408 
#-------------------------------------------------------------------------------------



Path 49: MET (1777 ps) Late External Delay Assertion at pin y_out[3][2]
          Group: reg2out
     Startpoint: (R) y_out_reg[3][2]/CK
          Clock: (R) clk
       Endpoint: (R) y_out[3][2]
          Clock: (R) clk

                     Capture       Launch     
        Clock Edge:+    3300            0     
       Src Latency:+       0            0     
       Net Latency:+       0 (I)        0 (I) 
           Arrival:=    3300            0     
                                              
      Output Delay:-     990                  
       Uncertainty:-     125                  
     Required Time:=    2185                  
      Launch Clock:-       0                  
         Data Path:-     408                  
             Slack:=    1777                  

Exceptions/Constraints:
  output_delay             990             dut.sdc_line_17_102_1   

#-------------------------------------------------------------------------------------
#   Timing Point     Flags   Arc   Edge       Cell         Fanout Trans Delay Arrival 
#                                                                  (ps)  (ps)   (ps)  
#-------------------------------------------------------------------------------------
  y_out_reg[3][2]/CK -       -     R     (arrival)             64     0     0       0 
  y_out_reg[3][2]/Q  -       CK->Q R     DFFRPQ_X0P5M_A9TL      1   156   408     408 
  y_out[3][2]        -       -     R     (port)                 -     -     0     408 
#-------------------------------------------------------------------------------------



Path 50: MET (1777 ps) Late External Delay Assertion at pin y_out[3][3]
          Group: reg2out
     Startpoint: (R) y_out_reg[3][3]/CK
          Clock: (R) clk
       Endpoint: (R) y_out[3][3]
          Clock: (R) clk

                     Capture       Launch     
        Clock Edge:+    3300            0     
       Src Latency:+       0            0     
       Net Latency:+       0 (I)        0 (I) 
           Arrival:=    3300            0     
                                              
      Output Delay:-     990                  
       Uncertainty:-     125                  
     Required Time:=    2185                  
      Launch Clock:-       0                  
         Data Path:-     408                  
             Slack:=    1777                  

Exceptions/Constraints:
  output_delay             990             dut.sdc_line_17_101_1   

#-------------------------------------------------------------------------------------
#   Timing Point     Flags   Arc   Edge       Cell         Fanout Trans Delay Arrival 
#                                                                  (ps)  (ps)   (ps)  
#-------------------------------------------------------------------------------------
  y_out_reg[3][3]/CK -       -     R     (arrival)             64     0     0       0 
  y_out_reg[3][3]/Q  -       CK->Q R     DFFRPQ_X0P5M_A9TL      1   156   408     408 
  y_out[3][3]        -       -     R     (port)                 -     -     0     408 
#-------------------------------------------------------------------------------------

