============================================================
  Generated by:           Genus(TM) Synthesis Solution 25.12-s067_1
  Generated on:           Sep 27 2026  11:35:01 pm
  Module:                 ibert_gelu
  Operating conditions:   ss_typical_max_0p90v_125c (balanced_tree)
  Wireload mode:          top
  Area mode:              timing library
============================================================


Path 1: MET (0 ps) Setup Check with Pin one_plus_erf_reg_reg[7][8]/CK->D
          Group: reg2reg
     Startpoint: (R) delta_sq_reg_reg[7][10]/CK
          Clock: (R) clk
       Endpoint: (R) one_plus_erf_reg_reg[7][8]/D
          Clock: (R) clk

                     Capture       Launch     
        Clock Edge:+    3300            0     
       Src Latency:+       0            0     
       Net Latency:+       0 (I)        0 (I) 
           Arrival:=    3300            0     
                                              
             Setup:-      94                  
       Uncertainty:-     125                  
     Required Time:=    3082                  
      Launch Clock:-       0                  
         Data Path:-    3082                  
             Slack:=       0                  


