============================================================
  Generated by:           Genus(TM) Synthesis Solution 25.12-s067_1
  Generated on:           Sep 23 2026  12:54:48 pm
  Module:                 tr_nonlinear_vpu
  Operating conditions:   ss_typical_max_0p90v_125c (balanced_tree)
  Wireload mode:          top
  Area mode:              timing library
============================================================


Path 1: MET (1823 ps) Late External Delay Assertion at pin vpu_dot_out[19]
          Group: reg2out
     Startpoint: (R) u_mac/out_dot_reg[19]/CK
          Clock: (R) clk
       Endpoint: (R) vpu_dot_out[19]
          Clock: (R) clk

                     Capture       Launch     
        Clock Edge:+    3300            0     
       Src Latency:+       0            0     
       Net Latency:+       0 (I)        0 (I) 
           Arrival:=    3300            0     
                                              
      Output Delay:-     990                  
       Uncertainty:-     125                  
     Required Time:=    2185                  
      Launch Clock:-       0                  
         Data Path:-     362                  
             Slack:=    1823                  

Exceptions/Constraints:
  output_delay             990             dut.sdc_line_17_458_1   

#---------------------------------------------------------------------------------------
#      Timing Point        Flags   Arc   Edge     Cell       Fanout Trans Delay Arrival 
#                                                                    (ps)  (ps)   (ps)  
#---------------------------------------------------------------------------------------
  u_mac/out_dot_reg[19]/CK -       -     R     (arrival)         32     0     0       0 
  u_mac/out_dot_reg[19]/Q  -       CK->Q R     DFFQ_X1M_A9TL      5   267   362     362 
  vpu_dot_out[19]          -       -     R     (port)             -     -     0     362 
#---------------------------------------------------------------------------------------

