============================================================
  Generated by:           Genus(TM) Synthesis Solution 25.12-s067_1
  Generated on:           Sep 23 2026  12:54:48 pm
  Module:                 tr_nonlinear_vpu
  Operating conditions:   ss_typical_max_0p90v_125c (balanced_tree)
  Wireload mode:          top
  Area mode:              timing library
============================================================


Path 1: MET (0 ps) Setup Check with Pin u_backbone/s2_post_ln_reg_reg[5][13]/CK->D
          Group: reg2reg
     Startpoint: (R) u_backbone/s1_mode_pre_ln_reg/CK
          Clock: (R) clk
       Endpoint: (F) u_backbone/s2_post_ln_reg_reg[5][13]/D
          Clock: (R) clk

                     Capture       Launch     
        Clock Edge:+    3300            0     
       Src Latency:+       0            0     
       Net Latency:+       0 (I)        0 (I) 
           Arrival:=    3300            0     
                                              
             Setup:-     102                  
       Uncertainty:-     125                  
     Required Time:=    3073                  
      Launch Clock:-       0                  
         Data Path:-    3073                  
             Slack:=       0                  

#-------------------------------------------------------------------------------------------------------------
#               Timing Point                 Flags   Arc   Edge       Cell         Fanout Trans Delay Arrival 
#                                                                                          (ps)  (ps)   (ps)  
#-------------------------------------------------------------------------------------------------------------
  u_backbone/s1_mode_pre_ln_reg/CK           -       -     R     (arrival)            559     0     0       0 
  u_backbone/s1_mode_pre_ln_reg/Q            -       CK->Q F     DFFRPQ_X4M_A9TL        1    73   292     292 
  u_backbone/u_pre_ln/g5756/Y                -       A->Y  R     INV_X16M_A9TL         20   110    94     386 
  u_backbone/u_pre_ln/g5699/Y                -       A->Y  F     NOR2XB_X6M_A9TL        3    70    72     458 
  u_backbone/u_pre_ln/g5624/Y                -       C->Y  F     AND3_X4M_A9TL          4    79   165     623 
  u_backbone/u_pre_ln/g5590/Y                -       C->Y  F     AND3_X3M_A9TL          2    60   152     775 
  u_backbone/u_pre_ln/g5530/Y                -       A->Y  R     NAND2XB_X3M_A9TL       2   111    83     858 
  u_backbone/u_pre_ln/g5473/Y                -       A->Y  F     NAND2XB_X3M_A9TL       1    62    61     918 
  u_backbone/u_pre_ln/g5439/Y                -       B->Y  F     AND2_X6M_A9TL         10    85   147    1066 
  u_backbone/gen_tr_lanes[5].u_tr_ln/g3753/Y -       B->Y  R     NOR2_X6M_A9TL          1    89    88    1154 
  u_backbone/gen_tr_lanes[5].u_tr_ln/g3733/Y -       B->Y  F     NAND2_X6A_A9TL         4   108   101    1254 
  u_backbone/gen_tr_lanes[5].u_tr_ln/g3724/Y -       A->Y  R     INV_X2M_A9TL           2    99    96    1350 
  u_backbone/gen_tr_lanes[5].u_tr_ln/g3684/Y -       B->Y  F     NAND3XXB_X6M_A9TL      3   103    84    1434 
  u_backbone/gen_tr_lanes[5].u_tr_ln/g3789/Y -       A->Y  F     OR2_X1M_A9TL           1   133   197    1631 
  u_backbone/gen_tr_lanes[5].u_tr_ln/g3632/Y -       B->Y  R     NAND2_X8M_A9TL         6   127   124    1755 
  u_backbone/gen_tr_lanes[5].u_tr_ln/g3614/Y -       A->Y  F     NAND2XB_X3M_A9TL       2    95    87    1842 
  u_backbone/gen_tr_lanes[5].u_tr_ln/g3604/Y -       A->Y  R     NAND2XB_X4M_A9TL       1    71    71    1914 
  u_backbone/gen_tr_lanes[5].u_tr_ln/g3602/Y -       A->Y  F     NAND2_X4M_A9TL         2    64    54    1967 
  u_backbone/gen_tr_lanes[5].u_tr_ln/g3588/Y -       A->Y  R     NOR2XB_X3M_A9TL        1    89    79    2047 
  u_backbone/gen_tr_lanes[5].u_tr_ln/g3576/Y -       A->Y  F     NAND3XXB_X4M_A9TL      1    74    64    2110 
  u_backbone/gen_tr_lanes[5].u_tr_ln/g3575/Y -       B->Y  R     NAND2_X4M_A9TL         1    65    71    2182 
  u_backbone/g2140/Y                         -       A->Y  F     NAND2_X4M_A9TL         1    67    53    2234 
  u_backbone/g2059/Y                         -       A->Y  R     NAND2XB_X6M_A9TL       2    86    71    2305 
  u_backbone/u_post_ln/g11367/Y              -       A->Y  F     INV_X7P5M_A9TL         3    36    41    2346 
  u_backbone/u_post_ln/g11006/Y              -       A->Y  R     NAND2_X6M_A9TL         1    66    51    2397 
  u_backbone/u_post_ln/g10990/Y              -       B->Y  F     NOR2_X8M_A9TL          3    56    59    2456 
  u_backbone/u_post_ln/g10902/Y              -       A->Y  R     NAND2_X4M_A9TL         2   108    82    2538 
  u_backbone/u_post_ln/g10891/Y              -       A->Y  F     INV_X4M_A9TL           1    47    52    2590 
  u_backbone/u_post_ln/g10886/Y              -       A->Y  R     NAND2_X8M_A9TL         5   118    83    2673 
  u_backbone/u_post_ln/g10792/Y              -       A->Y  F     NOR2XB_X8M_A9TL        5    78    79    2753 
  u_backbone/u_post_ln/g10632/Y              -       A->Y  R     NAND3XXB_X4M_A9TL      2   112    85    2838 
  u_backbone/u_post_ln/g10485/Y              -       B->Y  F     NAND2_X2M_A9TL         1    90    75    2913 
  u_backbone/u_post_ln/g10382/Y              -       A->Y  R     NAND3XXB_X3M_A9TL      1   105    85    2998 
  u_backbone/u_post_ln/g10274/Y              -       C0->Y F     OAI211_X3M_A9TL        1    82    75    3073 
  u_backbone/s2_post_ln_reg_reg[5][13]/D     -       -     F     DFFRPQ_X2M_A9TL        1     -     0    3073 
#-------------------------------------------------------------------------------------------------------------

