============================================================
  Generated by:           Genus(TM) Synthesis Solution 25.12-s067_1
  Generated on:           Mar 26 2026  05:10:28 pm
  Module:                 TR_LN
  Technology libraries:   sc9_cln65lp_base_rvt_ss_typical_max_0p90v_125c 1
                          sc9_cln65lp_base_lvt_ss_typical_max_0p90v_125c 1
                          sc9_cln65lp_base_hvt_ss_typical_max_0p90v_125c 1
  Operating conditions:   ss_typical_max_0p90v_125c (balanced_tree)
  Wireload mode:          top
  Area mode:              timing library
============================================================

-------------------------------------------------------------------------------
Inputs without clocked external delays

The following primary inputs have no clocked external delays.  As a result the  
timing paths leading from the ports have no timing constraints derived from     
clock waveforms.  The'external_delay' command is used to create new external    
delays.                                                                         

port:TR_LN/xq[0]
port:TR_LN/xq[10]
port:TR_LN/xq[11]
port:TR_LN/xq[12]
port:TR_LN/xq[13]
port:TR_LN/xq[14]
port:TR_LN/xq[15]
port:TR_LN/xq[1]
port:TR_LN/xq[2]
port:TR_LN/xq[3]
port:TR_LN/xq[4]
port:TR_LN/xq[5]
port:TR_LN/xq[6]
port:TR_LN/xq[7]
port:TR_LN/xq[8]
port:TR_LN/xq[9]
-------------------------------------------------------------------------------

-------------------------------------------------------------------------------
Outputs without clocked external delays

The following primary outputs have no clocked external delays.  As a result the 
timing paths leading to the ports have no timing constraints derived from clock 
waveforms.  The'external_delay' command is used to create new external delays.  

port:TR_LN/yq[0]
port:TR_LN/yq[1]
port:TR_LN/yq[2]
port:TR_LN/yq[3]
port:TR_LN/yq[4]
port:TR_LN/yq[5]
port:TR_LN/yq[6]
port:TR_LN/yq[7]
-------------------------------------------------------------------------------


Lint summary
 Generated clocks without clock waveform                                                   0
 Generated clocks with incompatible options                                                0
 Generated clocks with multi-master clock                                                  0
 Generated clocks with master clock not reaching the generated clock target                0
 Paths constrained with different clocks                                                   0
 Loop-breaking cells for combinational feedback                                            0
 Nets with multiple drivers                                                                0
 Timing exceptions with no effect                                                          0
 Suspicious multi_cycle exceptions                                                         0
 Pins/ports with conflicting case constants                                                0
 Inputs without clocked external delays                                                   16
 Outputs without clocked external delays                                                   8
 Inputs without external driver/transition                                                 0
 Outputs without external load                                                             0
 Exceptions with invalid timing start-/endpoints                                           0

                                                                           Total:         24

