============================================================
  Generated by:           Genus(TM) Synthesis Solution 25.12-s067_1
  Generated on:           Mar 16 2026  06:07:24 pm
  Module:                 softmax_base
  Operating conditions:   ss_typical_max_0p90v_125c (balanced_tree)
  Wireload mode:          top
  Area mode:              timing library
============================================================


Path 1: VIOLATED (-1462 ps) Late External Delay Assertion at pin out_inv_S[7]
          Group: reg2out
     Startpoint: (R) dsp_mac/out_dot_reg[10]/CK
          Clock: (R) clk
       Endpoint: (F) out_inv_S[7]
          Clock: (R) clk

                     Capture       Launch     
        Clock Edge:+    3000            0     
       Src Latency:+       0            0     
       Net Latency:+       0 (I)        0 (I) 
           Arrival:=    3000            0     
                                              
      Output Delay:-     900                  
       Uncertainty:-     125                  
     Required Time:=    1975                  
      Launch Clock:-       0                  
         Data Path:-    3437                  
             Slack:=   -1462                  

Exceptions/Constraints:
  output_delay             900             softmax_base.sdc_line_18_194_1   

#-----------------------------------------------------------------------------------------------------------
#              Timing Point               Flags    Arc   Edge       Cell         Fanout Trans Delay Arrival 
#                                                                                        (ps)  (ps)   (ps)  
#-----------------------------------------------------------------------------------------------------------
  dsp_mac/out_dot_reg[10]/CK              -       -      R     (arrival)              8     0     0       0 
  dsp_mac/out_dot_reg[10]/Q               -       CK->Q  R     A2DFFQ_X4M_A9TL        4    92   261     261 
  fopt2956/Y                              -       A->Y   F     INV_X3M_A9TL           3    63    68     328 
  fopt2953/Y                              -       A->Y   R     INV_X3M_A9TL           2    55    57     385 
  fopt2952/Y                              -       A->Y   F     INV_X1P4M_A9TL         1    40    44     429 
  g2895/Y                                 -       A->Y   R     NOR2XB_X2M_A9TL        1   174   118     547 
  g2828/Y                                 -       A0->Y  F     OAI21_X6M_A9TL         1    63    86     633 
  g2453/Y                                 -       B0->Y  R     OAI21_X8M_A9TL         2    85    62     695 
  WALLACE_CSA_DUMMY_OP_groupi_g553/Y      -       A->Y   R     AND2_X4M_A9TL          1    59   111     806 
  WALLACE_CSA_DUMMY_OP_groupi_g522/Y      -       A1->Y  F     OAI21_X6M_A9TL         1    53    62     868 
  WALLACE_CSA_DUMMY_OP_groupi_g460/CO     -       A->CO  F     ADDF_X2M_A9TL          3   133   264    1132 
  WALLACE_CSA_DUMMY_OP_groupi_g457/Y      -       A->Y   R     NAND3XXB_X6M_A9TL      1   108   103    1235 
  WALLACE_CSA_DUMMY_OP_groupi_g454/Y      -       B->Y   F     NAND2_X8M_A9TL         3    70    75    1309 
  WALLACE_CSA_DUMMY_OP_groupi_g449/Y      -       S0->Y  F     MXT2_X6M_A9TL          4    87   166    1475 
  g2628/Y                                 -       A->Y   R     NAND2_X6M_A9TL         2    86    80    1555 
  g2623/Y                                 -       B->Y   F     NAND2_X6M_A9TL         3    56    66    1621 
  g2610/Y                                 -       B0->Y  R     OAI211_X4M_A9TL        2   185   105    1726 
  g2608/Y                                 -       A->Y   F     INV_X4M_A9TL           1    65    67    1794 
  g2603/Y                                 -       A->Y   R     NAND2XB_X8M_A9TL       6   156   111    1904 
  g2601/Y                                 -       A->Y   F     NAND2XB_X6M_A9TL       5   100    93    1997 
  WALLACE_CSA_DUMMY_OP18_groupi_g1842/Y   -       A->Y   R     NAND2_X4M_A9TL         1    97    90    2086 
  WALLACE_CSA_DUMMY_OP18_groupi_g1838/Y   -       A->Y   F     NAND2_X8A_A9TL         3    68    67    2153 
  WALLACE_CSA_DUMMY_OP18_groupi_g1802/Y   -       B->Y   R     NAND2_X3M_A9TL         1    81    80    2233 
  WALLACE_CSA_DUMMY_OP18_groupi_g1788/Y   -       B0->Y  F     OAI2XB1_X6M_A9TL       2    73    73    2306 
  WALLACE_CSA_DUMMY_OP18_groupi_g1757/Y   -       A0->Y  R     AOI2XB1_X4M_A9TL       1    80    83    2388 
  WALLACE_CSA_DUMMY_OP18_groupi_g1700/SUM -       A->SUM R     ADDFH_X2M_A9TL         2   133   352    2741 
  WALLACE_CSA_DUMMY_OP18_groupi_g1693/Y   -       A->Y   F     NAND2_X6A_A9TL         3    89    86    2827 
  WALLACE_CSA_DUMMY_OP18_groupi_g1683/Y   -       B->Y   R     NAND2_X4A_A9TL         2    89    88    2914 
  WALLACE_CSA_DUMMY_OP18_groupi_g1678/Y   -       A0->Y  F     OAI21_X6M_A9TL         1    70    70    2984 
  WALLACE_CSA_DUMMY_OP18_groupi_g1677/Y   -       A->Y   R     NOR2_X8A_A9TL          4   123   102    3086 
  WALLACE_CSA_DUMMY_OP18_groupi_g1673/Y   -       A0->Y  F     OAI2XB1_X8M_A9TL       1    72    68    3154 
  WALLACE_CSA_DUMMY_OP18_groupi_g1672/Y   -       A->Y   R     NAND2_X6M_A9TL         1    77    60    3214 
  WALLACE_CSA_DUMMY_OP18_groupi_g1913/Y   -       A->Y   F     NAND2_X6M_A9TL         1    44    45    3259 
  WALLACE_CSA_DUMMY_OP18_groupi_g1668/Y   -       A->Y   F     XNOR2_X3M_A9TL         1   107    76    3335 
  g2450/Y                                 -       A->Y   R     INV_X4M_A9TL           1    52    58    3392 
  g2437/Y                                 -       A->Y   F     NAND2_X4A_A9TL         1   132    45    3437 
  out_inv_S[7]                            -       -      F     (port)                 -     -     0    3437 
#-----------------------------------------------------------------------------------------------------------

