============================================================
  Generated by:           Genus(TM) Synthesis Solution 25.12-s067_1
  Generated on:           May 10 2026  03:02:04 pm
  Module:                 tr_soc_top
  Operating conditions:   ss_typical_max_0p90v_125c (balanced_tree)
  Wireload mode:          top
  Area mode:              timing library
============================================================

             Instance                                           Module                              Cell-Count  Cell-Area  Net-Area   Total-Area  Wireload  
------------------------------------------------------------------------------------------------------------------------------------------------------------
tr_soc_top                         NA                                                                    48254 196545.240     0.000   196545.240 Small (D)  
  u_ctrl                           tr_soc_ctrl_N8_W8_ACC_W32                                               495   2212.200     0.000     2212.200 Small (T)  
  u_dot                            dot_product_engine_M4_N8_W8_ACC_W32                                   11629  43133.760     0.000    43133.760 Small (T)  
    GEN_MAC_LANES[0].u_mac_lane    mac_array_engine_N8_W8_ACC_W32                                         2907  10784.520     0.000    10784.520 Small (T)  
    GEN_MAC_LANES[1].u_mac_lane    mac_array_engine_N8_W8_ACC_W32_730                                     2909  10785.600     0.000    10785.600 Small (T)  
    GEN_MAC_LANES[2].u_mac_lane    mac_array_engine_N8_W8_ACC_W32_729                                     2906  10777.680     0.000    10777.680 Small (T)  
    GEN_MAC_LANES[3].u_mac_lane    mac_array_engine_N8_W8_ACC_W32_728                                     2906  10779.480     0.000    10779.480 Small (T)  
  u_req                            requantize_array_engine_N4_ACC_W32_MUL_W32_SHIFT_W6_OUT_W8            25300 111811.680     0.000   111811.680 Small (T)  
  u_vpu                            tr_nonlinear_vpu_N8_W_VEC8_W_MAC16_ACC_W32_FRAC_W4_LUT_IDX_W3         10657  38346.120     0.000    38346.120 Small (T)  
    u_alpha                        alpha_stabilizer_N8_W8                                                 1361   4952.880     0.000     4952.880 Small (T)  
    u_backbone                     tr_backbone_wrapper_N8_WIDTH_IN16_WIDTH_OUT8_FRAC_W4_LUT_IDX_W3        1734   6786.000     0.000     6786.000 Small (T)  
      gen_tr_exp_lanes[0].u_tr_exp tr_exp_alu_WIDTH8_FRAC_W4_LUT_IDX_W3_ITER2                               21     52.920     0.000       52.920 Small (T)  
        u_quad                     quadratic_divider_WIDTH8_FRAC_W4                                          5      9.720     0.000        9.720 Small (T)  
        u_round                    round_WIDTH8_FRAC_W4_LUT_IDX_W3                                          10     22.680     0.000       22.680 Small (T)  
      gen_tr_exp_lanes[1].u_tr_exp tr_exp_alu_WIDTH8_FRAC_W4_LUT_IDX_W3_ITER2_751                           21     52.920     0.000       52.920 Small (T)  
        u_quad                     quadratic_divider_WIDTH8_FRAC_W4_4415                                     5      9.720     0.000        9.720 Small (T)  
        u_round                    round_WIDTH8_FRAC_W4_LUT_IDX_W3_744                                      10     22.680     0.000       22.680 Small (T)  
      gen_tr_exp_lanes[2].u_tr_exp tr_exp_alu_WIDTH8_FRAC_W4_LUT_IDX_W3_ITER2_750                           21     52.920     0.000       52.920 Small (T)  
        u_quad                     quadratic_divider_WIDTH8_FRAC_W4_4414                                     5      9.720     0.000        9.720 Small (T)  
        u_round                    round_WIDTH8_FRAC_W4_LUT_IDX_W3_743                                      10     22.680     0.000       22.680 Small (T)  
      gen_tr_exp_lanes[3].u_tr_exp tr_exp_alu_WIDTH8_FRAC_W4_LUT_IDX_W3_ITER2_749                           21     52.920     0.000       52.920 Small (T)  
        u_quad                     quadratic_divider_WIDTH8_FRAC_W4_4413                                     5      9.720     0.000        9.720 Small (T)  
        u_round                    round_WIDTH8_FRAC_W4_LUT_IDX_W3_742                                      10     22.680     0.000       22.680 Small (T)  
      gen_tr_exp_lanes[4].u_tr_exp tr_exp_alu_WIDTH8_FRAC_W4_LUT_IDX_W3_ITER2_748                           21     51.120     0.000       51.120 Small (T)  
        u_quad                     quadratic_divider_WIDTH8_FRAC_W4_4412                                     5      9.720     0.000        9.720 Small (T)  
        u_round                    round_WIDTH8_FRAC_W4_LUT_IDX_W3_741                                      10     20.880     0.000       20.880 Small (T)  
      gen_tr_lanes[0].u_tr_ln      tr_ln_alu_WIDTH16_BITS4_OUT_WIDTH8                                      187    649.440     0.000      649.440 Small (T)  
      gen_tr_lanes[1].u_tr_ln      tr_ln_alu_WIDTH16_BITS4_OUT_WIDTH8_758                                  181    623.160     0.000      623.160 Small (T)  
      gen_tr_lanes[2].u_tr_ln      tr_ln_alu_WIDTH16_BITS4_OUT_WIDTH8_757                                  189    635.760     0.000      635.760 Small (T)  
      gen_tr_lanes[3].u_tr_ln      tr_ln_alu_WIDTH16_BITS4_OUT_WIDTH8_756                                  191    624.600     0.000      624.600 Small (T)  
      gen_tr_lanes[4].u_tr_ln      tr_ln_alu_WIDTH16_BITS4_OUT_WIDTH8_755                                  188    621.360     0.000      621.360 Small (T)  
      u_post_ln                    post_ln_modifier_N8_W8                                                  277    992.160     0.000      992.160 Small (T)  
      u_pre_ln                     pre_ln_modifier_N8_WIDTH_IN16_FRAC_W4                                   202    830.520     0.000      830.520 Small (T)  
    u_mac                          mac_array_engine_N8_W8_ACC_W32_4                                       3078  11136.960     0.000    11136.960 Small (T)  
    u_max                          piped_max_NUM_INPUTS8_DATA_WIDTH8                                       107    459.720     0.000      459.720 Small (T)  
    u_rom                          shared_lut_rom_N8                                                        37     73.080     0.000       73.080 Small (T)  
    u_sub                          scalar_sub_NUM_INPUTS8_DATA_WIDTH8                                      211    525.600     0.000      525.600 Small (T)  
    u_sym                          symmetry_modifier_N8_WIDTH_X8_WIDTH_Y8_FRAC_W4                           81    214.920     0.000      214.920 Small (T)  
    u_vecmul                       vec_mul_array_engine_N8_W8_ACC_W32                                     3102  11401.200     0.000    11401.200 Small (T)  
  (D) = wireload is default in technology library
  (T) = wireload mode is 'top'
