============================================================
  Generated by:           Genus(TM) Synthesis Solution 25.12-s067_1
  Generated on:           May 10 2026  03:02:04 pm
  Module:                 tr_soc_top
  Operating conditions:   ss_typical_max_0p90v_125c (balanced_tree)
  Wireload mode:          top
  Area mode:              timing library
============================================================

 
  Hierarchy Report Format : 
 
    level instance ( module ) <status>
 
    status :    preserve_<value> -- indicating preserve hierachy or inherited_preserve value
           :    blackbox --  indicating  unresolved instance
 
==================================================================

 0 tr_soc_top
  1 u_ctrl ( tr_soc_ctrl_N8_W8_ACC_W32 ) 
     2 RC_CG_HIER_INST5 ( RC_CG_MOD_11 ) 
     2 RC_CG_HIER_INST6 ( RC_CG_MOD_12 ) 
     2 RC_CG_HIER_INST7 ( RC_CG_MOD_13 ) 
     2 RC_CG_HIER_INST9 ( RC_CG_MOD_15 ) 
  1 u_dot ( dot_product_engine_M4_N8_W8_ACC_W32 ) 
     2 GEN_MAC_LANES[0].u_mac_lane ( mac_array_engine_N8_W8_ACC_W32 ) 
        3 RC_CG_HIER_INST1 ( RC_CG_MOD_6_4399 ) 
     2 GEN_MAC_LANES[1].u_mac_lane ( mac_array_engine_N8_W8_ACC_W32_730 ) 
        3 RC_CG_HIER_INST1 ( RC_CG_MOD_6 ) 
     2 GEN_MAC_LANES[2].u_mac_lane ( mac_array_engine_N8_W8_ACC_W32_729 ) 
        3 RC_CG_HIER_INST1 ( RC_CG_MOD_6_4401 ) 
     2 GEN_MAC_LANES[3].u_mac_lane ( mac_array_engine_N8_W8_ACC_W32_728 ) 
        3 RC_CG_HIER_INST1 ( RC_CG_MOD_6_4400 ) 
     2 RC_CG_DECLONE_HIER_INST ( RC_CG_MOD_4396 ) 
  1 u_req ( requantize_array_engine_N4_ACC_W32_MUL_W32_SHIFT_W6_OUT_W8 ) 
     2 RC_CG_HIER_INST4 ( RC_CG_MOD_10 ) 
  1 u_vpu ( tr_nonlinear_vpu_N8_W_VEC8_W_MAC16_ACC_W32_FRAC_W4_LUT_IDX_W3 ) 
     2 u_alpha ( alpha_stabilizer_N8_W8 ) 
     2 u_backbone ( tr_backbone_wrapper_N8_WIDTH_IN16_WIDTH_OUT8_FRAC_W4_LUT_IDX_W3 ) 
        3 gen_tr_exp_lanes[0].u_tr_exp ( tr_exp_alu_WIDTH8_FRAC_W4_LUT_IDX_W3_ITER2 ) 
           4 u_quad ( quadratic_divider_WIDTH8_FRAC_W4 ) 
           4 u_round ( round_WIDTH8_FRAC_W4_LUT_IDX_W3 ) 
        3 gen_tr_exp_lanes[1].u_tr_exp ( tr_exp_alu_WIDTH8_FRAC_W4_LUT_IDX_W3_ITER2_751 ) 
           4 u_quad ( quadratic_divider_WIDTH8_FRAC_W4_4415 ) 
           4 u_round ( round_WIDTH8_FRAC_W4_LUT_IDX_W3_744 ) 
        3 gen_tr_exp_lanes[2].u_tr_exp ( tr_exp_alu_WIDTH8_FRAC_W4_LUT_IDX_W3_ITER2_750 ) 
           4 u_quad ( quadratic_divider_WIDTH8_FRAC_W4_4414 ) 
           4 u_round ( round_WIDTH8_FRAC_W4_LUT_IDX_W3_743 ) 
        3 gen_tr_exp_lanes[3].u_tr_exp ( tr_exp_alu_WIDTH8_FRAC_W4_LUT_IDX_W3_ITER2_749 ) 
           4 u_quad ( quadratic_divider_WIDTH8_FRAC_W4_4413 ) 
           4 u_round ( round_WIDTH8_FRAC_W4_LUT_IDX_W3_742 ) 
        3 gen_tr_exp_lanes[4].u_tr_exp ( tr_exp_alu_WIDTH8_FRAC_W4_LUT_IDX_W3_ITER2_748 ) 
           4 u_quad ( quadratic_divider_WIDTH8_FRAC_W4_4412 ) 
           4 u_round ( round_WIDTH8_FRAC_W4_LUT_IDX_W3_741 ) 
        3 gen_tr_lanes[0].u_tr_ln ( tr_ln_alu_WIDTH16_BITS4_OUT_WIDTH8 ) 
        3 gen_tr_lanes[1].u_tr_ln ( tr_ln_alu_WIDTH16_BITS4_OUT_WIDTH8_758 ) 
        3 gen_tr_lanes[2].u_tr_ln ( tr_ln_alu_WIDTH16_BITS4_OUT_WIDTH8_757 ) 
        3 gen_tr_lanes[3].u_tr_ln ( tr_ln_alu_WIDTH16_BITS4_OUT_WIDTH8_756 ) 
        3 gen_tr_lanes[4].u_tr_ln ( tr_ln_alu_WIDTH16_BITS4_OUT_WIDTH8_755 ) 
        3 u_post_ln ( post_ln_modifier_N8_W8 ) 
        3 u_pre_ln ( pre_ln_modifier_N8_WIDTH_IN16_FRAC_W4 ) 
     2 u_mac ( mac_array_engine_N8_W8_ACC_W32_4 ) 
        3 RC_CG_HIER_INST2 ( RC_CG_MOD_8 ) 
        3 RC_CG_HIER_INST3 ( RC_CG_MOD_9 ) 
     2 u_max ( piped_max_NUM_INPUTS8_DATA_WIDTH8 ) 
     2 u_rom ( shared_lut_rom_N8 ) 
     2 u_sub ( scalar_sub_NUM_INPUTS8_DATA_WIDTH8 ) 
     2 u_sym ( symmetry_modifier_N8_WIDTH_X8_WIDTH_Y8_FRAC_W4 ) 
     2 u_vecmul ( vec_mul_array_engine_N8_W8_ACC_W32 ) 
        3 RC_CG_HIER_INST10 ( RC_CG_MOD_16 ) 
        3 RC_CG_HIER_INST11 ( RC_CG_MOD_17 ) 
