============================================================
  Generated by:           Genus(TM) Synthesis Solution 25.12-s067_1
  Generated on:           May 10 2026  03:02:04 pm
  Operating conditions:   ss_typical_max_0p90v_125c (balanced_tree)
  Wireload mode:          top
  Area mode:              timing library
============================================================

                                                                                         
        Gate         Instances    Area                        Library                    
-----------------------------------------------------------------------------------------
A2DFFQN_X0P5M_A9TL           4     28.800 sc9_cln65lp_base_lvt_ss_typical_max_0p90v_125c 
A2DFFQN_X2M_A9TL             4     33.120 sc9_cln65lp_base_lvt_ss_typical_max_0p90v_125c 
A2DFFQ_X0P5M_A9TL         1045   7524.000 sc9_cln65lp_base_lvt_ss_typical_max_0p90v_125c 
A2DFFQ_X0P5M_A9TR           72    518.400 sc9_cln65lp_base_rvt_ss_typical_max_0p90v_125c 
A2DFFQ_X1M_A9TL            231   1746.360 sc9_cln65lp_base_lvt_ss_typical_max_0p90v_125c 
A2DFFQ_X2M_A9TL             10     82.800 sc9_cln65lp_base_lvt_ss_typical_max_0p90v_125c 
A2DFFQ_X3M_A9TL             27    233.280 sc9_cln65lp_base_lvt_ss_typical_max_0p90v_125c 
A2DFFQ_X4M_A9TL            102    918.000 sc9_cln65lp_base_lvt_ss_typical_max_0p90v_125c 
ADDFCIN_X1P4M_A9TL           1     11.880 sc9_cln65lp_base_lvt_ss_typical_max_0p90v_125c 
ADDFCIN_X2M_A9TL             1     11.880 sc9_cln65lp_base_lvt_ss_typical_max_0p90v_125c 
ADDFH_X1M_A9TL              37    412.920 sc9_cln65lp_base_lvt_ss_typical_max_0p90v_125c 
ADDFH_X2M_A9TL              49    582.120 sc9_cln65lp_base_lvt_ss_typical_max_0p90v_125c 
ADDF_X1M_A9TL             1025   8118.000 sc9_cln65lp_base_lvt_ss_typical_max_0p90v_125c 
ADDF_X1P4M_A9TL            118   1104.480 sc9_cln65lp_base_lvt_ss_typical_max_0p90v_125c 
ADDF_X2M_A9TL              100    936.000 sc9_cln65lp_base_lvt_ss_typical_max_0p90v_125c 
ADDH_X1M_A9TL              212    992.160 sc9_cln65lp_base_lvt_ss_typical_max_0p90v_125c 
ADDH_X1P4M_A9TL             25    144.000 sc9_cln65lp_base_lvt_ss_typical_max_0p90v_125c 
ADDH_X2M_A9TL                8     46.080 sc9_cln65lp_base_lvt_ss_typical_max_0p90v_125c 
AND2_X0P7M_A9TL              6     10.800 sc9_cln65lp_base_lvt_ss_typical_max_0p90v_125c 
AND2_X11M_A9TL              35    390.600 sc9_cln65lp_base_lvt_ss_typical_max_0p90v_125c 
AND2_X1M_A9TH                7     12.600 sc9_cln65lp_base_hvt_ss_typical_max_0p90v_125c 
AND2_X1M_A9TL             1094   1969.200 sc9_cln65lp_base_lvt_ss_typical_max_0p90v_125c 
AND2_X1P4M_A9TL              5     12.600 sc9_cln65lp_base_lvt_ss_typical_max_0p90v_125c 
AND2_X2M_A9TL              163    410.760 sc9_cln65lp_base_lvt_ss_typical_max_0p90v_125c 
AND2_X3M_A9TL               83    328.680 sc9_cln65lp_base_lvt_ss_typical_max_0p90v_125c 
AND2_X4M_A9TL              120    518.400 sc9_cln65lp_base_lvt_ss_typical_max_0p90v_125c 
AND2_X4M_A9TR                4     17.280 sc9_cln65lp_base_rvt_ss_typical_max_0p90v_125c 
AND2_X6M_A9TL               70    428.400 sc9_cln65lp_base_lvt_ss_typical_max_0p90v_125c 
AND2_X6M_A9TR                2     12.240 sc9_cln65lp_base_rvt_ss_typical_max_0p90v_125c 
AND2_X8M_A9TL               62    491.040 sc9_cln65lp_base_lvt_ss_typical_max_0p90v_125c 
AND2_X8M_A9TR                2     15.840 sc9_cln65lp_base_rvt_ss_typical_max_0p90v_125c 
AND3_X11M_A9TL               2     33.840 sc9_cln65lp_base_lvt_ss_typical_max_0p90v_125c 
AND3_X1M_A9TL               15     37.800 sc9_cln65lp_base_lvt_ss_typical_max_0p90v_125c 
AND3_X2M_A9TL                9     38.880 sc9_cln65lp_base_lvt_ss_typical_max_0p90v_125c 
AND3_X3M_A9TL                4     23.040 sc9_cln65lp_base_lvt_ss_typical_max_0p90v_125c 
AND3_X4M_A9TL               10     64.800 sc9_cln65lp_base_lvt_ss_typical_max_0p90v_125c 
AND3_X6M_A9TL                1     10.080 sc9_cln65lp_base_lvt_ss_typical_max_0p90v_125c 
AND3_X8M_A9TL                4     50.400 sc9_cln65lp_base_lvt_ss_typical_max_0p90v_125c 
AND4_X0P5M_A9TL             11     31.680 sc9_cln65lp_base_lvt_ss_typical_max_0p90v_125c 
AND4_X3M_A9TL                1      9.000 sc9_cln65lp_base_lvt_ss_typical_max_0p90v_125c 
AND4_X4M_A9TL                2     23.760 sc9_cln65lp_base_lvt_ss_typical_max_0p90v_125c 
AO1B2_X0P7M_A9TL             1      2.520 sc9_cln65lp_base_lvt_ss_typical_max_0p90v_125c 
AO1B2_X1M_A9TL             197    496.440 sc9_cln65lp_base_lvt_ss_typical_max_0p90v_125c 
AO1B2_X1P4M_A9TL            20     72.000 sc9_cln65lp_base_lvt_ss_typical_max_0p90v_125c 
AO1B2_X2M_A9TL             305   1098.000 sc9_cln65lp_base_lvt_ss_typical_max_0p90v_125c 
AO1B2_X2M_A9TR               7     25.200 sc9_cln65lp_base_rvt_ss_typical_max_0p90v_125c 
AO1B2_X3M_A9TL             254   1371.600 sc9_cln65lp_base_lvt_ss_typical_max_0p90v_125c 
AO1B2_X4M_A9TL             126    771.120 sc9_cln65lp_base_lvt_ss_typical_max_0p90v_125c 
AO1B2_X4M_A9TR               2     12.240 sc9_cln65lp_base_rvt_ss_typical_max_0p90v_125c 
AO1B2_X6M_A9TL              21    189.000 sc9_cln65lp_base_lvt_ss_typical_max_0p90v_125c 
AO1B2_X6M_A9TR               4     36.000 sc9_cln65lp_base_rvt_ss_typical_max_0p90v_125c 
AO21B_X1M_A9TL             126    317.520 sc9_cln65lp_base_lvt_ss_typical_max_0p90v_125c 
AO21B_X1M_A9TR               1      2.520 sc9_cln65lp_base_rvt_ss_typical_max_0p90v_125c 
AO21B_X1P4M_A9TL            26     93.600 sc9_cln65lp_base_lvt_ss_typical_max_0p90v_125c 
AO21B_X2M_A9TL             373   1342.800 sc9_cln65lp_base_lvt_ss_typical_max_0p90v_125c 
AO21B_X2M_A9TR               7     25.200 sc9_cln65lp_base_rvt_ss_typical_max_0p90v_125c 
AO21B_X3M_A9TL             285   1539.000 sc9_cln65lp_base_lvt_ss_typical_max_0p90v_125c 
AO21B_X4M_A9TL             221   1352.520 sc9_cln65lp_base_lvt_ss_typical_max_0p90v_125c 
AO21B_X6M_A9TL              68    612.000 sc9_cln65lp_base_lvt_ss_typical_max_0p90v_125c 
AO21B_X6M_A9TR               1      9.000 sc9_cln65lp_base_rvt_ss_typical_max_0p90v_125c 
AO21_X0P7M_A9TR              1      2.880 sc9_cln65lp_base_rvt_ss_typical_max_0p90v_125c 
AO21_X1M_A9TL               74    213.120 sc9_cln65lp_base_lvt_ss_typical_max_0p90v_125c 
AO21_X2M_A9TL                4     18.720 sc9_cln65lp_base_lvt_ss_typical_max_0p90v_125c 
AO21_X3M_A9TL                1      6.840 sc9_cln65lp_base_lvt_ss_typical_max_0p90v_125c 
AO21_X4M_A9TL                1      7.200 sc9_cln65lp_base_lvt_ss_typical_max_0p90v_125c 
AO22_X0P5M_A9TH              1      3.240 sc9_cln65lp_base_hvt_ss_typical_max_0p90v_125c 
AO22_X0P5M_A9TL              7     22.680 sc9_cln65lp_base_lvt_ss_typical_max_0p90v_125c 
AO22_X1M_A9TL              172    557.280 sc9_cln65lp_base_lvt_ss_typical_max_0p90v_125c 
AO22_X2M_A9TL                1      5.760 sc9_cln65lp_base_lvt_ss_typical_max_0p90v_125c 
AO22_X3M_A9TR                1      7.920 sc9_cln65lp_base_rvt_ss_typical_max_0p90v_125c 
AOI211_X1M_A9TL             38     95.760 sc9_cln65lp_base_lvt_ss_typical_max_0p90v_125c 
AOI211_X1P4M_A9TL            8     31.680 sc9_cln65lp_base_lvt_ss_typical_max_0p90v_125c 
AOI211_X2M_A9TL              3     12.960 sc9_cln65lp_base_lvt_ss_typical_max_0p90v_125c 
AOI21B_X0P7M_A9TR            1      2.880 sc9_cln65lp_base_rvt_ss_typical_max_0p90v_125c 
AOI21B_X1M_A9TL             19     54.720 sc9_cln65lp_base_lvt_ss_typical_max_0p90v_125c 
AOI21B_X2M_A9TL             28    120.960 sc9_cln65lp_base_lvt_ss_typical_max_0p90v_125c 
AOI21B_X3M_A9TL             41    236.160 sc9_cln65lp_base_lvt_ss_typical_max_0p90v_125c 
AOI21B_X4M_A9TL             74    532.800 sc9_cln65lp_base_lvt_ss_typical_max_0p90v_125c 
AOI21B_X4M_A9TR              1      7.200 sc9_cln65lp_base_rvt_ss_typical_max_0p90v_125c 
AOI21B_X6M_A9TL             25    261.000 sc9_cln65lp_base_lvt_ss_typical_max_0p90v_125c 
AOI21B_X8M_A9TL              6     79.920 sc9_cln65lp_base_lvt_ss_typical_max_0p90v_125c 
AOI21B_X8M_A9TR              1     13.320 sc9_cln65lp_base_rvt_ss_typical_max_0p90v_125c 
AOI21_X0P7M_A9TL             3      6.480 sc9_cln65lp_base_lvt_ss_typical_max_0p90v_125c 
AOI21_X1M_A9TL             666   1438.560 sc9_cln65lp_base_lvt_ss_typical_max_0p90v_125c 
AOI21_X1M_A9TR               2      4.320 sc9_cln65lp_base_rvt_ss_typical_max_0p90v_125c 
AOI21_X1P4M_A9TL            23     82.800 sc9_cln65lp_base_lvt_ss_typical_max_0p90v_125c 
AOI21_X2M_A9TL             105    378.000 sc9_cln65lp_base_lvt_ss_typical_max_0p90v_125c 
AOI21_X2M_A9TR              27     97.200 sc9_cln65lp_base_rvt_ss_typical_max_0p90v_125c 
AOI21_X3M_A9TL             132    617.760 sc9_cln65lp_base_lvt_ss_typical_max_0p90v_125c 
AOI21_X4M_A9TL              90    550.800 sc9_cln65lp_base_lvt_ss_typical_max_0p90v_125c 
AOI21_X4M_A9TR               3     18.360 sc9_cln65lp_base_rvt_ss_typical_max_0p90v_125c 
AOI21_X6M_A9TL             141   1269.000 sc9_cln65lp_base_lvt_ss_typical_max_0p90v_125c 
AOI21_X8M_A9TL              24    285.120 sc9_cln65lp_base_lvt_ss_typical_max_0p90v_125c 
AOI221_X1M_A9TL             60    194.400 sc9_cln65lp_base_lvt_ss_typical_max_0p90v_125c 
AOI221_X1P4M_A9TL            3     17.280 sc9_cln65lp_base_lvt_ss_typical_max_0p90v_125c 
AOI221_X2M_A9TR              8     46.080 sc9_cln65lp_base_rvt_ss_typical_max_0p90v_125c 
AOI22_X0P7M_A9TR             1      2.520 sc9_cln65lp_base_rvt_ss_typical_max_0p90v_125c 
AOI22_X1M_A9TL             539   1358.280 sc9_cln65lp_base_lvt_ss_typical_max_0p90v_125c 
AOI22_X1P4M_A9TL            29    125.280 sc9_cln65lp_base_lvt_ss_typical_max_0p90v_125c 
AOI22_X2M_A9TL             175    756.000 sc9_cln65lp_base_lvt_ss_typical_max_0p90v_125c 
AOI22_X2M_A9TR               4     17.280 sc9_cln65lp_base_rvt_ss_typical_max_0p90v_125c 
AOI22_X3M_A9TL              68    416.160 sc9_cln65lp_base_lvt_ss_typical_max_0p90v_125c 
AOI22_X4M_A9TL              36    298.080 sc9_cln65lp_base_lvt_ss_typical_max_0p90v_125c 
AOI22_X6M_A9TL              16    190.080 sc9_cln65lp_base_lvt_ss_typical_max_0p90v_125c 
AOI22_X6M_A9TR               2     23.760 sc9_cln65lp_base_rvt_ss_typical_max_0p90v_125c 
AOI2XB1_X0P7M_A9TL           1      2.880 sc9_cln65lp_base_lvt_ss_typical_max_0p90v_125c 
AOI2XB1_X1M_A9TL            24     69.120 sc9_cln65lp_base_lvt_ss_typical_max_0p90v_125c 
AOI2XB1_X1P4M_A9TL           2      8.640 sc9_cln65lp_base_lvt_ss_typical_max_0p90v_125c 
AOI2XB1_X2M_A9TL            81    349.920 sc9_cln65lp_base_lvt_ss_typical_max_0p90v_125c 
AOI2XB1_X3M_A9TL            78    449.280 sc9_cln65lp_base_lvt_ss_typical_max_0p90v_125c 
AOI2XB1_X4M_A9TL            77    582.120 sc9_cln65lp_base_lvt_ss_typical_max_0p90v_125c 
AOI2XB1_X6M_A9TL            46    480.240 sc9_cln65lp_base_lvt_ss_typical_max_0p90v_125c 
AOI2XB1_X6M_A9TR             2     20.880 sc9_cln65lp_base_rvt_ss_typical_max_0p90v_125c 
AOI2XB1_X8M_A9TL            15    205.200 sc9_cln65lp_base_lvt_ss_typical_max_0p90v_125c 
AOI31_X1M_A9TL              49    123.480 sc9_cln65lp_base_lvt_ss_typical_max_0p90v_125c 
AOI31_X1P4M_A9TL             1      4.320 sc9_cln65lp_base_lvt_ss_typical_max_0p90v_125c 
AOI31_X2M_A9TL              35    151.200 sc9_cln65lp_base_lvt_ss_typical_max_0p90v_125c 
AOI31_X3M_A9TL               1      6.120 sc9_cln65lp_base_lvt_ss_typical_max_0p90v_125c 
AOI32_X1M_A9TL              47    135.360 sc9_cln65lp_base_lvt_ss_typical_max_0p90v_125c 
AOI32_X2M_A9TL               1      5.400 sc9_cln65lp_base_lvt_ss_typical_max_0p90v_125c 
BUFH_X0P7M_A9TL             19     27.360 sc9_cln65lp_base_lvt_ss_typical_max_0p90v_125c 
BUFH_X0P7M_A9TR             14     20.160 sc9_cln65lp_base_rvt_ss_typical_max_0p90v_125c 
BUFH_X11M_A9TL               3     27.000 sc9_cln65lp_base_lvt_ss_typical_max_0p90v_125c 
BUFH_X16M_A9TL               4     51.840 sc9_cln65lp_base_lvt_ss_typical_max_0p90v_125c 
BUFH_X1M_A9TL                4      5.760 sc9_cln65lp_base_lvt_ss_typical_max_0p90v_125c 
BUFH_X1P4M_A9TL            227    490.320 sc9_cln65lp_base_lvt_ss_typical_max_0p90v_125c 
BUFH_X2P5M_A9TL              5     14.400 sc9_cln65lp_base_lvt_ss_typical_max_0p90v_125c 
BUFH_X3M_A9TL               41    118.080 sc9_cln65lp_base_lvt_ss_typical_max_0p90v_125c 
BUFH_X3M_A9TR                1      2.880 sc9_cln65lp_base_rvt_ss_typical_max_0p90v_125c 
BUFH_X3P5M_A9TL              3     11.880 sc9_cln65lp_base_lvt_ss_typical_max_0p90v_125c 
BUFH_X4M_A9TL               22     87.120 sc9_cln65lp_base_lvt_ss_typical_max_0p90v_125c 
BUFH_X5M_A9TL               12     56.160 sc9_cln65lp_base_lvt_ss_typical_max_0p90v_125c 
BUFH_X6M_A9TL                9     48.600 sc9_cln65lp_base_lvt_ss_typical_max_0p90v_125c 
BUF_X11B_A9TL                3     22.680 sc9_cln65lp_base_lvt_ss_typical_max_0p90v_125c 
BUF_X13M_A9TL                5     43.200 sc9_cln65lp_base_lvt_ss_typical_max_0p90v_125c 
BUF_X16B_A9TL                2     20.880 sc9_cln65lp_base_lvt_ss_typical_max_0p90v_125c 
BUF_X16M_A9TL                9     93.960 sc9_cln65lp_base_lvt_ss_typical_max_0p90v_125c 
BUF_X1P7M_A9TL             111    239.760 sc9_cln65lp_base_lvt_ss_typical_max_0p90v_125c 
BUF_X2M_A9TL                77    166.320 sc9_cln65lp_base_lvt_ss_typical_max_0p90v_125c 
BUF_X2P5M_A9TL              36     90.720 sc9_cln65lp_base_lvt_ss_typical_max_0p90v_125c 
BUF_X3M_A9TL               150    378.000 sc9_cln65lp_base_lvt_ss_typical_max_0p90v_125c 
BUF_X3P5M_A9TL               4     12.960 sc9_cln65lp_base_lvt_ss_typical_max_0p90v_125c 
BUF_X4B_A9TL                 2      7.200 sc9_cln65lp_base_lvt_ss_typical_max_0p90v_125c 
BUF_X4M_A9TL                 4     14.400 sc9_cln65lp_base_lvt_ss_typical_max_0p90v_125c 
BUF_X5M_A9TL                 3     11.880 sc9_cln65lp_base_lvt_ss_typical_max_0p90v_125c 
BUF_X6M_A9TL                48    207.360 sc9_cln65lp_base_lvt_ss_typical_max_0p90v_125c 
BUF_X9M_A9TL                 8     48.960 sc9_cln65lp_base_lvt_ss_typical_max_0p90v_125c 
CGENCIN_X1M_A9TL            50    360.000 sc9_cln65lp_base_lvt_ss_typical_max_0p90v_125c 
CGENCIN_X2M_A9TL             1     10.800 sc9_cln65lp_base_lvt_ss_typical_max_0p90v_125c 
CGENI_X1M_A9TL             207    596.160 sc9_cln65lp_base_lvt_ss_typical_max_0p90v_125c 
CGENI_X1P4M_A9TL             4     21.600 sc9_cln65lp_base_lvt_ss_typical_max_0p90v_125c 
CGENI_X2M_A9TL             385   2079.000 sc9_cln65lp_base_lvt_ss_typical_max_0p90v_125c 
CGENI_X2M_A9TR              13     70.200 sc9_cln65lp_base_rvt_ss_typical_max_0p90v_125c 
CGEN_X1M_A9TL              963   3466.800 sc9_cln65lp_base_lvt_ss_typical_max_0p90v_125c 
CGEN_X1M_A9TR              162    583.200 sc9_cln65lp_base_rvt_ss_typical_max_0p90v_125c 
CGEN_X1P4M_A9TL             28    110.880 sc9_cln65lp_base_lvt_ss_typical_max_0p90v_125c 
CGEN_X2M_A9TL              332   1314.720 sc9_cln65lp_base_lvt_ss_typical_max_0p90v_125c 
CGEN_X2M_A9TR                3     11.880 sc9_cln65lp_base_rvt_ss_typical_max_0p90v_125c 
DFFQ_X1M_A9TL             1164   8799.840 sc9_cln65lp_base_lvt_ss_typical_max_0p90v_125c 
DFFQ_X2M_A9TL              273   2260.440 sc9_cln65lp_base_lvt_ss_typical_max_0p90v_125c 
DFFQ_X4M_A9TR                1      9.360 sc9_cln65lp_base_rvt_ss_typical_max_0p90v_125c 
DFFRPQN_X1M_A9TL            10     82.800 sc9_cln65lp_base_lvt_ss_typical_max_0p90v_125c 
DFFRPQ_X1M_A9TL            112    967.680 sc9_cln65lp_base_lvt_ss_typical_max_0p90v_125c 
DFFRPQ_X2M_A9TL             21    189.000 sc9_cln65lp_base_lvt_ss_typical_max_0p90v_125c 
DFFRPQ_X3M_A9TL             38    355.680 sc9_cln65lp_base_lvt_ss_typical_max_0p90v_125c 
DFFRPQ_X4M_A9TL             66    665.280 sc9_cln65lp_base_lvt_ss_typical_max_0p90v_125c 
DLY2_X0P5M_A9TL              1      1.800 sc9_cln65lp_base_lvt_ss_typical_max_0p90v_125c 
INV_X0P5B_A9TH               1      1.080 sc9_cln65lp_base_hvt_ss_typical_max_0p90v_125c 
INV_X0P5B_A9TR               2      2.160 sc9_cln65lp_base_rvt_ss_typical_max_0p90v_125c 
INV_X0P6B_A9TH               1      1.080 sc9_cln65lp_base_hvt_ss_typical_max_0p90v_125c 
INV_X0P8B_A9TH               2      2.160 sc9_cln65lp_base_hvt_ss_typical_max_0p90v_125c 
INV_X0P8M_A9TH               1      1.080 sc9_cln65lp_base_hvt_ss_typical_max_0p90v_125c 
INV_X0P8M_A9TL              91     98.280 sc9_cln65lp_base_lvt_ss_typical_max_0p90v_125c 
INV_X11B_A9TL                1      5.760 sc9_cln65lp_base_lvt_ss_typical_max_0p90v_125c 
INV_X11B_A9TR                9     51.840 sc9_cln65lp_base_rvt_ss_typical_max_0p90v_125c 
INV_X11M_A9TH                1      5.760 sc9_cln65lp_base_hvt_ss_typical_max_0p90v_125c 
INV_X11M_A9TL               51    293.760 sc9_cln65lp_base_lvt_ss_typical_max_0p90v_125c 
INV_X11M_A9TR               10     57.600 sc9_cln65lp_base_rvt_ss_typical_max_0p90v_125c 
INV_X13B_A9TL                5     34.200 sc9_cln65lp_base_lvt_ss_typical_max_0p90v_125c 
INV_X13B_A9TR                4     27.360 sc9_cln65lp_base_rvt_ss_typical_max_0p90v_125c 
INV_X13M_A9TL               68    465.120 sc9_cln65lp_base_lvt_ss_typical_max_0p90v_125c 
INV_X13M_A9TR                2     13.680 sc9_cln65lp_base_rvt_ss_typical_max_0p90v_125c 
INV_X16B_A9TL                8     66.240 sc9_cln65lp_base_lvt_ss_typical_max_0p90v_125c 
INV_X16B_A9TR                3     24.840 sc9_cln65lp_base_rvt_ss_typical_max_0p90v_125c 
INV_X16M_A9TH                9     74.520 sc9_cln65lp_base_hvt_ss_typical_max_0p90v_125c 
INV_X16M_A9TL               39    322.920 sc9_cln65lp_base_lvt_ss_typical_max_0p90v_125c 
INV_X16M_A9TR                4     33.120 sc9_cln65lp_base_rvt_ss_typical_max_0p90v_125c 
INV_X1B_A9TL                38     41.040 sc9_cln65lp_base_lvt_ss_typical_max_0p90v_125c 
INV_X1M_A9TL              1831   1977.480 sc9_cln65lp_base_lvt_ss_typical_max_0p90v_125c 
INV_X1P4B_A9TL               1      1.440 sc9_cln65lp_base_lvt_ss_typical_max_0p90v_125c 
INV_X1P4M_A9TL             103    148.320 sc9_cln65lp_base_lvt_ss_typical_max_0p90v_125c 
INV_X1P7M_A9TL               1      1.440 sc9_cln65lp_base_lvt_ss_typical_max_0p90v_125c 
INV_X1P7M_A9TR              17     24.480 sc9_cln65lp_base_rvt_ss_typical_max_0p90v_125c 
INV_X2B_A9TL                72    103.680 sc9_cln65lp_base_lvt_ss_typical_max_0p90v_125c 
INV_X2B_A9TR                15     21.600 sc9_cln65lp_base_rvt_ss_typical_max_0p90v_125c 
INV_X2M_A9TL              1975   2844.000 sc9_cln65lp_base_lvt_ss_typical_max_0p90v_125c 
INV_X2M_A9TR                11     15.840 sc9_cln65lp_base_rvt_ss_typical_max_0p90v_125c 
INV_X2P5M_A9TL              30     64.800 sc9_cln65lp_base_lvt_ss_typical_max_0p90v_125c 
INV_X3B_A9TL                19     41.040 sc9_cln65lp_base_lvt_ss_typical_max_0p90v_125c 
INV_X3M_A9TL               988   2134.080 sc9_cln65lp_base_lvt_ss_typical_max_0p90v_125c 
INV_X3M_A9TR                 1      2.160 sc9_cln65lp_base_rvt_ss_typical_max_0p90v_125c 
INV_X3P5M_A9TH               3      7.560 sc9_cln65lp_base_hvt_ss_typical_max_0p90v_125c 
INV_X3P5M_A9TL              38     95.760 sc9_cln65lp_base_lvt_ss_typical_max_0p90v_125c 
INV_X3P5M_A9TR               5     12.600 sc9_cln65lp_base_rvt_ss_typical_max_0p90v_125c 
INV_X4B_A9TL                74    186.480 sc9_cln65lp_base_lvt_ss_typical_max_0p90v_125c 
INV_X4M_A9TL              1543   3888.360 sc9_cln65lp_base_lvt_ss_typical_max_0p90v_125c 
INV_X5B_A9TL                22     63.360 sc9_cln65lp_base_lvt_ss_typical_max_0p90v_125c 
INV_X5B_A9TR                 4     11.520 sc9_cln65lp_base_rvt_ss_typical_max_0p90v_125c 
INV_X5M_A9TL               535   1540.800 sc9_cln65lp_base_lvt_ss_typical_max_0p90v_125c 
INV_X6B_A9TL                20     72.000 sc9_cln65lp_base_lvt_ss_typical_max_0p90v_125c 
INV_X6M_A9TL               137    493.200 sc9_cln65lp_base_lvt_ss_typical_max_0p90v_125c 
INV_X6M_A9TR                 1      3.600 sc9_cln65lp_base_rvt_ss_typical_max_0p90v_125c 
INV_X7P5B_A9TL              28    120.960 sc9_cln65lp_base_lvt_ss_typical_max_0p90v_125c 
INV_X7P5M_A9TL             246   1062.720 sc9_cln65lp_base_lvt_ss_typical_max_0p90v_125c 
INV_X7P5M_A9TR               1      4.320 sc9_cln65lp_base_rvt_ss_typical_max_0p90v_125c 
INV_X9B_A9TL                14     65.520 sc9_cln65lp_base_lvt_ss_typical_max_0p90v_125c 
INV_X9M_A9TL               121    566.280 sc9_cln65lp_base_lvt_ss_typical_max_0p90v_125c 
MX2_X1B_A9TL                 4     17.280 sc9_cln65lp_base_lvt_ss_typical_max_0p90v_125c 
MX2_X1P4B_A9TL               4     20.160 sc9_cln65lp_base_lvt_ss_typical_max_0p90v_125c 
MX2_X2M_A9TL                 5     27.000 sc9_cln65lp_base_lvt_ss_typical_max_0p90v_125c 
MX2_X3M_A9TL                12     99.360 sc9_cln65lp_base_lvt_ss_typical_max_0p90v_125c 
MX2_X4B_A9TL                 8     74.880 sc9_cln65lp_base_lvt_ss_typical_max_0p90v_125c 
MX2_X6B_A9TL                 1     12.960 sc9_cln65lp_base_lvt_ss_typical_max_0p90v_125c 
MX2_X6M_A9TL                 3     38.880 sc9_cln65lp_base_lvt_ss_typical_max_0p90v_125c 
MXIT2_X0P5M_A9TL             7     22.680 sc9_cln65lp_base_lvt_ss_typical_max_0p90v_125c 
MXIT2_X0P7M_A9TL             4     14.400 sc9_cln65lp_base_lvt_ss_typical_max_0p90v_125c 
MXIT2_X1M_A9TL             418   1504.800 sc9_cln65lp_base_lvt_ss_typical_max_0p90v_125c 
MXIT2_X1M_A9TR               3     10.800 sc9_cln65lp_base_rvt_ss_typical_max_0p90v_125c 
MXIT2_X1P4M_A9TL           129    835.920 sc9_cln65lp_base_lvt_ss_typical_max_0p90v_125c 
MXIT2_X2M_A9TL             820   5313.600 sc9_cln65lp_base_lvt_ss_typical_max_0p90v_125c 
MXIT2_X2M_A9TR              36    233.280 sc9_cln65lp_base_rvt_ss_typical_max_0p90v_125c 
MXIT2_X3M_A9TL            1049   7930.440 sc9_cln65lp_base_lvt_ss_typical_max_0p90v_125c 
MXIT2_X3M_A9TR              27    204.120 sc9_cln65lp_base_rvt_ss_typical_max_0p90v_125c 
MXIT2_X4M_A9TL             133   1340.640 sc9_cln65lp_base_lvt_ss_typical_max_0p90v_125c 
MXT2_X0P5M_A9TL             32    115.200 sc9_cln65lp_base_lvt_ss_typical_max_0p90v_125c 
MXT2_X0P7M_A9TL             35    126.000 sc9_cln65lp_base_lvt_ss_typical_max_0p90v_125c 
MXT2_X1M_A9TR               28    120.960 sc9_cln65lp_base_rvt_ss_typical_max_0p90v_125c 
MXT2_X1P4M_A9TL             46    231.840 sc9_cln65lp_base_lvt_ss_typical_max_0p90v_125c 
MXT2_X2M_A9TL               16    109.440 sc9_cln65lp_base_lvt_ss_typical_max_0p90v_125c 
MXT2_X3M_A9TL               17    140.760 sc9_cln65lp_base_lvt_ss_typical_max_0p90v_125c 
MXT2_X4M_A9TL               14    136.080 sc9_cln65lp_base_lvt_ss_typical_max_0p90v_125c 
MXT2_X6M_A9TL               43    448.920 sc9_cln65lp_base_lvt_ss_typical_max_0p90v_125c 
MXT2_X6M_A9TR                1     10.440 sc9_cln65lp_base_rvt_ss_typical_max_0p90v_125c 
NAND2B_X1M_A9TL            653   1410.480 sc9_cln65lp_base_lvt_ss_typical_max_0p90v_125c 
NAND2B_X1M_A9TR              1      2.160 sc9_cln65lp_base_rvt_ss_typical_max_0p90v_125c 
NAND2B_X1P4M_A9TL           31     89.280 sc9_cln65lp_base_lvt_ss_typical_max_0p90v_125c 
NAND2B_X2M_A9TL            130    374.400 sc9_cln65lp_base_lvt_ss_typical_max_0p90v_125c 
NAND2B_X2M_A9TR              6     17.280 sc9_cln65lp_base_rvt_ss_typical_max_0p90v_125c 
NAND2B_X3M_A9TL             52    205.920 sc9_cln65lp_base_lvt_ss_typical_max_0p90v_125c 
NAND2B_X3M_A9TR              1      3.960 sc9_cln65lp_base_rvt_ss_typical_max_0p90v_125c 
NAND2B_X4M_A9TL             52    243.360 sc9_cln65lp_base_lvt_ss_typical_max_0p90v_125c 
NAND2B_X4M_A9TR              3     14.040 sc9_cln65lp_base_rvt_ss_typical_max_0p90v_125c 
NAND2B_X6M_A9TL             22    150.480 sc9_cln65lp_base_lvt_ss_typical_max_0p90v_125c 
NAND2B_X8M_A9TL              5     43.200 sc9_cln65lp_base_lvt_ss_typical_max_0p90v_125c 
NAND2XB_X1M_A9TL           388    838.080 sc9_cln65lp_base_lvt_ss_typical_max_0p90v_125c 
NAND2XB_X1P4M_A9TL          73    210.240 sc9_cln65lp_base_lvt_ss_typical_max_0p90v_125c 
NAND2XB_X2M_A9TL           366   1054.080 sc9_cln65lp_base_lvt_ss_typical_max_0p90v_125c 
NAND2XB_X2M_A9TR             8     23.040 sc9_cln65lp_base_rvt_ss_typical_max_0p90v_125c 
NAND2XB_X3M_A9TL           252    997.920 sc9_cln65lp_base_lvt_ss_typical_max_0p90v_125c 
NAND2XB_X4M_A9TL           111    519.480 sc9_cln65lp_base_lvt_ss_typical_max_0p90v_125c 
NAND2XB_X4M_A9TR             3     14.040 sc9_cln65lp_base_rvt_ss_typical_max_0p90v_125c 
NAND2XB_X6M_A9TL           124    848.160 sc9_cln65lp_base_lvt_ss_typical_max_0p90v_125c 
NAND2XB_X6M_A9TR             9     61.560 sc9_cln65lp_base_rvt_ss_typical_max_0p90v_125c 
NAND2XB_X8M_A9TL            30    259.200 sc9_cln65lp_base_lvt_ss_typical_max_0p90v_125c 
NAND2XB_X8M_A9TR             4     34.560 sc9_cln65lp_base_rvt_ss_typical_max_0p90v_125c 
NAND2_X1A_A9TL            2871   4134.240 sc9_cln65lp_base_lvt_ss_typical_max_0p90v_125c 
NAND2_X1B_A9TL             190    273.600 sc9_cln65lp_base_lvt_ss_typical_max_0p90v_125c 
NAND2_X1M_A9TH               2      2.880 sc9_cln65lp_base_hvt_ss_typical_max_0p90v_125c 
NAND2_X1M_A9TL            1327   1910.880 sc9_cln65lp_base_lvt_ss_typical_max_0p90v_125c 
NAND2_X1M_A9TR               5      7.200 sc9_cln65lp_base_rvt_ss_typical_max_0p90v_125c 
NAND2_X1P4A_A9TL            25     63.000 sc9_cln65lp_base_lvt_ss_typical_max_0p90v_125c 
NAND2_X1P4B_A9TL            69    173.880 sc9_cln65lp_base_lvt_ss_typical_max_0p90v_125c 
NAND2_X1P4M_A9TL           930   2008.800 sc9_cln65lp_base_lvt_ss_typical_max_0p90v_125c 
NAND2_X1P4M_A9TR             1      2.160 sc9_cln65lp_base_rvt_ss_typical_max_0p90v_125c 
NAND2_X2A_A9TL             828   2086.560 sc9_cln65lp_base_lvt_ss_typical_max_0p90v_125c 
NAND2_X2A_A9TR              18     45.360 sc9_cln65lp_base_rvt_ss_typical_max_0p90v_125c 
NAND2_X2B_A9TL              46    115.920 sc9_cln65lp_base_lvt_ss_typical_max_0p90v_125c 
NAND2_X2B_A9TR              20     50.400 sc9_cln65lp_base_rvt_ss_typical_max_0p90v_125c 
NAND2_X2M_A9TL             188    473.760 sc9_cln65lp_base_lvt_ss_typical_max_0p90v_125c 
NAND2_X2M_A9TR              56    141.120 sc9_cln65lp_base_rvt_ss_typical_max_0p90v_125c 
NAND2_X3A_A9TL             450   1620.000 sc9_cln65lp_base_lvt_ss_typical_max_0p90v_125c 
NAND2_X3B_A9TL              29    104.400 sc9_cln65lp_base_lvt_ss_typical_max_0p90v_125c 
NAND2_X3B_A9TR               4     14.400 sc9_cln65lp_base_rvt_ss_typical_max_0p90v_125c 
NAND2_X3M_A9TL             100    360.000 sc9_cln65lp_base_lvt_ss_typical_max_0p90v_125c 
NAND2_X3M_A9TR              35    126.000 sc9_cln65lp_base_rvt_ss_typical_max_0p90v_125c 
NAND2_X4A_A9TL              83    358.560 sc9_cln65lp_base_lvt_ss_typical_max_0p90v_125c 
NAND2_X4A_A9TR               1      4.320 sc9_cln65lp_base_rvt_ss_typical_max_0p90v_125c 
NAND2_X4B_A9TL              44    190.080 sc9_cln65lp_base_lvt_ss_typical_max_0p90v_125c 
NAND2_X4B_A9TR               1      4.320 sc9_cln65lp_base_rvt_ss_typical_max_0p90v_125c 
NAND2_X4M_A9TL             291   1152.360 sc9_cln65lp_base_lvt_ss_typical_max_0p90v_125c 
NAND2_X4M_A9TR              13     51.480 sc9_cln65lp_base_rvt_ss_typical_max_0p90v_125c 
NAND2_X6A_A9TL              20    122.400 sc9_cln65lp_base_lvt_ss_typical_max_0p90v_125c 
NAND2_X6B_A9TL               6     36.720 sc9_cln65lp_base_lvt_ss_typical_max_0p90v_125c 
NAND2_X6M_A9TL              76    465.120 sc9_cln65lp_base_lvt_ss_typical_max_0p90v_125c 
NAND2_X8A_A9TL              21    173.880 sc9_cln65lp_base_lvt_ss_typical_max_0p90v_125c 
NAND2_X8B_A9TL               6     49.680 sc9_cln65lp_base_lvt_ss_typical_max_0p90v_125c 
NAND2_X8B_A9TR               2     16.560 sc9_cln65lp_base_rvt_ss_typical_max_0p90v_125c 
NAND2_X8M_A9TL              58    438.480 sc9_cln65lp_base_lvt_ss_typical_max_0p90v_125c 
NAND3B_X1M_A9TL              9     22.680 sc9_cln65lp_base_lvt_ss_typical_max_0p90v_125c 
NAND3B_X3M_A9TL              1      5.040 sc9_cln65lp_base_lvt_ss_typical_max_0p90v_125c 
NAND3XXB_X1M_A9TL           26     65.520 sc9_cln65lp_base_lvt_ss_typical_max_0p90v_125c 
NAND3XXB_X1P4M_A9TL          9     32.400 sc9_cln65lp_base_lvt_ss_typical_max_0p90v_125c 
NAND3XXB_X2M_A9TL           31    122.760 sc9_cln65lp_base_lvt_ss_typical_max_0p90v_125c 
NAND3XXB_X3M_A9TL           39    196.560 sc9_cln65lp_base_lvt_ss_typical_max_0p90v_125c 
NAND3XXB_X3M_A9TR            1      5.040 sc9_cln65lp_base_rvt_ss_typical_max_0p90v_125c 
NAND3XXB_X4M_A9TL           55    336.600 sc9_cln65lp_base_lvt_ss_typical_max_0p90v_125c 
NAND3XXB_X6M_A9TL           25    225.000 sc9_cln65lp_base_lvt_ss_typical_max_0p90v_125c 
NAND3XXB_X6M_A9TR            3     27.000 sc9_cln65lp_base_rvt_ss_typical_max_0p90v_125c 
NAND3_X0P7M_A9TL             1      2.160 sc9_cln65lp_base_lvt_ss_typical_max_0p90v_125c 
NAND3_X1A_A9TL              10     21.600 sc9_cln65lp_base_lvt_ss_typical_max_0p90v_125c 
NAND3_X1M_A9TL              78    168.480 sc9_cln65lp_base_lvt_ss_typical_max_0p90v_125c 
NAND3_X1M_A9TR               2      4.320 sc9_cln65lp_base_rvt_ss_typical_max_0p90v_125c 
NAND3_X2A_A9TL               1      3.240 sc9_cln65lp_base_lvt_ss_typical_max_0p90v_125c 
NAND3_X2M_A9TL              13     42.120 sc9_cln65lp_base_lvt_ss_typical_max_0p90v_125c 
NAND3_X3A_A9TL               2      9.360 sc9_cln65lp_base_lvt_ss_typical_max_0p90v_125c 
NAND3_X3M_A9TL              13     60.840 sc9_cln65lp_base_lvt_ss_typical_max_0p90v_125c 
NAND3_X4A_A9TL               1      5.760 sc9_cln65lp_base_lvt_ss_typical_max_0p90v_125c 
NAND3_X4M_A9TL               6     34.560 sc9_cln65lp_base_lvt_ss_typical_max_0p90v_125c 
NAND3_X6A_A9TL               7     55.440 sc9_cln65lp_base_lvt_ss_typical_max_0p90v_125c 
NAND3_X6M_A9TL              10     86.400 sc9_cln65lp_base_lvt_ss_typical_max_0p90v_125c 
NAND3_X6M_A9TR               1      8.640 sc9_cln65lp_base_rvt_ss_typical_max_0p90v_125c 
NAND4B_X1M_A9TL             12     34.560 sc9_cln65lp_base_lvt_ss_typical_max_0p90v_125c 
NAND4XXXB_X1M_A9TL           2      5.760 sc9_cln65lp_base_lvt_ss_typical_max_0p90v_125c 
NAND4XXXB_X3M_A9TL           4     24.480 sc9_cln65lp_base_lvt_ss_typical_max_0p90v_125c 
NAND4XXXB_X4M_A9TL          13     98.280 sc9_cln65lp_base_lvt_ss_typical_max_0p90v_125c 
NAND4_X1A_A9TL               1      2.520 sc9_cln65lp_base_lvt_ss_typical_max_0p90v_125c 
NAND4_X1M_A9TL              37     93.240 sc9_cln65lp_base_lvt_ss_typical_max_0p90v_125c 
NAND4_X2A_A9TL               3     11.880 sc9_cln65lp_base_lvt_ss_typical_max_0p90v_125c 
NAND4_X3A_A9TL               2     11.520 sc9_cln65lp_base_lvt_ss_typical_max_0p90v_125c 
NAND4_X4A_A9TL               6     43.200 sc9_cln65lp_base_lvt_ss_typical_max_0p90v_125c 
NAND4_X4M_A9TL               1      7.200 sc9_cln65lp_base_lvt_ss_typical_max_0p90v_125c 
NOR2B_X1M_A9TL             469   1013.040 sc9_cln65lp_base_lvt_ss_typical_max_0p90v_125c 
NOR2B_X1M_A9TR               2      4.320 sc9_cln65lp_base_rvt_ss_typical_max_0p90v_125c 
NOR2B_X2M_A9TL              68    195.840 sc9_cln65lp_base_lvt_ss_typical_max_0p90v_125c 
NOR2B_X3M_A9TL              24     86.400 sc9_cln65lp_base_lvt_ss_typical_max_0p90v_125c 
NOR2B_X4M_A9TR               4     17.280 sc9_cln65lp_base_rvt_ss_typical_max_0p90v_125c 
NOR2B_X6M_A9TL               3     20.520 sc9_cln65lp_base_lvt_ss_typical_max_0p90v_125c 
NOR2B_X6M_A9TR               2     13.680 sc9_cln65lp_base_rvt_ss_typical_max_0p90v_125c 
NOR2B_X8M_A9TL               4     33.120 sc9_cln65lp_base_lvt_ss_typical_max_0p90v_125c 
NOR2XB_X0P5M_A9TL            3      6.480 sc9_cln65lp_base_lvt_ss_typical_max_0p90v_125c 
NOR2XB_X0P7M_A9TL            8     17.280 sc9_cln65lp_base_lvt_ss_typical_max_0p90v_125c 
NOR2XB_X1M_A9TL            115    248.400 sc9_cln65lp_base_lvt_ss_typical_max_0p90v_125c 
NOR2XB_X1P4M_A9TL            3      8.640 sc9_cln65lp_base_lvt_ss_typical_max_0p90v_125c 
NOR2XB_X2M_A9TL            222    639.360 sc9_cln65lp_base_lvt_ss_typical_max_0p90v_125c 
NOR2XB_X2M_A9TR              3      8.640 sc9_cln65lp_base_rvt_ss_typical_max_0p90v_125c 
NOR2XB_X3M_A9TL            234    842.400 sc9_cln65lp_base_lvt_ss_typical_max_0p90v_125c 
NOR2XB_X4M_A9TL            175    756.000 sc9_cln65lp_base_lvt_ss_typical_max_0p90v_125c 
NOR2XB_X4M_A9TR              2      8.640 sc9_cln65lp_base_rvt_ss_typical_max_0p90v_125c 
NOR2XB_X6M_A9TL            154    997.920 sc9_cln65lp_base_lvt_ss_typical_max_0p90v_125c 
NOR2XB_X6M_A9TR             11     71.280 sc9_cln65lp_base_rvt_ss_typical_max_0p90v_125c 
NOR2XB_X8M_A9TL             53    438.840 sc9_cln65lp_base_lvt_ss_typical_max_0p90v_125c 
NOR2XB_X8M_A9TR              3     24.840 sc9_cln65lp_base_rvt_ss_typical_max_0p90v_125c 
NOR2_X1A_A9TL              259    372.960 sc9_cln65lp_base_lvt_ss_typical_max_0p90v_125c 
NOR2_X1B_A9TL              457    658.080 sc9_cln65lp_base_lvt_ss_typical_max_0p90v_125c 
NOR2_X1M_A9TH                1      1.440 sc9_cln65lp_base_hvt_ss_typical_max_0p90v_125c 
NOR2_X1M_A9TL              347    499.680 sc9_cln65lp_base_lvt_ss_typical_max_0p90v_125c 
NOR2_X1P4A_A9TL            184    397.440 sc9_cln65lp_base_lvt_ss_typical_max_0p90v_125c 
NOR2_X1P4B_A9TL             49    105.840 sc9_cln65lp_base_lvt_ss_typical_max_0p90v_125c 
NOR2_X1P4M_A9TL             26     56.160 sc9_cln65lp_base_lvt_ss_typical_max_0p90v_125c 
NOR2_X1P4M_A9TR              6     12.960 sc9_cln65lp_base_rvt_ss_typical_max_0p90v_125c 
NOR2_X2A_A9TL              535   1348.200 sc9_cln65lp_base_lvt_ss_typical_max_0p90v_125c 
NOR2_X2A_A9TR                3      7.560 sc9_cln65lp_base_rvt_ss_typical_max_0p90v_125c 
NOR2_X2B_A9TL               17     42.840 sc9_cln65lp_base_lvt_ss_typical_max_0p90v_125c 
NOR2_X2B_A9TR               11     27.720 sc9_cln65lp_base_rvt_ss_typical_max_0p90v_125c 
NOR2_X2M_A9TL               28     70.560 sc9_cln65lp_base_lvt_ss_typical_max_0p90v_125c 
NOR2_X2M_A9TR                7     17.640 sc9_cln65lp_base_rvt_ss_typical_max_0p90v_125c 
NOR2_X3A_A9TL              329   1065.960 sc9_cln65lp_base_lvt_ss_typical_max_0p90v_125c 
NOR2_X3A_A9TR                4     12.960 sc9_cln65lp_base_rvt_ss_typical_max_0p90v_125c 
NOR2_X3B_A9TL               35    113.400 sc9_cln65lp_base_lvt_ss_typical_max_0p90v_125c 
NOR2_X3B_A9TR                7     22.680 sc9_cln65lp_base_rvt_ss_typical_max_0p90v_125c 
NOR2_X3M_A9TL               43    139.320 sc9_cln65lp_base_lvt_ss_typical_max_0p90v_125c 
NOR2_X3M_A9TR                3      9.720 sc9_cln65lp_base_rvt_ss_typical_max_0p90v_125c 
NOR2_X4A_A9TL               81    320.760 sc9_cln65lp_base_lvt_ss_typical_max_0p90v_125c 
NOR2_X4A_A9TR                2      7.920 sc9_cln65lp_base_rvt_ss_typical_max_0p90v_125c 
NOR2_X4B_A9TL               23     91.080 sc9_cln65lp_base_lvt_ss_typical_max_0p90v_125c 
NOR2_X4M_A9TL               95    376.200 sc9_cln65lp_base_lvt_ss_typical_max_0p90v_125c 
NOR2_X4M_A9TR                6     23.760 sc9_cln65lp_base_rvt_ss_typical_max_0p90v_125c 
NOR2_X6A_A9TL               57    348.840 sc9_cln65lp_base_lvt_ss_typical_max_0p90v_125c 
NOR2_X6B_A9TL                7     42.840 sc9_cln65lp_base_lvt_ss_typical_max_0p90v_125c 
NOR2_X6M_A9TL               13     79.560 sc9_cln65lp_base_lvt_ss_typical_max_0p90v_125c 
NOR2_X6M_A9TR                3     18.360 sc9_cln65lp_base_rvt_ss_typical_max_0p90v_125c 
NOR2_X8A_A9TL               11     83.160 sc9_cln65lp_base_lvt_ss_typical_max_0p90v_125c 
NOR2_X8B_A9TL               14    105.840 sc9_cln65lp_base_lvt_ss_typical_max_0p90v_125c 
NOR2_X8M_A9TL               23    173.880 sc9_cln65lp_base_lvt_ss_typical_max_0p90v_125c 
NOR2_X8M_A9TR                3     22.680 sc9_cln65lp_base_rvt_ss_typical_max_0p90v_125c 
NOR3_X1A_A9TL               12     25.920 sc9_cln65lp_base_lvt_ss_typical_max_0p90v_125c 
NOR3_X1M_A9TL               11     23.760 sc9_cln65lp_base_lvt_ss_typical_max_0p90v_125c 
NOR3_X2A_A9TL                1      3.240 sc9_cln65lp_base_lvt_ss_typical_max_0p90v_125c 
NOR3_X4M_A9TL                1      6.120 sc9_cln65lp_base_lvt_ss_typical_max_0p90v_125c 
OA211_X0P7M_A9TL            42    136.080 sc9_cln65lp_base_lvt_ss_typical_max_0p90v_125c 
OA211_X1M_A9TL              11     51.480 sc9_cln65lp_base_lvt_ss_typical_max_0p90v_125c 
OA211_X1P4M_A9TL             4     23.040 sc9_cln65lp_base_lvt_ss_typical_max_0p90v_125c 
OA211_X2M_A9TL               6     34.560 sc9_cln65lp_base_lvt_ss_typical_max_0p90v_125c 
OA211_X3M_A9TL               1      7.560 sc9_cln65lp_base_lvt_ss_typical_max_0p90v_125c 
OA211_X3M_A9TR               1      7.560 sc9_cln65lp_base_rvt_ss_typical_max_0p90v_125c 
OA211_X4M_A9TL               7     73.080 sc9_cln65lp_base_lvt_ss_typical_max_0p90v_125c 
OA211_X6M_A9TL               1     14.400 sc9_cln65lp_base_lvt_ss_typical_max_0p90v_125c 
OA21_X0P7M_A9TL              1      2.880 sc9_cln65lp_base_lvt_ss_typical_max_0p90v_125c 
OA21_X1M_A9TL               86    247.680 sc9_cln65lp_base_lvt_ss_typical_max_0p90v_125c 
OA21_X1P4M_A9TL             14     55.440 sc9_cln65lp_base_lvt_ss_typical_max_0p90v_125c 
OA21_X2M_A9TL               22    102.960 sc9_cln65lp_base_lvt_ss_typical_max_0p90v_125c 
OA21_X3M_A9TL               11     71.280 sc9_cln65lp_base_lvt_ss_typical_max_0p90v_125c 
OA21_X4M_A9TL               15    108.000 sc9_cln65lp_base_lvt_ss_typical_max_0p90v_125c 
OA21_X4M_A9TR                1      7.200 sc9_cln65lp_base_rvt_ss_typical_max_0p90v_125c 
OA21_X6M_A9TL                5     50.400 sc9_cln65lp_base_lvt_ss_typical_max_0p90v_125c 
OA21_X8M_A9TL                1     12.600 sc9_cln65lp_base_lvt_ss_typical_max_0p90v_125c 
OA22_X1M_A9TL               34    110.160 sc9_cln65lp_base_lvt_ss_typical_max_0p90v_125c 
OA22_X1P4M_A9TL              3     15.120 sc9_cln65lp_base_lvt_ss_typical_max_0p90v_125c 
OA22_X2M_A9TL               13     74.880 sc9_cln65lp_base_lvt_ss_typical_max_0p90v_125c 
OAI211_X1M_A9TL             68    171.360 sc9_cln65lp_base_lvt_ss_typical_max_0p90v_125c 
OAI211_X1M_A9TR              2      5.040 sc9_cln65lp_base_rvt_ss_typical_max_0p90v_125c 
OAI211_X1P4M_A9TL            8     31.680 sc9_cln65lp_base_lvt_ss_typical_max_0p90v_125c 
OAI211_X2M_A9TL             61    263.520 sc9_cln65lp_base_lvt_ss_typical_max_0p90v_125c 
OAI211_X3M_A9TL             22    134.640 sc9_cln65lp_base_lvt_ss_typical_max_0p90v_125c 
OAI211_X4M_A9TL              2     15.120 sc9_cln65lp_base_lvt_ss_typical_max_0p90v_125c 
OAI21B_X0P7M_A9TL           14     40.320 sc9_cln65lp_base_lvt_ss_typical_max_0p90v_125c 
OAI21B_X1P4M_A9TL            3     10.800 sc9_cln65lp_base_lvt_ss_typical_max_0p90v_125c 
OAI21B_X3M_A9TL              2     11.520 sc9_cln65lp_base_lvt_ss_typical_max_0p90v_125c 
OAI21B_X4M_A9TL              2     14.400 sc9_cln65lp_base_lvt_ss_typical_max_0p90v_125c 
OAI21B_X6M_A9TL              3     29.160 sc9_cln65lp_base_lvt_ss_typical_max_0p90v_125c 
OAI21B_X8M_A9TL              5     63.000 sc9_cln65lp_base_lvt_ss_typical_max_0p90v_125c 
OAI21_X0P7M_A9TR             1      2.160 sc9_cln65lp_base_rvt_ss_typical_max_0p90v_125c 
OAI21_X1M_A9TL             380    820.800 sc9_cln65lp_base_lvt_ss_typical_max_0p90v_125c 
OAI21_X1M_A9TR               2      4.320 sc9_cln65lp_base_rvt_ss_typical_max_0p90v_125c 
OAI21_X1P4M_A9TL            57    184.680 sc9_cln65lp_base_lvt_ss_typical_max_0p90v_125c 
OAI21_X1P4M_A9TR             1      3.240 sc9_cln65lp_base_rvt_ss_typical_max_0p90v_125c 
OAI21_X2M_A9TL              86    309.600 sc9_cln65lp_base_lvt_ss_typical_max_0p90v_125c 
OAI21_X2M_A9TR               7     25.200 sc9_cln65lp_base_rvt_ss_typical_max_0p90v_125c 
OAI21_X3M_A9TL              93    435.240 sc9_cln65lp_base_lvt_ss_typical_max_0p90v_125c 
OAI21_X3M_A9TR               5     23.400 sc9_cln65lp_base_rvt_ss_typical_max_0p90v_125c 
OAI21_X4M_A9TL              41    250.920 sc9_cln65lp_base_lvt_ss_typical_max_0p90v_125c 
OAI21_X6M_A9TL              70    579.600 sc9_cln65lp_base_lvt_ss_typical_max_0p90v_125c 
OAI21_X8M_A9TL              11    122.760 sc9_cln65lp_base_lvt_ss_typical_max_0p90v_125c 
OAI21_X8M_A9TR               1     11.160 sc9_cln65lp_base_rvt_ss_typical_max_0p90v_125c 
OAI221_X0P7M_A9TL            1      3.240 sc9_cln65lp_base_lvt_ss_typical_max_0p90v_125c 
OAI221_X1M_A9TL             38    123.120 sc9_cln65lp_base_lvt_ss_typical_max_0p90v_125c 
OAI221_X1M_A9TR              1      3.240 sc9_cln65lp_base_rvt_ss_typical_max_0p90v_125c 
OAI221_X1P4M_A9TL           10     50.400 sc9_cln65lp_base_lvt_ss_typical_max_0p90v_125c 
OAI221_X2M_A9TL             11     63.360 sc9_cln65lp_base_lvt_ss_typical_max_0p90v_125c 
OAI221_X2M_A9TR              2     11.520 sc9_cln65lp_base_rvt_ss_typical_max_0p90v_125c 
OAI222_X1M_A9TL              1      3.960 sc9_cln65lp_base_lvt_ss_typical_max_0p90v_125c 
OAI22_X1M_A9TL             356    897.120 sc9_cln65lp_base_lvt_ss_typical_max_0p90v_125c 
OAI22_X1P4M_A9TL            57    225.720 sc9_cln65lp_base_lvt_ss_typical_max_0p90v_125c 
OAI22_X2M_A9TL              45    194.400 sc9_cln65lp_base_lvt_ss_typical_max_0p90v_125c 
OAI22_X2M_A9TR               1      4.320 sc9_cln65lp_base_rvt_ss_typical_max_0p90v_125c 
OAI22_X3M_A9TL              11     67.320 sc9_cln65lp_base_lvt_ss_typical_max_0p90v_125c 
OAI22_X3M_A9TR               2     12.240 sc9_cln65lp_base_rvt_ss_typical_max_0p90v_125c 
OAI2XB1_X0P5M_A9TL         119    299.880 sc9_cln65lp_base_lvt_ss_typical_max_0p90v_125c 
OAI2XB1_X0P7M_A9TL           1      2.880 sc9_cln65lp_base_lvt_ss_typical_max_0p90v_125c 
OAI2XB1_X1M_A9TL            27     77.760 sc9_cln65lp_base_lvt_ss_typical_max_0p90v_125c 
OAI2XB1_X1P4M_A9TL          43    154.800 sc9_cln65lp_base_lvt_ss_typical_max_0p90v_125c 
OAI2XB1_X2M_A9TL            61    263.520 sc9_cln65lp_base_lvt_ss_typical_max_0p90v_125c 
OAI2XB1_X3M_A9TL            63    362.880 sc9_cln65lp_base_lvt_ss_typical_max_0p90v_125c 
OAI2XB1_X3M_A9TR             2     11.520 sc9_cln65lp_base_rvt_ss_typical_max_0p90v_125c 
OAI2XB1_X4M_A9TL            58    438.480 sc9_cln65lp_base_lvt_ss_typical_max_0p90v_125c 
OAI2XB1_X4M_A9TR             2     15.120 sc9_cln65lp_base_rvt_ss_typical_max_0p90v_125c 
OAI2XB1_X6M_A9TL            42    393.120 sc9_cln65lp_base_lvt_ss_typical_max_0p90v_125c 
OAI2XB1_X6M_A9TR             4     37.440 sc9_cln65lp_base_rvt_ss_typical_max_0p90v_125c 
OAI2XB1_X8M_A9TL            15    194.400 sc9_cln65lp_base_lvt_ss_typical_max_0p90v_125c 
OAI31_X1M_A9TL              24     60.480 sc9_cln65lp_base_lvt_ss_typical_max_0p90v_125c 
OR2_X0P5M_A9TL             296    532.800 sc9_cln65lp_base_lvt_ss_typical_max_0p90v_125c 
OR2_X0P7M_A9TL              17     36.720 sc9_cln65lp_base_lvt_ss_typical_max_0p90v_125c 
OR2_X11M_A9TL                6     75.600 sc9_cln65lp_base_lvt_ss_typical_max_0p90v_125c 
OR2_X1M_A9TL               139    300.240 sc9_cln65lp_base_lvt_ss_typical_max_0p90v_125c 
OR2_X1P4M_A9TL              74    186.480 sc9_cln65lp_base_lvt_ss_typical_max_0p90v_125c 
OR2_X2M_A9TL                59    191.160 sc9_cln65lp_base_lvt_ss_typical_max_0p90v_125c 
OR2_X2M_A9TR                 7     22.680 sc9_cln65lp_base_rvt_ss_typical_max_0p90v_125c 
OR2_X3M_A9TL                25     90.000 sc9_cln65lp_base_lvt_ss_typical_max_0p90v_125c 
OR2_X3M_A9TR                 5     18.000 sc9_cln65lp_base_rvt_ss_typical_max_0p90v_125c 
OR2_X4M_A9TL                20    100.800 sc9_cln65lp_base_lvt_ss_typical_max_0p90v_125c 
OR2_X4M_A9TR                 2     10.080 sc9_cln65lp_base_rvt_ss_typical_max_0p90v_125c 
OR2_X6M_A9TL                 2     13.680 sc9_cln65lp_base_lvt_ss_typical_max_0p90v_125c 
OR2_X8M_A9TL                 3     28.080 sc9_cln65lp_base_lvt_ss_typical_max_0p90v_125c 
OR3_X0P5M_A9TL              10     25.200 sc9_cln65lp_base_lvt_ss_typical_max_0p90v_125c 
OR4_X1M_A9TL                20     72.000 sc9_cln65lp_base_lvt_ss_typical_max_0p90v_125c 
OR4_X8M_A9TL                 1     16.920 sc9_cln65lp_base_lvt_ss_typical_max_0p90v_125c 
OR6_X0P7M_A9TL              32    149.760 sc9_cln65lp_base_lvt_ss_typical_max_0p90v_125c 
PREICG_X0P5B_A9TR           14     90.720 sc9_cln65lp_base_rvt_ss_typical_max_0p90v_125c 
SDFFQ_X1M_A9TL               7     68.040 sc9_cln65lp_base_lvt_ss_typical_max_0p90v_125c 
SDFFRPQ_X1M_A9TL            27    281.880 sc9_cln65lp_base_lvt_ss_typical_max_0p90v_125c 
SDFFRPQ_X4M_A9TL             1     12.960 sc9_cln65lp_base_lvt_ss_typical_max_0p90v_125c 
XNOR2_X0P5M_A9TL            10     32.400 sc9_cln65lp_base_lvt_ss_typical_max_0p90v_125c 
XNOR2_X0P7M_A9TL           267    865.080 sc9_cln65lp_base_lvt_ss_typical_max_0p90v_125c 
XNOR2_X1M_A9TL             114    410.400 sc9_cln65lp_base_lvt_ss_typical_max_0p90v_125c 
XNOR2_X1P4M_A9TL             3     18.360 sc9_cln65lp_base_lvt_ss_typical_max_0p90v_125c 
XNOR2_X2M_A9TL             217   1328.040 sc9_cln65lp_base_lvt_ss_typical_max_0p90v_125c 
XNOR2_X3M_A9TL              86    681.120 sc9_cln65lp_base_lvt_ss_typical_max_0p90v_125c 
XNOR2_X4M_A9TL             100   1008.000 sc9_cln65lp_base_lvt_ss_typical_max_0p90v_125c 
XNOR3_X0P5M_A9TL           304   1860.480 sc9_cln65lp_base_lvt_ss_typical_max_0p90v_125c 
XNOR3_X0P7M_A9TL             2     12.960 sc9_cln65lp_base_lvt_ss_typical_max_0p90v_125c 
XNOR3_X1M_A9TL             227   1470.960 sc9_cln65lp_base_lvt_ss_typical_max_0p90v_125c 
XNOR3_X1P4M_A9TL           175   1764.000 sc9_cln65lp_base_lvt_ss_typical_max_0p90v_125c 
XNOR3_X2M_A9TL              54    660.960 sc9_cln65lp_base_lvt_ss_typical_max_0p90v_125c 
XNOR3_X3M_A9TL             338   4745.520 sc9_cln65lp_base_lvt_ss_typical_max_0p90v_125c 
XNOR3_X4M_A9TL             159   2919.240 sc9_cln65lp_base_lvt_ss_typical_max_0p90v_125c 
XOR2_X0P7M_A9TL            983   3184.920 sc9_cln65lp_base_lvt_ss_typical_max_0p90v_125c 
XOR2_X1M_A9TL              235    846.000 sc9_cln65lp_base_lvt_ss_typical_max_0p90v_125c 
XOR2_X1P4M_A9TL              9     55.080 sc9_cln65lp_base_lvt_ss_typical_max_0p90v_125c 
XOR2_X2M_A9TL              204   1248.480 sc9_cln65lp_base_lvt_ss_typical_max_0p90v_125c 
XOR2_X3M_A9TL              208   1647.360 sc9_cln65lp_base_lvt_ss_typical_max_0p90v_125c 
XOR2_X4M_A9TL              145   1461.600 sc9_cln65lp_base_lvt_ss_typical_max_0p90v_125c 
XOR3_X0P5M_A9TL            101    618.120 sc9_cln65lp_base_lvt_ss_typical_max_0p90v_125c 
XOR3_X1M_A9TL              248   1607.040 sc9_cln65lp_base_lvt_ss_typical_max_0p90v_125c 
XOR3_X1P4M_A9TL            134   1350.720 sc9_cln65lp_base_lvt_ss_typical_max_0p90v_125c 
XOR3_X2M_A9TL               20    244.800 sc9_cln65lp_base_lvt_ss_typical_max_0p90v_125c 
XOR3_X3M_A9TL              230   3229.200 sc9_cln65lp_base_lvt_ss_typical_max_0p90v_125c 
XOR3_X4M_A9TL              134   2460.240 sc9_cln65lp_base_lvt_ss_typical_max_0p90v_125c 
XOR3_X4M_A9TR                2     36.720 sc9_cln65lp_base_rvt_ss_typical_max_0p90v_125c 
-----------------------------------------------------------------------------------------
total                    48254 196545.240                                                
                                                                                
                    Library                    Instances    Area    Instances % 
--------------------------------------------------------------------------------
sc9_cln65lp_base_hvt_ss_typical_max_0p90v_125c        29    113.400         0.1 
sc9_cln65lp_base_lvt_ss_typical_max_0p90v_125c     47346 192534.840        98.1 
sc9_cln65lp_base_rvt_ss_typical_max_0p90v_125c       879   3897.000         1.8 
                                                         
            Type             Instances    Area    Area % 
---------------------------------------------------------
sequential                        3215  24777.720   12.6 
inverter                          8206  17199.000    8.8 
buffer                             827   2321.640    1.2 
clock_gating_integrated_cell        14     90.720    0.0 
logic                            35992 152156.160   77.4 
physical_cells                       0      0.000    0.0 
---------------------------------------------------------
total                            48254 196545.240  100.0 
