============================================================
  Generated by:           Genus(TM) Synthesis Solution 25.12-s067_1
  Generated on:           May 10 2026  03:02:22 pm
  Module:                 tr_soc_top
  Operating conditions:   ss_typical_max_0p90v_125c (balanced_tree)
  Wireload mode:          top
  Area mode:              timing library
============================================================

Timing
--------

Clock Period 
-------------
clk   3300.0 


        Cost          Critical              Violating 
       Group         Path Slack     TNS       Paths   
------------------------------------------------------
cg_enable_group_clk       779.6        0.0          0 
clk                    No paths        0.0            
default                No paths        0.0            
in2out                     15.4        0.0          0 
in2reg                    288.4        0.0          0 
reg2out                   528.9        0.0          0 
reg2reg                  -120.8   -15233.8        187 
------------------------------------------------------
Total                             -15233.8        187 

Instance Count
--------------
Leaf Instance Count             48254 
Physical Instance count             0 
Sequential Instance Count        3229 
Combinational Instance Count    45025 
Hierarchical Instance Count        52 

Area
----
Cell Area                          196545.240
Physical Cell Area                 0.000
Total Cell Area (Cell+Physical)    196545.240
Net Area                           0.000
Total Area (Cell+Physical+Net)     196545.240

Max Fanout                         1325 (rst_n)
Min Fanout                         0 (ctrl_scratch_a[4][0])
Average Fanout                     2.1
Terms to net ratio                 3.1269
Terms to instance ratio            3.2782
Runtime                            850.6349350000011 seconds
Elapsed Runtime                    987 seconds
Genus peak memory usage            3510.91 
Innovus peak memory usage          no_value 
Hostname                           enicsw11.local
