============================================================
  Generated by:           Genus(TM) Synthesis Solution 25.12-s067_1
  Generated on:           May 10 2026  03:02:13 pm
  Module:                 tr_soc_top
  Operating conditions:   ss_typical_max_0p90v_125c (balanced_tree)
  Wireload mode:          top
  Area mode:              timing library
============================================================


Summary
-------
--------------------------------------------------------------------------
            Category            Number     %    Average Toggle Saving %   
--------------------------------------------------------------------------
 Total Clock Gating Instances       14  100.00                         -  
--------------------------------------------------------------------------
 RC Clock Gating Instances          14  100.00                     59.34  
 Non-RC Clock Gating Instances       0    0.00                      0.00  
--------------------------------------------------------------------------
 RC Gated Flip-flops              1934   60.16                     17.72  
 Non-RC Gated Flip-flops             0    0.00                      0.00  
--------------------------------------------------------------------------
 Total Gated Flip-flops           1934   60.16                         -  
 Total Ungated Flip-flops         1281   39.84                         -  
 Enable not found                    7    0.55                         -  
 Enable signal is constant        1262   98.52                         -  
 Register bank width too small      12    0.94                         -  
--------------------------------------------------------------------------
 Total Flip-flops                 3215  100.00                         -  
--------------------------------------------------------------------------
Multibit Flip-flop Summary
--------------------------
-------------------------------------------------------
Width     Number     Bits     RC Gated     Ungated     
-------------------------------------------------------
1-bit     3215       3215     1934 (60.16%) 1281 (39.84%) 
----------------------------------------------------------


