============================================================
  Generated by:           Genus(TM) Synthesis Solution 25.12-s067_1
  Generated on:           Sep 27 2026  11:59:48 pm
  Module:                 ibert_rmsnorm
  Operating conditions:   ss_typical_max_0p90v_125c (balanced_tree)
  Wireload mode:          top
  Area mode:              timing library
============================================================


Path 1: MET (1330 ps) Setup Check with Pin state_reg[3]/CK->D
          Group: in2reg
     Startpoint: (R) valid_in
          Clock: (R) clk
       Endpoint: (F) state_reg[3]/D
          Clock: (R) clk

                     Capture       Launch     
        Clock Edge:+    3300            0     
        Drv Adjust:+       0           13     
       Src Latency:+       0            0     
       Net Latency:+       0 (I)        0 (I) 
           Arrival:=    3300           13     
                                              
             Setup:-      97                  
       Uncertainty:-     125                  
     Required Time:=    3078                  
      Launch Clock:-      13                  
       Input Delay:-     990                  
         Data Path:-     745                  
             Slack:=    1330                  

Exceptions/Constraints:
  input_delay             990             dut.sdc_line_15_1_1   

#-------------------------------------------------------------------------------
# Timing Point   Flags   Arc   Edge      Cell        Fanout Trans Delay Arrival 
#                                                            (ps)  (ps)   (ps)  
#-------------------------------------------------------------------------------
  valid_in       -       -     R     (arrival)            2    50     0    1003 
  g8132__2398/Y  -       A->Y  F     NOR2_X1M_A9TL        1   104    67    1070 
  g8101__5107/Y  -       A0->Y R     OAI21_X1M_A9TL       1   170   144    1214 
  g8083__7482/Y  -       A0->Y R     OA21_X1M_A9TL        5   241   251    1465 
  g8080/Y        -       A->Y  F     INV_X1M_A9TL         1    93   102    1567 
  g8067__8428/Y  -       A0->Y F     AO22_X1M_A9TL        1    66   181    1748 
  state_reg[3]/D -       -     F     DFFRPQ_X2M_A9TL      1     -     0    1749 
#-------------------------------------------------------------------------------

