============================================================
  Generated by:           Genus(TM) Synthesis Solution 25.12-s067_1
  Generated on:           Sep 27 2026  11:59:48 pm
  Module:                 ibert_rmsnorm
  Operating conditions:   ss_typical_max_0p90v_125c (balanced_tree)
  Wireload mode:          top
  Area mode:              timing library
============================================================


Path 1: VIOLATED (-281 ps) Setup Check with Pin mean_sq_reg[14]/CK->D
          Group: reg2reg
     Startpoint: (R) x_reg_reg[0][7]/CK
          Clock: (R) clk
       Endpoint: (F) mean_sq_reg[14]/D
          Clock: (R) clk

                     Capture       Launch     
        Clock Edge:+    3300            0     
       Src Latency:+       0            0     
       Net Latency:+       0 (I)        0 (I) 
           Arrival:=    3300            0     
                                              
             Setup:-      92                  
       Uncertainty:-     125                  
     Required Time:=    3083                  
      Launch Clock:-       0                  
         Data Path:-    3364                  
             Slack:=    -281                  

#--------------------------------------------------------------------------------------------------------------
#                Timing Point                 Flags    Arc    Edge      Cell        Fanout Trans Delay Arrival 
#                                                                                           (ps)  (ps)   (ps)  
#--------------------------------------------------------------------------------------------------------------
  x_reg_reg[0][7]/CK                          -       -       R     (arrival)           64     0     0       0 
  x_reg_reg[0][7]/Q                           -       CK->Q   R     DFFRPQ_X4M_A9TL      1    66   287     287 
  g10737/Y                                    -       A->Y    F     INV_X7P5M_A9TL       3    39    45     333 
  g10729/Y                                    -       A->Y    R     INV_X9M_A9TL         3    62    54     386 
  g10726/Y                                    -       A->Y    F     INV_X11M_A9TL        4    36    42     428 
  g10715__2398/Y                              -       A->Y    R     NOR2XB_X6M_A9TL      2    74    60     488 
  g10692__1617/Y                              -       B->Y    F     NAND2_X2A_A9TL       1    86    72     560 
  g10684__6260/Y                              -       B0N->Y  F     AOI21B_X8M_A9TL      6   105   151     711 
  square_mul_136_38_I1_g1739/Y                -       A->Y    R     NAND2_X4M_A9TL       1    62    69     780 
  square_mul_136_38_I1_g1670/CO               -       B->CO   R     ADDFH_X2M_A9TL       2   115   278    1058 
  square_mul_136_38_I1_g1648/Y                -       S0->Y   R     MXIT2_X4M_A9TL       2   166   118    1176 
  square_mul_136_38_I1_g1634/Y                -       B->Y    R     XOR2_X4M_A9TL        2   183   147    1323 
  square_mul_136_38_I1_g1604/Y                -       A->Y    F     NAND2_X4M_A9TL       2   101    96    1419 
  square_mul_136_38_I1_g1596/Y                -       A0->Y   R     AOI21_X6M_A9TL       1    90    99    1518 
  square_mul_136_38_I1_g1586/Y                -       B->Y    F     NAND2_X6M_A9TL       3    78    77    1595 
  square_mul_136_38_I1_g1583/Y                -       S0->Y   F     MXIT2_X2M_A9TL       1    99   101    1696 
  WALLACE_CSA_DUMMY_OP_groupi_g2779__4733/S   -       A->S    R     ADDF_X2M_A9TL        1    88   361    2057 
  WALLACE_CSA_DUMMY_OP_groupi_g2728__2802/S   -       CI->S   F     ADDF_X1P4M_A9TL      1    95   291    2348 
  WALLACE_CSA_DUMMY_OP_groupi_g2611__6161/SUM -       B->SUM  F     ADDFH_X2M_A9TL       2   119   327    2675 
  WALLACE_CSA_DUMMY_OP_groupi_g2845/Y         -       A->Y    F     AND2_X8M_A9TL        2    36   117    2792 
  WALLACE_CSA_DUMMY_OP_groupi_g2594__1617/CON -       CI->CON R     CGENI_X2M_A9TL       1   185   121    2912 
  WALLACE_CSA_DUMMY_OP_groupi_g2583__6417/Y   -       C->Y    F     NAND3_X6A_A9TL       3    89   108    3020 
  WALLACE_CSA_DUMMY_OP_groupi_g2579__2883/Y   -       A->Y    R     NAND4_X4A_A9TL       1   106    82    3102 
  WALLACE_CSA_DUMMY_OP_groupi_g2575__4733/Y   -       A->Y    R     AND2_X4M_A9TL        1    55   113    3215 
  WALLACE_CSA_DUMMY_OP_groupi_g2573__5115/Y   -       A->Y    F     NAND2_X6M_A9TL       2    48    48    3263 
  WALLACE_CSA_DUMMY_OP_groupi_g2/Y            -       A0->Y   F     AO21B_X4M_A9TL       1    53   101    3364 
  mean_sq_reg[14]/D                           -       -       F     DFFRPQ_X4M_A9TL      1     -     0    3364 
#--------------------------------------------------------------------------------------------------------------

