============================================================
  Generated by:           Genus(TM) Synthesis Solution 25.12-s067_1
  Generated on:           May 03 2026  01:05:22 pm
  Module:                 tr_nonlinear_vpu
  Operating conditions:   ss_typical_max_0p90v_125c (balanced_tree)
  Wireload mode:          top
  Area mode:              timing library
============================================================

 
  Hierarchy Report Format : 
 
    level instance ( module ) <status>
 
    status :    preserve_<value> -- indicating preserve hierachy or inherited_preserve value
           :    blackbox --  indicating  unresolved instance
 
==================================================================

 0 tr_nonlinear_vpu
  1 u_alpha ( alpha_stabilizer_N8_W8 ) 
  1 u_backbone ( tr_backbone_wrapper_N8_WIDTH_IN16_WIDTH_OUT8_FRAC_W4_LUT_IDX_W3 ) 
     2 gen_tr_exp_lanes[0].u_tr_exp ( tr_exp_alu_WIDTH8_FRAC_W4_LUT_IDX_W3_ITER2 ) 
        3 u_quad ( quadratic_divider_WIDTH8_FRAC_W4 ) 
        3 u_round ( round_WIDTH8_FRAC_W4_LUT_IDX_W3 ) 
     2 gen_tr_exp_lanes[1].u_tr_exp ( tr_exp_alu_WIDTH8_FRAC_W4_LUT_IDX_W3_ITER2_360 ) 
        3 u_quad ( quadratic_divider_WIDTH8_FRAC_W4_3842 ) 
        3 u_round ( round_WIDTH8_FRAC_W4_LUT_IDX_W3_353 ) 
     2 gen_tr_exp_lanes[2].u_tr_exp ( tr_exp_alu_WIDTH8_FRAC_W4_LUT_IDX_W3_ITER2_359 ) 
        3 u_quad ( quadratic_divider_WIDTH8_FRAC_W4_3841 ) 
        3 u_round ( round_WIDTH8_FRAC_W4_LUT_IDX_W3_352 ) 
     2 gen_tr_exp_lanes[3].u_tr_exp ( tr_exp_alu_WIDTH8_FRAC_W4_LUT_IDX_W3_ITER2_358 ) 
        3 u_quad ( quadratic_divider_WIDTH8_FRAC_W4_3840 ) 
        3 u_round ( round_WIDTH8_FRAC_W4_LUT_IDX_W3_351 ) 
     2 gen_tr_exp_lanes[4].u_tr_exp ( tr_exp_alu_WIDTH8_FRAC_W4_LUT_IDX_W3_ITER2_357 ) 
        3 u_quad ( quadratic_divider_WIDTH8_FRAC_W4_3839 ) 
        3 u_round ( round_WIDTH8_FRAC_W4_LUT_IDX_W3_350 ) 
     2 gen_tr_exp_lanes[5].u_tr_exp ( tr_exp_alu_WIDTH8_FRAC_W4_LUT_IDX_W3_ITER2_356 ) 
        3 u_quad ( quadratic_divider_WIDTH8_FRAC_W4_3838 ) 
        3 u_round ( round_WIDTH8_FRAC_W4_LUT_IDX_W3_349 ) 
     2 gen_tr_exp_lanes[6].u_tr_exp ( tr_exp_alu_WIDTH8_FRAC_W4_LUT_IDX_W3_ITER2_355 ) 
        3 u_quad ( quadratic_divider_WIDTH8_FRAC_W4_3837 ) 
        3 u_round ( round_WIDTH8_FRAC_W4_LUT_IDX_W3_348 ) 
     2 gen_tr_exp_lanes[7].u_tr_exp ( tr_exp_alu_WIDTH8_FRAC_W4_LUT_IDX_W3_ITER2_354 ) 
        3 u_quad ( quadratic_divider_WIDTH8_FRAC_W4_3836 ) 
        3 u_round ( round_WIDTH8_FRAC_W4_LUT_IDX_W3_347 ) 
     2 gen_tr_lanes[0].u_tr_ln ( tr_ln_alu_WIDTH16_BITS4_OUT_WIDTH8 ) 
     2 gen_tr_lanes[1].u_tr_ln ( tr_ln_alu_WIDTH16_BITS4_OUT_WIDTH8_367 ) 
     2 gen_tr_lanes[2].u_tr_ln ( tr_ln_alu_WIDTH16_BITS4_OUT_WIDTH8_366 ) 
     2 gen_tr_lanes[3].u_tr_ln ( tr_ln_alu_WIDTH16_BITS4_OUT_WIDTH8_365 ) 
     2 gen_tr_lanes[4].u_tr_ln ( tr_ln_alu_WIDTH16_BITS4_OUT_WIDTH8_364 ) 
     2 gen_tr_lanes[5].u_tr_ln ( tr_ln_alu_WIDTH16_BITS4_OUT_WIDTH8_363 ) 
     2 gen_tr_lanes[6].u_tr_ln ( tr_ln_alu_WIDTH16_BITS4_OUT_WIDTH8_362 ) 
     2 gen_tr_lanes[7].u_tr_ln ( tr_ln_alu_WIDTH16_BITS4_OUT_WIDTH8_361 ) 
     2 u_post_ln ( post_ln_modifier_N8_W8 ) 
     2 u_pre_ln ( pre_ln_modifier_N8_WIDTH_IN16_FRAC_W4 ) 
  1 u_mac ( mac_array_engine_N8_W8_ACC_W32 ) 
     2 RC_CG_HIER_INST1 ( RC_CG_MOD_1 ) 
  1 u_max ( piped_max_NUM_INPUTS8_DATA_WIDTH8 ) 
  1 u_rom ( shared_lut_rom_N8 ) 
  1 u_sub ( scalar_sub_NUM_INPUTS8_DATA_WIDTH8 ) 
  1 u_sym ( symmetry_modifier_N8_WIDTH_X8_WIDTH_Y8_FRAC_W4 ) 
  1 u_vecmul ( vec_mul_array_engine_N8_W8_ACC_W32 ) 
     2 RC_CG_HIER_INST3 ( RC_CG_MOD_3 ) 
  1 RC_CG_DECLONE_HIER_INST ( RC_CG_MOD ) 
