============================================================
  Generated by:           Genus(TM) Synthesis Solution 25.12-s067_1
  Generated on:           May 03 2026  01:05:26 pm
  Module:                 tr_nonlinear_vpu
  Operating conditions:   ss_typical_max_0p90v_125c (balanced_tree)
  Wireload mode:          top
  Area mode:              timing library
============================================================

Max_transition design rule (violation total = 1693)
Pin                        Slew           Max     Violation
-------------------------------------------------------------
g3516/B0                    902           350           552
  --> Other violations on net       552
g3686/Y                     902           350           552
  --> Other violations on net       552
g3639/B0                    477           350           127
  --> Other violations on net       127
g3732/Y                     477           350           127
  --> Other violations on net       127
g3845/B                     371           350            21
  --> Other violations on net       214
g3699/A1                    371           350            21
  --> Other violations on net       214
g3715/A1                    371           350            21
  --> Other violations on net       214
g3697/A1                    371           350            21
  --> Other violations on net       214
g3711/A1                    371           350            21
  --> Other violations on net       214
g3672/A1                    371           350            21
  --> Other violations on net       214
g3700/A1                    371           350            21
  --> Other violations on net       214
g3909/B                     371           350            21
  --> Other violations on net       214
g3827/A1                    371           350            21
  --> Other violations on net       214
g3905/B                     371           350            21
  --> Other violations on net       214
drc_bufs4141/Y              371           350            21
  --> Other violations on net       214
g3566/B0                    373           350            23
  --> Other violations on net       23
g3794/Y                     373           350            23
  --> Other violations on net       23
g3859/B                     353           350             3
  --> Other violations on net       26
g3830/A1                    353           350             3
  --> Other violations on net       26
g3840/B                     353           350             3
  --> Other violations on net       26
g3691/A1                    353           350             3
  --> Other violations on net       26
g3680/A1                    353           350             3
  --> Other violations on net       26
g3722/A1                    353           350             3
  --> Other violations on net       26
g3837/A1                    353           350             3
  --> Other violations on net       26
g3852/B                     353           350             3
  --> Other violations on net       26
g3702/A1                    353           350             3
  --> Other violations on net       26
g3862/B                     353           350             3
  --> Other violations on net       26
drc_bufs4145/Y              353           350             3
  --> Other violations on net       26
g3261/B                     362           350            12
  --> Other violations on net       12
g3310/Y                     362           350            12
  --> Other violations on net       12


Max_capacitance design rule: no violations.


Max_fanout design rule (violation total = 10.000)
Pin                Fanout           Max     Violation
-------------------------------------------------------
g3992/Y            25.000        16.000         9.000
g3992/Y            25.000        16.000         9.000
g3992/Y            25.000        16.000         9.000
g3992/Y            25.000        16.000         9.000
g3992/Y            25.000        16.000         9.000
g3992/Y            25.000        16.000         9.000
g3992/Y            25.000        16.000         9.000
g3992/Y            25.000        16.000         9.000
g3992/Y            25.000        16.000         9.000
g3992/Y            25.000        16.000         9.000
g3992/Y            25.000        16.000         9.000
g3992/Y            25.000        16.000         9.000
g3992/Y            25.000        16.000         9.000
g3992/Y            25.000        16.000         9.000
g3992/Y            25.000        16.000         9.000
g3992/Y            25.000        16.000         9.000
g3992/Y            25.000        16.000         9.000
g3992/Y            25.000        16.000         9.000
g3992/Y            25.000        16.000         9.000
g3992/Y            25.000        16.000         9.000
g3992/Y            25.000        16.000         9.000
g3992/Y            25.000        16.000         9.000
g3992/Y            25.000        16.000         9.000
g3992/Y            25.000        16.000         9.000
g3992/Y            25.000        16.000         9.000
g3992/Y            25.000        16.000         9.000
g3009/Y            17.000        16.000         1.000
g3009/Y            17.000        16.000         1.000
g3009/Y            17.000        16.000         1.000
g3009/Y            17.000        16.000         1.000
g3009/Y            17.000        16.000         1.000
g3009/Y            17.000        16.000         1.000
g3009/Y            17.000        16.000         1.000
g3009/Y            17.000        16.000         1.000
g3009/Y            17.000        16.000         1.000
g3009/Y            17.000        16.000         1.000
g3009/Y            17.000        16.000         1.000
g3009/Y            17.000        16.000         1.000
g3009/Y            17.000        16.000         1.000
g3009/Y            17.000        16.000         1.000
g3009/Y            17.000        16.000         1.000
g3009/Y            17.000        16.000         1.000
g3009/Y            17.000        16.000         1.000
g3009/Y            17.000        16.000         1.000



