============================================================
  Generated by:           Genus(TM) Synthesis Solution 25.12-s067_1
  Generated on:           Apr 11 2026  02:46:24 pm
  Module:                 transformer_core_top
  Operating conditions:   ss_typical_max_0p90v_125c (balanced_tree)
  Wireload mode:          top
  Area mode:              timing library
============================================================


Path 1: VIOLATED (-4064 ps) Setup Check with Pin u_datapath/u_tr_array/GEN_LANES[7].exp_in_i_pipe_reg[7]/clk->d
          Group: reg2reg
     Startpoint: (R) u_datapath/a_d_reg[2][7][1]/clk
          Clock: (R) clk
       Endpoint: (R) u_datapath/u_tr_array/GEN_LANES[7].exp_in_i_pipe_reg[7]/d
          Clock: (R) clk

                     Capture       Launch     
        Clock Edge:+    5000            0     
       Src Latency:+       0            0     
       Net Latency:+       0 (I)        0 (I) 
           Arrival:=    5000            0     
                                              
             Setup:-      64                  
       Uncertainty:-     125                  
     Required Time:=    4810                  
      Launch Clock:-       0                  
         Data Path:-    8874                  
             Slack:=   -4064                  

#----------------------------------------------------------------------------------------------------------------------------------
#                         Timing Point                           Flags     Arc    Edge      Cell        Fanout Trans Delay Arrival 
#                                                                                                               (ps)  (ps)   (ps)  
#----------------------------------------------------------------------------------------------------------------------------------
  u_datapath/a_d_reg[2][7][1]/clk                                -       -        R     (arrival)         1607     0     0       0 
  u_datapath/a_d_reg[2][7][1]/q                                  (u)     clk->q   F     unmapped_d_flop     13     0   407     407 
  u_datapath/u_alpha_stab/minus_20_44_I8/g3/z                    (u)     in_0->z  R     unmapped_not         2     0    50     457 
  u_datapath/u_alpha_stab/minus_20_44_I8/g15/z                   (u)     in_1->z  F     unmapped_nor2        1     0    61     518 
  u_datapath/u_alpha_stab/minus_20_44_I8/g29/z                   (u)     in_0->z  R     unmapped_not         2     0    50     568 
  u_datapath/u_alpha_stab/minus_20_44_I8/g30/z                   (u)     in_1->z  F     unmapped_nand2       1     0    61     629 
  u_datapath/u_alpha_stab/minus_20_44_I8/g31/z                   (u)     in_1->z  R     unmapped_nand2       3     0    82     710 
  u_datapath/u_alpha_stab/minus_20_44_I8/g47/z                   (u)     in_1->z  F     unmapped_nand2       1     0    61     771 
  u_datapath/u_alpha_stab/minus_20_44_I8/g48/z                   (u)     in_1->z  R     unmapped_nand2       4     0    90     862 
  u_datapath/u_alpha_stab/minus_20_44_I8/g60/z                   (u)     in_0->z  F     unmapped_nand2       1     0    61     922 
  u_datapath/u_alpha_stab/minus_20_44_I8/g61/z                   (u)     in_1->z  R     unmapped_nand2       1     0    61     983 
  u_datapath/u_alpha_stab/minus_20_44_I8/g81/z                   (u)     in_0->z  F     unmapped_xnor2       1     0   118    1101 
  u_datapath/u_alpha_stab/mux_20_43/g2/z                         (u)     data1->z F     unmapped_bmux2       3     0   139    1240 
  u_datapath/u_alpha_stab/ctl_GEN_LANES[7].abs_z_23_23/g3/z      (u)     in_0->z  R     unmapped_not         1     0    37    1277 
  u_datapath/u_alpha_stab/ctl_GEN_LANES[7].abs_z_23_23/g2/z      (u)     in_1->z  F     unmapped_nand2       2     0    74    1351 
  u_datapath/u_alpha_stab/ctl_GEN_LANES[7].abs_z_23_23/g4/z      (u)     in_0->z  R     unmapped_nor2        2     0    74    1426 
  u_datapath/u_alpha_stab/mux_GEN_LANES[7].alpha_g_23_23/g1/z    (u)     sel1->z  R     unmapped_mux4        8     0   201    1626 
  u_datapath/u_alpha_stab/mul_32_36_I8/g65/z                     (u)     in_0->z  F     unmapped_nand2       3     0    82    1708 
  u_datapath/u_alpha_stab/mul_32_36_I8/g232/z                    (u)     in_1->z  R     unmapped_nand2       1     0    61    1769 
  u_datapath/u_alpha_stab/mul_32_36_I8/g235/z                    (u)     in_0->z  F     unmapped_nand3       3     0   102    1870 
  u_datapath/u_alpha_stab/mul_32_36_I8/g279/z                    (u)     in_1->z  R     unmapped_xor2        3     0   139    2009 
  u_datapath/u_alpha_stab/mul_32_36_I8/g290/z                    (u)     in_0->z  R     unmapped_xor2        1     0   118    2127 
  u_datapath/u_alpha_stab/mul_32_36_I8/g291/z                    (u)     in_0->z  R     unmapped_xor2        3     0   139    2266 
  u_datapath/u_alpha_stab/mul_32_36_I8/g296/z                    (u)     in_1->z  R     unmapped_xor2        1     0   118    2384 
  u_datapath/u_alpha_stab/mul_32_36_I8/g297/z                    (u)     in_0->z  F     unmapped_xor2        2     0   132    2516 
  u_datapath/u_alpha_stab/mul_32_36_I8/g413/z                    (u)     in_1->z  R     unmapped_nor2        3     0    82    2597 
  u_datapath/u_alpha_stab/mul_32_36_I8/g440/z                    (u)     in_1->z  F     unmapped_nor2        1     0    61    2658 
  u_datapath/u_alpha_stab/mul_32_36_I8/g442/z                    (u)     in_0->z  R     unmapped_nor2        3     0    82    2740 
  u_datapath/u_alpha_stab/mul_32_36_I8/g91/z                     (u)     in_0->z  F     unmapped_nor2        1     0    61    2800 
  u_datapath/u_alpha_stab/mul_32_36_I8/g93/z                     (u)     in_0->z  R     unmapped_nor2        4     0    90    2891 
  u_datapath/u_alpha_stab/mul_32_36_I8/g458/z                    (u)     in_1->z  F     unmapped_nor2        1     0    61    2952 
  u_datapath/u_alpha_stab/mul_32_36_I8/g460/z                    (u)     in_0->z  R     unmapped_nor2        1     0    61    3012 
  u_datapath/u_alpha_stab/mul_32_36_I8/g478/z                    (u)     in_0->z  F     unmapped_nand2       1     0    61    3073 
  u_datapath/u_alpha_stab/mul_32_36_I8/g515/z                    (u)     in_0->z  R     unmapped_xnor2       3     0   139    3212 
  u_datapath/u_alpha_stab/lt_35_42_I8/g17/z                      (u)     in_0->z  F     unmapped_not         2     0    50    3262 
  u_datapath/u_alpha_stab/lt_35_42_I8/g52/z                      (u)     in_0->z  R     unmapped_nand2       1     0    61    3323 
  u_datapath/u_alpha_stab/lt_35_42_I8/g81/z                      (u)     in_0->z  F     unmapped_not         1     0    37    3360 
  u_datapath/u_alpha_stab/lt_35_42_I8/g82/z                      (u)     in_1->z  R     unmapped_nor2        1     0    61    3421 
  u_datapath/u_alpha_stab/lt_35_42_I8/g116/z                     (u)     in_0->z  F     unmapped_not         1     0    37    3457 
  u_datapath/u_alpha_stab/lt_35_42_I8/g117/z                     (u)     in_1->z  R     unmapped_nor2        1     0    61    3518 
  u_datapath/u_alpha_stab/lt_35_42_I8/g144/z                     (u)     in_0->z  F     unmapped_not         1     0    37    3555 
  u_datapath/u_alpha_stab/lt_35_42_I8/g145/z                     (u)     in_1->z  R     unmapped_nor2        1     0    61    3616 
  u_datapath/u_alpha_stab/lt_35_42_I8/g165/z                     (u)     in_0->z  F     unmapped_nand2       1     0    61    3676 
  u_datapath/u_alpha_stab/lt_35_42_I8/g18/z                      (u)     in_0->z  R     unmapped_not         8     0    89    3766 
  u_datapath/u_alpha_stab/mux_GEN_LANES[7].x_scaled_35_42/g7/z   (u)     sel0->z  F     unmapped_bmux2       1     0   118    3884 
  u_datapath/u_alpha_stab/mux_GEN_LANES[7].x_scaled_34_37/g7/z   (u)     data0->z F     unmapped_bmux2       3     0   139    4022 
  u_datapath/u_alpha_stab/minus_40_47_I8/g3/z                    (u)     in_0->z  R     unmapped_not         2     0    50    4073 
  u_datapath/u_alpha_stab/minus_40_47_I8/g15/z                   (u)     in_1->z  F     unmapped_nor2        1     0    61    4133 
  u_datapath/u_alpha_stab/minus_40_47_I8/g29/z                   (u)     in_0->z  R     unmapped_not         2     0    50    4184 
  u_datapath/u_alpha_stab/minus_40_47_I8/g30/z                   (u)     in_1->z  F     unmapped_nand2       1     0    61    4244 
  u_datapath/u_alpha_stab/minus_40_47_I8/g31/z                   (u)     in_1->z  R     unmapped_nand2       3     0    82    4326 
  u_datapath/u_alpha_stab/minus_40_47_I8/g47/z                   (u)     in_1->z  F     unmapped_nand2       1     0    61    4387 
  u_datapath/u_alpha_stab/minus_40_47_I8/g48/z                   (u)     in_1->z  R     unmapped_nand2       4     0    90    4477 
  u_datapath/u_alpha_stab/minus_40_47_I8/g65/z                   (u)     in_0->z  F     unmapped_nand2       1     0    61    4538 
  u_datapath/u_alpha_stab/minus_40_47_I8/g66/z                   (u)     in_1->z  R     unmapped_nand2       1     0    61    4599 
  u_datapath/u_alpha_stab/minus_40_47_I8/g86/z                   (u)     in_0->z  F     unmapped_xnor2       1     0   118    4717 
  u_datapath/u_alpha_stab/mux_40_47/g1/z                         (u)     data1->z F     unmapped_bmux2       2     0   132    4848 
  u_datapath/mux_tr_vec_in[7]_154_19/g1/z                        (u)     data3->z F     unmapped_bmux4       7     0   264    5112 
  u_datapath/u_tr_array/GEN_LANES[7].u_ln_i/ctl_xq_32_17/g29/z   (u)     in_0->z  R     unmapped_not         4     0    66    5178 
  u_datapath/u_tr_array/GEN_LANES[7].u_ln_i/ctl_xq_32_17/g13/z   (u)     in_0->z  F     unmapped_nand4       4     0   136    5314 
  u_datapath/u_tr_array/GEN_LANES[7].u_ln_i/ctl_xq_32_17/g21/z   (u)     in_1->z  R     unmapped_nor2        4     0    90    5404 
  u_datapath/u_tr_array/GEN_LANES[7].u_ln_i/mux_msb_32_17/g3/z   (u)     sel6->z  R     unmapped_mux9        4     0   259    5664 
  u_datapath/u_tr_array/GEN_LANES[7].u_ln_i/sub_38_41/g4/z       (u)     in_0->z  F     unmapped_not         1     0    37    5700 
  u_datapath/u_tr_array/GEN_LANES[7].u_ln_i/sub_38_41/g6/z       (u)     in_1->z  R     unmapped_xor2        1     0   118    5818 
  u_datapath/u_tr_array/GEN_LANES[7].u_ln_i/sub_38_41/g26/z      (u)     in_0->z  F     unmapped_not         9     0    93    5912 
  u_datapath/u_tr_array/GEN_LANES[7].u_ln_i/sll_38_27/g1/z       (u)     in_0->z  R     unmapped_not         7     0    82    5994 
  u_datapath/u_tr_array/GEN_LANES[7].u_ln_i/sll_38_27/g33/z      (u)     sel0->z  R     unmapped_mux2        2     0   117    6111 
  u_datapath/u_tr_array/GEN_LANES[7].u_ln_i/sll_38_27/g39/z      (u)     data1->z R     unmapped_mux2        2     0   117    6228 
  u_datapath/u_tr_array/GEN_LANES[7].u_ln_i/sll_38_27/g43/z      (u)     data1->z R     unmapped_mux2        1     0   103    6331 
  u_datapath/u_tr_array/GEN_LANES[7].u_ln_i/mux_38_27/g1/z       (u)     data0->z R     unmapped_bmux2       2     0   132    6463 
  u_datapath/u_tr_array/GEN_LANES[7].u_ln_i/add_52_26/g15/z      (u)     in_0->z  F     unmapped_nor2        2     0    74    6537 
  u_datapath/u_tr_array/GEN_LANES[7].u_ln_i/add_52_26/g53/z      (u)     in_0->z  R     unmapped_not         2     0    50    6587 
  u_datapath/u_tr_array/GEN_LANES[7].u_ln_i/add_52_26/g71/z      (u)     in_0->z  F     unmapped_nand2       1     0    61    6648 
  u_datapath/u_tr_array/GEN_LANES[7].u_ln_i/add_52_26/g72/z      (u)     in_1->z  R     unmapped_xnor2       6     0   157    6806 
  u_datapath/u_tr_array/GEN_LANES[7].u_ln_i/add_55_34/g9/z       (u)     in_1->z  F     unmapped_nor2        1     0    61    6866 
  u_datapath/u_tr_array/GEN_LANES[7].u_ln_i/add_55_34/g23/z      (u)     in_0->z  R     unmapped_not         2     0    50    6916 
  u_datapath/u_tr_array/GEN_LANES[7].u_ln_i/add_55_34/g24/z      (u)     in_1->z  F     unmapped_nand2       1     0    61    6977 
  u_datapath/u_tr_array/GEN_LANES[7].u_ln_i/add_55_34/g25/z      (u)     in_1->z  R     unmapped_nand2       3     0    82    7059 
  u_datapath/u_tr_array/GEN_LANES[7].u_ln_i/add_55_34/g41/z      (u)     in_1->z  F     unmapped_nand2       1     0    61    7120 
  u_datapath/u_tr_array/GEN_LANES[7].u_ln_i/add_55_34/g42/z      (u)     in_1->z  R     unmapped_nand2       4     0    90    7210 
  u_datapath/u_tr_array/GEN_LANES[7].u_ln_i/add_55_34/g54/z      (u)     in_0->z  F     unmapped_nand2       1     0    61    7271 
  u_datapath/u_tr_array/GEN_LANES[7].u_ln_i/add_55_34/g55/z      (u)     in_1->z  R     unmapped_nand2       1     0    61    7332 
  u_datapath/u_tr_array/GEN_LANES[7].u_ln_i/add_55_34/g75/z      (u)     in_0->z  R     unmapped_xnor2       2     0   132    7463 
  u_datapath/u_tr_array/GEN_LANES[7].u_ln_i/add_55_51/g17/z      (u)     in_0->z  F     unmapped_nor2        3     0    82    7545 
  u_datapath/u_tr_array/GEN_LANES[7].u_ln_i/add_55_51/g30/z      (u)     in_1->z  R     unmapped_nor2        1     0    61    7606 
  u_datapath/u_tr_array/GEN_LANES[7].u_ln_i/add_55_51/g32/z      (u)     in_0->z  F     unmapped_nor2        2     0    74    7680 
  u_datapath/u_tr_array/GEN_LANES[7].u_ln_i/add_55_51/g43/z      (u)     in_1->z  R     unmapped_nor2        1     0    61    7741 
  u_datapath/u_tr_array/GEN_LANES[7].u_ln_i/add_55_51/g45/z      (u)     in_0->z  F     unmapped_nor2        1     0    61    7801 
  u_datapath/u_tr_array/GEN_LANES[7].u_ln_i/add_55_51/g60/z      (u)     in_0->z  R     unmapped_nand2       1     0    61    7862 
  u_datapath/u_tr_array/GEN_LANES[7].u_ln_i/add_55_51/g80/z      (u)     in_0->z  F     unmapped_xnor2       7     0   164    8026 
  u_datapath/u_tr_array/minus_171_44_I7/g8/z                     (u)     in_0->z  R     unmapped_not         2     0    50    8076 
  u_datapath/u_tr_array/minus_171_44_I7/g25/z                    (u)     in_1->z  F     unmapped_nor2        2     0    74    8151 
  u_datapath/u_tr_array/minus_171_44_I7/g52/z                    (u)     in_0->z  R     unmapped_not         2     0    50    8201 
  u_datapath/u_tr_array/minus_171_44_I7/g53/z                    (u)     in_1->z  F     unmapped_nand2       1     0    61    8262 
  u_datapath/u_tr_array/minus_171_44_I7/g64/z                    (u)     in_0->z  R     unmapped_not         1     0    37    8298 
  u_datapath/u_tr_array/minus_171_44_I7/g65/z                    (u)     in_1->z  F     unmapped_nand2       1     0    61    8359 
  u_datapath/u_tr_array/minus_171_44_I7/g66/z                    (u)     in_1->z  R     unmapped_nand2       1     0    61    8420 
  u_datapath/u_tr_array/minus_171_44_I7/g86/z                    (u)     in_0->z  R     unmapped_xnor2       1     0   118    8538 
  u_datapath/u_tr_array/mux_GEN_LANES[7].shift_out_i_169_23/g1/z (u)     data2->z R     unmapped_bmux4       1     0   218    8756 
  u_datapath/u_tr_array/mux_177_31/g1/z                          (u)     data1->z R     unmapped_bmux2       1     0   118    8874 
  u_datapath/u_tr_array/GEN_LANES[7].exp_in_i_pipe_reg[7]/d      -       -        R     unmapped_d_flop      1     -     0    8874 
#----------------------------------------------------------------------------------------------------------------------------------

(u) : Net has unmapped pin(s).

