============================================================
  Generated by:           Genus(TM) Synthesis Solution 25.12-s067_1
  Generated on:           Sep 27 2026  11:55:42 pm
  Module:                 ibert_rmsnorm
  Operating conditions:   ss_typical_max_0p90v_125c (balanced_tree)
  Wireload mode:          top
  Area mode:              timing library
============================================================


Path 1: VIOLATED (-1569 ps) Setup Check with Pin mean_sq_reg[14]/clk->d
          Group: reg2reg
     Startpoint: (R) x_reg_reg[7][1]/clk
          Clock: (R) clk
       Endpoint: (R) mean_sq_reg[14]/d
          Clock: (R) clk

                     Capture       Launch     
        Clock Edge:+    3300            0     
       Src Latency:+       0            0     
       Net Latency:+       0 (I)        0 (I) 
           Arrival:=    3300            0     
                                              
             Setup:-     164                  
       Uncertainty:-     125                  
     Required Time:=    3011                  
      Launch Clock:-       0                  
         Data Path:-    4580                  
             Slack:=   -1569                  

#-----------------------------------------------------------------------------------------
#     Timing Point      Flags     Arc    Edge      Cell        Fanout Trans Delay Arrival 
#                                                                      (ps)  (ps)   (ps)  
#-----------------------------------------------------------------------------------------
  x_reg_reg[7][1]/clk   -       -        R     (arrival)          407     0     0       0 
  x_reg_reg[7][1]/q     (u)     clk->q   F     unmapped_d_flop      2     0   348     348 
  minus_105_43_I8/g3/z  (u)     in_0->z  R     unmapped_not         2     0    50     398 
  minus_105_43_I8/g15/z (u)     in_1->z  F     unmapped_nor2        1     0    61     459 
  minus_105_43_I8/g29/z (u)     in_0->z  R     unmapped_not         2     0    50     509 
  minus_105_43_I8/g30/z (u)     in_1->z  F     unmapped_nand2       1     0    61     570 
  minus_105_43_I8/g31/z (u)     in_1->z  R     unmapped_nand2       3     0    82     651 
  minus_105_43_I8/g47/z (u)     in_1->z  F     unmapped_nand2       1     0    61     712 
  minus_105_43_I8/g48/z (u)     in_1->z  R     unmapped_nand2       4     0    90     802 
  minus_105_43_I8/g65/z (u)     in_0->z  F     unmapped_nand2       1     0    61     863 
  minus_105_43_I8/g66/z (u)     in_1->z  R     unmapped_nand2       1     0    61     924 
  minus_105_43_I8/g86/z (u)     in_0->z  R     unmapped_xnor2       1     0   118    1042 
  mux_105_52/g1/z       (u)     data1->z R     unmapped_bmux2      17     0   205    1247 
  mul_136_38_I8/g57/z   (u)     in_1->z  R     unmapped_and2        3     0    82    1329 
  mul_136_38_I8/g179/z  (u)     in_1->z  R     unmapped_xor2        1     0   118    1447 
  mul_136_38_I8/g180/z  (u)     in_0->z  R     unmapped_xor2        3     0   139    1586 
  mul_136_38_I8/g197/z  (u)     in_1->z  R     unmapped_xor2        1     0   118    1704 
  mul_136_38_I8/g198/z  (u)     in_0->z  R     unmapped_xor2        3     0   139    1842 
  mul_136_38_I8/g204/z  (u)     in_1->z  R     unmapped_xor2        2     0   132    1974 
  mul_136_38_I8/g343/z  (u)     in_1->z  F     unmapped_nor2        3     0    82    2056 
  mul_136_38_I8/g371/z  (u)     in_1->z  R     unmapped_nor2        2     0    74    2130 
  mul_136_38_I8/g75/z   (u)     in_1->z  F     unmapped_nand2       1     0    61    2191 
  mul_136_38_I8/g99/z   (u)     in_0->z  R     unmapped_not         1     0    37    2227 
  mul_136_38_I8/g100/z  (u)     in_1->z  F     unmapped_nand2       1     0    61    2288 
  mul_136_38_I8/g101/z  (u)     in_1->z  R     unmapped_nand2       7     0   107    2395 
  mul_136_38_I8/g393/z  (u)     in_0->z  F     unmapped_nand2       1     0    61    2456 
  mul_136_38_I8/g394/z  (u)     in_1->z  R     unmapped_nand2       1     0    61    2516 
  mul_136_38_I8/g427/z  (u)     in_0->z  R     unmapped_xnor2       2     0   132    2648 
  add_143_40_I4/g22/z   (u)     in_1->z  F     unmapped_nor2        3     0    82    2729 
  add_143_40_I4/g49/z   (u)     in_1->z  R     unmapped_nor2        1     0    61    2790 
  add_143_40_I4/g51/z   (u)     in_0->z  F     unmapped_nor2        3     0    82    2872 
  add_143_40_I4/g82/z   (u)     in_0->z  R     unmapped_nor2        1     0    61    2932 
  add_143_40_I4/g84/z   (u)     in_0->z  F     unmapped_nor2        4     0    90    3023 
  add_143_40_I4/g102/z  (u)     in_1->z  R     unmapped_nor2        1     0    61    3084 
  add_143_40_I4/g104/z  (u)     in_0->z  F     unmapped_nor2        1     0    61    3144 
  add_143_40_I4/g127/z  (u)     in_0->z  R     unmapped_nand2       1     0    61    3205 
  add_143_40_I4/g164/z  (u)     in_0->z  R     unmapped_xnor2       2     0   132    3337 
  add_145_46_I2/g30/z   (u)     in_1->z  F     unmapped_nor2        3     0    82    3418 
  add_145_46_I2/g59/z   (u)     in_1->z  R     unmapped_nor2        1     0    61    3479 
  add_145_46_I2/g61/z   (u)     in_0->z  F     unmapped_nor2        3     0    82    3561 
  add_145_46_I2/g92/z   (u)     in_1->z  R     unmapped_nor2        1     0    61    3622 
  add_145_46_I2/g94/z   (u)     in_0->z  F     unmapped_nor2        1     0    61    3682 
  add_145_46_I2/g123/z  (u)     in_0->z  R     unmapped_not         1     0    37    3719 
  add_145_46_I2/g124/z  (u)     in_1->z  F     unmapped_nor2        1     0    61    3780 
  add_145_46_I2/g146/z  (u)     in_0->z  R     unmapped_nand2       1     0    61    3841 
  add_145_46_I2/g186/z  (u)     in_0->z  R     unmapped_xnor2       2     0   132    3972 
  add_146_44/g34/z      (u)     in_1->z  F     unmapped_nor2        3     0    82    4054 
  add_146_44/g68/z      (u)     in_1->z  R     unmapped_nor2        2     0    74    4128 
  add_146_44/g99/z      (u)     in_0->z  F     unmapped_not         1     0    37    4165 
  add_146_44/g100/z     (u)     in_1->z  R     unmapped_nor2        1     0    61    4226 
  add_146_44/g102/z     (u)     in_0->z  F     unmapped_nor2        1     0    61    4286 
  add_146_44/g129/z     (u)     in_0->z  R     unmapped_not         1     0    37    4323 
  add_146_44/g130/z     (u)     in_1->z  F     unmapped_nor2        1     0    61    4384 
  add_146_44/g150/z     (u)     in_0->z  R     unmapped_nand2       2     0    74    4458 
  add_146_44/g152/z     (u)     in_0->z  F     unmapped_nand2       1     0    61    4519 
  add_146_44/g153/z     (u)     in_1->z  R     unmapped_nand2       1     0    61    4580 
  mean_sq_reg[14]/d     -       -        R     unmapped_d_flop      1     -     0    4580 
#-----------------------------------------------------------------------------------------

(u) : Net has unmapped pin(s).

