============================================================
  Generated by:           Genus(TM) Synthesis Solution 25.12-s067_1
  Generated on:           Mar 25 2026  05:49:20 pm
  Module:                 vec_mac_su
  Operating conditions:   ss_typical_max_0p90v_125c (balanced_tree)
  Wireload mode:          top
  Area mode:              timing library
============================================================


Path 1: MET (1102 ps) Setup Check with Pin out_dot_reg[31]/CK->D
          Group: in2reg
     Startpoint: (R) rst_n
          Clock: (R) clk
       Endpoint: (R) out_dot_reg[31]/D
          Clock: (R) clk

                     Capture       Launch     
        Clock Edge:+    3000            0     
        Drv Adjust:+       0            0     
       Src Latency:+       0            0     
       Net Latency:+       0 (I)        0 (I) 
           Arrival:=    3000            0     
                                              
             Setup:-      82                  
       Uncertainty:-     125                  
     Required Time:=    2793                  
      Launch Clock:-       0                  
       Input Delay:-     900                  
         Data Path:-     791                  
             Slack:=    1102                  

Exceptions/Constraints:
  input_delay             900             vec_mac_su.sdc_line_16   

#----------------------------------------------------------------------------------
#   Timing Point    Flags    Arc   Edge      Cell       Fanout Trans Delay Arrival 
#                                                               (ps)  (ps)   (ps)  
#----------------------------------------------------------------------------------
  rst_n             (i)     -      R     (arrival)          43     0     0     900 
  g4557__8428/Y     -       B->Y   F     NAND2_X1A_A9TL      2   228   133    1033 
  drc_bufs4573/Y    -       A->Y   R     INV_X2M_A9TL       15   324   276    1308 
  g3785__6260/Y     -       B->Y   F     NAND2_X1A_A9TL      4   248   243    1551 
  g3686__7410/Y     -       A0N->Y R     AO1B2_X1M_A9TL      1   119   140    1690 
  out_dot_reg[31]/D -       -      R     DFFQ_X1M_A9TL       1     -     0    1691 
#----------------------------------------------------------------------------------

(i) : Net is ideal.

