============================================================
  Generated by:           Genus(TM) Synthesis Solution 25.12-s067_1
  Generated on:           Sep 23 2026  12:18:55 pm
  Module:                 tr_nonlinear_vpu
  Operating conditions:   ss_typical_max_0p90v_125c (balanced_tree)
  Wireload mode:          top
  Area mode:              timing library
============================================================


Path 1: VIOLATED (-188 ps) Setup Check with Pin vpu_data_out_reg[6][6]/CK->D
          Group: in2reg
     Startpoint: (R) sram_data_a[6][11]
          Clock: (R) clk
       Endpoint: (R) vpu_data_out_reg[6][6]/D
          Clock: (R) clk

                     Capture       Launch     
        Clock Edge:+    3300            0     
        Drv Adjust:+       0           59     
       Src Latency:+       0            0     
       Net Latency:+       0 (I)        0 (I) 
           Arrival:=    3300           59     
                                              
             Setup:-      91                  
       Uncertainty:-     125                  
     Required Time:=    3084                  
      Launch Clock:-      59                  
       Input Delay:-     990                  
         Data Path:-    2222                  
             Slack:=    -188                  

Exceptions/Constraints:
  input_delay             990             dut.sdc_line_15_13_1   

#-------------------------------------------------------------------------------------------------
#        Timing Point          Flags    Arc   Edge        Cell         Fanout Trans Delay Arrival 
#                                                                              (ps)  (ps)   (ps)  
#-------------------------------------------------------------------------------------------------
  sram_data_a[6][11]           -       -      R     (arrival)               6   119     0    1049 
  u_alpha/fopt7844/Y           -       A->Y   F     INV_X5M_A9TL            3    52    57    1106 
  u_alpha/g7190__8246/Y        -       A->Y   R     MXIT2_X2M_A9TL          1   215   123    1230 
  u_alpha/g7173__5477/Y        -       A0->Y  F     OAI22_X6M_A9TL          1    78   114    1343 
  u_alpha/g7171__7410/Y        -       A->Y   F     AND2_X11M_A9TL         10    66   128    1472 
  u_alpha/mul_51_32_I7_g1743/Y -       A->Y   R     NAND2_X3M_A9TL          3   132    99    1571 
  u_alpha/mul_51_32_I7_g1662/Y -       A->Y   F     NAND2_X2A_A9TL          1    93    90    1660 
  u_alpha/mul_51_32_I7_g1587/Y -       B->Y   R     NAND2_X4M_A9TL          1    71    79    1740 
  u_alpha/mul_51_32_I7_g1577/Y -       B0N->Y F     AO21B_X4M_A9TL          2    63    61    1801 
  u_alpha/mul_51_32_I7_g1527/Y -       BN->Y  F     NAND2XB_X6M_A9TL        2    80   120    1921 
  u_alpha/mul_51_32_I7_g1513/Y -       A->Y   F     AND2_X4M_A9TL           2    60   128    2048 
  u_alpha/mul_51_32_I7_g1497/Y -       A0->Y  R     AOI21_X6M_A9TL          1    92    91    2139 
  u_alpha/mul_51_32_I7_g1492/Y -       A->Y   F     NAND2_X8M_A9TL          5    75    71    2210 
  u_alpha/mul_51_32_I7_g1486/Y -       A0->Y  R     AOI2XB1_X6M_A9TL        2   107   103    2313 
  u_alpha/mul_51_32_I7_g2/Y    -       B->Y   R     XOR2_X3M_A9TL           2   213   156    2469 
  u_alpha/g7153__2883/Y        -       A->Y   F     NOR2_X6A_A9TL           2    82    89    2558 
  u_alpha/g7136__1617/Y        -       A->Y   F     AND3_X8M_A9TL           2    40   111    2668 
  u_alpha/g7131__4319/Y        -       B->Y   R     NAND3XXB_X6M_A9TL       1   106    74    2743 
  u_alpha/g7128__2398/Y        -       A->Y   F     NAND2XB_X8M_A9TL        2    56    54    2798 
  u_alpha/g7127__5477/Y        -       A->Y   R     NAND2_X8M_A9TL          3    90    71    2868 
  u_alpha/g7124__7410/Y        -       A->Y   F     NAND2XB_X8M_A9TL        2    70    68    2936 
  u_alpha/g7122/Y              -       A->Y   R     INV_X16M_A9TL          10    61    64    3000 
  u_alpha/g7118__9315/Y        -       C0->Y  F     OAI211_X4M_A9TL         1    95    73    3073 
  u_alpha/g7109__5122/Y        -       B0N->Y R     AO21B_X4M_A9TL          2    74    70    3143 
  g11178/Y                     -       A->Y   F     NAND2_X3M_A9TL          1    67    54    3197 
  g10662/Y                     -       A->Y   R     NAND4XXXB_X4M_A9TL      1   111    74    3271 
  vpu_data_out_reg[6][6]/D     -       -      R     DFFRPQ_X4M_A9TL         1     -     0    3271 
#-------------------------------------------------------------------------------------------------

