============================================================
  Generated by:           Genus(TM) Synthesis Solution 25.12-s067_1
  Generated on:           Sep 24 2026  05:30:46 pm
  Module:                 tr_nonlinear_vpu
  Operating conditions:   ss_typical_max_0p90v_125c (balanced_tree)
  Wireload mode:          top
  Area mode:              timing library
============================================================


Path 1: MET (0 ps) Setup Check with Pin u_vecmul/prod_reg_reg[0][24]/CK->D
          Group: reg2reg
     Startpoint: (R) u_vecmul/a_reg_reg[0][1]/CK
          Clock: (R) clk
       Endpoint: (R) u_vecmul/prod_reg_reg[0][24]/D
          Clock: (R) clk

                     Capture       Launch     
        Clock Edge:+    3300            0     
       Src Latency:+       0            0     
       Net Latency:+       0 (I)        0 (I) 
           Arrival:=    3300            0     
                                              
             Setup:-      75                  
       Uncertainty:-     125                  
     Required Time:=    3100                  
      Launch Clock:-       0                  
         Data Path:-    3100                  
             Slack:=       0                  

#-----------------------------------------------------------------------------------------------------------------------------------------
#                             Timing Point                               Flags    Arc    Edge      Cell        Fanout Trans Delay Arrival 
#                                                                                                                      (ps)  (ps)   (ps)  
#-----------------------------------------------------------------------------------------------------------------------------------------
  u_vecmul/a_reg_reg[0][1]/CK                                            -       -       R     (arrival)          392     0     0       0 
  u_vecmul/a_reg_reg[0][1]/Q                                             -       CK->Q   R     DFFQ_X4M_A9TL       10   161   296     296 
  u_vecmul/MULT_TC_OP_1_Y_MULT_TC_OP_Y_MULT_UNS_OP1206_g3528/Y           -       A->Y    F     INV_X7P5M_A9TL      14    90    92     389 
  u_vecmul/MULT_TC_OP_1_Y_MULT_TC_OP_Y_MULT_UNS_OP1206_g3527/Y           -       A->Y    R     INV_X4M_A9TL         8   112    99     488 
  u_vecmul/MULT_TC_OP_1_Y_MULT_TC_OP_Y_MULT_UNS_OP1206_g3433/Y           -       B->Y    R     MXT2_X6M_A9TL       10   114   168     656 
  u_vecmul/MULT_TC_OP_1_Y_MULT_TC_OP_Y_MULT_UNS_OP1206_g3328/Y           -       A->Y    F     NAND2_X6A_A9TL       9   122    99     754 
  u_vecmul/MULT_TC_OP_1_Y_MULT_TC_OP_Y_MULT_UNS_OP1206_g3315/Y           -       A->Y    R     INV_X4M_A9TL         6    96    97     852 
  u_vecmul/MULT_TC_OP_1_Y_MULT_TC_OP_Y_MULT_UNS_OP1206_g3286/Y           -       A0->Y   F     AOI22_X2M_A9TL       2   137   114     966 
  u_vecmul/MULT_TC_OP_1_Y_MULT_TC_OP_Y_MULT_UNS_OP1206_g3206/Y           -       A->Y    R     NOR2_X2A_A9TL        2   150   132    1097 
  u_vecmul/MULT_TC_OP_1_Y_MULT_TC_OP_Y_MULT_UNS_OP1206_g3201/Y           -       B0->Y   F     AOI21_X2M_A9TL       1   113    97    1194 
  u_vecmul/MULT_TC_OP_1_Y_MULT_TC_OP_Y_MULT_UNS_OP1206_cdnfadd_009_1/S   -       B->S    R     ADDF_X1M_A9TL        1    97   336    1530 
  u_vecmul/MULT_TC_OP_1_Y_MULT_TC_OP_Y_MULT_UNS_OP1206_cdnfadd_009_2/SUM -       CI->SUM F     ADDFH_X2M_A9TL       3    97   256    1786 
  u_vecmul/MULT_TC_OP_1_Y_MULT_TC_OP_Y_MULT_UNS_OP1206_g3634/Y           -       A->Y    F     OR2_X1P4M_A9TL       2    82   159    1945 
  u_vecmul/MULT_TC_OP_1_Y_MULT_TC_OP_Y_MULT_UNS_OP1206_g3128/Y           -       A->Y    R     NAND3_X3M_A9TL       1   118    89    2033 
  u_vecmul/MULT_TC_OP_1_Y_MULT_TC_OP_Y_MULT_UNS_OP1206_g3124/Y           -       A->Y    F     NAND2_X4M_A9TL       2    71    67    2101 
  u_vecmul/MULT_TC_OP_1_Y_MULT_TC_OP_Y_MULT_UNS_OP1206_g3116/Y           -       A0->Y   R     AOI21_X4M_A9TL       2   126   112    2213 
  u_vecmul/MULT_TC_OP_1_Y_MULT_TC_OP_Y_MULT_UNS_OP1206_g3087/Y           -       A0->Y   F     OAI21_X4M_A9TL       4   102    99    2312 
  u_vecmul/MULT_TC_OP_1_Y_MULT_TC_OP_Y_MULT_UNS_OP1206_g3067/Y           -       B->Y    R     NAND3_X2M_A9TL       1   124   114    2427 
  u_vecmul/MULT_TC_OP_1_Y_MULT_TC_OP_Y_MULT_UNS_OP1206_g3055/Y           -       A->Y    R     AND3_X4M_A9TL        4    97   154    2581 
  u_vecmul/MULT_TC_OP_1_Y_MULT_TC_OP_Y_MULT_UNS_OP1206_g3048/Y           -       A1->Y   F     OAI21_X3M_A9TL       1    82    83    2664 
  u_vecmul/MULT_TC_OP_1_Y_MULT_TC_OP_Y_MULT_UNS_OP1206_g3045/Y           -       B0->Y   R     AOI21_X3M_A9TL       1    91    89    2753 
  u_vecmul/MULT_TC_OP_1_Y_MULT_TC_OP_Y_MULT_UNS_OP1206_g3635/Y           -       B->Y    R     XOR2_X1P4M_A9TL      2   240   170    2922 
  u_vecmul/g2246/Y                                                       -       B0->Y   R     AO22_X1M_A9TL        1    83   178    3100 
  u_vecmul/prod_reg_reg[0][24]/D                                         -       -       R     DFFQ_X1M_A9TL        1     -     0    3100 
#-----------------------------------------------------------------------------------------------------------------------------------------

