============================================================
  Generated by:           Genus(TM) Synthesis Solution 25.12-s067_1
  Generated on:           Sep 19 2026  11:05:31 am
  Module:                 tr_rmsnorm
  Operating conditions:   ss_typical_max_0p90v_125c (balanced_tree)
  Wireload mode:          top
  Area mode:              timing library
============================================================


Path 1: MET (4 ps) Setup Check with Pin s1_ln_out_reg[6]/CK->D
          Group: in2reg
     Startpoint: (F) sum_in[18]
          Clock: (R) clk
       Endpoint: (R) s1_ln_out_reg[6]/D
          Clock: (R) clk

                     Capture       Launch     
        Clock Edge:+    3300            0     
        Drv Adjust:+       0           17     
       Src Latency:+       0            0     
       Net Latency:+       0 (I)        0 (I) 
           Arrival:=    3300           17     
                                              
             Setup:-      93                  
       Uncertainty:-     125                  
     Required Time:=    3082                  
      Launch Clock:-      17                  
       Input Delay:-     990                  
         Data Path:-    2071                  
             Slack:=       4                  

Exceptions/Constraints:
  input_delay             990             dut.sdc_line_15_145_1   

#----------------------------------------------------------------------------------------
#     Timing Point       Flags   Arc   Edge       Cell        Fanout Trans Delay Arrival 
#                                                                     (ps)  (ps)   (ps)  
#----------------------------------------------------------------------------------------
  sum_in[18]             -       -     F     (arrival)             1    55     0    1007 
  u_ln/g3625/Y           -       A->Y  R     INV_X6M_A9TL          4    76    69    1076 
  u_ln/g3601__3680/Y     -       B->Y  F     NAND2_X8M_A9TL        2    49    57    1133 
  u_ln/g3642__9315/Y     -       A->Y  R     NOR2_X6A_A9TL         2   115    91    1223 
  u_ln/g3552__3680/Y     -       B->Y  F     NAND2_X8M_A9TL        6    89    88    1312 
  u_ln/g3537__2883/Y     -       A->Y  R     NOR2XB_X8M_A9TL       3    79    76    1388 
  u_ln/g3531/Y           -       A->Y  F     INV_X2M_A9TL          2    47    54    1442 
  u_ln/g3635__7098/Y     -       A->Y  F     OR2_X2M_A9TL          1    55   114    1555 
  u_ln/g3493__9315/Y     -       A->Y  R     NAND3_X4A_A9TL        1   119    79    1634 
  u_ln/g3482__1705/Y     -       B->Y  F     NOR2_X6B_A9TL         2    74    87    1722 
  u_ln/g3645/Y           -       A->Y  R     INV_X0P8B_A9TL        1   102    89    1811 
  u_ln/g3466__5107/Y     -       B->Y  R     AND2_X4M_A9TL         2    77   133    1944 
  u_ln/g3457__9945/Y     -       B->Y  F     NOR2B_X8M_A9TL        3    68    68    2012 
  u_ln/g3444__5122/Y     -       A0->Y R     OAI21_X8M_A9TL        3   104    97    2109 
  u_ln/g3437__5526/Y     -       A->Y  F     NAND2_X4M_A9TL        3    80    71    2180 
  u_ln/g3432__2398/Y     -       B1->Y F     AO1B2_X2M_A9TL        1    78   139    2319 
  u_ln/g3427__2346/Y     -       C->Y  R     NAND3_X4A_A9TL        2   113   108    2427 
  u_post_ln/g398/Y       -       A->Y  F     INV_X2M_A9TL          1    54    60    2487 
  u_post_ln/g394__5122/Y -       A->Y  R     NAND2_X4M_A9TL        3    99    73    2561 
  u_post_ln/g392__2802/Y -       A->Y  F     NOR2_X4A_A9TL         3    88    74    2634 
  u_post_ln/g389__3680/Y -       A->Y  R     NAND2XB_X6M_A9TR      3   113   101    2735 
  u_post_ln/g386__5526/Y -       A->Y  F     NOR2_X6A_A9TL         3   100    58    2794 
  u_post_ln/g384__4319/Y -       A->Y  R     NOR2_X1P4M_A9TL       2   163   131    2925 
  u_post_ln/g383__6260/Y -       B0->Y R     AO21_X1M_A9TL         1    80   153    3078 
  s1_ln_out_reg[6]/D     -       -     R     DFFRPQ_X3M_A9TL       1     -     0    3078 
#----------------------------------------------------------------------------------------

