============================================================
  Generated by:           Genus(TM) Synthesis Solution 25.12-s067_1
  Generated on:           Sep 24 2026  06:29:00 pm
  Module:                 tr_rmsnorm
  Operating conditions:   ss_typical_max_0p90v_125c (balanced_tree)
  Wireload mode:          top
  Area mode:              timing library
============================================================


Path 1: MET (1870 ps) Late External Delay Assertion at pin ln_out[0]
          Group: reg2out
     Startpoint: (R) ln_out_reg[0]/CK
          Clock: (R) clk
       Endpoint: (R) ln_out[0]
          Clock: (R) clk

                     Capture       Launch     
        Clock Edge:+    3300            0     
       Src Latency:+       0            0     
       Net Latency:+       0 (I)        0 (I) 
           Arrival:=    3300            0     
                                              
      Output Delay:-     990                  
       Uncertainty:-     125                  
     Required Time:=    2185                  
      Launch Clock:-       0                  
         Data Path:-     315                  
             Slack:=    1870                  

Exceptions/Constraints:
  output_delay             990             dut.sdc_line_17_274_1   

#---------------------------------------------------------------------------------
#  Timing Point    Flags   Arc   Edge      Cell        Fanout Trans Delay Arrival 
#                                                              (ps)  (ps)   (ps)  
#---------------------------------------------------------------------------------
  ln_out_reg[0]/CK -       -     R     (arrival)           64     0     0       0 
  ln_out_reg[0]/Q  -       CK->Q R     DFFRPQ_X1M_A9TL      1    93   315     315 
  ln_out[0]        -       -     R     (port)               -     -     0     315 
#---------------------------------------------------------------------------------



Path 2: MET (1870 ps) Late External Delay Assertion at pin ln_out[1]
          Group: reg2out
     Startpoint: (R) ln_out_reg[1]/CK
          Clock: (R) clk
       Endpoint: (R) ln_out[1]
          Clock: (R) clk

                     Capture       Launch     
        Clock Edge:+    3300            0     
       Src Latency:+       0            0     
       Net Latency:+       0 (I)        0 (I) 
           Arrival:=    3300            0     
                                              
      Output Delay:-     990                  
       Uncertainty:-     125                  
     Required Time:=    2185                  
      Launch Clock:-       0                  
         Data Path:-     315                  
             Slack:=    1870                  

Exceptions/Constraints:
  output_delay             990             dut.sdc_line_17_273_1   

#---------------------------------------------------------------------------------
#  Timing Point    Flags   Arc   Edge      Cell        Fanout Trans Delay Arrival 
#                                                              (ps)  (ps)   (ps)  
#---------------------------------------------------------------------------------
  ln_out_reg[1]/CK -       -     R     (arrival)           64     0     0       0 
  ln_out_reg[1]/Q  -       CK->Q R     DFFRPQ_X1M_A9TL      1    93   315     315 
  ln_out[1]        -       -     R     (port)               -     -     0     315 
#---------------------------------------------------------------------------------



Path 3: MET (1870 ps) Late External Delay Assertion at pin ln_out[2]
          Group: reg2out
     Startpoint: (R) ln_out_reg[2]/CK
          Clock: (R) clk
       Endpoint: (R) ln_out[2]
          Clock: (R) clk

                     Capture       Launch     
        Clock Edge:+    3300            0     
       Src Latency:+       0            0     
       Net Latency:+       0 (I)        0 (I) 
           Arrival:=    3300            0     
                                              
      Output Delay:-     990                  
       Uncertainty:-     125                  
     Required Time:=    2185                  
      Launch Clock:-       0                  
         Data Path:-     315                  
             Slack:=    1870                  

Exceptions/Constraints:
  output_delay             990             dut.sdc_line_17_272_1   

#---------------------------------------------------------------------------------
#  Timing Point    Flags   Arc   Edge      Cell        Fanout Trans Delay Arrival 
#                                                              (ps)  (ps)   (ps)  
#---------------------------------------------------------------------------------
  ln_out_reg[2]/CK -       -     R     (arrival)           64     0     0       0 
  ln_out_reg[2]/Q  -       CK->Q R     DFFRPQ_X1M_A9TL      1    93   315     315 
  ln_out[2]        -       -     R     (port)               -     -     0     315 
#---------------------------------------------------------------------------------



Path 4: MET (1870 ps) Late External Delay Assertion at pin ln_out[3]
          Group: reg2out
     Startpoint: (R) ln_out_reg[3]/CK
          Clock: (R) clk
       Endpoint: (R) ln_out[3]
          Clock: (R) clk

                     Capture       Launch     
        Clock Edge:+    3300            0     
       Src Latency:+       0            0     
       Net Latency:+       0 (I)        0 (I) 
           Arrival:=    3300            0     
                                              
      Output Delay:-     990                  
       Uncertainty:-     125                  
     Required Time:=    2185                  
      Launch Clock:-       0                  
         Data Path:-     315                  
             Slack:=    1870                  

Exceptions/Constraints:
  output_delay             990             dut.sdc_line_17_271_1   

#---------------------------------------------------------------------------------
#  Timing Point    Flags   Arc   Edge      Cell        Fanout Trans Delay Arrival 
#                                                              (ps)  (ps)   (ps)  
#---------------------------------------------------------------------------------
  ln_out_reg[3]/CK -       -     R     (arrival)           64     0     0       0 
  ln_out_reg[3]/Q  -       CK->Q R     DFFRPQ_X1M_A9TL      1    93   315     315 
  ln_out[3]        -       -     R     (port)               -     -     0     315 
#---------------------------------------------------------------------------------



Path 5: MET (1870 ps) Late External Delay Assertion at pin ln_out[4]
          Group: reg2out
     Startpoint: (R) ln_out_reg[4]/CK
          Clock: (R) clk
       Endpoint: (R) ln_out[4]
          Clock: (R) clk

                     Capture       Launch     
        Clock Edge:+    3300            0     
       Src Latency:+       0            0     
       Net Latency:+       0 (I)        0 (I) 
           Arrival:=    3300            0     
                                              
      Output Delay:-     990                  
       Uncertainty:-     125                  
     Required Time:=    2185                  
      Launch Clock:-       0                  
         Data Path:-     315                  
             Slack:=    1870                  

Exceptions/Constraints:
  output_delay             990             dut.sdc_line_17_270_1   

#---------------------------------------------------------------------------------
#  Timing Point    Flags   Arc   Edge      Cell        Fanout Trans Delay Arrival 
#                                                              (ps)  (ps)   (ps)  
#---------------------------------------------------------------------------------
  ln_out_reg[4]/CK -       -     R     (arrival)           64     0     0       0 
  ln_out_reg[4]/Q  -       CK->Q R     DFFRPQ_X1M_A9TL      1    93   315     315 
  ln_out[4]        -       -     R     (port)               -     -     0     315 
#---------------------------------------------------------------------------------



Path 6: MET (1870 ps) Late External Delay Assertion at pin ln_out[5]
          Group: reg2out
     Startpoint: (R) ln_out_reg[5]/CK
          Clock: (R) clk
       Endpoint: (R) ln_out[5]
          Clock: (R) clk

                     Capture       Launch     
        Clock Edge:+    3300            0     
       Src Latency:+       0            0     
       Net Latency:+       0 (I)        0 (I) 
           Arrival:=    3300            0     
                                              
      Output Delay:-     990                  
       Uncertainty:-     125                  
     Required Time:=    2185                  
      Launch Clock:-       0                  
         Data Path:-     315                  
             Slack:=    1870                  

Exceptions/Constraints:
  output_delay             990             dut.sdc_line_17_269_1   

#---------------------------------------------------------------------------------
#  Timing Point    Flags   Arc   Edge      Cell        Fanout Trans Delay Arrival 
#                                                              (ps)  (ps)   (ps)  
#---------------------------------------------------------------------------------
  ln_out_reg[5]/CK -       -     R     (arrival)           64     0     0       0 
  ln_out_reg[5]/Q  -       CK->Q R     DFFRPQ_X1M_A9TL      1    93   315     315 
  ln_out[5]        -       -     R     (port)               -     -     0     315 
#---------------------------------------------------------------------------------



Path 7: MET (1870 ps) Late External Delay Assertion at pin ln_out[6]
          Group: reg2out
     Startpoint: (R) ln_out_reg[6]/CK
          Clock: (R) clk
       Endpoint: (R) ln_out[6]
          Clock: (R) clk

                     Capture       Launch     
        Clock Edge:+    3300            0     
       Src Latency:+       0            0     
       Net Latency:+       0 (I)        0 (I) 
           Arrival:=    3300            0     
                                              
      Output Delay:-     990                  
       Uncertainty:-     125                  
     Required Time:=    2185                  
      Launch Clock:-       0                  
         Data Path:-     315                  
             Slack:=    1870                  

Exceptions/Constraints:
  output_delay             990             dut.sdc_line_17_268_1   

#---------------------------------------------------------------------------------
#  Timing Point    Flags   Arc   Edge      Cell        Fanout Trans Delay Arrival 
#                                                              (ps)  (ps)   (ps)  
#---------------------------------------------------------------------------------
  ln_out_reg[6]/CK -       -     R     (arrival)           64     0     0       0 
  ln_out_reg[6]/Q  -       CK->Q R     DFFRPQ_X1M_A9TL      1    93   315     315 
  ln_out[6]        -       -     R     (port)               -     -     0     315 
#---------------------------------------------------------------------------------



Path 8: MET (1870 ps) Late External Delay Assertion at pin ln_out[7]
          Group: reg2out
     Startpoint: (R) ln_out_reg[7]/CK
          Clock: (R) clk
       Endpoint: (R) ln_out[7]
          Clock: (R) clk

                     Capture       Launch     
        Clock Edge:+    3300            0     
       Src Latency:+       0            0     
       Net Latency:+       0 (I)        0 (I) 
           Arrival:=    3300            0     
                                              
      Output Delay:-     990                  
       Uncertainty:-     125                  
     Required Time:=    2185                  
      Launch Clock:-       0                  
         Data Path:-     315                  
             Slack:=    1870                  

Exceptions/Constraints:
  output_delay             990             dut.sdc_line_17_267_1   

#---------------------------------------------------------------------------------
#  Timing Point    Flags   Arc   Edge      Cell        Fanout Trans Delay Arrival 
#                                                              (ps)  (ps)   (ps)  
#---------------------------------------------------------------------------------
  ln_out_reg[7]/CK -       -     R     (arrival)           64     0     0       0 
  ln_out_reg[7]/Q  -       CK->Q R     DFFRPQ_X1M_A9TL      1    93   315     315 
  ln_out[7]        -       -     R     (port)               -     -     0     315 
#---------------------------------------------------------------------------------



Path 9: MET (1870 ps) Late External Delay Assertion at pin sum_out[0]
          Group: reg2out
     Startpoint: (R) sum_out_reg[0]/CK
          Clock: (R) clk
       Endpoint: (R) sum_out[0]
          Clock: (R) clk

                     Capture       Launch     
        Clock Edge:+    3300            0     
       Src Latency:+       0            0     
       Net Latency:+       0 (I)        0 (I) 
           Arrival:=    3300            0     
                                              
      Output Delay:-     990                  
       Uncertainty:-     125                  
     Required Time:=    2185                  
      Launch Clock:-       0                  
         Data Path:-     315                  
             Slack:=    1870                  

Exceptions/Constraints:
  output_delay             990             dut.sdc_line_17_266_1   

#----------------------------------------------------------------------------------
#   Timing Point    Flags   Arc   Edge      Cell        Fanout Trans Delay Arrival 
#                                                               (ps)  (ps)   (ps)  
#----------------------------------------------------------------------------------
  sum_out_reg[0]/CK -       -     R     (arrival)           32     0     0       0 
  sum_out_reg[0]/Q  -       CK->Q R     DFFRPQ_X1M_A9TL      1    93   315     315 
  sum_out[0]        -       -     R     (port)               -     -     0     315 
#----------------------------------------------------------------------------------



Path 10: MET (1870 ps) Late External Delay Assertion at pin sum_out[1]
          Group: reg2out
     Startpoint: (R) sum_out_reg[1]/CK
          Clock: (R) clk
       Endpoint: (R) sum_out[1]
          Clock: (R) clk

                     Capture       Launch     
        Clock Edge:+    3300            0     
       Src Latency:+       0            0     
       Net Latency:+       0 (I)        0 (I) 
           Arrival:=    3300            0     
                                              
      Output Delay:-     990                  
       Uncertainty:-     125                  
     Required Time:=    2185                  
      Launch Clock:-       0                  
         Data Path:-     315                  
             Slack:=    1870                  

Exceptions/Constraints:
  output_delay             990             dut.sdc_line_17_265_1   

#----------------------------------------------------------------------------------
#   Timing Point    Flags   Arc   Edge      Cell        Fanout Trans Delay Arrival 
#                                                               (ps)  (ps)   (ps)  
#----------------------------------------------------------------------------------
  sum_out_reg[1]/CK -       -     R     (arrival)           32     0     0       0 
  sum_out_reg[1]/Q  -       CK->Q R     DFFRPQ_X1M_A9TL      1    93   315     315 
  sum_out[1]        -       -     R     (port)               -     -     0     315 
#----------------------------------------------------------------------------------



Path 11: MET (1870 ps) Late External Delay Assertion at pin sum_out[2]
          Group: reg2out
     Startpoint: (R) sum_out_reg[2]/CK
          Clock: (R) clk
       Endpoint: (R) sum_out[2]
          Clock: (R) clk

                     Capture       Launch     
        Clock Edge:+    3300            0     
       Src Latency:+       0            0     
       Net Latency:+       0 (I)        0 (I) 
           Arrival:=    3300            0     
                                              
      Output Delay:-     990                  
       Uncertainty:-     125                  
     Required Time:=    2185                  
      Launch Clock:-       0                  
         Data Path:-     315                  
             Slack:=    1870                  

Exceptions/Constraints:
  output_delay             990             dut.sdc_line_17_264_1   

#----------------------------------------------------------------------------------
#   Timing Point    Flags   Arc   Edge      Cell        Fanout Trans Delay Arrival 
#                                                               (ps)  (ps)   (ps)  
#----------------------------------------------------------------------------------
  sum_out_reg[2]/CK -       -     R     (arrival)           32     0     0       0 
  sum_out_reg[2]/Q  -       CK->Q R     DFFRPQ_X1M_A9TL      1    93   315     315 
  sum_out[2]        -       -     R     (port)               -     -     0     315 
#----------------------------------------------------------------------------------



Path 12: MET (1870 ps) Late External Delay Assertion at pin sum_out[3]
          Group: reg2out
     Startpoint: (R) sum_out_reg[3]/CK
          Clock: (R) clk
       Endpoint: (R) sum_out[3]
          Clock: (R) clk

                     Capture       Launch     
        Clock Edge:+    3300            0     
       Src Latency:+       0            0     
       Net Latency:+       0 (I)        0 (I) 
           Arrival:=    3300            0     
                                              
      Output Delay:-     990                  
       Uncertainty:-     125                  
     Required Time:=    2185                  
      Launch Clock:-       0                  
         Data Path:-     315                  
             Slack:=    1870                  

Exceptions/Constraints:
  output_delay             990             dut.sdc_line_17_263_1   

#----------------------------------------------------------------------------------
#   Timing Point    Flags   Arc   Edge      Cell        Fanout Trans Delay Arrival 
#                                                               (ps)  (ps)   (ps)  
#----------------------------------------------------------------------------------
  sum_out_reg[3]/CK -       -     R     (arrival)           32     0     0       0 
  sum_out_reg[3]/Q  -       CK->Q R     DFFRPQ_X1M_A9TL      1    93   315     315 
  sum_out[3]        -       -     R     (port)               -     -     0     315 
#----------------------------------------------------------------------------------



Path 13: MET (1870 ps) Late External Delay Assertion at pin sum_out[4]
          Group: reg2out
     Startpoint: (R) sum_out_reg[4]/CK
          Clock: (R) clk
       Endpoint: (R) sum_out[4]
          Clock: (R) clk

                     Capture       Launch     
        Clock Edge:+    3300            0     
       Src Latency:+       0            0     
       Net Latency:+       0 (I)        0 (I) 
           Arrival:=    3300            0     
                                              
      Output Delay:-     990                  
       Uncertainty:-     125                  
     Required Time:=    2185                  
      Launch Clock:-       0                  
         Data Path:-     315                  
             Slack:=    1870                  

Exceptions/Constraints:
  output_delay             990             dut.sdc_line_17_262_1   

#----------------------------------------------------------------------------------
#   Timing Point    Flags   Arc   Edge      Cell        Fanout Trans Delay Arrival 
#                                                               (ps)  (ps)   (ps)  
#----------------------------------------------------------------------------------
  sum_out_reg[4]/CK -       -     R     (arrival)           32     0     0       0 
  sum_out_reg[4]/Q  -       CK->Q R     DFFRPQ_X1M_A9TL      1    93   315     315 
  sum_out[4]        -       -     R     (port)               -     -     0     315 
#----------------------------------------------------------------------------------



Path 14: MET (1870 ps) Late External Delay Assertion at pin sum_out[5]
          Group: reg2out
     Startpoint: (R) sum_out_reg[5]/CK
          Clock: (R) clk
       Endpoint: (R) sum_out[5]
          Clock: (R) clk

                     Capture       Launch     
        Clock Edge:+    3300            0     
       Src Latency:+       0            0     
       Net Latency:+       0 (I)        0 (I) 
           Arrival:=    3300            0     
                                              
      Output Delay:-     990                  
       Uncertainty:-     125                  
     Required Time:=    2185                  
      Launch Clock:-       0                  
         Data Path:-     315                  
             Slack:=    1870                  

Exceptions/Constraints:
  output_delay             990             dut.sdc_line_17_261_1   

#----------------------------------------------------------------------------------
#   Timing Point    Flags   Arc   Edge      Cell        Fanout Trans Delay Arrival 
#                                                               (ps)  (ps)   (ps)  
#----------------------------------------------------------------------------------
  sum_out_reg[5]/CK -       -     R     (arrival)           32     0     0       0 
  sum_out_reg[5]/Q  -       CK->Q R     DFFRPQ_X1M_A9TL      1    93   315     315 
  sum_out[5]        -       -     R     (port)               -     -     0     315 
#----------------------------------------------------------------------------------



Path 15: MET (1870 ps) Late External Delay Assertion at pin sum_out[6]
          Group: reg2out
     Startpoint: (R) sum_out_reg[6]/CK
          Clock: (R) clk
       Endpoint: (R) sum_out[6]
          Clock: (R) clk

                     Capture       Launch     
        Clock Edge:+    3300            0     
       Src Latency:+       0            0     
       Net Latency:+       0 (I)        0 (I) 
           Arrival:=    3300            0     
                                              
      Output Delay:-     990                  
       Uncertainty:-     125                  
     Required Time:=    2185                  
      Launch Clock:-       0                  
         Data Path:-     315                  
             Slack:=    1870                  

Exceptions/Constraints:
  output_delay             990             dut.sdc_line_17_260_1   

#----------------------------------------------------------------------------------
#   Timing Point    Flags   Arc   Edge      Cell        Fanout Trans Delay Arrival 
#                                                               (ps)  (ps)   (ps)  
#----------------------------------------------------------------------------------
  sum_out_reg[6]/CK -       -     R     (arrival)           32     0     0       0 
  sum_out_reg[6]/Q  -       CK->Q R     DFFRPQ_X1M_A9TL      1    93   315     315 
  sum_out[6]        -       -     R     (port)               -     -     0     315 
#----------------------------------------------------------------------------------



Path 16: MET (1870 ps) Late External Delay Assertion at pin sum_out[7]
          Group: reg2out
     Startpoint: (R) sum_out_reg[7]/CK
          Clock: (R) clk
       Endpoint: (R) sum_out[7]
          Clock: (R) clk

                     Capture       Launch     
        Clock Edge:+    3300            0     
       Src Latency:+       0            0     
       Net Latency:+       0 (I)        0 (I) 
           Arrival:=    3300            0     
                                              
      Output Delay:-     990                  
       Uncertainty:-     125                  
     Required Time:=    2185                  
      Launch Clock:-       0                  
         Data Path:-     315                  
             Slack:=    1870                  

Exceptions/Constraints:
  output_delay             990             dut.sdc_line_17_259_1   

#----------------------------------------------------------------------------------
#   Timing Point    Flags   Arc   Edge      Cell        Fanout Trans Delay Arrival 
#                                                               (ps)  (ps)   (ps)  
#----------------------------------------------------------------------------------
  sum_out_reg[7]/CK -       -     R     (arrival)           32     0     0       0 
  sum_out_reg[7]/Q  -       CK->Q R     DFFRPQ_X1M_A9TL      1    93   315     315 
  sum_out[7]        -       -     R     (port)               -     -     0     315 
#----------------------------------------------------------------------------------



Path 17: MET (1870 ps) Late External Delay Assertion at pin sum_out[8]
          Group: reg2out
     Startpoint: (R) sum_out_reg[8]/CK
          Clock: (R) clk
       Endpoint: (R) sum_out[8]
          Clock: (R) clk

                     Capture       Launch     
        Clock Edge:+    3300            0     
       Src Latency:+       0            0     
       Net Latency:+       0 (I)        0 (I) 
           Arrival:=    3300            0     
                                              
      Output Delay:-     990                  
       Uncertainty:-     125                  
     Required Time:=    2185                  
      Launch Clock:-       0                  
         Data Path:-     315                  
             Slack:=    1870                  

Exceptions/Constraints:
  output_delay             990             dut.sdc_line_17_258_1   

#----------------------------------------------------------------------------------
#   Timing Point    Flags   Arc   Edge      Cell        Fanout Trans Delay Arrival 
#                                                               (ps)  (ps)   (ps)  
#----------------------------------------------------------------------------------
  sum_out_reg[8]/CK -       -     R     (arrival)           32     0     0       0 
  sum_out_reg[8]/Q  -       CK->Q R     DFFRPQ_X1M_A9TL      1    93   315     315 
  sum_out[8]        -       -     R     (port)               -     -     0     315 
#----------------------------------------------------------------------------------



Path 18: MET (1870 ps) Late External Delay Assertion at pin sum_out[9]
          Group: reg2out
     Startpoint: (R) sum_out_reg[9]/CK
          Clock: (R) clk
       Endpoint: (R) sum_out[9]
          Clock: (R) clk

                     Capture       Launch     
        Clock Edge:+    3300            0     
       Src Latency:+       0            0     
       Net Latency:+       0 (I)        0 (I) 
           Arrival:=    3300            0     
                                              
      Output Delay:-     990                  
       Uncertainty:-     125                  
     Required Time:=    2185                  
      Launch Clock:-       0                  
         Data Path:-     315                  
             Slack:=    1870                  

Exceptions/Constraints:
  output_delay             990             dut.sdc_line_17_257_1   

#----------------------------------------------------------------------------------
#   Timing Point    Flags   Arc   Edge      Cell        Fanout Trans Delay Arrival 
#                                                               (ps)  (ps)   (ps)  
#----------------------------------------------------------------------------------
  sum_out_reg[9]/CK -       -     R     (arrival)           32     0     0       0 
  sum_out_reg[9]/Q  -       CK->Q R     DFFRPQ_X1M_A9TL      1    93   315     315 
  sum_out[9]        -       -     R     (port)               -     -     0     315 
#----------------------------------------------------------------------------------



Path 19: MET (1870 ps) Late External Delay Assertion at pin sum_out[10]
          Group: reg2out
     Startpoint: (R) sum_out_reg[10]/CK
          Clock: (R) clk
       Endpoint: (R) sum_out[10]
          Clock: (R) clk

                     Capture       Launch     
        Clock Edge:+    3300            0     
       Src Latency:+       0            0     
       Net Latency:+       0 (I)        0 (I) 
           Arrival:=    3300            0     
                                              
      Output Delay:-     990                  
       Uncertainty:-     125                  
     Required Time:=    2185                  
      Launch Clock:-       0                  
         Data Path:-     315                  
             Slack:=    1870                  

Exceptions/Constraints:
  output_delay             990             dut.sdc_line_17_256_1   

#-----------------------------------------------------------------------------------
#   Timing Point     Flags   Arc   Edge      Cell        Fanout Trans Delay Arrival 
#                                                                (ps)  (ps)   (ps)  
#-----------------------------------------------------------------------------------
  sum_out_reg[10]/CK -       -     R     (arrival)           32     0     0       0 
  sum_out_reg[10]/Q  -       CK->Q R     DFFRPQ_X1M_A9TL      1    93   315     315 
  sum_out[10]        -       -     R     (port)               -     -     0     315 
#-----------------------------------------------------------------------------------



Path 20: MET (1870 ps) Late External Delay Assertion at pin sum_out[11]
          Group: reg2out
     Startpoint: (R) sum_out_reg[11]/CK
          Clock: (R) clk
       Endpoint: (R) sum_out[11]
          Clock: (R) clk

                     Capture       Launch     
        Clock Edge:+    3300            0     
       Src Latency:+       0            0     
       Net Latency:+       0 (I)        0 (I) 
           Arrival:=    3300            0     
                                              
      Output Delay:-     990                  
       Uncertainty:-     125                  
     Required Time:=    2185                  
      Launch Clock:-       0                  
         Data Path:-     315                  
             Slack:=    1870                  

Exceptions/Constraints:
  output_delay             990             dut.sdc_line_17_255_1   

#-----------------------------------------------------------------------------------
#   Timing Point     Flags   Arc   Edge      Cell        Fanout Trans Delay Arrival 
#                                                                (ps)  (ps)   (ps)  
#-----------------------------------------------------------------------------------
  sum_out_reg[11]/CK -       -     R     (arrival)           32     0     0       0 
  sum_out_reg[11]/Q  -       CK->Q R     DFFRPQ_X1M_A9TL      1    93   315     315 
  sum_out[11]        -       -     R     (port)               -     -     0     315 
#-----------------------------------------------------------------------------------



Path 21: MET (1870 ps) Late External Delay Assertion at pin sum_out[12]
          Group: reg2out
     Startpoint: (R) sum_out_reg[12]/CK
          Clock: (R) clk
       Endpoint: (R) sum_out[12]
          Clock: (R) clk

                     Capture       Launch     
        Clock Edge:+    3300            0     
       Src Latency:+       0            0     
       Net Latency:+       0 (I)        0 (I) 
           Arrival:=    3300            0     
                                              
      Output Delay:-     990                  
       Uncertainty:-     125                  
     Required Time:=    2185                  
      Launch Clock:-       0                  
         Data Path:-     315                  
             Slack:=    1870                  

Exceptions/Constraints:
  output_delay             990             dut.sdc_line_17_254_1   

#-----------------------------------------------------------------------------------
#   Timing Point     Flags   Arc   Edge      Cell        Fanout Trans Delay Arrival 
#                                                                (ps)  (ps)   (ps)  
#-----------------------------------------------------------------------------------
  sum_out_reg[12]/CK -       -     R     (arrival)           32     0     0       0 
  sum_out_reg[12]/Q  -       CK->Q R     DFFRPQ_X1M_A9TL      1    93   315     315 
  sum_out[12]        -       -     R     (port)               -     -     0     315 
#-----------------------------------------------------------------------------------



Path 22: MET (1870 ps) Late External Delay Assertion at pin sum_out[13]
          Group: reg2out
     Startpoint: (R) sum_out_reg[13]/CK
          Clock: (R) clk
       Endpoint: (R) sum_out[13]
          Clock: (R) clk

                     Capture       Launch     
        Clock Edge:+    3300            0     
       Src Latency:+       0            0     
       Net Latency:+       0 (I)        0 (I) 
           Arrival:=    3300            0     
                                              
      Output Delay:-     990                  
       Uncertainty:-     125                  
     Required Time:=    2185                  
      Launch Clock:-       0                  
         Data Path:-     315                  
             Slack:=    1870                  

Exceptions/Constraints:
  output_delay             990             dut.sdc_line_17_253_1   

#-----------------------------------------------------------------------------------
#   Timing Point     Flags   Arc   Edge      Cell        Fanout Trans Delay Arrival 
#                                                                (ps)  (ps)   (ps)  
#-----------------------------------------------------------------------------------
  sum_out_reg[13]/CK -       -     R     (arrival)           32     0     0       0 
  sum_out_reg[13]/Q  -       CK->Q R     DFFRPQ_X1M_A9TL      1    93   315     315 
  sum_out[13]        -       -     R     (port)               -     -     0     315 
#-----------------------------------------------------------------------------------



Path 23: MET (1870 ps) Late External Delay Assertion at pin sum_out[14]
          Group: reg2out
     Startpoint: (R) sum_out_reg[14]/CK
          Clock: (R) clk
       Endpoint: (R) sum_out[14]
          Clock: (R) clk

                     Capture       Launch     
        Clock Edge:+    3300            0     
       Src Latency:+       0            0     
       Net Latency:+       0 (I)        0 (I) 
           Arrival:=    3300            0     
                                              
      Output Delay:-     990                  
       Uncertainty:-     125                  
     Required Time:=    2185                  
      Launch Clock:-       0                  
         Data Path:-     315                  
             Slack:=    1870                  

Exceptions/Constraints:
  output_delay             990             dut.sdc_line_17_252_1   

#-----------------------------------------------------------------------------------
#   Timing Point     Flags   Arc   Edge      Cell        Fanout Trans Delay Arrival 
#                                                                (ps)  (ps)   (ps)  
#-----------------------------------------------------------------------------------
  sum_out_reg[14]/CK -       -     R     (arrival)           32     0     0       0 
  sum_out_reg[14]/Q  -       CK->Q R     DFFRPQ_X1M_A9TL      1    93   315     315 
  sum_out[14]        -       -     R     (port)               -     -     0     315 
#-----------------------------------------------------------------------------------



Path 24: MET (1870 ps) Late External Delay Assertion at pin sum_out[15]
          Group: reg2out
     Startpoint: (R) sum_out_reg[15]/CK
          Clock: (R) clk
       Endpoint: (R) sum_out[15]
          Clock: (R) clk

                     Capture       Launch     
        Clock Edge:+    3300            0     
       Src Latency:+       0            0     
       Net Latency:+       0 (I)        0 (I) 
           Arrival:=    3300            0     
                                              
      Output Delay:-     990                  
       Uncertainty:-     125                  
     Required Time:=    2185                  
      Launch Clock:-       0                  
         Data Path:-     315                  
             Slack:=    1870                  

Exceptions/Constraints:
  output_delay             990             dut.sdc_line_17_251_1   

#-----------------------------------------------------------------------------------
#   Timing Point     Flags   Arc   Edge      Cell        Fanout Trans Delay Arrival 
#                                                                (ps)  (ps)   (ps)  
#-----------------------------------------------------------------------------------
  sum_out_reg[15]/CK -       -     R     (arrival)           32     0     0       0 
  sum_out_reg[15]/Q  -       CK->Q R     DFFRPQ_X1M_A9TL      1    93   315     315 
  sum_out[15]        -       -     R     (port)               -     -     0     315 
#-----------------------------------------------------------------------------------



Path 25: MET (1870 ps) Late External Delay Assertion at pin sum_out[16]
          Group: reg2out
     Startpoint: (R) sum_out_reg[16]/CK
          Clock: (R) clk
       Endpoint: (R) sum_out[16]
          Clock: (R) clk

                     Capture       Launch     
        Clock Edge:+    3300            0     
       Src Latency:+       0            0     
       Net Latency:+       0 (I)        0 (I) 
           Arrival:=    3300            0     
                                              
      Output Delay:-     990                  
       Uncertainty:-     125                  
     Required Time:=    2185                  
      Launch Clock:-       0                  
         Data Path:-     315                  
             Slack:=    1870                  

Exceptions/Constraints:
  output_delay             990             dut.sdc_line_17_250_1   

#-----------------------------------------------------------------------------------
#   Timing Point     Flags   Arc   Edge      Cell        Fanout Trans Delay Arrival 
#                                                                (ps)  (ps)   (ps)  
#-----------------------------------------------------------------------------------
  sum_out_reg[16]/CK -       -     R     (arrival)           32     0     0       0 
  sum_out_reg[16]/Q  -       CK->Q R     DFFRPQ_X1M_A9TL      1    93   315     315 
  sum_out[16]        -       -     R     (port)               -     -     0     315 
#-----------------------------------------------------------------------------------



Path 26: MET (1870 ps) Late External Delay Assertion at pin sum_out[17]
          Group: reg2out
     Startpoint: (R) sum_out_reg[17]/CK
          Clock: (R) clk
       Endpoint: (R) sum_out[17]
          Clock: (R) clk

                     Capture       Launch     
        Clock Edge:+    3300            0     
       Src Latency:+       0            0     
       Net Latency:+       0 (I)        0 (I) 
           Arrival:=    3300            0     
                                              
      Output Delay:-     990                  
       Uncertainty:-     125                  
     Required Time:=    2185                  
      Launch Clock:-       0                  
         Data Path:-     315                  
             Slack:=    1870                  

Exceptions/Constraints:
  output_delay             990             dut.sdc_line_17_249_1   

#-----------------------------------------------------------------------------------
#   Timing Point     Flags   Arc   Edge      Cell        Fanout Trans Delay Arrival 
#                                                                (ps)  (ps)   (ps)  
#-----------------------------------------------------------------------------------
  sum_out_reg[17]/CK -       -     R     (arrival)           32     0     0       0 
  sum_out_reg[17]/Q  -       CK->Q R     DFFRPQ_X1M_A9TL      1    93   315     315 
  sum_out[17]        -       -     R     (port)               -     -     0     315 
#-----------------------------------------------------------------------------------



Path 27: MET (1870 ps) Late External Delay Assertion at pin sum_out[18]
          Group: reg2out
     Startpoint: (R) sum_out_reg[18]/CK
          Clock: (R) clk
       Endpoint: (R) sum_out[18]
          Clock: (R) clk

                     Capture       Launch     
        Clock Edge:+    3300            0     
       Src Latency:+       0            0     
       Net Latency:+       0 (I)        0 (I) 
           Arrival:=    3300            0     
                                              
      Output Delay:-     990                  
       Uncertainty:-     125                  
     Required Time:=    2185                  
      Launch Clock:-       0                  
         Data Path:-     315                  
             Slack:=    1870                  

Exceptions/Constraints:
  output_delay             990             dut.sdc_line_17_248_1   

#-----------------------------------------------------------------------------------
#   Timing Point     Flags   Arc   Edge      Cell        Fanout Trans Delay Arrival 
#                                                                (ps)  (ps)   (ps)  
#-----------------------------------------------------------------------------------
  sum_out_reg[18]/CK -       -     R     (arrival)           32     0     0       0 
  sum_out_reg[18]/Q  -       CK->Q R     DFFRPQ_X1M_A9TL      1    93   315     315 
  sum_out[18]        -       -     R     (port)               -     -     0     315 
#-----------------------------------------------------------------------------------



Path 28: MET (1870 ps) Late External Delay Assertion at pin sum_out[19]
          Group: reg2out
     Startpoint: (R) sum_out_reg[19]/CK
          Clock: (R) clk
       Endpoint: (R) sum_out[19]
          Clock: (R) clk

                     Capture       Launch     
        Clock Edge:+    3300            0     
       Src Latency:+       0            0     
       Net Latency:+       0 (I)        0 (I) 
           Arrival:=    3300            0     
                                              
      Output Delay:-     990                  
       Uncertainty:-     125                  
     Required Time:=    2185                  
      Launch Clock:-       0                  
         Data Path:-     315                  
             Slack:=    1870                  

Exceptions/Constraints:
  output_delay             990             dut.sdc_line_17_247_1   

#-----------------------------------------------------------------------------------
#   Timing Point     Flags   Arc   Edge      Cell        Fanout Trans Delay Arrival 
#                                                                (ps)  (ps)   (ps)  
#-----------------------------------------------------------------------------------
  sum_out_reg[19]/CK -       -     R     (arrival)           32     0     0       0 
  sum_out_reg[19]/Q  -       CK->Q R     DFFRPQ_X1M_A9TL      1    93   315     315 
  sum_out[19]        -       -     R     (port)               -     -     0     315 
#-----------------------------------------------------------------------------------



Path 29: MET (1870 ps) Late External Delay Assertion at pin sum_out[20]
          Group: reg2out
     Startpoint: (R) sum_out_reg[20]/CK
          Clock: (R) clk
       Endpoint: (R) sum_out[20]
          Clock: (R) clk

                     Capture       Launch     
        Clock Edge:+    3300            0     
       Src Latency:+       0            0     
       Net Latency:+       0 (I)        0 (I) 
           Arrival:=    3300            0     
                                              
      Output Delay:-     990                  
       Uncertainty:-     125                  
     Required Time:=    2185                  
      Launch Clock:-       0                  
         Data Path:-     315                  
             Slack:=    1870                  

Exceptions/Constraints:
  output_delay             990             dut.sdc_line_17_246_1   

#-----------------------------------------------------------------------------------
#   Timing Point     Flags   Arc   Edge      Cell        Fanout Trans Delay Arrival 
#                                                                (ps)  (ps)   (ps)  
#-----------------------------------------------------------------------------------
  sum_out_reg[20]/CK -       -     R     (arrival)           32     0     0       0 
  sum_out_reg[20]/Q  -       CK->Q R     DFFRPQ_X1M_A9TL      1    93   315     315 
  sum_out[20]        -       -     R     (port)               -     -     0     315 
#-----------------------------------------------------------------------------------



Path 30: MET (1870 ps) Late External Delay Assertion at pin sum_out[21]
          Group: reg2out
     Startpoint: (R) sum_out_reg[21]/CK
          Clock: (R) clk
       Endpoint: (R) sum_out[21]
          Clock: (R) clk

                     Capture       Launch     
        Clock Edge:+    3300            0     
       Src Latency:+       0            0     
       Net Latency:+       0 (I)        0 (I) 
           Arrival:=    3300            0     
                                              
      Output Delay:-     990                  
       Uncertainty:-     125                  
     Required Time:=    2185                  
      Launch Clock:-       0                  
         Data Path:-     315                  
             Slack:=    1870                  

Exceptions/Constraints:
  output_delay             990             dut.sdc_line_17_245_1   

#-----------------------------------------------------------------------------------
#   Timing Point     Flags   Arc   Edge      Cell        Fanout Trans Delay Arrival 
#                                                                (ps)  (ps)   (ps)  
#-----------------------------------------------------------------------------------
  sum_out_reg[21]/CK -       -     R     (arrival)           32     0     0       0 
  sum_out_reg[21]/Q  -       CK->Q R     DFFRPQ_X1M_A9TL      1    93   315     315 
  sum_out[21]        -       -     R     (port)               -     -     0     315 
#-----------------------------------------------------------------------------------



Path 31: MET (1870 ps) Late External Delay Assertion at pin sum_out[22]
          Group: reg2out
     Startpoint: (R) sum_out_reg[22]/CK
          Clock: (R) clk
       Endpoint: (R) sum_out[22]
          Clock: (R) clk

                     Capture       Launch     
        Clock Edge:+    3300            0     
       Src Latency:+       0            0     
       Net Latency:+       0 (I)        0 (I) 
           Arrival:=    3300            0     
                                              
      Output Delay:-     990                  
       Uncertainty:-     125                  
     Required Time:=    2185                  
      Launch Clock:-       0                  
         Data Path:-     315                  
             Slack:=    1870                  

Exceptions/Constraints:
  output_delay             990             dut.sdc_line_17_244_1   

#-----------------------------------------------------------------------------------
#   Timing Point     Flags   Arc   Edge      Cell        Fanout Trans Delay Arrival 
#                                                                (ps)  (ps)   (ps)  
#-----------------------------------------------------------------------------------
  sum_out_reg[22]/CK -       -     R     (arrival)           32     0     0       0 
  sum_out_reg[22]/Q  -       CK->Q R     DFFRPQ_X1M_A9TL      1    93   315     315 
  sum_out[22]        -       -     R     (port)               -     -     0     315 
#-----------------------------------------------------------------------------------



Path 32: MET (1870 ps) Late External Delay Assertion at pin sum_out[23]
          Group: reg2out
     Startpoint: (R) sum_out_reg[23]/CK
          Clock: (R) clk
       Endpoint: (R) sum_out[23]
          Clock: (R) clk

                     Capture       Launch     
        Clock Edge:+    3300            0     
       Src Latency:+       0            0     
       Net Latency:+       0 (I)        0 (I) 
           Arrival:=    3300            0     
                                              
      Output Delay:-     990                  
       Uncertainty:-     125                  
     Required Time:=    2185                  
      Launch Clock:-       0                  
         Data Path:-     315                  
             Slack:=    1870                  

Exceptions/Constraints:
  output_delay             990             dut.sdc_line_17_243_1   

#-----------------------------------------------------------------------------------
#   Timing Point     Flags   Arc   Edge      Cell        Fanout Trans Delay Arrival 
#                                                                (ps)  (ps)   (ps)  
#-----------------------------------------------------------------------------------
  sum_out_reg[23]/CK -       -     R     (arrival)           32     0     0       0 
  sum_out_reg[23]/Q  -       CK->Q R     DFFRPQ_X1M_A9TL      1    93   315     315 
  sum_out[23]        -       -     R     (port)               -     -     0     315 
#-----------------------------------------------------------------------------------



Path 33: MET (1870 ps) Late External Delay Assertion at pin sum_out[24]
          Group: reg2out
     Startpoint: (R) sum_out_reg[24]/CK
          Clock: (R) clk
       Endpoint: (R) sum_out[24]
          Clock: (R) clk

                     Capture       Launch     
        Clock Edge:+    3300            0     
       Src Latency:+       0            0     
       Net Latency:+       0 (I)        0 (I) 
           Arrival:=    3300            0     
                                              
      Output Delay:-     990                  
       Uncertainty:-     125                  
     Required Time:=    2185                  
      Launch Clock:-       0                  
         Data Path:-     315                  
             Slack:=    1870                  

Exceptions/Constraints:
  output_delay             990             dut.sdc_line_17_242_1   

#-----------------------------------------------------------------------------------
#   Timing Point     Flags   Arc   Edge      Cell        Fanout Trans Delay Arrival 
#                                                                (ps)  (ps)   (ps)  
#-----------------------------------------------------------------------------------
  sum_out_reg[24]/CK -       -     R     (arrival)           32     0     0       0 
  sum_out_reg[24]/Q  -       CK->Q R     DFFRPQ_X1M_A9TL      1    93   315     315 
  sum_out[24]        -       -     R     (port)               -     -     0     315 
#-----------------------------------------------------------------------------------



Path 34: MET (1870 ps) Late External Delay Assertion at pin sum_out[25]
          Group: reg2out
     Startpoint: (R) sum_out_reg[25]/CK
          Clock: (R) clk
       Endpoint: (R) sum_out[25]
          Clock: (R) clk

                     Capture       Launch     
        Clock Edge:+    3300            0     
       Src Latency:+       0            0     
       Net Latency:+       0 (I)        0 (I) 
           Arrival:=    3300            0     
                                              
      Output Delay:-     990                  
       Uncertainty:-     125                  
     Required Time:=    2185                  
      Launch Clock:-       0                  
         Data Path:-     315                  
             Slack:=    1870                  

Exceptions/Constraints:
  output_delay             990             dut.sdc_line_17_241_1   

#-----------------------------------------------------------------------------------
#   Timing Point     Flags   Arc   Edge      Cell        Fanout Trans Delay Arrival 
#                                                                (ps)  (ps)   (ps)  
#-----------------------------------------------------------------------------------
  sum_out_reg[25]/CK -       -     R     (arrival)           32     0     0       0 
  sum_out_reg[25]/Q  -       CK->Q R     DFFRPQ_X1M_A9TL      1    93   315     315 
  sum_out[25]        -       -     R     (port)               -     -     0     315 
#-----------------------------------------------------------------------------------



Path 35: MET (1870 ps) Late External Delay Assertion at pin sum_out[26]
          Group: reg2out
     Startpoint: (R) sum_out_reg[26]/CK
          Clock: (R) clk
       Endpoint: (R) sum_out[26]
          Clock: (R) clk

                     Capture       Launch     
        Clock Edge:+    3300            0     
       Src Latency:+       0            0     
       Net Latency:+       0 (I)        0 (I) 
           Arrival:=    3300            0     
                                              
      Output Delay:-     990                  
       Uncertainty:-     125                  
     Required Time:=    2185                  
      Launch Clock:-       0                  
         Data Path:-     315                  
             Slack:=    1870                  

Exceptions/Constraints:
  output_delay             990             dut.sdc_line_17_240_1   

#-----------------------------------------------------------------------------------
#   Timing Point     Flags   Arc   Edge      Cell        Fanout Trans Delay Arrival 
#                                                                (ps)  (ps)   (ps)  
#-----------------------------------------------------------------------------------
  sum_out_reg[26]/CK -       -     R     (arrival)           32     0     0       0 
  sum_out_reg[26]/Q  -       CK->Q R     DFFRPQ_X1M_A9TL      1    93   315     315 
  sum_out[26]        -       -     R     (port)               -     -     0     315 
#-----------------------------------------------------------------------------------



Path 36: MET (1870 ps) Late External Delay Assertion at pin sum_out[27]
          Group: reg2out
     Startpoint: (R) sum_out_reg[27]/CK
          Clock: (R) clk
       Endpoint: (R) sum_out[27]
          Clock: (R) clk

                     Capture       Launch     
        Clock Edge:+    3300            0     
       Src Latency:+       0            0     
       Net Latency:+       0 (I)        0 (I) 
           Arrival:=    3300            0     
                                              
      Output Delay:-     990                  
       Uncertainty:-     125                  
     Required Time:=    2185                  
      Launch Clock:-       0                  
         Data Path:-     315                  
             Slack:=    1870                  

Exceptions/Constraints:
  output_delay             990             dut.sdc_line_17_239_1   

#-----------------------------------------------------------------------------------
#   Timing Point     Flags   Arc   Edge      Cell        Fanout Trans Delay Arrival 
#                                                                (ps)  (ps)   (ps)  
#-----------------------------------------------------------------------------------
  sum_out_reg[27]/CK -       -     R     (arrival)           32     0     0       0 
  sum_out_reg[27]/Q  -       CK->Q R     DFFRPQ_X1M_A9TL      1    93   315     315 
  sum_out[27]        -       -     R     (port)               -     -     0     315 
#-----------------------------------------------------------------------------------



Path 37: MET (1870 ps) Late External Delay Assertion at pin sum_out[28]
          Group: reg2out
     Startpoint: (R) sum_out_reg[28]/CK
          Clock: (R) clk
       Endpoint: (R) sum_out[28]
          Clock: (R) clk

                     Capture       Launch     
        Clock Edge:+    3300            0     
       Src Latency:+       0            0     
       Net Latency:+       0 (I)        0 (I) 
           Arrival:=    3300            0     
                                              
      Output Delay:-     990                  
       Uncertainty:-     125                  
     Required Time:=    2185                  
      Launch Clock:-       0                  
         Data Path:-     315                  
             Slack:=    1870                  

Exceptions/Constraints:
  output_delay             990             dut.sdc_line_17_238_1   

#-----------------------------------------------------------------------------------
#   Timing Point     Flags   Arc   Edge      Cell        Fanout Trans Delay Arrival 
#                                                                (ps)  (ps)   (ps)  
#-----------------------------------------------------------------------------------
  sum_out_reg[28]/CK -       -     R     (arrival)           32     0     0       0 
  sum_out_reg[28]/Q  -       CK->Q R     DFFRPQ_X1M_A9TL      1    93   315     315 
  sum_out[28]        -       -     R     (port)               -     -     0     315 
#-----------------------------------------------------------------------------------



Path 38: MET (1870 ps) Late External Delay Assertion at pin sum_out[29]
          Group: reg2out
     Startpoint: (R) sum_out_reg[29]/CK
          Clock: (R) clk
       Endpoint: (R) sum_out[29]
          Clock: (R) clk

                     Capture       Launch     
        Clock Edge:+    3300            0     
       Src Latency:+       0            0     
       Net Latency:+       0 (I)        0 (I) 
           Arrival:=    3300            0     
                                              
      Output Delay:-     990                  
       Uncertainty:-     125                  
     Required Time:=    2185                  
      Launch Clock:-       0                  
         Data Path:-     315                  
             Slack:=    1870                  

Exceptions/Constraints:
  output_delay             990             dut.sdc_line_17_237_1   

#-----------------------------------------------------------------------------------
#   Timing Point     Flags   Arc   Edge      Cell        Fanout Trans Delay Arrival 
#                                                                (ps)  (ps)   (ps)  
#-----------------------------------------------------------------------------------
  sum_out_reg[29]/CK -       -     R     (arrival)           32     0     0       0 
  sum_out_reg[29]/Q  -       CK->Q R     DFFRPQ_X1M_A9TL      1    93   315     315 
  sum_out[29]        -       -     R     (port)               -     -     0     315 
#-----------------------------------------------------------------------------------



Path 39: MET (1870 ps) Late External Delay Assertion at pin sum_out[30]
          Group: reg2out
     Startpoint: (R) sum_out_reg[30]/CK
          Clock: (R) clk
       Endpoint: (R) sum_out[30]
          Clock: (R) clk

                     Capture       Launch     
        Clock Edge:+    3300            0     
       Src Latency:+       0            0     
       Net Latency:+       0 (I)        0 (I) 
           Arrival:=    3300            0     
                                              
      Output Delay:-     990                  
       Uncertainty:-     125                  
     Required Time:=    2185                  
      Launch Clock:-       0                  
         Data Path:-     315                  
             Slack:=    1870                  

Exceptions/Constraints:
  output_delay             990             dut.sdc_line_17_236_1   

#-----------------------------------------------------------------------------------
#   Timing Point     Flags   Arc   Edge      Cell        Fanout Trans Delay Arrival 
#                                                                (ps)  (ps)   (ps)  
#-----------------------------------------------------------------------------------
  sum_out_reg[30]/CK -       -     R     (arrival)           32     0     0       0 
  sum_out_reg[30]/Q  -       CK->Q R     DFFRPQ_X1M_A9TL      1    93   315     315 
  sum_out[30]        -       -     R     (port)               -     -     0     315 
#-----------------------------------------------------------------------------------



Path 40: MET (1870 ps) Late External Delay Assertion at pin sum_out[31]
          Group: reg2out
     Startpoint: (R) sum_out_reg[31]/CK
          Clock: (R) clk
       Endpoint: (R) sum_out[31]
          Clock: (R) clk

                     Capture       Launch     
        Clock Edge:+    3300            0     
       Src Latency:+       0            0     
       Net Latency:+       0 (I)        0 (I) 
           Arrival:=    3300            0     
                                              
      Output Delay:-     990                  
       Uncertainty:-     125                  
     Required Time:=    2185                  
      Launch Clock:-       0                  
         Data Path:-     315                  
             Slack:=    1870                  

Exceptions/Constraints:
  output_delay             990             dut.sdc_line_17_235_1   

#-----------------------------------------------------------------------------------
#   Timing Point     Flags   Arc   Edge      Cell        Fanout Trans Delay Arrival 
#                                                                (ps)  (ps)   (ps)  
#-----------------------------------------------------------------------------------
  sum_out_reg[31]/CK -       -     R     (arrival)           32     0     0       0 
  sum_out_reg[31]/Q  -       CK->Q R     DFFRPQ_X1M_A9TL      1    93   315     315 
  sum_out[31]        -       -     R     (port)               -     -     0     315 
#-----------------------------------------------------------------------------------



Path 41: MET (1870 ps) Late External Delay Assertion at pin y_out[0][0]
          Group: reg2out
     Startpoint: (R) y_out_reg[0][0]/CK
          Clock: (R) clk
       Endpoint: (R) y_out[0][0]
          Clock: (R) clk

                     Capture       Launch     
        Clock Edge:+    3300            0     
       Src Latency:+       0            0     
       Net Latency:+       0 (I)        0 (I) 
           Arrival:=    3300            0     
                                              
      Output Delay:-     990                  
       Uncertainty:-     125                  
     Required Time:=    2185                  
      Launch Clock:-       0                  
         Data Path:-     315                  
             Slack:=    1870                  

Exceptions/Constraints:
  output_delay             990             dut.sdc_line_17_234_1   

#-----------------------------------------------------------------------------------
#   Timing Point     Flags   Arc   Edge      Cell        Fanout Trans Delay Arrival 
#                                                                (ps)  (ps)   (ps)  
#-----------------------------------------------------------------------------------
  y_out_reg[0][0]/CK -       -     R     (arrival)            8     0     0       0 
  y_out_reg[0][0]/Q  -       CK->Q R     DFFRPQ_X1M_A9TL      1    93   315     315 
  y_out[0][0]        -       -     R     (port)               -     -     0     315 
#-----------------------------------------------------------------------------------



Path 42: MET (1870 ps) Late External Delay Assertion at pin y_out[0][1]
          Group: reg2out
     Startpoint: (R) y_out_reg[0][1]/CK
          Clock: (R) clk
       Endpoint: (R) y_out[0][1]
          Clock: (R) clk

                     Capture       Launch     
        Clock Edge:+    3300            0     
       Src Latency:+       0            0     
       Net Latency:+       0 (I)        0 (I) 
           Arrival:=    3300            0     
                                              
      Output Delay:-     990                  
       Uncertainty:-     125                  
     Required Time:=    2185                  
      Launch Clock:-       0                  
         Data Path:-     315                  
             Slack:=    1870                  

Exceptions/Constraints:
  output_delay             990             dut.sdc_line_17_233_1   

#-----------------------------------------------------------------------------------
#   Timing Point     Flags   Arc   Edge      Cell        Fanout Trans Delay Arrival 
#                                                                (ps)  (ps)   (ps)  
#-----------------------------------------------------------------------------------
  y_out_reg[0][1]/CK -       -     R     (arrival)            8     0     0       0 
  y_out_reg[0][1]/Q  -       CK->Q R     DFFRPQ_X1M_A9TL      1    93   315     315 
  y_out[0][1]        -       -     R     (port)               -     -     0     315 
#-----------------------------------------------------------------------------------



Path 43: MET (1870 ps) Late External Delay Assertion at pin y_out[0][2]
          Group: reg2out
     Startpoint: (R) y_out_reg[0][2]/CK
          Clock: (R) clk
       Endpoint: (R) y_out[0][2]
          Clock: (R) clk

                     Capture       Launch     
        Clock Edge:+    3300            0     
       Src Latency:+       0            0     
       Net Latency:+       0 (I)        0 (I) 
           Arrival:=    3300            0     
                                              
      Output Delay:-     990                  
       Uncertainty:-     125                  
     Required Time:=    2185                  
      Launch Clock:-       0                  
         Data Path:-     315                  
             Slack:=    1870                  

Exceptions/Constraints:
  output_delay             990             dut.sdc_line_17_232_1   

#-----------------------------------------------------------------------------------
#   Timing Point     Flags   Arc   Edge      Cell        Fanout Trans Delay Arrival 
#                                                                (ps)  (ps)   (ps)  
#-----------------------------------------------------------------------------------
  y_out_reg[0][2]/CK -       -     R     (arrival)            8     0     0       0 
  y_out_reg[0][2]/Q  -       CK->Q R     DFFRPQ_X1M_A9TL      1    93   315     315 
  y_out[0][2]        -       -     R     (port)               -     -     0     315 
#-----------------------------------------------------------------------------------



Path 44: MET (1870 ps) Late External Delay Assertion at pin y_out[0][3]
          Group: reg2out
     Startpoint: (R) y_out_reg[0][3]/CK
          Clock: (R) clk
       Endpoint: (R) y_out[0][3]
          Clock: (R) clk

                     Capture       Launch     
        Clock Edge:+    3300            0     
       Src Latency:+       0            0     
       Net Latency:+       0 (I)        0 (I) 
           Arrival:=    3300            0     
                                              
      Output Delay:-     990                  
       Uncertainty:-     125                  
     Required Time:=    2185                  
      Launch Clock:-       0                  
         Data Path:-     315                  
             Slack:=    1870                  

Exceptions/Constraints:
  output_delay             990             dut.sdc_line_17_231_1   

#-----------------------------------------------------------------------------------
#   Timing Point     Flags   Arc   Edge      Cell        Fanout Trans Delay Arrival 
#                                                                (ps)  (ps)   (ps)  
#-----------------------------------------------------------------------------------
  y_out_reg[0][3]/CK -       -     R     (arrival)            8     0     0       0 
  y_out_reg[0][3]/Q  -       CK->Q R     DFFRPQ_X1M_A9TL      1    93   315     315 
  y_out[0][3]        -       -     R     (port)               -     -     0     315 
#-----------------------------------------------------------------------------------



Path 45: MET (1870 ps) Late External Delay Assertion at pin y_out[0][4]
          Group: reg2out
     Startpoint: (R) y_out_reg[0][4]/CK
          Clock: (R) clk
       Endpoint: (R) y_out[0][4]
          Clock: (R) clk

                     Capture       Launch     
        Clock Edge:+    3300            0     
       Src Latency:+       0            0     
       Net Latency:+       0 (I)        0 (I) 
           Arrival:=    3300            0     
                                              
      Output Delay:-     990                  
       Uncertainty:-     125                  
     Required Time:=    2185                  
      Launch Clock:-       0                  
         Data Path:-     315                  
             Slack:=    1870                  

Exceptions/Constraints:
  output_delay             990             dut.sdc_line_17_230_1   

#-----------------------------------------------------------------------------------
#   Timing Point     Flags   Arc   Edge      Cell        Fanout Trans Delay Arrival 
#                                                                (ps)  (ps)   (ps)  
#-----------------------------------------------------------------------------------
  y_out_reg[0][4]/CK -       -     R     (arrival)            8     0     0       0 
  y_out_reg[0][4]/Q  -       CK->Q R     DFFRPQ_X1M_A9TL      1    93   315     315 
  y_out[0][4]        -       -     R     (port)               -     -     0     315 
#-----------------------------------------------------------------------------------



Path 46: MET (1870 ps) Late External Delay Assertion at pin y_out[0][5]
          Group: reg2out
     Startpoint: (R) y_out_reg[0][5]/CK
          Clock: (R) clk
       Endpoint: (R) y_out[0][5]
          Clock: (R) clk

                     Capture       Launch     
        Clock Edge:+    3300            0     
       Src Latency:+       0            0     
       Net Latency:+       0 (I)        0 (I) 
           Arrival:=    3300            0     
                                              
      Output Delay:-     990                  
       Uncertainty:-     125                  
     Required Time:=    2185                  
      Launch Clock:-       0                  
         Data Path:-     315                  
             Slack:=    1870                  

Exceptions/Constraints:
  output_delay             990             dut.sdc_line_17_229_1   

#-----------------------------------------------------------------------------------
#   Timing Point     Flags   Arc   Edge      Cell        Fanout Trans Delay Arrival 
#                                                                (ps)  (ps)   (ps)  
#-----------------------------------------------------------------------------------
  y_out_reg[0][5]/CK -       -     R     (arrival)            8     0     0       0 
  y_out_reg[0][5]/Q  -       CK->Q R     DFFRPQ_X1M_A9TL      1    93   315     315 
  y_out[0][5]        -       -     R     (port)               -     -     0     315 
#-----------------------------------------------------------------------------------



Path 47: MET (1870 ps) Late External Delay Assertion at pin y_out[0][6]
          Group: reg2out
     Startpoint: (R) y_out_reg[0][6]/CK
          Clock: (R) clk
       Endpoint: (R) y_out[0][6]
          Clock: (R) clk

                     Capture       Launch     
        Clock Edge:+    3300            0     
       Src Latency:+       0            0     
       Net Latency:+       0 (I)        0 (I) 
           Arrival:=    3300            0     
                                              
      Output Delay:-     990                  
       Uncertainty:-     125                  
     Required Time:=    2185                  
      Launch Clock:-       0                  
         Data Path:-     315                  
             Slack:=    1870                  

Exceptions/Constraints:
  output_delay             990             dut.sdc_line_17_228_1   

#-----------------------------------------------------------------------------------
#   Timing Point     Flags   Arc   Edge      Cell        Fanout Trans Delay Arrival 
#                                                                (ps)  (ps)   (ps)  
#-----------------------------------------------------------------------------------
  y_out_reg[0][6]/CK -       -     R     (arrival)            8     0     0       0 
  y_out_reg[0][6]/Q  -       CK->Q R     DFFRPQ_X1M_A9TL      1    93   315     315 
  y_out[0][6]        -       -     R     (port)               -     -     0     315 
#-----------------------------------------------------------------------------------



Path 48: MET (1870 ps) Late External Delay Assertion at pin y_out[0][7]
          Group: reg2out
     Startpoint: (R) y_out_reg[0][7]/CK
          Clock: (R) clk
       Endpoint: (R) y_out[0][7]
          Clock: (R) clk

                     Capture       Launch     
        Clock Edge:+    3300            0     
       Src Latency:+       0            0     
       Net Latency:+       0 (I)        0 (I) 
           Arrival:=    3300            0     
                                              
      Output Delay:-     990                  
       Uncertainty:-     125                  
     Required Time:=    2185                  
      Launch Clock:-       0                  
         Data Path:-     315                  
             Slack:=    1870                  

Exceptions/Constraints:
  output_delay             990             dut.sdc_line_17_227_1   

#-----------------------------------------------------------------------------------
#   Timing Point     Flags   Arc   Edge      Cell        Fanout Trans Delay Arrival 
#                                                                (ps)  (ps)   (ps)  
#-----------------------------------------------------------------------------------
  y_out_reg[0][7]/CK -       -     R     (arrival)            8     0     0       0 
  y_out_reg[0][7]/Q  -       CK->Q R     DFFRPQ_X1M_A9TL      1    93   315     315 
  y_out[0][7]        -       -     R     (port)               -     -     0     315 
#-----------------------------------------------------------------------------------



Path 49: MET (1870 ps) Late External Delay Assertion at pin y_out[1][0]
          Group: reg2out
     Startpoint: (R) y_out_reg[1][0]/CK
          Clock: (R) clk
       Endpoint: (R) y_out[1][0]
          Clock: (R) clk

                     Capture       Launch     
        Clock Edge:+    3300            0     
       Src Latency:+       0            0     
       Net Latency:+       0 (I)        0 (I) 
           Arrival:=    3300            0     
                                              
      Output Delay:-     990                  
       Uncertainty:-     125                  
     Required Time:=    2185                  
      Launch Clock:-       0                  
         Data Path:-     315                  
             Slack:=    1870                  

Exceptions/Constraints:
  output_delay             990             dut.sdc_line_17_226_1   

#-----------------------------------------------------------------------------------
#   Timing Point     Flags   Arc   Edge      Cell        Fanout Trans Delay Arrival 
#                                                                (ps)  (ps)   (ps)  
#-----------------------------------------------------------------------------------
  y_out_reg[1][0]/CK -       -     R     (arrival)           64     0     0       0 
  y_out_reg[1][0]/Q  -       CK->Q R     DFFRPQ_X1M_A9TL      1    93   315     315 
  y_out[1][0]        -       -     R     (port)               -     -     0     315 
#-----------------------------------------------------------------------------------



Path 50: MET (1870 ps) Late External Delay Assertion at pin y_out[1][1]
          Group: reg2out
     Startpoint: (R) y_out_reg[1][1]/CK
          Clock: (R) clk
       Endpoint: (R) y_out[1][1]
          Clock: (R) clk

                     Capture       Launch     
        Clock Edge:+    3300            0     
       Src Latency:+       0            0     
       Net Latency:+       0 (I)        0 (I) 
           Arrival:=    3300            0     
                                              
      Output Delay:-     990                  
       Uncertainty:-     125                  
     Required Time:=    2185                  
      Launch Clock:-       0                  
         Data Path:-     315                  
             Slack:=    1870                  

Exceptions/Constraints:
  output_delay             990             dut.sdc_line_17_225_1   

#-----------------------------------------------------------------------------------
#   Timing Point     Flags   Arc   Edge      Cell        Fanout Trans Delay Arrival 
#                                                                (ps)  (ps)   (ps)  
#-----------------------------------------------------------------------------------
  y_out_reg[1][1]/CK -       -     R     (arrival)           64     0     0       0 
  y_out_reg[1][1]/Q  -       CK->Q R     DFFRPQ_X1M_A9TL      1    93   315     315 
  y_out[1][1]        -       -     R     (port)               -     -     0     315 
#-----------------------------------------------------------------------------------

