============================================================
  Generated by:           Genus(TM) Synthesis Solution 25.12-s067_1
  Generated on:           Sep 19 2026  11:05:31 am
  Module:                 tr_rmsnorm
  Operating conditions:   ss_typical_max_0p90v_125c (balanced_tree)
  Wireload mode:          top
  Area mode:              timing library
============================================================


Path 1: MET (4 ps) Setup Check with Pin s1_ln_out_reg[6]/CK->D
          Group: in2reg
     Startpoint: (F) sum_in[18]
          Clock: (R) clk
       Endpoint: (R) s1_ln_out_reg[6]/D
          Clock: (R) clk

                     Capture       Launch     
        Clock Edge:+    3300            0     
        Drv Adjust:+       0           17     
       Src Latency:+       0            0     
       Net Latency:+       0 (I)        0 (I) 
           Arrival:=    3300           17     
                                              
             Setup:-      93                  
       Uncertainty:-     125                  
     Required Time:=    3082                  
      Launch Clock:-      17                  
       Input Delay:-     990                  
         Data Path:-    2071                  
             Slack:=       4                  

Exceptions/Constraints:
  input_delay             990             dut.sdc_line_15_145_1   


