============================================================
  Generated by:           Genus(TM) Synthesis Solution 25.12-s067_1
  Generated on:           Sep 27 2026  11:53:06 pm
  Module:                 ibert_softmax
  Operating conditions:   ss_typical_max_0p90v_125c (balanced_tree)
  Wireload mode:          top
  Area mode:              timing library
============================================================


Path 1: MET (0 ps) Setup Check with Pin sum_reg_reg[11]/CK->D
          Group: reg2reg
     Startpoint: (R) delta_reg_reg[4][2]/CK
          Clock: (R) clk
       Endpoint: (R) sum_reg_reg[11]/D
          Clock: (R) clk

                     Capture       Launch     
        Clock Edge:+    3300            0     
       Src Latency:+       0            0     
       Net Latency:+       0 (I)        0 (I) 
           Arrival:=    3300            0     
                                              
             Setup:-     121                  
       Uncertainty:-     125                  
     Required Time:=    3054                  
      Launch Clock:-       0                  
         Data Path:-    3054                  
             Slack:=       0                  

#-----------------------------------------------------------------------------------------------------------------
#                 Timing Point                  Flags    Arc    Edge       Cell        Fanout Trans Delay Arrival 
#                                                                                              (ps)  (ps)   (ps)  
#-----------------------------------------------------------------------------------------------------------------
  delta_reg_reg[4][2]/CK                        -       -       R     (arrival)            80     0     0       0 
  delta_reg_reg[4][2]/Q                         -       CK->Q   F     SDFFRPQ_X4M_A9TL      5    85   301     301 
  g3213919__5115/Y                              -       A->Y    F     AND2_X4M_A9TL         4    68   135     436 
  g3213898/Y                                    -       A->Y    R     INV_X3M_A9TL          2    58    60     496 
  g3213838__6783/Y                              -       A->Y    F     NAND3_X3M_A9TL        1    82    66     562 
  g3213803__3680/Y                              -       B0N->Y  R     AO21B_X3M_A9TL        2    70    64     626 
  g3217279/Y                                    -       A1N->Y  R     AOI2XB1_X1M_A9TL      2   278   260     885 
  g3213700__8428/Y                              -       A->Y    F     NAND2_X1M_A9TL        1   127   127    1012 
  g3213675__1705/Y                              -       A0->Y   R     AOI32_X1M_A9TL        1   225   193    1205 
  g3213634__5107/Y                              -       B0->Y   F     OAI21_X2M_A9TL        2   124   128    1333 
  csa_tree_ADD_TC_OP_6_groupi_g2644/CO          -       B->CO   F     ADDH_X1M_A9TL         1    60   147    1480 
  csa_tree_ADD_TC_OP_6_groupi_cdnfadd_002_2/CO  -       A->CO   F     ADDFH_X1M_A9TL        1    76   320    1800 
  csa_tree_ADD_TC_OP_6_groupi_cdnfadd_003_4/SUM -       CI->SUM R     ADDFH_X1M_A9TL        1    86   228    2028 
  csa_tree_ADD_TC_OP_6_groupi_cdnfadd_003_5/SUM -       CI->SUM F     ADDFH_X2M_A9TL        3   118   268    2295 
  csa_tree_ADD_TC_OP_6_groupi_g2593/Y           -       A0->Y   R     OAI21_X4M_A9TL        1   106   109    2404 
  csa_tree_ADD_TC_OP_6_groupi_g2591/Y           -       A->Y    F     NAND2_X4M_A9TL        2    57    57    2462 
  csa_tree_ADD_TC_OP_6_groupi_g2583/Y           -       BN->Y   F     NOR2XB_X6M_A9TL       2    60   120    2581 
  csa_tree_ADD_TC_OP_6_groupi_g2651/Y           -       A->Y    R     NAND2XB_X4M_A9TL      2    98    77    2658 
  csa_tree_ADD_TC_OP_6_groupi_g2578/Y           -       A->Y    F     NAND2_X4M_A9TL        3    73    71    2729 
  csa_tree_ADD_TC_OP_6_groupi_g2574/Y           -       B1->Y   F     AO1B2_X4M_A9TL        2    89   137    2866 
  csa_tree_ADD_TC_OP_6_groupi_g2569/Y           -       A0->Y   R     AOI21_X6M_A9TL        2   106   102    2968 
  csa_tree_ADD_TC_OP_6_groupi_g2566/Y           -       A->Y    R     XOR2_X3M_A9TL         1   152    85    3053 
  sum_reg_reg[11]/D                             -       -       R     DFFRPQN_X1M_A9TL      1     -     0    3054 
#-----------------------------------------------------------------------------------------------------------------

