============================================================
  Generated by:           Genus(TM) Synthesis Solution 25.12-s067_1
  Generated on:           Sep 24 2026  04:51:57 pm
  Module:                 tr_nonlinear_vpu
  Operating conditions:   ss_typical_max_0p90v_125c (balanced_tree)
  Wireload mode:          top
  Area mode:              timing library
============================================================


Path 1: MET (0 ps) Setup Check with Pin vpu_data_out_reg[3][3]/CK->D
          Group: in2reg
     Startpoint: (F) sram_data_a[3][3]
          Clock: (R) clk
       Endpoint: (R) vpu_data_out_reg[3][3]/D
          Clock: (R) clk

                     Capture       Launch     
        Clock Edge:+    3300            0     
        Drv Adjust:+       0           20     
       Src Latency:+       0            0     
       Net Latency:+       0 (I)        0 (I) 
           Arrival:=    3300           20     
                                              
             Setup:-     100                  
       Uncertainty:-     125                  
     Required Time:=    3075                  
      Launch Clock:-      20                  
       Input Delay:-     990                  
         Data Path:-    2065                  
             Slack:=       0                  

Exceptions/Constraints:
  input_delay             990             dut.sdc_line_15_47_1   

#--------------------------------------------------------------------------------------------------------
#            Timing Point              Flags    Arc    Edge       Cell        Fanout Trans Delay Arrival 
#                                                                                     (ps)  (ps)   (ps)  
#--------------------------------------------------------------------------------------------------------
  sram_data_a[3][3]                    -       -       F     (arrival)             3    58     0    1010 
  u_alpha/g7788__5115/Y                -       B->Y    F     OR2_X4M_A9TL          1    52   126    1136 
  u_alpha/g7772__3680/Y                -       B->Y    R     NOR2_X8M_A9TL         2    75    75    1211 
  u_alpha/g7787__1881/Y                -       A1N->Y  R     AOI2XB1_X6M_A9TL      1    97   155    1366 
  u_alpha/g7760__1666/Y                -       A->Y    F     NAND2_X8M_A9TL        8    85    78    1445 
  u_alpha/mul_51_32_I4_g1807__4733/Y   -       A->Y    R     NAND2XB_X2M_A9TL      1    75    71    1516 
  u_alpha/mul_51_32_I4_g1730__9315/SUM -       CI->SUM F     ADDFH_X2M_A9TL        2   105   255    1771 
  u_alpha/mul_51_32_I4_g1728/Y         -       A->Y    R     INV_X2P5M_A9TL        1    72    77    1848 
  u_alpha/mul_51_32_I4_g1717__8246/Y   -       A->Y    F     NAND2_X6M_A9TL        2    50    51    1899 
  u_alpha/mul_51_32_I4_g1706__5526/Y   -       B->Y    R     NAND2_X6M_A9TL        2    60    62    1961 
  u_alpha/mul_51_32_I4_g1667__5122/Y   -       A->Y    F     NAND2_X3A_A9TL        1    79    69    2030 
  u_alpha/mul_51_32_I4_g1665__2802/Y   -       A->Y    R     NAND2_X6B_A9TL        3    71    70    2100 
  u_alpha/mul_51_32_I4_g1663/Y         -       A->Y    F     INV_X2M_A9TL          1    40    47    2147 
  u_alpha/mul_51_32_I4_g1658__5526/Y   -       A0->Y   R     OAI21_X3M_A9TL        1   127   100    2247 
  u_alpha/mul_51_32_I4_g1656__4319/Y   -       A->Y    R     XOR2_X3M_A9TL         2   213   114    2361 
  u_alpha/g7754/Y                      -       A->Y    R     BUFH_X1P4M_A9TL       2    86   146    2507 
  u_alpha/g7732__1705/Y                -       A->Y    F     NOR2_X2M_A9TR         1   126   110    2618 
  u_alpha/g7731__2802/Y                -       B->Y    R     NAND2_X6M_A9TL        3    93   102    2720 
  u_alpha/g7725__5526/Y                -       A->Y    F     MXIT2_X3M_A9TL        1   100    83    2803 
  u_alpha/g7713__2346/Y                -       A0->Y   R     OAI21_X6M_A9TL        2    93    96    2900 
  g25124/Y                             -       A->Y    F     NAND2_X2A_A9TR        1    96    90    2989 
  g23873/Y                             -       A->Y    R     NAND3_X2M_A9TL        1   114    86    3075 
  vpu_data_out_reg[3][3]/D             -       -       R     DFFRPQ_X2M_A9TL       1     -     0    3075 
#--------------------------------------------------------------------------------------------------------

