============================================================
  Generated by:           Genus(TM) Synthesis Solution 25.12-s067_1
  Generated on:           Sep 24 2026  04:51:57 pm
  Module:                 tr_nonlinear_vpu
  Operating conditions:   ss_typical_max_0p90v_125c (balanced_tree)
  Wireload mode:          top
  Area mode:              timing library
============================================================


Path 1: MET (1 ps) Setup Check with Pin u_backbone/s2_post_ln_reg_reg[7][6]/CK->D
          Group: reg2reg
     Startpoint: (R) u_backbone/s1_mode_pre_ln_reg/CK
          Clock: (R) clk
       Endpoint: (F) u_backbone/s2_post_ln_reg_reg[7][6]/D
          Clock: (R) clk

                     Capture       Launch     
        Clock Edge:+    3300            0     
       Src Latency:+       0            0     
       Net Latency:+       0 (I)        0 (I) 
           Arrival:=    3300            0     
                                              
             Setup:-     124                  
       Uncertainty:-     125                  
     Required Time:=    3051                  
      Launch Clock:-       0                  
         Data Path:-    3050                  
             Slack:=       1                  

#-------------------------------------------------------------------------------------------------------------
#               Timing Point                 Flags    Arc   Edge       Cell        Fanout Trans Delay Arrival 
#                                                                                          (ps)  (ps)   (ps)  
#-------------------------------------------------------------------------------------------------------------
  u_backbone/s1_mode_pre_ln_reg/CK           -       -      R     (arrival)           414     0     0       0 
  u_backbone/s1_mode_pre_ln_reg/Q            -       CK->Q  R     DFFRPQ_X4M_A9TL       1    62   284     284 
  u_backbone/g2091/Y                         -       A->Y   R     BUFH_X9M_A9TL         9   102   109     393 
  u_backbone/u_pre_ln/g6872/Y                -       A->Y   R     AND2_X4M_A9TL         3    99   142     536 
  u_backbone/u_pre_ln/g6771/Y                -       A->Y   F     NAND2XB_X6M_A9TL      3    71    69     605 
  u_backbone/u_pre_ln/g6748/Y                -       A->Y   R     NOR2_X8M_A9TL         4   115    95     700 
  u_backbone/u_pre_ln/g6698/Y                -       A->Y   F     NAND2_X2M_A9TL        1    66    66     766 
  u_backbone/u_pre_ln/g6587/Y                -       A->Y   R     NAND2_X2A_A9TL        1    73    59     824 
  u_backbone/u_pre_ln/g6581/Y                -       B->Y   R     AND2_X3M_A9TL         7   148   165     990 
  u_backbone/gen_tr_lanes[7].u_tr_ln/g6077/Y -       A->Y   F     INV_X3M_A9TL          3    62    68    1057 
  u_backbone/gen_tr_lanes[7].u_tr_ln/g6057/Y -       B->Y   R     NOR2_X1P4M_A9TL       2   166   130    1187 
  u_backbone/gen_tr_lanes[7].u_tr_ln/g6024/Y -       A->Y   F     NOR2_X1P4A_A9TL       1   105   104    1291 
  u_backbone/gen_tr_lanes[7].u_tr_ln/g6015/Y -       C->Y   R     NAND3_X4M_A9TL        2   118   118    1410 
  u_backbone/gen_tr_lanes[7].u_tr_ln/g5941/Y -       A->Y   F     NOR2_X4A_A9TL         4   110    94    1504 
  u_backbone/gen_tr_lanes[7].u_tr_ln/g6091/Y -       AN->Y  F     NOR2B_X2M_A9TL        1    93   155    1660 
  u_backbone/gen_tr_lanes[7].u_tr_ln/g5914/Y -       A1->Y  F     OA21_X3M_A9TL         3    72   175    1834 
  u_backbone/gen_tr_lanes[7].u_tr_ln/g5908/Y -       B0N->Y R     AO21B_X2M_A9TL        1    82    67    1901 
  u_backbone/gen_tr_lanes[7].u_tr_ln/g5897/Y -       A->Y   F     MXIT2_X3M_A9TL        1    64    66    1968 
  u_backbone/gen_tr_lanes[7].u_tr_ln/g6101/Y -       A->Y   R     NOR2XB_X2M_A9TL       2   177   128    2096 
  u_backbone/gen_tr_lanes[7].u_tr_ln/g5885/Y -       B->Y   F     NOR2_X3M_A9TL         1    73    89    2185 
  u_backbone/gen_tr_lanes[7].u_tr_ln/g5878/Y -       B0->Y  R     OAI31_X3M_A9TL        1   144    81    2266 
  u_backbone/gen_tr_lanes[7].u_tr_ln/g5874/Y -       B->Y   F     NAND2_X2M_A9TL        1    69    80    2345 
  u_backbone/g3321/Y                         -       B0->Y  F     AO1B2_X4M_A9TL        2   107   130    2475 
  u_backbone/u_post_ln/g13363/Y              -       A->Y   R     NOR2_X4M_A9TL         1    80    80    2554 
  u_backbone/u_post_ln/g13279/Y              -       A->Y   R     AND3_X4M_A9TL         3    82   134    2689 
  u_backbone/u_post_ln/g13256/Y              -       A->Y   F     INV_X2M_A9TL          2    47    54    2743 
  u_backbone/u_post_ln/g13171/Y              -       A->Y   R     NAND2_X1P4M_A9TL      1   105    65    2807 
  u_backbone/u_post_ln/g12967/Y              -       BN->Y  R     NAND2XB_X2M_A9TL      1    71   134    2941 
  u_backbone/u_post_ln/g12946/Y              -       B0->Y  F     OAI211_X1M_A9TL       1   126   108    3050 
  u_backbone/s2_post_ln_reg_reg[7][6]/D      -       -      F     DFFRPQ_X1M_A9TL       1     -     0    3050 
#-------------------------------------------------------------------------------------------------------------

