============================================================
  Generated by:           Genus(TM) Synthesis Solution 25.12-s067_1
  Generated on:           Mar 29 2026  07:22:04 pm
  Module:                 soft_dsp_eng_post_wrapper
  Operating conditions:   ss_typical_max_0p90v_125c (balanced_tree)
  Wireload mode:          top
  Area mode:              timing library
============================================================


Path 1: MET (1094 ps) Late External Delay Assertion at pin in_ready
          Group: in2out
     Startpoint: (R) out_ready
          Clock: (R) clk
       Endpoint: (R) in_ready
          Clock: (R) clk

                        Capture       Launch     
           Path Delay:+    3300            -     
           Drv Adjust:+       0           20     
          Src Latency:+       0            0     
          Net Latency:+       0 (I)        0 (I) 
        Capture Clock:+       0                  
              Arrival:=    3300           20     
                                                 
         Output Delay:-     900                  
          Uncertainty:-     125                  
        Required Time:=    2275                  
         Launch Clock:-      20                  
          Input Delay:-     900                  
            Data Path:-     260                  
                Slack:=    1094                  

Exceptions/Constraints:
  max_delay                3300            soft_dsp_eng_post_wr_line_19         
  input_delay              900             soft_dsp_eng_post_wr_line_16_264_1   
  output_delay             900             soft_dsp_eng_post_wr_line_18         

#---------------------------------------------------------------------------------------
#     Timing Point      Flags   Arc   Edge       Cell        Fanout Trans Delay Arrival 
#                                                                    (ps)  (ps)   (ps)  
#---------------------------------------------------------------------------------------
  out_ready             -       -     R     (arrival)             3    60     0     920 
  dsp_mul/g9032__6161/Y -       BN->Y R     NAND2XB_X1M_A9TL      5   339   260    1180 
  in_ready              -       -     R     (port)                -     -     0    1180 
#---------------------------------------------------------------------------------------

