============================================================
  Generated by:           Genus(TM) Synthesis Solution 25.12-s067_1
  Generated on:           Mar 29 2026  07:22:04 pm
  Module:                 soft_dsp_eng_post_wrapper
  Operating conditions:   ss_typical_max_0p90v_125c (balanced_tree)
  Wireload mode:          top
  Area mode:              timing library
============================================================


Path 1: MET (0 ps) Setup Check with Pin dsp_mul/vec_sum_reg_reg[19]/CK->B
          Group: reg2reg
     Startpoint: (R) dsp_mul/prod_reg_reg[11][7]/CK
          Clock: (R) clk
       Endpoint: (F) dsp_mul/vec_sum_reg_reg[19]/B
          Clock: (R) clk

                     Capture       Launch     
        Clock Edge:+    3000            0     
       Src Latency:+       0            0     
       Net Latency:+       0 (I)        0 (I) 
           Arrival:=    3000            0     
                                              
             Setup:-     146                  
       Uncertainty:-     125                  
     Required Time:=    2729                  
      Launch Clock:-       0                  
         Data Path:-    2729                  
             Slack:=       0                  

#--------------------------------------------------------------------------------------------------------------------
#                  Timing Point                   Flags    Arc    Edge       Cell         Fanout Trans Delay Arrival 
#                                                                                                 (ps)  (ps)   (ps)  
#--------------------------------------------------------------------------------------------------------------------
  dsp_mul/prod_reg_reg[11][7]/CK                  -       -       R     (arrival)            528     0     0       0 
  dsp_mul/prod_reg_reg[11][7]/Q                   -       CK->Q   R     DFFQ_X2M_A9TL          3    94   265     265 
  dsp_mul/g15856/Y                                -       B->Y    R     XOR2_X1M_A9TL          1   233   165     430 
  dsp_mul/g15840/Y                                -       B->Y    F     XNOR2_X2M_A9TL         1   132   153     584 
  dsp_mul/csa_tree_ADD_TC_OP_14_groupi_g11097/CO  -       B->CO   F     ADDF_X2M_A9TL          1    88   251     835 
  dsp_mul/csa_tree_ADD_TC_OP_14_groupi_g10986/CO  -       A->CO   F     ADDF_X2M_A9TL          2   121   267    1101 
  dsp_mul/csa_tree_ADD_TC_OP_14_groupi_g10955/Y   -       S0->Y   F     MXIT2_X3M_A9TL         1    78   102    1203 
  dsp_mul/csa_tree_ADD_TC_OP_14_groupi_g11574/Y   -       B->Y    F     XOR2_X3M_A9TL          1    85   122    1325 
  dsp_mul/csa_tree_ADD_TC_OP_14_groupi_g10870/S   -       CI->S   R     ADDF_X1M_A9TL          1    97   311    1636 
  dsp_mul/csa_tree_ADD_TC_OP_14_groupi_g10806/SUM -       CI->SUM F     ADDFH_X2M_A9TL         2   101   259    1895 
  dsp_mul/csa_tree_ADD_TC_OP_14_groupi_g10798/Y   -       B->Y    R     NOR2_X4M_A9TL          3   166   141    2036 
  dsp_mul/csa_tree_ADD_TC_OP_14_groupi_g10755/Y   -       A0->Y   F     OAI21_X6M_A9TL         2    66    88    2123 
  dsp_mul/csa_tree_ADD_TC_OP_14_groupi_g10739/Y   -       A0->Y   R     AOI21_X4M_A9TL         3   126   110    2233 
  dsp_mul/csa_tree_ADD_TC_OP_14_groupi_g10727/Y   -       B0->Y   F     OAI21_X3M_A9TL         1    78    82    2315 
  dsp_mul/csa_tree_ADD_TC_OP_14_groupi_g10719/Y   -       A->Y    R     NAND3XXB_X4M_A9TL      1   111    85    2400 
  dsp_mul/csa_tree_ADD_TC_OP_14_groupi_g10715/Y   -       A->Y    F     NAND2_X6M_A9TL         5    76    73    2473 
  dsp_mul/csa_tree_ADD_TC_OP_14_groupi_g10710/Y   -       A->Y    R     NAND2XB_X2M_A9TL       1    99    82    2556 
  dsp_mul/csa_tree_ADD_TC_OP_14_groupi_g10704/Y   -       C0->Y   F     OAI211_X4M_A9TL        1   112    83    2639 
  dsp_mul/csa_tree_ADD_TC_OP_14_groupi_g10700/Y   -       A->Y    F     XOR2_X3M_A9TL          1    94    90    2729 
  dsp_mul/vec_sum_reg_reg[19]/B                   -       -       F     A2DFFQ_X1M_A9TL        1     -     0    2729 
#--------------------------------------------------------------------------------------------------------------------

