============================================================
  Generated by:           Genus(TM) Synthesis Solution 25.12-s067_1
  Generated on:           Mar 25 2026  06:05:28 pm
  Module:                 vec_mac_su
  Operating conditions:   ss_typical_max_0p90v_125c (balanced_tree)
  Wireload mode:          top
  Area mode:              timing library
============================================================


Path 1: MET (21 ps) Setup Check with Pin vec_sum_reg_reg[19]/CK->B
          Group: reg2reg
     Startpoint: (R) prod_reg_reg[9][9]/CK
          Clock: (R) clk
       Endpoint: (F) vec_sum_reg_reg[19]/B
          Clock: (R) clk

                     Capture       Launch     
        Clock Edge:+    3000            0     
       Src Latency:+       0            0     
       Net Latency:+       0 (I)        0 (I) 
           Arrival:=    3000            0     
                                              
             Setup:-     152                  
       Uncertainty:-     125                  
     Required Time:=    2723                  
      Launch Clock:-       0                  
         Data Path:-    2702                  
             Slack:=      21                  

#---------------------------------------------------------------------------------------------------------------
#                 Timing Point                  Flags    Arc   Edge      Cell        Fanout Trans Delay Arrival 
#                                                                                            (ps)  (ps)   (ps)  
#---------------------------------------------------------------------------------------------------------------
  prod_reg_reg[9][9]/CK                         -       -      R     (arrival)          512     0     0       0 
  prod_reg_reg[9][9]/Q                          -       CK->Q  F     DFFQ_X1M_A9TL        3   136   324     324 
  csa_tree_ADD_TC_OP_14_groupi_g10899/Y         -       A->Y   R     INV_X3M_A9TL         2    76    82     406 
  csa_tree_ADD_TC_OP_14_groupi_g10898/Y         -       A->Y   F     INV_X2M_A9TL         1    38    44     450 
  csa_tree_ADD_TC_OP_14_groupi_g10803__5107/Y   -       A->Y   R     MXIT2_X2M_A9TL       1   160    96     546 
  csa_tree_ADD_TC_OP_14_groupi_g10714__6131/Y   -       A->Y   R     XOR2_X2M_A9TL        1   218   133     678 
  csa_tree_ADD_TC_OP_14_groupi_g10464__5526/CO  -       A->CO  R     ADDF_X2M_A9TL        2   106   248     926 
  csa_tree_ADD_TC_OP_14_groupi_g10456/Y         -       A->Y   F     INV_X3M_A9TL         2    51    57     983 
  csa_tree_ADD_TC_OP_14_groupi_g10376__8428/Y   -       C->Y   F     XNOR3_X3M_A9TL       2    90   266    1249 
  csa_tree_ADD_TC_OP_14_groupi_g10346/Y         -       A->Y   R     INV_X2M_A9TL         2    65    68    1317 
  csa_tree_ADD_TC_OP_14_groupi_g10307__1617/Y   -       B->Y   F     NAND2_X1A_A9TL       1    97    83    1400 
  csa_tree_ADD_TC_OP_14_groupi_g10257__1666/Y   -       B0->Y  F     AO1B2_X2M_A9TL       1    63   131    1531 
  csa_tree_ADD_TC_OP_14_groupi_g10225__2883/SUM -       A->SUM R     ADDFH_X2M_A9TL       2   108   334    1865 
  csa_tree_ADD_TC_OP_14_groupi_g10198__5477/Y   -       A->Y   F     NOR2XB_X4M_A9TL      3    87    81    1946 
  csa_tree_ADD_TC_OP_14_groupi_g10172__8428/Y   -       B->Y   R     NOR2_X3A_A9TL        2   132   119    2065 
  csa_tree_ADD_TC_OP_14_groupi_g10970__6783/Y   -       BN->Y  R     NOR2XB_X3M_A9TL      1   109   165    2230 
  csa_tree_ADD_TC_OP_14_groupi_g10144__2802/Y   -       B->Y   F     NAND2_X4M_A9TL       3    84    81    2311 
  csa_tree_ADD_TC_OP_14_groupi_g10129__2346/Y   -       A0->Y  F     OA211_X3M_A9TL       4    88   192    2503 
  csa_tree_ADD_TC_OP_14_groupi_g10120__5115/Y   -       A0->Y  R     OAI21_X2M_A9TL       1   127   114    2617 
  csa_tree_ADD_TC_OP_14_groupi_g10117__7098/Y   -       A1->Y  F     AOI21_X2M_A9TL       1   107    85    2702 
  vec_sum_reg_reg[19]/B                         -       -      F     A2DFFQ_X2M_A9TL      1     -     0    2702 
#---------------------------------------------------------------------------------------------------------------

