============================================================
  Generated by:           Genus(TM) Synthesis Solution 25.12-s067_1
  Generated on:           Mar 26 2026  02:10:25 pm
  Module:                 tr_softmax
  Operating conditions:   ss_typical_max_0p90v_125c (balanced_tree)
  Wireload mode:          top
  Area mode:              timing library
============================================================


Path 1: MET (1 ps) Late External Delay Assertion at pin out_e_a[1][4]
          Group: reg2out
     Startpoint: (R) u_decompose/gen_mode_0_int_max_int_sub.in_data_d_reg[2][1][0]/CK
          Clock: (R) clk
       Endpoint: (F) out_e_a[1][4]
          Clock: (R) clk

                     Capture       Launch     
        Clock Edge:+    3000            0     
       Src Latency:+       0            0     
       Net Latency:+       0 (I)        0 (I) 
           Arrival:=    3000            0     
                                              
      Output Delay:-     900                  
       Uncertainty:-     125                  
     Required Time:=    1975                  
      Launch Clock:-       0                  
         Data Path:-    1974                  
             Slack:=       1                  

Exceptions/Constraints:
  output_delay             900             tr_softmax.sdc_line_18_124_1   

#------------------------------------------------------------------------------------------------------------------------------------
#                          Timing Point                            Flags    Arc   Edge       Cell         Fanout Trans Delay Arrival 
#                                                                                                                 (ps)  (ps)   (ps)  
#------------------------------------------------------------------------------------------------------------------------------------
  u_decompose/gen_mode_0_int_max_int_sub.in_data_d_reg[2][1][0]/CK -       -      R     (arrival)            285     0     0       0 
  u_decompose/gen_mode_0_int_max_int_sub.in_data_d_reg[2][1][0]/Q  -       CK->Q  F     DFFRPQ_X4M_A9TL        2    48   269     269 
  u_decompose/gen_mode_0_int_max_int_sub.u_max_sub/g7560/Y         -       A->Y   R     INV_X3M_A9TL           1    45    45     314 
  u_decompose/gen_mode_0_int_max_int_sub.u_max_sub/g7542/Y         -       A->Y   F     NAND2_X3A_A9TL         3    99    76     390 
  u_decompose/gen_mode_0_int_max_int_sub.u_max_sub/g7420/CON       -       A->CON R     CGENI_X2M_A9TL         2   159   144     534 
  u_decompose/gen_mode_0_int_max_int_sub.u_max_sub/g7403/CO        -       CI->CO R     CGEN_X2M_A9TL          2   112   199     733 
  u_decompose/gen_mode_0_int_max_int_sub.u_max_sub/g7395/Y         -       A->Y   F     NAND2_X6M_A9TL         2    67    53     785 
  u_decompose/gen_mode_0_int_max_int_sub.u_max_sub/g7373/Y         -       A->Y   R     NAND2XB_X4M_A9TL       2    96    78     863 
  u_decompose/gen_mode_0_int_max_int_sub.u_max_sub/g7370/Y         -       A->Y   F     NAND2_X6M_A9TL         3    71    59     922 
  u_decompose/gen_mode_0_int_max_int_sub.u_max_sub/g7348/Y         -       A->Y   R     NAND3XXB_X6M_A9TL      2   112    81    1003 
  u_decompose/gen_mode_0_int_max_int_sub.u_max_sub/g7330/Y         -       A->Y   F     NAND2XB_X6M_A9TL       2    66    64    1067 
  u_decompose/gen_mode_0_int_max_int_sub.u_max_sub/g7313/Y         -       A0->Y  R     OAI2XB1_X8M_A9TL       2   122    93    1161 
  u_decompose/gen_mode_0_int_max_int_sub.u_max_sub/g7270/Y         -       A->Y   F     NAND2XB_X8M_A9TL       7    76    74    1234 
  u_decompose/gen_mode_0_int_max_int_sub.u_max_sub/g7221/Y         -       C->Y   F     AND3_X2M_A9TL          3    77   164    1398 
  u_decompose/GEN_EXP[1].u_tr_exp/u_round/g218/Y                   -       BN->Y  F     NOR2XB_X8M_A9TL        3    60   132    1530 
  u_decompose/GEN_EXP[1].u_tr_exp/u_round/g213/Y                   -       A->Y   R     NAND2XB_X4M_A9TL       2    85    69    1600 
  u_decompose/GEN_EXP[1].u_tr_exp/u_round/g212/Y                   -       A->Y   F     INV_X3M_A9TL           1    41    47    1647 
  u_decompose/GEN_EXP[1].u_tr_exp/u_round/g210/Y                   -       A->Y   R     NAND2_X4A_A9TL         1    87    53    1700 
  u_decompose/GEN_EXP[1].u_tr_exp/u_round/g209/Y                   -       A->Y   F     NAND2_X8A_A9TL         6   104    82    1781 
  u_decompose/GEN_EXP[1].u_tr_exp/g273/Y                           -       B0->Y  R     AOI21_X6M_A9TL         3   112   106    1887 
  u_decompose/GEN_EXP[1].u_tr_exp/g269/Y                           -       B->Y   F     NOR2_X3A_A9TL          3    83    87    1974 
  out_e_a[1][4]                                                    -       -      F     (port)                 -     -     0    1974 
#------------------------------------------------------------------------------------------------------------------------------------

