============================================================
  Generated by:           Genus(TM) Synthesis Solution 25.12-s067_1
  Generated on:           Mar 26 2026  04:48:20 pm
  Module:                 tr_softmax
  Operating conditions:   ss_typical_max_0p90v_125c (balanced_tree)
  Wireload mode:          top
  Area mode:              timing library
============================================================


Path 1: MET (93 ps) Late External Delay Assertion at pin out_e_a[0][2]
          Group: in2out
     Startpoint: (F) in_data[0][3]
          Clock: (R) clk
       Endpoint: (F) out_e_a[0][2]
          Clock: (R) clk

                        Capture       Launch     
           Path Delay:+    3300            -     
           Drv Adjust:+       0           34     
          Src Latency:+       0            0     
          Net Latency:+       0 (I)        0 (I) 
        Capture Clock:+       0                  
              Arrival:=    3300           34     
                                                 
         Output Delay:-     900                  
          Uncertainty:-     125                  
        Required Time:=    2275                  
         Launch Clock:-      34                  
          Input Delay:-     900                  
            Data Path:-    1248                  
                Slack:=      93                  

Exceptions/Constraints:
  max_delay                3300            tr_softmax.sdc_line_19         
  input_delay              900             tr_softmax.sdc_line_16_62_1    
  output_delay             900             tr_softmax.sdc_line_18_134_1   

#-----------------------------------------------------------------------------------------------------------------
#                 Timing Point                   Flags    Arc   Edge       Cell        Fanout Trans Delay Arrival 
#                                                                                              (ps)  (ps)   (ps)  
#-----------------------------------------------------------------------------------------------------------------
  in_data[0][3]                                  -       -      F     (arrival)             6    74     0     934 
  u_decompose/GEN_EXP[0].u_tr_exp/u_round/g216/Y -       B->Y   R     NAND2_X1P4M_A9TL      3   169   130    1064 
  u_decompose/GEN_EXP[0].u_tr_exp/u_round/g215/Y -       B->Y   F     NOR2_X1P4B_A9TL       3   195   178    1242 
  u_decompose/GEN_EXP[0].u_tr_exp/u_round/g211/Y -       B->Y   R     NAND2_X1A_A9TL        2   137   143    1385 
  u_decompose/GEN_EXP[0].u_tr_exp/u_round/g2/Y   -       BN->Y  R     NAND2XB_X2M_A9TL      1    84   152    1537 
  u_decompose/GEN_EXP[0].u_tr_exp/u_round/g207/Y -       B0N->Y F     AO21B_X2M_A9TL        6   184   137    1674 
  u_decompose/GEN_EXP[0].u_tr_exp/g238/Y         -       A->Y   R     NOR2XB_X2M_A9TL       3   193   168    1842 
  u_decompose/GEN_EXP[0].u_tr_exp/g234/Y         -       B0->Y  F     AOI2XB1_X2M_A9TL      4   171   138    1981 
  u_decompose/GEN_EXP[0].u_tr_exp/g231/Y         -       A->Y   F     OR2_X1M_A9TL          2   103   201    2182 
  out_e_a[0][2]                                  -       -      F     (port)                -     -     0    2182 
#-----------------------------------------------------------------------------------------------------------------

