============================================================
  Generated by:           Genus(TM) Synthesis Solution 25.12-s067_1
  Generated on:           Mar 26 2026  02:14:52 pm
  Module:                 tr_softmax
  Operating conditions:   ss_typical_max_0p90v_125c (balanced_tree)
  Wireload mode:          top
  Area mode:              timing library
============================================================


Path 1: MET (1796 ps) Setup Check with Pin dsp_mac/vec_sum_reg_reg[14]/CK->A
          Group: in2reg
     Startpoint: (F) rst_n
          Clock: (R) clk
       Endpoint: (F) dsp_mac/vec_sum_reg_reg[14]/A
          Clock: (R) clk

                     Capture       Launch     
        Clock Edge:+    3000            0     
        Drv Adjust:+       0            0     
       Src Latency:+       0            0     
       Net Latency:+       0 (I)        0 (I) 
           Arrival:=    3000            0     
                                              
             Setup:-     179                  
       Uncertainty:-     125                  
     Required Time:=    2696                  
      Launch Clock:-       0                  
       Input Delay:-     900                  
         Data Path:-       0                  
             Slack:=    1796                  

Exceptions/Constraints:
  input_delay             900             tr_softmax.sdc_line_16   

#------------------------------------------------------------------------------------------------
#         Timing Point          Flags   Arc   Edge       Cell         Fanout Trans Delay Arrival 
#                                                                             (ps)  (ps)   (ps)  
#------------------------------------------------------------------------------------------------
  rst_n                         (i)     -     F     (arrival)             42     0     0     900 
  dsp_mac/vec_sum_reg_reg[14]/A -       -     F     A2DFFQ_X0P5M_A9TR     42     -     0     900 
#------------------------------------------------------------------------------------------------

(i) : Net is ideal.

