============================================================
  Generated by:           Genus(TM) Synthesis Solution 25.12-s067_1
  Generated on:           Mar 26 2026  02:14:52 pm
  Module:                 tr_softmax
  Operating conditions:   ss_typical_max_0p90v_125c (balanced_tree)
  Wireload mode:          top
  Area mode:              timing library
============================================================


Path 1: MET (176 ps) Late External Delay Assertion at pin out_e_a[0][4]
          Group: reg2out
     Startpoint: (R) u_decompose/gen_mode_2_ext_max_ext_sub.in_data_d_reg[0][3]/CK
          Clock: (R) clk
       Endpoint: (R) out_e_a[0][4]
          Clock: (R) clk

                     Capture       Launch     
        Clock Edge:+    3000            0     
       Src Latency:+       0            0     
       Net Latency:+       0 (I)        0 (I) 
           Arrival:=    3000            0     
                                              
      Output Delay:-     900                  
       Uncertainty:-     125                  
     Required Time:=    1975                  
      Launch Clock:-       0                  
         Data Path:-    1799                  
             Slack:=     176                  

Exceptions/Constraints:
  output_delay             900             tr_softmax.sdc_line_18_132_1   

#-------------------------------------------------------------------------------------------------------------------------------
#                         Timing Point                          Flags    Arc   Edge      Cell        Fanout Trans Delay Arrival 
#                                                                                                            (ps)  (ps)   (ps)  
#-------------------------------------------------------------------------------------------------------------------------------
  u_decompose/gen_mode_2_ext_max_ext_sub.in_data_d_reg[0][3]/CK -       -      R     (arrival)           89     0     0       0 
  u_decompose/gen_mode_2_ext_max_ext_sub.in_data_d_reg[0][3]/Q  -       CK->Q  R     DFFRPQ_X1M_A9TL      6   287   424     424 
  u_decompose/GEN_EXP[0].u_tr_exp/u_round/g216/Y                -       B->Y   F     NAND2_X1A_A9TL       2   161   174     597 
  u_decompose/GEN_EXP[0].u_tr_exp/u_round/g215/Y                -       A->Y   R     INV_X1M_A9TL         2   139   133     730 
  u_decompose/GEN_EXP[0].u_tr_exp/u_round/g214/Y                -       B->Y   F     NAND2_X1A_A9TL       3   213   171     902 
  u_decompose/GEN_EXP[0].u_tr_exp/u_round/g210/Y                -       A->Y   R     NOR2XB_X1M_A9TL      1   165   158    1060 
  u_decompose/GEN_EXP[0].u_tr_exp/u_round/g208/Y                -       B->Y   F     NAND2_X1M_A9TL       1   108   112    1172 
  u_decompose/GEN_EXP[0].u_tr_exp/u_round/g207/Y                -       B0N->Y R     AO21B_X2M_A9TL       6   160   126    1298 
  u_decompose/GEN_EXP[0].u_tr_exp/g272/Y                        -       B0N->Y R     OAI21B_X1M_A9TL      3   313   242    1540 
  u_decompose/GEN_EXP[0].u_tr_exp/g269/Y                        -       B->Y   R     AND2_X1M_A9TL        3   196   259    1799 
  out_e_a[0][4]                                                 -       -      R     (port)               -     -     0    1799 
#-------------------------------------------------------------------------------------------------------------------------------

