============================================================
  Generated by:           Genus(TM) Synthesis Solution 25.12-s067_1
  Generated on:           Mar 29 2026  07:37:33 pm
  Module:                 soft_dsp_eng_post_wrapper
  Operating conditions:   ss_typical_max_0p90v_125c (balanced_tree)
  Wireload mode:          top
  Area mode:              timing library
============================================================

Timing
--------

Clock Period 
-------------
clk   3000.0 


        Cost          Critical         Violating 
       Group         Path Slack  TNS     Paths   
-------------------------------------------------
cg_enable_group_clk      1255.7   0.0          0 
clk                    No paths   0.0            
default                No paths   0.0            
in2out                   1094.5   0.0          0 
in2reg                     40.6   0.0          0 
reg2out                  1407.6   0.0          0 
reg2reg                     0.3   0.0          0 
-------------------------------------------------
Total                             0.0          0 

Instance Count
--------------
Leaf Instance Count             10795 
Physical Instance count             0 
Sequential Instance Count        1802 
Combinational Instance Count     8993 
Hierarchical Instance Count        58 

Area
----
Cell Area                          45024.840
Physical Cell Area                 0.000
Total Cell Area (Cell+Physical)    45024.840
Net Area                           0.000
Total Area (Cell+Physical+Net)     45024.840

Max Fanout                         656 (clk)
Min Fanout                         0 (n_229)
Average Fanout                     2.2
Terms to net ratio                 3.1749
Terms to instance ratio            3.3690
Runtime                            396.0842930000001 seconds
Elapsed Runtime                    398 seconds
Genus peak memory usage            2668.86 
Innovus peak memory usage          no_value 
Hostname                           enicsw11.local
