============================================================
  Generated by:           Genus(TM) Synthesis Solution 25.12-s067_1
  Generated on:           Mar 29 2026  07:37:29 pm
  Module:                 soft_dsp_eng_post_wrapper
  Operating conditions:   ss_typical_max_0p90v_125c (balanced_tree)
  Wireload mode:          top
  Area mode:              timing library
============================================================

 
  Hierarchy Report Format : 
 
    level instance ( module ) <status>
 
    status :    preserve_<value> -- indicating preserve hierachy or inherited_preserve value
           :    blackbox --  indicating  unresolved instance
 
==================================================================

 0 soft_dsp_eng_post_wrapper
  1 RC_CG_HIER_INST0 ( RC_CG_MOD ) 
  1 RC_CG_HIER_INST1 ( RC_CG_MOD_1 ) 
  1 dsp_mul ( vec_mul_N16_W8_ACC_W32 ) 
     2 RC_CG_HIER_INST2 ( RC_CG_MOD_2 ) 
     2 RC_CG_HIER_INST3 ( RC_CG_MOD_3 ) 
     2 RC_CG_HIER_INST4 ( RC_CG_MOD_4 ) 
  1 u_max_sub ( max_sub_NUM_INPUTS16_DATA_WIDTH8_CLAMP_MINn128 ) 
  1 u_piped_max ( piped_max_NUM_INPUTS16_DATA_WIDTH8_IS_SIGNED1 ) 
  1 u_tr_exp_wrapper ( tr_exp_wrapper_N16_FRAC4_ITER2 ) 
     2 GEN_EXP[0].u_tr_exp ( tr_exp_FRAC4_ITER2 ) 
        3 qd ( quadratic_divider ) 
        3 uut ( q4_4_round_neg ) 
     2 GEN_EXP[1].u_tr_exp ( tr_exp_FRAC4_ITER2_483 ) 
        3 qd ( quadratic_divider_3510 ) 
        3 uut ( q4_4_round_neg_453 ) 
     2 GEN_EXP[2].u_tr_exp ( tr_exp_FRAC4_ITER2_482 ) 
        3 qd ( quadratic_divider_3509 ) 
        3 uut ( q4_4_round_neg_452 ) 
     2 GEN_EXP[3].u_tr_exp ( tr_exp_FRAC4_ITER2_481 ) 
        3 qd ( quadratic_divider_3508 ) 
        3 uut ( q4_4_round_neg_451 ) 
     2 GEN_EXP[4].u_tr_exp ( tr_exp_FRAC4_ITER2_480 ) 
        3 qd ( quadratic_divider_3507 ) 
        3 uut ( q4_4_round_neg_450 ) 
     2 GEN_EXP[5].u_tr_exp ( tr_exp_FRAC4_ITER2_479 ) 
        3 qd ( quadratic_divider_3506 ) 
        3 uut ( q4_4_round_neg_449 ) 
     2 GEN_EXP[6].u_tr_exp ( tr_exp_FRAC4_ITER2_478 ) 
        3 qd ( quadratic_divider_3505 ) 
        3 uut ( q4_4_round_neg_448 ) 
     2 GEN_EXP[7].u_tr_exp ( tr_exp_FRAC4_ITER2_477 ) 
        3 qd ( quadratic_divider_3504 ) 
        3 uut ( q4_4_round_neg_447 ) 
     2 GEN_EXP[8].u_tr_exp ( tr_exp_FRAC4_ITER2_476 ) 
        3 qd ( quadratic_divider_3503 ) 
        3 uut ( q4_4_round_neg_446 ) 
     2 GEN_EXP[9].u_tr_exp ( tr_exp_FRAC4_ITER2_475 ) 
        3 qd ( quadratic_divider_3502 ) 
        3 uut ( q4_4_round_neg_445 ) 
     2 GEN_EXP[10].u_tr_exp ( tr_exp_FRAC4_ITER2_474 ) 
        3 qd ( quadratic_divider_3501 ) 
        3 uut ( q4_4_round_neg_444 ) 
     2 GEN_EXP[11].u_tr_exp ( tr_exp_FRAC4_ITER2_473 ) 
        3 qd ( quadratic_divider_3500 ) 
        3 uut ( q4_4_round_neg_443 ) 
     2 GEN_EXP[12].u_tr_exp ( tr_exp_FRAC4_ITER2_472 ) 
        3 qd ( quadratic_divider_3499 ) 
        3 uut ( q4_4_round_neg_442 ) 
     2 GEN_EXP[13].u_tr_exp ( tr_exp_FRAC4_ITER2_471 ) 
        3 qd ( quadratic_divider_3498 ) 
        3 uut ( q4_4_round_neg_441 ) 
     2 GEN_EXP[14].u_tr_exp ( tr_exp_FRAC4_ITER2_470 ) 
        3 qd ( quadratic_divider_3497 ) 
        3 uut ( q4_4_round_neg_440 ) 
     2 GEN_EXP[15].u_tr_exp ( tr_exp_FRAC4_ITER2_469 ) 
        3 qd ( quadratic_divider_3496 ) 
        3 uut ( q4_4_round_neg_439 ) 
  1 u_tr_ln ( tr_ln_WIDTH17_BITS4 ) 
