============================================================
  Generated by:           Genus(TM) Synthesis Solution 25.12-s067_1
  Generated on:           Mar 29 2026  07:37:33 pm
  Module:                 soft_dsp_eng_post_wrapper
  Operating conditions:   ss_typical_max_0p90v_125c (balanced_tree)
  Wireload mode:          top
  Area mode:              timing library
============================================================

Max_transition design rule: no violations.


Max_capacitance design rule: no violations.


Max_fanout design rule (violation total = 25.000)
Pin                               Fanout           Max     Violation
----------------------------------------------------------------------
u_max_sub/g13744/Y                32.000        16.000        16.000
u_max_sub/g13744/Y                32.000        16.000        16.000
u_max_sub/g13744/Y                32.000        16.000        16.000
u_max_sub/g13744/Y                32.000        16.000        16.000
u_max_sub/g13744/Y                32.000        16.000        16.000
u_max_sub/g13744/Y                32.000        16.000        16.000
u_max_sub/g13744/Y                32.000        16.000        16.000
u_max_sub/g13744/Y                32.000        16.000        16.000
u_max_sub/g13744/Y                32.000        16.000        16.000
u_max_sub/g13744/Y                32.000        16.000        16.000
u_max_sub/g13744/Y                32.000        16.000        16.000
u_max_sub/g13744/Y                32.000        16.000        16.000
u_max_sub/g13744/Y                32.000        16.000        16.000
u_max_sub/g13744/Y                32.000        16.000        16.000
u_max_sub/g13744/Y                32.000        16.000        16.000
u_max_sub/g13744/Y                32.000        16.000        16.000
u_max_sub/g13744/Y                32.000        16.000        16.000
u_max_sub/g13744/Y                32.000        16.000        16.000
u_max_sub/g13744/Y                32.000        16.000        16.000
u_max_sub/g13744/Y                32.000        16.000        16.000
u_max_sub/g13744/Y                32.000        16.000        16.000
u_max_sub/g13744/Y                32.000        16.000        16.000
u_max_sub/g13744/Y                32.000        16.000        16.000
u_max_sub/g13744/Y                32.000        16.000        16.000
u_max_sub/g13744/Y                32.000        16.000        16.000
u_max_sub/g13744/Y                32.000        16.000        16.000
u_max_sub/g13744/Y                32.000        16.000        16.000
u_max_sub/g13744/Y                32.000        16.000        16.000
u_max_sub/g13744/Y                32.000        16.000        16.000
u_max_sub/g13744/Y                32.000        16.000        16.000
u_max_sub/g13744/Y                32.000        16.000        16.000
u_max_sub/g13744/Y                32.000        16.000        16.000
u_max_sub/g13744/Y                32.000        16.000        16.000
dsp_mul/g9036/Y                   24.000        16.000         8.000
dsp_mul/g9036/Y                   24.000        16.000         8.000
dsp_mul/g9036/Y                   24.000        16.000         8.000
dsp_mul/g9036/Y                   24.000        16.000         8.000
dsp_mul/g9036/Y                   24.000        16.000         8.000
dsp_mul/g9036/Y                   24.000        16.000         8.000
dsp_mul/g9036/Y                   24.000        16.000         8.000
dsp_mul/g9036/Y                   24.000        16.000         8.000
dsp_mul/g9036/Y                   24.000        16.000         8.000
dsp_mul/g9036/Y                   24.000        16.000         8.000
dsp_mul/g9036/Y                   24.000        16.000         8.000
dsp_mul/g9036/Y                   24.000        16.000         8.000
dsp_mul/g9036/Y                   24.000        16.000         8.000
dsp_mul/g9036/Y                   24.000        16.000         8.000
dsp_mul/g9036/Y                   24.000        16.000         8.000
dsp_mul/g9036/Y                   24.000        16.000         8.000
dsp_mul/g9036/Y                   24.000        16.000         8.000
dsp_mul/g9036/Y                   24.000        16.000         8.000
dsp_mul/g9036/Y                   24.000        16.000         8.000
dsp_mul/g9036/Y                   24.000        16.000         8.000
dsp_mul/g9036/Y                   24.000        16.000         8.000
dsp_mul/g9036/Y                   24.000        16.000         8.000
dsp_mul/g9036/Y                   24.000        16.000         8.000
dsp_mul/g9036/Y                   24.000        16.000         8.000
dsp_mul/g9036/Y                   24.000        16.000         8.000
g1526/Y                           17.000        16.000         1.000
g1526/Y                           17.000        16.000         1.000
g1526/Y                           17.000        16.000         1.000
g1526/Y                           17.000        16.000         1.000
g1526/Y                           17.000        16.000         1.000
g1526/Y                           17.000        16.000         1.000
g1526/Y                           17.000        16.000         1.000
g1526/Y                           17.000        16.000         1.000
g1526/Y                           17.000        16.000         1.000
g1526/Y                           17.000        16.000         1.000
g1526/Y                           17.000        16.000         1.000
g1526/Y                           17.000        16.000         1.000
g1526/Y                           17.000        16.000         1.000
g1526/Y                           17.000        16.000         1.000
g1526/Y                           17.000        16.000         1.000
g1526/Y                           17.000        16.000         1.000
g1526/Y                           17.000        16.000         1.000
g1526/Y                           17.000        16.000         1.000



