============================================================
  Generated by:           Genus(TM) Synthesis Solution 25.12-s067_1
  Generated on:           May 05 2026  03:13:07 pm
  Module:                 tr_gelu_alu
  Operating conditions:   ss_typical_max_0p90v_125c (balanced_tree)
  Wireload mode:          top
  Area mode:              timing library
============================================================


Path 1: MET (4 ps) Setup Check with Pin x_s1_reg[6]/CK->D
          Group: in2reg
     Startpoint: (F) x_in[4]
          Clock: (R) clk
       Endpoint: (F) x_s1_reg[6]/D
          Clock: (R) clk

                     Capture       Launch     
        Clock Edge:+    3300            0     
        Drv Adjust:+       0           29     
       Src Latency:+       0            0     
       Net Latency:+       0 (I)        0 (I) 
           Arrival:=    3300           29     
                                              
             Setup:-     131                  
       Uncertainty:-     125                  
     Required Time:=    3044                  
      Launch Clock:-      29                  
       Input Delay:-     990                  
         Data Path:-    2021                  
             Slack:=       4                  

Exceptions/Constraints:
  input_delay             990             tr_gelu_alu.sdc_line_16_6_1   

#----------------------------------------------------------------------------------------
#     Timing Point       Flags   Arc   Edge       Cell        Fanout Trans Delay Arrival 
#                                                                     (ps)  (ps)   (ps)  
#----------------------------------------------------------------------------------------
  x_in[4]                -       -     F     (arrival)             4    69     0    1019 
  g683/Y                 -       A->Y  F     BUF_X7P5B_A9TR        6   101   162    1181 
  mul_54_23_g634/Y       -       A->Y  R     INV_X2M_A9TL          3    86    86    1267 
  mul_54_23_g604__8428/Y -       B0->Y R     OA22_X1M_A9TL         2   174   192    1460 
  mul_54_23_g596/Y       -       A->Y  F     INV_X1M_A9TL          1   105   110    1569 
  mul_54_23_g591__1666/Y -       A->Y  R     MXIT2_X4M_A9TL        2   163   113    1682 
  mul_54_23_g576__8246/Y -       S0->Y R     MXIT2_X3M_A9TL        1   160   117    1799 
  mul_54_23_g563__2398/Y -       S0->Y R     MXIT2_X3M_A9TL        2   138   118    1917 
  mul_54_23_g635__6417/Y -       A->Y  R     OR2_X4M_A9TL          4   100   151    2068 
  mul_54_23_g541__1617/Y -       A2->Y F     AOI32_X4M_A9TL        1   120   119    2187 
  mul_54_23_g538__5526/Y -       B->Y  R     NAND2_X6M_A9TL        3    87    97    2284 
  mul_54_23_g535__6260/Y -       A0->Y F     AOI2XB1_X4M_A9TL      1    88    67    2351 
  mul_54_23_g533__2398/Y -       A0->Y R     OAI21_X3M_A9TL        2   157   130    2481 
  mul_54_23_g530__5477/Y -       A0->Y F     AOI2XB1_X4M_A9TL      1    82    89    2570 
  mul_54_23_g529__6417/Y -       A->Y  F     XOR2_X3M_A9TL         2   124    93    2663 
  g1582__2346/Y          -       A->Y  R     NOR2XB_X2M_A9TL       7   320   231    2894 
  g1472__7098/Y          -       B0->Y F     AOI2XB1_X1M_A9TL      1   147   146    3040 
  x_s1_reg[6]/D          -       -     F     DFFRPQ_X1M_A9TL       1     -     0    3040 
#----------------------------------------------------------------------------------------

