============================================================
  Generated by:           Genus(TM) Synthesis Solution 25.12-s067_1
  Generated on:           May 05 2026  03:13:07 pm
  Module:                 tr_gelu_alu
  Operating conditions:   ss_typical_max_0p90v_125c (balanced_tree)
  Wireload mode:          top
  Area mode:              timing library
============================================================


Path 1: MET (166 ps) Setup Check with Pin gelu_m1_out_reg_reg[5]/CK->D
          Group: reg2reg
     Startpoint: (R) sigmoid_s4_reg[7]/CK
          Clock: (R) clk
       Endpoint: (R) gelu_m1_out_reg_reg[5]/D
          Clock: (R) clk

                     Capture       Launch     
        Clock Edge:+    3300            0     
       Src Latency:+       0            0     
       Net Latency:+       0 (I)        0 (I) 
           Arrival:=    3300            0     
                                              
             Setup:-     130                  
       Uncertainty:-     125                  
     Required Time:=    3045                  
      Launch Clock:-       0                  
         Data Path:-    2879                  
             Slack:=     166                  

#-------------------------------------------------------------------------------------------
#      Timing Point        Flags   Arc   Edge       Cell         Fanout Trans Delay Arrival 
#                                                                        (ps)  (ps)   (ps)  
#-------------------------------------------------------------------------------------------
  sigmoid_s4_reg[7]/CK     -       -     R     (arrival)            125     0     0       0 
  sigmoid_s4_reg[7]/Q      -       CK->Q R     DFFRPQ_X1M_A9TL        4   220   386     386 
  mul_179_30_g2490/Y       -       A->Y  F     INV_X2M_A9TL           1    76    80     466 
  mul_179_30_g2488/Y       -       A->Y  R     INV_X3M_A9TL           5    86    81     547 
  mul_179_30_g2410__1881/Y -       B->Y  F     NAND2_X1A_A9TL         2   152   116     663 
  mul_179_30_g2405__7098/Y -       A->Y  R     NAND2_X1A_A9TL         2   131   124     787 
  mul_179_30_g2404/Y       -       A->Y  F     INV_X1M_A9TL           1    78    84     872 
  mul_179_30_g2334__8246/S -       CI->S R     ADDF_X1M_A9TL          2   142   336    1208 
  mul_179_30_g2326__8428/Y -       A->Y  F     XOR3_X1M_A9TL          2   142   244    1453 
  mul_179_30_g2310__7482/Y -       A->Y  F     XOR3_X1M_A9TL          2   122   192    1645 
  mul_179_30_g2298__5526/Y -       B->Y  R     NOR2_X1M_A9TL          3   292   224    1869 
  mul_179_30_g2274__5122/Y -       A0->Y F     AOI21_X1M_A9TL         2   190   200    2068 
  mul_179_30_g2268__6783/Y -       A1->Y R     OAI211_X1P4M_A9TL      3   280   253    2321 
  mul_179_30_g2494__6161/Y -       A->Y  R     OR2_X0P5M_A9TL         2   224   263    2584 
  mul_179_30_g2257__7410/Y -       A1->Y F     AOI21_X1M_A9TL         1   153   153    2737 
  mul_179_30_g2256__1666/Y -       A->Y  R     XNOR2_X0P7M_A9TL       1   235   142    2879 
  gelu_m1_out_reg_reg[5]/D -       -     R     DFFRPQ_X1M_A9TL        1     -     0    2879 
#-------------------------------------------------------------------------------------------

