============================================================
  Generated by:           Genus(TM) Synthesis Solution 25.12-s067_1
  Generated on:           May 09 2026  08:45:45 pm
  Module:                 tr_nonlinear_vpu
  Operating conditions:   ss_typical_max_0p90v_125c (balanced_tree)
  Wireload mode:          top
  Area mode:              timing library
============================================================

Max_transition design rule (violation total = 2867)
Pin                                      Slew           Max     Violation
---------------------------------------------------------------------------
g10211/B                                  423           350            73
  --> Other violations on net                     953
g10153/B1                                 423           350            73
  --> Other violations on net                     953
g10097/A1                                 423           350            73
  --> Other violations on net                     953
g10109/A1                                 423           350            73
  --> Other violations on net                     953
g10117/A1                                 423           350            73
  --> Other violations on net                     953
g10122/A1                                 423           350            73
  --> Other violations on net                     953
g10145/B1                                 423           350            73
  --> Other violations on net                     953
g10137/B1                                 423           350            73
  --> Other violations on net                     953
g10149/B1                                 423           350            73
  --> Other violations on net                     953
g10131/B1                                 423           350            73
  --> Other violations on net                     953
g10150/B1                                 423           350            73
  --> Other violations on net                     953
g10138/B1                                 423           350            73
  --> Other violations on net                     953
g10142/B1                                 423           350            73
  --> Other violations on net                     953
drc_bufs10697/Y                           423           350            73
  --> Other violations on net                     953
g10204/B                                  387           350            37
  --> Other violations on net                     522
g10391/A                                  387           350            37
  --> Other violations on net                     522
g10392/A                                  387           350            37
  --> Other violations on net                     522
g10393/A                                  387           350            37
  --> Other violations on net                     522
g10128/B1                                 387           350            37
  --> Other violations on net                     522
g10395/A                                  387           350            37
  --> Other violations on net                     522
g10394/A                                  387           350            37
  --> Other violations on net                     522
g10147/A1                                 387           350            37
  --> Other violations on net                     522
g10143/A1                                 387           350            37
  --> Other violations on net                     522
g10156/A1                                 387           350            37
  --> Other violations on net                     522
g10160/A1                                 387           350            37
  --> Other violations on net                     522
g10151/A1                                 387           350            37
  --> Other violations on net                     522
g10139/A1                                 387           350            37
  --> Other violations on net                     522
g10135/A1                                 387           350            37
  --> Other violations on net                     522
g10420/Y                                  387           350            37
  --> Other violations on net                     522
g9536/B                                   392           350            42
  --> Other violations on net                     332
g9545/B                                   392           350            42
  --> Other violations on net                     332
g9572/B                                   392           350            42
  --> Other violations on net                     332
g9554/B                                   392           350            42
  --> Other violations on net                     332
g9563/B                                   392           350            42
  --> Other violations on net                     332
g9581/B                                   392           350            42
  --> Other violations on net                     332
g9599/B                                   392           350            42
  --> Other violations on net                     332
g9590/B                                   392           350            42
  --> Other violations on net                     332
g10257/Y                                  392           350            42
  --> Other violations on net                     332
u_mac/g2921/A1                            383           350            33
  --> Other violations on net                     263
u_mac/g2923/A1                            383           350            33
  --> Other violations on net                     263
u_mac/g2925/A1                            383           350            33
  --> Other violations on net                     263
u_mac/g2900/A1                            383           350            33
  --> Other violations on net                     263
u_mac/g2922/A1                            383           350            33
  --> Other violations on net                     263
u_mac/g2924/A1                            383           350            33
  --> Other violations on net                     263
u_mac/g2901/A1                            383           350            33
  --> Other violations on net                     263
u_mac/g2926/A1                            383           350            33
  --> Other violations on net                     263
u_mac/g3219/Y                             383           350            33
  --> Other violations on net                     263
g10159/B1                                 365           350            15
  --> Other violations on net                     184
g10146/B1                                 365           350            15
  --> Other violations on net                     184
g10051/B1                                 365           350            15
  --> Other violations on net                     184
g10154/B1                                 365           350            15
  --> Other violations on net                     184
g10161/B1                                 365           350            15
  --> Other violations on net                     184
g10141/B1                                 365           350            15
  --> Other violations on net                     184
g10158/B1                                 365           350            15
  --> Other violations on net                     184
g10096/A1                                 365           350            15
  --> Other violations on net                     184
g10113/A1                                 365           350            15
  --> Other violations on net                     184
g10101/A1                                 365           350            15
  --> Other violations on net                     184
g10105/A1                                 365           350            15
  --> Other violations on net                     184
g10130/B1                                 365           350            15
  --> Other violations on net                     184
drc_bufs10696/Y                           365           350            15
  --> Other violations on net                     184
g9539/B                                   371           350            21
  --> Other violations on net                     167
g9531/B                                   371           350            21
  --> Other violations on net                     167
g9557/B                                   371           350            21
  --> Other violations on net                     167
g9584/B                                   371           350            21
  --> Other violations on net                     167
g9548/B                                   371           350            21
  --> Other violations on net                     167
g9566/B                                   371           350            21
  --> Other violations on net                     167
g9602/B                                   371           350            21
  --> Other violations on net                     167
g9593/B                                   371           350            21
  --> Other violations on net                     167
g10262/Y                                  371           350            21
  --> Other violations on net                     167
u_sub/g8825/B1                            409           350            59
  --> Other violations on net                     59
u_sub/g9020/Y                             409           350            59
  --> Other violations on net                     59
u_alpha/g4737/B                           356           350             6
  --> Other violations on net                     30
u_alpha/mul_32_36_I8_g1021/B              356           350             6
  --> Other violations on net                     30
u_alpha/mul_32_36_I8_g1030/A              356           350             6
  --> Other violations on net                     30
u_alpha/mul_32_36_I8_g1024/A              356           350             6
  --> Other violations on net                     30
u_alpha/g3386/A                           356           350             6
  --> Other violations on net                     30
u_alpha/g3387/Y                           356           350             6
  --> Other violations on net                     30
g9744/B                                   360           350            10
  --> Other violations on net                     10
g10109/Y                                  360           350            10
  --> Other violations on net                     10
g9732/B                                   360           350            10
  --> Other violations on net                     10
g10097/Y                                  360           350            10
  --> Other violations on net                     10
g9625/A1                                  351           350             1
  --> Other violations on net                     11
g9611/A1                                  351           350             1
  --> Other violations on net                     11
g9631/A1                                  351           350             1
  --> Other violations on net                     11
g9628/A1                                  351           350             1
  --> Other violations on net                     11
g9633/A1                                  351           350             1
  --> Other violations on net                     11
g9622/A1                                  351           350             1
  --> Other violations on net                     11
g9609/A1                                  351           350             1
  --> Other violations on net                     11
g9634/A1                                  351           350             1
  --> Other violations on net                     11
g9642/A1                                  351           350             1
  --> Other violations on net                     11
g9614/A1                                  351           350             1
  --> Other violations on net                     11
g9616/A1                                  351           350             1
  --> Other violations on net                     11
g9615/A1                                  351           350             1
  --> Other violations on net                     11
g9620/A1                                  351           350             1
  --> Other violations on net                     11
g9607/A1                                  351           350             1
  --> Other violations on net                     11
g9618/A1                                  351           350             1
  --> Other violations on net                     11
g9604/A1                                  351           350             1
  --> Other violations on net                     11
drc_bufs10656/Y                           351           350             1
  --> Other violations on net                     11
g9740/B                                   354           350             4
  --> Other violations on net                     4
g10105/Y                                  354           350             4
  --> Other violations on net                     4
g9748/B                                   354           350             4
  --> Other violations on net                     4
g10113/Y                                  354           350             4
  --> Other violations on net                     4


Max_capacitance design rule: no violations.


Max_fanout design rule (violation total = 24.000)
Pin                   Fanout           Max     Violation
----------------------------------------------------------
g10166/Y              32.000        16.000        16.000
g10166/Y              32.000        16.000        16.000
g10166/Y              32.000        16.000        16.000
g10166/Y              32.000        16.000        16.000
g10166/Y              32.000        16.000        16.000
g10166/Y              32.000        16.000        16.000
g10166/Y              32.000        16.000        16.000
g10166/Y              32.000        16.000        16.000
g10166/Y              32.000        16.000        16.000
g10166/Y              32.000        16.000        16.000
g10166/Y              32.000        16.000        16.000
g10166/Y              32.000        16.000        16.000
g10166/Y              32.000        16.000        16.000
g10166/Y              32.000        16.000        16.000
g10166/Y              32.000        16.000        16.000
g10166/Y              32.000        16.000        16.000
g10166/Y              32.000        16.000        16.000
g10166/Y              32.000        16.000        16.000
g10166/Y              32.000        16.000        16.000
g10166/Y              32.000        16.000        16.000
g10166/Y              32.000        16.000        16.000
g10166/Y              32.000        16.000        16.000
g10166/Y              32.000        16.000        16.000
g10166/Y              32.000        16.000        16.000
g10166/Y              32.000        16.000        16.000
g10166/Y              32.000        16.000        16.000
g10166/Y              32.000        16.000        16.000
g10166/Y              32.000        16.000        16.000
g10166/Y              32.000        16.000        16.000
g10166/Y              32.000        16.000        16.000
g10166/Y              32.000        16.000        16.000
g10166/Y              32.000        16.000        16.000
g10166/Y              32.000        16.000        16.000
fopt10723/Y           24.000        16.000         8.000
fopt10723/Y           24.000        16.000         8.000
fopt10723/Y           24.000        16.000         8.000
fopt10723/Y           24.000        16.000         8.000
fopt10723/Y           24.000        16.000         8.000
fopt10723/Y           24.000        16.000         8.000
fopt10723/Y           24.000        16.000         8.000
fopt10723/Y           24.000        16.000         8.000
fopt10723/Y           24.000        16.000         8.000
fopt10723/Y           24.000        16.000         8.000
fopt10723/Y           24.000        16.000         8.000
fopt10723/Y           24.000        16.000         8.000
fopt10723/Y           24.000        16.000         8.000
fopt10723/Y           24.000        16.000         8.000
fopt10723/Y           24.000        16.000         8.000
fopt10723/Y           24.000        16.000         8.000
fopt10723/Y           24.000        16.000         8.000
fopt10723/Y           24.000        16.000         8.000
fopt10723/Y           24.000        16.000         8.000
fopt10723/Y           24.000        16.000         8.000
fopt10723/Y           24.000        16.000         8.000
fopt10723/Y           24.000        16.000         8.000
fopt10723/Y           24.000        16.000         8.000
fopt10723/Y           24.000        16.000         8.000
fopt10723/Y           24.000        16.000         8.000



