============================================================
  Generated by:           Genus(TM) Synthesis Solution 25.12-s067_1
  Generated on:           May 10 2026  10:55:16 am
  Module:                 tr_nonlinear_vpu
  Operating conditions:   ss_typical_max_0p90v_125c (balanced_tree)
  Wireload mode:          top
  Area mode:              timing library
============================================================

            Instance                                          Module                              Cell-Count  Cell-Area  Net-Area   Total-Area  Wireload  
----------------------------------------------------------------------------------------------------------------------------------------------------------
tr_nonlinear_vpu                 NA                                                                    11781  42440.760     0.000    42440.760 Small (D)  
  u_alpha                        alpha_stabilizer_N8_W8                                                 2726  10000.800     0.000    10000.800 Small (T)  
  u_backbone                     tr_backbone_wrapper_N8_WIDTH_IN16_WIDTH_OUT8_FRAC_W4_LUT_IDX_W3        2279   8211.600     0.000     8211.600 Small (T)  
    gen_tr_exp_lanes[0].u_tr_exp tr_exp_alu_WIDTH8_FRAC_W4_LUT_IDX_W3_ITER2                               19     46.800     0.000       46.800 Small (T)  
      u_quad                     quadratic_divider_WIDTH8_FRAC_W4                                          5      9.720     0.000        9.720 Small (T)  
      u_round                    round_WIDTH8_FRAC_W4_LUT_IDX_W3                                           8     15.480     0.000       15.480 Small (T)  
    gen_tr_exp_lanes[1].u_tr_exp tr_exp_alu_WIDTH8_FRAC_W4_LUT_IDX_W3_ITER2_392                           19     45.720     0.000       45.720 Small (T)  
      u_quad                     quadratic_divider_WIDTH8_FRAC_W4_3644                                     5      9.720     0.000        9.720 Small (T)  
      u_round                    round_WIDTH8_FRAC_W4_LUT_IDX_W3_385                                       8     15.480     0.000       15.480 Small (T)  
    gen_tr_exp_lanes[2].u_tr_exp tr_exp_alu_WIDTH8_FRAC_W4_LUT_IDX_W3_ITER2_391                           19     45.720     0.000       45.720 Small (T)  
      u_quad                     quadratic_divider_WIDTH8_FRAC_W4_3643                                     5      9.720     0.000        9.720 Small (T)  
      u_round                    round_WIDTH8_FRAC_W4_LUT_IDX_W3_384                                       8     15.480     0.000       15.480 Small (T)  
    gen_tr_exp_lanes[3].u_tr_exp tr_exp_alu_WIDTH8_FRAC_W4_LUT_IDX_W3_ITER2_390                           19     45.720     0.000       45.720 Small (T)  
      u_quad                     quadratic_divider_WIDTH8_FRAC_W4_3642                                     5      9.720     0.000        9.720 Small (T)  
      u_round                    round_WIDTH8_FRAC_W4_LUT_IDX_W3_383                                       8     15.480     0.000       15.480 Small (T)  
    gen_tr_exp_lanes[4].u_tr_exp tr_exp_alu_WIDTH8_FRAC_W4_LUT_IDX_W3_ITER2_389                           19     45.720     0.000       45.720 Small (T)  
      u_quad                     quadratic_divider_WIDTH8_FRAC_W4_3641                                     5      9.720     0.000        9.720 Small (T)  
      u_round                    round_WIDTH8_FRAC_W4_LUT_IDX_W3_382                                       8     15.480     0.000       15.480 Small (T)  
    gen_tr_exp_lanes[5].u_tr_exp tr_exp_alu_WIDTH8_FRAC_W4_LUT_IDX_W3_ITER2_388                           18     44.640     0.000       44.640 Small (T)  
      u_quad                     quadratic_divider_WIDTH8_FRAC_W4_3640                                     5      9.720     0.000        9.720 Small (T)  
      u_round                    round_WIDTH8_FRAC_W4_LUT_IDX_W3_381                                       7     14.400     0.000       14.400 Small (T)  
    gen_tr_exp_lanes[6].u_tr_exp tr_exp_alu_WIDTH8_FRAC_W4_LUT_IDX_W3_ITER2_387                           19     45.720     0.000       45.720 Small (T)  
      u_quad                     quadratic_divider_WIDTH8_FRAC_W4_3639                                     5      9.720     0.000        9.720 Small (T)  
      u_round                    round_WIDTH8_FRAC_W4_LUT_IDX_W3_380                                       8     15.480     0.000       15.480 Small (T)  
    gen_tr_exp_lanes[7].u_tr_exp tr_exp_alu_WIDTH8_FRAC_W4_LUT_IDX_W3_ITER2_386                           18     44.640     0.000       44.640 Small (T)  
      u_quad                     quadratic_divider_WIDTH8_FRAC_W4_3638                                     5      9.720     0.000        9.720 Small (T)  
      u_round                    round_WIDTH8_FRAC_W4_LUT_IDX_W3_379                                       7     14.400     0.000       14.400 Small (T)  
    gen_tr_lanes[0].u_tr_ln      tr_ln_alu_WIDTH16_BITS4_OUT_WIDTH8                                      162    502.560     0.000      502.560 Small (T)  
    gen_tr_lanes[1].u_tr_ln      tr_ln_alu_WIDTH16_BITS4_OUT_WIDTH8_399                                  164    523.080     0.000      523.080 Small (T)  
    gen_tr_lanes[2].u_tr_ln      tr_ln_alu_WIDTH16_BITS4_OUT_WIDTH8_398                                  160    510.840     0.000      510.840 Small (T)  
    gen_tr_lanes[3].u_tr_ln      tr_ln_alu_WIDTH16_BITS4_OUT_WIDTH8_397                                  165    510.120     0.000      510.120 Small (T)  
    gen_tr_lanes[4].u_tr_ln      tr_ln_alu_WIDTH16_BITS4_OUT_WIDTH8_396                                  166    524.160     0.000      524.160 Small (T)  
    gen_tr_lanes[5].u_tr_ln      tr_ln_alu_WIDTH16_BITS4_OUT_WIDTH8_395                                  163    497.160     0.000      497.160 Small (T)  
    gen_tr_lanes[6].u_tr_ln      tr_ln_alu_WIDTH16_BITS4_OUT_WIDTH8_394                                  165    500.400     0.000      500.400 Small (T)  
    gen_tr_lanes[7].u_tr_ln      tr_ln_alu_WIDTH16_BITS4_OUT_WIDTH8_393                                  162    505.800     0.000      505.800 Small (T)  
    u_post_ln                    post_ln_modifier_N8_W8                                                  332   1026.720     0.000     1026.720 Small (T)  
    u_pre_ln                     pre_ln_modifier_N8_WIDTH_IN16_FRAC_W4                                   299   1074.600     0.000     1074.600 Small (T)  
  u_mac                          mac_array_engine_N8_W8_ACC_W32                                         3749  13902.120     0.000    13902.120 Small (T)  
  u_max                          piped_max_NUM_INPUTS8_DATA_WIDTH8                                       183    845.280     0.000      845.280 Small (T)  
  u_rom                          shared_lut_rom_N8                                                        58    117.360     0.000      117.360 Small (T)  
  u_sub                          scalar_sub_NUM_INPUTS8_DATA_WIDTH8                                      389   1074.960     0.000     1074.960 Small (T)  
  u_sym                          symmetry_modifier_N8_WIDTH_X8_WIDTH_Y8_FRAC_W4                          176    409.680     0.000      409.680 Small (T)  
  u_vecmul                       vec_mul_array_engine_N8_W8_ACC_W32                                      861   3882.960     0.000     3882.960 Small (T)  
  (D) = wireload is default in technology library
  (T) = wireload mode is 'top'
