============================================================
  Generated by:           Genus(TM) Synthesis Solution 25.12-s067_1
  Generated on:           May 09 2026  08:45:46 pm
  Module:                 tr_nonlinear_vpu
  Operating conditions:   ss_typical_max_0p90v_125c (balanced_tree)
  Wireload mode:          top
  Area mode:              timing library
============================================================

Timing
--------

Clock Period 
-------------
clk   3300.0 


        Cost          Critical              Violating 
       Group         Path Slack     TNS       Paths   
------------------------------------------------------
cg_enable_group_clk      1905.7        0.0          0 
clk                    No paths        0.0            
default                No paths        0.0            
in2out                   -584.3   -31173.0         64 
in2reg                   -455.2   -38436.6         98 
reg2out                   246.9        0.0          0 
reg2reg                     2.8        0.0          0 
------------------------------------------------------
Total                             -69609.6        162 

Instance Count
--------------
Leaf Instance Count             10797 
Physical Instance count             0 
Sequential Instance Count         830 
Combinational Instance Count     9967 
Hierarchical Instance Count        46 

Area
----
Cell Area                          40130.640
Physical Cell Area                 0.000
Total Cell Area (Cell+Physical)    40130.640
Net Area                           0.000
Total Area (Cell+Physical+Net)     40130.640

Max Fanout                         278 (clk)
Min Fanout                         0 (vecmul_op_mode[1])
Average Fanout                     2.1
Terms to net ratio                 3.0884
Terms to instance ratio            3.2589
Runtime                            590.4499790000001 seconds
Elapsed Runtime                    615 seconds
Genus peak memory usage            2731.88 
Innovus peak memory usage          no_value 
Hostname                           enicsw11.local
