============================================================
  Generated by:           Genus(TM) Synthesis Solution 25.12-s067_1
  Generated on:           May 10 2026  10:55:18 am
  Module:                 tr_nonlinear_vpu
  Operating conditions:   ss_typical_max_0p90v_125c (balanced_tree)
  Wireload mode:          top
  Area mode:              timing library
============================================================


Summary
-------
--------------------------------------------------------------------------
            Category            Number     %    Average Toggle Saving %   
--------------------------------------------------------------------------
 Total Clock Gating Instances        4  100.00                         -  
--------------------------------------------------------------------------
 RC Clock Gating Instances           4  100.00                     25.00  
 Non-RC Clock Gating Instances       0    0.00                      0.00  
--------------------------------------------------------------------------
 RC Gated Flip-flops               552   61.95                      8.70  
 Non-RC Gated Flip-flops             0    0.00                      0.00  
--------------------------------------------------------------------------
 Total Gated Flip-flops            552   61.95                         -  
 Total Ungated Flip-flops          339   38.05                         -  
 Enable signal is constant         339  100.00                         -  
--------------------------------------------------------------------------
 Total Flip-flops                  891  100.00                         -  
--------------------------------------------------------------------------
Multibit Flip-flop Summary
--------------------------
-------------------------------------------------------
Width     Number     Bits     RC Gated     Ungated     
-------------------------------------------------------
1-bit     891        891      552 (61.95%) 339 (38.05%) 
--------------------------------------------------------


