============================================================
  Generated by:           Genus(TM) Synthesis Solution 25.12-s067_1
  Generated on:           May 03 2026  01:05:09 pm
  Module:                 tr_nonlinear_vpu
  Operating conditions:   ss_typical_max_0p90v_125c (balanced_tree)
  Wireload mode:          top
  Area mode:              timing library
============================================================


Path 1: MET (97 ps) Setup Check with Pin u_mac/prod_reg_reg[7][16]/CK->D
          Group: reg2reg
     Startpoint: (R) u_mac/mode1_op_reg[0]/CK
          Clock: (R) clk
       Endpoint: (R) u_mac/prod_reg_reg[7][16]/D
          Clock: (R) clk

                     Capture       Launch     
        Clock Edge:+    5000            0     
       Src Latency:+       0            0     
       Net Latency:+       0 (I)        0 (I) 
           Arrival:=    5000            0     
                                              
             Setup:-      75                  
       Uncertainty:-     125                  
     Required Time:=    4800                  
      Launch Clock:-       0                  
         Data Path:-    4703                  
             Slack:=      97                  

#-------------------------------------------------------------------------------------------------------------------------
#                     Timing Point                       Flags   Arc   Edge       Cell         Fanout Trans Delay Arrival 
#                                                                                                      (ps)  (ps)   (ps)  
#-------------------------------------------------------------------------------------------------------------------------
  u_mac/mode1_op_reg[0]/CK                               -       -     R     (arrival)             90     0     0       0 
  u_mac/mode1_op_reg[0]/Q                                -       CK->Q R     A2DFFQ_X0P5M_A9TL      2   204   380     380 
  u_mac/g1702/Y                                          -       A->Y  F     INV_X1M_A9TL           1    95   105     485 
  u_mac/g1788/Y                                          -       B->Y  F     AND2_X4M_A9TL          9    98   165     650 
  u_mac/g1781/Y                                          -       B->Y  F     AND2_X3M_A9TL         10   108   171     821 
  u_mac/g3237/Y                                          -       A->Y  R     INV_X0P7M_A9TH         7  1000   617    1439 
  u_mac/MULT_TC_OP_1_Y_MULT_TC_OP_Y_MULT_UNS_OP_g2070/Y  -       B->Y  F     NOR2_X1B_A9TL          1   370   404    1843 
  u_mac/MULT_TC_OP_1_Y_MULT_TC_OP_Y_MULT_UNS_OP_g2026/S  -       A->S  F     ADDF_X1M_A9TL          1   120   372    2215 
  u_mac/MULT_TC_OP_1_Y_MULT_TC_OP_Y_MULT_UNS_OP_g2000/CO -       A->CO F     ADDF_X1M_A9TL          1   101   246    2462 
  u_mac/MULT_TC_OP_1_Y_MULT_TC_OP_Y_MULT_UNS_OP_g1977/S  -       CI->S R     ADDF_X1M_A9TL          1   114   328    2790 
  u_mac/MULT_TC_OP_1_Y_MULT_TC_OP_Y_MULT_UNS_OP_g1945/S  -       CI->S F     ADDF_X1M_A9TL          2   117   320    3110 
  u_mac/MULT_TC_OP_1_Y_MULT_TC_OP_Y_MULT_UNS_OP_g1935/Y  -       B->Y  R     NAND2_X1M_A9TL         3   218   172    3281 
  u_mac/MULT_TC_OP_1_Y_MULT_TC_OP_Y_MULT_UNS_OP_g1929/Y  -       B->Y  F     NAND2_X1B_A9TL         2   165   157    3438 
  u_mac/MULT_TC_OP_1_Y_MULT_TC_OP_Y_MULT_UNS_OP_g1924/Y  -       B->Y  R     NOR2_X1A_A9TL          1   157   150    3588 
  u_mac/MULT_TC_OP_1_Y_MULT_TC_OP_Y_MULT_UNS_OP_g1920/Y  -       C0->Y F     AOI211_X1M_A9TL        1   174   119    3707 
  u_mac/MULT_TC_OP_1_Y_MULT_TC_OP_Y_MULT_UNS_OP_g1919/Y  -       B->Y  F     AND2_X1M_A9TL          4   142   230    3936 
  u_mac/MULT_TC_OP_1_Y_MULT_TC_OP_Y_MULT_UNS_OP_g1914/Y  -       A1->Y R     OAI21_X1M_A9TL         2   276   228    4164 
  u_mac/MULT_TC_OP_1_Y_MULT_TC_OP_Y_MULT_UNS_OP_g1910/Y  -       A1->Y F     AOI21_X1M_A9TL         1   142   156    4320 
  u_mac/MULT_TC_OP_1_Y_MULT_TC_OP_Y_MULT_UNS_OP_g1908/Y  -       B->Y  R     XOR2_X1M_A9TL          2   276   196    4515 
  u_mac/g2901/Y                                          -       B0->Y R     AO22_X1M_A9TL          1    84   188    4703 
  u_mac/prod_reg_reg[7][16]/D                            -       -     R     DFFQ_X1M_A9TL          1     -     0    4703 
#-------------------------------------------------------------------------------------------------------------------------

