============================================================
  Generated by:           Genus(TM) Synthesis Solution 25.12-s067_1
  Generated on:           May 03 2026  01:05:09 pm
  Module:                 tr_nonlinear_vpu
  Operating conditions:   ss_typical_max_0p90v_125c (balanced_tree)
  Wireload mode:          top
  Area mode:              timing library
============================================================


Path 1: MET (0 ps) Late External Delay Assertion at pin vpu_data_out[3][3]
          Group: reg2out
     Startpoint: (R) u_mac/out_dot_reg[9]/CK
          Clock: (R) clk
       Endpoint: (F) vpu_data_out[3][3]
          Clock: (R) clk

                     Capture       Launch     
        Clock Edge:+    5000            0     
       Src Latency:+       0            0     
       Net Latency:+       0 (I)        0 (I) 
           Arrival:=    5000            0     
                                              
      Output Delay:-    1500                  
       Uncertainty:-     125                  
     Required Time:=    3375                  
      Launch Clock:-       0                  
         Data Path:-    3375                  
             Slack:=       0                  

Exceptions/Constraints:
  output_delay             1500            tr_nonlinear_vpu.sdc_line_18_194_1   

#----------------------------------------------------------------------------------------------------------------------------
#                      Timing Point                        Flags    Arc   Edge       Cell         Fanout Trans Delay Arrival 
#                                                                                                         (ps)  (ps)   (ps)  
#----------------------------------------------------------------------------------------------------------------------------
  u_mac/out_dot_reg[9]/CK                                  -       -      R     (arrival)             32     0     0       0 
  u_mac/out_dot_reg[9]/Q                                   -       CK->Q  R     DFFQ_X4M_A9TL          4    88   256     256 
  g2998/Y                                                  -       A->Y   F     NAND2_X6A_A9TL         8   170   122     378 
  g3197/Y                                                  -       B->Y   R     NAND2_X4B_A9TL         2    95   108     486 
  u_backbone/u_pre_ln/g4248/Y                              -       B->Y   F     NAND2_X6B_A9TL         3    87    90     575 
  u_backbone/u_pre_ln/g4205/Y                              -       A->Y   R     NOR2XB_X8M_A9TL        1    74    72     647 
  u_backbone/u_pre_ln/g4192/Y                              -       A->Y   F     NAND2XB_X8M_A9TL       3    49    50     698 
  u_backbone/u_pre_ln/g4151/Y                              -       CN->Y  F     NAND3XXB_X6M_A9TL      3    97   148     846 
  u_backbone/u_pre_ln/g4103/Y                              -       A->Y   R     NAND2XB_X3M_A9TL       1    72    72     918 
  u_backbone/u_pre_ln/g4083/Y                              -       AN->Y  R     NOR2B_X8M_A9TL         2   108   135    1053 
  u_backbone/gen_tr_lanes[3].u_tr_ln/g3636/Y               -       A->Y   F     INV_X6M_A9TL           6    61    67    1120 
  u_backbone/gen_tr_lanes[3].u_tr_ln/g3618/Y               -       BN->Y  F     NAND2XB_X8M_A9TL       2    56   113    1233 
  u_backbone/gen_tr_lanes[3].u_tr_ln/g3611/Y               -       A->Y   R     INV_X6M_A9TL           2    54    54    1288 
  u_backbone/gen_tr_lanes[3].u_tr_ln/g3607/Y               -       B->Y   F     NOR2_X6A_A9TL          2    42    47    1334 
  u_backbone/gen_tr_lanes[3].u_tr_ln/g3565/Y               -       A->Y   R     NAND2XB_X2M_A9TL       1   112    76    1410 
  u_backbone/gen_tr_lanes[3].u_tr_ln/g3536/Y               -       B0->Y  F     OAI2XB1_X6M_A9TL       1    62    68    1479 
  u_backbone/gen_tr_lanes[3].u_tr_ln/g3492/Y               -       A->Y   R     NAND3XXB_X6M_A9TL      3   161   106    1585 
  u_backbone/gen_tr_lanes[3].u_tr_ln/g3490/Y               -       A->Y   F     INV_X6M_A9TL           4    65    69    1654 
  u_backbone/gen_tr_lanes[3].u_tr_ln/g3479/Y               -       B0->Y  R     OAI2XB1_X4M_A9TL       1   106    73    1727 
  u_backbone/gen_tr_lanes[3].u_tr_ln/g3446/Y               -       B->Y   F     NAND3_X6A_A9TL         3   111    92    1819 
  u_backbone/gen_tr_lanes[3].u_tr_ln/g3438/CON             -       A->CON R     CGENI_X2M_A9TL         1   176   156    1975 
  u_backbone/gen_tr_lanes[3].u_tr_ln/fopt3/Y               -       A->Y   F     INV_X4M_A9TL           3    78    84    2059 
  u_backbone/gen_tr_lanes[3].u_tr_ln/g3432/Y               -       S0->Y  R     MXIT2_X4M_A9TL         3   188   115    2174 
  u_backbone/u_post_ln/g6739/Y                             -       CN->Y  R     NAND3XXB_X6M_A9TL      2   104   174    2348 
  u_backbone/u_post_ln/g6588/Y                             -       B->Y   F     NAND2_X4A_A9TL         1    63    71    2419 
  u_backbone/u_post_ln/g6555/Y                             -       A->Y   R     NAND2XB_X6M_A9TL       1    68    59    2478 
  u_backbone/u_post_ln/g6489/Y                             -       B0->Y  F     OAI21_X8M_A9TL         1    62    59    2537 
  u_backbone/u_post_ln/g6475/Y                             -       A->Y   R     NAND2XB_X8M_A9TL       3    74    63    2600 
  u_backbone/gen_tr_exp_lanes[3].u_tr_exp/u_quad/fopt101/Y -       A->Y   F     INV_X4M_A9TL           1    32    38    2638 
  u_backbone/gen_tr_exp_lanes[3].u_tr_exp/u_quad/g95/Y     -       A->Y   R     NAND2_X4M_A9TL         1    67    51    2688 
  u_backbone/gen_tr_exp_lanes[3].u_tr_exp/u_quad/g93/Y     -       A->Y   R     AND2_X8M_A9TL          2    49    97    2785 
  u_backbone/gen_tr_exp_lanes[3].u_tr_exp/g295/Y           -       A->Y   F     INV_X6M_A9TL           1    28    32    2817 
  u_backbone/gen_tr_exp_lanes[3].u_tr_exp/g293/Y           -       A->Y   R     NOR2_X8A_A9TL          2    53    48    2865 
  u_backbone/gen_tr_exp_lanes[3].u_tr_exp/g290/CO          -       CI->CO R     ADDFH_X2M_A9TL         2   136   187    3052 
  u_backbone/gen_tr_exp_lanes[3].u_tr_exp/g288/Y           -       A->Y   F     NAND2_X8A_A9TL         2    76    74    3126 
  u_backbone/gen_tr_exp_lanes[3].u_tr_exp/g2/Y             -       A->Y   R     NAND2_X4A_A9TL         3    82    78    3203 
  u_backbone/gen_tr_exp_lanes[3].u_tr_exp/g282/Y           -       B->Y   F     NAND2_X6A_A9TL         2    52    64    3268 
  g3887/Y                                                  -       A->Y   R     NAND2_X4A_A9TL         1    48    46    3314 
  g3540/Y                                                  -       C0->Y  F     OAI211_X4M_A9TL        1    96    61    3375 
  vpu_data_out[3][3]                                       -       -      F     (port)                 -     -     0    3375 
#----------------------------------------------------------------------------------------------------------------------------

