============================================================
  Generated by:           Genus(TM) Synthesis Solution 25.12-s067_1
  Generated on:           Apr 11 2026  11:30:04 am
  Module:                 transformer_core_top
  Operating conditions:   ss_typical_max_0p90v_125c (balanced_tree)
  Wireload mode:          top
  Area mode:              timing library
============================================================

 
  Hierarchy Report Format : 
 
    level instance ( module ) <status>
 
    status :    preserve_<value> -- indicating preserve hierachy or inherited_preserve value
           :    blackbox --  indicating  unresolved instance
 
==================================================================

 0 transformer_core_top
  1 u_ctrl ( transformer_core_ctrl_MAX_LATENCY2 ) 
  1 u_datapath ( transformer_core_datapath_N8_W8_ACC_W32_FRAC4 ) 
     2 RC_CG_HIER_INST0 ( RC_CG_MOD ) 
     2 RC_CG_HIER_INST1 ( RC_CG_MOD_1 ) 
     2 u_alpha_stab ( alpha_stabilizer_N8_W8 ) 
     2 u_mac_engine ( vec_mul_N8_W8_ACC_W32 ) 
        3 RC_CG_HIER_INST2 ( RC_CG_MOD_2 ) 
        3 RC_CG_HIER_INST3 ( RC_CG_MOD_3 ) 
     2 u_piped_max ( piped_max_NUM_INPUTS8_DATA_WIDTH8 ) 
     2 u_scalar_sub ( scalar_sub_NUM_INPUTS8_DATA_WIDTH8 ) 
     2 u_tr_array ( tr_hetero_array_N8 ) 
        3 GEN_LANES[1].u_exp_i ( tr_exp_alu_WIDTH8_FRAC_W4_LUT_IDX_W3_670 ) 
           4 u_quad ( quadratic_divider_WIDTH8_FRAC_W4_3819 ) 
           4 u_round ( round_WIDTH8_FRAC_W4_LUT_IDX_W3_663 ) 
        3 GEN_LANES[1].u_ln_i ( tr_ln_WIDTH8_BITS4_OUT_WIDTH8_677 ) 
        3 GEN_LANES[2].u_exp_i ( tr_exp_alu_WIDTH8_FRAC_W4_LUT_IDX_W3_669 ) 
           4 u_quad ( quadratic_divider_WIDTH8_FRAC_W4_3818 ) 
           4 u_round ( round_WIDTH8_FRAC_W4_LUT_IDX_W3_662 ) 
        3 GEN_LANES[2].u_ln_i ( tr_ln_WIDTH8_BITS4_OUT_WIDTH8_676 ) 
        3 GEN_LANES[3].u_exp_i ( tr_exp_alu_WIDTH8_FRAC_W4_LUT_IDX_W3_668 ) 
           4 u_quad ( quadratic_divider_WIDTH8_FRAC_W4_3817 ) 
           4 u_round ( round_WIDTH8_FRAC_W4_LUT_IDX_W3_661 ) 
        3 GEN_LANES[3].u_ln_i ( tr_ln_WIDTH8_BITS4_OUT_WIDTH8_675 ) 
        3 GEN_LANES[4].u_exp_i ( tr_exp_alu_WIDTH8_FRAC_W4_LUT_IDX_W3_667 ) 
           4 u_quad ( quadratic_divider_WIDTH8_FRAC_W4_3816 ) 
           4 u_round ( round_WIDTH8_FRAC_W4_LUT_IDX_W3_660 ) 
        3 GEN_LANES[4].u_ln_i ( tr_ln_WIDTH8_BITS4_OUT_WIDTH8_674 ) 
        3 GEN_LANES[5].u_exp_i ( tr_exp_alu_WIDTH8_FRAC_W4_LUT_IDX_W3_666 ) 
           4 u_quad ( quadratic_divider_WIDTH8_FRAC_W4_3815 ) 
           4 u_round ( round_WIDTH8_FRAC_W4_LUT_IDX_W3_659 ) 
        3 GEN_LANES[5].u_ln_i ( tr_ln_WIDTH8_BITS4_OUT_WIDTH8_673 ) 
        3 GEN_LANES[6].u_exp_i ( tr_exp_alu_WIDTH8_FRAC_W4_LUT_IDX_W3_665 ) 
           4 u_quad ( quadratic_divider_WIDTH8_FRAC_W4_3814 ) 
           4 u_round ( round_WIDTH8_FRAC_W4_LUT_IDX_W3_658 ) 
        3 GEN_LANES[6].u_ln_i ( tr_ln_WIDTH8_BITS4_OUT_WIDTH8_672 ) 
        3 GEN_LANES[7].u_exp_i ( tr_exp_alu_WIDTH8_FRAC_W4_LUT_IDX_W3_664 ) 
           4 u_quad ( quadratic_divider_WIDTH8_FRAC_W4_3813 ) 
           4 u_round ( round_WIDTH8_FRAC_W4_LUT_IDX_W3_657 ) 
        3 GEN_LANES[7].u_ln_i ( tr_ln_WIDTH8_BITS4_OUT_WIDTH8_671 ) 
        3 u_exp_0_8b ( tr_exp_alu_WIDTH8_FRAC_W4_LUT_IDX_W3 ) 
           4 u_quad ( quadratic_divider_WIDTH8_FRAC_W4 ) 
           4 u_round ( round_WIDTH8_FRAC_W4_LUT_IDX_W3 ) 
        3 u_exp_0_20b ( tr_exp_alu_WIDTH20_FRAC_W8_LUT_IDX_W4 ) 
           4 u_quad ( quadratic_divider_WIDTH20_FRAC_W8 ) 
           4 u_round ( round_WIDTH20_FRAC_W8_LUT_IDX_W4 ) 
        3 u_ln_0_8b ( tr_ln_WIDTH8_BITS4_OUT_WIDTH8 ) 
        3 u_ln_0_20b ( tr_ln_WIDTH20_BITS8_OUT_WIDTH20 ) 
        3 u_lut_20b ( q12_8_lut ) 
        3 u_shared_rom ( shared_lut_rom_N8 ) 
