============================================================
  Generated by:           Genus(TM) Synthesis Solution 25.12-s067_1
  Generated on:           May 09 2026  06:42:10 pm
  Module:                 tr_softmax
  Operating conditions:   ss_typical_max_0p90v_125c (balanced_tree)
  Wireload mode:          top
  Area mode:              timing library
============================================================


Path 1: VIOLATED (-1104 ps) Setup Check with Pin ln_out_reg_reg[7]/clk->d
          Group: in2reg
     Startpoint: (R) sum_in[23]
          Clock: (R) clk
       Endpoint: (R) ln_out_reg_reg[7]/d
          Clock: (R) clk

                     Capture       Launch     
        Clock Edge:+    3300            0     
        Drv Adjust:+       0           29     
       Src Latency:+       0            0     
       Net Latency:+       0 (I)        0 (I) 
           Arrival:=    3300           29     
                                              
             Setup:-      64                  
       Uncertainty:-     125                  
     Required Time:=    3110                  
      Launch Clock:-      29                  
       Input Delay:-     990                  
         Data Path:-    3196                  
             Slack:=   -1104                  

Exceptions/Constraints:
  input_delay             990             dut.sdc_line_15_84_1   

#-------------------------------------------------------------------------------------------
#      Timing Point       Flags     Arc    Edge      Cell        Fanout Trans Delay Arrival 
#                                                                        (ps)  (ps)   (ps)  
#-------------------------------------------------------------------------------------------
  sum_in[23]              (u)     -        R     (arrival)            7    72     0    1019 
  u_ln/ctl_xq_32_17/g87/z (u)     in_0->z  F     unmapped_not         4     0    66    1086 
  u_ln/ctl_xq_32_17/g21/z (u)     in_0->z  R     unmapped_nand4      12     0   175    1260 
  u_ln/ctl_xq_32_17/g75/z (u)     in_0->z  F     unmapped_nor4        5     0   141    1401 
  u_ln/mux_msb_32_17/g4/z (u)     sel14->z F     unmapped_mux17       4     0   302    1703 
  u_ln/sub_39_41/g5/z     (u)     in_0->z  R     unmapped_not         1     0    37    1740 
  u_ln/sub_39_41/g7/z     (u)     in_1->z  F     unmapped_xor2        1     0   118    1858 
  u_ln/sub_39_41/g38/z    (u)     in_0->z  R     unmapped_not        17     0   124    1982 
  u_ln/sll_39_27/g1/z     (u)     in_0->z  F     unmapped_not        15     0   118    2099 
  u_ln/sll_39_27/g82/z    (u)     sel0->z  F     unmapped_mux2        2     0   117    2216 
  u_ln/sll_39_27/g96/z    (u)     data1->z F     unmapped_mux2        2     0   117    2333 
  u_ln/sll_39_27/g108/z   (u)     data1->z F     unmapped_mux2        2     0   117    2450 
  u_ln/sll_39_27/g116/z   (u)     data1->z F     unmapped_mux2        1     0   103    2553 
  u_ln/mux_39_27/g1/z     (u)     data0->z F     unmapped_bmux2       2     0   132    2685 
  u_ln/add_46_26/g15/z    (u)     in_0->z  R     unmapped_nor2        2     0    74    2759 
  u_ln/add_46_26/g55/z    (u)     in_0->z  F     unmapped_not         2     0    50    2809 
  u_ln/add_46_26/g76/z    (u)     in_0->z  R     unmapped_nand2       1     0    61    2870 
  u_ln/add_46_26/g77/z    (u)     in_1->z  F     unmapped_xnor2       6     0   157    3028 
  u_ln/add_49_34/g9/z     (u)     in_1->z  R     unmapped_nor2        1     0    61    3088 
  u_ln/add_49_34/g25/z    (u)     in_0->z  F     unmapped_not         2     0    50    3139 
  u_ln/add_49_34/g26/z    (u)     in_1->z  R     unmapped_nand2       1     0    61    3199 
  u_ln/add_49_34/g27/z    (u)     in_1->z  F     unmapped_nand2       3     0    82    3281 
  u_ln/add_49_34/g43/z    (u)     in_1->z  R     unmapped_nand2       1     0    61    3342 
  u_ln/add_49_34/g44/z    (u)     in_1->z  F     unmapped_nand2       5     0    96    3437 
  u_ln/add_49_34/g56/z    (u)     in_0->z  R     unmapped_nand2       1     0    61    3498 
  u_ln/add_49_34/g57/z    (u)     in_1->z  F     unmapped_nand2       1     0    61    3559 
  u_ln/add_49_34/g80/z    (u)     in_0->z  R     unmapped_xnor2       2     0   132    3691 
  u_ln/add_49_51/g17/z    (u)     in_0->z  F     unmapped_nor2        3     0    82    3772 
  u_ln/add_49_51/g32/z    (u)     in_1->z  R     unmapped_nor2        1     0    61    3833 
  u_ln/add_49_51/g34/z    (u)     in_0->z  F     unmapped_nor2        3     0    82    3914 
  u_ln/add_49_51/g45/z    (u)     in_1->z  R     unmapped_nor2        1     0    61    3975 
  u_ln/add_49_51/g47/z    (u)     in_0->z  F     unmapped_nor2        1     0    61    4036 
  u_ln/add_49_51/g62/z    (u)     in_0->z  R     unmapped_nand2       1     0    61    4097 
  u_ln/add_49_51/g85/z    (u)     in_0->z  R     unmapped_xnor2       1     0   118    4215 
  ln_out_reg_reg[7]/d     -       -        R     unmapped_d_flop      1     -     0    4215 
#-------------------------------------------------------------------------------------------

(u) : Net has unmapped pin(s).

