============================================================
  Generated by:           Genus(TM) Synthesis Solution 25.12-s067_1
  Generated on:           Sep 19 2026  10:43:23 am
  Module:                 tr_softmax
  Operating conditions:   ss_typical_max_0p90v_125c (balanced_tree)
  Wireload mode:          top
  Area mode:              timing library
============================================================


Path 1: VIOLATED (-2032 ps) Setup Check with Pin u_vec_mul_ew/vec_sum_reg_reg[31]/clk->d
          Group: reg2reg
     Startpoint: (R) u_vec_mul_ew/prod_reg_reg[1][1]/clk
          Clock: (R) clk
       Endpoint: (R) u_vec_mul_ew/vec_sum_reg_reg[31]/d
          Clock: (R) clk

                     Capture       Launch     
        Clock Edge:+    3300            0     
       Src Latency:+       0            0     
       Net Latency:+       0 (I)        0 (I) 
           Arrival:=    3300            0     
                                              
             Setup:-     266                  
       Uncertainty:-     125                  
     Required Time:=    2909                  
      Launch Clock:-       0                  
         Data Path:-    4941                  
             Slack:=   -2032                  

#------------------------------------------------------------------------------------------------------
#            Timing Point             Flags    Arc    Edge      Cell        Fanout Trans Delay Arrival 
#                                                                                   (ps)  (ps)   (ps)  
#------------------------------------------------------------------------------------------------------
  u_vec_mul_ew/prod_reg_reg[1][1]/clk -       -       R     (arrival)         1731     0     0       0 
  u_vec_mul_ew/prod_reg_reg[1][1]/q   (u)     clk->q  R     unmapped_d_flop      3     0   355     355 
  u_vec_mul_ew/add_150_26_I2/g9/z     (u)     in_1->z F     unmapped_nor2        1     0    61     416 
  u_vec_mul_ew/add_150_26_I2/g43/z    (u)     in_0->z R     unmapped_not         2     0    50     466 
  u_vec_mul_ew/add_150_26_I2/g44/z    (u)     in_1->z F     unmapped_nand2       1     0    61     527 
  u_vec_mul_ew/add_150_26_I2/g45/z    (u)     in_1->z R     unmapped_nand2       3     0    82     608 
  u_vec_mul_ew/add_150_26_I2/g81/z    (u)     in_1->z F     unmapped_nand2       1     0    61     669 
  u_vec_mul_ew/add_150_26_I2/g82/z    (u)     in_1->z R     unmapped_nand2       5     0    96     765 
  u_vec_mul_ew/add_150_26_I2/g114/z   (u)     in_0->z F     unmapped_nand2       1     0    61     826 
  u_vec_mul_ew/add_150_26_I2/g115/z   (u)     in_1->z R     unmapped_nand2       1     0    61     886 
  u_vec_mul_ew/add_150_26_I2/g176/z   (u)     in_0->z R     unmapped_xnor2       2     0   132    1018 
  u_vec_mul_ew/add_150_26_I3/g17/z    (u)     in_0->z F     unmapped_nor2        3     0    82    1099 
  u_vec_mul_ew/add_150_26_I3/g52/z    (u)     in_1->z R     unmapped_nor2        1     0    61    1160 
  u_vec_mul_ew/add_150_26_I3/g54/z    (u)     in_0->z F     unmapped_nor2        3     0    82    1242 
  u_vec_mul_ew/add_150_26_I3/g91/z    (u)     in_0->z R     unmapped_nor2        1     0    61    1302 
  u_vec_mul_ew/add_150_26_I3/g93/z    (u)     in_0->z F     unmapped_nor2        1     0    61    1363 
  u_vec_mul_ew/add_150_26_I3/g130/z   (u)     in_0->z R     unmapped_nand2       9     0   117    1481 
  u_vec_mul_ew/add_150_26_I3/g149/z   (u)     in_0->z F     unmapped_nand2       1     0    61    1541 
  u_vec_mul_ew/add_150_26_I3/g150/z   (u)     in_1->z R     unmapped_nand2       1     0    61    1602 
  u_vec_mul_ew/add_150_26_I3/g196/z   (u)     in_0->z R     unmapped_xnor2       2     0   132    1734 
  u_vec_mul_ew/add_150_26_I4/g25/z    (u)     in_0->z F     unmapped_nor2        3     0    82    1815 
  u_vec_mul_ew/add_150_26_I4/g62/z    (u)     in_1->z R     unmapped_nor2        1     0    61    1876 
  u_vec_mul_ew/add_150_26_I4/g64/z    (u)     in_0->z F     unmapped_nor2        3     0    82    1958 
  u_vec_mul_ew/add_150_26_I4/g101/z   (u)     in_1->z R     unmapped_nor2        1     0    61    2018 
  u_vec_mul_ew/add_150_26_I4/g103/z   (u)     in_0->z F     unmapped_nor2        1     0    61    2079 
  u_vec_mul_ew/add_150_26_I4/g166/z   (u)     in_0->z R     unmapped_nand2       1     0    61    2140 
  u_vec_mul_ew/add_150_26_I4/g215/z   (u)     in_0->z R     unmapped_xnor2       2     0   132    2272 
  u_vec_mul_ew/add_150_26_I5/g29/z    (u)     in_0->z F     unmapped_nor2        3     0    82    2353 
  u_vec_mul_ew/add_150_26_I5/g71/z    (u)     in_1->z R     unmapped_nor2        2     0    74    2427 
  u_vec_mul_ew/add_150_26_I5/g108/z   (u)     in_0->z F     unmapped_not         1     0    37    2464 
  u_vec_mul_ew/add_150_26_I5/g109/z   (u)     in_1->z R     unmapped_nor2        1     0    61    2525 
  u_vec_mul_ew/add_150_26_I5/g111/z   (u)     in_0->z F     unmapped_nor2        5     0    96    2621 
  u_vec_mul_ew/add_150_26_I5/g144/z   (u)     in_1->z R     unmapped_nor2        1     0    61    2681 
  u_vec_mul_ew/add_150_26_I5/g146/z   (u)     in_0->z F     unmapped_nor2        1     0    61    2742 
  u_vec_mul_ew/add_150_26_I5/g177/z   (u)     in_0->z R     unmapped_nand2       1     0    61    2803 
  u_vec_mul_ew/add_150_26_I5/g229/z   (u)     in_0->z R     unmapped_xnor2       2     0   132    2935 
  u_vec_mul_ew/add_150_26_I6/g33/z    (u)     in_0->z F     unmapped_nor2        3     0    82    3016 
  u_vec_mul_ew/add_150_26_I6/g74/z    (u)     in_1->z R     unmapped_nor2        1     0    61    3077 
  u_vec_mul_ew/add_150_26_I6/g76/z    (u)     in_0->z F     unmapped_nor2        3     0    82    3158 
  u_vec_mul_ew/add_150_26_I6/g119/z   (u)     in_1->z R     unmapped_nor2        1     0    61    3219 
  u_vec_mul_ew/add_150_26_I6/g121/z   (u)     in_0->z F     unmapped_nor2        1     0    61    3280 
  u_vec_mul_ew/add_150_26_I6/g160/z   (u)     in_0->z R     unmapped_not         1     0    37    3317 
  u_vec_mul_ew/add_150_26_I6/g161/z   (u)     in_1->z F     unmapped_nor2        1     0    61    3378 
  u_vec_mul_ew/add_150_26_I6/g192/z   (u)     in_0->z R     unmapped_nand2       1     0    61    3438 
  u_vec_mul_ew/add_150_26_I6/g247/z   (u)     in_0->z R     unmapped_xnor2       2     0   132    3570 
  u_vec_mul_ew/add_150_26_I7/g37/z    (u)     in_0->z F     unmapped_nor2        3     0    82    3651 
  u_vec_mul_ew/add_150_26_I7/g83/z    (u)     in_1->z R     unmapped_nor2        2     0    74    3726 
  u_vec_mul_ew/add_150_26_I7/g126/z   (u)     in_0->z F     unmapped_not         1     0    37    3762 
  u_vec_mul_ew/add_150_26_I7/g127/z   (u)     in_1->z R     unmapped_nor2        1     0    61    3823 
  u_vec_mul_ew/add_150_26_I7/g129/z   (u)     in_0->z F     unmapped_nor2        1     0    61    3884 
  u_vec_mul_ew/add_150_26_I7/g171/z   (u)     in_0->z R     unmapped_not         1     0    37    3921 
  u_vec_mul_ew/add_150_26_I7/g172/z   (u)     in_1->z F     unmapped_nor2        1     0    61    3982 
  u_vec_mul_ew/add_150_26_I7/g205/z   (u)     in_0->z R     unmapped_nand2       8     0   113    4095 
  u_vec_mul_ew/add_150_26_I7/g207/z   (u)     in_0->z F     unmapped_nand2       1     0    61    4156 
  u_vec_mul_ew/add_150_26_I7/g208/z   (u)     in_1->z R     unmapped_nand2       1     0    61    4216 
  u_vec_mul_ew/add_150_26_I7/g265/z   (u)     in_0->z R     unmapped_xnor2       2     0   132    4348 
  u_vec_mul_ew/add_150_26_I8/g41/z    (u)     in_0->z F     unmapped_nor2        3     0    82    4429 
  u_vec_mul_ew/add_150_26_I8/g80/z    (u)     in_1->z R     unmapped_nor2        1     0    61    4490 
  u_vec_mul_ew/add_150_26_I8/g82/z    (u)     in_0->z F     unmapped_nor2        3     0    82    4572 
  u_vec_mul_ew/add_150_26_I8/g129/z   (u)     in_0->z R     unmapped_nor2        1     0    61    4632 
  u_vec_mul_ew/add_150_26_I8/g131/z   (u)     in_0->z F     unmapped_nor2        1     0    61    4693 
  u_vec_mul_ew/add_150_26_I8/g194/z   (u)     in_0->z R     unmapped_nand2       1     0    61    4754 
  u_vec_mul_ew/add_150_26_I8/g247/z   (u)     in_0->z R     unmapped_xnor2      12     0   187    4941 
  u_vec_mul_ew/vec_sum_reg_reg[31]/d  -       -       R     unmapped_d_flop     12     -     0    4941 
#------------------------------------------------------------------------------------------------------

(u) : Net has unmapped pin(s).

