============================================================
  Generated by:           Genus(TM) Synthesis Solution 25.12-s067_1
  Generated on:           May 25 2026  08:12:22 pm
  Module:                 tr_softmax
  Operating conditions:   ss_typical_max_0p90v_125c (balanced_tree)
  Wireload mode:          top
  Area mode:              timing library
============================================================


Path 1: MET (1451 ps) Late External Delay Assertion at pin valid_out
          Group: reg2out
     Startpoint: (R) u_vec_mul_dot/out_valid_reg/clk
          Clock: (R) clk
       Endpoint: (R) valid_out
          Clock: (R) clk

                     Capture       Launch     
        Clock Edge:+    3300            0     
       Src Latency:+       0            0     
       Net Latency:+       0 (I)        0 (I) 
           Arrival:=    3300            0     
                                              
      Output Delay:-     990                  
       Uncertainty:-     125                  
     Required Time:=    2185                  
      Launch Clock:-       0                  
         Data Path:-     734                  
             Slack:=    1451                  

Exceptions/Constraints:
  output_delay             990             dut.sdc_line_17   

#---------------------------------------------------------------------------------------------------
#          Timing Point           Flags     Arc    Edge      Cell        Fanout Trans Delay Arrival 
#                                                                                (ps)  (ps)   (ps)  
#---------------------------------------------------------------------------------------------------
  u_vec_mul_dot/out_valid_reg/clk -       -        R     (arrival)         1731     0     0       0 
  u_vec_mul_dot/out_valid_reg/q   (u)     clk->q   R     unmapped_d_flop      3     0   355     355 
  g50/z                           (u)     in_0->z  R     unmapped_and2        1     0    61     416 
  mux_valid_out_189_15/g1/z       (u)     data1->z R     unmapped_bmux8       1     0   318     734 
  valid_out                       -       -        R     (port)               -     -     0     734 
#---------------------------------------------------------------------------------------------------

(u) : Net has unmapped pin(s).

