============================================================
  Generated by:           Genus(TM) Synthesis Solution 25.12-s067_1
  Generated on:           Apr 11 2026  01:20:39 pm
  Module:                 transformer_core_top
  Operating conditions:   ss_typical_max_0p90v_125c (balanced_tree)
  Wireload mode:          top
  Area mode:              timing library
============================================================


Path 1: VIOLATED (-2941 ps) Setup Check with Pin u_datapath/u_mac_engine/b_reg_reg[3][5]/CK->D
          Group: in2reg
     Startpoint: (R) host_opcode[3]
          Clock: (R) clk
       Endpoint: (R) u_datapath/u_mac_engine/b_reg_reg[3][5]/D
          Clock: (R) clk

                     Capture       Launch     
        Clock Edge:+    5000            0     
        Drv Adjust:+       0           35     
       Src Latency:+       0            0     
       Net Latency:+       0 (I)        0 (I) 
           Arrival:=    5000           35     
                                              
             Setup:-      66                  
       Uncertainty:-     125                  
     Required Time:=    4809                  
      Launch Clock:-      35                  
       Input Delay:-    1500                  
         Data Path:-    6215                  
             Slack:=   -2941                  

Exceptions/Constraints:
  input_delay             1500            transformer_core_top_line_16_2_1   

#----------------------------------------------------------------------------------------------------------------------------------------
#                            Timing Point                             Flags    Arc   Edge        Cell         Fanout Trans Delay Arrival 
#                                                                                                                     (ps)  (ps)   (ps)  
#----------------------------------------------------------------------------------------------------------------------------------------
  host_opcode[3]                                                      -       -      R     (arrival)               3    79     0    1535 
  u_ctrl/g1335__5107/Y                                                -       BN->Y  R     NOR2XB_X8M_A9TL         2    75   128    1662 
  u_ctrl/g1329__5477/Y                                                -       B->Y   R     AND2_X11M_A9TL          2    44   102    1764 
  u_datapath/fopt22105/Y                                              -       A->Y   F     INV_X9M_A9TL            2    26    29    1793 
  u_datapath/g9743/Y                                                  -       A->Y   R     NOR2_X8A_A9TL           1   109    80    1872 
  u_datapath/g9742/Y                                                  -       A->Y   F     INV_X16M_A9TL           9    66    70    1942 
  u_datapath/g9697/Y                                                  -       A0->Y  R     OAI2XB1_X4M_A9TL        2   131   111    2053 
  u_datapath/u_tr_array/u_ln_0_20b/g2856/Y                            -       A->Y   F     INV_X5M_A9TL            2    56    60    2113 
  u_datapath/u_tr_array/u_ln_0_20b/g2855/Y                            -       A->Y   R     INV_X4M_A9TL            2    69    66    2179 
  u_datapath/u_tr_array/u_ln_0_20b/g2854/Y                            -       A->Y   F     INV_X5M_A9TL            3    43    50    2229 
  u_datapath/u_tr_array/u_ln_0_20b/g2812/Y                            -       A->Y   R     NAND2_X6M_A9TL          1    62    50    2280 
  u_datapath/u_tr_array/u_ln_0_20b/g2792/Y                            -       A->Y   F     NOR2_X6A_A9TL           2    48    49    2329 
  u_datapath/u_tr_array/u_ln_0_20b/g2739/Y                            -       A->Y   R     NAND2XB_X3M_A9TL        1    72    56    2385 
  u_datapath/u_tr_array/u_ln_0_20b/g2645/Y                            -       BN->Y  R     NOR2XB_X8M_A9TL         1    62   118    2503 
  u_datapath/u_tr_array/u_ln_0_20b/g2635/Y                            -       C->Y   F     NAND3_X6M_A9TL          1    88    76    2580 
  u_datapath/u_tr_array/u_ln_0_20b/g2624/Y                            -       B->Y   R     NOR2_X8A_A9TL           1    71    83    2663 
  u_datapath/u_tr_array/u_ln_0_20b/g2622/Y                            -       A->Y   F     NAND2_X8M_A9TL          2    62    60    2724 
  u_datapath/u_tr_array/u_ln_0_20b/fopt3034/Y                         -       A->Y   F     BUFH_X16M_A9TL          7    36    82    2806 
  u_datapath/u_tr_array/u_ln_0_20b/fopt3033/Y                         -       A->Y   R     INV_X2M_A9TL            1    71    59    2865 
  u_datapath/u_tr_array/u_ln_0_20b/csa_tree_ADD_TC_OP_7_groupi_g776/Y -       A->Y   F     NAND2_X6M_A9TL          1    45    47    2912 
  u_datapath/u_tr_array/u_ln_0_20b/csa_tree_ADD_TC_OP_7_groupi_g730/Y -       A0->Y  R     AOI21_X6M_A9TL          2    85    80    2992 
  u_datapath/u_tr_array/u_ln_0_20b/csa_tree_ADD_TC_OP_7_groupi_g706/Y -       BN->Y  R     NAND2XB_X4M_A9TL        1    86   133    3125 
  u_datapath/u_tr_array/u_ln_0_20b/fopt3105/Y                         -       A->Y   F     INV_X6M_A9TL            2    39    44    3170 
  u_datapath/u_tr_array/u_ln_0_20b/csa_tree_ADD_TC_OP_7_groupi_g687/Y -       B0->Y  R     AOI21_X6M_A9TL          1    98    78    3248 
  u_datapath/u_tr_array/u_ln_0_20b/csa_tree_ADD_TC_OP_7_groupi_g673/Y -       B->Y   F     NAND2_X8M_A9TL          4    82    80    3328 
  u_datapath/u_tr_array/u_ln_0_20b/csa_tree_ADD_TC_OP_7_groupi_g626/Y -       A1->Y  R     AOI21_X8M_A9TL          2    91   108    3436 
  u_datapath/u_tr_array/u_ln_0_20b/csa_tree_ADD_TC_OP_7_groupi_g620/Y -       A0->Y  F     OAI2XB1_X4M_A9TL        1    74    76    3512 
  u_datapath/u_tr_array/u_ln_0_20b/csa_tree_ADD_TC_OP_7_groupi_g615/Y -       S0->Y  R     MXT2_X6M_A9TL           4    86   165    3677 
  u_datapath/u_tr_array/fopt7517/Y                                    -       A->Y   F     INV_X6B_A9TL            2    47    52    3729 
  u_datapath/u_tr_array/g6818/Y                                       -       BN->Y  F     NAND2XB_X4M_A9TL        2    77   128    3857 
  u_datapath/u_tr_array/g6756/Y                                       -       B->Y   R     NAND3XXB_X6M_A9TL       1    94    83    3940 
  u_datapath/u_tr_array/g6748/Y                                       -       A->Y   F     NAND2XB_X6M_A9TL        1    53    53    3993 
  u_datapath/u_tr_array/g6722/Y                                       -       B->Y   F     OR2_X11M_A9TL           8    63   134    4127 
  u_datapath/u_tr_array/u_exp_0_20b/u_quad/square_mul_42_37_g1182/Y   -       A->Y   R     NAND2_X8M_A9TL          3   108    74    4201 
  u_datapath/u_tr_array/u_exp_0_20b/u_quad/square_mul_42_37_g1232/Y   -       B->Y   F     XOR3_X4M_A9TL           2    94   265    4466 
  u_datapath/u_tr_array/u_exp_0_20b/u_quad/square_mul_42_37_g1065/Y   -       S0->Y  R     MXIT2_X4M_A9TL          2   180   118    4584 
  u_datapath/u_tr_array/u_exp_0_20b/u_quad/square_mul_42_37_g1222/Y   -       AN->Y  R     NAND2B_X8M_A9TL         2    72   146    4730 
  u_datapath/u_tr_array/u_exp_0_20b/u_quad/square_mul_42_37_g1017/Y   -       A->Y   F     NAND2_X8M_A9TL          2    52    53    4783 
  u_datapath/u_tr_array/u_exp_0_20b/u_quad/square_mul_42_37_g1016/Y   -       A->Y   R     INV_X4B_A9TL            1    42    44    4827 
  u_datapath/u_tr_array/u_exp_0_20b/u_quad/square_mul_42_37_g999/Y    -       A->Y   F     NAND3XXB_X6M_A9TL       1    59    49    4876 
  u_datapath/u_tr_array/u_exp_0_20b/u_quad/square_mul_42_37_g996/Y    -       A->Y   R     NAND3_X6M_A9TL          2   100    74    4950 
  u_datapath/u_tr_array/u_exp_0_20b/u_quad/square_mul_42_37_g989/Y    -       B0->Y  R     AO1B2_X4M_A9TL          1    65   131    5081 
  u_datapath/u_tr_array/u_exp_0_20b/u_quad/square_mul_42_37_g986/Y    -       S0->Y  F     MXT2_X6M_A9TL           3    76   156    5237 
  u_datapath/u_tr_array/u_exp_0_20b/g1028/Y                           -       A->Y   R     NOR2XB_X8M_A9TL         1    66    66    5303 
  u_datapath/u_tr_array/u_exp_0_20b/g1002/Y                           -       A->Y   F     NOR2_X6A_A9TL           1    48    53    5356 
  u_datapath/u_tr_array/u_exp_0_20b/g976/Y                            -       A0->Y  R     AOI21_X8M_A9TL          1    90    85    5441 
  u_datapath/u_tr_array/u_exp_0_20b/fopt1/Y                           -       A->Y   F     INV_X9M_A9TL            3    42    48    5489 
  u_datapath/u_tr_array/u_exp_0_20b/fopt1068/Y                        -       A->Y   R     INV_X4M_A9TL            1    44    42    5531 
  u_datapath/u_tr_array/u_exp_0_20b/g970/Y                            -       S0->Y  F     MXT2_X6M_A9TL           7   101   167    5698 
  u_datapath/WALLACE_CSA_DUMMY_OP_groupi_g5449/Y                      -       A->Y   F     BUFH_X4M_A9TL           4    51   106    5804 
  u_datapath/WALLACE_CSA_DUMMY_OP_groupi_g5329/Y                      -       B->Y   F     MXT2_X6M_A9TL           4    83   163    5968 
  u_datapath/WALLACE_CSA_DUMMY_OP_groupi_g5286/Y                      -       A->Y   R     INV_X5B_A9TL            1    45    50    6018 
  u_datapath/WALLACE_CSA_DUMMY_OP_groupi_g5237/Y                      -       A->Y   F     NAND2XB_X6M_A9TL        1    36    34    6052 
  u_datapath/WALLACE_CSA_DUMMY_OP_groupi_g4970/CO                     -       CI->CO F     ADDF_X2M_A9TL           2   104   210    6262 
  u_datapath/WALLACE_CSA_DUMMY_OP_groupi_g4948/Y                      -       B->Y   R     XNOR2_X4M_A9TL          2   203   143    6404 
  u_datapath/fopt22062/Y                                              -       A->Y   F     INV_X4M_A9TL            1    56    54    6458 
  u_datapath/WALLACE_CSA_DUMMY_OP_groupi_g4918/Y                      -       A->Y   R     MXIT2_X3M_A9TL          2   179   106    6564 
  u_datapath/fopt22063/Y                                              -       A->Y   F     INV_X1P4M_A9TL          1    80    88    6652 
  u_datapath/WALLACE_CSA_DUMMY_OP_groupi_g4872/Y                      -       A->Y   R     NOR2XB_X4M_A9TL         1    65    65    6717 
  u_datapath/WALLACE_CSA_DUMMY_OP_groupi_g4818/Y                      -       DN->Y  R     NAND4XXXB_X4M_A9TL      1   152   167    6885 
  u_datapath/WALLACE_CSA_DUMMY_OP_groupi_g4786/Y                      -       B->Y   F     NAND3XXB_X6M_A9TL       3    88    93    6977 
  u_datapath/WALLACE_CSA_DUMMY_OP_groupi_g4768/Y                      -       A1N->Y F     OAI2XB1_X8M_A9TL        1    56   144    7122 
  u_datapath/WALLACE_CSA_DUMMY_OP_groupi_g4763/Y                      -       A->Y   R     NAND2_X8M_A9TL          4    87    73    7194 
  u_datapath/WALLACE_CSA_DUMMY_OP_groupi_g4757/Y                      -       B0->Y  R     AO1B2_X6M_A9TL          1    57   125    7319 
  u_datapath/WALLACE_CSA_DUMMY_OP_groupi_g4754/Y                      -       S0->Y  R     MXIT2_X4M_A9TL          2   160    97    7416 
  u_datapath/g21418/Y                                                 -       A->Y   F     NAND2_X6M_A9TL          2    83    66    7482 
  u_datapath/g21358/Y                                                 -       A->Y   F     BUF_X13M_A9TL           6    44   111    7593 
  u_datapath/g21172/Y                                                 -       A->Y   R     NAND3XXB_X6M_A9TL       1    93    58    7650 
  u_datapath/g20975/Y                                                 -       A->Y   F     NOR2_X4A_A9TL           1    51    50    7701 
  u_datapath/g20753/Y                                                 -       A->Y   R     NAND2_X2A_A9TL          1    55    48    7750 
  u_datapath/u_mac_engine/b_reg_reg[3][5]/D                           -       -      R     DFFQ_X2M_A9TL           1     -     0    7750 
#----------------------------------------------------------------------------------------------------------------------------------------

