============================================================
  Generated by:           Genus(TM) Synthesis Solution 25.12-s067_1
  Generated on:           Mar 26 2026  04:46:36 pm
  Module:                 tr_softmax
  Operating conditions:   ss_typical_max_0p90v_125c (balanced_tree)
  Wireload mode:          top
  Area mode:              timing library
============================================================


Path 1: VIOLATED (-4316 ps) Late External Delay Assertion at pin out_inv_S[5]
          Group: reg2out
     Startpoint: (R) dsp_mac/out_dot_reg[8]/clk
          Clock: (R) clk
       Endpoint: (R) out_inv_S[5]
          Clock: (R) clk

                     Capture       Launch     
        Clock Edge:+    3000            0     
       Src Latency:+       0            0     
       Net Latency:+       0 (I)        0 (I) 
           Arrival:=    3000            0     
                                              
      Output Delay:-     900                  
       Uncertainty:-     125                  
     Required Time:=    1975                  
      Launch Clock:-       0                  
         Data Path:-    6291                  
             Slack:=   -4316                  

Exceptions/Constraints:
  output_delay             900             tr_softmax.sdc_line_18_236_1   

#---------------------------------------------------------------------------------------------------------------------------
#                      Timing Point                       Flags     Arc    Edge      Cell        Fanout Trans Delay Arrival 
#                                                                                                        (ps)  (ps)   (ps)  
#---------------------------------------------------------------------------------------------------------------------------
  dsp_mac/out_dot_reg[8]/clk                              -       -        R     (arrival)          338     0     0       0 
  dsp_mac/out_dot_reg[8]/q                                (u)     clk->q   F     unmapped_d_flop      5     0   369     369 
  eq_102_49/g1/z                                          (u)     in_0->z  R     unmapped_xnor2       1     0   118     487 
  eq_102_49/g6/z                                          (u)     in_0->z  F     unmapped_nand4       1     0   106     593 
  eq_102_49/g8/z                                          (u)     in_0->z  R     unmapped_nor2       16     0   145     739 
  mux_102_49/g1/z                                         (u)     sel0->z  R     unmapped_bmux2       5     0   153     892 
  gen_tr_recip.u_reciprocal/u_ln/ctl_xq_35_17/g87/z       (u)     in_0->z  F     unmapped_not         4     0    66     958 
  gen_tr_recip.u_reciprocal/u_ln/ctl_xq_35_17/g21/z       (u)     in_0->z  R     unmapped_nand4      12     0   175    1133 
  gen_tr_recip.u_reciprocal/u_ln/ctl_xq_35_17/g75/z       (u)     in_0->z  F     unmapped_nor4        4     0   136    1268 
  gen_tr_recip.u_reciprocal/u_ln/mux_msb_35_17/g3/z       (u)     sel14->z F     unmapped_mux17       2     0   286    1554 
  gen_tr_recip.u_reciprocal/u_ln/sub_39_40/g6/z           (u)     in_0->z  R     unmapped_xor2        1     0   118    1672 
  gen_tr_recip.u_reciprocal/u_ln/sub_39_40/g26/z          (u)     in_0->z  F     unmapped_not        17     0   124    1796 
  gen_tr_recip.u_reciprocal/u_ln/srl_40_22/g1/z           (u)     in_0->z  R     unmapped_not        14     0   114    1909 
  gen_tr_recip.u_reciprocal/u_ln/srl_40_22/g57/z          (u)     sel0->z  R     unmapped_mux2        2     0   117    2026 
  gen_tr_recip.u_reciprocal/u_ln/srl_40_22/g71/z          (u)     data1->z R     unmapped_mux2        2     0   117    2143 
  gen_tr_recip.u_reciprocal/u_ln/srl_40_22/g87/z          (u)     data0->z R     unmapped_mux2        2     0   117    2260 
  gen_tr_recip.u_reciprocal/u_ln/add_53_26/g15/z          (u)     in_0->z  F     unmapped_nor2        2     0    74    2334 
  gen_tr_recip.u_reciprocal/u_ln/add_53_26/g53/z          (u)     in_0->z  R     unmapped_not         2     0    50    2384 
  gen_tr_recip.u_reciprocal/u_ln/add_53_26/g71/z          (u)     in_0->z  F     unmapped_nand2       1     0    61    2445 
  gen_tr_recip.u_reciprocal/u_ln/add_53_26/g72/z          (u)     in_1->z  R     unmapped_xnor2       6     0   157    2603 
  gen_tr_recip.u_reciprocal/u_ln/add_57_34/g9/z           (u)     in_1->z  F     unmapped_nor2        1     0    61    2664 
  gen_tr_recip.u_reciprocal/u_ln/add_57_34/g23/z          (u)     in_0->z  R     unmapped_not         2     0    50    2714 
  gen_tr_recip.u_reciprocal/u_ln/add_57_34/g24/z          (u)     in_1->z  F     unmapped_nand2       1     0    61    2774 
  gen_tr_recip.u_reciprocal/u_ln/add_57_34/g25/z          (u)     in_1->z  R     unmapped_nand2       3     0    82    2856 
  gen_tr_recip.u_reciprocal/u_ln/add_57_34/g39/z          (u)     in_0->z  F     unmapped_nand2       1     0    61    2917 
  gen_tr_recip.u_reciprocal/u_ln/add_57_34/g40/z          (u)     in_1->z  R     unmapped_nand2       1     0    61    2978 
  gen_tr_recip.u_reciprocal/u_ln/add_57_34/g70/z          (u)     in_0->z  R     unmapped_xnor2       2     0   132    3109 
  gen_tr_recip.u_reciprocal/u_ln/add_57_51/g13/z          (u)     in_0->z  F     unmapped_nor2        3     0    82    3191 
  gen_tr_recip.u_reciprocal/u_ln/add_57_51/g29/z          (u)     in_1->z  R     unmapped_nor2        1     0    61    3252 
  gen_tr_recip.u_reciprocal/u_ln/add_57_51/g41/z          (u)     in_0->z  F     unmapped_nand2       1     0    61    3312 
  gen_tr_recip.u_reciprocal/u_ln/add_57_51/g42/z          (u)     in_1->z  R     unmapped_nand2       4     0    90    3403 
  gen_tr_recip.u_reciprocal/u_ln/add_57_51/g54/z          (u)     in_0->z  F     unmapped_nand2       1     0    61    3464 
  gen_tr_recip.u_reciprocal/u_ln/add_57_51/g55/z          (u)     in_1->z  R     unmapped_nand2       1     0    61    3524 
  gen_tr_recip.u_reciprocal/u_ln/add_57_51/g75/z          (u)     in_0->z  F     unmapped_xnor2       1     0   118    3642 
  gen_tr_recip.u_reciprocal/minus_63_24/g7/z              (u)     in_0->z  R     unmapped_not         2     0    50    3693 
  gen_tr_recip.u_reciprocal/minus_63_24/g23/z             (u)     in_1->z  F     unmapped_nor2        3     0    82    3774 
  gen_tr_recip.u_reciprocal/minus_63_24/g39/z             (u)     in_1->z  R     unmapped_nor2        2     0    74    3848 
  gen_tr_recip.u_reciprocal/minus_63_24/g53/z             (u)     in_0->z  F     unmapped_nand2       1     0    61    3909 
  gen_tr_recip.u_reciprocal/minus_63_24/g64/z             (u)     in_0->z  R     unmapped_not         1     0    37    3946 
  gen_tr_recip.u_reciprocal/minus_63_24/g65/z             (u)     in_1->z  F     unmapped_nand2       1     0    61    4007 
  gen_tr_recip.u_reciprocal/minus_63_24/g66/z             (u)     in_1->z  R     unmapped_nand2       1     0    61    4068 
  gen_tr_recip.u_reciprocal/minus_63_24/g86/z             (u)     in_0->z  F     unmapped_xnor2       2     0   132    4199 
  gen_tr_recip.u_reciprocal/u_exp/u_round/add_36_61/g38/z (u)     in_0->z  R     unmapped_not         1     0    37    4236 
  gen_tr_recip.u_reciprocal/u_exp/u_round/add_36_61/g30/z (u)     in_1->z  F     unmapped_xnor2       1     0   118    4354 
  gen_tr_recip.u_reciprocal/u_exp/u_round/mux_36_32/g1/z  (u)     data1->z F     unmapped_bmux2       1     0   118    4472 
  gen_tr_recip.u_reciprocal/u_exp/u_round/eq_39_44/g2/z   (u)     in_0->z  R     unmapped_nor3        1     0    81    4553 
  gen_tr_recip.u_reciprocal/u_exp/u_round/eq_39_44/g3/z   (u)     in_0->z  F     unmapped_nand2       1     0    61    4614 
  gen_tr_recip.u_reciprocal/u_exp/u_round/eq_39_44/g4/z   (u)     in_0->z  R     unmapped_not         8     0    89    4703 
  gen_tr_recip.u_reciprocal/u_exp/mux_96_26/g6/z          (u)     sel0->z  R     unmapped_bmux2       8     0   170    4873 
  gen_tr_recip.u_reciprocal/mul_96_30/g35/z               (u)     in_0->z  R     unmapped_and2        3     0    82    4955 
  gen_tr_recip.u_reciprocal/mul_96_30/g153/z              (u)     in_1->z  R     unmapped_xor2        1     0   118    5073 
  gen_tr_recip.u_reciprocal/mul_96_30/g154/z              (u)     in_0->z  R     unmapped_xor2        3     0   139    5212 
  gen_tr_recip.u_reciprocal/mul_96_30/g169/z              (u)     in_1->z  F     unmapped_nand2       1     0    61    5273 
  gen_tr_recip.u_reciprocal/mul_96_30/g170/z              (u)     in_2->z  R     unmapped_nand3       3     0   102    5374 
  gen_tr_recip.u_reciprocal/mul_96_30/g203/z              (u)     in_1->z  R     unmapped_xor2        1     0   118    5492 
  gen_tr_recip.u_reciprocal/mul_96_30/g204/z              (u)     in_0->z  R     unmapped_xor2        2     0   132    5624 
  gen_tr_recip.u_reciprocal/mul_96_30/g343/z              (u)     in_1->z  F     unmapped_nor2        3     0    82    5706 
  gen_tr_recip.u_reciprocal/mul_96_30/g371/z              (u)     in_1->z  R     unmapped_nor2        2     0    74    5780 
  gen_tr_recip.u_reciprocal/mul_96_30/g81/z               (u)     in_1->z  F     unmapped_nand2       1     0    61    5841 
  gen_tr_recip.u_reciprocal/mul_96_30/g387/z              (u)     in_0->z  R     unmapped_not         1     0    37    5877 
  gen_tr_recip.u_reciprocal/mul_96_30/g388/z              (u)     in_1->z  F     unmapped_nand2       1     0    61    5938 
  gen_tr_recip.u_reciprocal/mul_96_30/g389/z              (u)     in_1->z  R     unmapped_nand2       8     0   113    6051 
  gen_tr_recip.u_reciprocal/mul_96_30/g404/z              (u)     in_0->z  F     unmapped_nand2       1     0    61    6112 
  gen_tr_recip.u_reciprocal/mul_96_30/g405/z              (u)     in_1->z  R     unmapped_nand2       1     0    61    6173 
  gen_tr_recip.u_reciprocal/mul_96_30/g440/z              (u)     in_0->z  R     unmapped_xnor2       1     0   118    6291 
  out_inv_S[5]                                            -       -        R     (port)               -     -     0    6291 
#---------------------------------------------------------------------------------------------------------------------------

(u) : Net has unmapped pin(s).

