============================================================
  Generated by:           Genus(TM) Synthesis Solution 25.12-s067_1
  Generated on:           Apr 11 2026  02:56:42 pm
  Module:                 transformer_core_top
  Operating conditions:   ss_typical_max_0p90v_125c (balanced_tree)
  Wireload mode:          top
  Area mode:              timing library
============================================================


Path 1: MET (2480 ps) Late External Delay Assertion at pin host_done_pulse
          Group: reg2out
     Startpoint: (R) u_ctrl/wait_cnt_q_reg[0]/CK
          Clock: (R) clk
       Endpoint: (F) host_done_pulse
          Clock: (R) clk

                     Capture       Launch     
        Clock Edge:+    5000            0     
       Src Latency:+       0            0     
       Net Latency:+       0 (I)        0 (I) 
           Arrival:=    5000            0     
                                              
      Output Delay:-    1500                  
       Uncertainty:-     125                  
     Required Time:=    3375                  
      Launch Clock:-       0                  
         Data Path:-     895                  
             Slack:=    2480                  

Exceptions/Constraints:
  output_delay             1500            transformer_core_top_line_18_133_1   

#--------------------------------------------------------------------------------------------
#        Timing Point         Flags   Arc   Edge      Cell        Fanout Trans Delay Arrival 
#                                                                         (ps)  (ps)   (ps)  
#--------------------------------------------------------------------------------------------
  u_ctrl/wait_cnt_q_reg[0]/CK -       -     R     (arrival)          905     0     0       0 
  u_ctrl/wait_cnt_q_reg[0]/Q  -       CK->Q R     DFFRPQ_X1M_A9TL      3   151   347     347 
  u_ctrl/g1751__7410/Y        -       B->Y  R     OR2_X0P5M_A9TL       2   187   211     558 
  u_ctrl/g1746__9315/Y        -       A->Y  R     OR3_X0P5M_A9TL       2   200   235     793 
  u_ctrl/g1346/Y              -       A->Y  F     INV_X1M_A9TL         1    92   102     895 
  host_done_pulse             -       -     F     (port)               -     -     0     895 
#--------------------------------------------------------------------------------------------

