============================================================
  Generated by:           Genus(TM) Synthesis Solution 25.12-s067_1
  Generated on:           Sep 23 2026  11:46:28 am
  Module:                 tr_nonlinear_vpu
  Operating conditions:   ss_typical_max_0p90v_125c (balanced_tree)
  Wireload mode:          top
  Area mode:              timing library
============================================================


Path 1: MET (1816 ps) Late External Delay Assertion at pin vpu_dot_out[8]
          Group: reg2out
     Startpoint: (R) u_mac/out_dot_reg[8]/clk
          Clock: (R) clk
       Endpoint: (R) vpu_dot_out[8]
          Clock: (R) clk

                     Capture       Launch     
        Clock Edge:+    3300            0     
       Src Latency:+       0            0     
       Net Latency:+       0 (I)        0 (I) 
           Arrival:=    3300            0     
                                              
      Output Delay:-     990                  
       Uncertainty:-     125                  
     Required Time:=    2185                  
      Launch Clock:-       0                  
         Data Path:-     369                  
             Slack:=    1816                  

Exceptions/Constraints:
  output_delay             990             dut.sdc_line_17_313_1   

#------------------------------------------------------------------------------------------
#      Timing Point        Flags    Arc   Edge      Cell        Fanout Trans Delay Arrival 
#                                                                       (ps)  (ps)   (ps)  
#------------------------------------------------------------------------------------------
  u_mac/out_dot_reg[8]/clk -       -      R     (arrival)         1473     0     0       0 
  u_mac/out_dot_reg[8]/q   (u)     clk->q R     unmapped_d_flop      5     0   369     369 
  vpu_dot_out[8]           -       -      R     (port)               -     -     0     369 
#------------------------------------------------------------------------------------------

(u) : Net has unmapped pin(s).

