============================================================
  Generated by:           Genus(TM) Synthesis Solution 25.12-s067_1
  Generated on:           Sep 24 2026  06:17:10 pm
  Module:                 tr_softmax
  Operating conditions:   ss_typical_max_0p90v_125c (balanced_tree)
  Wireload mode:          top
  Area mode:              timing library
============================================================


Path 1: MET (0 ps) Late External Delay Assertion at pin y_out[0][4]
          Group: in2out
     Startpoint: (F) sum_in[14]
          Clock: (R) clk
       Endpoint: (R) y_out[0][4]
          Clock: (R) clk

                        Capture       Launch     
           Path Delay:+    3630            -     
           Drv Adjust:+       0           29     
          Src Latency:+       0            0     
          Net Latency:+       0 (I)        0 (I) 
        Capture Clock:+       0                  
              Arrival:=    3630           29     
                                                 
         Output Delay:-     990                  
          Uncertainty:-     125                  
        Required Time:=    2515                  
         Launch Clock:-      29                  
          Input Delay:-     990                  
            Data Path:-    1496                  
                Slack:=       0                  

Exceptions/Constraints:
  max_delay                3630            dut.sdc_line_18         
  input_delay              990             dut.sdc_line_15_94_1    
  output_delay             990             dut.sdc_line_17_167_1   

#----------------------------------------------------------------------------------------
#    Timing Point      Flags    Arc    Edge       Cell        Fanout Trans Delay Arrival 
#                                                                     (ps)  (ps)   (ps)  
#----------------------------------------------------------------------------------------
  sum_in[14]           -       -       F     (arrival)             3    69     0    1019 
  u_ln/g9879/Y         -       A->Y    R     INV_X4M_A9TL          3    70    71    1090 
  u_ln/g9868__4733/Y   -       B->Y    F     NAND2_X6A_A9TL        3    67    72    1162 
  u_ln/g9830__9315/Y   -       B->Y    R     NOR2_X8B_A9TL         5    92    90    1252 
  u_ln/g9802__2398/Y   -       A->Y    F     NAND2_X2A_A9TL        1    80    76    1328 
  u_ln/g9777__6783/Y   -       A0->Y   R     AOI21_X3M_A9TL        1   112   106    1434 
  u_ln/g9759__2883/Y   -       A0->Y   F     OAI21_X3M_A9TL        1    78    86    1520 
  u_ln/g9748__8246/Y   -       A->Y    R     NAND3_X6A_A9TL        3   127    90    1610 
  u_ln/g9740__6783/Y   -       A->Y    F     NAND2_X4M_A9TL        2    61    60    1670 
  u_ln/g9713__7098/CON -       CI->CON R     CGENI_X2M_A9TL        3   252   169    1839 
  u_ln/g9707__2802/Y   -       A->Y    F     NAND2XB_X3M_A9TL      4   132   125    1964 
  u_ln/g9704__6783/Y   -       A->Y    R     NAND3_X2M_A9TL        1   135   123    2087 
  u_ln/g9699__4319/Y   -       A->Y    F     NAND2_X4M_A9TL        2    74    72    2159 
  u_ln/g2__2883/Y      -       A0->Y   R     AOI2XB1_X4M_A9TL      1    95    95    2254 
  u_ln/g9691__1666/Y   -       S0->Y   R     MXIT2_X2M_A9TL        1   165   106    2360 
  g10919/Y             -       B0->Y   F     AOI22_X3M_A9TL        1   117    81    2441 
  g10656/Y             -       A->Y    R     NAND2_X2B_A9TL        1    91    74    2514 
  y_out[0][4]          -       -       R     (port)                -     -     0    2514 
#----------------------------------------------------------------------------------------

