============================================================
  Generated by:           Genus(TM) Synthesis Solution 25.12-s067_1
  Generated on:           Sep 24 2026  06:17:10 pm
  Module:                 tr_softmax
  Operating conditions:   ss_typical_max_0p90v_125c (balanced_tree)
  Wireload mode:          top
  Area mode:              timing library
============================================================


Path 1: MET (0 ps) Setup Check with Pin u_vec_mul_ew/a_reg_reg[4][0]/CK->D
          Group: in2reg
     Startpoint: (F) offset_in[2]
          Clock: (R) clk
       Endpoint: (F) u_vec_mul_ew/a_reg_reg[4][0]/D
          Clock: (R) clk

                     Capture       Launch     
        Clock Edge:+    3300            0     
        Drv Adjust:+       0           23     
       Src Latency:+       0            0     
       Net Latency:+       0 (I)        0 (I) 
           Arrival:=    3300           23     
                                              
             Setup:-      76                  
       Uncertainty:-     125                  
     Required Time:=    3098                  
      Launch Clock:-      23                  
       Input Delay:-     990                  
         Data Path:-    2085                  
             Slack:=       0                  

Exceptions/Constraints:
  input_delay             990             dut.sdc_line_15_74_1   

#-------------------------------------------------------------------------------------------------------
#             Timing Point              Flags   Arc   Edge       Cell        Fanout Trans Delay Arrival 
#                                                                                    (ps)  (ps)   (ps)  
#-------------------------------------------------------------------------------------------------------
  offset_in[2]                          -       -     F     (arrival)             1    62     0    1013 
  g6923/Y                               -       A->Y  F     BUFH_X13M_A9TL       11    59    99    1112 
  u_sub/g17349/Y                        -       A->Y  R     INV_X16M_A9TL        15    74    70    1182 
  u_sub/g17330__2883/Y                  -       A->Y  F     NAND2_X3A_A9TL        2    74    69    1251 
  u_sub/g17138__6417/Y                  -       A0->Y R     OAI21_X3M_A9TL        1   136   117    1368 
  u_sub/g17132__9945/Y                  -       A0->Y F     AOI21_X6M_A9TL        1    67    73    1441 
  u_sub/g17112__5107/Y                  -       B->Y  R     NAND2_X4M_A9TL        2    89    80    1521 
  u_sub/g17100__2346/Y                  -       A->Y  F     NAND2_X4M_A9TL        1    73    58    1579 
  u_sub/g17094__6161/Y                  -       A->Y  R     NAND2_X6M_A9TL        3    95    71    1650 
  u_sub/g17046__5122/Y                  -       B0->Y R     AO1B2_X4M_A9TL        1    88   136    1786 
  u_sub/g17036__5107/Y                  -       A->Y  F     NAND2_X8M_A9TL        7   115    83    1869 
  u_sub/g16991__6161/Y                  -       A->Y  R     NAND2_X8M_A9TL        5   101   101    1969 
  u_sub/g16984/Y                        -       A->Y  F     INV_X6M_A9TL          4    48    53    2023 
  u_sub/g17431/Y                        -       A0->Y F     AO21B_X6M_A9TL        9   150   161    2184 
  gen_exp[4].u_exp/u_round/g241__5115/Y -       A->Y  R     NAND2_X2M_A9TL        2   137   129    2313 
  gen_exp[4].u_exp/u_round/g233__1617/Y -       A->Y  F     NAND2XB_X2M_A9TL      1    73    70    2383 
  gen_exp[4].u_exp/u_round/g232__3680/Y -       A->Y  R     NAND2_X2A_A9TL        3    94    84    2466 
  u_lut/fopt1806/Y                      -       A->Y  F     INV_X2M_A9TL          3    58    65    2532 
  u_lut/g1774__4733/Y                   -       A->Y  R     NAND2_X1M_A9TL        2   160   112    2643 
  u_lut/g1760__5122/Y                   -       B0->Y F     OAI21_X1M_A9TL        2   176   157    2800 
  g10769/Y                              -       A0->Y R     AOI221_X2M_A9TL       1   166   208    3008 
  g10731/Y                              -       A->Y  F     INV_X0P8M_A9TL        1    80    90    3098 
  u_vec_mul_ew/a_reg_reg[4][0]/D        -       -     F     DFFQ_X2M_A9TL         1     -     0    3098 
#-------------------------------------------------------------------------------------------------------

