============================================================
  Generated by:           Genus(TM) Synthesis Solution 25.12-s067_1
  Generated on:           Sep 19 2026  10:48:24 am
  Module:                 tr_softmax
  Operating conditions:   ss_typical_max_0p90v_125c (balanced_tree)
  Wireload mode:          top
  Area mode:              timing library
============================================================


Path 1: MET (92 ps) Setup Check with Pin u_vec_mul_ew/prod_reg_reg[7][14]/CK->D
          Group: reg2reg
     Startpoint: (R) u_vec_mul_ew/b_reg_reg[0][6]/CK
          Clock: (R) clk
       Endpoint: (R) u_vec_mul_ew/prod_reg_reg[7][14]/D
          Clock: (R) clk

                     Capture       Launch     
        Clock Edge:+    3300            0     
       Src Latency:+       0            0     
       Net Latency:+       0 (I)        0 (I) 
           Arrival:=    3300            0     
                                              
             Setup:-     106                  
       Uncertainty:-     125                  
     Required Time:=    3069                  
      Launch Clock:-       0                  
         Data Path:-    2977                  
             Slack:=      92                  

#---------------------------------------------------------------------------------------------------------------------
#                   Timing Point                     Flags    Arc   Edge       Cell        Fanout Trans Delay Arrival 
#                                                                                                  (ps)  (ps)   (ps)  
#---------------------------------------------------------------------------------------------------------------------
  u_vec_mul_ew/b_reg_reg[0][6]/CK                    -       -      R     (arrival)           243     0     0       0 
  u_vec_mul_ew/b_reg_reg[0][6]/Q                     -       CK->Q  R     DFFQ_X1M_A9TL         1   111   276     276 
  u_vec_mul_ew/g3804/Y                               -       A->Y   F     INV_X4B_A9TL          2   120   108     384 
  u_vec_mul_ew/g3802/Y                               -       A->Y   R     INV_X9M_A9TL          8    83    89     472 
  u_vec_mul_ew/mul_130_66_I8_Y_mul_124_58_I8_g4245/Y -       A->Y   F     INV_X4M_A9TL          6    60    64     537 
  u_vec_mul_ew/mul_130_66_I8_Y_mul_124_58_I8_g4172/Y -       A->Y   R     NOR2_X3M_A9TL         2   100    82     619 
  u_vec_mul_ew/g6962/Y                               -       B->Y   R     XOR2_X1M_A9TL         2   300   196     815 
  u_vec_mul_ew/mul_130_66_I8_Y_mul_124_58_I8_g4280/Y -       B->Y   R     XOR2_X1M_A9TL         1   245   214    1029 
  u_vec_mul_ew/mul_130_66_I8_Y_mul_124_58_I8_g4282/Y -       B->Y   R     XNOR2_X2M_A9TL        2   244   201    1230 
  u_vec_mul_ew/mul_130_66_I8_Y_mul_124_58_I8_g4010/Y -       A->Y   F     XNOR3_X1M_A9TL        2   127   231    1461 
  u_vec_mul_ew/mul_130_66_I8_Y_mul_124_58_I8_g3998/Y -       B->Y   R     NOR2_X1P4M_A9TL       3   216   179    1640 
  u_vec_mul_ew/mul_130_66_I8_Y_mul_124_58_I8_g3981/Y -       A->Y   F     NAND2_X1M_A9TL        1   130   126    1766 
  u_vec_mul_ew/mul_130_66_I8_Y_mul_124_58_I8_g3969/Y -       B0->Y  R     OAI21_X3M_A9TL        1   127    96    1862 
  u_vec_mul_ew/mul_130_66_I8_Y_mul_124_58_I8_g3965/Y -       B->Y   F     NOR2_X3A_A9TL         2    72    81    1943 
  u_vec_mul_ew/mul_130_66_I8_Y_mul_124_58_I8_g3960/Y -       B->Y   R     NOR2_X1P4B_A9TL       2   160   128    2071 
  u_vec_mul_ew/mul_130_66_I8_Y_mul_124_58_I8_g3951/Y -       B->Y   F     NAND2_X1M_A9TL        2   147   125    2196 
  u_vec_mul_ew/mul_130_66_I8_Y_mul_124_58_I8_g3942/Y -       B->Y   R     NOR2_X1M_A9TL         2   227   191    2387 
  u_vec_mul_ew/mul_130_66_I8_Y_mul_124_58_I8_g4277/Y -       AN->Y  R     NAND2B_X2M_A9TL       3   135   204    2591 
  u_vec_mul_ew/mul_130_66_I8_Y_mul_124_58_I8_g2/Y    -       A1N->Y R     OAI2XB1_X1M_A9TL      1   204   225    2816 
  u_vec_mul_ew/mul_130_66_I8_Y_mul_124_58_I8_g3924/Y -       A->Y   R     XOR2_X0P7M_A9TL       1   234   161    2977 
  u_vec_mul_ew/prod_reg_reg[7][14]/D                 -       -      R     DFFQ_X1M_A9TL         1     -     0    2977 
#---------------------------------------------------------------------------------------------------------------------

