============================================================
  Generated by:           Genus(TM) Synthesis Solution 25.12-s067_1
  Generated on:           Sep 19 2026  10:48:24 am
  Module:                 tr_softmax
  Operating conditions:   ss_typical_max_0p90v_125c (balanced_tree)
  Wireload mode:          top
  Area mode:              timing library
============================================================


Path 1: MET (311 ps) Late External Delay Assertion at pin y_out[0][3]
          Group: reg2out
     Startpoint: (R) u_vec_mul_ew/out_vec_reg[0][29]/CK
          Clock: (R) clk
       Endpoint: (F) y_out[0][3]
          Clock: (R) clk

                     Capture       Launch     
        Clock Edge:+    3300            0     
       Src Latency:+       0            0     
       Net Latency:+       0 (I)        0 (I) 
           Arrival:=    3300            0     
                                              
      Output Delay:-     990                  
       Uncertainty:-     125                  
     Required Time:=    2185                  
      Launch Clock:-       0                  
         Data Path:-    1874                  
             Slack:=     311                  

Exceptions/Constraints:
  output_delay             990             dut.sdc_line_17_168_1   

#---------------------------------------------------------------------------------------------------
#           Timing Point             Flags   Arc   Edge      Cell        Fanout Trans Delay Arrival 
#                                                                                (ps)  (ps)   (ps)  
#---------------------------------------------------------------------------------------------------
  u_vec_mul_ew/out_vec_reg[0][29]/CK -       -     R     (arrival)          123     0     0       0 
  u_vec_mul_ew/out_vec_reg[0][29]/Q  -       CK->Q F     DFFQ_X1M_A9TL        3   113   310     310 
  g6901/Y                            -       B->Y  R     NOR2_X1P4A_A9TL      1   142   129     439 
  g6641/Y                            -       C->Y  R     AND4_X1P4M_A9TL      1    64   156     595 
  g6537/Y                            -       B->Y  F     NAND2_X1M_A9TL       1    92    73     668 
  g6442/Y                            -       B->Y  F     OR6_X0P7M_A9TL       1   120   211     879 
  g6414/Y                            -       A->Y  R     NOR3_X1M_A9TL        1   222   172    1051 
  g6413/Y                            -       B->Y  F     NOR2_X1M_A9TL        1   113   130    1181 
  g6412/Y                            -       A1->Y F     AO22_X1M_A9TL        8   220   301    1481 
  g6409/Y                            -       C0->Y R     AOI221_X1M_A9TL      1   330   269    1750 
  g6401/Y                            -       B->Y  F     NAND2_X2A_A9TL       1   102   124    1874 
  y_out[0][3]                        -       -     F     (port)               -     -     0    1874 
#---------------------------------------------------------------------------------------------------

