============================================================
  Generated by:           Genus(TM) Synthesis Solution 25.12-s067_1
  Generated on:           Sep 19 2026  10:48:26 am
  Module:                 tr_softmax
  Operating conditions:   ss_typical_max_0p90v_125c (balanced_tree)
  Wireload mode:          top
  Area mode:              timing library
============================================================


Path 1: VIOLATED (-13 ps) Late External Delay Assertion at pin y_out[0][5]
          Group: in2out
     Startpoint: (F) sum_in[11]
          Clock: (R) clk
       Endpoint: (R) y_out[0][5]
          Clock: (R) clk

                        Capture       Launch     
           Path Delay:+    3630            -     
           Drv Adjust:+       0           38     
          Src Latency:+       0            0     
          Net Latency:+       0 (I)        0 (I) 
        Capture Clock:+       0                  
              Arrival:=    3630           38     
                                                 
         Output Delay:-     990                  
          Uncertainty:-     125                  
        Required Time:=    2515                  
         Launch Clock:-      38                  
          Input Delay:-     990                  
            Data Path:-    1500                  
                Slack:=     -13                  

Exceptions/Constraints:
  max_delay                3630            dut.sdc_line_18         
  input_delay              990             dut.sdc_line_15_97_1    
  output_delay             990             dut.sdc_line_17_166_1   


