============================================================
  Generated by:           Genus(TM) Synthesis Solution 25.12-s067_1
  Generated on:           Apr 11 2026  02:56:46 pm
  Module:                 transformer_core_top
  Operating conditions:   ss_typical_max_0p90v_125c (balanced_tree)
  Wireload mode:          top
  Area mode:              timing library
============================================================

         Instance                              Module                     Cell-Count  Cell-Area  Net-Area   Total-Area  Wireload  
----------------------------------------------------------------------------------------------------------------------------------
transformer_core_top       NA                                                   9742  39444.840     0.000    39444.840 Small (D)  
  u_ctrl                   transformer_core_ctrl_MAX_LATENCY2                    113    402.840     0.000      402.840 Small (T)  
  u_datapath               transformer_core_datapath_N8_W8_ACC_W32_FRAC4        9629  39042.000     0.000    39042.000 Small (T)  
    u_alpha_stab           alpha_stabilizer_N8_W8                               1512   7010.280     0.000     7010.280 Small (T)  
    u_mac_engine           vec_mul_N8_W8_ACC_W32                                3153  12675.960     0.000    12675.960 Small (T)  
    u_piped_max            piped_max_NUM_INPUTS8_DATA_WIDTH8                     185    835.200     0.000      835.200 Small (T)  
    u_scalar_sub           scalar_sub_NUM_INPUTS8_DATA_WIDTH8                    373   1289.160     0.000     1289.160 Small (T)  
    u_tr_array             tr_hetero_array_N8                                   2112   7061.400     0.000     7061.400 Small (T)  
      GEN_LANES[1].u_exp_i tr_exp_alu_WIDTH8_FRAC_W4_LUT_IDX_W3_480               22     51.120     0.000       51.120 Small (T)  
        u_quad             quadratic_divider_WIDTH8_FRAC_W4_3675                   5      8.640     0.000        8.640 Small (T)  
        u_round            round_WIDTH8_FRAC_W4_LUT_IDX_W3_473                    11     21.960     0.000       21.960 Small (T)  
      GEN_LANES[1].u_ln_i  tr_ln_WIDTH8_BITS4_OUT_WIDTH8_487                      88    309.960     0.000      309.960 Small (T)  
      GEN_LANES[2].u_exp_i tr_exp_alu_WIDTH8_FRAC_W4_LUT_IDX_W3_479               22     51.120     0.000       51.120 Small (T)  
        u_quad             quadratic_divider_WIDTH8_FRAC_W4_3674                   5      8.640     0.000        8.640 Small (T)  
        u_round            round_WIDTH8_FRAC_W4_LUT_IDX_W3_472                    11     21.960     0.000       21.960 Small (T)  
      GEN_LANES[2].u_ln_i  tr_ln_WIDTH8_BITS4_OUT_WIDTH8_486                      86    297.000     0.000      297.000 Small (T)  
      GEN_LANES[3].u_exp_i tr_exp_alu_WIDTH8_FRAC_W4_LUT_IDX_W3_478               22     51.120     0.000       51.120 Small (T)  
        u_quad             quadratic_divider_WIDTH8_FRAC_W4_3673                   5      8.640     0.000        8.640 Small (T)  
        u_round            round_WIDTH8_FRAC_W4_LUT_IDX_W3_471                    11     21.960     0.000       21.960 Small (T)  
      GEN_LANES[3].u_ln_i  tr_ln_WIDTH8_BITS4_OUT_WIDTH8_485                      89    355.320     0.000      355.320 Small (T)  
      GEN_LANES[4].u_exp_i tr_exp_alu_WIDTH8_FRAC_W4_LUT_IDX_W3_477               22     51.120     0.000       51.120 Small (T)  
        u_quad             quadratic_divider_WIDTH8_FRAC_W4_3672                   5      8.640     0.000        8.640 Small (T)  
        u_round            round_WIDTH8_FRAC_W4_LUT_IDX_W3_470                    11     21.960     0.000       21.960 Small (T)  
      GEN_LANES[4].u_ln_i  tr_ln_WIDTH8_BITS4_OUT_WIDTH8_484                      87    345.600     0.000      345.600 Small (T)  
      GEN_LANES[5].u_exp_i tr_exp_alu_WIDTH8_FRAC_W4_LUT_IDX_W3_476               22     51.120     0.000       51.120 Small (T)  
        u_quad             quadratic_divider_WIDTH8_FRAC_W4_3671                   5      8.640     0.000        8.640 Small (T)  
        u_round            round_WIDTH8_FRAC_W4_LUT_IDX_W3_469                    11     21.960     0.000       21.960 Small (T)  
      GEN_LANES[5].u_ln_i  tr_ln_WIDTH8_BITS4_OUT_WIDTH8_483                      83    302.040     0.000      302.040 Small (T)  
      GEN_LANES[6].u_exp_i tr_exp_alu_WIDTH8_FRAC_W4_LUT_IDX_W3_475               22     51.120     0.000       51.120 Small (T)  
        u_quad             quadratic_divider_WIDTH8_FRAC_W4_3670                   5      8.640     0.000        8.640 Small (T)  
        u_round            round_WIDTH8_FRAC_W4_LUT_IDX_W3_468                    11     21.960     0.000       21.960 Small (T)  
      GEN_LANES[6].u_ln_i  tr_ln_WIDTH8_BITS4_OUT_WIDTH8_482                      81    294.840     0.000      294.840 Small (T)  
      GEN_LANES[7].u_exp_i tr_exp_alu_WIDTH8_FRAC_W4_LUT_IDX_W3_474               22     51.120     0.000       51.120 Small (T)  
        u_quad             quadratic_divider_WIDTH8_FRAC_W4_3669                   5      8.640     0.000        8.640 Small (T)  
        u_round            round_WIDTH8_FRAC_W4_LUT_IDX_W3_467                    11     21.960     0.000       21.960 Small (T)  
      GEN_LANES[7].u_ln_i  tr_ln_WIDTH8_BITS4_OUT_WIDTH8_481                      84    306.360     0.000      306.360 Small (T)  
      u_exp_0_20b          tr_exp_alu_WIDTH20_FRAC_W8_LUT_IDX_W4                 193    778.320     0.000      778.320 Small (T)  
        u_quad             quadratic_divider_WIDTH20_FRAC_W8                     134    534.600     0.000      534.600 Small (T)  
        u_round            round_WIDTH20_FRAC_W8_LUT_IDX_W4                       14     48.600     0.000       48.600 Small (T)  
      u_exp_0_8b           tr_exp_alu_WIDTH8_FRAC_W4_LUT_IDX_W3                   22     50.760     0.000       50.760 Small (T)  
        u_quad             quadratic_divider_WIDTH8_FRAC_W4                        5      8.640     0.000        8.640 Small (T)  
        u_round            round_WIDTH8_FRAC_W4_LUT_IDX_W3                        11     21.600     0.000       21.600 Small (T)  
      u_ln_0_20b           tr_ln_WIDTH20_BITS8_OUT_WIDTH20                       274    983.880     0.000      983.880 Small (T)  
      u_ln_0_8b            tr_ln_WIDTH8_BITS4_OUT_WIDTH8                          84    310.320     0.000      310.320 Small (T)  
      u_lut_20b            q12_8_lut                                              37     78.480     0.000       78.480 Small (T)  
      u_shared_rom         shared_lut_rom_N8                                      58    117.360     0.000      117.360 Small (T)  
  (D) = wireload is default in technology library
  (T) = wireload mode is 'top'
