============================================================
  Generated by:           Genus(TM) Synthesis Solution 25.12-s067_1
  Generated on:           Apr 11 2026  02:56:48 pm
  Module:                 transformer_core_top
  Operating conditions:   ss_typical_max_0p90v_125c (balanced_tree)
  Wireload mode:          top
  Area mode:              timing library
============================================================


Summary
-------
--------------------------------------------------------------------------
            Category            Number     %    Average Toggle Saving %   
--------------------------------------------------------------------------
 Total Clock Gating Instances        4  100.00                         -  
--------------------------------------------------------------------------
 RC Clock Gating Instances           4  100.00                     68.12  
 Non-RC Clock Gating Instances       0    0.00                      0.00  
--------------------------------------------------------------------------
 RC Gated Flip-flops               440   32.81                     34.98  
 Non-RC Gated Flip-flops             0    0.00                      0.00  
--------------------------------------------------------------------------
 Total Gated Flip-flops            440   32.81                         -  
 Total Ungated Flip-flops          901   67.19                         -  
 Enable signal is constant         896   99.45                         -  
 Register bank width too small       5    0.55                         -  
--------------------------------------------------------------------------
 Total Flip-flops                 1341  100.00                         -  
--------------------------------------------------------------------------
Multibit Flip-flop Summary
--------------------------
-------------------------------------------------------
Width     Number     Bits     RC Gated     Ungated     
-------------------------------------------------------
1-bit     1341       1341     440 (32.81%) 901 (67.19%) 
--------------------------------------------------------


