============================================================
  Generated by:           Genus(TM) Synthesis Solution 25.12-s067_1
  Generated on:           Mar 15 2026  04:00:35 pm
  Module:                 tr_gelu
  Operating conditions:   ss_typical_max_0p90v_125c (balanced_tree)
  Wireload mode:          top
  Area mode:              timing library
============================================================

Max_transition design rule (violation total = 2278)
Pin                                                   Slew           Max     Violation
----------------------------------------------------------------------------------------
g3048/A                                                675           350           325
  --> Other violations on net                                  1952
csa_tree_mul_297_97_groupi_g2918__2883/A               675           350           325
  --> Other violations on net                                  1952
csa_tree_mul_297_97_groupi_g2910__6131/B               675           350           325
  --> Other violations on net                                  1952
csa_tree_mul_297_97_groupi_g2840__1666/A0              675           350           325
  --> Other violations on net                                  1952
csa_tree_mul_297_97_groupi_g2852__5526/A               675           350           325
  --> Other violations on net                                  1952
csa_tree_mul_297_97_groupi_g2939/A                     675           350           325
  --> Other violations on net                                  1952
csa_tree_mul_297_97_groupi_g2999__2398/Y               675           350           325
  --> Other violations on net                                  1952
csa_tree_mul_297_97_groupi_g2823__6131/A               350           350             0
  --> Other violations on net                                  0
csa_tree_mul_297_97_groupi_g2887__1666/Y               350           350             0
  --> Other violations on net                                  0


Max_capacitance design rule: no violations.


Max_fanout design rule: no violations.



