============================================================
  Generated by:           Genus(TM) Synthesis Solution 25.12-s067_1
  Generated on:           Mar 15 2026  04:00:35 pm
  Operating conditions:   ss_typical_max_0p90v_125c (balanced_tree)
  Wireload mode:          top
  Area mode:              timing library
============================================================

                                                                                      
       Gate         Instances   Area                       Library                    
--------------------------------------------------------------------------------------
ADDF_X1M_A9TL              74  586.080 sc9_cln65lp_base_lvt_ss_typical_max_0p90v_125c 
ADDH_X1M_A9TH               1    4.680 sc9_cln65lp_base_hvt_ss_typical_max_0p90v_125c 
ADDH_X1M_A9TL               4   18.720 sc9_cln65lp_base_lvt_ss_typical_max_0p90v_125c 
AND2_X1M_A9TL              26   46.800 sc9_cln65lp_base_lvt_ss_typical_max_0p90v_125c 
AO1B2_X2M_A9TL              1    3.600 sc9_cln65lp_base_lvt_ss_typical_max_0p90v_125c 
AO21B_X1M_A9TL              2    5.040 sc9_cln65lp_base_lvt_ss_typical_max_0p90v_125c 
AO21_X1M_A9TL               2    5.760 sc9_cln65lp_base_lvt_ss_typical_max_0p90v_125c 
AO21_X2M_A9TL               1    4.680 sc9_cln65lp_base_lvt_ss_typical_max_0p90v_125c 
AO22_X1M_A9TL               1    3.240 sc9_cln65lp_base_lvt_ss_typical_max_0p90v_125c 
AOI21_X1M_A9TL             10   21.600 sc9_cln65lp_base_lvt_ss_typical_max_0p90v_125c 
AOI21_X2M_A9TL              4   14.400 sc9_cln65lp_base_lvt_ss_typical_max_0p90v_125c 
AOI21_X3M_A9TL              1    4.680 sc9_cln65lp_base_lvt_ss_typical_max_0p90v_125c 
AOI22_X1M_A9TL              1    2.520 sc9_cln65lp_base_lvt_ss_typical_max_0p90v_125c 
AOI2XB1_X1M_A9TL            5   14.400 sc9_cln65lp_base_lvt_ss_typical_max_0p90v_125c 
BUFH_X1M_A9TL               2    2.880 sc9_cln65lp_base_lvt_ss_typical_max_0p90v_125c 
BUF_X1M_A9TH                7   10.080 sc9_cln65lp_base_hvt_ss_typical_max_0p90v_125c 
CGENI_X1M_A9TL             33   95.040 sc9_cln65lp_base_lvt_ss_typical_max_0p90v_125c 
CGEN_X1M_A9TL              12   43.200 sc9_cln65lp_base_lvt_ss_typical_max_0p90v_125c 
DFFRPQN_X1M_A9TL           35  289.800 sc9_cln65lp_base_lvt_ss_typical_max_0p90v_125c 
DFFRPQ_X1M_A9TL            27  233.280 sc9_cln65lp_base_lvt_ss_typical_max_0p90v_125c 
DFFRPQ_X2M_A9TL             8   72.000 sc9_cln65lp_base_lvt_ss_typical_max_0p90v_125c 
INV_X0P5B_A9TH              3    3.240 sc9_cln65lp_base_hvt_ss_typical_max_0p90v_125c 
INV_X0P5B_A9TR              1    1.080 sc9_cln65lp_base_rvt_ss_typical_max_0p90v_125c 
INV_X0P8M_A9TL              1    1.080 sc9_cln65lp_base_lvt_ss_typical_max_0p90v_125c 
INV_X1M_A9TL               64   69.120 sc9_cln65lp_base_lvt_ss_typical_max_0p90v_125c 
INV_X2M_A9TL               10   14.400 sc9_cln65lp_base_lvt_ss_typical_max_0p90v_125c 
INV_X4M_A9TL                2    5.040 sc9_cln65lp_base_lvt_ss_typical_max_0p90v_125c 
MXIT2_X1M_A9TL              7   25.200 sc9_cln65lp_base_lvt_ss_typical_max_0p90v_125c 
MXT2_X0P7M_A9TL             7   25.200 sc9_cln65lp_base_lvt_ss_typical_max_0p90v_125c 
MXT2_X1M_A9TL               2    8.640 sc9_cln65lp_base_lvt_ss_typical_max_0p90v_125c 
MXT2_X1P4M_A9TL             3   15.120 sc9_cln65lp_base_lvt_ss_typical_max_0p90v_125c 
MXT2_X2M_A9TL               2   13.680 sc9_cln65lp_base_lvt_ss_typical_max_0p90v_125c 
NAND2XB_X1M_A9TL            4    8.640 sc9_cln65lp_base_lvt_ss_typical_max_0p90v_125c 
NAND2_X1A_A9TL             26   37.440 sc9_cln65lp_base_lvt_ss_typical_max_0p90v_125c 
NAND2_X1B_A9TL              9   12.960 sc9_cln65lp_base_lvt_ss_typical_max_0p90v_125c 
NAND2_X1M_A9TL             41   59.040 sc9_cln65lp_base_lvt_ss_typical_max_0p90v_125c 
NAND3_X1A_A9TL              3    6.480 sc9_cln65lp_base_lvt_ss_typical_max_0p90v_125c 
NAND3_X1M_A9TL              5   10.800 sc9_cln65lp_base_lvt_ss_typical_max_0p90v_125c 
NOR2B_X1M_A9TL              5   10.800 sc9_cln65lp_base_lvt_ss_typical_max_0p90v_125c 
NOR2XB_X1M_A9TL             1    2.160 sc9_cln65lp_base_lvt_ss_typical_max_0p90v_125c 
NOR2XB_X2M_A9TL             1    2.880 sc9_cln65lp_base_lvt_ss_typical_max_0p90v_125c 
NOR2_X1A_A9TL               1    1.440 sc9_cln65lp_base_lvt_ss_typical_max_0p90v_125c 
NOR2_X1B_A9TL              11   15.840 sc9_cln65lp_base_lvt_ss_typical_max_0p90v_125c 
NOR2_X1M_A9TL              12   17.280 sc9_cln65lp_base_lvt_ss_typical_max_0p90v_125c 
NOR3_X1M_A9TL               1    2.160 sc9_cln65lp_base_lvt_ss_typical_max_0p90v_125c 
OA211_X0P7M_A9TL            1    3.240 sc9_cln65lp_base_lvt_ss_typical_max_0p90v_125c 
OA21_X1M_A9TL               3    8.640 sc9_cln65lp_base_lvt_ss_typical_max_0p90v_125c 
OA22_X1M_A9TL               1    3.240 sc9_cln65lp_base_lvt_ss_typical_max_0p90v_125c 
OAI21_X1M_A9TL              6   12.960 sc9_cln65lp_base_lvt_ss_typical_max_0p90v_125c 
OAI22_X1M_A9TL              1    2.520 sc9_cln65lp_base_lvt_ss_typical_max_0p90v_125c 
OAI2XB1_X0P5M_A9TL          2    5.040 sc9_cln65lp_base_lvt_ss_typical_max_0p90v_125c 
OR2_X0P5M_A9TL             13   23.400 sc9_cln65lp_base_lvt_ss_typical_max_0p90v_125c 
OR2_X1M_A9TL                1    2.160 sc9_cln65lp_base_lvt_ss_typical_max_0p90v_125c 
OR4_X1M_A9TL                1    3.600 sc9_cln65lp_base_lvt_ss_typical_max_0p90v_125c 
XNOR2_X0P7M_A9TL           14   45.360 sc9_cln65lp_base_lvt_ss_typical_max_0p90v_125c 
XNOR2_X1M_A9TL             11   39.600 sc9_cln65lp_base_lvt_ss_typical_max_0p90v_125c 
XNOR3_X0P5M_A9TL           23  140.760 sc9_cln65lp_base_lvt_ss_typical_max_0p90v_125c 
XOR2_X0P7M_A9TL            19   61.560 sc9_cln65lp_base_lvt_ss_typical_max_0p90v_125c 
XOR2_X1M_A9TL               3   10.800 sc9_cln65lp_base_lvt_ss_typical_max_0p90v_125c 
XOR3_X0P5M_A9TL             7   42.840 sc9_cln65lp_base_lvt_ss_typical_max_0p90v_125c 
--------------------------------------------------------------------------------------
total                     585 2257.920                                                
                                                                              
                    Library                    Instances   Area   Instances % 
------------------------------------------------------------------------------
sc9_cln65lp_base_hvt_ss_typical_max_0p90v_125c        11   18.000         1.9 
sc9_cln65lp_base_lvt_ss_typical_max_0p90v_125c       573 2238.840        97.9 
sc9_cln65lp_base_rvt_ss_typical_max_0p90v_125c         1    1.080         0.2 
                                         
     Type      Instances   Area   Area % 
-----------------------------------------
sequential            70  595.080   26.4 
inverter              81   93.960    4.2 
buffer                 9   12.960    0.6 
logic                425 1555.920   68.9 
physical_cells         0    0.000    0.0 
-----------------------------------------
total                585 2257.920  100.0 
