============================================================
  Generated by:           Genus(TM) Synthesis Solution 25.12-s067_1
  Generated on:           May 25 2026  08:21:24 pm
  Module:                 tr_swiglu
  Operating conditions:   ss_typical_max_0p90v_125c (balanced_tree)
  Wireload mode:          top
  Area mode:              timing library
============================================================


Path 1: MET (1851 ps) Late External Delay Assertion at pin y_out[0][0]
          Group: reg2out
     Startpoint: (R) y_out_reg[0][0]/clk
          Clock: (R) clk
       Endpoint: (R) y_out[0][0]
          Clock: (R) clk

                     Capture       Launch     
        Clock Edge:+    3300            0     
       Src Latency:+       0            0     
       Net Latency:+       0 (I)        0 (I) 
           Arrival:=    3300            0     
                                              
      Output Delay:-     990                  
       Uncertainty:-     125                  
     Required Time:=    2185                  
      Launch Clock:-       0                  
         Data Path:-     334                  
             Slack:=    1851                  

Exceptions/Constraints:
  output_delay             990             dut.sdc_line_17_194_1   

#-------------------------------------------------------------------------------------
#    Timing Point     Flags    Arc   Edge      Cell        Fanout Trans Delay Arrival 
#                                                                  (ps)  (ps)   (ps)  
#-------------------------------------------------------------------------------------
  y_out_reg[0][0]/clk -       -      R     (arrival)         1435     0     0       0 
  y_out_reg[0][0]/q   (u)     clk->q R     unmapped_d_flop      1     0   334     334 
  y_out[0][0]         -       -      R     (port)               -     -     0     334 
#-------------------------------------------------------------------------------------

(u) : Net has unmapped pin(s).

