============================================================
  Generated by:           Genus(TM) Synthesis Solution 25.12-s067_1
  Generated on:           Mar 15 2026  03:59:28 pm
  Module:                 tr_gelu
  Technology libraries:   sc9_cln65lp_base_rvt_ss_typical_max_0p90v_125c 1
                          sc9_cln65lp_base_lvt_ss_typical_max_0p90v_125c 1
                          sc9_cln65lp_base_hvt_ss_typical_max_0p90v_125c 1
  Operating conditions:   ss_typical_max_0p90v_125c (balanced_tree)
  Wireload mode:          top
  Area mode:              timing library
============================================================

-------------------------------------------------------------------------------
Timing exceptions with no effect

The following timing exceptions are not currently affecting timing in the       
design.  Either no paths in the design satisfy the exception's path             
specification, or all paths that satisfy the path specification also satisfy an 
exception with a higher priority.  You can improve runtime and memory usage by  
removing these exceptions if they are not truly needed.  To see if there is a   
path in the design that satisfies the path specification for an exception, or   
to see what other exception is overriding an exception because of priority, use 
the command:                                                                    
  report timing -paths [eval [::legacy::get_attribute paths <exception>]]

exception:tr_gelu/tr_gelu.sdc_line_19
-------------------------------------------------------------------------------


Lint summary
 Unconnected/logic driven clocks                                                           0
 Sequential data pins driven by a clock signal                                             0
 Sequential clock pins without clock waveform                                              0
 Sequential clock pins with multiple clock waveforms                                       0
 Generated clocks without clock waveform                                                   0
 Generated clocks with incompatible options                                                0
 Generated clocks with multi-master clock                                                  0
 Generated clocks with master clock not reaching the generated clock target                0
 Paths constrained with different clocks                                                   0
 Loop-breaking cells for combinational feedback                                            0
 Nets with multiple drivers                                                                0
 Timing exceptions with no effect                                                          1
 Suspicious multi_cycle exceptions                                                         0
 Pins/ports with conflicting case constants                                                0
 Inputs without clocked external delays                                                    0
 Outputs without clocked external delays                                                   0
 Inputs without external driver/transition                                                 0
 Outputs without external load                                                             0
 Exceptions with invalid timing start-/endpoints                                           0

                                                                           Total:          1

