============================================================
  Generated by:           Genus(TM) Synthesis Solution 25.12-s067_1
  Generated on:           Mar 15 2026  03:59:28 pm
  Module:                 tr_gelu
  Operating conditions:   ss_typical_max_0p90v_125c (balanced_tree)
  Wireload mode:          top
  Area mode:              timing library
============================================================


Path 1: MET (2708 ps) Setup Check with Pin x_scaled_reg[7]/clk->srl
          Group: in2reg
     Startpoint: (R) x_in[1]
          Clock: (R) clk
       Endpoint: (R) x_scaled_reg[7]/srl
          Clock: (R) clk

                     Capture       Launch     
        Clock Edge:+   10000            0     
        Drv Adjust:+       0           45     
       Src Latency:+       0            0     
       Net Latency:+       0 (I)        0 (I) 
           Arrival:=   10000           45     
                                              
             Setup:-     164                  
       Uncertainty:-     125                  
     Required Time:=    9711                  
      Launch Clock:-      45                  
       Input Delay:-    3000                  
         Data Path:-    3957                  
             Slack:=    2708                  

Exceptions/Constraints:
  input_delay             3000            tr_gelu.sdc_line_16_8_1   

#----------------------------------------------------------------------------------------------
#       Timing Point         Flags     Arc    Edge      Cell        Fanout Trans Delay Arrival 
#                                                                           (ps)  (ps)   (ps)  
#----------------------------------------------------------------------------------------------
  x_in[1]                    (u)     -        R     (arrival)           11    95     0    3045 
  minus_32_31/g3/z           (u)     in_0->z  F     unmapped_not         2     0    50    3095 
  minus_32_31/g15/z          (u)     in_1->z  R     unmapped_nor2        1     0    61    3156 
  minus_32_31/g29/z          (u)     in_0->z  F     unmapped_not         2     0    50    3206 
  minus_32_31/g30/z          (u)     in_1->z  R     unmapped_nand2       1     0    61    3267 
  minus_32_31/g31/z          (u)     in_1->z  F     unmapped_nand2       3     0    82    3349 
  minus_32_31/g47/z          (u)     in_1->z  R     unmapped_nand2       1     0    61    3410 
  minus_32_31/g48/z          (u)     in_1->z  F     unmapped_nand2       4     0    90    3500 
  minus_32_31/g60/z          (u)     in_0->z  R     unmapped_nand2       1     0    61    3561 
  minus_32_31/g61/z          (u)     in_1->z  F     unmapped_nand2       1     0    61    3622 
  minus_32_31/g81/z          (u)     in_0->z  R     unmapped_xnor2       1     0   118    3740 
  mux_32_18/g2/z             (u)     data1->z R     unmapped_bmux2       2     0   132    3871 
  neq_36_24/g1/z             (u)     in_0->z  F     unmapped_xnor2       1     0   118    3989 
  neq_36_24/g3/z             (u)     in_0->z  R     unmapped_nand2       2     0    74    4064 
  mux_region_idx_36_24/g1/z  (u)     sel0->z  F     unmapped_bmux2       3     0   139    4202 
  ctl_region_idx_45_15/g11/z (u)     in_0->z  R     unmapped_not         2     0    50    4253 
  ctl_region_idx_45_15/g2/z  (u)     in_1->z  F     unmapped_nand2       1     0    61    4313 
  ctl_region_idx_45_15/g6/z  (u)     in_0->z  R     unmapped_not         2     0    50    4364 
  mux_alpha_g_45_15/g1/z     (u)     sel1->z  R     unmapped_mux4        8     0   201    4565 
  mul_59_25/g65/z            (u)     in_0->z  F     unmapped_nand2       3     0    82    4646 
  mul_59_25/g232/z           (u)     in_1->z  R     unmapped_nand2       1     0    61    4707 
  mul_59_25/g235/z           (u)     in_0->z  F     unmapped_nand3       3     0   102    4809 
  mul_59_25/g279/z           (u)     in_1->z  R     unmapped_xor2        3     0   139    4947 
  mul_59_25/g290/z           (u)     in_0->z  R     unmapped_xor2        1     0   118    5066 
  mul_59_25/g291/z           (u)     in_0->z  R     unmapped_xor2        3     0   139    5204 
  mul_59_25/g296/z           (u)     in_1->z  R     unmapped_xor2        1     0   118    5322 
  mul_59_25/g297/z           (u)     in_0->z  R     unmapped_xor2        2     0   132    5454 
  mul_59_25/g413/z           (u)     in_1->z  F     unmapped_nor2        3     0    82    5536 
  mul_59_25/g440/z           (u)     in_1->z  R     unmapped_nor2        1     0    61    5596 
  mul_59_25/g442/z           (u)     in_0->z  F     unmapped_nor2        3     0    82    5678 
  mul_59_25/g91/z            (u)     in_0->z  R     unmapped_nor2        1     0    61    5739 
  mul_59_25/g93/z            (u)     in_0->z  F     unmapped_nor2        4     0    90    5829 
  mul_59_25/g458/z           (u)     in_1->z  R     unmapped_nor2        1     0    61    5890 
  mul_59_25/g460/z           (u)     in_0->z  F     unmapped_nor2        1     0    61    5951 
  mul_59_25/g478/z           (u)     in_0->z  R     unmapped_nand2       1     0    61    6011 
  mul_59_25/g515/z           (u)     in_0->z  F     unmapped_xnor2      15     0   199    6210 
  gt_63_25/g16/z             (u)     in_0->z  R     unmapped_not         2     0    50    6261 
  gt_63_25/g49/z             (u)     in_1->z  F     unmapped_nor2        1     0    61    6322 
  gt_63_25/g83/z             (u)     in_0->z  R     unmapped_nor2        2     0    74    6396 
  gt_63_25/g118/z            (u)     in_1->z  F     unmapped_nand2       2     0    74    6470 
  gt_63_25/g146/z            (u)     in_1->z  R     unmapped_nor2        1     0    61    6531 
  gt_63_25/g164/z            (u)     in_0->z  F     unmapped_nand2       1     0    61    6592 
  gt_63_25/g165/z            (u)     in_1->z  R     unmapped_nand2       1     0    61    6652 
  gt_63_25/g18/z             (u)     in_0->z  F     unmapped_not         9     0    93    6746 
  g22/z                      (u)     in_0->z  R     unmapped_not         2     0    50    6796 
  g28/z                      (u)     in_1->z  R     unmapped_and2        1     0    61    6857 
  g36/z                      (u)     in_0->z  R     unmapped_or2         8     0   145    7002 
  x_scaled_reg[7]/srl        -       -        R     unmapped_d_flop      8     -     0    7002 
#----------------------------------------------------------------------------------------------

(u) : Net has unmapped pin(s).

