============================================================
  Generated by:           Genus(TM) Synthesis Solution 25.12-s067_1
  Generated on:           Mar 15 2026  03:59:28 pm
  Module:                 tr_gelu
  Operating conditions:   ss_typical_max_0p90v_125c (balanced_tree)
  Wireload mode:          top
  Area mode:              timing library
============================================================


Path 1: MET (6075 ps) Setup Check with Pin gelu_out_reg[7]/clk->d
          Group: reg2reg
     Startpoint: (R) x_shift_reg[0][6]/clk
          Clock: (R) clk
       Endpoint: (R) gelu_out_reg[7]/d
          Clock: (R) clk

                     Capture       Launch     
        Clock Edge:+   10000            0     
       Src Latency:+       0            0     
       Net Latency:+       0 (I)        0 (I) 
           Arrival:=   10000            0     
                                              
             Setup:-      64                  
       Uncertainty:-     125                  
     Required Time:=    9810                  
      Launch Clock:-       0                  
         Data Path:-    3736                  
             Slack:=    6075                  

#----------------------------------------------------------------------------------------
#     Timing Point      Flags    Arc    Edge      Cell        Fanout Trans Delay Arrival 
#                                                                     (ps)  (ps)   (ps)  
#----------------------------------------------------------------------------------------
  x_shift_reg[0][6]/clk -       -       R     (arrival)          102     0     0       0 
  x_shift_reg[0][6]/q   (u)     clk->q  R     unmapped_d_flop      9     0   391     391 
  mul_297_45/g56/z      (u)     in_1->z R     unmapped_and2        3     0    82     472 
  mul_297_45/g208/z     (u)     in_1->z F     unmapped_nand2       1     0    61     533 
  mul_297_45/g209/z     (u)     in_2->z R     unmapped_nand3       3     0   102     635 
  mul_297_45/g246/z     (u)     in_1->z F     unmapped_nand2       1     0    61     696 
  mul_297_45/g247/z     (u)     in_2->z R     unmapped_nand3       3     0   102     797 
  mul_297_45/g290/z     (u)     in_1->z R     unmapped_xor2        1     0   118     915 
  mul_297_45/g291/z     (u)     in_0->z R     unmapped_xor2        3     0   139    1054 
  mul_297_45/g296/z     (u)     in_1->z R     unmapped_xor2        1     0   118    1172 
  mul_297_45/g297/z     (u)     in_0->z R     unmapped_xor2        2     0   132    1304 
  mul_297_45/g411/z     (u)     in_1->z F     unmapped_nor2        3     0    82    1385 
  mul_297_45/g438/z     (u)     in_1->z R     unmapped_nor2        1     0    61    1446 
  mul_297_45/g440/z     (u)     in_0->z F     unmapped_nor2        3     0    82    1528 
  mul_297_45/g93/z      (u)     in_0->z R     unmapped_nor2        1     0    61    1588 
  mul_297_45/g95/z      (u)     in_0->z F     unmapped_nor2        5     0    96    1684 
  mul_297_45/g118/z     (u)     in_1->z R     unmapped_nor2        1     0    61    1745 
  mul_297_45/g120/z     (u)     in_0->z F     unmapped_nor2        1     0    61    1806 
  mul_297_45/g480/z     (u)     in_0->z R     unmapped_nand2       1     0    61    1866 
  mul_297_45/g518/z     (u)     in_0->z R     unmapped_xnor2       5     0   153    2020 
  mul_297_97/g61/z      (u)     in_1->z R     unmapped_xor2        2     0   132    2151 
  mul_297_97/g62/z      (u)     in_0->z F     unmapped_nand2       1     0    61    2212 
  mul_297_97/g64/z      (u)     in_0->z R     unmapped_nand2       2     0    74    2286 
  mul_297_97/g630/z     (u)     in_0->z R     unmapped_xor2        3     0   139    2425 
  mul_297_97/g638/z     (u)     in_0->z R     unmapped_xor2        1     0   118    2543 
  mul_297_97/g639/z     (u)     in_0->z R     unmapped_xor2        3     0   139    2682 
  mul_297_97/g644/z     (u)     in_1->z R     unmapped_xor2        1     0   118    2800 
  mul_297_97/g645/z     (u)     in_0->z R     unmapped_xor2        2     0   132    2932 
  mul_297_97/g856/z     (u)     in_1->z F     unmapped_nor2        3     0    82    3013 
  mul_297_97/g899/z     (u)     in_1->z R     unmapped_nor2        1     0    61    3074 
  mul_297_97/g900/z     (u)     in_0->z F     unmapped_nor2        3     0    82    3155 
  mul_297_97/g950/z     (u)     in_0->z R     unmapped_nor2        1     0    61    3216 
  mul_297_97/g952/z     (u)     in_0->z F     unmapped_nor2        1     0    61    3277 
  mul_297_97/g993/z     (u)     in_0->z R     unmapped_not         1     0    37    3314 
  mul_297_97/g994/z     (u)     in_1->z F     unmapped_nor2        1     0    61    3374 
  mul_297_97/g1031/z    (u)     in_0->z R     unmapped_nand2      10     0   121    3496 
  mul_297_97/g1049/z    (u)     in_1->z F     unmapped_nand2       1     0    61    3557 
  mul_297_97/g1050/z    (u)     in_1->z R     unmapped_nand2       1     0    61    3618 
  mul_297_97/g1111/z    (u)     in_0->z R     unmapped_xnor2       1     0   118    3736 
  gelu_out_reg[7]/d     -       -       R     unmapped_d_flop      1     -     0    3736 
#----------------------------------------------------------------------------------------

(u) : Net has unmapped pin(s).

