============================================================
  Generated by:           Genus(TM) Synthesis Solution 25.12-s067_1
  Generated on:           Sep 24 2026  03:47:30 pm
  Module:                 tr_nonlinear_vpu
  Operating conditions:   ss_typical_max_0p90v_125c (balanced_tree)
  Wireload mode:          top
  Area mode:              timing library
============================================================


Path 1: MET (0 ps) Setup Check with Pin vpu_data_out_reg[7][5]/CK->D
          Group: in2reg
     Startpoint: (R) sram_data_a[7][6]
          Clock: (R) clk
       Endpoint: (F) vpu_data_out_reg[7][5]/D
          Clock: (R) clk

                     Capture       Launch     
        Clock Edge:+    3300            0     
        Drv Adjust:+       0           47     
       Src Latency:+       0            0     
       Net Latency:+       0 (I)        0 (I) 
           Arrival:=    3300           47     
                                              
             Setup:-     104                  
       Uncertainty:-     125                  
     Required Time:=    3071                  
      Launch Clock:-      47                  
       Input Delay:-     990                  
         Data Path:-    2034                  
             Slack:=       0                  

Exceptions/Constraints:
  input_delay             990             dut.sdc_line_15_2_1   

#--------------------------------------------------------------------------------------------------------
#            Timing Point              Flags    Arc   Edge       Cell         Fanout Trans Delay Arrival 
#                                                                                     (ps)  (ps)   (ps)  
#--------------------------------------------------------------------------------------------------------
  sram_data_a[7][6]                    -       -      R     (arrival)              6    98     0    1037 
  u_alpha/g4651/Y                      -       A->Y   F     INV_X4M_A9TL           3    46    51    1088 
  u_alpha/g4644__2883/Y                -       C->Y   F     OR4_X3M_A9TL           1    73   140    1228 
  u_alpha/g4634__7098/Y                -       B->Y   R     NAND3_X6M_A9TL         9   205   143    1370 
  u_alpha/mul_51_32_I8_g1399/Y         -       A->Y   F     NAND2_X2A_A9TL         1   100    98    1468 
  u_alpha/mul_51_32_I8_g1347__9945/SUM -       B->SUM F     ADDFH_X2M_A9TL         2    98   313    1782 
  u_alpha/mul_51_32_I8_g1342__4733/Y   -       A->Y   R     NAND2_X4M_A9TL         3   109    97    1879 
  u_alpha/mul_51_32_I8_g1330__5122/Y   -       A->Y   F     NAND2_X3A_A9TL         1    75    73    1952 
  u_alpha/mul_51_32_I8_g1322__5526/Y   -       B->Y   R     NAND3_X6A_A9TL         3   117    99    2052 
  u_alpha/mul_51_32_I8_g1419/Y         -       B->Y   R     XNOR2_X2M_A9TL         2   217   161    2212 
  u_alpha/g4680/Y                      -       A->Y   F     INV_X2M_A9TL           3    97   105    2317 
  u_alpha/g4674__7482/Y                -       B->Y   F     AND3_X2M_A9TL          2    75   160    2477 
  u_alpha/g4668__5122/Y                -       B->Y   R     NAND3XXB_X6M_A9TL      3   122    98    2575 
  u_alpha/g4664__3680/Y                -       A->Y   F     NOR2_X6A_A9TL          2    70    67    2641 
  u_alpha/g4658__6260/Y                -       A1->Y  R     OAI21_X1P4M_A9TL       1   188   155    2796 
  u_alpha/g4653__7410/Y                -       A->Y   F     NAND2_X4M_A9TL         2    87    83    2879 
  g25141/Y                             -       A0->Y  R     AOI22_X3M_A9TL         1   158   128    3007 
  g24177/Y                             -       A->Y   F     NAND3_X4M_A9TL         1    71    63    3071 
  vpu_data_out_reg[7][5]/D             -       -      F     DFFRPQ_X1M_A9TL        1     -     0    3071 
#--------------------------------------------------------------------------------------------------------

