============================================================
  Generated by:           Genus(TM) Synthesis Solution 25.12-s067_1
  Generated on:           Sep 23 2026  01:45:38 am
  Module:                 tr_nonlinear_vpu
  Operating conditions:   ss_typical_max_0p90v_125c (balanced_tree)
  Wireload mode:          top
  Area mode:              timing library
============================================================


Path 1: MET (1811 ps) Late External Delay Assertion at pin vpu_dot_out[11]
          Group: reg2out
     Startpoint: (R) u_mac/out_dot_reg[11]/CK
          Clock: (R) clk
       Endpoint: (R) vpu_dot_out[11]
          Clock: (R) clk

                     Capture       Launch     
        Clock Edge:+    3300            0     
       Src Latency:+       0            0     
       Net Latency:+       0 (I)        0 (I) 
           Arrival:=    3300            0     
                                              
      Output Delay:-     990                  
       Uncertainty:-     125                  
     Required Time:=    2185                  
      Launch Clock:-       0                  
         Data Path:-     374                  
             Slack:=    1811                  

Exceptions/Constraints:
  output_delay             990             dut.sdc_line_17_258_1   

#---------------------------------------------------------------------------------------
#      Timing Point        Flags   Arc   Edge     Cell       Fanout Trans Delay Arrival 
#                                                                    (ps)  (ps)   (ps)  
#---------------------------------------------------------------------------------------
  u_mac/out_dot_reg[11]/CK -       -     R     (arrival)         32     0     0       0 
  u_mac/out_dot_reg[11]/Q  -       CK->Q R     DFFQ_X1M_A9TL      6   289   374     374 
  vpu_dot_out[11]          -       -     R     (port)             -     -     0     374 
#---------------------------------------------------------------------------------------



Path 2: MET (1822 ps) Late External Delay Assertion at pin vpu_dot_out[11]
          Group: reg2out
     Startpoint: (R) u_mac/out_dot_reg[11]/CK
          Clock: (R) clk
       Endpoint: (F) vpu_dot_out[11]
          Clock: (R) clk

                     Capture       Launch     
        Clock Edge:+    3300            0     
       Src Latency:+       0            0     
       Net Latency:+       0 (I)        0 (I) 
           Arrival:=    3300            0     
                                              
      Output Delay:-     990                  
       Uncertainty:-     125                  
     Required Time:=    2185                  
      Launch Clock:-       0                  
         Data Path:-     363                  
             Slack:=    1822                  

Exceptions/Constraints:
  output_delay             990             dut.sdc_line_17_258_1   

#---------------------------------------------------------------------------------------
#      Timing Point        Flags   Arc   Edge     Cell       Fanout Trans Delay Arrival 
#                                                                    (ps)  (ps)   (ps)  
#---------------------------------------------------------------------------------------
  u_mac/out_dot_reg[11]/CK -       -     R     (arrival)         32     0     0       0 
  u_mac/out_dot_reg[11]/Q  -       CK->Q F     DFFQ_X1M_A9TL      6   202   363     363 
  vpu_dot_out[11]          -       -     F     (port)             -     -     0     363 
#---------------------------------------------------------------------------------------



Path 3: MET (1829 ps) Late External Delay Assertion at pin vpu_dot_out[12]
          Group: reg2out
     Startpoint: (R) u_mac/out_dot_reg[12]/CK
          Clock: (R) clk
       Endpoint: (R) vpu_dot_out[12]
          Clock: (R) clk

                     Capture       Launch     
        Clock Edge:+    3300            0     
       Src Latency:+       0            0     
       Net Latency:+       0 (I)        0 (I) 
           Arrival:=    3300            0     
                                              
      Output Delay:-     990                  
       Uncertainty:-     125                  
     Required Time:=    2185                  
      Launch Clock:-       0                  
         Data Path:-     356                  
             Slack:=    1829                  

Exceptions/Constraints:
  output_delay             990             dut.sdc_line_17_257_1   

#---------------------------------------------------------------------------------------
#      Timing Point        Flags   Arc   Edge     Cell       Fanout Trans Delay Arrival 
#                                                                    (ps)  (ps)   (ps)  
#---------------------------------------------------------------------------------------
  u_mac/out_dot_reg[12]/CK -       -     R     (arrival)         32     0     0       0 
  u_mac/out_dot_reg[12]/Q  -       CK->Q R     DFFQ_X1M_A9TL      5   256   356     356 
  vpu_dot_out[12]          -       -     R     (port)             -     -     0     356 
#---------------------------------------------------------------------------------------



Path 4: MET (1829 ps) Late External Delay Assertion at pin vpu_dot_out[16]
          Group: reg2out
     Startpoint: (R) u_mac/out_dot_reg[16]/CK
          Clock: (R) clk
       Endpoint: (R) vpu_dot_out[16]
          Clock: (R) clk

                     Capture       Launch     
        Clock Edge:+    3300            0     
       Src Latency:+       0            0     
       Net Latency:+       0 (I)        0 (I) 
           Arrival:=    3300            0     
                                              
      Output Delay:-     990                  
       Uncertainty:-     125                  
     Required Time:=    2185                  
      Launch Clock:-       0                  
         Data Path:-     356                  
             Slack:=    1829                  

Exceptions/Constraints:
  output_delay             990             dut.sdc_line_17_253_1   

#---------------------------------------------------------------------------------------
#      Timing Point        Flags   Arc   Edge     Cell       Fanout Trans Delay Arrival 
#                                                                    (ps)  (ps)   (ps)  
#---------------------------------------------------------------------------------------
  u_mac/out_dot_reg[16]/CK -       -     R     (arrival)         32     0     0       0 
  u_mac/out_dot_reg[16]/Q  -       CK->Q R     DFFQ_X1M_A9TL      5   256   356     356 
  vpu_dot_out[16]          -       -     R     (port)             -     -     0     356 
#---------------------------------------------------------------------------------------



Path 5: MET (1832 ps) Late External Delay Assertion at pin vpu_dot_out[14]
          Group: reg2out
     Startpoint: (R) u_mac/out_dot_reg[14]/CK
          Clock: (R) clk
       Endpoint: (R) vpu_dot_out[14]
          Clock: (R) clk

                     Capture       Launch     
        Clock Edge:+    3300            0     
       Src Latency:+       0            0     
       Net Latency:+       0 (I)        0 (I) 
           Arrival:=    3300            0     
                                              
      Output Delay:-     990                  
       Uncertainty:-     125                  
     Required Time:=    2185                  
      Launch Clock:-       0                  
         Data Path:-     353                  
             Slack:=    1832                  

Exceptions/Constraints:
  output_delay             990             dut.sdc_line_17_255_1   

#---------------------------------------------------------------------------------------
#      Timing Point        Flags   Arc   Edge     Cell       Fanout Trans Delay Arrival 
#                                                                    (ps)  (ps)   (ps)  
#---------------------------------------------------------------------------------------
  u_mac/out_dot_reg[14]/CK -       -     R     (arrival)         32     0     0       0 
  u_mac/out_dot_reg[14]/Q  -       CK->Q R     DFFQ_X1M_A9TL      5   251   353     353 
  vpu_dot_out[14]          -       -     R     (port)             -     -     0     353 
#---------------------------------------------------------------------------------------



Path 6: MET (1834 ps) Late External Delay Assertion at pin vpu_dot_out[16]
          Group: reg2out
     Startpoint: (R) u_mac/out_dot_reg[16]/CK
          Clock: (R) clk
       Endpoint: (F) vpu_dot_out[16]
          Clock: (R) clk

                     Capture       Launch     
        Clock Edge:+    3300            0     
       Src Latency:+       0            0     
       Net Latency:+       0 (I)        0 (I) 
           Arrival:=    3300            0     
                                              
      Output Delay:-     990                  
       Uncertainty:-     125                  
     Required Time:=    2185                  
      Launch Clock:-       0                  
         Data Path:-     351                  
             Slack:=    1834                  

Exceptions/Constraints:
  output_delay             990             dut.sdc_line_17_253_1   

#---------------------------------------------------------------------------------------
#      Timing Point        Flags   Arc   Edge     Cell       Fanout Trans Delay Arrival 
#                                                                    (ps)  (ps)   (ps)  
#---------------------------------------------------------------------------------------
  u_mac/out_dot_reg[16]/CK -       -     R     (arrival)         32     0     0       0 
  u_mac/out_dot_reg[16]/Q  -       CK->Q F     DFFQ_X1M_A9TL      5   182   351     351 
  vpu_dot_out[16]          -       -     F     (port)             -     -     0     351 
#---------------------------------------------------------------------------------------



Path 7: MET (1835 ps) Late External Delay Assertion at pin vpu_dot_out[12]
          Group: reg2out
     Startpoint: (R) u_mac/out_dot_reg[12]/CK
          Clock: (R) clk
       Endpoint: (F) vpu_dot_out[12]
          Clock: (R) clk

                     Capture       Launch     
        Clock Edge:+    3300            0     
       Src Latency:+       0            0     
       Net Latency:+       0 (I)        0 (I) 
           Arrival:=    3300            0     
                                              
      Output Delay:-     990                  
       Uncertainty:-     125                  
     Required Time:=    2185                  
      Launch Clock:-       0                  
         Data Path:-     350                  
             Slack:=    1835                  

Exceptions/Constraints:
  output_delay             990             dut.sdc_line_17_257_1   

#---------------------------------------------------------------------------------------
#      Timing Point        Flags   Arc   Edge     Cell       Fanout Trans Delay Arrival 
#                                                                    (ps)  (ps)   (ps)  
#---------------------------------------------------------------------------------------
  u_mac/out_dot_reg[12]/CK -       -     R     (arrival)         32     0     0       0 
  u_mac/out_dot_reg[12]/Q  -       CK->Q F     DFFQ_X1M_A9TL      5   180   350     350 
  vpu_dot_out[12]          -       -     F     (port)             -     -     0     350 
#---------------------------------------------------------------------------------------



Path 8: MET (1836 ps) Late External Delay Assertion at pin vpu_dot_out[8]
          Group: reg2out
     Startpoint: (R) u_mac/out_dot_reg[8]/CK
          Clock: (R) clk
       Endpoint: (R) vpu_dot_out[8]
          Clock: (R) clk

                     Capture       Launch     
        Clock Edge:+    3300            0     
       Src Latency:+       0            0     
       Net Latency:+       0 (I)        0 (I) 
           Arrival:=    3300            0     
                                              
      Output Delay:-     990                  
       Uncertainty:-     125                  
     Required Time:=    2185                  
      Launch Clock:-       0                  
         Data Path:-     349                  
             Slack:=    1836                  

Exceptions/Constraints:
  output_delay             990             dut.sdc_line_17_261_1   

#--------------------------------------------------------------------------------------
#      Timing Point       Flags   Arc   Edge     Cell       Fanout Trans Delay Arrival 
#                                                                   (ps)  (ps)   (ps)  
#--------------------------------------------------------------------------------------
  u_mac/out_dot_reg[8]/CK -       -     R     (arrival)         32     0     0       0 
  u_mac/out_dot_reg[8]/Q  -       CK->Q R     DFFQ_X1M_A9TL      5   245   349     349 
  vpu_dot_out[8]          -       -     R     (port)             -     -     0     349 
#--------------------------------------------------------------------------------------



Path 9: MET (1836 ps) Late External Delay Assertion at pin vpu_dot_out[9]
          Group: reg2out
     Startpoint: (R) u_mac/out_dot_reg[9]/CK
          Clock: (R) clk
       Endpoint: (R) vpu_dot_out[9]
          Clock: (R) clk

                     Capture       Launch     
        Clock Edge:+    3300            0     
       Src Latency:+       0            0     
       Net Latency:+       0 (I)        0 (I) 
           Arrival:=    3300            0     
                                              
      Output Delay:-     990                  
       Uncertainty:-     125                  
     Required Time:=    2185                  
      Launch Clock:-       0                  
         Data Path:-     349                  
             Slack:=    1836                  

Exceptions/Constraints:
  output_delay             990             dut.sdc_line_17_260_1   

#--------------------------------------------------------------------------------------
#      Timing Point       Flags   Arc   Edge     Cell       Fanout Trans Delay Arrival 
#                                                                   (ps)  (ps)   (ps)  
#--------------------------------------------------------------------------------------
  u_mac/out_dot_reg[9]/CK -       -     R     (arrival)         32     0     0       0 
  u_mac/out_dot_reg[9]/Q  -       CK->Q R     DFFQ_X1M_A9TL      5   245   349     349 
  vpu_dot_out[9]          -       -     R     (port)             -     -     0     349 
#--------------------------------------------------------------------------------------



Path 10: MET (1836 ps) Late External Delay Assertion at pin vpu_dot_out[15]
          Group: reg2out
     Startpoint: (R) u_mac/out_dot_reg[15]/CK
          Clock: (R) clk
       Endpoint: (R) vpu_dot_out[15]
          Clock: (R) clk

                     Capture       Launch     
        Clock Edge:+    3300            0     
       Src Latency:+       0            0     
       Net Latency:+       0 (I)        0 (I) 
           Arrival:=    3300            0     
                                              
      Output Delay:-     990                  
       Uncertainty:-     125                  
     Required Time:=    2185                  
      Launch Clock:-       0                  
         Data Path:-     349                  
             Slack:=    1836                  

Exceptions/Constraints:
  output_delay             990             dut.sdc_line_17_254_1   

#---------------------------------------------------------------------------------------
#      Timing Point        Flags   Arc   Edge     Cell       Fanout Trans Delay Arrival 
#                                                                    (ps)  (ps)   (ps)  
#---------------------------------------------------------------------------------------
  u_mac/out_dot_reg[15]/CK -       -     R     (arrival)         32     0     0       0 
  u_mac/out_dot_reg[15]/Q  -       CK->Q R     DFFQ_X1M_A9TL      5   245   349     349 
  vpu_dot_out[15]          -       -     R     (port)             -     -     0     349 
#---------------------------------------------------------------------------------------



Path 11: MET (1836 ps) Late External Delay Assertion at pin vpu_dot_out[17]
          Group: reg2out
     Startpoint: (R) u_mac/out_dot_reg[17]/CK
          Clock: (R) clk
       Endpoint: (R) vpu_dot_out[17]
          Clock: (R) clk

                     Capture       Launch     
        Clock Edge:+    3300            0     
       Src Latency:+       0            0     
       Net Latency:+       0 (I)        0 (I) 
           Arrival:=    3300            0     
                                              
      Output Delay:-     990                  
       Uncertainty:-     125                  
     Required Time:=    2185                  
      Launch Clock:-       0                  
         Data Path:-     349                  
             Slack:=    1836                  

Exceptions/Constraints:
  output_delay             990             dut.sdc_line_17_252_1   

#---------------------------------------------------------------------------------------
#      Timing Point        Flags   Arc   Edge     Cell       Fanout Trans Delay Arrival 
#                                                                    (ps)  (ps)   (ps)  
#---------------------------------------------------------------------------------------
  u_mac/out_dot_reg[17]/CK -       -     R     (arrival)         32     0     0       0 
  u_mac/out_dot_reg[17]/Q  -       CK->Q R     DFFQ_X1M_A9TL      5   245   349     349 
  vpu_dot_out[17]          -       -     R     (port)             -     -     0     349 
#---------------------------------------------------------------------------------------



Path 12: MET (1836 ps) Late External Delay Assertion at pin vpu_dot_out[18]
          Group: reg2out
     Startpoint: (R) u_mac/out_dot_reg[18]/CK
          Clock: (R) clk
       Endpoint: (R) vpu_dot_out[18]
          Clock: (R) clk

                     Capture       Launch     
        Clock Edge:+    3300            0     
       Src Latency:+       0            0     
       Net Latency:+       0 (I)        0 (I) 
           Arrival:=    3300            0     
                                              
      Output Delay:-     990                  
       Uncertainty:-     125                  
     Required Time:=    2185                  
      Launch Clock:-       0                  
         Data Path:-     349                  
             Slack:=    1836                  

Exceptions/Constraints:
  output_delay             990             dut.sdc_line_17_251_1   

#---------------------------------------------------------------------------------------
#      Timing Point        Flags   Arc   Edge     Cell       Fanout Trans Delay Arrival 
#                                                                    (ps)  (ps)   (ps)  
#---------------------------------------------------------------------------------------
  u_mac/out_dot_reg[18]/CK -       -     R     (arrival)         32     0     0       0 
  u_mac/out_dot_reg[18]/Q  -       CK->Q R     DFFQ_X1M_A9TL      5   245   349     349 
  vpu_dot_out[18]          -       -     R     (port)             -     -     0     349 
#---------------------------------------------------------------------------------------



Path 13: MET (1836 ps) Late External Delay Assertion at pin vpu_dot_out[19]
          Group: reg2out
     Startpoint: (R) u_mac/out_dot_reg[19]/CK
          Clock: (R) clk
       Endpoint: (R) vpu_dot_out[19]
          Clock: (R) clk

                     Capture       Launch     
        Clock Edge:+    3300            0     
       Src Latency:+       0            0     
       Net Latency:+       0 (I)        0 (I) 
           Arrival:=    3300            0     
                                              
      Output Delay:-     990                  
       Uncertainty:-     125                  
     Required Time:=    2185                  
      Launch Clock:-       0                  
         Data Path:-     349                  
             Slack:=    1836                  

Exceptions/Constraints:
  output_delay             990             dut.sdc_line_17_250_1   

#---------------------------------------------------------------------------------------
#      Timing Point        Flags   Arc   Edge     Cell       Fanout Trans Delay Arrival 
#                                                                    (ps)  (ps)   (ps)  
#---------------------------------------------------------------------------------------
  u_mac/out_dot_reg[19]/CK -       -     R     (arrival)         32     0     0       0 
  u_mac/out_dot_reg[19]/Q  -       CK->Q R     DFFQ_X1M_A9TL      5   245   349     349 
  vpu_dot_out[19]          -       -     R     (port)             -     -     0     349 
#---------------------------------------------------------------------------------------



Path 14: MET (1836 ps) Late External Delay Assertion at pin vpu_dot_out[13]
          Group: reg2out
     Startpoint: (R) u_mac/out_dot_reg[13]/CK
          Clock: (R) clk
       Endpoint: (R) vpu_dot_out[13]
          Clock: (R) clk

                     Capture       Launch     
        Clock Edge:+    3300            0     
       Src Latency:+       0            0     
       Net Latency:+       0 (I)        0 (I) 
           Arrival:=    3300            0     
                                              
      Output Delay:-     990                  
       Uncertainty:-     125                  
     Required Time:=    2185                  
      Launch Clock:-       0                  
         Data Path:-     349                  
             Slack:=    1836                  

Exceptions/Constraints:
  output_delay             990             dut.sdc_line_17_256_1   

#---------------------------------------------------------------------------------------
#      Timing Point        Flags   Arc   Edge     Cell       Fanout Trans Delay Arrival 
#                                                                    (ps)  (ps)   (ps)  
#---------------------------------------------------------------------------------------
  u_mac/out_dot_reg[13]/CK -       -     R     (arrival)         32     0     0       0 
  u_mac/out_dot_reg[13]/Q  -       CK->Q R     DFFQ_X1M_A9TL      5   243   349     349 
  vpu_dot_out[13]          -       -     R     (port)             -     -     0     349 
#---------------------------------------------------------------------------------------



Path 15: MET (1838 ps) Late External Delay Assertion at pin vpu_dot_out[10]
          Group: reg2out
     Startpoint: (R) u_mac/out_dot_reg[10]/CK
          Clock: (R) clk
       Endpoint: (R) vpu_dot_out[10]
          Clock: (R) clk

                     Capture       Launch     
        Clock Edge:+    3300            0     
       Src Latency:+       0            0     
       Net Latency:+       0 (I)        0 (I) 
           Arrival:=    3300            0     
                                              
      Output Delay:-     990                  
       Uncertainty:-     125                  
     Required Time:=    2185                  
      Launch Clock:-       0                  
         Data Path:-     347                  
             Slack:=    1838                  

Exceptions/Constraints:
  output_delay             990             dut.sdc_line_17_259_1   

#---------------------------------------------------------------------------------------
#      Timing Point        Flags   Arc   Edge     Cell       Fanout Trans Delay Arrival 
#                                                                    (ps)  (ps)   (ps)  
#---------------------------------------------------------------------------------------
  u_mac/out_dot_reg[10]/CK -       -     R     (arrival)         32     0     0       0 
  u_mac/out_dot_reg[10]/Q  -       CK->Q R     DFFQ_X1M_A9TL      5   241   347     347 
  vpu_dot_out[10]          -       -     R     (port)             -     -     0     347 
#---------------------------------------------------------------------------------------



Path 16: MET (1838 ps) Late External Delay Assertion at pin vpu_dot_out[14]
          Group: reg2out
     Startpoint: (R) u_mac/out_dot_reg[14]/CK
          Clock: (R) clk
       Endpoint: (F) vpu_dot_out[14]
          Clock: (R) clk

                     Capture       Launch     
        Clock Edge:+    3300            0     
       Src Latency:+       0            0     
       Net Latency:+       0 (I)        0 (I) 
           Arrival:=    3300            0     
                                              
      Output Delay:-     990                  
       Uncertainty:-     125                  
     Required Time:=    2185                  
      Launch Clock:-       0                  
         Data Path:-     347                  
             Slack:=    1838                  

Exceptions/Constraints:
  output_delay             990             dut.sdc_line_17_255_1   

#---------------------------------------------------------------------------------------
#      Timing Point        Flags   Arc   Edge     Cell       Fanout Trans Delay Arrival 
#                                                                    (ps)  (ps)   (ps)  
#---------------------------------------------------------------------------------------
  u_mac/out_dot_reg[14]/CK -       -     R     (arrival)         32     0     0       0 
  u_mac/out_dot_reg[14]/Q  -       CK->Q F     DFFQ_X1M_A9TL      5   176   347     347 
  vpu_dot_out[14]          -       -     F     (port)             -     -     0     347 
#---------------------------------------------------------------------------------------



Path 17: MET (1840 ps) Late External Delay Assertion at pin vpu_dot_out[8]
          Group: reg2out
     Startpoint: (R) u_mac/out_dot_reg[8]/CK
          Clock: (R) clk
       Endpoint: (F) vpu_dot_out[8]
          Clock: (R) clk

                     Capture       Launch     
        Clock Edge:+    3300            0     
       Src Latency:+       0            0     
       Net Latency:+       0 (I)        0 (I) 
           Arrival:=    3300            0     
                                              
      Output Delay:-     990                  
       Uncertainty:-     125                  
     Required Time:=    2185                  
      Launch Clock:-       0                  
         Data Path:-     345                  
             Slack:=    1840                  

Exceptions/Constraints:
  output_delay             990             dut.sdc_line_17_261_1   

#--------------------------------------------------------------------------------------
#      Timing Point       Flags   Arc   Edge     Cell       Fanout Trans Delay Arrival 
#                                                                   (ps)  (ps)   (ps)  
#--------------------------------------------------------------------------------------
  u_mac/out_dot_reg[8]/CK -       -     R     (arrival)         32     0     0       0 
  u_mac/out_dot_reg[8]/Q  -       CK->Q F     DFFQ_X1M_A9TL      5   171   344     344 
  vpu_dot_out[8]          -       -     F     (port)             -     -     0     345 
#--------------------------------------------------------------------------------------



Path 18: MET (1840 ps) Late External Delay Assertion at pin vpu_dot_out[9]
          Group: reg2out
     Startpoint: (R) u_mac/out_dot_reg[9]/CK
          Clock: (R) clk
       Endpoint: (F) vpu_dot_out[9]
          Clock: (R) clk

                     Capture       Launch     
        Clock Edge:+    3300            0     
       Src Latency:+       0            0     
       Net Latency:+       0 (I)        0 (I) 
           Arrival:=    3300            0     
                                              
      Output Delay:-     990                  
       Uncertainty:-     125                  
     Required Time:=    2185                  
      Launch Clock:-       0                  
         Data Path:-     345                  
             Slack:=    1840                  

Exceptions/Constraints:
  output_delay             990             dut.sdc_line_17_260_1   

#--------------------------------------------------------------------------------------
#      Timing Point       Flags   Arc   Edge     Cell       Fanout Trans Delay Arrival 
#                                                                   (ps)  (ps)   (ps)  
#--------------------------------------------------------------------------------------
  u_mac/out_dot_reg[9]/CK -       -     R     (arrival)         32     0     0       0 
  u_mac/out_dot_reg[9]/Q  -       CK->Q F     DFFQ_X1M_A9TL      5   171   344     344 
  vpu_dot_out[9]          -       -     F     (port)             -     -     0     345 
#--------------------------------------------------------------------------------------



Path 19: MET (1840 ps) Late External Delay Assertion at pin vpu_dot_out[13]
          Group: reg2out
     Startpoint: (R) u_mac/out_dot_reg[13]/CK
          Clock: (R) clk
       Endpoint: (F) vpu_dot_out[13]
          Clock: (R) clk

                     Capture       Launch     
        Clock Edge:+    3300            0     
       Src Latency:+       0            0     
       Net Latency:+       0 (I)        0 (I) 
           Arrival:=    3300            0     
                                              
      Output Delay:-     990                  
       Uncertainty:-     125                  
     Required Time:=    2185                  
      Launch Clock:-       0                  
         Data Path:-     345                  
             Slack:=    1840                  

Exceptions/Constraints:
  output_delay             990             dut.sdc_line_17_256_1   

#---------------------------------------------------------------------------------------
#      Timing Point        Flags   Arc   Edge     Cell       Fanout Trans Delay Arrival 
#                                                                    (ps)  (ps)   (ps)  
#---------------------------------------------------------------------------------------
  u_mac/out_dot_reg[13]/CK -       -     R     (arrival)         32     0     0       0 
  u_mac/out_dot_reg[13]/Q  -       CK->Q F     DFFQ_X1M_A9TL      5   171   344     344 
  vpu_dot_out[13]          -       -     F     (port)             -     -     0     345 
#---------------------------------------------------------------------------------------



Path 20: MET (1840 ps) Late External Delay Assertion at pin vpu_dot_out[15]
          Group: reg2out
     Startpoint: (R) u_mac/out_dot_reg[15]/CK
          Clock: (R) clk
       Endpoint: (F) vpu_dot_out[15]
          Clock: (R) clk

                     Capture       Launch     
        Clock Edge:+    3300            0     
       Src Latency:+       0            0     
       Net Latency:+       0 (I)        0 (I) 
           Arrival:=    3300            0     
                                              
      Output Delay:-     990                  
       Uncertainty:-     125                  
     Required Time:=    2185                  
      Launch Clock:-       0                  
         Data Path:-     345                  
             Slack:=    1840                  

Exceptions/Constraints:
  output_delay             990             dut.sdc_line_17_254_1   

#---------------------------------------------------------------------------------------
#      Timing Point        Flags   Arc   Edge     Cell       Fanout Trans Delay Arrival 
#                                                                    (ps)  (ps)   (ps)  
#---------------------------------------------------------------------------------------
  u_mac/out_dot_reg[15]/CK -       -     R     (arrival)         32     0     0       0 
  u_mac/out_dot_reg[15]/Q  -       CK->Q F     DFFQ_X1M_A9TL      5   171   344     344 
  vpu_dot_out[15]          -       -     F     (port)             -     -     0     345 
#---------------------------------------------------------------------------------------



Path 21: MET (1840 ps) Late External Delay Assertion at pin vpu_dot_out[17]
          Group: reg2out
     Startpoint: (R) u_mac/out_dot_reg[17]/CK
          Clock: (R) clk
       Endpoint: (F) vpu_dot_out[17]
          Clock: (R) clk

                     Capture       Launch     
        Clock Edge:+    3300            0     
       Src Latency:+       0            0     
       Net Latency:+       0 (I)        0 (I) 
           Arrival:=    3300            0     
                                              
      Output Delay:-     990                  
       Uncertainty:-     125                  
     Required Time:=    2185                  
      Launch Clock:-       0                  
         Data Path:-     345                  
             Slack:=    1840                  

Exceptions/Constraints:
  output_delay             990             dut.sdc_line_17_252_1   

#---------------------------------------------------------------------------------------
#      Timing Point        Flags   Arc   Edge     Cell       Fanout Trans Delay Arrival 
#                                                                    (ps)  (ps)   (ps)  
#---------------------------------------------------------------------------------------
  u_mac/out_dot_reg[17]/CK -       -     R     (arrival)         32     0     0       0 
  u_mac/out_dot_reg[17]/Q  -       CK->Q F     DFFQ_X1M_A9TL      5   171   344     344 
  vpu_dot_out[17]          -       -     F     (port)             -     -     0     345 
#---------------------------------------------------------------------------------------



Path 22: MET (1840 ps) Late External Delay Assertion at pin vpu_dot_out[18]
          Group: reg2out
     Startpoint: (R) u_mac/out_dot_reg[18]/CK
          Clock: (R) clk
       Endpoint: (F) vpu_dot_out[18]
          Clock: (R) clk

                     Capture       Launch     
        Clock Edge:+    3300            0     
       Src Latency:+       0            0     
       Net Latency:+       0 (I)        0 (I) 
           Arrival:=    3300            0     
                                              
      Output Delay:-     990                  
       Uncertainty:-     125                  
     Required Time:=    2185                  
      Launch Clock:-       0                  
         Data Path:-     345                  
             Slack:=    1840                  

Exceptions/Constraints:
  output_delay             990             dut.sdc_line_17_251_1   

#---------------------------------------------------------------------------------------
#      Timing Point        Flags   Arc   Edge     Cell       Fanout Trans Delay Arrival 
#                                                                    (ps)  (ps)   (ps)  
#---------------------------------------------------------------------------------------
  u_mac/out_dot_reg[18]/CK -       -     R     (arrival)         32     0     0       0 
  u_mac/out_dot_reg[18]/Q  -       CK->Q F     DFFQ_X1M_A9TL      5   171   344     344 
  vpu_dot_out[18]          -       -     F     (port)             -     -     0     345 
#---------------------------------------------------------------------------------------



Path 23: MET (1840 ps) Late External Delay Assertion at pin vpu_dot_out[19]
          Group: reg2out
     Startpoint: (R) u_mac/out_dot_reg[19]/CK
          Clock: (R) clk
       Endpoint: (F) vpu_dot_out[19]
          Clock: (R) clk

                     Capture       Launch     
        Clock Edge:+    3300            0     
       Src Latency:+       0            0     
       Net Latency:+       0 (I)        0 (I) 
           Arrival:=    3300            0     
                                              
      Output Delay:-     990                  
       Uncertainty:-     125                  
     Required Time:=    2185                  
      Launch Clock:-       0                  
         Data Path:-     345                  
             Slack:=    1840                  

Exceptions/Constraints:
  output_delay             990             dut.sdc_line_17_250_1   

#---------------------------------------------------------------------------------------
#      Timing Point        Flags   Arc   Edge     Cell       Fanout Trans Delay Arrival 
#                                                                    (ps)  (ps)   (ps)  
#---------------------------------------------------------------------------------------
  u_mac/out_dot_reg[19]/CK -       -     R     (arrival)         32     0     0       0 
  u_mac/out_dot_reg[19]/Q  -       CK->Q F     DFFQ_X1M_A9TL      5   171   344     344 
  vpu_dot_out[19]          -       -     F     (port)             -     -     0     345 
#---------------------------------------------------------------------------------------



Path 24: MET (1842 ps) Late External Delay Assertion at pin vpu_dot_out[10]
          Group: reg2out
     Startpoint: (R) u_mac/out_dot_reg[10]/CK
          Clock: (R) clk
       Endpoint: (F) vpu_dot_out[10]
          Clock: (R) clk

                     Capture       Launch     
        Clock Edge:+    3300            0     
       Src Latency:+       0            0     
       Net Latency:+       0 (I)        0 (I) 
           Arrival:=    3300            0     
                                              
      Output Delay:-     990                  
       Uncertainty:-     125                  
     Required Time:=    2185                  
      Launch Clock:-       0                  
         Data Path:-     343                  
             Slack:=    1842                  

Exceptions/Constraints:
  output_delay             990             dut.sdc_line_17_259_1   

#---------------------------------------------------------------------------------------
#      Timing Point        Flags   Arc   Edge     Cell       Fanout Trans Delay Arrival 
#                                                                    (ps)  (ps)   (ps)  
#---------------------------------------------------------------------------------------
  u_mac/out_dot_reg[10]/CK -       -     R     (arrival)         32     0     0       0 
  u_mac/out_dot_reg[10]/Q  -       CK->Q F     DFFQ_X1M_A9TL      5   168   343     343 
  vpu_dot_out[10]          -       -     F     (port)             -     -     0     343 
#---------------------------------------------------------------------------------------



Path 25: MET (1855 ps) Late External Delay Assertion at pin vpu_dot_out[4]
          Group: reg2out
     Startpoint: (R) u_mac/out_dot_reg[4]/CK
          Clock: (R) clk
       Endpoint: (F) vpu_dot_out[4]
          Clock: (R) clk

                     Capture       Launch     
        Clock Edge:+    3300            0     
       Src Latency:+       0            0     
       Net Latency:+       0 (I)        0 (I) 
           Arrival:=    3300            0     
                                              
      Output Delay:-     990                  
       Uncertainty:-     125                  
     Required Time:=    2185                  
      Launch Clock:-       0                  
         Data Path:-     330                  
             Slack:=    1855                  

Exceptions/Constraints:
  output_delay             990             dut.sdc_line_17_265_1   

#--------------------------------------------------------------------------------------
#      Timing Point       Flags   Arc   Edge     Cell       Fanout Trans Delay Arrival 
#                                                                   (ps)  (ps)   (ps)  
#--------------------------------------------------------------------------------------
  u_mac/out_dot_reg[4]/CK -       -     R     (arrival)         32     0     0       0 
  u_mac/out_dot_reg[4]/Q  -       CK->Q F     DFFQ_X1M_A9TL      4   146   330     330 
  vpu_dot_out[4]          -       -     F     (port)             -     -     0     330 
#--------------------------------------------------------------------------------------



Path 26: MET (1856 ps) Late External Delay Assertion at pin vpu_dot_out[4]
          Group: reg2out
     Startpoint: (R) u_mac/out_dot_reg[4]/CK
          Clock: (R) clk
       Endpoint: (R) vpu_dot_out[4]
          Clock: (R) clk

                     Capture       Launch     
        Clock Edge:+    3300            0     
       Src Latency:+       0            0     
       Net Latency:+       0 (I)        0 (I) 
           Arrival:=    3300            0     
                                              
      Output Delay:-     990                  
       Uncertainty:-     125                  
     Required Time:=    2185                  
      Launch Clock:-       0                  
         Data Path:-     329                  
             Slack:=    1856                  

Exceptions/Constraints:
  output_delay             990             dut.sdc_line_17_265_1   

#--------------------------------------------------------------------------------------
#      Timing Point       Flags   Arc   Edge     Cell       Fanout Trans Delay Arrival 
#                                                                   (ps)  (ps)   (ps)  
#--------------------------------------------------------------------------------------
  u_mac/out_dot_reg[4]/CK -       -     R     (arrival)         32     0     0       0 
  u_mac/out_dot_reg[4]/Q  -       CK->Q R     DFFQ_X1M_A9TL      4   208   329     329 
  vpu_dot_out[4]          -       -     R     (port)             -     -     0     329 
#--------------------------------------------------------------------------------------



Path 27: MET (1856 ps) Late External Delay Assertion at pin vpu_dot_out[6]
          Group: reg2out
     Startpoint: (R) u_mac/out_dot_reg[6]/CK
          Clock: (R) clk
       Endpoint: (F) vpu_dot_out[6]
          Clock: (R) clk

                     Capture       Launch     
        Clock Edge:+    3300            0     
       Src Latency:+       0            0     
       Net Latency:+       0 (I)        0 (I) 
           Arrival:=    3300            0     
                                              
      Output Delay:-     990                  
       Uncertainty:-     125                  
     Required Time:=    2185                  
      Launch Clock:-       0                  
         Data Path:-     329                  
             Slack:=    1856                  

Exceptions/Constraints:
  output_delay             990             dut.sdc_line_17_263_1   

#--------------------------------------------------------------------------------------
#      Timing Point       Flags   Arc   Edge     Cell       Fanout Trans Delay Arrival 
#                                                                   (ps)  (ps)   (ps)  
#--------------------------------------------------------------------------------------
  u_mac/out_dot_reg[6]/CK -       -     R     (arrival)         32     0     0       0 
  u_mac/out_dot_reg[6]/Q  -       CK->Q F     DFFQ_X1M_A9TL      4   145   329     329 
  vpu_dot_out[6]          -       -     F     (port)             -     -     0     329 
#--------------------------------------------------------------------------------------



Path 28: MET (1856 ps) Late External Delay Assertion at pin vpu_dot_out[20]
          Group: reg2out
     Startpoint: (R) u_mac/out_dot_reg[20]/CK
          Clock: (R) clk
       Endpoint: (F) vpu_dot_out[20]
          Clock: (R) clk

                     Capture       Launch     
        Clock Edge:+    3300            0     
       Src Latency:+       0            0     
       Net Latency:+       0 (I)        0 (I) 
           Arrival:=    3300            0     
                                              
      Output Delay:-     990                  
       Uncertainty:-     125                  
     Required Time:=    2185                  
      Launch Clock:-       0                  
         Data Path:-     329                  
             Slack:=    1856                  

Exceptions/Constraints:
  output_delay             990             dut.sdc_line_17_249_1   

#---------------------------------------------------------------------------------------
#      Timing Point        Flags   Arc   Edge     Cell       Fanout Trans Delay Arrival 
#                                                                    (ps)  (ps)   (ps)  
#---------------------------------------------------------------------------------------
  u_mac/out_dot_reg[20]/CK -       -     R     (arrival)         32     0     0       0 
  u_mac/out_dot_reg[20]/Q  -       CK->Q F     DFFQ_X1M_A9TL      4   145   329     329 
  vpu_dot_out[20]          -       -     F     (port)             -     -     0     329 
#---------------------------------------------------------------------------------------



Path 29: MET (1856 ps) Late External Delay Assertion at pin vpu_dot_out[7]
          Group: reg2out
     Startpoint: (R) u_mac/out_dot_reg[7]/CK
          Clock: (R) clk
       Endpoint: (F) vpu_dot_out[7]
          Clock: (R) clk

                     Capture       Launch     
        Clock Edge:+    3300            0     
       Src Latency:+       0            0     
       Net Latency:+       0 (I)        0 (I) 
           Arrival:=    3300            0     
                                              
      Output Delay:-     990                  
       Uncertainty:-     125                  
     Required Time:=    2185                  
      Launch Clock:-       0                  
         Data Path:-     329                  
             Slack:=    1856                  

Exceptions/Constraints:
  output_delay             990             dut.sdc_line_17_262_1   

#--------------------------------------------------------------------------------------
#      Timing Point       Flags   Arc   Edge     Cell       Fanout Trans Delay Arrival 
#                                                                   (ps)  (ps)   (ps)  
#--------------------------------------------------------------------------------------
  u_mac/out_dot_reg[7]/CK -       -     R     (arrival)         32     0     0       0 
  u_mac/out_dot_reg[7]/Q  -       CK->Q F     DFFQ_X1M_A9TL      4   144   329     329 
  vpu_dot_out[7]          -       -     F     (port)             -     -     0     329 
#--------------------------------------------------------------------------------------



Path 30: MET (1856 ps) Late External Delay Assertion at pin vpu_dot_out[23]
          Group: reg2out
     Startpoint: (R) u_mac/out_dot_reg[23]/CK
          Clock: (R) clk
       Endpoint: (F) vpu_dot_out[23]
          Clock: (R) clk

                     Capture       Launch     
        Clock Edge:+    3300            0     
       Src Latency:+       0            0     
       Net Latency:+       0 (I)        0 (I) 
           Arrival:=    3300            0     
                                              
      Output Delay:-     990                  
       Uncertainty:-     125                  
     Required Time:=    2185                  
      Launch Clock:-       0                  
         Data Path:-     329                  
             Slack:=    1856                  

Exceptions/Constraints:
  output_delay             990             dut.sdc_line_17_246_1   

#---------------------------------------------------------------------------------------
#      Timing Point        Flags   Arc   Edge     Cell       Fanout Trans Delay Arrival 
#                                                                    (ps)  (ps)   (ps)  
#---------------------------------------------------------------------------------------
  u_mac/out_dot_reg[23]/CK -       -     R     (arrival)         32     0     0       0 
  u_mac/out_dot_reg[23]/Q  -       CK->Q F     DFFQ_X1M_A9TL      4   144   329     329 
  vpu_dot_out[23]          -       -     F     (port)             -     -     0     329 
#---------------------------------------------------------------------------------------



Path 31: MET (1856 ps) Late External Delay Assertion at pin vpu_dot_out[6]
          Group: reg2out
     Startpoint: (R) u_mac/out_dot_reg[6]/CK
          Clock: (R) clk
       Endpoint: (R) vpu_dot_out[6]
          Clock: (R) clk

                     Capture       Launch     
        Clock Edge:+    3300            0     
       Src Latency:+       0            0     
       Net Latency:+       0 (I)        0 (I) 
           Arrival:=    3300            0     
                                              
      Output Delay:-     990                  
       Uncertainty:-     125                  
     Required Time:=    2185                  
      Launch Clock:-       0                  
         Data Path:-     328                  
             Slack:=    1856                  

Exceptions/Constraints:
  output_delay             990             dut.sdc_line_17_263_1   

#--------------------------------------------------------------------------------------
#      Timing Point       Flags   Arc   Edge     Cell       Fanout Trans Delay Arrival 
#                                                                   (ps)  (ps)   (ps)  
#--------------------------------------------------------------------------------------
  u_mac/out_dot_reg[6]/CK -       -     R     (arrival)         32     0     0       0 
  u_mac/out_dot_reg[6]/Q  -       CK->Q R     DFFQ_X1M_A9TL      4   206   328     328 
  vpu_dot_out[6]          -       -     R     (port)             -     -     0     328 
#--------------------------------------------------------------------------------------



Path 32: MET (1857 ps) Late External Delay Assertion at pin vpu_dot_out[20]
          Group: reg2out
     Startpoint: (R) u_mac/out_dot_reg[20]/CK
          Clock: (R) clk
       Endpoint: (R) vpu_dot_out[20]
          Clock: (R) clk

                     Capture       Launch     
        Clock Edge:+    3300            0     
       Src Latency:+       0            0     
       Net Latency:+       0 (I)        0 (I) 
           Arrival:=    3300            0     
                                              
      Output Delay:-     990                  
       Uncertainty:-     125                  
     Required Time:=    2185                  
      Launch Clock:-       0                  
         Data Path:-     328                  
             Slack:=    1857                  

Exceptions/Constraints:
  output_delay             990             dut.sdc_line_17_249_1   

#---------------------------------------------------------------------------------------
#      Timing Point        Flags   Arc   Edge     Cell       Fanout Trans Delay Arrival 
#                                                                    (ps)  (ps)   (ps)  
#---------------------------------------------------------------------------------------
  u_mac/out_dot_reg[20]/CK -       -     R     (arrival)         32     0     0       0 
  u_mac/out_dot_reg[20]/Q  -       CK->Q R     DFFQ_X1M_A9TL      4   205   328     328 
  vpu_dot_out[20]          -       -     R     (port)             -     -     0     328 
#---------------------------------------------------------------------------------------



Path 33: MET (1857 ps) Late External Delay Assertion at pin vpu_dot_out[21]
          Group: reg2out
     Startpoint: (R) u_mac/out_dot_reg[21]/CK
          Clock: (R) clk
       Endpoint: (F) vpu_dot_out[21]
          Clock: (R) clk

                     Capture       Launch     
        Clock Edge:+    3300            0     
       Src Latency:+       0            0     
       Net Latency:+       0 (I)        0 (I) 
           Arrival:=    3300            0     
                                              
      Output Delay:-     990                  
       Uncertainty:-     125                  
     Required Time:=    2185                  
      Launch Clock:-       0                  
         Data Path:-     328                  
             Slack:=    1857                  

Exceptions/Constraints:
  output_delay             990             dut.sdc_line_17_248_1   

#---------------------------------------------------------------------------------------
#      Timing Point        Flags   Arc   Edge     Cell       Fanout Trans Delay Arrival 
#                                                                    (ps)  (ps)   (ps)  
#---------------------------------------------------------------------------------------
  u_mac/out_dot_reg[21]/CK -       -     R     (arrival)         32     0     0       0 
  u_mac/out_dot_reg[21]/Q  -       CK->Q F     DFFQ_X1M_A9TL      4   143   328     328 
  vpu_dot_out[21]          -       -     F     (port)             -     -     0     328 
#---------------------------------------------------------------------------------------



Path 34: MET (1857 ps) Late External Delay Assertion at pin vpu_dot_out[22]
          Group: reg2out
     Startpoint: (R) u_mac/out_dot_reg[22]/CK
          Clock: (R) clk
       Endpoint: (F) vpu_dot_out[22]
          Clock: (R) clk

                     Capture       Launch     
        Clock Edge:+    3300            0     
       Src Latency:+       0            0     
       Net Latency:+       0 (I)        0 (I) 
           Arrival:=    3300            0     
                                              
      Output Delay:-     990                  
       Uncertainty:-     125                  
     Required Time:=    2185                  
      Launch Clock:-       0                  
         Data Path:-     328                  
             Slack:=    1857                  

Exceptions/Constraints:
  output_delay             990             dut.sdc_line_17_247_1   

#---------------------------------------------------------------------------------------
#      Timing Point        Flags   Arc   Edge     Cell       Fanout Trans Delay Arrival 
#                                                                    (ps)  (ps)   (ps)  
#---------------------------------------------------------------------------------------
  u_mac/out_dot_reg[22]/CK -       -     R     (arrival)         32     0     0       0 
  u_mac/out_dot_reg[22]/Q  -       CK->Q F     DFFQ_X1M_A9TL      4   143   328     328 
  vpu_dot_out[22]          -       -     F     (port)             -     -     0     328 
#---------------------------------------------------------------------------------------



Path 35: MET (1858 ps) Late External Delay Assertion at pin vpu_dot_out[5]
          Group: reg2out
     Startpoint: (R) u_mac/out_dot_reg[5]/CK
          Clock: (R) clk
       Endpoint: (F) vpu_dot_out[5]
          Clock: (R) clk

                     Capture       Launch     
        Clock Edge:+    3300            0     
       Src Latency:+       0            0     
       Net Latency:+       0 (I)        0 (I) 
           Arrival:=    3300            0     
                                              
      Output Delay:-     990                  
       Uncertainty:-     125                  
     Required Time:=    2185                  
      Launch Clock:-       0                  
         Data Path:-     327                  
             Slack:=    1858                  

Exceptions/Constraints:
  output_delay             990             dut.sdc_line_17_264_1   

#--------------------------------------------------------------------------------------
#      Timing Point       Flags   Arc   Edge     Cell       Fanout Trans Delay Arrival 
#                                                                   (ps)  (ps)   (ps)  
#--------------------------------------------------------------------------------------
  u_mac/out_dot_reg[5]/CK -       -     R     (arrival)         32     0     0       0 
  u_mac/out_dot_reg[5]/Q  -       CK->Q F     DFFQ_X1M_A9TL      4   142   327     327 
  vpu_dot_out[5]          -       -     F     (port)             -     -     0     327 
#--------------------------------------------------------------------------------------



Path 36: MET (1858 ps) Late External Delay Assertion at pin vpu_dot_out[7]
          Group: reg2out
     Startpoint: (R) u_mac/out_dot_reg[7]/CK
          Clock: (R) clk
       Endpoint: (R) vpu_dot_out[7]
          Clock: (R) clk

                     Capture       Launch     
        Clock Edge:+    3300            0     
       Src Latency:+       0            0     
       Net Latency:+       0 (I)        0 (I) 
           Arrival:=    3300            0     
                                              
      Output Delay:-     990                  
       Uncertainty:-     125                  
     Required Time:=    2185                  
      Launch Clock:-       0                  
         Data Path:-     327                  
             Slack:=    1858                  

Exceptions/Constraints:
  output_delay             990             dut.sdc_line_17_262_1   

#--------------------------------------------------------------------------------------
#      Timing Point       Flags   Arc   Edge     Cell       Fanout Trans Delay Arrival 
#                                                                   (ps)  (ps)   (ps)  
#--------------------------------------------------------------------------------------
  u_mac/out_dot_reg[7]/CK -       -     R     (arrival)         32     0     0       0 
  u_mac/out_dot_reg[7]/Q  -       CK->Q R     DFFQ_X1M_A9TL      4   204   327     327 
  vpu_dot_out[7]          -       -     R     (port)             -     -     0     327 
#--------------------------------------------------------------------------------------



Path 37: MET (1858 ps) Late External Delay Assertion at pin vpu_dot_out[23]
          Group: reg2out
     Startpoint: (R) u_mac/out_dot_reg[23]/CK
          Clock: (R) clk
       Endpoint: (R) vpu_dot_out[23]
          Clock: (R) clk

                     Capture       Launch     
        Clock Edge:+    3300            0     
       Src Latency:+       0            0     
       Net Latency:+       0 (I)        0 (I) 
           Arrival:=    3300            0     
                                              
      Output Delay:-     990                  
       Uncertainty:-     125                  
     Required Time:=    2185                  
      Launch Clock:-       0                  
         Data Path:-     327                  
             Slack:=    1858                  

Exceptions/Constraints:
  output_delay             990             dut.sdc_line_17_246_1   

#---------------------------------------------------------------------------------------
#      Timing Point        Flags   Arc   Edge     Cell       Fanout Trans Delay Arrival 
#                                                                    (ps)  (ps)   (ps)  
#---------------------------------------------------------------------------------------
  u_mac/out_dot_reg[23]/CK -       -     R     (arrival)         32     0     0       0 
  u_mac/out_dot_reg[23]/Q  -       CK->Q R     DFFQ_X1M_A9TL      4   204   327     327 
  vpu_dot_out[23]          -       -     R     (port)             -     -     0     327 
#---------------------------------------------------------------------------------------



Path 38: MET (1859 ps) Late External Delay Assertion at pin vpu_dot_out[21]
          Group: reg2out
     Startpoint: (R) u_mac/out_dot_reg[21]/CK
          Clock: (R) clk
       Endpoint: (R) vpu_dot_out[21]
          Clock: (R) clk

                     Capture       Launch     
        Clock Edge:+    3300            0     
       Src Latency:+       0            0     
       Net Latency:+       0 (I)        0 (I) 
           Arrival:=    3300            0     
                                              
      Output Delay:-     990                  
       Uncertainty:-     125                  
     Required Time:=    2185                  
      Launch Clock:-       0                  
         Data Path:-     326                  
             Slack:=    1859                  

Exceptions/Constraints:
  output_delay             990             dut.sdc_line_17_248_1   

#---------------------------------------------------------------------------------------
#      Timing Point        Flags   Arc   Edge     Cell       Fanout Trans Delay Arrival 
#                                                                    (ps)  (ps)   (ps)  
#---------------------------------------------------------------------------------------
  u_mac/out_dot_reg[21]/CK -       -     R     (arrival)         32     0     0       0 
  u_mac/out_dot_reg[21]/Q  -       CK->Q R     DFFQ_X1M_A9TL      4   201   326     326 
  vpu_dot_out[21]          -       -     R     (port)             -     -     0     326 
#---------------------------------------------------------------------------------------



Path 39: MET (1859 ps) Late External Delay Assertion at pin vpu_dot_out[22]
          Group: reg2out
     Startpoint: (R) u_mac/out_dot_reg[22]/CK
          Clock: (R) clk
       Endpoint: (R) vpu_dot_out[22]
          Clock: (R) clk

                     Capture       Launch     
        Clock Edge:+    3300            0     
       Src Latency:+       0            0     
       Net Latency:+       0 (I)        0 (I) 
           Arrival:=    3300            0     
                                              
      Output Delay:-     990                  
       Uncertainty:-     125                  
     Required Time:=    2185                  
      Launch Clock:-       0                  
         Data Path:-     326                  
             Slack:=    1859                  

Exceptions/Constraints:
  output_delay             990             dut.sdc_line_17_247_1   

#---------------------------------------------------------------------------------------
#      Timing Point        Flags   Arc   Edge     Cell       Fanout Trans Delay Arrival 
#                                                                    (ps)  (ps)   (ps)  
#---------------------------------------------------------------------------------------
  u_mac/out_dot_reg[22]/CK -       -     R     (arrival)         32     0     0       0 
  u_mac/out_dot_reg[22]/Q  -       CK->Q R     DFFQ_X1M_A9TL      4   201   326     326 
  vpu_dot_out[22]          -       -     R     (port)             -     -     0     326 
#---------------------------------------------------------------------------------------



Path 40: MET (1860 ps) Late External Delay Assertion at pin vpu_dot_out[5]
          Group: reg2out
     Startpoint: (R) u_mac/out_dot_reg[5]/CK
          Clock: (R) clk
       Endpoint: (R) vpu_dot_out[5]
          Clock: (R) clk

                     Capture       Launch     
        Clock Edge:+    3300            0     
       Src Latency:+       0            0     
       Net Latency:+       0 (I)        0 (I) 
           Arrival:=    3300            0     
                                              
      Output Delay:-     990                  
       Uncertainty:-     125                  
     Required Time:=    2185                  
      Launch Clock:-       0                  
         Data Path:-     325                  
             Slack:=    1860                  

Exceptions/Constraints:
  output_delay             990             dut.sdc_line_17_264_1   

#--------------------------------------------------------------------------------------
#      Timing Point       Flags   Arc   Edge     Cell       Fanout Trans Delay Arrival 
#                                                                   (ps)  (ps)   (ps)  
#--------------------------------------------------------------------------------------
  u_mac/out_dot_reg[5]/CK -       -     R     (arrival)         32     0     0       0 
  u_mac/out_dot_reg[5]/Q  -       CK->Q R     DFFQ_X1M_A9TL      4   200   325     325 
  vpu_dot_out[5]          -       -     R     (port)             -     -     0     325 
#--------------------------------------------------------------------------------------



Path 41: MET (1866 ps) Late External Delay Assertion at pin vpu_dot_out[0]
          Group: reg2out
     Startpoint: (R) u_mac/out_dot_reg[0]/CK
          Clock: (R) clk
       Endpoint: (F) vpu_dot_out[0]
          Clock: (R) clk

                     Capture       Launch     
        Clock Edge:+    3300            0     
       Src Latency:+       0            0     
       Net Latency:+       0 (I)        0 (I) 
           Arrival:=    3300            0     
                                              
      Output Delay:-     990                  
       Uncertainty:-     125                  
     Required Time:=    2185                  
      Launch Clock:-       0                  
         Data Path:-     319                  
             Slack:=    1866                  

Exceptions/Constraints:
  output_delay             990             dut.sdc_line_17_269_1   

#--------------------------------------------------------------------------------------
#      Timing Point       Flags   Arc   Edge     Cell       Fanout Trans Delay Arrival 
#                                                                   (ps)  (ps)   (ps)  
#--------------------------------------------------------------------------------------
  u_mac/out_dot_reg[0]/CK -       -     R     (arrival)         32     0     0       0 
  u_mac/out_dot_reg[0]/Q  -       CK->Q F     DFFQ_X1M_A9TL      3   128   319     319 
  vpu_dot_out[0]          -       -     F     (port)             -     -     0     319 
#--------------------------------------------------------------------------------------



Path 42: MET (1870 ps) Late External Delay Assertion at pin vpu_max_valid_out
          Group: reg2out
     Startpoint: (R) vpu_max_valid_out_reg/CK
          Clock: (R) clk
       Endpoint: (R) vpu_max_valid_out
          Clock: (R) clk

                     Capture       Launch     
        Clock Edge:+    3300            0     
       Src Latency:+       0            0     
       Net Latency:+       0 (I)        0 (I) 
           Arrival:=    3300            0     
                                              
      Output Delay:-     990                  
       Uncertainty:-     125                  
     Required Time:=    2185                  
      Launch Clock:-       0                  
         Data Path:-     315                  
             Slack:=    1870                  

Exceptions/Constraints:
  output_delay             990             dut.sdc_line_17_273_1   

#-----------------------------------------------------------------------------------------
#      Timing Point        Flags   Arc   Edge      Cell        Fanout Trans Delay Arrival 
#                                                                      (ps)  (ps)   (ps)  
#-----------------------------------------------------------------------------------------
  vpu_max_valid_out_reg/CK -       -     R     (arrival)          363     0     0       0 
  vpu_max_valid_out_reg/Q  -       CK->Q R     DFFRPQ_X1M_A9TL      1    93   315     315 
  vpu_max_valid_out        -       -     R     (port)               -     -     0     315 
#-----------------------------------------------------------------------------------------



Path 43: MET (1870 ps) Late External Delay Assertion at pin vpu_mac_valid_out
          Group: reg2out
     Startpoint: (R) vpu_mac_valid_out_reg/CK
          Clock: (R) clk
       Endpoint: (R) vpu_mac_valid_out
          Clock: (R) clk

                     Capture       Launch     
        Clock Edge:+    3300            0     
       Src Latency:+       0            0     
       Net Latency:+       0 (I)        0 (I) 
           Arrival:=    3300            0     
                                              
      Output Delay:-     990                  
       Uncertainty:-     125                  
     Required Time:=    2185                  
      Launch Clock:-       0                  
         Data Path:-     315                  
             Slack:=    1870                  

Exceptions/Constraints:
  output_delay             990             dut.sdc_line_17_272_1   

#-----------------------------------------------------------------------------------------
#      Timing Point        Flags   Arc   Edge      Cell        Fanout Trans Delay Arrival 
#                                                                      (ps)  (ps)   (ps)  
#-----------------------------------------------------------------------------------------
  vpu_mac_valid_out_reg/CK -       -     R     (arrival)          363     0     0       0 
  vpu_mac_valid_out_reg/Q  -       CK->Q R     DFFRPQ_X1M_A9TL      1    93   315     315 
  vpu_mac_valid_out        -       -     R     (port)               -     -     0     315 
#-----------------------------------------------------------------------------------------



Path 44: MET (1870 ps) Late External Delay Assertion at pin vpu_vecmul_valid_out
          Group: reg2out
     Startpoint: (R) vpu_vecmul_valid_out_reg/CK
          Clock: (R) clk
       Endpoint: (R) vpu_vecmul_valid_out
          Clock: (R) clk

                     Capture       Launch     
        Clock Edge:+    3300            0     
       Src Latency:+       0            0     
       Net Latency:+       0 (I)        0 (I) 
           Arrival:=    3300            0     
                                              
      Output Delay:-     990                  
       Uncertainty:-     125                  
     Required Time:=    2185                  
      Launch Clock:-       0                  
         Data Path:-     315                  
             Slack:=    1870                  

Exceptions/Constraints:
  output_delay             990             dut.sdc_line_17_271_1   

#--------------------------------------------------------------------------------------------
#        Timing Point         Flags   Arc   Edge      Cell        Fanout Trans Delay Arrival 
#                                                                         (ps)  (ps)   (ps)  
#--------------------------------------------------------------------------------------------
  vpu_vecmul_valid_out_reg/CK -       -     R     (arrival)          363     0     0       0 
  vpu_vecmul_valid_out_reg/Q  -       CK->Q R     DFFRPQ_X1M_A9TL      1    93   315     315 
  vpu_vecmul_valid_out        -       -     R     (port)               -     -     0     315 
#--------------------------------------------------------------------------------------------



Path 45: MET (1870 ps) Late External Delay Assertion at pin vpu_bb_valid_out
          Group: reg2out
     Startpoint: (R) vpu_bb_valid_out_reg/CK
          Clock: (R) clk
       Endpoint: (R) vpu_bb_valid_out
          Clock: (R) clk

                     Capture       Launch     
        Clock Edge:+    3300            0     
       Src Latency:+       0            0     
       Net Latency:+       0 (I)        0 (I) 
           Arrival:=    3300            0     
                                              
      Output Delay:-     990                  
       Uncertainty:-     125                  
     Required Time:=    2185                  
      Launch Clock:-       0                  
         Data Path:-     315                  
             Slack:=    1870                  

Exceptions/Constraints:
  output_delay             990             dut.sdc_line_17_270_1   

#----------------------------------------------------------------------------------------
#      Timing Point       Flags   Arc   Edge      Cell        Fanout Trans Delay Arrival 
#                                                                     (ps)  (ps)   (ps)  
#----------------------------------------------------------------------------------------
  vpu_bb_valid_out_reg/CK -       -     R     (arrival)          363     0     0       0 
  vpu_bb_valid_out_reg/Q  -       CK->Q R     DFFRPQ_X1M_A9TL      1    93   315     315 
  vpu_bb_valid_out        -       -     R     (port)               -     -     0     315 
#----------------------------------------------------------------------------------------



Path 46: MET (1870 ps) Late External Delay Assertion at pin vpu_max_out[7]
          Group: reg2out
     Startpoint: (R) u_max/stage_decl[3].data_reg[0][7]/CK
          Clock: (R) clk
       Endpoint: (R) vpu_max_out[7]
          Clock: (R) clk

                     Capture       Launch     
        Clock Edge:+    3300            0     
       Src Latency:+       0            0     
       Net Latency:+       0 (I)        0 (I) 
           Arrival:=    3300            0     
                                              
      Output Delay:-     990                  
       Uncertainty:-     125                  
     Required Time:=    2185                  
      Launch Clock:-       0                  
         Data Path:-     315                  
             Slack:=    1870                  

Exceptions/Constraints:
  output_delay             990             dut.sdc_line_17_230_1   

#------------------------------------------------------------------------------------------------------
#             Timing Point              Flags   Arc   Edge      Cell        Fanout Trans Delay Arrival 
#                                                                                   (ps)  (ps)   (ps)  
#------------------------------------------------------------------------------------------------------
  u_max/stage_decl[3].data_reg[0][7]/CK -       -     R     (arrival)          363     0     0       0 
  u_max/stage_decl[3].data_reg[0][7]/Q  -       CK->Q R     DFFRPQ_X1M_A9TL      1    93   315     315 
  vpu_max_out[7]                        -       -     R     (port)               -     -     0     315 
#------------------------------------------------------------------------------------------------------



Path 47: MET (1870 ps) Late External Delay Assertion at pin vpu_data_out[0][4]
          Group: reg2out
     Startpoint: (R) vpu_data_out_reg[0][4]/CK
          Clock: (R) clk
       Endpoint: (R) vpu_data_out[0][4]
          Clock: (R) clk

                     Capture       Launch     
        Clock Edge:+    3300            0     
       Src Latency:+       0            0     
       Net Latency:+       0 (I)        0 (I) 
           Arrival:=    3300            0     
                                              
      Output Delay:-     990                  
       Uncertainty:-     125                  
     Required Time:=    2185                  
      Launch Clock:-       0                  
         Data Path:-     315                  
             Slack:=    1870                  

Exceptions/Constraints:
  output_delay             990             dut.sdc_line_17_225_1   

#------------------------------------------------------------------------------------------
#       Timing Point        Flags   Arc   Edge      Cell        Fanout Trans Delay Arrival 
#                                                                       (ps)  (ps)   (ps)  
#------------------------------------------------------------------------------------------
  vpu_data_out_reg[0][4]/CK -       -     R     (arrival)          363     0     0       0 
  vpu_data_out_reg[0][4]/Q  -       CK->Q R     DFFRPQ_X1M_A9TL      1    93   315     315 
  vpu_data_out[0][4]        -       -     R     (port)               -     -     0     315 
#------------------------------------------------------------------------------------------



Path 48: MET (1870 ps) Late External Delay Assertion at pin vpu_data_out[0][5]
          Group: reg2out
     Startpoint: (R) vpu_data_out_reg[0][5]/CK
          Clock: (R) clk
       Endpoint: (R) vpu_data_out[0][5]
          Clock: (R) clk

                     Capture       Launch     
        Clock Edge:+    3300            0     
       Src Latency:+       0            0     
       Net Latency:+       0 (I)        0 (I) 
           Arrival:=    3300            0     
                                              
      Output Delay:-     990                  
       Uncertainty:-     125                  
     Required Time:=    2185                  
      Launch Clock:-       0                  
         Data Path:-     315                  
             Slack:=    1870                  

Exceptions/Constraints:
  output_delay             990             dut.sdc_line_17_224_1   

#------------------------------------------------------------------------------------------
#       Timing Point        Flags   Arc   Edge      Cell        Fanout Trans Delay Arrival 
#                                                                       (ps)  (ps)   (ps)  
#------------------------------------------------------------------------------------------
  vpu_data_out_reg[0][5]/CK -       -     R     (arrival)          363     0     0       0 
  vpu_data_out_reg[0][5]/Q  -       CK->Q R     DFFRPQ_X1M_A9TL      1    93   315     315 
  vpu_data_out[0][5]        -       -     R     (port)               -     -     0     315 
#------------------------------------------------------------------------------------------



Path 49: MET (1870 ps) Late External Delay Assertion at pin vpu_data_out[0][7]
          Group: reg2out
     Startpoint: (R) vpu_data_out_reg[0][7]/CK
          Clock: (R) clk
       Endpoint: (R) vpu_data_out[0][7]
          Clock: (R) clk

                     Capture       Launch     
        Clock Edge:+    3300            0     
       Src Latency:+       0            0     
       Net Latency:+       0 (I)        0 (I) 
           Arrival:=    3300            0     
                                              
      Output Delay:-     990                  
       Uncertainty:-     125                  
     Required Time:=    2185                  
      Launch Clock:-       0                  
         Data Path:-     315                  
             Slack:=    1870                  

Exceptions/Constraints:
  output_delay             990             dut.sdc_line_17_222_1   

#------------------------------------------------------------------------------------------
#       Timing Point        Flags   Arc   Edge      Cell        Fanout Trans Delay Arrival 
#                                                                       (ps)  (ps)   (ps)  
#------------------------------------------------------------------------------------------
  vpu_data_out_reg[0][7]/CK -       -     R     (arrival)          363     0     0       0 
  vpu_data_out_reg[0][7]/Q  -       CK->Q R     DFFRPQ_X1M_A9TL      1    93   315     315 
  vpu_data_out[0][7]        -       -     R     (port)               -     -     0     315 
#------------------------------------------------------------------------------------------



Path 50: MET (1870 ps) Late External Delay Assertion at pin vpu_data_out[1][4]
          Group: reg2out
     Startpoint: (R) vpu_data_out_reg[1][4]/CK
          Clock: (R) clk
       Endpoint: (R) vpu_data_out[1][4]
          Clock: (R) clk

                     Capture       Launch     
        Clock Edge:+    3300            0     
       Src Latency:+       0            0     
       Net Latency:+       0 (I)        0 (I) 
           Arrival:=    3300            0     
                                              
      Output Delay:-     990                  
       Uncertainty:-     125                  
     Required Time:=    2185                  
      Launch Clock:-       0                  
         Data Path:-     315                  
             Slack:=    1870                  

Exceptions/Constraints:
  output_delay             990             dut.sdc_line_17_217_1   

#------------------------------------------------------------------------------------------
#       Timing Point        Flags   Arc   Edge      Cell        Fanout Trans Delay Arrival 
#                                                                       (ps)  (ps)   (ps)  
#------------------------------------------------------------------------------------------
  vpu_data_out_reg[1][4]/CK -       -     R     (arrival)          363     0     0       0 
  vpu_data_out_reg[1][4]/Q  -       CK->Q R     DFFRPQ_X1M_A9TL      1    93   315     315 
  vpu_data_out[1][4]        -       -     R     (port)               -     -     0     315 
#------------------------------------------------------------------------------------------

