============================================================
  Generated by:           Genus(TM) Synthesis Solution 25.12-s067_1
  Generated on:           Sep 23 2026  01:45:37 am
  Module:                 tr_nonlinear_vpu
  Operating conditions:   ss_typical_max_0p90v_125c (balanced_tree)
  Wireload mode:          top
  Area mode:              timing library
============================================================


Path 1: MET (0 ps) Setup Check with Pin u_backbone/s2_post_ln_reg_reg[6][7]/CK->D
          Group: reg2reg
     Startpoint: (R) u_backbone/s1_mode_pre_ln_reg/CK
          Clock: (R) clk
       Endpoint: (R) u_backbone/s2_post_ln_reg_reg[6][7]/D
          Clock: (R) clk

                     Capture       Launch     
        Clock Edge:+    3300            0     
       Src Latency:+       0            0     
       Net Latency:+       0 (I)        0 (I) 
           Arrival:=    3300            0     
                                              
             Setup:-     103                  
       Uncertainty:-     125                  
     Required Time:=    3072                  
      Launch Clock:-       0                  
         Data Path:-    3072                  
             Slack:=       0                  

#---------------------------------------------------------------------------------------------------------------
#               Timing Point                 Flags   Arc   Edge        Cell          Fanout Trans Delay Arrival 
#                                                                                            (ps)  (ps)   (ps)  
#---------------------------------------------------------------------------------------------------------------
  u_backbone/s1_mode_pre_ln_reg/CK           -       -     R     (arrival)              363     0     0       0 
  u_backbone/s1_mode_pre_ln_reg/Q            -       CK->Q R     DFFRPQ_X4M_A9TL          1    98   310     310 
  u_backbone/u_pre_ln/g5761/Y                -       A->Y  F     INV_X16M_A9TL           19    76    76     385 
  u_backbone/u_pre_ln/g5716/Y                -       A->Y  R     NOR2XB_X6M_A9TL          2    90    83     468 
  u_backbone/u_pre_ln/g5629/Y                -       B->Y  F     NAND2_X4M_A9TL           1    61    66     534 
  u_backbone/u_pre_ln/g5613/Y                -       A->Y  R     NOR2XB_X8M_A9TL          3   116    93     627 
  u_backbone/u_pre_ln/g5597/Y                -       B->Y  F     NAND2_X8M_A9TL           4    72    70     697 
  u_backbone/u_pre_ln/g5445/Y                -       S0->Y R     MXT2_X3M_A9TL            8   167   209     907 
  u_backbone/gen_tr_lanes[6].u_tr_ln/g3881/Y -       A->Y  F     NOR2_X3A_A9TL            2    74    82     989 
  u_backbone/gen_tr_lanes[6].u_tr_ln/g3849/Y -       A->Y  R     NAND2_X1P4M_A9TL         3   208   143    1132 
  u_backbone/gen_tr_lanes[6].u_tr_ln/g3918/Y -       B0->Y F     AOI2XB1_X2M_A9TL         1   129   111    1243 
  u_backbone/gen_tr_lanes[6].u_tr_ln/g3815/Y -       B->Y  R     NOR2_X4A_A9TL            3   118   122    1365 
  u_backbone/gen_tr_lanes[6].u_tr_ln/g3792/Y -       B->Y  F     NAND3XXB_X1P4M_A9TL      1   117   107    1472 
  u_backbone/gen_tr_lanes[6].u_tr_ln/g3765/Y -       BN->Y F     NOR2XB_X6M_A9TL          2    75   156    1628 
  u_backbone/gen_tr_lanes[6].u_tr_ln/g3756/Y -       B->Y  R     NOR2_X6A_A9TL            3    84    89    1717 
  u_backbone/gen_tr_lanes[6].u_tr_ln/g3744/Y -       B->Y  F     NAND3XXB_X2M_A9TL        1   102    87    1804 
  u_backbone/gen_tr_lanes[6].u_tr_ln/g3735/Y -       B->Y  F     AND2_X4M_A9TL            3    58   141    1946 
  u_backbone/gen_tr_lanes[6].u_tr_ln/g3724/Y -       A->Y  R     NAND2_X4M_A9TL           2    93    75    2020 
  u_backbone/gen_tr_lanes[6].u_tr_ln/g3718/Y -       B->Y  F     NOR2_X4M_A9TL            1    52    64    2084 
  u_backbone/gen_tr_lanes[6].u_tr_ln/g3707/Y -       A1->Y R     AOI21_X3M_A9TL           1   121   116    2199 
  u_backbone/gen_tr_lanes[6].u_tr_ln/g3704/Y -       B0->Y F     AOI31_X6M_A9TL           1    87    71    2270 
  u_backbone/g3452/Y                         -       B0->Y R     AOI22_X6M_A9TL           1   111    93    2363 
  u_backbone/g3412/Y                         -       A->Y  F     NAND2XB_X6M_A9TL         4    65    64    2427 
  u_backbone/u_post_ln/g6366/Y               -       CN->Y F     NAND3XXB_X6M_A9TL        3   103   147    2574 
  u_backbone/u_post_ln/g6239/Y               -       B->Y  R     NOR2_X6A_A9TL            3   118   108    2682 
  u_backbone/u_post_ln/g6201/Y               -       A->Y  F     NAND2XB_X4M_A9TL         3    83    78    2760 
  u_backbone/u_post_ln/g6133/Y               -       A0->Y R     AOI2XB1_X3M_A9TL         2   123   115    2875 
  u_backbone/u_post_ln/g6090/Y               -       B->Y  F     NAND3XXB_X1P4M_A9TL      1   138   104    2979 
  u_backbone/u_post_ln/g6570/Y               -       B0->Y R     OAI2XB1_X2M_A9TL         1   104    92    3072 
  u_backbone/s2_post_ln_reg_reg[6][7]/D      -       -     R     DFFRPQ_X1M_A9TL          1     -     0    3072 
#---------------------------------------------------------------------------------------------------------------

