============================================================
  Generated by:           Genus(TM) Synthesis Solution 25.12-s067_1
  Generated on:           Sep 23 2026  01:45:38 am
  Module:                 tr_nonlinear_vpu
  Operating conditions:   ss_typical_max_0p90v_125c (balanced_tree)
  Wireload mode:          top
  Area mode:              timing library
============================================================


Path 1: MET (0 ps) Setup Check with Pin vpu_data_out_reg[6][6]/CK->D
          Group: in2reg
     Startpoint: (F) sram_data_a[6][2]
          Clock: (R) clk
       Endpoint: (R) vpu_data_out_reg[6][6]/D
          Clock: (R) clk

                     Capture       Launch     
        Clock Edge:+    3300            0     
        Drv Adjust:+       0           35     
       Src Latency:+       0            0     
       Net Latency:+       0 (I)        0 (I) 
           Arrival:=    3300           35     
                                              
             Setup:-     100                  
       Uncertainty:-     125                  
     Required Time:=    3074                  
      Launch Clock:-      35                  
       Input Delay:-     990                  
         Data Path:-    2049                  
             Slack:=       0                  

Exceptions/Constraints:
  input_delay             990             dut.sdc_line_15_14_1   


