============================================================
  Generated by:           Genus(TM) Synthesis Solution 25.12-s067_1
  Generated on:           Apr 11 2026  01:20:39 pm
  Module:                 transformer_core_top
  Operating conditions:   ss_typical_max_0p90v_125c (balanced_tree)
  Wireload mode:          top
  Area mode:              timing library
============================================================


Path 1: VIOLATED (-1851 ps) Setup Check with Pin u_datapath/u_mac_engine/b_reg_reg[3][5]/CK->D
          Group: reg2reg
     Startpoint: (R) u_ctrl/state_q_reg[1]/CK
          Clock: (R) clk
       Endpoint: (R) u_datapath/u_mac_engine/b_reg_reg[3][5]/D
          Clock: (R) clk

                     Capture       Launch     
        Clock Edge:+    5000            0     
       Src Latency:+       0            0     
       Net Latency:+       0 (I)        0 (I) 
           Arrival:=    5000            0     
                                              
             Setup:-      66                  
       Uncertainty:-     125                  
     Required Time:=    4809                  
      Launch Clock:-       0                  
         Data Path:-    6660                  
             Slack:=   -1851                  

#----------------------------------------------------------------------------------------------------------------------------------------
#                            Timing Point                             Flags    Arc   Edge        Cell         Fanout Trans Delay Arrival 
#                                                                                                                     (ps)  (ps)   (ps)  
#----------------------------------------------------------------------------------------------------------------------------------------
  u_ctrl/state_q_reg[1]/CK                                            -       -      R     (arrival)             617     0     0       0 
  u_ctrl/state_q_reg[1]/Q                                             -       CK->Q  F     SDFFRPQ_X4M_A9TL        1    50   275     275 
  u_ctrl/fopt1431/Y                                                   -       A->Y   R     INV_X7P5M_A9TL          2    42    43     319 
  u_ctrl/g1347__8246/Y                                                -       B->Y   F     NAND2_X8M_A9TL          3    60    56     375 
  u_ctrl/g1340__5526/Y                                                -       A->Y   R     NAND2XB_X8M_A9TL        1    58    53     428 
  u_ctrl/g1339__8428/Y                                                -       B0->Y  F     OAI2XB1_X8M_A9TL        3    76    69     496 
  u_ctrl/g1382__5115/Y                                                -       A->Y   R     NOR2_X6A_A9TL           1    74    72     569 
  u_ctrl/g1328__6417/Y                                                -       A->Y   F     NAND2XB_X6M_A9TL        1    47    48     617 
  u_ctrl/g1321__9945/Y                                                -       A->Y   R     NOR2XB_X8M_A9TL         3    89    73     690 
  u_datapath/g9743/Y                                                  -       B->Y   F     NOR2_X8A_A9TL           1    61    68     758 
  u_datapath/g9742/Y                                                  -       A->Y   R     INV_X16M_A9TL           9    84    76     834 
  u_datapath/g9729/Y                                                  -       A->Y   F     INV_X7P5B_A9TL          5    93    86     920 
  u_datapath/g9719/Y                                                  -       A->Y   R     NAND2_X4M_A9TL          1    80    79    1000 
  u_datapath/g9567/Y                                                  -       B0->Y  F     OAI2XB1_X8M_A9TL        4    88    82    1081 
  u_datapath/u_tr_array/u_ln_0_20b/g2781/Y                            -       BN->Y  F     NOR2XB_X4M_A9TL         1    55   137    1219 
  u_datapath/u_tr_array/u_ln_0_20b/g2671/Y                            -       CN->Y  F     NAND3XXB_X6M_A9TL       1    66   133    1352 
  u_datapath/u_tr_array/u_ln_0_20b/g2645/Y                            -       A->Y   R     NOR2XB_X8M_A9TL         1    62    62    1414 
  u_datapath/u_tr_array/u_ln_0_20b/g2635/Y                            -       C->Y   F     NAND3_X6M_A9TL          1    88    76    1490 
  u_datapath/u_tr_array/u_ln_0_20b/g2624/Y                            -       B->Y   R     NOR2_X8A_A9TL           1    71    83    1573 
  u_datapath/u_tr_array/u_ln_0_20b/g2622/Y                            -       A->Y   F     NAND2_X8M_A9TL          2    62    60    1634 
  u_datapath/u_tr_array/u_ln_0_20b/fopt3034/Y                         -       A->Y   F     BUFH_X16M_A9TL          7    36    82    1716 
  u_datapath/u_tr_array/u_ln_0_20b/fopt3033/Y                         -       A->Y   R     INV_X2M_A9TL            1    71    59    1775 
  u_datapath/u_tr_array/u_ln_0_20b/csa_tree_ADD_TC_OP_7_groupi_g776/Y -       A->Y   F     NAND2_X6M_A9TL          1    45    47    1822 
  u_datapath/u_tr_array/u_ln_0_20b/csa_tree_ADD_TC_OP_7_groupi_g730/Y -       A0->Y  R     AOI21_X6M_A9TL          2    85    80    1902 
  u_datapath/u_tr_array/u_ln_0_20b/csa_tree_ADD_TC_OP_7_groupi_g706/Y -       BN->Y  R     NAND2XB_X4M_A9TL        1    86   133    2035 
  u_datapath/u_tr_array/u_ln_0_20b/fopt3105/Y                         -       A->Y   F     INV_X6M_A9TL            2    39    44    2080 
  u_datapath/u_tr_array/u_ln_0_20b/csa_tree_ADD_TC_OP_7_groupi_g687/Y -       B0->Y  R     AOI21_X6M_A9TL          1    98    78    2158 
  u_datapath/u_tr_array/u_ln_0_20b/csa_tree_ADD_TC_OP_7_groupi_g673/Y -       B->Y   F     NAND2_X8M_A9TL          4    82    80    2238 
  u_datapath/u_tr_array/u_ln_0_20b/csa_tree_ADD_TC_OP_7_groupi_g626/Y -       A1->Y  R     AOI21_X8M_A9TL          2    91   108    2346 
  u_datapath/u_tr_array/u_ln_0_20b/csa_tree_ADD_TC_OP_7_groupi_g620/Y -       A0->Y  F     OAI2XB1_X4M_A9TL        1    74    76    2422 
  u_datapath/u_tr_array/u_ln_0_20b/csa_tree_ADD_TC_OP_7_groupi_g615/Y -       S0->Y  R     MXT2_X6M_A9TL           4    86   165    2587 
  u_datapath/u_tr_array/fopt7517/Y                                    -       A->Y   F     INV_X6B_A9TL            2    47    52    2639 
  u_datapath/u_tr_array/g6818/Y                                       -       BN->Y  F     NAND2XB_X4M_A9TL        2    77   128    2767 
  u_datapath/u_tr_array/g6756/Y                                       -       B->Y   R     NAND3XXB_X6M_A9TL       1    94    83    2850 
  u_datapath/u_tr_array/g6748/Y                                       -       A->Y   F     NAND2XB_X6M_A9TL        1    53    53    2903 
  u_datapath/u_tr_array/g6722/Y                                       -       B->Y   F     OR2_X11M_A9TL           8    63   134    3037 
  u_datapath/u_tr_array/u_exp_0_20b/u_quad/square_mul_42_37_g1182/Y   -       A->Y   R     NAND2_X8M_A9TL          3   108    74    3111 
  u_datapath/u_tr_array/u_exp_0_20b/u_quad/square_mul_42_37_g1232/Y   -       B->Y   F     XOR3_X4M_A9TL           2    94   265    3376 
  u_datapath/u_tr_array/u_exp_0_20b/u_quad/square_mul_42_37_g1065/Y   -       S0->Y  R     MXIT2_X4M_A9TL          2   180   118    3494 
  u_datapath/u_tr_array/u_exp_0_20b/u_quad/square_mul_42_37_g1222/Y   -       AN->Y  R     NAND2B_X8M_A9TL         2    72   146    3640 
  u_datapath/u_tr_array/u_exp_0_20b/u_quad/square_mul_42_37_g1017/Y   -       A->Y   F     NAND2_X8M_A9TL          2    52    53    3693 
  u_datapath/u_tr_array/u_exp_0_20b/u_quad/square_mul_42_37_g1016/Y   -       A->Y   R     INV_X4B_A9TL            1    42    44    3737 
  u_datapath/u_tr_array/u_exp_0_20b/u_quad/square_mul_42_37_g999/Y    -       A->Y   F     NAND3XXB_X6M_A9TL       1    59    49    3786 
  u_datapath/u_tr_array/u_exp_0_20b/u_quad/square_mul_42_37_g996/Y    -       A->Y   R     NAND3_X6M_A9TL          2   100    74    3860 
  u_datapath/u_tr_array/u_exp_0_20b/u_quad/square_mul_42_37_g989/Y    -       B0->Y  R     AO1B2_X4M_A9TL          1    65   131    3991 
  u_datapath/u_tr_array/u_exp_0_20b/u_quad/square_mul_42_37_g986/Y    -       S0->Y  F     MXT2_X6M_A9TL           3    76   156    4148 
  u_datapath/u_tr_array/u_exp_0_20b/g1028/Y                           -       A->Y   R     NOR2XB_X8M_A9TL         1    66    66    4213 
  u_datapath/u_tr_array/u_exp_0_20b/g1002/Y                           -       A->Y   F     NOR2_X6A_A9TL           1    48    53    4266 
  u_datapath/u_tr_array/u_exp_0_20b/g976/Y                            -       A0->Y  R     AOI21_X8M_A9TL          1    90    85    4351 
  u_datapath/u_tr_array/u_exp_0_20b/fopt1/Y                           -       A->Y   F     INV_X9M_A9TL            3    42    48    4399 
  u_datapath/u_tr_array/u_exp_0_20b/fopt1068/Y                        -       A->Y   R     INV_X4M_A9TL            1    44    42    4441 
  u_datapath/u_tr_array/u_exp_0_20b/g970/Y                            -       S0->Y  F     MXT2_X6M_A9TL           7   101   167    4608 
  u_datapath/WALLACE_CSA_DUMMY_OP_groupi_g5449/Y                      -       A->Y   F     BUFH_X4M_A9TL           4    51   106    4714 
  u_datapath/WALLACE_CSA_DUMMY_OP_groupi_g5329/Y                      -       B->Y   F     MXT2_X6M_A9TL           4    83   163    4878 
  u_datapath/WALLACE_CSA_DUMMY_OP_groupi_g5286/Y                      -       A->Y   R     INV_X5B_A9TL            1    45    50    4928 
  u_datapath/WALLACE_CSA_DUMMY_OP_groupi_g5237/Y                      -       A->Y   F     NAND2XB_X6M_A9TL        1    36    34    4962 
  u_datapath/WALLACE_CSA_DUMMY_OP_groupi_g4970/CO                     -       CI->CO F     ADDF_X2M_A9TL           2   104   210    5172 
  u_datapath/WALLACE_CSA_DUMMY_OP_groupi_g4948/Y                      -       B->Y   R     XNOR2_X4M_A9TL          2   203   143    5314 
  u_datapath/fopt22062/Y                                              -       A->Y   F     INV_X4M_A9TL            1    56    54    5368 
  u_datapath/WALLACE_CSA_DUMMY_OP_groupi_g4918/Y                      -       A->Y   R     MXIT2_X3M_A9TL          2   179   106    5474 
  u_datapath/fopt22063/Y                                              -       A->Y   F     INV_X1P4M_A9TL          1    80    88    5562 
  u_datapath/WALLACE_CSA_DUMMY_OP_groupi_g4872/Y                      -       A->Y   R     NOR2XB_X4M_A9TL         1    65    65    5628 
  u_datapath/WALLACE_CSA_DUMMY_OP_groupi_g4818/Y                      -       DN->Y  R     NAND4XXXB_X4M_A9TL      1   152   167    5795 
  u_datapath/WALLACE_CSA_DUMMY_OP_groupi_g4786/Y                      -       B->Y   F     NAND3XXB_X6M_A9TL       3    88    93    5888 
  u_datapath/WALLACE_CSA_DUMMY_OP_groupi_g4768/Y                      -       A1N->Y F     OAI2XB1_X8M_A9TL        1    56   144    6032 
  u_datapath/WALLACE_CSA_DUMMY_OP_groupi_g4763/Y                      -       A->Y   R     NAND2_X8M_A9TL          4    87    73    6104 
  u_datapath/WALLACE_CSA_DUMMY_OP_groupi_g4757/Y                      -       B0->Y  R     AO1B2_X6M_A9TL          1    57   125    6229 
  u_datapath/WALLACE_CSA_DUMMY_OP_groupi_g4754/Y                      -       S0->Y  R     MXIT2_X4M_A9TL          2   160    97    6326 
  u_datapath/g21418/Y                                                 -       A->Y   F     NAND2_X6M_A9TL          2    83    66    6392 
  u_datapath/g21358/Y                                                 -       A->Y   F     BUF_X13M_A9TL           6    44   111    6503 
  u_datapath/g21172/Y                                                 -       A->Y   R     NAND3XXB_X6M_A9TL       1    93    58    6561 
  u_datapath/g20975/Y                                                 -       A->Y   F     NOR2_X4A_A9TL           1    51    50    6611 
  u_datapath/g20753/Y                                                 -       A->Y   R     NAND2_X2A_A9TL          1    55    48    6660 
  u_datapath/u_mac_engine/b_reg_reg[3][5]/D                           -       -      R     DFFQ_X2M_A9TL           1     -     0    6660 
#----------------------------------------------------------------------------------------------------------------------------------------

