============================================================
  Generated by:           Genus(TM) Synthesis Solution 25.12-s067_1
  Generated on:           May 09 2026  07:00:45 pm
  Operating conditions:   ss_typical_max_0p90v_125c (balanced_tree)
  Wireload mode:          top
  Area mode:              timing library
============================================================

                                                                                       
       Gate         Instances    Area                       Library                    
---------------------------------------------------------------------------------------
A2DFFQ_X0P5M_A9TL         224  1612.800 sc9_cln65lp_base_lvt_ss_typical_max_0p90v_125c 
ADDFH_X1P4M_A9TL            7    83.160 sc9_cln65lp_base_lvt_ss_typical_max_0p90v_125c 
ADDFH_X2M_A9TL              8    95.040 sc9_cln65lp_base_lvt_ss_typical_max_0p90v_125c 
ADDF_X1M_A9TL               9    71.280 sc9_cln65lp_base_lvt_ss_typical_max_0p90v_125c 
ADDH_X1M_A9TL               8    37.440 sc9_cln65lp_base_lvt_ss_typical_max_0p90v_125c 
ADDH_X1P4M_A9TL             1     5.760 sc9_cln65lp_base_lvt_ss_typical_max_0p90v_125c 
ADDH_X2M_A9TL               7    40.320 sc9_cln65lp_base_lvt_ss_typical_max_0p90v_125c 
AND2_X0P7M_A9TR            16    28.800 sc9_cln65lp_base_rvt_ss_typical_max_0p90v_125c 
AND2_X11M_A9TL              1    11.160 sc9_cln65lp_base_lvt_ss_typical_max_0p90v_125c 
AND2_X11M_A9TR              7    78.120 sc9_cln65lp_base_rvt_ss_typical_max_0p90v_125c 
AND2_X1M_A9TL              56   100.800 sc9_cln65lp_base_lvt_ss_typical_max_0p90v_125c 
AND2_X2M_A9TL              16    40.320 sc9_cln65lp_base_lvt_ss_typical_max_0p90v_125c 
AND2_X3M_A9TL               9    35.640 sc9_cln65lp_base_lvt_ss_typical_max_0p90v_125c 
AND2_X4M_A9TL              39   168.480 sc9_cln65lp_base_lvt_ss_typical_max_0p90v_125c 
AND2_X6M_A9TL               9    55.080 sc9_cln65lp_base_lvt_ss_typical_max_0p90v_125c 
AND2_X8M_A9TL               7    55.440 sc9_cln65lp_base_lvt_ss_typical_max_0p90v_125c 
AND3_X1M_A9TL               8    20.160 sc9_cln65lp_base_lvt_ss_typical_max_0p90v_125c 
AND3_X3M_A9TL               8    46.080 sc9_cln65lp_base_lvt_ss_typical_max_0p90v_125c 
AO1B2_X2M_A9TL             24    86.400 sc9_cln65lp_base_lvt_ss_typical_max_0p90v_125c 
AO1B2_X3M_A9TL              8    43.200 sc9_cln65lp_base_lvt_ss_typical_max_0p90v_125c 
AO1B2_X4M_A9TL             16    97.920 sc9_cln65lp_base_lvt_ss_typical_max_0p90v_125c 
AO1B2_X6M_A9TL              8    72.000 sc9_cln65lp_base_lvt_ss_typical_max_0p90v_125c 
AO21B_X1M_A9TL             16    40.320 sc9_cln65lp_base_lvt_ss_typical_max_0p90v_125c 
AO21B_X1P4M_A9TL            8    28.800 sc9_cln65lp_base_lvt_ss_typical_max_0p90v_125c 
AO21B_X2M_A9TL             24    86.400 sc9_cln65lp_base_lvt_ss_typical_max_0p90v_125c 
AO21B_X3M_A9TL              8    43.200 sc9_cln65lp_base_lvt_ss_typical_max_0p90v_125c 
AO21B_X6M_A9TL             16   144.000 sc9_cln65lp_base_lvt_ss_typical_max_0p90v_125c 
AO21_X1M_A9TL               8    23.040 sc9_cln65lp_base_lvt_ss_typical_max_0p90v_125c 
AO22_X0P7M_A9TR            56   181.440 sc9_cln65lp_base_rvt_ss_typical_max_0p90v_125c 
AO22_X1M_A9TL              16    51.840 sc9_cln65lp_base_lvt_ss_typical_max_0p90v_125c 
AOI21B_X1M_A9TL             8    23.040 sc9_cln65lp_base_lvt_ss_typical_max_0p90v_125c 
AOI21_X1M_A9TL             48   103.680 sc9_cln65lp_base_lvt_ss_typical_max_0p90v_125c 
AOI21_X1P4M_A9TL            8    28.800 sc9_cln65lp_base_lvt_ss_typical_max_0p90v_125c 
AOI21_X2M_A9TL             16    57.600 sc9_cln65lp_base_lvt_ss_typical_max_0p90v_125c 
AOI21_X3M_A9TL             16    74.880 sc9_cln65lp_base_lvt_ss_typical_max_0p90v_125c 
AOI21_X4M_A9TL              8    48.960 sc9_cln65lp_base_lvt_ss_typical_max_0p90v_125c 
AOI21_X6M_A9TL              8    72.000 sc9_cln65lp_base_lvt_ss_typical_max_0p90v_125c 
AOI22_X1M_A9TL              8    20.160 sc9_cln65lp_base_lvt_ss_typical_max_0p90v_125c 
AOI22_X4M_A9TL              8    66.240 sc9_cln65lp_base_lvt_ss_typical_max_0p90v_125c 
AOI2XB1_X0P7M_A9TR         32    92.160 sc9_cln65lp_base_rvt_ss_typical_max_0p90v_125c 
AOI2XB1_X1M_A9TL            8    23.040 sc9_cln65lp_base_lvt_ss_typical_max_0p90v_125c 
AOI2XB1_X2M_A9TL            8    34.560 sc9_cln65lp_base_lvt_ss_typical_max_0p90v_125c 
AOI2XB1_X3M_A9TL            8    46.080 sc9_cln65lp_base_lvt_ss_typical_max_0p90v_125c 
AOI2XB1_X4M_A9TL           24   181.440 sc9_cln65lp_base_lvt_ss_typical_max_0p90v_125c 
AOI2XB1_X6M_A9TL           10   104.400 sc9_cln65lp_base_lvt_ss_typical_max_0p90v_125c 
AOI2XB1_X8M_A9TL           14   191.520 sc9_cln65lp_base_lvt_ss_typical_max_0p90v_125c 
BUFH_X0P7M_A9TL             9    12.960 sc9_cln65lp_base_lvt_ss_typical_max_0p90v_125c 
BUFH_X16M_A9TL              1    12.960 sc9_cln65lp_base_lvt_ss_typical_max_0p90v_125c 
BUFH_X1M_A9TL              16    23.040 sc9_cln65lp_base_lvt_ss_typical_max_0p90v_125c 
BUFH_X1M_A9TR               1     1.440 sc9_cln65lp_base_rvt_ss_typical_max_0p90v_125c 
BUFH_X1P4M_A9TL            49   105.840 sc9_cln65lp_base_lvt_ss_typical_max_0p90v_125c 
BUFH_X3M_A9TL              16    46.080 sc9_cln65lp_base_lvt_ss_typical_max_0p90v_125c 
BUFH_X3P5M_A9TL             8    31.680 sc9_cln65lp_base_lvt_ss_typical_max_0p90v_125c 
BUFH_X6M_A9TL               8    43.200 sc9_cln65lp_base_lvt_ss_typical_max_0p90v_125c 
BUF_X1P2M_A9TH              7    15.120 sc9_cln65lp_base_hvt_ss_typical_max_0p90v_125c 
BUF_X1P7M_A9TL             24    51.840 sc9_cln65lp_base_lvt_ss_typical_max_0p90v_125c 
BUF_X2M_A9TL               51   110.160 sc9_cln65lp_base_lvt_ss_typical_max_0p90v_125c 
BUF_X3M_A9TL               40   100.800 sc9_cln65lp_base_lvt_ss_typical_max_0p90v_125c 
BUF_X3P5M_A9TL             15    48.600 sc9_cln65lp_base_lvt_ss_typical_max_0p90v_125c 
BUF_X5M_A9TL               16    63.360 sc9_cln65lp_base_lvt_ss_typical_max_0p90v_125c 
BUF_X6M_A9TL               24   103.680 sc9_cln65lp_base_lvt_ss_typical_max_0p90v_125c 
BUF_X9M_A9TL                8    48.960 sc9_cln65lp_base_lvt_ss_typical_max_0p90v_125c 
CGENI_X1M_A9TL              8    23.040 sc9_cln65lp_base_lvt_ss_typical_max_0p90v_125c 
CGENI_X2M_A9TL             16    86.400 sc9_cln65lp_base_lvt_ss_typical_max_0p90v_125c 
CGEN_X1M_A9TL              23    82.800 sc9_cln65lp_base_lvt_ss_typical_max_0p90v_125c 
CGEN_X2M_A9TL               9    35.640 sc9_cln65lp_base_lvt_ss_typical_max_0p90v_125c 
DFFRPQ_X1M_A9TH             8    69.120 sc9_cln65lp_base_hvt_ss_typical_max_0p90v_125c 
DFFRPQ_X1M_A9TL           135  1166.400 sc9_cln65lp_base_lvt_ss_typical_max_0p90v_125c 
DFFRPQ_X3M_A9TL             8    74.880 sc9_cln65lp_base_lvt_ss_typical_max_0p90v_125c 
DLY2_X0P5M_A9TR             1     1.800 sc9_cln65lp_base_rvt_ss_typical_max_0p90v_125c 
INV_X0P5B_A9TH              1     1.080 sc9_cln65lp_base_hvt_ss_typical_max_0p90v_125c 
INV_X0P7M_A9TH              8     8.640 sc9_cln65lp_base_hvt_ss_typical_max_0p90v_125c 
INV_X0P8M_A9TL             16    17.280 sc9_cln65lp_base_lvt_ss_typical_max_0p90v_125c 
INV_X13M_A9TL               8    54.720 sc9_cln65lp_base_lvt_ss_typical_max_0p90v_125c 
INV_X1B_A9TL                1     1.080 sc9_cln65lp_base_lvt_ss_typical_max_0p90v_125c 
INV_X1M_A9TL              170   183.600 sc9_cln65lp_base_lvt_ss_typical_max_0p90v_125c 
INV_X1P4M_A9TL             32    46.080 sc9_cln65lp_base_lvt_ss_typical_max_0p90v_125c 
INV_X1P7B_A9TL              1     1.440 sc9_cln65lp_base_lvt_ss_typical_max_0p90v_125c 
INV_X2B_A9TL               16    23.040 sc9_cln65lp_base_lvt_ss_typical_max_0p90v_125c 
INV_X2B_A9TR                8    11.520 sc9_cln65lp_base_rvt_ss_typical_max_0p90v_125c 
INV_X2M_A9TL              226   325.440 sc9_cln65lp_base_lvt_ss_typical_max_0p90v_125c 
INV_X2M_A9TR               15    21.600 sc9_cln65lp_base_rvt_ss_typical_max_0p90v_125c 
INV_X3B_A9TL                3     6.480 sc9_cln65lp_base_lvt_ss_typical_max_0p90v_125c 
INV_X3M_A9TL               65   140.400 sc9_cln65lp_base_lvt_ss_typical_max_0p90v_125c 
INV_X4B_A9TL                9    22.680 sc9_cln65lp_base_lvt_ss_typical_max_0p90v_125c 
INV_X4M_A9TL              213   536.760 sc9_cln65lp_base_lvt_ss_typical_max_0p90v_125c 
INV_X5B_A9TL                9    25.920 sc9_cln65lp_base_lvt_ss_typical_max_0p90v_125c 
INV_X5M_A9TL               29    83.520 sc9_cln65lp_base_lvt_ss_typical_max_0p90v_125c 
INV_X6M_A9TL               15    54.000 sc9_cln65lp_base_lvt_ss_typical_max_0p90v_125c 
INV_X7P5M_A9TL             50   216.000 sc9_cln65lp_base_lvt_ss_typical_max_0p90v_125c 
INV_X9B_A9TL                1     4.680 sc9_cln65lp_base_lvt_ss_typical_max_0p90v_125c 
INV_X9M_A9TL                9    42.120 sc9_cln65lp_base_lvt_ss_typical_max_0p90v_125c 
MX2_X1B_A9TL                8    34.560 sc9_cln65lp_base_lvt_ss_typical_max_0p90v_125c 
MX2_X1P4B_A9TL              8    40.320 sc9_cln65lp_base_lvt_ss_typical_max_0p90v_125c 
MX2_X2M_A9TL                8    43.200 sc9_cln65lp_base_lvt_ss_typical_max_0p90v_125c 
MXIT2_X1P4M_A9TL            8    51.840 sc9_cln65lp_base_lvt_ss_typical_max_0p90v_125c 
MXIT2_X2M_A9TL              7    45.360 sc9_cln65lp_base_lvt_ss_typical_max_0p90v_125c 
MXIT2_X3M_A9TL            112   846.720 sc9_cln65lp_base_lvt_ss_typical_max_0p90v_125c 
MXIT2_X4M_A9TL             32   322.560 sc9_cln65lp_base_lvt_ss_typical_max_0p90v_125c 
MXT2_X0P7M_A9TL            16    57.600 sc9_cln65lp_base_lvt_ss_typical_max_0p90v_125c 
MXT2_X1P4M_A9TL             8    40.320 sc9_cln65lp_base_lvt_ss_typical_max_0p90v_125c 
MXT2_X3M_A9TL               8    66.240 sc9_cln65lp_base_lvt_ss_typical_max_0p90v_125c 
MXT2_X4M_A9TL               8    77.760 sc9_cln65lp_base_lvt_ss_typical_max_0p90v_125c 
MXT2_X6M_A9TL               8    83.520 sc9_cln65lp_base_lvt_ss_typical_max_0p90v_125c 
NAND2B_X1M_A9TL            43    92.880 sc9_cln65lp_base_lvt_ss_typical_max_0p90v_125c 
NAND2B_X2M_A9TL             8    23.040 sc9_cln65lp_base_lvt_ss_typical_max_0p90v_125c 
NAND2B_X2M_A9TR             1     2.880 sc9_cln65lp_base_rvt_ss_typical_max_0p90v_125c 
NAND2B_X4M_A9TL             8    37.440 sc9_cln65lp_base_lvt_ss_typical_max_0p90v_125c 
NAND2B_X6M_A9TL             9    61.560 sc9_cln65lp_base_lvt_ss_typical_max_0p90v_125c 
NAND2B_X8M_A9TL             7    60.480 sc9_cln65lp_base_lvt_ss_typical_max_0p90v_125c 
NAND2XB_X1M_A9TL           26    56.160 sc9_cln65lp_base_lvt_ss_typical_max_0p90v_125c 
NAND2XB_X2M_A9TL           63   181.440 sc9_cln65lp_base_lvt_ss_typical_max_0p90v_125c 
NAND2XB_X3M_A9TL           39   154.440 sc9_cln65lp_base_lvt_ss_typical_max_0p90v_125c 
NAND2XB_X4M_A9TL           41   191.880 sc9_cln65lp_base_lvt_ss_typical_max_0p90v_125c 
NAND2XB_X6M_A9TL           48   328.320 sc9_cln65lp_base_lvt_ss_typical_max_0p90v_125c 
NAND2XB_X8M_A9TL           25   216.000 sc9_cln65lp_base_lvt_ss_typical_max_0p90v_125c 
NAND2_X0P7A_A9TL            7    10.080 sc9_cln65lp_base_lvt_ss_typical_max_0p90v_125c 
NAND2_X0P7B_A9TL            8    11.520 sc9_cln65lp_base_lvt_ss_typical_max_0p90v_125c 
NAND2_X1A_A9TL             60    86.400 sc9_cln65lp_base_lvt_ss_typical_max_0p90v_125c 
NAND2_X1B_A9TL             22    31.680 sc9_cln65lp_base_lvt_ss_typical_max_0p90v_125c 
NAND2_X1M_A9TL             80   115.200 sc9_cln65lp_base_lvt_ss_typical_max_0p90v_125c 
NAND2_X1P4B_A9TL           15    37.800 sc9_cln65lp_base_lvt_ss_typical_max_0p90v_125c 
NAND2_X1P4M_A9TL           24    51.840 sc9_cln65lp_base_lvt_ss_typical_max_0p90v_125c 
NAND2_X2A_A9TL             63   158.760 sc9_cln65lp_base_lvt_ss_typical_max_0p90v_125c 
NAND2_X2B_A9TL              8    20.160 sc9_cln65lp_base_lvt_ss_typical_max_0p90v_125c 
NAND2_X2M_A9TL             26    65.520 sc9_cln65lp_base_lvt_ss_typical_max_0p90v_125c 
NAND2_X2M_A9TR             23    57.960 sc9_cln65lp_base_rvt_ss_typical_max_0p90v_125c 
NAND2_X3A_A9TL             49   176.400 sc9_cln65lp_base_lvt_ss_typical_max_0p90v_125c 
NAND2_X3B_A9TL             15    54.000 sc9_cln65lp_base_lvt_ss_typical_max_0p90v_125c 
NAND2_X3M_A9TL             16    57.600 sc9_cln65lp_base_lvt_ss_typical_max_0p90v_125c 
NAND2_X3M_A9TR              8    28.800 sc9_cln65lp_base_rvt_ss_typical_max_0p90v_125c 
NAND2_X4A_A9TL              7    30.240 sc9_cln65lp_base_lvt_ss_typical_max_0p90v_125c 
NAND2_X4B_A9TL              9    38.880 sc9_cln65lp_base_lvt_ss_typical_max_0p90v_125c 
NAND2_X4M_A9TL             55   217.800 sc9_cln65lp_base_lvt_ss_typical_max_0p90v_125c 
NAND2_X4M_A9TR              1     3.960 sc9_cln65lp_base_rvt_ss_typical_max_0p90v_125c 
NAND2_X6A_A9TL             16    97.920 sc9_cln65lp_base_lvt_ss_typical_max_0p90v_125c 
NAND2_X6B_A9TL              9    55.080 sc9_cln65lp_base_lvt_ss_typical_max_0p90v_125c 
NAND2_X6M_A9TL            102   624.240 sc9_cln65lp_base_lvt_ss_typical_max_0p90v_125c 
NAND2_X8A_A9TL             42   347.760 sc9_cln65lp_base_lvt_ss_typical_max_0p90v_125c 
NAND2_X8M_A9TL             39   294.840 sc9_cln65lp_base_lvt_ss_typical_max_0p90v_125c 
NAND3XXB_X1M_A9TL           8    20.160 sc9_cln65lp_base_lvt_ss_typical_max_0p90v_125c 
NAND3XXB_X2M_A9TL           7    27.720 sc9_cln65lp_base_lvt_ss_typical_max_0p90v_125c 
NAND3XXB_X3M_A9TL           1     5.040 sc9_cln65lp_base_lvt_ss_typical_max_0p90v_125c 
NAND3XXB_X4M_A9TL          23   140.760 sc9_cln65lp_base_lvt_ss_typical_max_0p90v_125c 
NAND3XXB_X4M_A9TR           1     6.120 sc9_cln65lp_base_rvt_ss_typical_max_0p90v_125c 
NAND3XXB_X6M_A9TL          56   504.000 sc9_cln65lp_base_lvt_ss_typical_max_0p90v_125c 
NAND3_X4M_A9TL             24   138.240 sc9_cln65lp_base_lvt_ss_typical_max_0p90v_125c 
NAND3_X6M_A9TL              8    69.120 sc9_cln65lp_base_lvt_ss_typical_max_0p90v_125c 
NAND4XXXB_X4M_A9TL          8    60.480 sc9_cln65lp_base_lvt_ss_typical_max_0p90v_125c 
NAND4_X1A_A9TL              8    20.160 sc9_cln65lp_base_lvt_ss_typical_max_0p90v_125c 
NOR2B_X1M_A9TL             10    21.600 sc9_cln65lp_base_lvt_ss_typical_max_0p90v_125c 
NOR2B_X3M_A9TL              9    32.400 sc9_cln65lp_base_lvt_ss_typical_max_0p90v_125c 
NOR2XB_X1M_A9TL             8    17.280 sc9_cln65lp_base_lvt_ss_typical_max_0p90v_125c 
NOR2XB_X2M_A9TL            16    46.080 sc9_cln65lp_base_lvt_ss_typical_max_0p90v_125c 
NOR2XB_X3M_A9TL            32   115.200 sc9_cln65lp_base_lvt_ss_typical_max_0p90v_125c 
NOR2XB_X4M_A9TL             8    34.560 sc9_cln65lp_base_lvt_ss_typical_max_0p90v_125c 
NOR2XB_X6M_A9TL            23   149.040 sc9_cln65lp_base_lvt_ss_typical_max_0p90v_125c 
NOR2XB_X8M_A9TL            41   339.480 sc9_cln65lp_base_lvt_ss_typical_max_0p90v_125c 
NOR2_X1A_A9TL              32    46.080 sc9_cln65lp_base_lvt_ss_typical_max_0p90v_125c 
NOR2_X1B_A9TL              54    77.760 sc9_cln65lp_base_lvt_ss_typical_max_0p90v_125c 
NOR2_X1M_A9TL              18    25.920 sc9_cln65lp_base_lvt_ss_typical_max_0p90v_125c 
NOR2_X1P4A_A9TL            23    49.680 sc9_cln65lp_base_lvt_ss_typical_max_0p90v_125c 
NOR2_X1P4B_A9TL             1     2.160 sc9_cln65lp_base_lvt_ss_typical_max_0p90v_125c 
NOR2_X1P4M_A9TR             8    17.280 sc9_cln65lp_base_rvt_ss_typical_max_0p90v_125c 
NOR2_X2A_A9TL              23    57.960 sc9_cln65lp_base_lvt_ss_typical_max_0p90v_125c 
NOR2_X2B_A9TL              15    37.800 sc9_cln65lp_base_lvt_ss_typical_max_0p90v_125c 
NOR2_X2M_A9TL               7    17.640 sc9_cln65lp_base_lvt_ss_typical_max_0p90v_125c 
NOR2_X3A_A9TL              32   103.680 sc9_cln65lp_base_lvt_ss_typical_max_0p90v_125c 
NOR2_X3B_A9TL               9    29.160 sc9_cln65lp_base_lvt_ss_typical_max_0p90v_125c 
NOR2_X3B_A9TR               9    29.160 sc9_cln65lp_base_rvt_ss_typical_max_0p90v_125c 
NOR2_X3M_A9TL              16    51.840 sc9_cln65lp_base_lvt_ss_typical_max_0p90v_125c 
NOR2_X4A_A9TL              16    63.360 sc9_cln65lp_base_lvt_ss_typical_max_0p90v_125c 
NOR2_X4B_A9TL              16    63.360 sc9_cln65lp_base_lvt_ss_typical_max_0p90v_125c 
NOR2_X4M_A9TL              23    91.080 sc9_cln65lp_base_lvt_ss_typical_max_0p90v_125c 
NOR2_X4M_A9TR               1     3.960 sc9_cln65lp_base_rvt_ss_typical_max_0p90v_125c 
NOR2_X6A_A9TL               8    48.960 sc9_cln65lp_base_lvt_ss_typical_max_0p90v_125c 
NOR2_X8A_A9TL              18   136.080 sc9_cln65lp_base_lvt_ss_typical_max_0p90v_125c 
NOR2_X8B_A9TL              16   120.960 sc9_cln65lp_base_lvt_ss_typical_max_0p90v_125c 
NOR2_X8M_A9TL              23   173.880 sc9_cln65lp_base_lvt_ss_typical_max_0p90v_125c 
OA21_X1M_A9TL              32    92.160 sc9_cln65lp_base_lvt_ss_typical_max_0p90v_125c 
OAI211_X3M_A9TL            16    97.920 sc9_cln65lp_base_lvt_ss_typical_max_0p90v_125c 
OAI21B_X1P4M_A9TL           8    28.800 sc9_cln65lp_base_lvt_ss_typical_max_0p90v_125c 
OAI21_X1M_A9TL             16    34.560 sc9_cln65lp_base_lvt_ss_typical_max_0p90v_125c 
OAI21_X1P4M_A9TL           16    51.840 sc9_cln65lp_base_lvt_ss_typical_max_0p90v_125c 
OAI21_X2M_A9TL              8    28.800 sc9_cln65lp_base_lvt_ss_typical_max_0p90v_125c 
OAI21_X3M_A9TL              8    37.440 sc9_cln65lp_base_lvt_ss_typical_max_0p90v_125c 
OAI21_X6M_A9TL              1     8.280 sc9_cln65lp_base_lvt_ss_typical_max_0p90v_125c 
OAI21_X8M_A9TL             31   345.960 sc9_cln65lp_base_lvt_ss_typical_max_0p90v_125c 
OAI22_X0P5M_A9TL           32    80.640 sc9_cln65lp_base_lvt_ss_typical_max_0p90v_125c 
OAI2XB1_X0P5M_A9TL         32    80.640 sc9_cln65lp_base_lvt_ss_typical_max_0p90v_125c 
OAI2XB1_X1P4M_A9TL          8    28.800 sc9_cln65lp_base_lvt_ss_typical_max_0p90v_125c 
OAI2XB1_X2M_A9TL            8    34.560 sc9_cln65lp_base_lvt_ss_typical_max_0p90v_125c 
OAI2XB1_X4M_A9TL           16   120.960 sc9_cln65lp_base_lvt_ss_typical_max_0p90v_125c 
OAI2XB1_X6M_A9TL           17   159.120 sc9_cln65lp_base_lvt_ss_typical_max_0p90v_125c 
OAI2XB1_X8M_A9TL           15   194.400 sc9_cln65lp_base_lvt_ss_typical_max_0p90v_125c 
OAI31_X2M_A9TL              8    34.560 sc9_cln65lp_base_lvt_ss_typical_max_0p90v_125c 
OR2_X0P5M_A9TL             24    43.200 sc9_cln65lp_base_lvt_ss_typical_max_0p90v_125c 
OR2_X11M_A9TL               8   100.800 sc9_cln65lp_base_lvt_ss_typical_max_0p90v_125c 
OR2_X1P4M_A9TL             17    42.840 sc9_cln65lp_base_lvt_ss_typical_max_0p90v_125c 
OR2_X2M_A9TL               25    81.000 sc9_cln65lp_base_lvt_ss_typical_max_0p90v_125c 
OR2_X2M_A9TR                7    22.680 sc9_cln65lp_base_rvt_ss_typical_max_0p90v_125c 
OR2_X3M_A9TL                8    28.800 sc9_cln65lp_base_lvt_ss_typical_max_0p90v_125c 
OR2_X4M_A9TL               16    80.640 sc9_cln65lp_base_lvt_ss_typical_max_0p90v_125c 
OR2_X6M_A9TL                9    61.560 sc9_cln65lp_base_lvt_ss_typical_max_0p90v_125c 
PREICG_X0P5B_A9TR           1     6.480 sc9_cln65lp_base_rvt_ss_typical_max_0p90v_125c 
SDFFRPQ_X1M_A9TL           96  1002.240 sc9_cln65lp_base_lvt_ss_typical_max_0p90v_125c 
SDFFRPQ_X2M_A9TL           16   178.560 sc9_cln65lp_base_lvt_ss_typical_max_0p90v_125c 
SDFFRPQ_X4M_A9TL            8   103.680 sc9_cln65lp_base_lvt_ss_typical_max_0p90v_125c 
XNOR2_X0P7M_A9TL           16    51.840 sc9_cln65lp_base_lvt_ss_typical_max_0p90v_125c 
XNOR2_X2M_A9TL             16    97.920 sc9_cln65lp_base_lvt_ss_typical_max_0p90v_125c 
XNOR2_X3M_A9TL             24   190.080 sc9_cln65lp_base_lvt_ss_typical_max_0p90v_125c 
XNOR2_X4M_A9TL             16   161.280 sc9_cln65lp_base_lvt_ss_typical_max_0p90v_125c 
XNOR3_X0P5M_A9TL            8    48.960 sc9_cln65lp_base_lvt_ss_typical_max_0p90v_125c 
XNOR3_X1M_A9TL             24   155.520 sc9_cln65lp_base_lvt_ss_typical_max_0p90v_125c 
XNOR3_X3M_A9TL              8   112.320 sc9_cln65lp_base_lvt_ss_typical_max_0p90v_125c 
XNOR3_X4M_A9TL              8   146.880 sc9_cln65lp_base_lvt_ss_typical_max_0p90v_125c 
XOR2_X0P7M_A9TL             8    25.920 sc9_cln65lp_base_lvt_ss_typical_max_0p90v_125c 
XOR2_X3M_A9TL              34   269.280 sc9_cln65lp_base_lvt_ss_typical_max_0p90v_125c 
XOR2_X4M_A9TL              15   151.200 sc9_cln65lp_base_lvt_ss_typical_max_0p90v_125c 
XOR3_X2M_A9TL               1    12.240 sc9_cln65lp_base_lvt_ss_typical_max_0p90v_125c 
XOR3_X3M_A9TL               7    98.280 sc9_cln65lp_base_lvt_ss_typical_max_0p90v_125c 
XOR3_X4M_A9TL               8   146.880 sc9_cln65lp_base_lvt_ss_typical_max_0p90v_125c 
---------------------------------------------------------------------------------------
total                    4898 22507.560                                                
                                                                               
                    Library                    Instances    Area   Instances % 
-------------------------------------------------------------------------------
sc9_cln65lp_base_hvt_ss_typical_max_0p90v_125c        24    93.960         0.5 
sc9_cln65lp_base_lvt_ss_typical_max_0p90v_125c      4678 21817.440        95.5 
sc9_cln65lp_base_rvt_ss_typical_max_0p90v_125c       196   596.160         4.0 
                                                        
            Type             Instances    Area   Area % 
--------------------------------------------------------
sequential                         495  4207.680   18.7 
inverter                           905  1828.080    8.1 
buffer                             294   821.520    3.6 
clock_gating_integrated_cell         1     6.480    0.0 
unresolved                           1     0.000    0.0 
logic                             3203 15643.800   69.5 
physical_cells                       0     0.000    0.0 
--------------------------------------------------------
total                             4899 22507.560  100.0 
