============================================================
  Generated by:           Genus(TM) Synthesis Solution 25.12-s067_1
  Generated on:           Sep 24 2026  06:47:29 pm
  Module:                 tr_gelu
  Operating conditions:   ss_typical_max_0p90v_125c (balanced_tree)
  Wireload mode:          top
  Area mode:              timing library
============================================================

     Instance                          Module                      Cell-Count  Cell-Area  Net-Area   Total-Area  Wireload  
---------------------------------------------------------------------------------------------------------------------------
tr_gelu            NA                                                    5031  23389.560     0.000    23389.560 Small (D)  
  gen_exp[0].u_exp tr_exp_alu_WIDTH8_FRAC_W4_LUT_IDX_W3_ITER2              23     56.160     0.000       56.160 Small (T)  
    u_quad         quadratic_divider_WIDTH8_FRAC_W4                         7     14.040     0.000       14.040 Small (T)  
    u_round        round_WIDTH8_FRAC_W4_LUT_IDX_W3                         10     21.600     0.000       21.600 Small (T)  
  gen_exp[1].u_exp tr_exp_alu_WIDTH8_FRAC_W4_LUT_IDX_W3_ITER2_273          23     56.160     0.000       56.160 Small (T)  
    u_quad         quadratic_divider_WIDTH8_FRAC_W4_1454                    7     14.040     0.000       14.040 Small (T)  
    u_round        round_WIDTH8_FRAC_W4_LUT_IDX_W3_266                     10     21.600     0.000       21.600 Small (T)  
  gen_exp[2].u_exp tr_exp_alu_WIDTH8_FRAC_W4_LUT_IDX_W3_ITER2_272          23     56.160     0.000       56.160 Small (T)  
    u_quad         quadratic_divider_WIDTH8_FRAC_W4_1453                    7     14.040     0.000       14.040 Small (T)  
    u_round        round_WIDTH8_FRAC_W4_LUT_IDX_W3_265                     10     21.600     0.000       21.600 Small (T)  
  gen_exp[3].u_exp tr_exp_alu_WIDTH8_FRAC_W4_LUT_IDX_W3_ITER2_271          23     56.160     0.000       56.160 Small (T)  
    u_quad         quadratic_divider_WIDTH8_FRAC_W4_1452                    7     14.040     0.000       14.040 Small (T)  
    u_round        round_WIDTH8_FRAC_W4_LUT_IDX_W3_264                     10     21.600     0.000       21.600 Small (T)  
  gen_exp[4].u_exp tr_exp_alu_WIDTH8_FRAC_W4_LUT_IDX_W3_ITER2_270          23     56.160     0.000       56.160 Small (T)  
    u_quad         quadratic_divider_WIDTH8_FRAC_W4_1451                    7     14.040     0.000       14.040 Small (T)  
    u_round        round_WIDTH8_FRAC_W4_LUT_IDX_W3_263                     10     21.600     0.000       21.600 Small (T)  
  gen_exp[5].u_exp tr_exp_alu_WIDTH8_FRAC_W4_LUT_IDX_W3_ITER2_269          23     56.160     0.000       56.160 Small (T)  
    u_quad         quadratic_divider_WIDTH8_FRAC_W4_1450                    7     14.040     0.000       14.040 Small (T)  
    u_round        round_WIDTH8_FRAC_W4_LUT_IDX_W3_262                     10     21.600     0.000       21.600 Small (T)  
  gen_exp[6].u_exp tr_exp_alu_WIDTH8_FRAC_W4_LUT_IDX_W3_ITER2_268          23     56.160     0.000       56.160 Small (T)  
    u_quad         quadratic_divider_WIDTH8_FRAC_W4_1449                    7     14.040     0.000       14.040 Small (T)  
    u_round        round_WIDTH8_FRAC_W4_LUT_IDX_W3_261                     10     21.600     0.000       21.600 Small (T)  
  gen_exp[7].u_exp tr_exp_alu_WIDTH8_FRAC_W4_LUT_IDX_W3_ITER2_267          23     56.160     0.000       56.160 Small (T)  
    u_quad         quadratic_divider_WIDTH8_FRAC_W4_1448                    7     14.040     0.000       14.040 Small (T)  
    u_round        round_WIDTH8_FRAC_W4_LUT_IDX_W3_260                     10     21.600     0.000       21.600 Small (T)  
  gen_ln[0].u_ln   tr_ln_alu_WIDTH12_BITS8_OUT_WIDTH12                    239   1184.400     0.000     1184.400 Small (T)  
  gen_ln[1].u_ln   tr_ln_alu_WIDTH12_BITS8_OUT_WIDTH12_280                226   1109.160     0.000     1109.160 Small (T)  
  gen_ln[2].u_ln   tr_ln_alu_WIDTH12_BITS8_OUT_WIDTH12_279                231   1097.280     0.000     1097.280 Small (T)  
  gen_ln[3].u_ln   tr_ln_alu_WIDTH12_BITS8_OUT_WIDTH12_278                223   1123.920     0.000     1123.920 Small (T)  
  gen_ln[4].u_ln   tr_ln_alu_WIDTH12_BITS8_OUT_WIDTH12_277                238   1143.720     0.000     1143.720 Small (T)  
  gen_ln[5].u_ln   tr_ln_alu_WIDTH12_BITS8_OUT_WIDTH12_276                225   1158.480     0.000     1158.480 Small (T)  
  gen_ln[6].u_ln   tr_ln_alu_WIDTH12_BITS8_OUT_WIDTH12_275                228   1129.320     0.000     1129.320 Small (T)  
  gen_ln[7].u_ln   tr_ln_alu_WIDTH12_BITS8_OUT_WIDTH12_274                223   1134.360     0.000     1134.360 Small (T)  
  u_alpha          alpha_stabilizer_N8_W8                                1512   5822.280     0.000     5822.280 Small (T)  
  u_lut            shared_lut_rom_N8                                       64    116.640     0.000      116.640 Small (T)  
  u_post_ln        post_ln_modifier_N8_W8                                 200    860.760     0.000      860.760 Small (T)  
  u_pre_ln         pre_ln_modifier_N8_WIDTH_IN8_FRAC_W4                   138    733.680     0.000      733.680 Small (T)  
  u_sym            symmetry_modifier_N8_WIDTH_X8_WIDTH_Y8_FRAC_W4         168    299.520     0.000      299.520 Small (T)  
  (D) = wireload is default in technology library
  (T) = wireload mode is 'top'
