============================================================
  Generated by:           Genus(TM) Synthesis Solution 25.12-s067_1
  Generated on:           Sep 19 2026  11:00:34 am
  Module:                 tr_gelu
  Operating conditions:   ss_typical_max_0p90v_125c (balanced_tree)
  Wireload mode:          top
  Area mode:              timing library
============================================================

Max_transition design rule (violation total = 708)
Pin                                                               Slew           Max     Violation
----------------------------------------------------------------------------------------------------
u_alpha/g6847/A1                                                   386           350            36
  --> Other violations on net                                              36
u_alpha/g6850/Y                                                    386           350            36
  --> Other violations on net                                              36
u_alpha/g6675/A1                                                   386           350            36
  --> Other violations on net                                              36
u_alpha/g6678/Y                                                    386           350            36
  --> Other violations on net                                              36
u_alpha/g6589/A1                                                   386           350            36
  --> Other violations on net                                              36
u_alpha/g6592/Y                                                    386           350            36
  --> Other violations on net                                              36
u_alpha/g6503/A1                                                   386           350            36
  --> Other violations on net                                              36
u_alpha/g6506/Y                                                    386           350            36
  --> Other violations on net                                              36
u_alpha/g6416/A1                                                   386           350            36
  --> Other violations on net                                              36
u_alpha/g6419/Y                                                    386           350            36
  --> Other violations on net                                              36
u_alpha/g6933/A1                                                   386           350            36
  --> Other violations on net                                              36
u_alpha/g6936/Y                                                    386           350            36
  --> Other violations on net                                              36
u_alpha/g6761/A1                                                   386           350            36
  --> Other violations on net                                              36
u_alpha/g6764/Y                                                    386           350            36
  --> Other violations on net                                              36
gen_ln[0].u_ln/csa_tree_add_71_55_groupi_g943__5526/A              365           350            15
  --> Other violations on net                                              15
gen_ln[0].u_ln/csa_tree_add_71_55_groupi_g912__6131/Y              365           350            15
  --> Other violations on net                                              15
gen_ln[6].u_ln/csa_tree_add_71_55_groupi_g943/A                    365           350            15
  --> Other violations on net                                              15
gen_ln[6].u_ln/csa_tree_add_71_55_groupi_g912/Y                    365           350            15
  --> Other violations on net                                              15
gen_ln[5].u_ln/csa_tree_add_71_55_groupi_g943/A                    365           350            15
  --> Other violations on net                                              15
gen_ln[5].u_ln/csa_tree_add_71_55_groupi_g912/Y                    365           350            15
  --> Other violations on net                                              15
gen_ln[4].u_ln/csa_tree_add_71_55_groupi_g943__5107/A              365           350            15
  --> Other violations on net                                              15
gen_ln[4].u_ln/csa_tree_add_71_55_groupi_g912__1705/Y              365           350            15
  --> Other violations on net                                              15
gen_ln[3].u_ln/csa_tree_add_71_55_groupi_g943__2346/A              365           350            15
  --> Other violations on net                                              15
gen_ln[3].u_ln/csa_tree_add_71_55_groupi_g912__8428/Y              365           350            15
  --> Other violations on net                                              15
gen_ln[2].u_ln/csa_tree_add_71_55_groupi_g943__7482/A              365           350            15
  --> Other violations on net                                              15
gen_ln[2].u_ln/csa_tree_add_71_55_groupi_g912__6417/Y              365           350            15
  --> Other violations on net                                              15
gen_ln[1].u_ln/csa_tree_add_71_55_groupi_g943__5122/A              365           350            15
  --> Other violations on net                                              15
gen_ln[1].u_ln/csa_tree_add_71_55_groupi_g912__9315/Y              365           350            15
  --> Other violations on net                                              15
s1_exp_in_reg[4][3]/SE                                             350           350             0
  --> Other violations on net                                              1
s1_exp_in_reg[1][3]/SE                                             350           350             0
  --> Other violations on net                                              1
s1_exp_in_reg[4][4]/SE                                             350           350             0
  --> Other violations on net                                              1
s1_exp_in_reg[0][2]/SE                                             350           350             0
  --> Other violations on net                                              1
s1_exp_in_reg[3][4]/SE                                             350           350             0
  --> Other violations on net                                              1
s1_exp_in_reg[5][2]/SE                                             350           350             0
  --> Other violations on net                                              1
s1_exp_in_reg[6][2]/SE                                             350           350             0
  --> Other violations on net                                              1
s1_exp_in_reg[4][2]/SE                                             350           350             0
  --> Other violations on net                                              1
s1_exp_in_reg[1][2]/SE                                             350           350             0
  --> Other violations on net                                              1
s1_exp_in_reg[2][4]/SE                                             350           350             0
  --> Other violations on net                                              1
s1_exp_in_reg[0][4]/SE                                             350           350             0
  --> Other violations on net                                              1
s1_exp_in_reg[6][3]/SE                                             350           350             0
  --> Other violations on net                                              1
s1_exp_in_reg[3][3]/SE                                             350           350             0
  --> Other violations on net                                              1
drc_bufs3647/Y                                                     350           350             0
  --> Other violations on net                                              1


Max_capacitance design rule: no violations.


Max_fanout design rule (violation total = 15.000)
Pin                                            Fanout           Max     Violation
-----------------------------------------------------------------------------------
g3097/Y                                        17.000        16.000         1.000
g3097/Y                                        17.000        16.000         1.000
g3097/Y                                        17.000        16.000         1.000
g3097/Y                                        17.000        16.000         1.000
g3097/Y                                        17.000        16.000         1.000
g3097/Y                                        17.000        16.000         1.000
g3097/Y                                        17.000        16.000         1.000
g3097/Y                                        17.000        16.000         1.000
g3097/Y                                        17.000        16.000         1.000
g3097/Y                                        17.000        16.000         1.000
g3097/Y                                        17.000        16.000         1.000
g3097/Y                                        17.000        16.000         1.000
g3097/Y                                        17.000        16.000         1.000
g3097/Y                                        17.000        16.000         1.000
g3097/Y                                        17.000        16.000         1.000
g3097/Y                                        17.000        16.000         1.000
g3097/Y                                        17.000        16.000         1.000
g3097/Y                                        17.000        16.000         1.000
g3091/Y                                        17.000        16.000         1.000
g3091/Y                                        17.000        16.000         1.000
g3091/Y                                        17.000        16.000         1.000
g3091/Y                                        17.000        16.000         1.000
g3091/Y                                        17.000        16.000         1.000
g3091/Y                                        17.000        16.000         1.000
g3091/Y                                        17.000        16.000         1.000
g3091/Y                                        17.000        16.000         1.000
g3091/Y                                        17.000        16.000         1.000
g3091/Y                                        17.000        16.000         1.000
g3091/Y                                        17.000        16.000         1.000
g3091/Y                                        17.000        16.000         1.000
g3091/Y                                        17.000        16.000         1.000
g3091/Y                                        17.000        16.000         1.000
g3091/Y                                        17.000        16.000         1.000
g3091/Y                                        17.000        16.000         1.000
g3091/Y                                        17.000        16.000         1.000
g3091/Y                                        17.000        16.000         1.000
g2967/Y                                        17.000        16.000         1.000
g2967/Y                                        17.000        16.000         1.000
g2967/Y                                        17.000        16.000         1.000
g2967/Y                                        17.000        16.000         1.000
g2967/Y                                        17.000        16.000         1.000
g2967/Y                                        17.000        16.000         1.000
g2967/Y                                        17.000        16.000         1.000
g2967/Y                                        17.000        16.000         1.000
g2967/Y                                        17.000        16.000         1.000
g2967/Y                                        17.000        16.000         1.000
g2967/Y                                        17.000        16.000         1.000
g2967/Y                                        17.000        16.000         1.000
g2967/Y                                        17.000        16.000         1.000
g2967/Y                                        17.000        16.000         1.000
g2967/Y                                        17.000        16.000         1.000
g2967/Y                                        17.000        16.000         1.000
g2967/Y                                        17.000        16.000         1.000
g2967/Y                                        17.000        16.000         1.000
g3021/Y                                        17.000        16.000         1.000
g3021/Y                                        17.000        16.000         1.000
g3021/Y                                        17.000        16.000         1.000
g3021/Y                                        17.000        16.000         1.000
g3021/Y                                        17.000        16.000         1.000
g3021/Y                                        17.000        16.000         1.000
g3021/Y                                        17.000        16.000         1.000
g3021/Y                                        17.000        16.000         1.000
g3021/Y                                        17.000        16.000         1.000
g3021/Y                                        17.000        16.000         1.000
g3021/Y                                        17.000        16.000         1.000
g3021/Y                                        17.000        16.000         1.000
g3021/Y                                        17.000        16.000         1.000
g3021/Y                                        17.000        16.000         1.000
g3021/Y                                        17.000        16.000         1.000
g3021/Y                                        17.000        16.000         1.000
g3021/Y                                        17.000        16.000         1.000
g3021/Y                                        17.000        16.000         1.000
g2952/Y                                        17.000        16.000         1.000
g2952/Y                                        17.000        16.000         1.000
g2952/Y                                        17.000        16.000         1.000
g2952/Y                                        17.000        16.000         1.000
g2952/Y                                        17.000        16.000         1.000
g2952/Y                                        17.000        16.000         1.000
g2952/Y                                        17.000        16.000         1.000
g2952/Y                                        17.000        16.000         1.000
g2952/Y                                        17.000        16.000         1.000
g2952/Y                                        17.000        16.000         1.000
g2952/Y                                        17.000        16.000         1.000
g2952/Y                                        17.000        16.000         1.000
g2952/Y                                        17.000        16.000         1.000
g2952/Y                                        17.000        16.000         1.000
g2952/Y                                        17.000        16.000         1.000
g2952/Y                                        17.000        16.000         1.000
g2952/Y                                        17.000        16.000         1.000
g2952/Y                                        17.000        16.000         1.000
g3103/Y                                        17.000        16.000         1.000
g3103/Y                                        17.000        16.000         1.000
g3103/Y                                        17.000        16.000         1.000
g3103/Y                                        17.000        16.000         1.000
g3103/Y                                        17.000        16.000         1.000
g3103/Y                                        17.000        16.000         1.000
g3103/Y                                        17.000        16.000         1.000
g3103/Y                                        17.000        16.000         1.000
g3103/Y                                        17.000        16.000         1.000
g3103/Y                                        17.000        16.000         1.000
g3103/Y                                        17.000        16.000         1.000
g3103/Y                                        17.000        16.000         1.000
g3103/Y                                        17.000        16.000         1.000
g3103/Y                                        17.000        16.000         1.000
g3103/Y                                        17.000        16.000         1.000
g3103/Y                                        17.000        16.000         1.000
g3103/Y                                        17.000        16.000         1.000
g3103/Y                                        17.000        16.000         1.000
g3006/Y                                        17.000        16.000         1.000
g3006/Y                                        17.000        16.000         1.000
g3006/Y                                        17.000        16.000         1.000
g3006/Y                                        17.000        16.000         1.000
g3006/Y                                        17.000        16.000         1.000
g3006/Y                                        17.000        16.000         1.000
g3006/Y                                        17.000        16.000         1.000
g3006/Y                                        17.000        16.000         1.000
g3006/Y                                        17.000        16.000         1.000
g3006/Y                                        17.000        16.000         1.000
g3006/Y                                        17.000        16.000         1.000
g3006/Y                                        17.000        16.000         1.000
g3006/Y                                        17.000        16.000         1.000
g3006/Y                                        17.000        16.000         1.000
g3006/Y                                        17.000        16.000         1.000
g3006/Y                                        17.000        16.000         1.000
g3006/Y                                        17.000        16.000         1.000
g3006/Y                                        17.000        16.000         1.000
g3064/Y                                        17.000        16.000         1.000
g3064/Y                                        17.000        16.000         1.000
g3064/Y                                        17.000        16.000         1.000
g3064/Y                                        17.000        16.000         1.000
g3064/Y                                        17.000        16.000         1.000
g3064/Y                                        17.000        16.000         1.000
g3064/Y                                        17.000        16.000         1.000
g3064/Y                                        17.000        16.000         1.000
g3064/Y                                        17.000        16.000         1.000
g3064/Y                                        17.000        16.000         1.000
g3064/Y                                        17.000        16.000         1.000
g3064/Y                                        17.000        16.000         1.000
g3064/Y                                        17.000        16.000         1.000
g3064/Y                                        17.000        16.000         1.000
g3064/Y                                        17.000        16.000         1.000
g3064/Y                                        17.000        16.000         1.000
g3064/Y                                        17.000        16.000         1.000
g3064/Y                                        17.000        16.000         1.000
g3055/Y                                        17.000        16.000         1.000
g3055/Y                                        17.000        16.000         1.000
g3055/Y                                        17.000        16.000         1.000
g3055/Y                                        17.000        16.000         1.000
g3055/Y                                        17.000        16.000         1.000
g3055/Y                                        17.000        16.000         1.000
g3055/Y                                        17.000        16.000         1.000
g3055/Y                                        17.000        16.000         1.000
g3055/Y                                        17.000        16.000         1.000
g3055/Y                                        17.000        16.000         1.000
g3055/Y                                        17.000        16.000         1.000
g3055/Y                                        17.000        16.000         1.000
g3055/Y                                        17.000        16.000         1.000
g3055/Y                                        17.000        16.000         1.000
g3055/Y                                        17.000        16.000         1.000
g3055/Y                                        17.000        16.000         1.000
g3055/Y                                        17.000        16.000         1.000
g3055/Y                                        17.000        16.000         1.000
g3043/Y                                        17.000        16.000         1.000
g3043/Y                                        17.000        16.000         1.000
g3043/Y                                        17.000        16.000         1.000
g3043/Y                                        17.000        16.000         1.000
g3043/Y                                        17.000        16.000         1.000
g3043/Y                                        17.000        16.000         1.000
g3043/Y                                        17.000        16.000         1.000
g3043/Y                                        17.000        16.000         1.000
g3043/Y                                        17.000        16.000         1.000
g3043/Y                                        17.000        16.000         1.000
g3043/Y                                        17.000        16.000         1.000
g3043/Y                                        17.000        16.000         1.000
g3043/Y                                        17.000        16.000         1.000
g3043/Y                                        17.000        16.000         1.000
g3043/Y                                        17.000        16.000         1.000
g3043/Y                                        17.000        16.000         1.000
g3043/Y                                        17.000        16.000         1.000
g3043/Y                                        17.000        16.000         1.000
g2958/Y                                        17.000        16.000         1.000
g2958/Y                                        17.000        16.000         1.000
g2958/Y                                        17.000        16.000         1.000
g2958/Y                                        17.000        16.000         1.000
g2958/Y                                        17.000        16.000         1.000
g2958/Y                                        17.000        16.000         1.000
g2958/Y                                        17.000        16.000         1.000
g2958/Y                                        17.000        16.000         1.000
g2958/Y                                        17.000        16.000         1.000
g2958/Y                                        17.000        16.000         1.000
g2958/Y                                        17.000        16.000         1.000
g2958/Y                                        17.000        16.000         1.000
g2958/Y                                        17.000        16.000         1.000
g2958/Y                                        17.000        16.000         1.000
g2958/Y                                        17.000        16.000         1.000
g2958/Y                                        17.000        16.000         1.000
g2958/Y                                        17.000        16.000         1.000
g2958/Y                                        17.000        16.000         1.000
g3079/Y                                        17.000        16.000         1.000
g3079/Y                                        17.000        16.000         1.000
g3079/Y                                        17.000        16.000         1.000
g3079/Y                                        17.000        16.000         1.000
g3079/Y                                        17.000        16.000         1.000
g3079/Y                                        17.000        16.000         1.000
g3079/Y                                        17.000        16.000         1.000
g3079/Y                                        17.000        16.000         1.000
g3079/Y                                        17.000        16.000         1.000
g3079/Y                                        17.000        16.000         1.000
g3079/Y                                        17.000        16.000         1.000
g3079/Y                                        17.000        16.000         1.000
g3079/Y                                        17.000        16.000         1.000
g3079/Y                                        17.000        16.000         1.000
g3079/Y                                        17.000        16.000         1.000
g3079/Y                                        17.000        16.000         1.000
g3079/Y                                        17.000        16.000         1.000
g3079/Y                                        17.000        16.000         1.000
g2982/Y                                        17.000        16.000         1.000
g2982/Y                                        17.000        16.000         1.000
g2982/Y                                        17.000        16.000         1.000
g2982/Y                                        17.000        16.000         1.000
g2982/Y                                        17.000        16.000         1.000
g2982/Y                                        17.000        16.000         1.000
g2982/Y                                        17.000        16.000         1.000
g2982/Y                                        17.000        16.000         1.000
g2982/Y                                        17.000        16.000         1.000
g2982/Y                                        17.000        16.000         1.000
g2982/Y                                        17.000        16.000         1.000
g2982/Y                                        17.000        16.000         1.000
g2982/Y                                        17.000        16.000         1.000
g2982/Y                                        17.000        16.000         1.000
g2982/Y                                        17.000        16.000         1.000
g2982/Y                                        17.000        16.000         1.000
g2982/Y                                        17.000        16.000         1.000
g2982/Y                                        17.000        16.000         1.000
g3115/Y                                        17.000        16.000         1.000
g3115/Y                                        17.000        16.000         1.000
g3115/Y                                        17.000        16.000         1.000
g3115/Y                                        17.000        16.000         1.000
g3115/Y                                        17.000        16.000         1.000
g3115/Y                                        17.000        16.000         1.000
g3115/Y                                        17.000        16.000         1.000
g3115/Y                                        17.000        16.000         1.000
g3115/Y                                        17.000        16.000         1.000
g3115/Y                                        17.000        16.000         1.000
g3115/Y                                        17.000        16.000         1.000
g3115/Y                                        17.000        16.000         1.000
g3115/Y                                        17.000        16.000         1.000
g3115/Y                                        17.000        16.000         1.000
g3115/Y                                        17.000        16.000         1.000
g3115/Y                                        17.000        16.000         1.000
g3115/Y                                        17.000        16.000         1.000
g3115/Y                                        17.000        16.000         1.000
g2988/Y                                        17.000        16.000         1.000
g2988/Y                                        17.000        16.000         1.000
g2988/Y                                        17.000        16.000         1.000
g2988/Y                                        17.000        16.000         1.000
g2988/Y                                        17.000        16.000         1.000
g2988/Y                                        17.000        16.000         1.000
g2988/Y                                        17.000        16.000         1.000
g2988/Y                                        17.000        16.000         1.000
g2988/Y                                        17.000        16.000         1.000
g2988/Y                                        17.000        16.000         1.000
g2988/Y                                        17.000        16.000         1.000
g2988/Y                                        17.000        16.000         1.000
g2988/Y                                        17.000        16.000         1.000
g2988/Y                                        17.000        16.000         1.000
g2988/Y                                        17.000        16.000         1.000
g2988/Y                                        17.000        16.000         1.000
g2988/Y                                        17.000        16.000         1.000
g2988/Y                                        17.000        16.000         1.000



