============================================================
  Generated by:           Genus(TM) Synthesis Solution 25.12-s067_1
  Generated on:           Sep 24 2026  06:47:29 pm
  Module:                 tr_gelu
  Operating conditions:   ss_typical_max_0p90v_125c (balanced_tree)
  Wireload mode:          top
  Area mode:              timing library
============================================================

 
  Hierarchy Report Format : 
 
    level instance ( module ) <status>
 
    status :    preserve_<value> -- indicating preserve hierachy or inherited_preserve value
           :    blackbox --  indicating  unresolved instance
 
==================================================================

 0 tr_gelu
  1 RC_CG_HIER_INST0 ( RC_CG_MOD ) 
  1 gen_exp[0].u_exp ( tr_exp_alu_WIDTH8_FRAC_W4_LUT_IDX_W3_ITER2 ) 
     2 u_quad ( quadratic_divider_WIDTH8_FRAC_W4 ) 
     2 u_round ( round_WIDTH8_FRAC_W4_LUT_IDX_W3 ) 
  1 gen_exp[1].u_exp ( tr_exp_alu_WIDTH8_FRAC_W4_LUT_IDX_W3_ITER2_273 ) 
     2 u_quad ( quadratic_divider_WIDTH8_FRAC_W4_1454 ) 
     2 u_round ( round_WIDTH8_FRAC_W4_LUT_IDX_W3_266 ) 
  1 gen_exp[2].u_exp ( tr_exp_alu_WIDTH8_FRAC_W4_LUT_IDX_W3_ITER2_272 ) 
     2 u_quad ( quadratic_divider_WIDTH8_FRAC_W4_1453 ) 
     2 u_round ( round_WIDTH8_FRAC_W4_LUT_IDX_W3_265 ) 
  1 gen_exp[3].u_exp ( tr_exp_alu_WIDTH8_FRAC_W4_LUT_IDX_W3_ITER2_271 ) 
     2 u_quad ( quadratic_divider_WIDTH8_FRAC_W4_1452 ) 
     2 u_round ( round_WIDTH8_FRAC_W4_LUT_IDX_W3_264 ) 
  1 gen_exp[4].u_exp ( tr_exp_alu_WIDTH8_FRAC_W4_LUT_IDX_W3_ITER2_270 ) 
     2 u_quad ( quadratic_divider_WIDTH8_FRAC_W4_1451 ) 
     2 u_round ( round_WIDTH8_FRAC_W4_LUT_IDX_W3_263 ) 
  1 gen_exp[5].u_exp ( tr_exp_alu_WIDTH8_FRAC_W4_LUT_IDX_W3_ITER2_269 ) 
     2 u_quad ( quadratic_divider_WIDTH8_FRAC_W4_1450 ) 
     2 u_round ( round_WIDTH8_FRAC_W4_LUT_IDX_W3_262 ) 
  1 gen_exp[6].u_exp ( tr_exp_alu_WIDTH8_FRAC_W4_LUT_IDX_W3_ITER2_268 ) 
     2 u_quad ( quadratic_divider_WIDTH8_FRAC_W4_1449 ) 
     2 u_round ( round_WIDTH8_FRAC_W4_LUT_IDX_W3_261 ) 
  1 gen_exp[7].u_exp ( tr_exp_alu_WIDTH8_FRAC_W4_LUT_IDX_W3_ITER2_267 ) 
     2 u_quad ( quadratic_divider_WIDTH8_FRAC_W4_1448 ) 
     2 u_round ( round_WIDTH8_FRAC_W4_LUT_IDX_W3_260 ) 
  1 gen_ln[0].u_ln ( tr_ln_alu_WIDTH12_BITS8_OUT_WIDTH12 ) 
  1 gen_ln[1].u_ln ( tr_ln_alu_WIDTH12_BITS8_OUT_WIDTH12_280 ) 
  1 gen_ln[2].u_ln ( tr_ln_alu_WIDTH12_BITS8_OUT_WIDTH12_279 ) 
  1 gen_ln[3].u_ln ( tr_ln_alu_WIDTH12_BITS8_OUT_WIDTH12_278 ) 
  1 gen_ln[4].u_ln ( tr_ln_alu_WIDTH12_BITS8_OUT_WIDTH12_277 ) 
  1 gen_ln[5].u_ln ( tr_ln_alu_WIDTH12_BITS8_OUT_WIDTH12_276 ) 
  1 gen_ln[6].u_ln ( tr_ln_alu_WIDTH12_BITS8_OUT_WIDTH12_275 ) 
  1 gen_ln[7].u_ln ( tr_ln_alu_WIDTH12_BITS8_OUT_WIDTH12_274 ) 
  1 u_alpha ( alpha_stabilizer_N8_W8 ) 
  1 u_lut ( shared_lut_rom_N8 ) 
  1 u_post_ln ( post_ln_modifier_N8_W8 ) 
  1 u_pre_ln ( pre_ln_modifier_N8_WIDTH_IN8_FRAC_W4 ) 
  1 u_sym ( symmetry_modifier_N8_WIDTH_X8_WIDTH_Y8_FRAC_W4 ) 
  1 u_vec_mul ( vec_mul_N8_W8_ACC_W32 ) blackbox
