============================================================
  Generated by:           Genus(TM) Synthesis Solution 25.12-s067_1
  Generated on:           Sep 24 2026  06:47:30 pm
  Module:                 tr_gelu
  Operating conditions:   ss_typical_max_0p90v_125c (balanced_tree)
  Wireload mode:          top
  Area mode:              timing library
============================================================


Summary
-------
--------------------------------------------------------------------------
            Category            Number     %    Average Toggle Saving %   
--------------------------------------------------------------------------
 Total Clock Gating Instances        1  100.00                         -  
--------------------------------------------------------------------------
 RC Clock Gating Instances           1  100.00                     50.00  
 Non-RC Clock Gating Instances       0    0.00                      0.00  
--------------------------------------------------------------------------
 RC Gated Flip-flops               216   43.64                     50.00  
 Non-RC Gated Flip-flops             0    0.00                      0.00  
--------------------------------------------------------------------------
 Total Gated Flip-flops            216   43.64                         -  
 Total Ungated Flip-flops          279   56.36                         -  
 Enable signal is constant         278   99.64                         -  
 User preserved                      1    0.36                         -  
--------------------------------------------------------------------------
 Total Flip-flops                  495  100.00                         -  
--------------------------------------------------------------------------
Multibit Flip-flop Summary
--------------------------
-------------------------------------------------------
Width     Number     Bits     RC Gated     Ungated     
-------------------------------------------------------
1-bit     495        495      216 (43.64%) 279 (56.36%) 
--------------------------------------------------------


