============================================================
  Generated by:           Genus(TM) Synthesis Solution 25.12-s067_1
  Generated on:           Sep 24 2026  06:47:31 pm
  Module:                 tr_gelu
  Operating conditions:   ss_typical_max_0p90v_125c (balanced_tree)
  Wireload mode:          top
  Area mode:              timing library
============================================================

Timing
--------

Clock Period 
-------------
clk   3300.0 


        Cost          Critical            Violating 
       Group         Path Slack    TNS      Paths   
----------------------------------------------------
cg_enable_group_clk      1991.3      0.0          0 
clk                    No paths      0.0            
default                No paths      0.0            
in2out                 No paths      0.0            
in2reg                    -23.8   -677.2         56 
reg2out                  1870.1      0.0          0 
reg2reg                   333.1      0.0          0 
----------------------------------------------------
Total                             -677.2         56 

Instance Count
--------------
Leaf Instance Count             5031 
Physical Instance count            0 
Sequential Instance Count        496 
Combinational Instance Count    4535 
Hierarchical Instance Count       39 

Area
----
Cell Area                          23389.560
Physical Cell Area                 0.000
Total Cell Area (Cell+Physical)    23389.560
Net Area                           0.000
Total Area (Cell+Physical+Net)     23389.560

Max Fanout                         281 (clk)
Min Fanout                         0 (ln_yq[0][0])
Average Fanout                     2.0
Terms to net ratio                 2.9407
Terms to instance ratio            3.2254
Runtime                            1046.992119 seconds
Elapsed Runtime                    1055 seconds
Genus peak memory usage            2713.72 
Innovus peak memory usage          no_value 
Hostname                           enicsw12.local
