============================================================
  Generated by:           Genus(TM) Synthesis Solution 25.12-s067_1
  Generated on:           Mar 26 2026  02:19:10 pm
  Module:                 tr_softmax
  Operating conditions:   ss_typical_max_0p90v_125c (balanced_tree)
  Wireload mode:          top
  Area mode:              timing library
============================================================


Path 1: VIOLATED (-1745 ps) Late External Delay Assertion at pin out_inv_S[7]
          Group: reg2out
     Startpoint: (R) dsp_mac/out_dot_reg[14]/CK
          Clock: (R) clk
       Endpoint: (R) out_inv_S[7]
          Clock: (R) clk

                     Capture       Launch     
        Clock Edge:+    3000            0     
       Src Latency:+       0            0     
       Net Latency:+       0 (I)        0 (I) 
           Arrival:=    3000            0     
                                              
      Output Delay:-     900                  
       Uncertainty:-     125                  
     Required Time:=    1975                  
      Launch Clock:-       0                  
         Data Path:-    3720                  
             Slack:=   -1745                  

Exceptions/Constraints:
  output_delay             900             tr_softmax.sdc_line_18_234_1   

#-------------------------------------------------------------------------------------------------------------------------
#                     Timing Point                      Flags    Arc    Edge       Cell        Fanout Trans Delay Arrival 
#                                                                                                      (ps)  (ps)   (ps)  
#-------------------------------------------------------------------------------------------------------------------------
  dsp_mac/out_dot_reg[14]/CK                            -       -       R     (arrival)            17     0     0       0 
  dsp_mac/out_dot_reg[14]/Q                             -       CK->Q   F     A2DFFQ_X4M_A9TL       4    77   258     258 
  g141/Y                                                -       B->Y    R     NOR2_X8M_A9TL         1    63    73     330 
  g139/Y                                                -       A->Y    F     NAND3_X6M_A9TL        1    68    61     391 
  g138/Y                                                -       A0->Y   R     OAI21B_X8M_A9TL       4   140   115     506 
  gen_tr_recip.u_reciprocal/u_ln/g2697/Y                -       A->Y    F     NAND3_X6A_A9TL        2    91    80     586 
  gen_tr_recip.u_reciprocal/u_ln/g2695/Y                -       A->Y    R     NAND2_X6M_A9TL        1    60    66     652 
  gen_tr_recip.u_reciprocal/u_ln/g2688/Y                -       A0->Y   F     AOI2XB1_X6M_A9TL      1    68    66     717 
  gen_tr_recip.u_reciprocal/u_ln/g2686/Y                -       A->Y    R     NAND2XB_X8M_A9TL      5   120    92     809 
  gen_tr_recip.u_reciprocal/u_ln/const_mul_42_27_g459/Y -       S0->Y   R     MXIT2_X4M_A9TL        1   131   109     918 
  gen_tr_recip.u_reciprocal/u_ln/const_mul_42_27_g450/Y -       S0->Y   R     MXIT2_X4M_A9TL        3   215   144    1062 
  gen_tr_recip.u_reciprocal/u_ln/const_mul_42_27_g431/Y -       B->Y    F     NAND2_X8A_A9TL        4    94   113    1175 
  gen_tr_recip.u_reciprocal/u_ln/const_mul_42_27_g417/Y -       B->Y    R     NAND2_X6A_A9TL        1    57    68    1243 
  gen_tr_recip.u_reciprocal/u_ln/const_mul_42_27_g401/Y -       A->Y    F     NAND2XB_X8M_A9TL      3    76    64    1307 
  gen_tr_recip.u_reciprocal/u_ln/fopt2817/Y             -       A->Y    R     INV_X7P5B_A9TL        1    34    40    1347 
  gen_tr_recip.u_reciprocal/u_ln/const_mul_42_27_g387/Y -       A->Y    F     NAND2_X4A_A9TL        1    66    50    1398 
  gen_tr_recip.u_reciprocal/u_ln/const_mul_42_27_g382/Y -       S0->Y   R     MXIT2_X4M_A9TL        2   187   105    1503 
  gen_tr_recip.u_reciprocal/g402/Y                      -       A->Y    F     INV_X7P5M_A9TL        2    57    56    1559 
  gen_tr_recip.u_reciprocal/g414/Y                      -       B->Y    F     AND2_X11M_A9TL        2    39   107    1666 
  gen_tr_recip.u_reciprocal/g389/Y                      -       A->Y    R     NAND2XB_X8M_A9TL      3    89    62    1728 
  gen_tr_recip.u_reciprocal/g386/Y                      -       A->Y    F     INV_X4M_A9TL          3    67    69    1797 
  gen_tr_recip.u_reciprocal/g387/Y                      -       A->Y    R     NOR2XB_X8M_A9TL       5   131   103    1900 
  gen_tr_recip.u_reciprocal/u_exp/u_round/g225/Y        -       B->Y    R     AND2_X11M_A9TL        4    58   125    2025 
  gen_tr_recip.u_reciprocal/u_exp/u_round/g223/Y        -       A->Y    F     NAND2_X6M_A9TL        2    68    52    2076 
  gen_tr_recip.u_reciprocal/u_exp/u_round/g231/Y        -       B0->Y   R     OAI21_X4M_A9TL        3   172   102    2179 
  gen_tr_recip.u_reciprocal/u_exp/fopt335/Y             -       A->Y    R     BUF_X3P5M_A9TL        1    65   135    2314 
  gen_tr_recip.u_reciprocal/u_exp/g296/Y                -       B->Y    F     NAND2_X6B_A9TL        2    60    67    2380 
  gen_tr_recip.u_reciprocal/u_exp/g275/Y                -       B->Y    F     AND2_X8M_A9TL         5    69   133    2513 
  gen_tr_recip.u_reciprocal/mul_96_30_g918/Y            -       A->Y    R     NAND2_X6B_A9TL        4    62    62    2575 
  gen_tr_recip.u_reciprocal/g1031/Y                     -       B->Y    R     XNOR2_X2M_A9TL        2   217   146    2721 
  gen_tr_recip.u_reciprocal/mul_96_30_g838/PPN          -       X2->PPN F     BMXIT_X1P4M_A9TL      1   102   247    2968 
  gen_tr_recip.u_reciprocal/mul_96_30_g787/SUM          -       CI->SUM R     ADDFH_X2M_A9TL        2   123   280    3248 
  gen_tr_recip.u_reciprocal/mul_96_30_g783/Y            -       A->Y    F     NOR2_X4A_A9TL         2    70    68    3316 
  gen_tr_recip.u_reciprocal/mul_96_30_g766/Y            -       A1->Y   R     AOI21_X2M_A9TL        1   157   138    3454 
  gen_tr_recip.u_reciprocal/mul_96_30_g757/Y            -       B0->Y   F     OAI21_X6M_A9TL        2    87    90    3544 
  gen_tr_recip.u_reciprocal/mul_96_30_g754/Y            -       A0->Y   R     AOI2XB1_X6M_A9TL      1    89    92    3636 
  gen_tr_recip.u_reciprocal/mul_96_30_g752/Y            -       A->Y    R     XNOR2_X3M_A9TL        1   177    84    3720 
  out_inv_S[7]                                          -       -       R     (port)                -     -     0    3720 
#-------------------------------------------------------------------------------------------------------------------------

