============================================================
  Generated by:           Genus(TM) Synthesis Solution 25.12-s067_1
  Generated on:           Apr 09 2026  12:23:51 pm
  Module:                 tr_gelu
  Operating conditions:   ss_typical_max_0p90v_125c (balanced_tree)
  Wireload mode:          top
  Area mode:              timing library
============================================================


Path 1: MET (-0 ps) Setup Check with Pin x_s1_reg[6]/CK->D
          Group: in2reg
     Startpoint: (F) x_in[2]
          Clock: (R) clk
       Endpoint: (R) x_s1_reg[6]/D
          Clock: (R) clk

                     Capture       Launch     
        Clock Edge:+    3000            0     
        Drv Adjust:+       0           17     
       Src Latency:+       0            0     
       Net Latency:+       0 (I)        0 (I) 
           Arrival:=    3000           17     
                                              
             Setup:-     100                  
       Uncertainty:-     125                  
     Required Time:=    2776                  
      Launch Clock:-      17                  
       Input Delay:-     900                  
         Data Path:-    1859                  
             Slack:=      -0                  

Exceptions/Constraints:
  input_delay             900             tr_gelu.sdc_line_16_7_1   

#------------------------------------------------------------------------------------------
#      Timing Point       Flags    Arc   Edge       Cell        Fanout Trans Delay Arrival 
#                                                                       (ps)  (ps)   (ps)  
#------------------------------------------------------------------------------------------
  x_in[2]                 -       -      F     (arrival)             2    55     0     917 
  g1082__6161/Y           -       B->Y   F     OR2_X6M_A9TL          1    44   117    1034 
  g1065__5122/Y           -       A->Y   R     NOR2_X8A_A9TL         3    94    77    1111 
  g1081__4733/Y           -       A1N->Y R     AOI2XB1_X4M_A9TL      1    91   151    1262 
  g1054__8428/Y           -       A0->Y  F     AOI21_X3M_A9TL        1   112    88    1350 
  g1034__7482/Y           -       C0->Y  F     OA211_X6M_A9TL        7    78   157    1507 
  mul_39_23_g1005__9315/Y -       A->Y   F     AND2_X4M_A9TL         1    39   106    1614 
  mul_39_23_g911__1881/CO -       B->CO  F     ADDFH_X2M_A9TL        2    90   273    1886 
  mul_39_23_g901__1617/Y  -       A->Y   R     NOR2_X4B_A9TL         3   136   112    1999 
  mul_39_23_g894__4319/Y  -       B->Y   F     NOR2_X4M_A9TL         2    81    90    2089 
  mul_39_23_g887__7410/Y  -       A0->Y  R     AOI21_X4M_A9TL        1    96    99    2188 
  mul_39_23_g885__2346/Y  -       B0N->Y F     AO21B_X4M_A9TL        4    90    83    2271 
  mul_39_23_g883__2883/Y  -       A->Y   R     NAND2XB_X4M_A9TL      1    70    69    2340 
  mul_39_23_g879__4733/Y  -       C0->Y  F     OAI211_X4M_A9TL       1   100    78    2418 
  mul_39_23_g876__1881/Y  -       S0->Y  R     MXIT2_X3M_A9TL        2   205   124    2542 
  g1120__6131/Y           -       A->Y   F     NOR2XB_X6M_A9TL       7   117   122    2664 
  g957__6260/Y            -       A0->Y  R     OAI2XB1_X2M_A9TL      1   111   111    2776 
  x_s1_reg[6]/D           -       -      R     DFFRPQ_X2M_A9TL       1     -     0    2776 
#------------------------------------------------------------------------------------------

