============================================================
  Generated by:           Genus(TM) Synthesis Solution 25.12-s067_1
  Generated on:           Mar 26 2026  04:48:18 pm
  Module:                 tr_softmax
  Operating conditions:   ss_typical_max_0p90v_125c (balanced_tree)
  Wireload mode:          top
  Area mode:              timing library
============================================================


Path 1: MET (606 ps) Setup Check with Pin dsp_mac/a_reg_reg[7][2]/CK->D
          Group: in2reg
     Startpoint: (F) in_data[7][3]
          Clock: (R) clk
       Endpoint: (F) dsp_mac/a_reg_reg[7][2]/D
          Clock: (R) clk

                     Capture       Launch     
        Clock Edge:+    3000            0     
        Drv Adjust:+       0           34     
       Src Latency:+       0            0     
       Net Latency:+       0 (I)        0 (I) 
           Arrival:=    3000           34     
                                              
             Setup:-      88                  
       Uncertainty:-     125                  
     Required Time:=    2787                  
      Launch Clock:-      34                  
       Input Delay:-     900                  
         Data Path:-    1248                  
             Slack:=     606                  

Exceptions/Constraints:
  input_delay             900             tr_softmax.sdc_line_16_6_1   

#-----------------------------------------------------------------------------------------------------------------
#                 Timing Point                   Flags    Arc   Edge       Cell        Fanout Trans Delay Arrival 
#                                                                                              (ps)  (ps)   (ps)  
#-----------------------------------------------------------------------------------------------------------------
  in_data[7][3]                                  -       -      F     (arrival)             6    74     0     934 
  u_decompose/GEN_EXP[7].u_tr_exp/u_round/g216/Y -       B->Y   R     NAND2_X1P4M_A9TL      3   169   130    1064 
  u_decompose/GEN_EXP[7].u_tr_exp/u_round/g215/Y -       B->Y   F     NOR2_X1P4B_A9TL       3   195   178    1242 
  u_decompose/GEN_EXP[7].u_tr_exp/u_round/g211/Y -       B->Y   R     NAND2_X1A_A9TL        2   137   143    1385 
  u_decompose/GEN_EXP[7].u_tr_exp/u_round/g2/Y   -       BN->Y  R     NAND2XB_X2M_A9TL      1    84   152    1537 
  u_decompose/GEN_EXP[7].u_tr_exp/u_round/g207/Y -       B0N->Y F     AO21B_X2M_A9TL        6   184   137    1674 
  u_decompose/GEN_EXP[7].u_tr_exp/g238/Y         -       A->Y   R     NOR2XB_X2M_A9TL       3   193   168    1842 
  u_decompose/GEN_EXP[7].u_tr_exp/g234/Y         -       B0->Y  F     AOI2XB1_X2M_A9TL      4   171   138    1981 
  u_decompose/GEN_EXP[7].u_tr_exp/g231/Y         -       A->Y   F     OR2_X1M_A9TL          2   103   201    2182 
  dsp_mac/a_reg_reg[7][2]/D                      -       -      F     DFFQ_X1M_A9TL         2     -     0    2182 
#-----------------------------------------------------------------------------------------------------------------

