============================================================
  Generated by:           Genus(TM) Synthesis Solution 25.12-s067_1
  Generated on:           Mar 26 2026  04:48:18 pm
  Module:                 tr_softmax
  Operating conditions:   ss_typical_max_0p90v_125c (balanced_tree)
  Wireload mode:          top
  Area mode:              timing library
============================================================


Path 1: MET (99 ps) Setup Check with Pin dsp_mac/prod_reg_reg[6][13]/CK->A
          Group: reg2reg
     Startpoint: (R) dsp_mac/mode1_reg[1]/CK
          Clock: (R) clk
       Endpoint: (R) dsp_mac/prod_reg_reg[6][13]/A
          Clock: (R) clk

                     Capture       Launch     
        Clock Edge:+    3000            0     
       Src Latency:+       0            0     
       Net Latency:+       0 (I)        0 (I) 
           Arrival:=    3000            0     
                                              
             Setup:-     151                  
       Uncertainty:-     125                  
     Required Time:=    2724                  
      Launch Clock:-       0                  
         Data Path:-    2625                  
             Slack:=      99                  

#-----------------------------------------------------------------------------------------------------------------
#                 Timing Point                  Flags    Arc   Edge       Cell         Fanout Trans Delay Arrival 
#                                                                                              (ps)  (ps)   (ps)  
#-----------------------------------------------------------------------------------------------------------------
  dsp_mac/mode1_reg[1]/CK                       -       -      R     (arrival)             24     0     0       0 
  dsp_mac/mode1_reg[1]/QN                       -       CK->QN R     DFFQN_X2M_A9TL         9   215   329     329 
  dsp_mac/g1576/Y                               -       A->Y   F     INV_X4M_A9TL           1    62    60     388 
  dsp_mac/g944/Y                                -       A->Y   R     INV_X4M_A9TL           8   132   102     491 
  dsp_mac/mul_110_58_I7_Y_mul_119_66_I7_g1028/Y -       B->Y   F     NAND2_X2A_A9TL         4   161   120     611 
  dsp_mac/mul_110_58_I7_Y_mul_119_66_I7_g1009/Y -       A->Y   R     INV_X1M_A9TL           2   127   126     736 
  dsp_mac/mul_110_58_I7_Y_mul_119_66_I7_g976/Y  -       B->Y   F     NAND2_X1M_A9TL         2   153   134     870 
  dsp_mac/mul_110_58_I7_Y_mul_119_66_I7_g945/Y  -       B->Y   F     XNOR3_X0P5M_A9TL       1   183   410    1280 
  dsp_mac/mul_110_58_I7_Y_mul_119_66_I7_g907/S  -       B->S   R     ADDF_X1M_A9TL          2   130   380    1660 
  dsp_mac/mul_110_58_I7_Y_mul_119_66_I7_g895/Y  -       B->Y   F     NAND2_X1A_A9TL         3   191   157    1816 
  dsp_mac/mul_110_58_I7_Y_mul_119_66_I7_g889/Y  -       B->Y   R     NAND2_X1M_A9TL         2   174   170    1987 
  dsp_mac/mul_110_58_I7_Y_mul_119_66_I7_g879/Y  -       B->Y   F     NOR3_X1M_A9TL          1   138   136    2122 
  dsp_mac/mul_110_58_I7_Y_mul_119_66_I7_g876/Y  -       B->Y   R     NOR2_X1M_A9TL          1   151   139    2261 
  dsp_mac/mul_110_58_I7_Y_mul_119_66_I7_g873/Y  -       B0->Y  F     OAI211_X1M_A9TL        2   217   185    2446 
  dsp_mac/mul_110_58_I7_Y_mul_119_66_I7_g870/Y  -       A1->Y  R     AOI21_X1M_A9TL         1   147   179    2625 
  dsp_mac/prod_reg_reg[6][13]/A                 -       -      R     A2DFFQ_X0P5M_A9TL      1     -     0    2625 
#-----------------------------------------------------------------------------------------------------------------

