============================================================
  Generated by:           Genus(TM) Synthesis Solution 25.12-s067_1
  Generated on:           Mar 26 2026  02:00:19 pm
  Module:                 tr_softmax
  Operating conditions:   ss_typical_max_0p90v_125c (balanced_tree)
  Wireload mode:          top
  Area mode:              timing library
============================================================


Path 1: VIOLATED (-6053 ps) Late External Delay Assertion at pin out_inv_S[5]
          Group: reg2out
     Startpoint: (R) dsp_mac/out_dot_reg[8]/clk
          Clock: (R) clk
       Endpoint: (R) out_inv_S[5]
          Clock: (R) clk

                     Capture       Launch     
        Clock Edge:+    3000            0     
       Src Latency:+       0            0     
       Net Latency:+       0 (I)        0 (I) 
           Arrival:=    3000            0     
                                              
      Output Delay:-     900                  
       Uncertainty:-     125                  
     Required Time:=    1975                  
      Launch Clock:-       0                  
         Data Path:-    8028                  
             Slack:=   -6053                  

Exceptions/Constraints:
  output_delay             900             tr_softmax.sdc_line_18_236_1   

#-----------------------------------------------------------------------------------------------------------------------------
#                      Timing Point                       Flags     Arc    Edge       Cell         Fanout Trans Delay Arrival 
#                                                                                                          (ps)  (ps)   (ps)  
#-----------------------------------------------------------------------------------------------------------------------------
  dsp_mac/out_dot_reg[8]/clk                              -       -        R     (arrival)            591     0     0       0 
  dsp_mac/out_dot_reg[8]/q                                (u)     clk->q   F     unmapped_d_flop        5     0   369     369 
  eq_102_49/g1/z                                          (u)     in_0->z  R     unmapped_xnor2         1     0   118     487 
  eq_102_49/g6/z                                          (u)     in_0->z  F     unmapped_nand4         1     0   106     593 
  eq_102_49/g8/z                                          (u)     in_0->z  R     unmapped_nor2         16     0   145     739 
  mux_102_49/g1/z                                         (u)     sel0->z  F     unmapped_bmux2        10     0   179     917 
  gen_tr_recip.u_reciprocal/u_ln/ctl_xq_22_17/g87/z       (u)     in_0->z  R     unmapped_not           4     0    66     984 
  gen_tr_recip.u_reciprocal/u_ln/ctl_xq_22_17/g21/z       (u)     in_0->z  F     unmapped_nand4        12     0   175    1158 
  gen_tr_recip.u_reciprocal/u_ln/ctl_xq_22_17/g120/z      (u)     in_0->z  R     unmapped_nor3          5     0   116    1274 
  gen_tr_recip.u_reciprocal/u_ln/mux_msb_22_17/g2/z       (u)     sel11->z R     unmapped_mux17         2     0   286    1560 
  gen_tr_recip.u_reciprocal/u_ln/sub_26_40/g15/z          (u)     in_0->z  F     unmapped_nor2          1     0    61    1621 
  gen_tr_recip.u_reciprocal/u_ln/sub_26_40/g34/z          (u)     in_0->z  R     unmapped_not           2     0    50    1671 
  gen_tr_recip.u_reciprocal/u_ln/sub_26_40/g35/z          (u)     in_1->z  F     unmapped_nand2         2     0    74    1745 
  gen_tr_recip.u_reciprocal/u_ln/sub_26_40/g38/z          (u)     in_1->z  R     unmapped_nand2         2     0    74    1820 
  gen_tr_recip.u_reciprocal/u_ln/sub_26_40/g63/z          (u)     in_0->z  F     unmapped_not           2     0    50    1870 
  gen_tr_recip.u_reciprocal/u_ln/sub_26_40/g41/z          (u)     in_1->z  R     unmapped_nand2         1     0    61    1931 
  gen_tr_recip.u_reciprocal/u_ln/sub_26_40/g55/z          (u)     in_0->z  F     unmapped_xnor2         5     0   153    2084 
  gen_tr_recip.u_reciprocal/u_ln/minus_32_30/g7/z         (u)     in_0->z  R     unmapped_not           2     0    50    2134 
  gen_tr_recip.u_reciprocal/u_ln/minus_32_30/g47/z        (u)     in_1->z  F     unmapped_nor2          3     0    82    2215 
  gen_tr_recip.u_reciprocal/u_ln/minus_32_30/g111/z       (u)     in_1->z  R     unmapped_nor2          3     0    82    2297 
  gen_tr_recip.u_reciprocal/u_ln/minus_32_30/g178/z       (u)     in_0->z  F     unmapped_nand2         1     0    61    2358 
  gen_tr_recip.u_reciprocal/u_ln/minus_32_30/g247/z       (u)     in_0->z  R     unmapped_not           1     0    37    2394 
  gen_tr_recip.u_reciprocal/u_ln/minus_32_30/g248/z       (u)     in_1->z  F     unmapped_nand2         1     0    61    2455 
  gen_tr_recip.u_reciprocal/u_ln/minus_32_30/g249/z       (u)     in_1->z  R     unmapped_nand2         9     0   117    2572 
  gen_tr_recip.u_reciprocal/u_ln/minus_32_30/g318/z       (u)     in_1->z  F     unmapped_nand2         1     0    61    2633 
  gen_tr_recip.u_reciprocal/u_ln/minus_32_30/g319/z       (u)     in_1->z  R     unmapped_nand2        16     0   145    2779 
  gen_tr_recip.u_reciprocal/u_ln/minus_32_30/g383/z       (u)     in_0->z  F     unmapped_nand2         1     0    61    2839 
  gen_tr_recip.u_reciprocal/u_ln/minus_32_30/g384/z       (u)     in_1->z  R     unmapped_nand2         1     0    61    2900 
  gen_tr_recip.u_reciprocal/u_ln/minus_32_30/g468/z       (u)     in_0->z  F     unmapped_xnor2         1     0   118    3018 
  gen_tr_recip.u_reciprocal/u_ln/sll_32_26/g401/z         (u)     in_1->z  F     unmapped_or2           1     0    61    3079 
  gen_tr_recip.u_reciprocal/u_ln/sll_32_26/g405/z         (u)     in_3->z  F     unmapped_or4           1     0   106    3185 
  gen_tr_recip.u_reciprocal/u_ln/sll_32_26/g406/z         (u)     in_3->z  F     unmapped_or4          32     0   183    3368 
  gen_tr_recip.u_reciprocal/u_ln/sll_32_26/g385/z         (u)     in_0->z  R     unmapped_complex2      1     0    61    3429 
  gen_tr_recip.u_reciprocal/u_ln/mux_k1_full_29_21/g27/z  (u)     data0->z R     unmapped_bmux2         2     0   132    3561 
  gen_tr_recip.u_reciprocal/u_ln/add_39_26/g17/z          (u)     in_0->z  F     unmapped_nor2          3     0    82    3642 
  gen_tr_recip.u_reciprocal/u_ln/add_39_26/g78/z          (u)     in_1->z  R     unmapped_nor2          1     0    61    3703 
  gen_tr_recip.u_reciprocal/u_ln/add_39_26/g80/z          (u)     in_0->z  F     unmapped_nor2          3     0    82    3785 
  gen_tr_recip.u_reciprocal/u_ln/add_39_26/g139/z         (u)     in_1->z  R     unmapped_nor2          1     0    61    3845 
  gen_tr_recip.u_reciprocal/u_ln/add_39_26/g141/z         (u)     in_0->z  F     unmapped_nor2          1     0    61    3906 
  gen_tr_recip.u_reciprocal/u_ln/add_39_26/g216/z         (u)     in_0->z  R     unmapped_nand2         1     0    61    3967 
  gen_tr_recip.u_reciprocal/u_ln/add_39_26/g389/z         (u)     in_0->z  R     unmapped_xnor2         5     0   153    4120 
  gen_tr_recip.u_reciprocal/u_ln/mul_42_27/g8/z           (u)     in_0->z  R     unmapped_and2          3     0    82    4202 
  gen_tr_recip.u_reciprocal/u_ln/mul_42_27/g303/z         (u)     in_0->z  R     unmapped_xor2          1     0   118    4320 
  gen_tr_recip.u_reciprocal/u_ln/mul_42_27/g304/z         (u)     in_0->z  R     unmapped_xor2          3     0   139    4458 
  gen_tr_recip.u_reciprocal/u_ln/mul_42_27/g315/z         (u)     in_0->z  R     unmapped_xor2          1     0   118    4576 
  gen_tr_recip.u_reciprocal/u_ln/mul_42_27/g316/z         (u)     in_0->z  R     unmapped_xor2          2     0   132    4708 
  gen_tr_recip.u_reciprocal/u_ln/mul_42_27/g772/z         (u)     in_1->z  F     unmapped_nor2          3     0    82    4790 
  gen_tr_recip.u_reciprocal/u_ln/mul_42_27/g834/z         (u)     in_1->z  R     unmapped_nor2          2     0    74    4864 
  gen_tr_recip.u_reciprocal/u_ln/mul_42_27/g893/z         (u)     in_1->z  F     unmapped_nand2         1     0    61    4925 
  gen_tr_recip.u_reciprocal/u_ln/mul_42_27/g217/z         (u)     in_0->z  R     unmapped_not           1     0    37    4961 
  gen_tr_recip.u_reciprocal/u_ln/mul_42_27/g218/z         (u)     in_1->z  F     unmapped_nand2         1     0    61    5022 
  gen_tr_recip.u_reciprocal/u_ln/mul_42_27/g219/z         (u)     in_1->z  R     unmapped_nand2         9     0   117    5140 
  gen_tr_recip.u_reciprocal/u_ln/mul_42_27/g922/z         (u)     in_0->z  F     unmapped_nand2         1     0    61    5200 
  gen_tr_recip.u_reciprocal/u_ln/mul_42_27/g923/z         (u)     in_1->z  R     unmapped_nand2         1     0    61    5261 
  gen_tr_recip.u_reciprocal/u_ln/mul_42_27/g1035/z        (u)     in_0->z  F     unmapped_xnor2         1     0   118    5379 
  gen_tr_recip.u_reciprocal/minus_63_24/g7/z              (u)     in_0->z  R     unmapped_not           2     0    50    5429 
  gen_tr_recip.u_reciprocal/minus_63_24/g23/z             (u)     in_1->z  F     unmapped_nor2          3     0    82    5511 
  gen_tr_recip.u_reciprocal/minus_63_24/g39/z             (u)     in_1->z  R     unmapped_nor2          2     0    74    5585 
  gen_tr_recip.u_reciprocal/minus_63_24/g53/z             (u)     in_0->z  F     unmapped_nand2         1     0    61    5646 
  gen_tr_recip.u_reciprocal/minus_63_24/g64/z             (u)     in_0->z  R     unmapped_not           1     0    37    5683 
  gen_tr_recip.u_reciprocal/minus_63_24/g65/z             (u)     in_1->z  F     unmapped_nand2         1     0    61    5744 
  gen_tr_recip.u_reciprocal/minus_63_24/g66/z             (u)     in_1->z  R     unmapped_nand2         1     0    61    5804 
  gen_tr_recip.u_reciprocal/minus_63_24/g86/z             (u)     in_0->z  F     unmapped_xnor2         2     0   132    5936 
  gen_tr_recip.u_reciprocal/u_exp/u_round/add_36_61/g38/z (u)     in_0->z  R     unmapped_not           1     0    37    5973 
  gen_tr_recip.u_reciprocal/u_exp/u_round/add_36_61/g30/z (u)     in_1->z  F     unmapped_xnor2         1     0   118    6091 
  gen_tr_recip.u_reciprocal/u_exp/u_round/mux_36_32/g1/z  (u)     data1->z F     unmapped_bmux2         1     0   118    6209 
  gen_tr_recip.u_reciprocal/u_exp/u_round/eq_39_44/g2/z   (u)     in_0->z  R     unmapped_nor3          1     0    81    6290 
  gen_tr_recip.u_reciprocal/u_exp/u_round/eq_39_44/g3/z   (u)     in_0->z  F     unmapped_nand2         1     0    61    6351 
  gen_tr_recip.u_reciprocal/u_exp/u_round/eq_39_44/g4/z   (u)     in_0->z  R     unmapped_not           8     0    89    6440 
  gen_tr_recip.u_reciprocal/u_exp/mux_96_26/g6/z          (u)     sel0->z  R     unmapped_bmux2         8     0   170    6610 
  gen_tr_recip.u_reciprocal/mul_96_30/g35/z               (u)     in_0->z  R     unmapped_and2          3     0    82    6692 
  gen_tr_recip.u_reciprocal/mul_96_30/g153/z              (u)     in_1->z  R     unmapped_xor2          1     0   118    6810 
  gen_tr_recip.u_reciprocal/mul_96_30/g154/z              (u)     in_0->z  R     unmapped_xor2          3     0   139    6949 
  gen_tr_recip.u_reciprocal/mul_96_30/g169/z              (u)     in_1->z  F     unmapped_nand2         1     0    61    7009 
  gen_tr_recip.u_reciprocal/mul_96_30/g170/z              (u)     in_2->z  R     unmapped_nand3         3     0   102    7111 
  gen_tr_recip.u_reciprocal/mul_96_30/g203/z              (u)     in_1->z  R     unmapped_xor2          1     0   118    7229 
  gen_tr_recip.u_reciprocal/mul_96_30/g204/z              (u)     in_0->z  R     unmapped_xor2          2     0   132    7361 
  gen_tr_recip.u_reciprocal/mul_96_30/g343/z              (u)     in_1->z  F     unmapped_nor2          3     0    82    7442 
  gen_tr_recip.u_reciprocal/mul_96_30/g371/z              (u)     in_1->z  R     unmapped_nor2          2     0    74    7517 
  gen_tr_recip.u_reciprocal/mul_96_30/g81/z               (u)     in_1->z  F     unmapped_nand2         1     0    61    7577 
  gen_tr_recip.u_reciprocal/mul_96_30/g387/z              (u)     in_0->z  R     unmapped_not           1     0    37    7614 
  gen_tr_recip.u_reciprocal/mul_96_30/g388/z              (u)     in_1->z  F     unmapped_nand2         1     0    61    7675 
  gen_tr_recip.u_reciprocal/mul_96_30/g389/z              (u)     in_1->z  R     unmapped_nand2         8     0   113    7788 
  gen_tr_recip.u_reciprocal/mul_96_30/g404/z              (u)     in_0->z  F     unmapped_nand2         1     0    61    7849 
  gen_tr_recip.u_reciprocal/mul_96_30/g405/z              (u)     in_1->z  R     unmapped_nand2         1     0    61    7910 
  gen_tr_recip.u_reciprocal/mul_96_30/g440/z              (u)     in_0->z  R     unmapped_xnor2         1     0   118    8028 
  out_inv_S[5]                                            -       -        R     (port)                 -     -     0    8028 
#-----------------------------------------------------------------------------------------------------------------------------

(u) : Net has unmapped pin(s).

