============================================================
  Generated by:           Genus(TM) Synthesis Solution 25.12-s067_1
  Generated on:           Apr 11 2026  11:30:04 am
  Module:                 transformer_core_top
  Operating conditions:   ss_typical_max_0p90v_125c (balanced_tree)
  Wireload mode:          top
  Area mode:              timing library
============================================================


Path 1: MET (2264 ps) Late External Delay Assertion at pin host_done_pulse
          Group: reg2out
     Startpoint: (R) u_ctrl/state_q_reg[1]/CK
          Clock: (R) clk
       Endpoint: (R) host_done_pulse
          Clock: (R) clk

                     Capture       Launch     
        Clock Edge:+    5000            0     
       Src Latency:+       0            0     
       Net Latency:+       0 (I)        0 (I) 
           Arrival:=    5000            0     
                                              
      Output Delay:-    1500                  
       Uncertainty:-     125                  
     Required Time:=    3375                  
      Launch Clock:-       0                  
         Data Path:-    1111                  
             Slack:=    2264                  

Exceptions/Constraints:
  output_delay             1500            transformer_core_top_line_18_133_1   

#------------------------------------------------------------------------------------------
#      Timing Point        Flags   Arc   Edge       Cell        Fanout Trans Delay Arrival 
#                                                                       (ps)  (ps)   (ps)  
#------------------------------------------------------------------------------------------
  u_ctrl/state_q_reg[1]/CK -       -     R     (arrival)           617     0     0       0 
  u_ctrl/state_q_reg[1]/Q  -       CK->Q F     SDFFRPQ_X4M_A9TL      1    50   275     275 
  u_ctrl/fopt1436/Y        -       A->Y  R     INV_X9B_A9TL          2    38    40     316 
  u_ctrl/fopt1435/Y        -       A->Y  F     INV_X1B_A9TH          2   340   222     538 
  u_ctrl/g1348__3680/Y     -       A->Y  F     OR2_X0P5M_A9TL        2   143   262     800 
  u_ctrl/g1342__5107/Y     -       BN->Y F     NAND2XB_X1M_A9TL      1    86   169     970 
  u_ctrl/g1341__2398/Y     -       B->Y  R     NOR2_X1B_A9TL         1   172   142    1111 
  host_done_pulse          -       -     R     (port)                -     -     0    1111 
#------------------------------------------------------------------------------------------

