============================================================
  Generated by:           Genus(TM) Synthesis Solution 25.12-s067_1
  Generated on:           May 09 2026  06:44:50 pm
  Module:                 tr_softmax
  Operating conditions:   ss_typical_max_0p90v_125c (balanced_tree)
  Wireload mode:          top
  Area mode:              timing library
============================================================


Path 1: MET (823 ps) Late External Delay Assertion at pin sum_out[0]
          Group: in2out
     Startpoint: (R) mode[0]
          Clock: (R) clk
       Endpoint: (R) sum_out[0]
          Clock: (R) clk

                        Capture       Launch     
           Path Delay:+    3630            -     
           Drv Adjust:+       0           46     
          Src Latency:+       0            0     
          Net Latency:+       0 (I)        0 (I) 
        Capture Clock:+       0                  
              Arrival:=    3630           46     
                                                 
         Output Delay:-     990                  
          Uncertainty:-     125                  
        Required Time:=    2515                  
         Launch Clock:-      46                  
          Input Delay:-     990                  
            Data Path:-     656                  
                Slack:=     823                  

Exceptions/Constraints:
  max_delay                3630            dut.sdc_line_18         
  input_delay              990             dut.sdc_line_15_3_1     
  output_delay             990             dut.sdc_line_17_202_1   

#------------------------------------------------------------------------------
# Timing Point   Flags   Arc   Edge      Cell       Fanout Trans Delay Arrival 
#                                                           (ps)  (ps)   (ps)  
#------------------------------------------------------------------------------
  mode[0]        -       -     R     (arrival)           6    96     0    1036 
  g3266/Y        -       AN->Y R     NOR2B_X1M_A9TL      2   258   231    1267 
  g3220/Y        -       A->Y  F     INV_X2M_A9TL        2   125   134    1401 
  g3219/Y        -       A->Y  R     INV_X5M_A9TL       16   143   126    1527 
  g3215/Y        -       B->Y  R     AND2_X1M_A9TL       1    99   164    1692 
  sum_out[0]     -       -     R     (port)              -     -     0    1692 
#------------------------------------------------------------------------------

