============================================================
  Generated by:           Genus(TM) Synthesis Solution 25.12-s067_1
  Generated on:           May 09 2026  06:44:50 pm
  Module:                 tr_softmax
  Operating conditions:   ss_typical_max_0p90v_125c (balanced_tree)
  Wireload mode:          top
  Area mode:              timing library
============================================================


Path 1: MET (146 ps) Setup Check with Pin u_vec_mul/prod_reg_reg[7][13]/CK->D
          Group: reg2reg
     Startpoint: (R) u_vec_mul/mode1_op_reg[1]/CK
          Clock: (R) clk
       Endpoint: (R) u_vec_mul/prod_reg_reg[7][13]/D
          Clock: (R) clk

                     Capture       Launch     
        Clock Edge:+    3300            0     
       Src Latency:+       0            0     
       Net Latency:+       0 (I)        0 (I) 
           Arrival:=    3300            0     
                                              
             Setup:-     107                  
       Uncertainty:-     125                  
     Required Time:=    3068                  
      Launch Clock:-       0                  
         Data Path:-    2923                  
             Slack:=     146                  

#------------------------------------------------------------------------------------------------------------------
#                  Timing Point                    Flags    Arc   Edge      Cell        Fanout Trans Delay Arrival 
#                                                                                               (ps)  (ps)   (ps)  
#------------------------------------------------------------------------------------------------------------------
  u_vec_mul/mode1_op_reg[1]/CK                     -       -      R     (arrival)          329     0     0       0 
  u_vec_mul/mode1_op_reg[1]/QN                     -       CK->QN R     DFFQN_X2M_A9TL       9   199   319     319 
  u_vec_mul/g5820/Y                                -       A->Y   F     INV_X2M_A9TL         1    64    66     385 
  u_vec_mul/g3504/Y                                -       A->Y   R     INV_X2B_A9TL         8   252   167     552 
  u_vec_mul/mul_121_66_I8_Y_mul_115_58_I8_g2119/Y  -       B->Y   F     NAND2_X2A_A9TL       6   198   191     743 
  u_vec_mul/mul_121_66_I8_Y_mul_115_58_I8_g2069/Y  -       A->Y   R     NOR2XB_X2M_A9TL      1   150   142     884 
  u_vec_mul/mul_121_66_I8_Y_mul_115_58_I8_g2039/CO -       A->CO  R     ADDF_X1M_A9TL        1   127   226    1110 
  u_vec_mul/mul_121_66_I8_Y_mul_115_58_I8_g2016/S  -       A->S   F     ADDF_X1M_A9TL        1   118   332    1442 
  u_vec_mul/mul_121_66_I8_Y_mul_115_58_I8_g1992/S  -       A->S   R     ADDF_X1M_A9TL        2   128   359    1801 
  u_vec_mul/mul_121_66_I8_Y_mul_115_58_I8_g1987/Y  -       B->Y   F     NAND2_X1M_A9TL       3   167   141    1942 
  u_vec_mul/mul_121_66_I8_Y_mul_115_58_I8_g1967/Y  -       A0->Y  R     AOI21_X1M_A9TL       3   295   243    2185 
  u_vec_mul/mul_121_66_I8_Y_mul_115_58_I8_g1962/Y  -       A1->Y  F     OAI21_X1M_A9TL       3   209   228    2413 
  u_vec_mul/mul_121_66_I8_Y_mul_115_58_I8_g1956/Y  -       B0->Y  F     AO21_X1M_A9TL        1    68   198    2611 
  u_vec_mul/mul_121_66_I8_Y_mul_115_58_I8_g1947/Y  -       A1->Y  R     AOI21_X1M_A9TL       1   193   154    2765 
  u_vec_mul/mul_121_66_I8_Y_mul_115_58_I8_g1944/Y  -       A->Y   R     XOR2_X0P7M_A9TL      1   235   158    2923 
  u_vec_mul/prod_reg_reg[7][13]/D                  -       -      R     DFFQ_X1M_A9TL        1     -     0    2923 
#------------------------------------------------------------------------------------------------------------------

