============================================================
  Generated by:           Genus(TM) Synthesis Solution 25.12-s067_1
  Generated on:           Sep 23 2026  12:56:13 pm
  Module:                 tr_nonlinear_vpu
  Operating conditions:   ss_typical_max_0p90v_125c (balanced_tree)
  Wireload mode:          top
  Area mode:              timing library
============================================================

            Instance                                          Module                               Cell-Count  Cell-Area  Net-Area   Total-Area  Wireload  
-----------------------------------------------------------------------------------------------------------------------------------------------------------
tr_nonlinear_vpu                 NA                                                                     33475 135256.680     0.000   135256.680 Small (D)  
  u_alpha                        alpha_stabilizer_N8_W16_FRAC_W4                                         3925  17167.320     0.000    17167.320 Small (T)  
  u_backbone                     tr_backbone_wrapper_N8_WIDTH_IN16_WIDTH_OUT16_FRAC_W4_LUT_IDX_W3        3815  14618.160     0.000    14618.160 Small (T)  
    gen_tr_exp_lanes[0].u_tr_exp tr_exp_alu_WIDTH16_FRAC_W4_LUT_IDX_W3_ITER2                               34     78.480     0.000       78.480 Small (T)  
      u_quad                     quadratic_divider_WIDTH16_FRAC_W4                                          6     14.040     0.000       14.040 Small (T)  
      u_round                    round_WIDTH16_FRAC_W4_LUT_IDX_W3                                          22     41.040     0.000       41.040 Small (T)  
    gen_tr_exp_lanes[1].u_tr_exp tr_exp_alu_WIDTH16_FRAC_W4_LUT_IDX_W3_ITER2_351                           34     75.600     0.000       75.600 Small (T)  
      u_quad                     quadratic_divider_WIDTH16_FRAC_W4_10415                                    6     14.040     0.000       14.040 Small (T)  
      u_round                    round_WIDTH16_FRAC_W4_LUT_IDX_W3_344                                      22     41.040     0.000       41.040 Small (T)  
    gen_tr_exp_lanes[2].u_tr_exp tr_exp_alu_WIDTH16_FRAC_W4_LUT_IDX_W3_ITER2_350                           34     75.600     0.000       75.600 Small (T)  
      u_quad                     quadratic_divider_WIDTH16_FRAC_W4_10414                                    6     14.040     0.000       14.040 Small (T)  
      u_round                    round_WIDTH16_FRAC_W4_LUT_IDX_W3_343                                      22     41.040     0.000       41.040 Small (T)  
    gen_tr_exp_lanes[3].u_tr_exp tr_exp_alu_WIDTH16_FRAC_W4_LUT_IDX_W3_ITER2_349                           34     75.600     0.000       75.600 Small (T)  
      u_quad                     quadratic_divider_WIDTH16_FRAC_W4_10413                                    6     14.040     0.000       14.040 Small (T)  
      u_round                    round_WIDTH16_FRAC_W4_LUT_IDX_W3_342                                      22     41.040     0.000       41.040 Small (T)  
    gen_tr_exp_lanes[4].u_tr_exp tr_exp_alu_WIDTH16_FRAC_W4_LUT_IDX_W3_ITER2_348                           34     75.600     0.000       75.600 Small (T)  
      u_quad                     quadratic_divider_WIDTH16_FRAC_W4_10412                                    6     14.040     0.000       14.040 Small (T)  
      u_round                    round_WIDTH16_FRAC_W4_LUT_IDX_W3_341                                      22     41.040     0.000       41.040 Small (T)  
    gen_tr_exp_lanes[5].u_tr_exp tr_exp_alu_WIDTH16_FRAC_W4_LUT_IDX_W3_ITER2_347                           34     75.600     0.000       75.600 Small (T)  
      u_quad                     quadratic_divider_WIDTH16_FRAC_W4_10411                                    6     14.040     0.000       14.040 Small (T)  
      u_round                    round_WIDTH16_FRAC_W4_LUT_IDX_W3_340                                      22     41.040     0.000       41.040 Small (T)  
    gen_tr_exp_lanes[6].u_tr_exp tr_exp_alu_WIDTH16_FRAC_W4_LUT_IDX_W3_ITER2_346                           34     75.600     0.000       75.600 Small (T)  
      u_quad                     quadratic_divider_WIDTH16_FRAC_W4_10410                                    6     14.040     0.000       14.040 Small (T)  
      u_round                    round_WIDTH16_FRAC_W4_LUT_IDX_W3_339                                      22     41.040     0.000       41.040 Small (T)  
    gen_tr_exp_lanes[7].u_tr_exp tr_exp_alu_WIDTH16_FRAC_W4_LUT_IDX_W3_ITER2_345                           34     75.600     0.000       75.600 Small (T)  
      u_quad                     quadratic_divider_WIDTH16_FRAC_W4_10409                                    6     14.040     0.000       14.040 Small (T)  
      u_round                    round_WIDTH16_FRAC_W4_LUT_IDX_W3_338                                      22     41.040     0.000       41.040 Small (T)  
    gen_tr_lanes[0].u_tr_ln      tr_ln_alu_WIDTH16_BITS4_OUT_WIDTH16                                      184    674.640     0.000      674.640 Small (T)  
    gen_tr_lanes[1].u_tr_ln      tr_ln_alu_WIDTH16_BITS4_OUT_WIDTH16_358                                  189    722.520     0.000      722.520 Small (T)  
    gen_tr_lanes[2].u_tr_ln      tr_ln_alu_WIDTH16_BITS4_OUT_WIDTH16_357                                  194    732.960     0.000      732.960 Small (T)  
    gen_tr_lanes[3].u_tr_ln      tr_ln_alu_WIDTH16_BITS4_OUT_WIDTH16_356                                  185    702.360     0.000      702.360 Small (T)  
    gen_tr_lanes[4].u_tr_ln      tr_ln_alu_WIDTH16_BITS4_OUT_WIDTH16_355                                  185    732.240     0.000      732.240 Small (T)  
    gen_tr_lanes[5].u_tr_ln      tr_ln_alu_WIDTH16_BITS4_OUT_WIDTH16_354                                  183    722.520     0.000      722.520 Small (T)  
    gen_tr_lanes[6].u_tr_ln      tr_ln_alu_WIDTH16_BITS4_OUT_WIDTH16_353                                  190    734.760     0.000      734.760 Small (T)  
    gen_tr_lanes[7].u_tr_ln      tr_ln_alu_WIDTH16_BITS4_OUT_WIDTH16_352                                  192    701.640     0.000      701.640 Small (T)  
    u_post_ln                    post_ln_modifier_N8_W16                                                 1099   3398.040     0.000     3398.040 Small (T)  
    u_pre_ln                     pre_ln_modifier_N8_WIDTH_IN16_FRAC_W4                                    344   1442.880     0.000     1442.880 Small (T)  
  u_mac                          mac_array_engine_N8_W16_ACC_W32                                        10713  44710.920     0.000    44710.920 Small (T)  
  u_max                          piped_max_NUM_INPUTS8_DATA_WIDTH16                                       448   1960.920     0.000     1960.920 Small (T)  
  u_rom                          shared_lut_rom_N8_LUT_IDX_W3                                              58    117.360     0.000      117.360 Small (T)  
  u_sub                          scalar_sub_NUM_INPUTS8_DATA_WIDTH16                                     1042   2655.360     0.000     2655.360 Small (T)  
  u_sym                          symmetry_modifier_N8_WIDTH_X16_WIDTH_Y16_FRAC_W4                         533   1826.640     0.000     1826.640 Small (T)  
  u_vecmul                       vec_mul_array_engine_N8_W16_ACC_W32                                    10020  42627.240     0.000    42627.240 Small (T)  
  (D) = wireload is default in technology library
  (T) = wireload mode is 'top'
