============================================================
  Generated by:           Genus(TM) Synthesis Solution 25.12-s067_1
  Generated on:           May 03 2026  12:53:34 pm
  Module:                 tr_nonlinear_vpu
  Operating conditions:   ss_typical_max_0p90v_125c (balanced_tree)
  Wireload mode:          top
  Area mode:              timing library
============================================================


Path 1: VIOLATED (-8000 ps) Late External Delay Assertion at pin vpu_data_out[0][4]
          Group: in2out
     Startpoint: (R) sram_data_a[0][1]
          Clock: (R) clk
       Endpoint: (R) vpu_data_out[0][4]
          Clock: (R) clk

                        Capture       Launch     
           Path Delay:+    5500            -     
           Drv Adjust:+       0           76     
          Src Latency:+       0            0     
          Net Latency:+       0 (I)        0 (I) 
        Capture Clock:+       0                  
              Arrival:=    5500           76     
                                                 
         Output Delay:-    1500                  
          Uncertainty:-     125                  
        Required Time:=    3875                  
         Launch Clock:-      76                  
          Input Delay:-    1500                  
            Data Path:-   10300                  
                Slack:=   -8000                  

Exceptions/Constraints:
  max_delay                5500            tr_nonlinear_vpu.sdc_line_19         
  input_delay              1500            tr_nonlinear_vpu.sdc_line_16_63_1    
  output_delay             1500            tr_nonlinear_vpu.sdc_line_18_217_1   

#--------------------------------------------------------------------------------------------------------------------------
#                      Timing Point                       Flags     Arc    Edge      Cell       Fanout Trans Delay Arrival 
#                                                                                                       (ps)  (ps)   (ps)  
#--------------------------------------------------------------------------------------------------------------------------
  sram_data_a[0][1]                                       (u)     -        R     (arrival)          20   149     0    1576 
  u_alpha/minus_20_44_I1/g3/z                             (u)     in_0->z  F     unmapped_not        2     0    50    1626 
  u_alpha/minus_20_44_I1/g15/z                            (u)     in_1->z  R     unmapped_nor2       1     0    61    1687 
  u_alpha/minus_20_44_I1/g29/z                            (u)     in_0->z  F     unmapped_not        2     0    50    1737 
  u_alpha/minus_20_44_I1/g30/z                            (u)     in_1->z  R     unmapped_nand2      1     0    61    1798 
  u_alpha/minus_20_44_I1/g31/z                            (u)     in_1->z  F     unmapped_nand2      3     0    82    1879 
  u_alpha/minus_20_44_I1/g47/z                            (u)     in_1->z  R     unmapped_nand2      1     0    61    1940 
  u_alpha/minus_20_44_I1/g48/z                            (u)     in_1->z  F     unmapped_nand2      4     0    90    2031 
  u_alpha/minus_20_44_I1/g60/z                            (u)     in_0->z  R     unmapped_nand2      1     0    61    2091 
  u_alpha/minus_20_44_I1/g61/z                            (u)     in_1->z  F     unmapped_nand2      1     0    61    2152 
  u_alpha/minus_20_44_I1/g81/z                            (u)     in_0->z  F     unmapped_xnor2      1     0   118    2270 
  u_alpha/mux_20_26/g2/z                                  (u)     data1->z F     unmapped_bmux2      3     0   139    2409 
  u_alpha/ctl_GEN_LANES[0].abs_z_23_23/g3/z               (u)     in_0->z  R     unmapped_not        1     0    37    2446 
  u_alpha/ctl_GEN_LANES[0].abs_z_23_23/g2/z               (u)     in_1->z  F     unmapped_nand2      2     0    74    2520 
  u_alpha/ctl_GEN_LANES[0].abs_z_23_23/g4/z               (u)     in_0->z  R     unmapped_nor2       2     0    74    2594 
  u_alpha/mux_GEN_LANES[0].alpha_g_23_23/g1/z             (u)     sel1->z  R     unmapped_mux4       8     0   201    2795 
  u_alpha/mul_32_36_I1/g65/z                              (u)     in_0->z  F     unmapped_nand2      3     0    82    2877 
  u_alpha/mul_32_36_I1/g232/z                             (u)     in_1->z  R     unmapped_nand2      1     0    61    2938 
  u_alpha/mul_32_36_I1/g235/z                             (u)     in_0->z  F     unmapped_nand3      3     0   102    3039 
  u_alpha/mul_32_36_I1/g279/z                             (u)     in_1->z  R     unmapped_xor2       3     0   139    3178 
  u_alpha/mul_32_36_I1/g290/z                             (u)     in_0->z  R     unmapped_xor2       1     0   118    3296 
  u_alpha/mul_32_36_I1/g291/z                             (u)     in_0->z  R     unmapped_xor2       3     0   139    3435 
  u_alpha/mul_32_36_I1/g296/z                             (u)     in_1->z  R     unmapped_xor2       1     0   118    3553 
  u_alpha/mul_32_36_I1/g297/z                             (u)     in_0->z  F     unmapped_xor2       2     0   132    3685 
  u_alpha/mul_32_36_I1/g413/z                             (u)     in_1->z  R     unmapped_nor2       3     0    82    3766 
  u_alpha/mul_32_36_I1/g440/z                             (u)     in_1->z  F     unmapped_nor2       1     0    61    3827 
  u_alpha/mul_32_36_I1/g442/z                             (u)     in_0->z  R     unmapped_nor2       3     0    82    3909 
  u_alpha/mul_32_36_I1/g91/z                              (u)     in_0->z  F     unmapped_nor2       1     0    61    3969 
  u_alpha/mul_32_36_I1/g93/z                              (u)     in_0->z  R     unmapped_nor2       4     0    90    4060 
  u_alpha/mul_32_36_I1/g458/z                             (u)     in_1->z  F     unmapped_nor2       1     0    61    4121 
  u_alpha/mul_32_36_I1/g460/z                             (u)     in_0->z  R     unmapped_nor2       1     0    61    4181 
  u_alpha/mul_32_36_I1/g478/z                             (u)     in_0->z  F     unmapped_nand2      1     0    61    4242 
  u_alpha/mul_32_36_I1/g515/z                             (u)     in_0->z  R     unmapped_xnor2      3     0   139    4381 
  u_alpha/lt_35_42_I1/g17/z                               (u)     in_0->z  F     unmapped_not        2     0    50    4431 
  u_alpha/lt_35_42_I1/g52/z                               (u)     in_0->z  R     unmapped_nand2      1     0    61    4492 
  u_alpha/lt_35_42_I1/g81/z                               (u)     in_0->z  F     unmapped_not        1     0    37    4529 
  u_alpha/lt_35_42_I1/g82/z                               (u)     in_1->z  R     unmapped_nor2       1     0    61    4590 
  u_alpha/lt_35_42_I1/g116/z                              (u)     in_0->z  F     unmapped_not        1     0    37    4626 
  u_alpha/lt_35_42_I1/g117/z                              (u)     in_1->z  R     unmapped_nor2       1     0    61    4687 
  u_alpha/lt_35_42_I1/g144/z                              (u)     in_0->z  F     unmapped_not        1     0    37    4724 
  u_alpha/lt_35_42_I1/g145/z                              (u)     in_1->z  R     unmapped_nor2       1     0    61    4784 
  u_alpha/lt_35_42_I1/g165/z                              (u)     in_0->z  F     unmapped_nand2      1     0    61    4845 
  u_alpha/lt_35_42_I1/g18/z                               (u)     in_0->z  R     unmapped_not        8     0    89    4934 
  u_alpha/mux_GEN_LANES[0].x_scaled_35_42/g7/z            (u)     sel0->z  F     unmapped_bmux2      1     0   118    5052 
  u_alpha/mux_GEN_LANES[0].x_scaled_34_37/g7/z            (u)     data0->z F     unmapped_bmux2      3     0   139    5191 
  u_alpha/minus_40_47_I1/g3/z                             (u)     in_0->z  R     unmapped_not        2     0    50    5242 
  u_alpha/minus_40_47_I1/g15/z                            (u)     in_1->z  F     unmapped_nor2       1     0    61    5302 
  u_alpha/minus_40_47_I1/g29/z                            (u)     in_0->z  R     unmapped_not        2     0    50    5352 
  u_alpha/minus_40_47_I1/g30/z                            (u)     in_1->z  F     unmapped_nand2      1     0    61    5413 
  u_alpha/minus_40_47_I1/g31/z                            (u)     in_1->z  R     unmapped_nand2      3     0    82    5495 
  u_alpha/minus_40_47_I1/g47/z                            (u)     in_1->z  F     unmapped_nand2      1     0    61    5556 
  u_alpha/minus_40_47_I1/g48/z                            (u)     in_1->z  R     unmapped_nand2      4     0    90    5646 
  u_alpha/minus_40_47_I1/g65/z                            (u)     in_0->z  F     unmapped_nand2      1     0    61    5707 
  u_alpha/minus_40_47_I1/g66/z                            (u)     in_1->z  R     unmapped_nand2      1     0    61    5768 
  u_alpha/minus_40_47_I1/g86/z                            (u)     in_0->z  R     unmapped_xnor2      1     0   118    5886 
  u_alpha/mux_40_40/g1/z                                  (u)     data1->z R     unmapped_bmux2     10     0   179    6064 
  mux_bb_in[0]_86_19/g9/z                                 (u)     data1->z R     unmapped_bmux4      3     0   239    6303 
  u_backbone/u_pre_ln/add_28_36_I1/g21/z                  (u)     in_0->z  F     unmapped_nor2       3     0    82    6385 
  u_backbone/u_pre_ln/add_28_36_I1/g53/z                  (u)     in_1->z  R     unmapped_nor2       2     0    74    6459 
  u_backbone/u_pre_ln/add_28_36_I1/g80/z                  (u)     in_0->z  F     unmapped_not        1     0    37    6496 
  u_backbone/u_pre_ln/add_28_36_I1/g81/z                  (u)     in_1->z  R     unmapped_nor2       1     0    61    6556 
  u_backbone/u_pre_ln/add_28_36_I1/g83/z                  (u)     in_0->z  F     unmapped_nor2       1     0    61    6617 
  u_backbone/u_pre_ln/add_28_36_I1/g115/z                 (u)     in_0->z  R     unmapped_nand2      8     0   113    6730 
  u_backbone/u_pre_ln/add_28_36_I1/g148/z                 (u)     in_1->z  F     unmapped_nand2      1     0    61    6791 
  u_backbone/u_pre_ln/add_28_36_I1/g149/z                 (u)     in_1->z  R     unmapped_nand2      1     0    61    6852 
  u_backbone/u_pre_ln/add_28_36_I1/g189/z                 (u)     in_0->z  F     unmapped_xnor2      1     0   118    6970 
  u_backbone/u_pre_ln/mux_y_out[0]_27_17/g1/z             (u)     data1->z F     unmapped_bmux2      7     0   164    7134 
  u_backbone/gen_tr_lanes[0].u_tr_ln/ctl_xq_32_17/g87/z   (u)     in_0->z  R     unmapped_not        4     0    66    7200 
  u_backbone/gen_tr_lanes[0].u_tr_ln/ctl_xq_32_17/g21/z   (u)     in_0->z  F     unmapped_nand4     12     0   175    7375 
  u_backbone/gen_tr_lanes[0].u_tr_ln/ctl_xq_32_17/g75/z   (u)     in_0->z  R     unmapped_nor4       5     0   141    7516 
  u_backbone/gen_tr_lanes[0].u_tr_ln/mux_msb_32_17/g4/z   (u)     sel14->z R     unmapped_mux17      4     0   302    7818 
  u_backbone/gen_tr_lanes[0].u_tr_ln/sub_39_41/g5/z       (u)     in_0->z  F     unmapped_not        1     0    37    7854 
  u_backbone/gen_tr_lanes[0].u_tr_ln/sub_39_41/g7/z       (u)     in_1->z  R     unmapped_xor2       1     0   118    7973 
  u_backbone/gen_tr_lanes[0].u_tr_ln/sub_39_41/g38/z      (u)     in_0->z  F     unmapped_not       17     0   124    8096 
  u_backbone/gen_tr_lanes[0].u_tr_ln/sll_39_27/g1/z       (u)     in_0->z  R     unmapped_not       15     0   118    8214 
  u_backbone/gen_tr_lanes[0].u_tr_ln/sll_39_27/g82/z      (u)     sel0->z  R     unmapped_mux2       2     0   117    8331 
  u_backbone/gen_tr_lanes[0].u_tr_ln/sll_39_27/g96/z      (u)     data1->z R     unmapped_mux2       2     0   117    8448 
  u_backbone/gen_tr_lanes[0].u_tr_ln/sll_39_27/g108/z     (u)     data1->z R     unmapped_mux2       2     0   117    8565 
  u_backbone/gen_tr_lanes[0].u_tr_ln/sll_39_27/g116/z     (u)     data1->z R     unmapped_mux2       1     0   103    8668 
  u_backbone/gen_tr_lanes[0].u_tr_ln/mux_39_27/g1/z       (u)     data0->z R     unmapped_bmux2      2     0   132    8800 
  u_backbone/gen_tr_lanes[0].u_tr_ln/add_46_26/g15/z      (u)     in_0->z  F     unmapped_nor2       2     0    74    8874 
  u_backbone/gen_tr_lanes[0].u_tr_ln/add_46_26/g55/z      (u)     in_0->z  R     unmapped_not        2     0    50    8924 
  u_backbone/gen_tr_lanes[0].u_tr_ln/add_46_26/g76/z      (u)     in_0->z  F     unmapped_nand2      1     0    61    8985 
  u_backbone/gen_tr_lanes[0].u_tr_ln/add_46_26/g77/z      (u)     in_1->z  R     unmapped_xnor2      6     0   157    9142 
  u_backbone/gen_tr_lanes[0].u_tr_ln/add_49_34/g9/z       (u)     in_1->z  F     unmapped_nor2       1     0    61    9203 
  u_backbone/gen_tr_lanes[0].u_tr_ln/add_49_34/g25/z      (u)     in_0->z  R     unmapped_not        2     0    50    9253 
  u_backbone/gen_tr_lanes[0].u_tr_ln/add_49_34/g26/z      (u)     in_1->z  F     unmapped_nand2      1     0    61    9314 
  u_backbone/gen_tr_lanes[0].u_tr_ln/add_49_34/g27/z      (u)     in_1->z  R     unmapped_nand2      3     0    82    9396 
  u_backbone/gen_tr_lanes[0].u_tr_ln/add_49_34/g41/z      (u)     in_0->z  F     unmapped_nand2      1     0    61    9456 
  u_backbone/gen_tr_lanes[0].u_tr_ln/add_49_34/g42/z      (u)     in_1->z  R     unmapped_nand2      1     0    61    9517 
  u_backbone/gen_tr_lanes[0].u_tr_ln/add_49_34/g75/z      (u)     in_0->z  R     unmapped_xnor2      2     0   132    9649 
  u_backbone/gen_tr_lanes[0].u_tr_ln/add_49_51/g13/z      (u)     in_0->z  F     unmapped_nor2       3     0    82    9730 
  u_backbone/gen_tr_lanes[0].u_tr_ln/add_49_51/g31/z      (u)     in_1->z  R     unmapped_nor2       1     0    61    9791 
  u_backbone/gen_tr_lanes[0].u_tr_ln/add_49_51/g43/z      (u)     in_0->z  F     unmapped_nand2      1     0    61    9852 
  u_backbone/gen_tr_lanes[0].u_tr_ln/add_49_51/g44/z      (u)     in_1->z  R     unmapped_nand2      5     0    96    9948 
  u_backbone/gen_tr_lanes[0].u_tr_ln/add_49_51/g77/z      (u)     in_0->z  R     unmapped_xnor2      4     0   148   10095 
  u_backbone/u_post_ln/minus_42_33_I1/g5/z                (u)     in_0->z  F     unmapped_not        2     0    50   10146 
  u_backbone/u_post_ln/minus_42_33_I1/g19/z               (u)     in_1->z  R     unmapped_nor2       3     0    82   10227 
  u_backbone/u_post_ln/minus_42_33_I1/g74/z               (u)     in_0->z  F     unmapped_not        1     0    37   10264 
  u_backbone/u_post_ln/minus_42_33_I1/g75/z               (u)     in_0->z  R     unmapped_nand2      1     0    61   10324 
  u_backbone/u_post_ln/minus_42_33_I1/g76/z               (u)     in_1->z  R     unmapped_xnor2      1     0   118   10443 
  u_backbone/u_post_ln/mux_y_out[0]_24_19/g5/z            (u)     data2->z R     unmapped_bmux4      8     0   270   10713 
  u_backbone/gen_tr_exp_lanes[0].u_tr_exp/u_quad/g2/z     (u)     in_0->z  R     unmapped_and2       3     0    82   10794 
  u_backbone/gen_tr_exp_lanes[0].u_tr_exp/u_quad/g9/z     (u)     in_0->z  R     unmapped_and2       1     0    61   10855 
  u_backbone/gen_tr_exp_lanes[0].u_tr_exp/u_quad/g10/z    (u)     in_1->z  R     unmapped_or2        1     0    61   10916 
  u_backbone/gen_tr_exp_lanes[0].u_tr_exp/u_quad/g13/z    (u)     in_0->z  R     unmapped_or2        2     0    74   10990 
  u_backbone/gen_tr_exp_lanes[0].u_tr_exp/add_53_39/g2/z  (u)     in_1->z  F     unmapped_nand2      1     0    61   11051 
  u_backbone/gen_tr_exp_lanes[0].u_tr_exp/add_53_39/g40/z (u)     in_0->z  R     unmapped_not        2     0    50   11101 
  u_backbone/gen_tr_exp_lanes[0].u_tr_exp/add_53_39/g15/z (u)     in_0->z  F     unmapped_nand2      1     0    61   11162 
  u_backbone/gen_tr_exp_lanes[0].u_tr_exp/add_53_39/g16/z (u)     in_1->z  R     unmapped_nand2      3     0    82   11244 
  u_backbone/gen_tr_exp_lanes[0].u_tr_exp/add_53_39/g24/z (u)     in_1->z  F     unmapped_nand2      1     0    61   11304 
  u_backbone/gen_tr_exp_lanes[0].u_tr_exp/add_53_39/g25/z (u)     in_1->z  R     unmapped_nand2      2     0    74   11379 
  u_backbone/gen_tr_exp_lanes[0].u_tr_exp/add_53_39/g37/z (u)     in_0->z  R     unmapped_xnor2     10     0   179   11558 
  mux_vpu_data_out[0]_123_19/g4/z                         (u)     data1->z R     unmapped_bmux8      1     0   318   11875 
  vpu_data_out[0][4]                                      -       -        R     (port)              -     -     0   11875 
#--------------------------------------------------------------------------------------------------------------------------

(u) : Net has unmapped pin(s).

