============================================================
  Generated by:           Genus(TM) Synthesis Solution 25.12-s067_1
  Generated on:           May 03 2026  12:53:34 pm
  Module:                 tr_nonlinear_vpu
  Operating conditions:   ss_typical_max_0p90v_125c (balanced_tree)
  Wireload mode:          top
  Area mode:              timing library
============================================================


Path 1: VIOLATED (-1431 ps) Setup Check with Pin u_vecmul/a_reg_reg[0][4]/clk->d
          Group: reg2reg
     Startpoint: (R) u_mac/out_dot_reg[5]/clk
          Clock: (R) clk
       Endpoint: (R) u_vecmul/a_reg_reg[0][4]/d
          Clock: (R) clk

                     Capture       Launch     
        Clock Edge:+    5000            0     
       Src Latency:+       0            0     
       Net Latency:+       0 (I)        0 (I) 
           Arrival:=    5000            0     
                                              
             Setup:-     164                  
       Uncertainty:-     125                  
     Required Time:=    4711                  
      Launch Clock:-       0                  
         Data Path:-    6141                  
             Slack:=   -1431                  

#---------------------------------------------------------------------------------------------------------------------------
#                      Timing Point                       Flags     Arc    Edge      Cell        Fanout Trans Delay Arrival 
#                                                                                                        (ps)  (ps)   (ps)  
#---------------------------------------------------------------------------------------------------------------------------
  u_mac/out_dot_reg[5]/clk                                -       -        R     (arrival)         1033     0     0       0 
  u_mac/out_dot_reg[5]/q                                  (u)     clk->q   R     unmapped_d_flop     11     0   399     399 
  mux_bb_in[0]_86_19/g11/z                                (u)     data0->z R     unmapped_bmux4       3     0   239     638 
  u_backbone/u_pre_ln/add_28_36_I1/g17/z                  (u)     in_0->z  F     unmapped_nor2        3     0    82     719 
  u_backbone/u_pre_ln/add_28_36_I1/g46/z                  (u)     in_1->z  R     unmapped_nor2        1     0    61     780 
  u_backbone/u_pre_ln/add_28_36_I1/g48/z                  (u)     in_0->z  F     unmapped_nor2        3     0    82     861 
  u_backbone/u_pre_ln/add_28_36_I1/g81/z                  (u)     in_0->z  R     unmapped_nor2        1     0    61     922 
  u_backbone/u_pre_ln/add_28_36_I1/g83/z                  (u)     in_0->z  F     unmapped_nor2        1     0    61     983 
  u_backbone/u_pre_ln/add_28_36_I1/g115/z                 (u)     in_0->z  R     unmapped_nand2       8     0   113    1096 
  u_backbone/u_pre_ln/add_28_36_I1/g148/z                 (u)     in_1->z  F     unmapped_nand2       1     0    61    1157 
  u_backbone/u_pre_ln/add_28_36_I1/g149/z                 (u)     in_1->z  R     unmapped_nand2       1     0    61    1218 
  u_backbone/u_pre_ln/add_28_36_I1/g189/z                 (u)     in_0->z  F     unmapped_xnor2       1     0   118    1336 
  u_backbone/u_pre_ln/mux_y_out[0]_27_17/g1/z             (u)     data1->z F     unmapped_bmux2       7     0   164    1500 
  u_backbone/gen_tr_lanes[0].u_tr_ln/ctl_xq_32_17/g87/z   (u)     in_0->z  R     unmapped_not         4     0    66    1566 
  u_backbone/gen_tr_lanes[0].u_tr_ln/ctl_xq_32_17/g21/z   (u)     in_0->z  F     unmapped_nand4      12     0   175    1741 
  u_backbone/gen_tr_lanes[0].u_tr_ln/ctl_xq_32_17/g75/z   (u)     in_0->z  R     unmapped_nor4        5     0   141    1882 
  u_backbone/gen_tr_lanes[0].u_tr_ln/mux_msb_32_17/g4/z   (u)     sel14->z R     unmapped_mux17       4     0   302    2184 
  u_backbone/gen_tr_lanes[0].u_tr_ln/sub_39_41/g5/z       (u)     in_0->z  F     unmapped_not         1     0    37    2220 
  u_backbone/gen_tr_lanes[0].u_tr_ln/sub_39_41/g7/z       (u)     in_1->z  R     unmapped_xor2        1     0   118    2338 
  u_backbone/gen_tr_lanes[0].u_tr_ln/sub_39_41/g38/z      (u)     in_0->z  F     unmapped_not        17     0   124    2462 
  u_backbone/gen_tr_lanes[0].u_tr_ln/sll_39_27/g1/z       (u)     in_0->z  R     unmapped_not        15     0   118    2580 
  u_backbone/gen_tr_lanes[0].u_tr_ln/sll_39_27/g82/z      (u)     sel0->z  R     unmapped_mux2        2     0   117    2697 
  u_backbone/gen_tr_lanes[0].u_tr_ln/sll_39_27/g96/z      (u)     data1->z R     unmapped_mux2        2     0   117    2814 
  u_backbone/gen_tr_lanes[0].u_tr_ln/sll_39_27/g108/z     (u)     data1->z R     unmapped_mux2        2     0   117    2930 
  u_backbone/gen_tr_lanes[0].u_tr_ln/sll_39_27/g116/z     (u)     data1->z R     unmapped_mux2        1     0   103    3034 
  u_backbone/gen_tr_lanes[0].u_tr_ln/mux_39_27/g1/z       (u)     data0->z R     unmapped_bmux2       2     0   132    3165 
  u_backbone/gen_tr_lanes[0].u_tr_ln/add_46_26/g15/z      (u)     in_0->z  F     unmapped_nor2        2     0    74    3240 
  u_backbone/gen_tr_lanes[0].u_tr_ln/add_46_26/g55/z      (u)     in_0->z  R     unmapped_not         2     0    50    3290 
  u_backbone/gen_tr_lanes[0].u_tr_ln/add_46_26/g76/z      (u)     in_0->z  F     unmapped_nand2       1     0    61    3351 
  u_backbone/gen_tr_lanes[0].u_tr_ln/add_46_26/g77/z      (u)     in_1->z  R     unmapped_xnor2       6     0   157    3508 
  u_backbone/gen_tr_lanes[0].u_tr_ln/add_49_34/g9/z       (u)     in_1->z  F     unmapped_nor2        1     0    61    3569 
  u_backbone/gen_tr_lanes[0].u_tr_ln/add_49_34/g25/z      (u)     in_0->z  R     unmapped_not         2     0    50    3619 
  u_backbone/gen_tr_lanes[0].u_tr_ln/add_49_34/g26/z      (u)     in_1->z  F     unmapped_nand2       1     0    61    3680 
  u_backbone/gen_tr_lanes[0].u_tr_ln/add_49_34/g27/z      (u)     in_1->z  R     unmapped_nand2       3     0    82    3761 
  u_backbone/gen_tr_lanes[0].u_tr_ln/add_49_34/g41/z      (u)     in_0->z  F     unmapped_nand2       1     0    61    3822 
  u_backbone/gen_tr_lanes[0].u_tr_ln/add_49_34/g42/z      (u)     in_1->z  R     unmapped_nand2       1     0    61    3883 
  u_backbone/gen_tr_lanes[0].u_tr_ln/add_49_34/g75/z      (u)     in_0->z  R     unmapped_xnor2       2     0   132    4015 
  u_backbone/gen_tr_lanes[0].u_tr_ln/add_49_51/g13/z      (u)     in_0->z  F     unmapped_nor2        3     0    82    4096 
  u_backbone/gen_tr_lanes[0].u_tr_ln/add_49_51/g31/z      (u)     in_1->z  R     unmapped_nor2        1     0    61    4157 
  u_backbone/gen_tr_lanes[0].u_tr_ln/add_49_51/g43/z      (u)     in_0->z  F     unmapped_nand2       1     0    61    4218 
  u_backbone/gen_tr_lanes[0].u_tr_ln/add_49_51/g44/z      (u)     in_1->z  R     unmapped_nand2       5     0    96    4313 
  u_backbone/gen_tr_lanes[0].u_tr_ln/add_49_51/g77/z      (u)     in_0->z  R     unmapped_xnor2       4     0   148    4461 
  u_backbone/u_post_ln/minus_42_33_I1/g5/z                (u)     in_0->z  F     unmapped_not         2     0    50    4511 
  u_backbone/u_post_ln/minus_42_33_I1/g19/z               (u)     in_1->z  R     unmapped_nor2        3     0    82    4593 
  u_backbone/u_post_ln/minus_42_33_I1/g74/z               (u)     in_0->z  F     unmapped_not         1     0    37    4630 
  u_backbone/u_post_ln/minus_42_33_I1/g75/z               (u)     in_0->z  R     unmapped_nand2       1     0    61    4690 
  u_backbone/u_post_ln/minus_42_33_I1/g76/z               (u)     in_1->z  R     unmapped_xnor2       1     0   118    4808 
  u_backbone/u_post_ln/mux_y_out[0]_24_19/g5/z            (u)     data2->z R     unmapped_bmux4       8     0   270    5079 
  u_backbone/gen_tr_exp_lanes[0].u_tr_exp/u_quad/g2/z     (u)     in_0->z  R     unmapped_and2        3     0    82    5160 
  u_backbone/gen_tr_exp_lanes[0].u_tr_exp/u_quad/g9/z     (u)     in_0->z  R     unmapped_and2        1     0    61    5221 
  u_backbone/gen_tr_exp_lanes[0].u_tr_exp/u_quad/g10/z    (u)     in_1->z  R     unmapped_or2         1     0    61    5282 
  u_backbone/gen_tr_exp_lanes[0].u_tr_exp/u_quad/g13/z    (u)     in_0->z  R     unmapped_or2         2     0    74    5356 
  u_backbone/gen_tr_exp_lanes[0].u_tr_exp/add_53_39/g2/z  (u)     in_1->z  F     unmapped_nand2       1     0    61    5417 
  u_backbone/gen_tr_exp_lanes[0].u_tr_exp/add_53_39/g40/z (u)     in_0->z  R     unmapped_not         2     0    50    5467 
  u_backbone/gen_tr_exp_lanes[0].u_tr_exp/add_53_39/g15/z (u)     in_0->z  F     unmapped_nand2       1     0    61    5528 
  u_backbone/gen_tr_exp_lanes[0].u_tr_exp/add_53_39/g16/z (u)     in_1->z  R     unmapped_nand2       3     0    82    5610 
  u_backbone/gen_tr_exp_lanes[0].u_tr_exp/add_53_39/g24/z (u)     in_1->z  F     unmapped_nand2       1     0    61    5670 
  u_backbone/gen_tr_exp_lanes[0].u_tr_exp/add_53_39/g25/z (u)     in_1->z  R     unmapped_nand2       2     0    74    5745 
  u_backbone/gen_tr_exp_lanes[0].u_tr_exp/add_53_39/g37/z (u)     in_0->z  R     unmapped_xnor2      10     0   179    5923 
  mux_vecmul_in_a[0]_109_19/g4/z                          (u)     data2->z R     unmapped_bmux4       1     0   218    6141 
  u_vecmul/a_reg_reg[0][4]/d                              -       -        R     unmapped_d_flop      1     -     0    6141 
#---------------------------------------------------------------------------------------------------------------------------

(u) : Net has unmapped pin(s).

