============================================================
  Generated by:           Genus(TM) Synthesis Solution 25.12-s067_1
  Generated on:           Sep 28 2026  12:09:38 am
  Module:                 ibert_rmsnorm
  Operating conditions:   ss_typical_max_0p90v_125c (balanced_tree)
  Wireload mode:          top
  Area mode:              timing library
============================================================


Summary
-------
--------------------------------------------------------------------------
            Category            Number     %    Average Toggle Saving %   
--------------------------------------------------------------------------
 Total Clock Gating Instances       16  100.00                         -  
--------------------------------------------------------------------------
 RC Clock Gating Instances          16  100.00                     91.63  
 Non-RC Clock Gating Instances       0    0.00                      0.00  
--------------------------------------------------------------------------
 RC Gated Flip-flops               339   96.58                     81.42  
 Non-RC Gated Flip-flops             0    0.00                      0.00  
--------------------------------------------------------------------------
 Total Gated Flip-flops            339   96.58                         -  
 Total Ungated Flip-flops           12    3.42                         -  
 Enable signal is constant           3   25.00                         -  
 Register bank width too small       9   75.00                         -  
--------------------------------------------------------------------------
 Total Flip-flops                  351  100.00                         -  
--------------------------------------------------------------------------
Multibit Flip-flop Summary
--------------------------
-------------------------------------------------------
Width     Number     Bits     RC Gated     Ungated     
-------------------------------------------------------
1-bit     351        351      339 (96.58%) 12 (3.42%)  
-------------------------------------------------------


