============================================================
  Generated by:           Genus(TM) Synthesis Solution 25.12-s067_1
  Generated on:           Mar 25 2026  05:49:31 pm
  Module:                 vec_mac_su
  Operating conditions:   ss_typical_max_0p90v_125c (balanced_tree)
  Wireload mode:          top
  Area mode:              timing library
============================================================


Path 1: MET (0 ps) Setup Check with Pin prod_reg_reg[13][24]/CK->D
          Group: reg2reg
     Startpoint: (R) a_reg_reg[13][3]/CK
          Clock: (R) clk
       Endpoint: (R) prod_reg_reg[13][24]/D
          Clock: (R) clk

                     Capture       Launch     
        Clock Edge:+    3000            0     
       Src Latency:+       0            0     
       Net Latency:+       0 (I)        0 (I) 
           Arrival:=    3000            0     
                                              
             Setup:-      71                  
       Uncertainty:-     125                  
     Required Time:=    2804                  
      Launch Clock:-       0                  
         Data Path:-    2804                  
             Slack:=       0                  

#-------------------------------------------------------------------------------------------------------------------------
#                     Timing Point                      Flags    Arc   Edge       Cell         Fanout Trans Delay Arrival 
#                                                                                                      (ps)  (ps)   (ps)  
#-------------------------------------------------------------------------------------------------------------------------
  a_reg_reg[13][3]/CK                                   -       -      R     (arrival)            784     0     0       0 
  a_reg_reg[13][3]/Q                                    -       CK->Q  F     DFFQ_X3M_A9TL          2    91   281     281 
  MULT_TC_OP_1_Y_MULT_TC_OP_Y_MULT_UNS_OP1407_g7421/Y   -       A->Y   R     INV_X9M_A9TL          13   109    98     378 
  MULT_TC_OP_1_Y_MULT_TC_OP_Y_MULT_UNS_OP1407_g7416/Y   -       A->Y   F     INV_X5M_A9TL          11    94    89     467 
  MULT_TC_OP_1_Y_MULT_TC_OP_Y_MULT_UNS_OP1407_g7273/Y   -       B1->Y  R     OAI22_X1M_A9TL         2   346   220     687 
  MULT_TC_OP_1_Y_MULT_TC_OP_Y_MULT_UNS_OP1407_g7018/Y   -       A0->Y  F     AOI22_X3M_A9TL         1   144   145     832 
  MULT_TC_OP_1_Y_MULT_TC_OP_Y_MULT_UNS_OP1407_g6863/CO  -       CI->CO F     ADDF_X2M_A9TL          2   105   249    1081 
  MULT_TC_OP_1_Y_MULT_TC_OP_Y_MULT_UNS_OP1407_g6794/Y   -       B->Y   F     XNOR3_X1P4M_A9TL       2   120   304    1386 
  MULT_TC_OP_1_Y_MULT_TC_OP_Y_MULT_UNS_OP1407_g6763/Y   -       A->Y   R     INV_X2M_A9TL           1    62    68    1454 
  MULT_TC_OP_1_Y_MULT_TC_OP_Y_MULT_UNS_OP1407_g6750/CON -       A->CON F     CGENI_X1M_A9TL         1   139   102    1556 
  MULT_TC_OP_1_Y_MULT_TC_OP_Y_MULT_UNS_OP1407_g6669/SUM -       A->SUM F     ADDFH_X2M_A9TL         2   105   385    1941 
  MULT_TC_OP_1_Y_MULT_TC_OP_Y_MULT_UNS_OP1407_g6651/Y   -       B->Y   R     NAND2_X3A_A9TL         3    80    86    2027 
  MULT_TC_OP_1_Y_MULT_TC_OP_Y_MULT_UNS_OP1407_g6625/Y   -       B->Y   R     AND2_X3M_A9TL          2    72   122    2149 
  MULT_TC_OP_1_Y_MULT_TC_OP_Y_MULT_UNS_OP1407_g6617/Y   -       B->Y   R     AND2_X3M_A9TL          3    84   130    2279 
  MULT_TC_OP_1_Y_MULT_TC_OP_Y_MULT_UNS_OP1407_g6614/Y   -       A->Y   F     NAND2_X1P4M_A9TL       1    87    64    2343 
  MULT_TC_OP_1_Y_MULT_TC_OP_Y_MULT_UNS_OP1407_g6609/Y   -       BN->Y  F     NAND2XB_X3M_A9TL       1    75   144    2488 
  MULT_TC_OP_1_Y_MULT_TC_OP_Y_MULT_UNS_OP1407_g6600/Y   -       A->Y   R     NAND3XXB_X6M_A9TL      1   111    72    2560 
  MULT_TC_OP_1_Y_MULT_TC_OP_Y_MULT_UNS_OP1407_g6592/Y   -       S0->Y  R     MXIT2_X3M_A9TL         2   141    96    2656 
  g3728__5122/Y                                         -       B0->Y  R     AO1B2_X2M_A9TL         1    63   148    2804 
  prod_reg_reg[13][24]/D                                -       -      R     DFFQ_X1M_A9TL          1     -     0    2804 
#-------------------------------------------------------------------------------------------------------------------------

