============================================================
  Generated by:           Genus(TM) Synthesis Solution 25.12-s067_1
  Generated on:           Sep 23 2026  04:36:53 pm
  Module:                 tr_soc_top_mx
  Operating conditions:   ss_typical_max_0p90v_125c (balanced_tree)
  Wireload mode:          top
  Area mode:              timing library
============================================================


Path 1: MET (1092 ps) Late External Delay Assertion at pin mmio_rdata[0]
          Group: in2out
     Startpoint: (R) mmio_addr[2]
          Clock: (R) clk
       Endpoint: (R) mmio_rdata[0]
          Clock: (R) clk

                        Capture       Launch     
           Path Delay:+    3630            -     
           Drv Adjust:+       0           17     
          Src Latency:+       0            0     
          Net Latency:+       0 (I)        0 (I) 
        Capture Clock:+       0                  
              Arrival:=    3630           17     
                                                 
         Output Delay:-     990                  
          Uncertainty:-     125                  
        Required Time:=    2515                  
         Launch Clock:-      17                  
          Input Delay:-     990                  
            Data Path:-     416                  
                Slack:=    1092                  

Exceptions/Constraints:
  max_delay                3630            dut.sdc_line_18         
  input_delay              990             dut.sdc_line_15_6_1     
  output_delay             990             dut.sdc_line_17_922_1   

#---------------------------------------------------------------------------------------------------
#           Timing Point            Flags    Arc    Edge      Cell       Fanout Trans Delay Arrival 
#                                                                                (ps)  (ps)   (ps)  
#---------------------------------------------------------------------------------------------------
  mmio_addr[2]                      (u)     -       R     (arrival)           4    55     0    1007 
  u_ctrl/eq_114_23/g3/z             (u)     in_0->z R     unmapped_xnor2      1     0   118    1125 
  u_ctrl/eq_114_23/g6/z             (u)     in_3->z F     unmapped_nand4      1     0   106    1231 
  u_ctrl/eq_114_23/g8/z             (u)     in_0->z R     unmapped_nor2       2     0    74    1305 
  u_ctrl/mux_mmio_rdata_114_23/g2/z (u)     sel0->z R     unmapped_bmux2      1     0   118    1423 
  mmio_rdata[0]                     -       -       R     (port)              -     -     0    1423 
#---------------------------------------------------------------------------------------------------

(u) : Net has unmapped pin(s).

