============================================================
  Generated by:           Genus(TM) Synthesis Solution 25.12-s067_1
  Generated on:           Sep 23 2026  04:36:53 pm
  Module:                 tr_soc_top_mx
  Operating conditions:   ss_typical_max_0p90v_125c (balanced_tree)
  Wireload mode:          top
  Area mode:              timing library
============================================================


Path 1: VIOLATED (-7028 ps) Setup Check with Pin u_formatter/mx_mantissas_reg[0][7]/clk->d
          Group: reg2reg
     Startpoint: (R) u_vpu/vpu_data_out_reg[0][1]/clk
          Clock: (R) clk
       Endpoint: (R) u_formatter/mx_mantissas_reg[0][7]/d
          Clock: (R) clk

                     Capture       Launch     
        Clock Edge:+    3300            0     
       Src Latency:+       0            0     
       Net Latency:+       0 (I)        0 (I) 
           Arrival:=    3300            0     
                                              
             Setup:-     164                  
       Uncertainty:-     125                  
     Required Time:=    3011                  
      Launch Clock:-       0                  
         Data Path:-   10038                  
             Slack:=   -7028                  

#-------------------------------------------------------------------------------------------------------------
#               Timing Point                Flags     Arc    Edge      Cell        Fanout Trans Delay Arrival 
#                                                                                          (ps)  (ps)   (ps)  
#-------------------------------------------------------------------------------------------------------------
  u_vpu/vpu_data_out_reg[0][1]/clk          -       -        R     (arrival)         4532     0     0       0 
  u_vpu/vpu_data_out_reg[0][1]/q            (u)     clk->q   F     unmapped_d_flop      9     0   391     391 
  u_formatter/minus_36_54_I1/g3/z           (u)     in_0->z  R     unmapped_not         2     0    50     441 
  u_formatter/minus_36_54_I1/g23/z          (u)     in_1->z  F     unmapped_nor2        1     0    61     502 
  u_formatter/minus_36_54_I1/g53/z          (u)     in_0->z  R     unmapped_not         2     0    50     552 
  u_formatter/minus_36_54_I1/g54/z          (u)     in_1->z  F     unmapped_nand2       1     0    61     613 
  u_formatter/minus_36_54_I1/g55/z          (u)     in_1->z  R     unmapped_nand2       3     0    82     694 
  u_formatter/minus_36_54_I1/g87/z          (u)     in_1->z  F     unmapped_nand2       1     0    61     755 
  u_formatter/minus_36_54_I1/g88/z          (u)     in_1->z  R     unmapped_nand2       5     0    96     851 
  u_formatter/minus_36_54_I1/g128/z         (u)     in_0->z  F     unmapped_nand2       1     0    61     912 
  u_formatter/minus_36_54_I1/g129/z         (u)     in_1->z  R     unmapped_nand2       8     0   113    1025 
  u_formatter/minus_36_54_I1/g162/z         (u)     in_1->z  F     unmapped_nand2       1     0    61    1086 
  u_formatter/minus_36_54_I1/g163/z         (u)     in_1->z  R     unmapped_nand2       1     0    61    1146 
  u_formatter/minus_36_54_I1/g203/z         (u)     in_0->z  R     unmapped_xnor2       1     0   118    1264 
  u_formatter/mux_36_28/g1/z                (u)     data1->z R     unmapped_bmux2       2     0   132    1396 
  u_formatter/gt_39_28_I1/g83/z             (u)     in_1->z  F     unmapped_nor2        1     0    61    1457 
  u_formatter/gt_39_28_I1/g118/z            (u)     in_1->z  R     unmapped_nand2       1     0    61    1518 
  u_formatter/gt_39_28_I1/g146/z            (u)     in_1->z  F     unmapped_nor2        1     0    61    1578 
  u_formatter/gt_39_28_I1/g164/z            (u)     in_0->z  R     unmapped_nand2      16     0   145    1724 
  u_formatter/mux_max_abs_39_28/g15/z       (u)     sel0->z  F     unmapped_bmux2       3     0   139    1863 
  u_formatter/gt_39_28_I2/g23/z             (u)     in_0->z  R     unmapped_nor2        1     0    61    1923 
  u_formatter/gt_39_28_I2/g53/z             (u)     in_0->z  F     unmapped_not         1     0    37    1960 
  u_formatter/gt_39_28_I2/g54/z             (u)     in_1->z  R     unmapped_nand2       1     0    61    2021 
  u_formatter/gt_39_28_I2/g55/z             (u)     in_1->z  F     unmapped_nand2       1     0    61    2082 
  u_formatter/gt_39_28_I2/g87/z             (u)     in_1->z  R     unmapped_nand2       1     0    61    2142 
  u_formatter/gt_39_28_I2/g88/z             (u)     in_1->z  F     unmapped_nand2       1     0    61    2203 
  u_formatter/gt_39_28_I2/g128/z            (u)     in_0->z  R     unmapped_nand2       1     0    61    2264 
  u_formatter/gt_39_28_I2/g129/z            (u)     in_1->z  F     unmapped_nand2       1     0    61    2325 
  u_formatter/gt_39_28_I2/g164/z            (u)     in_1->z  R     unmapped_nand2       1     0    61    2386 
  u_formatter/gt_39_28_I2/g165/z            (u)     in_1->z  F     unmapped_nand2       1     0    61    2446 
  u_formatter/gt_39_28_I2/g18/z             (u)     in_0->z  R     unmapped_not        16     0   121    2568 
  u_formatter/mux_max_abs_39_31/g15/z       (u)     sel0->z  F     unmapped_bmux2       3     0   139    2707 
  u_formatter/gt_39_28_I3/g23/z             (u)     in_0->z  R     unmapped_nor2        1     0    61    2767 
  u_formatter/gt_39_28_I3/g53/z             (u)     in_0->z  F     unmapped_not         1     0    37    2804 
  u_formatter/gt_39_28_I3/g54/z             (u)     in_1->z  R     unmapped_nand2       1     0    61    2865 
  u_formatter/gt_39_28_I3/g55/z             (u)     in_1->z  F     unmapped_nand2       1     0    61    2926 
  u_formatter/gt_39_28_I3/g87/z             (u)     in_1->z  R     unmapped_nand2       1     0    61    2986 
  u_formatter/gt_39_28_I3/g88/z             (u)     in_1->z  F     unmapped_nand2       1     0    61    3047 
  u_formatter/gt_39_28_I3/g128/z            (u)     in_0->z  R     unmapped_nand2       1     0    61    3108 
  u_formatter/gt_39_28_I3/g129/z            (u)     in_1->z  F     unmapped_nand2       1     0    61    3169 
  u_formatter/gt_39_28_I3/g164/z            (u)     in_1->z  R     unmapped_nand2       1     0    61    3230 
  u_formatter/gt_39_28_I3/g165/z            (u)     in_1->z  F     unmapped_nand2       1     0    61    3290 
  u_formatter/gt_39_28_I3/g18/z             (u)     in_0->z  R     unmapped_not        16     0   121    3412 
  u_formatter/mux_max_abs_39_33/g15/z       (u)     sel0->z  F     unmapped_bmux2       3     0   139    3551 
  u_formatter/gt_39_28_I4/g23/z             (u)     in_0->z  R     unmapped_nor2        1     0    61    3611 
  u_formatter/gt_39_28_I4/g53/z             (u)     in_0->z  F     unmapped_not         1     0    37    3648 
  u_formatter/gt_39_28_I4/g54/z             (u)     in_1->z  R     unmapped_nand2       1     0    61    3709 
  u_formatter/gt_39_28_I4/g55/z             (u)     in_1->z  F     unmapped_nand2       1     0    61    3770 
  u_formatter/gt_39_28_I4/g87/z             (u)     in_1->z  R     unmapped_nand2       1     0    61    3830 
  u_formatter/gt_39_28_I4/g88/z             (u)     in_1->z  F     unmapped_nand2       1     0    61    3891 
  u_formatter/gt_39_28_I4/g128/z            (u)     in_0->z  R     unmapped_nand2       1     0    61    3952 
  u_formatter/gt_39_28_I4/g129/z            (u)     in_1->z  F     unmapped_nand2       1     0    61    4013 
  u_formatter/gt_39_28_I4/g164/z            (u)     in_1->z  R     unmapped_nand2       1     0    61    4074 
  u_formatter/gt_39_28_I4/g165/z            (u)     in_1->z  F     unmapped_nand2       1     0    61    4134 
  u_formatter/gt_39_28_I4/g18/z             (u)     in_0->z  R     unmapped_not        16     0   121    4256 
  u_formatter/mux_max_abs_39_35/g15/z       (u)     sel0->z  F     unmapped_bmux2       3     0   139    4395 
  u_formatter/gt_39_28_I5/g23/z             (u)     in_0->z  R     unmapped_nor2        1     0    61    4455 
  u_formatter/gt_39_28_I5/g53/z             (u)     in_0->z  F     unmapped_not         1     0    37    4492 
  u_formatter/gt_39_28_I5/g54/z             (u)     in_1->z  R     unmapped_nand2       1     0    61    4553 
  u_formatter/gt_39_28_I5/g55/z             (u)     in_1->z  F     unmapped_nand2       1     0    61    4614 
  u_formatter/gt_39_28_I5/g87/z             (u)     in_1->z  R     unmapped_nand2       1     0    61    4674 
  u_formatter/gt_39_28_I5/g88/z             (u)     in_1->z  F     unmapped_nand2       1     0    61    4735 
  u_formatter/gt_39_28_I5/g128/z            (u)     in_0->z  R     unmapped_nand2       1     0    61    4796 
  u_formatter/gt_39_28_I5/g129/z            (u)     in_1->z  F     unmapped_nand2       1     0    61    4857 
  u_formatter/gt_39_28_I5/g164/z            (u)     in_1->z  R     unmapped_nand2       1     0    61    4918 
  u_formatter/gt_39_28_I5/g165/z            (u)     in_1->z  F     unmapped_nand2       1     0    61    4978 
  u_formatter/gt_39_28_I5/g18/z             (u)     in_0->z  R     unmapped_not        16     0   121    5100 
  u_formatter/mux_max_abs_39_37/g15/z       (u)     sel0->z  F     unmapped_bmux2       3     0   139    5239 
  u_formatter/gt_39_28_I6/g23/z             (u)     in_0->z  R     unmapped_nor2        1     0    61    5299 
  u_formatter/gt_39_28_I6/g53/z             (u)     in_0->z  F     unmapped_not         1     0    37    5336 
  u_formatter/gt_39_28_I6/g54/z             (u)     in_1->z  R     unmapped_nand2       1     0    61    5397 
  u_formatter/gt_39_28_I6/g55/z             (u)     in_1->z  F     unmapped_nand2       1     0    61    5458 
  u_formatter/gt_39_28_I6/g87/z             (u)     in_1->z  R     unmapped_nand2       1     0    61    5518 
  u_formatter/gt_39_28_I6/g88/z             (u)     in_1->z  F     unmapped_nand2       1     0    61    5579 
  u_formatter/gt_39_28_I6/g128/z            (u)     in_0->z  R     unmapped_nand2       1     0    61    5640 
  u_formatter/gt_39_28_I6/g129/z            (u)     in_1->z  F     unmapped_nand2       1     0    61    5701 
  u_formatter/gt_39_28_I6/g164/z            (u)     in_1->z  R     unmapped_nand2       1     0    61    5762 
  u_formatter/gt_39_28_I6/g165/z            (u)     in_1->z  F     unmapped_nand2       1     0    61    5822 
  u_formatter/gt_39_28_I6/g18/z             (u)     in_0->z  R     unmapped_not        16     0   121    5944 
  u_formatter/mux_max_abs_39_39/g15/z       (u)     sel0->z  F     unmapped_bmux2       3     0   139    6083 
  u_formatter/gt_39_28_I7/g23/z             (u)     in_0->z  R     unmapped_nor2        1     0    61    6143 
  u_formatter/gt_39_28_I7/g53/z             (u)     in_0->z  F     unmapped_not         1     0    37    6180 
  u_formatter/gt_39_28_I7/g54/z             (u)     in_1->z  R     unmapped_nand2       1     0    61    6241 
  u_formatter/gt_39_28_I7/g55/z             (u)     in_1->z  F     unmapped_nand2       1     0    61    6302 
  u_formatter/gt_39_28_I7/g87/z             (u)     in_1->z  R     unmapped_nand2       1     0    61    6362 
  u_formatter/gt_39_28_I7/g88/z             (u)     in_1->z  F     unmapped_nand2       1     0    61    6423 
  u_formatter/gt_39_28_I7/g128/z            (u)     in_0->z  R     unmapped_nand2       1     0    61    6484 
  u_formatter/gt_39_28_I7/g129/z            (u)     in_1->z  F     unmapped_nand2       1     0    61    6545 
  u_formatter/gt_39_28_I7/g164/z            (u)     in_1->z  R     unmapped_nand2       1     0    61    6606 
  u_formatter/gt_39_28_I7/g165/z            (u)     in_1->z  F     unmapped_nand2       1     0    61    6666 
  u_formatter/gt_39_28_I7/g18/z             (u)     in_0->z  R     unmapped_not        16     0   121    6788 
  u_formatter/mux_max_abs_39_41/g15/z       (u)     sel0->z  F     unmapped_bmux2       3     0   139    6927 
  u_formatter/gt_39_28_I8/g23/z             (u)     in_0->z  R     unmapped_nor2        1     0    61    6987 
  u_formatter/gt_39_28_I8/g53/z             (u)     in_0->z  F     unmapped_not         1     0    37    7024 
  u_formatter/gt_39_28_I8/g54/z             (u)     in_1->z  R     unmapped_nand2       1     0    61    7085 
  u_formatter/gt_39_28_I8/g55/z             (u)     in_1->z  F     unmapped_nand2       1     0    61    7146 
  u_formatter/gt_39_28_I8/g87/z             (u)     in_1->z  R     unmapped_nand2       1     0    61    7206 
  u_formatter/gt_39_28_I8/g88/z             (u)     in_1->z  F     unmapped_nand2       1     0    61    7267 
  u_formatter/gt_39_28_I8/g128/z            (u)     in_0->z  R     unmapped_nand2       1     0    61    7328 
  u_formatter/gt_39_28_I8/g129/z            (u)     in_1->z  F     unmapped_nand2       1     0    61    7389 
  u_formatter/gt_39_28_I8/g164/z            (u)     in_1->z  R     unmapped_nand2       1     0    61    7450 
  u_formatter/gt_39_28_I8/g165/z            (u)     in_1->z  F     unmapped_nand2       1     0    61    7510 
  u_formatter/gt_39_28_I8/g18/z             (u)     in_0->z  R     unmapped_not        16     0   121    7632 
  u_formatter/mux_max_abs_39_43/g1/z        (u)     sel0->z  F     unmapped_bmux2       8     0   170    7802 
  u_formatter/ctl_55_36/g1/z                (u)     in_1->z  F     unmapped_or2         3     0    82    7884 
  u_formatter/ctl_55_36/g8/z                (u)     in_1->z  F     unmapped_or2         4     0    90    7974 
  u_formatter/ctl_55_36/g103/z              (u)     in_3->z  F     unmapped_or4         4     0   136    8110 
  u_formatter/ctl_55_36/g14/z               (u)     in_1->z  F     unmapped_or2         2     0    74    8184 
  u_formatter/ctl_55_36/g20/z               (u)     in_1->z  F     unmapped_or2         1     0    61    8245 
  u_formatter/ctl_55_36/g43/z               (u)     in_0->z  R     unmapped_not         1     0    37    8282 
  u_formatter/ctl_55_36/g44/z               (u)     in_0->z  R     unmapped_and2        5     0    96    8377 
  u_formatter/mux_bit_width_55_36/g3/z      (u)     sel11->z R     unmapped_mux17       3     0   293    8670 
  u_formatter/gt_62_23/g4/z                 (u)     in_0->z  F     unmapped_not         2     0    50    8720 
  u_formatter/gt_62_23/g15/z                (u)     in_1->z  R     unmapped_nand2       1     0    61    8781 
  u_formatter/gt_62_23/g23/z                (u)     in_0->z  F     unmapped_nor2        1     0    61    8842 
  u_formatter/gt_62_23/g47/z                (u)     in_0->z  R     unmapped_not         1     0    37    8879 
  u_formatter/gt_62_23/g31/z                (u)     in_0->z  F     unmapped_nand2       1     0    61    8940 
  u_formatter/gt_62_23/g33/z                (u)     in_0->z  R     unmapped_nand2       8     0   113    9053 
  u_formatter/mux_calculated_exp_62_23/g8/z (u)     sel0->z  F     unmapped_bmux2     137     0   240    9292 
  u_formatter/sra_85_46_I1/g1/z             (u)     in_0->z  R     unmapped_not        16     0   121    9414 
  u_formatter/sra_85_46_I1/g85/z            (u)     sel0->z  R     unmapped_mux2        2     0   117    9531 
  u_formatter/sra_85_46_I1/g101/z           (u)     data0->z R     unmapped_mux2        2     0   117    9648 
  u_formatter/sra_85_46_I1/g117/z           (u)     data0->z R     unmapped_mux2        2     0   117    9764 
  u_formatter/sra_85_46_I1/g133/z           (u)     data0->z R     unmapped_mux2        8     0   156    9920 
  u_formatter/sra_85_46_I1/g8/z             (u)     data1->z R     unmapped_bmux2       1     0   118   10038 
  u_formatter/mx_mantissas_reg[0][7]/d      -       -        R     unmapped_d_flop      1     -     0   10038 
#-------------------------------------------------------------------------------------------------------------

(u) : Net has unmapped pin(s).

