============================================================
  Generated by:           Genus(TM) Synthesis Solution 25.12-s067_1
  Generated on:           Apr 09 2026  12:23:00 pm
  Module:                 tr_gelu
  Operating conditions:   ss_typical_max_0p90v_125c (balanced_tree)
  Wireload mode:          top
  Area mode:              timing library
============================================================


Path 1: VIOLATED (-893 ps) Setup Check with Pin gelu_out_reg[7]/clk->d
          Group: reg2reg
     Startpoint: (R) E_pipe_reg[3][6]/clk
          Clock: (R) clk
       Endpoint: (R) gelu_out_reg[7]/d
          Clock: (R) clk

                     Capture       Launch     
        Clock Edge:+    3000            0     
       Src Latency:+       0            0     
       Net Latency:+       0 (I)        0 (I) 
           Arrival:=    3000            0     
                                              
             Setup:-      64                  
       Uncertainty:-     125                  
     Required Time:=    2810                  
      Launch Clock:-       0                  
         Data Path:-    3703                  
             Slack:=    -893                  

#----------------------------------------------------------------------------------------------
#       Timing Point         Flags     Arc    Edge      Cell        Fanout Trans Delay Arrival 
#                                                                           (ps)  (ps)   (ps)  
#----------------------------------------------------------------------------------------------
  E_pipe_reg[3][6]/clk       -       -        R     (arrival)          177     0     0       0 
  E_pipe_reg[3][6]/q         (u)     clk->q   R     unmapped_d_flop      8     0   387     387 
  mul_141_38/g23/z           (u)     in_0->z  R     unmapped_and2        2     0    74     461 
  mul_141_38/g209/z          (u)     in_1->z  R     unmapped_xor2        3     0   139     600 
  mul_141_38/g221/z          (u)     in_1->z  F     unmapped_nand2       1     0    61     660 
  mul_141_38/g222/z          (u)     in_2->z  R     unmapped_nand3       3     0   102     762 
  mul_141_38/g259/z          (u)     in_1->z  R     unmapped_xor2        1     0   118     880 
  mul_141_38/g260/z          (u)     in_0->z  R     unmapped_xor2        3     0   139    1019 
  mul_141_38/g265/z          (u)     in_1->z  R     unmapped_xor2        1     0   118    1137 
  mul_141_38/g266/z          (u)     in_0->z  R     unmapped_xor2        2     0   132    1269 
  mul_141_38/g347/z          (u)     in_1->z  F     unmapped_nor2        3     0    82    1350 
  mul_141_38/g372/z          (u)     in_1->z  R     unmapped_nor2        1     0    61    1411 
  mul_141_38/g374/z          (u)     in_0->z  F     unmapped_nor2        3     0    82    1493 
  mul_141_38/g88/z           (u)     in_0->z  R     unmapped_nor2        1     0    61    1553 
  mul_141_38/g90/z           (u)     in_0->z  F     unmapped_nor2        4     0    90    1644 
  mul_141_38/g390/z          (u)     in_1->z  R     unmapped_nor2        1     0    61    1705 
  mul_141_38/g392/z          (u)     in_0->z  F     unmapped_nor2        1     0    61    1765 
  mul_141_38/g415/z          (u)     in_0->z  R     unmapped_nand2       1     0    61    1826 
  mul_141_38/g451/z          (u)     in_0->z  R     unmapped_xnor2       1     0   118    1944 
  mux_sigmoid_q8_137_22/g3/z (u)     data0->z R     unmapped_bmux2       8     0   170    2115 
  mul_145_30/g24/z           (u)     in_0->z  R     unmapped_and2        3     0    82    2196 
  mul_145_30/g208/z          (u)     in_0->z  F     unmapped_nand2       1     0    61    2257 
  mul_145_30/g209/z          (u)     in_2->z  R     unmapped_nand3       3     0   102    2359 
  mul_145_30/g246/z          (u)     in_1->z  F     unmapped_nand2       1     0    61    2420 
  mul_145_30/g247/z          (u)     in_2->z  R     unmapped_nand3       3     0   102    2521 
  mul_145_30/g290/z          (u)     in_1->z  R     unmapped_xor2        1     0   118    2639 
  mul_145_30/g291/z          (u)     in_0->z  R     unmapped_xor2        3     0   139    2778 
  mul_145_30/g296/z          (u)     in_1->z  R     unmapped_xor2        1     0   118    2896 
  mul_145_30/g297/z          (u)     in_0->z  R     unmapped_xor2        2     0   132    3028 
  mul_145_30/g413/z          (u)     in_1->z  F     unmapped_nor2        3     0    82    3109 
  mul_145_30/g440/z          (u)     in_1->z  R     unmapped_nor2        1     0    61    3170 
  mul_145_30/g442/z          (u)     in_0->z  F     unmapped_nor2        3     0    82    3252 
  mul_145_30/g91/z           (u)     in_0->z  R     unmapped_nor2        1     0    61    3312 
  mul_145_30/g93/z           (u)     in_0->z  F     unmapped_nor2        4     0    90    3403 
  mul_145_30/g458/z          (u)     in_1->z  R     unmapped_nor2        1     0    61    3464 
  mul_145_30/g460/z          (u)     in_0->z  F     unmapped_nor2        1     0    61    3524 
  mul_145_30/g478/z          (u)     in_0->z  R     unmapped_nand2       1     0    61    3585 
  mul_145_30/g515/z          (u)     in_0->z  R     unmapped_xnor2       1     0   118    3703 
  gelu_out_reg[7]/d          -       -        R     unmapped_d_flop      1     -     0    3703 
#----------------------------------------------------------------------------------------------

(u) : Net has unmapped pin(s).

