============================================================
  Generated by:           Genus(TM) Synthesis Solution 25.12-s067_1
  Generated on:           Mar 25 2026  06:05:30 pm
  Operating conditions:   ss_typical_max_0p90v_125c (balanced_tree)
  Wireload mode:          top
  Area mode:              timing library
============================================================

                                                                                       
       Gate         Instances    Area                       Library                    
---------------------------------------------------------------------------------------
A2DFFQN_X0P5M_A9TL          1     7.200 sc9_cln65lp_base_lvt_ss_typical_max_0p90v_125c 
A2DFFQ_X0P5M_A9TL           7    50.400 sc9_cln65lp_base_lvt_ss_typical_max_0p90v_125c 
A2DFFQ_X1M_A9TL            16   120.960 sc9_cln65lp_base_lvt_ss_typical_max_0p90v_125c 
A2DFFQ_X2M_A9TL             3    24.840 sc9_cln65lp_base_lvt_ss_typical_max_0p90v_125c 
ADDFH_X1M_A9TL             13   145.080 sc9_cln65lp_base_lvt_ss_typical_max_0p90v_125c 
ADDFH_X2M_A9TL             46   546.480 sc9_cln65lp_base_lvt_ss_typical_max_0p90v_125c 
ADDF_X1M_A9TL             199  1576.080 sc9_cln65lp_base_lvt_ss_typical_max_0p90v_125c 
ADDF_X1P4M_A9TL             7    65.520 sc9_cln65lp_base_lvt_ss_typical_max_0p90v_125c 
ADDF_X2M_A9TL              22   205.920 sc9_cln65lp_base_lvt_ss_typical_max_0p90v_125c 
ADDH_X1M_A9TL              41   191.880 sc9_cln65lp_base_lvt_ss_typical_max_0p90v_125c 
AND2_X1M_A9TL             215   387.000 sc9_cln65lp_base_lvt_ss_typical_max_0p90v_125c 
AND2_X2M_A9TL              82   206.640 sc9_cln65lp_base_lvt_ss_typical_max_0p90v_125c 
AND2_X3M_A9TL              48   190.080 sc9_cln65lp_base_lvt_ss_typical_max_0p90v_125c 
AO1B2_X1M_A9TL             24    60.480 sc9_cln65lp_base_lvt_ss_typical_max_0p90v_125c 
AO1B2_X2M_A9TL              3    10.800 sc9_cln65lp_base_lvt_ss_typical_max_0p90v_125c 
AO21B_X1M_A9TL             18    45.360 sc9_cln65lp_base_lvt_ss_typical_max_0p90v_125c 
AO21B_X2M_A9TL              6    21.600 sc9_cln65lp_base_lvt_ss_typical_max_0p90v_125c 
AO21B_X3M_A9TL              2    10.800 sc9_cln65lp_base_lvt_ss_typical_max_0p90v_125c 
AO21B_X4M_A9TL              1     6.120 sc9_cln65lp_base_lvt_ss_typical_max_0p90v_125c 
AO21_X1M_A9TL               2     5.760 sc9_cln65lp_base_lvt_ss_typical_max_0p90v_125c 
AO22_X1M_A9TL              19    61.560 sc9_cln65lp_base_lvt_ss_typical_max_0p90v_125c 
AOI211_X0P7M_A9TL           1     2.520 sc9_cln65lp_base_lvt_ss_typical_max_0p90v_125c 
AOI21B_X1M_A9TL             1     2.880 sc9_cln65lp_base_lvt_ss_typical_max_0p90v_125c 
AOI21_X1M_A9TL            136   293.760 sc9_cln65lp_base_lvt_ss_typical_max_0p90v_125c 
AOI21_X2M_A9TL             21    75.600 sc9_cln65lp_base_lvt_ss_typical_max_0p90v_125c 
AOI21_X3M_A9TL              4    18.720 sc9_cln65lp_base_lvt_ss_typical_max_0p90v_125c 
AOI21_X4M_A9TL              1     6.120 sc9_cln65lp_base_lvt_ss_typical_max_0p90v_125c 
AOI221_X1M_A9TL            16    51.840 sc9_cln65lp_base_lvt_ss_typical_max_0p90v_125c 
AOI22_X1M_A9TL              1     2.520 sc9_cln65lp_base_lvt_ss_typical_max_0p90v_125c 
AOI2XB1_X1M_A9TL            1     2.880 sc9_cln65lp_base_lvt_ss_typical_max_0p90v_125c 
AOI2XB1_X2M_A9TL           17    73.440 sc9_cln65lp_base_lvt_ss_typical_max_0p90v_125c 
AOI31_X1M_A9TL              1     2.520 sc9_cln65lp_base_lvt_ss_typical_max_0p90v_125c 
AOI32_X2M_A9TL             16    86.400 sc9_cln65lp_base_lvt_ss_typical_max_0p90v_125c 
BUFH_X0P7M_A9TL             1     1.440 sc9_cln65lp_base_lvt_ss_typical_max_0p90v_125c 
BUF_X4M_A9TL               16    57.600 sc9_cln65lp_base_lvt_ss_typical_max_0p90v_125c 
BUF_X5M_A9TL               16    63.360 sc9_cln65lp_base_lvt_ss_typical_max_0p90v_125c 
CGENCIN_X1M_A9TL           37   266.400 sc9_cln65lp_base_lvt_ss_typical_max_0p90v_125c 
CGENI_X1M_A9TL             92   264.960 sc9_cln65lp_base_lvt_ss_typical_max_0p90v_125c 
CGENI_X2M_A9TL             12    64.800 sc9_cln65lp_base_lvt_ss_typical_max_0p90v_125c 
CGEN_X1M_A9TL             263   946.800 sc9_cln65lp_base_lvt_ss_typical_max_0p90v_125c 
CGEN_X1M_A9TR              38   136.800 sc9_cln65lp_base_rvt_ss_typical_max_0p90v_125c 
CGEN_X2M_A9TL              21    83.160 sc9_cln65lp_base_lvt_ss_typical_max_0p90v_125c 
DFFQ_X1M_A9TL             282  2131.920 sc9_cln65lp_base_lvt_ss_typical_max_0p90v_125c 
DFFQ_X2M_A9TL             243  2012.040 sc9_cln65lp_base_lvt_ss_typical_max_0p90v_125c 
DFFQ_X3M_A9TL               5    45.000 sc9_cln65lp_base_lvt_ss_typical_max_0p90v_125c 
DFFQ_X4M_A9TL               6    56.160 sc9_cln65lp_base_lvt_ss_typical_max_0p90v_125c 
INV_X0P8M_A9TL              1     1.080 sc9_cln65lp_base_lvt_ss_typical_max_0p90v_125c 
INV_X1M_A9TL              184   198.720 sc9_cln65lp_base_lvt_ss_typical_max_0p90v_125c 
INV_X2B_A9TL                1     1.440 sc9_cln65lp_base_lvt_ss_typical_max_0p90v_125c 
INV_X2M_A9TL              182   262.080 sc9_cln65lp_base_lvt_ss_typical_max_0p90v_125c 
INV_X3M_A9TL               45    97.200 sc9_cln65lp_base_lvt_ss_typical_max_0p90v_125c 
INV_X4M_A9TL               46   115.920 sc9_cln65lp_base_lvt_ss_typical_max_0p90v_125c 
INV_X5M_A9TL               65   187.200 sc9_cln65lp_base_lvt_ss_typical_max_0p90v_125c 
MXIT2_X1M_A9TL              7    25.200 sc9_cln65lp_base_lvt_ss_typical_max_0p90v_125c 
MXIT2_X1P4M_A9TL            1     6.480 sc9_cln65lp_base_lvt_ss_typical_max_0p90v_125c 
MXIT2_X2M_A9TL             26   168.480 sc9_cln65lp_base_lvt_ss_typical_max_0p90v_125c 
MXIT2_X3M_A9TL              1     7.560 sc9_cln65lp_base_lvt_ss_typical_max_0p90v_125c 
NAND2B_X1M_A9TL           121   261.360 sc9_cln65lp_base_lvt_ss_typical_max_0p90v_125c 
NAND2B_X2M_A9TL             2     5.760 sc9_cln65lp_base_lvt_ss_typical_max_0p90v_125c 
NAND2XB_X1M_A9TL           55   118.800 sc9_cln65lp_base_lvt_ss_typical_max_0p90v_125c 
NAND2XB_X2M_A9TL            1     2.880 sc9_cln65lp_base_lvt_ss_typical_max_0p90v_125c 
NAND2XB_X3M_A9TL            1     3.960 sc9_cln65lp_base_lvt_ss_typical_max_0p90v_125c 
NAND2XB_X4M_A9TL            1     4.680 sc9_cln65lp_base_lvt_ss_typical_max_0p90v_125c 
NAND2_X1A_A9TL            507   730.080 sc9_cln65lp_base_lvt_ss_typical_max_0p90v_125c 
NAND2_X1B_A9TL             23    33.120 sc9_cln65lp_base_lvt_ss_typical_max_0p90v_125c 
NAND2_X1M_A9TL            102   146.880 sc9_cln65lp_base_lvt_ss_typical_max_0p90v_125c 
NAND2_X1P4M_A9TL          169   365.040 sc9_cln65lp_base_lvt_ss_typical_max_0p90v_125c 
NAND2_X2A_A9TL            138   347.760 sc9_cln65lp_base_lvt_ss_typical_max_0p90v_125c 
NAND2_X2B_A9TL              1     2.520 sc9_cln65lp_base_lvt_ss_typical_max_0p90v_125c 
NAND2_X3A_A9TL             53   190.800 sc9_cln65lp_base_lvt_ss_typical_max_0p90v_125c 
NAND2_X3M_A9TL             16    57.600 sc9_cln65lp_base_lvt_ss_typical_max_0p90v_125c 
NAND2_X4M_A9TL             21    83.160 sc9_cln65lp_base_lvt_ss_typical_max_0p90v_125c 
NAND3_X1A_A9TL             16    34.560 sc9_cln65lp_base_lvt_ss_typical_max_0p90v_125c 
NAND3_X2M_A9TL             16    51.840 sc9_cln65lp_base_lvt_ss_typical_max_0p90v_125c 
NOR2B_X1M_A9TL             86   185.760 sc9_cln65lp_base_lvt_ss_typical_max_0p90v_125c 
NOR2B_X2M_A9TL             33    95.040 sc9_cln65lp_base_lvt_ss_typical_max_0p90v_125c 
NOR2B_X4M_A9TL              1     4.320 sc9_cln65lp_base_lvt_ss_typical_max_0p90v_125c 
NOR2XB_X1M_A9TL             1     2.160 sc9_cln65lp_base_lvt_ss_typical_max_0p90v_125c 
NOR2XB_X2M_A9TL            17    48.960 sc9_cln65lp_base_lvt_ss_typical_max_0p90v_125c 
NOR2XB_X3M_A9TL             2     7.200 sc9_cln65lp_base_lvt_ss_typical_max_0p90v_125c 
NOR2XB_X4M_A9TL             3    12.960 sc9_cln65lp_base_lvt_ss_typical_max_0p90v_125c 
NOR2_X1A_A9TL              16    23.040 sc9_cln65lp_base_lvt_ss_typical_max_0p90v_125c 
NOR2_X1B_A9TL              77   110.880 sc9_cln65lp_base_lvt_ss_typical_max_0p90v_125c 
NOR2_X1M_A9TL              89   128.160 sc9_cln65lp_base_lvt_ss_typical_max_0p90v_125c 
NOR2_X1P4A_A9TL            36    77.760 sc9_cln65lp_base_lvt_ss_typical_max_0p90v_125c 
NOR2_X1P4B_A9TL            16    34.560 sc9_cln65lp_base_lvt_ss_typical_max_0p90v_125c 
NOR2_X2A_A9TL              67   168.840 sc9_cln65lp_base_lvt_ss_typical_max_0p90v_125c 
NOR2_X3A_A9TL              22    71.280 sc9_cln65lp_base_lvt_ss_typical_max_0p90v_125c 
NOR2_X3M_A9TL               1     3.240 sc9_cln65lp_base_lvt_ss_typical_max_0p90v_125c 
NOR2_X4A_A9TL               3    11.880 sc9_cln65lp_base_lvt_ss_typical_max_0p90v_125c 
NOR2_X4M_A9TL               4    15.840 sc9_cln65lp_base_lvt_ss_typical_max_0p90v_125c 
NOR2_X6A_A9TL               1     6.120 sc9_cln65lp_base_lvt_ss_typical_max_0p90v_125c 
OA211_X0P7M_A9TL            1     3.240 sc9_cln65lp_base_lvt_ss_typical_max_0p90v_125c 
OA211_X3M_A9TL              1     7.560 sc9_cln65lp_base_lvt_ss_typical_max_0p90v_125c 
OA21_X1M_A9TL              33    95.040 sc9_cln65lp_base_lvt_ss_typical_max_0p90v_125c 
OA21_X2M_A9TL               1     4.680 sc9_cln65lp_base_lvt_ss_typical_max_0p90v_125c 
OA22_X1M_A9TL               1     3.240 sc9_cln65lp_base_lvt_ss_typical_max_0p90v_125c 
OAI211_X1M_A9TL             4    10.080 sc9_cln65lp_base_lvt_ss_typical_max_0p90v_125c 
OAI21B_X1M_A9TL             1     2.880 sc9_cln65lp_base_lvt_ss_typical_max_0p90v_125c 
OAI21B_X2M_A9TL             1     4.320 sc9_cln65lp_base_lvt_ss_typical_max_0p90v_125c 
OAI21_X1M_A9TL             24    51.840 sc9_cln65lp_base_lvt_ss_typical_max_0p90v_125c 
OAI21_X1P4M_A9TL            3     9.720 sc9_cln65lp_base_lvt_ss_typical_max_0p90v_125c 
OAI21_X2M_A9TL              8    28.800 sc9_cln65lp_base_lvt_ss_typical_max_0p90v_125c 
OAI21_X3M_A9TL              7    32.760 sc9_cln65lp_base_lvt_ss_typical_max_0p90v_125c 
OAI2XB1_X0P5M_A9TL         21    52.920 sc9_cln65lp_base_lvt_ss_typical_max_0p90v_125c 
OAI2XB1_X1P4M_A9TL         16    57.600 sc9_cln65lp_base_lvt_ss_typical_max_0p90v_125c 
OAI2XB1_X2M_A9TL            3    12.960 sc9_cln65lp_base_lvt_ss_typical_max_0p90v_125c 
OR2_X0P5M_A9TL             57   102.600 sc9_cln65lp_base_lvt_ss_typical_max_0p90v_125c 
OR2_X1M_A9TL                4     8.640 sc9_cln65lp_base_lvt_ss_typical_max_0p90v_125c 
OR2_X1P4M_A9TL              1     2.520 sc9_cln65lp_base_lvt_ss_typical_max_0p90v_125c 
OR2_X2M_A9TL               16    51.840 sc9_cln65lp_base_lvt_ss_typical_max_0p90v_125c 
PREICG_X0P5B_A9TR           3    19.440 sc9_cln65lp_base_rvt_ss_typical_max_0p90v_125c 
XNOR2_X0P7M_A9TL           69   223.560 sc9_cln65lp_base_lvt_ss_typical_max_0p90v_125c 
XNOR2_X1M_A9TL             22    79.200 sc9_cln65lp_base_lvt_ss_typical_max_0p90v_125c 
XNOR2_X2M_A9TL              6    36.720 sc9_cln65lp_base_lvt_ss_typical_max_0p90v_125c 
XNOR2_X3M_A9TL              2    15.840 sc9_cln65lp_base_lvt_ss_typical_max_0p90v_125c 
XNOR3_X0P5M_A9TL           84   514.080 sc9_cln65lp_base_lvt_ss_typical_max_0p90v_125c 
XNOR3_X1M_A9TL             89   576.720 sc9_cln65lp_base_lvt_ss_typical_max_0p90v_125c 
XNOR3_X1P4M_A9TL           28   282.240 sc9_cln65lp_base_lvt_ss_typical_max_0p90v_125c 
XNOR3_X2M_A9TL              1    12.240 sc9_cln65lp_base_lvt_ss_typical_max_0p90v_125c 
XNOR3_X3M_A9TL             23   322.920 sc9_cln65lp_base_lvt_ss_typical_max_0p90v_125c 
XOR2_X0P7M_A9TL           221   716.040 sc9_cln65lp_base_lvt_ss_typical_max_0p90v_125c 
XOR2_X1M_A9TL              47   169.200 sc9_cln65lp_base_lvt_ss_typical_max_0p90v_125c 
XOR2_X2M_A9TL             105   642.600 sc9_cln65lp_base_lvt_ss_typical_max_0p90v_125c 
XOR2_X3M_A9TL              18   142.560 sc9_cln65lp_base_lvt_ss_typical_max_0p90v_125c 
XOR3_X0P5M_A9TL            18   110.160 sc9_cln65lp_base_lvt_ss_typical_max_0p90v_125c 
XOR3_X1M_A9TL              73   473.040 sc9_cln65lp_base_lvt_ss_typical_max_0p90v_125c 
XOR3_X1P4M_A9TL            50   504.000 sc9_cln65lp_base_lvt_ss_typical_max_0p90v_125c 
XOR3_X2M_A9TL               6    73.440 sc9_cln65lp_base_lvt_ss_typical_max_0p90v_125c 
XOR3_X3M_A9TL              21   294.840 sc9_cln65lp_base_lvt_ss_typical_max_0p90v_125c 
---------------------------------------------------------------------------------------
total                    5389 20962.440                                                
                                                                               
                    Library                    Instances    Area   Instances % 
-------------------------------------------------------------------------------
sc9_cln65lp_base_lvt_ss_typical_max_0p90v_125c      5348 20806.200        99.2 
sc9_cln65lp_base_rvt_ss_typical_max_0p90v_125c        41   156.240         0.8 
                                                        
            Type             Instances    Area   Area % 
--------------------------------------------------------
sequential                         563  4448.520   21.2 
inverter                           524   863.640    4.1 
buffer                              33   122.400    0.6 
clock_gating_integrated_cell         3    19.440    0.1 
logic                             4266 15508.440   74.0 
physical_cells                       0     0.000    0.0 
--------------------------------------------------------
total                             5389 20962.440  100.0 
