============================================================
  Generated by:           Genus(TM) Synthesis Solution 25.12-s067_1
  Generated on:           Mar 25 2026  06:05:32 pm
  Module:                 vec_mac_su
  Operating conditions:   ss_typical_max_0p90v_125c (balanced_tree)
  Wireload mode:          top
  Area mode:              timing library
============================================================

Timing
--------

Clock Period 
-------------
clk   3000.0 


        Cost          Critical         Violating 
       Group         Path Slack  TNS     Paths   
-------------------------------------------------
cg_enable_group_clk      1315.3   0.0          0 
clk                    No paths   0.0            
default                No paths   0.0            
in2out                   1143.7   0.0          0 
in2reg                   1131.7   0.0          0 
reg2out                  1376.7   0.0          0 
reg2reg                     0.7   0.0          0 
-------------------------------------------------
Total                             0.0          0 

Instance Count
--------------
Leaf Instance Count             5389 
Physical Instance count            0 
Sequential Instance Count        566 
Combinational Instance Count    4823 
Hierarchical Instance Count        3 

Area
----
Cell Area                          20962.440
Physical Cell Area                 0.000
Total Cell Area (Cell+Physical)    20962.440
Net Area                           0.000
Total Area (Cell+Physical+Net)     20962.440

Max Fanout                         512 (rc_gclk)
Min Fanout                         1 (a_reg[0][4])
Average Fanout                     2.0
Terms to net ratio                 2.9607
Terms to instance ratio            3.2826
Runtime                            145.2020930000001 seconds
Elapsed Runtime                    136 seconds
Genus peak memory usage            2524.58 
Innovus peak memory usage          no_value 
Hostname                           enicsw11.local
