============================================================
  Generated by:           Genus(TM) Synthesis Solution 25.12-s067_1
  Generated on:           Mar 29 2026  07:22:07 pm
  Module:                 soft_dsp_eng_post_wrapper
  Operating conditions:   ss_typical_max_0p90v_125c (balanced_tree)
  Wireload mode:          top
  Area mode:              timing library
============================================================


Summary
-------
--------------------------------------------------------------------------
            Category            Number     %    Average Toggle Saving %   
--------------------------------------------------------------------------
 Total Clock Gating Instances        5  100.00                         -  
--------------------------------------------------------------------------
 RC Clock Gating Instances           5  100.00                     57.58  
 Non-RC Clock Gating Instances       0    0.00                      0.00  
--------------------------------------------------------------------------
 RC Gated Flip-flops              1146   63.77                     34.37  
 Non-RC Gated Flip-flops             0    0.00                      0.00  
--------------------------------------------------------------------------
 Total Gated Flip-flops           1146   63.77                         -  
 Total Ungated Flip-flops          651   36.23                         -  
 Enable signal is constant         645   99.08                         -  
 Register bank width too small       6    0.92                         -  
--------------------------------------------------------------------------
 Total Flip-flops                 1797  100.00                         -  
--------------------------------------------------------------------------
Multibit Flip-flop Summary
--------------------------
-------------------------------------------------------
Width     Number     Bits     RC Gated     Ungated     
-------------------------------------------------------
1-bit     1797       1797     1146 (63.77%) 651 (36.23%) 
---------------------------------------------------------


