============================================================
  Generated by:           Genus(TM) Synthesis Solution 25.12-s067_1
  Generated on:           Sep 24 2026  01:32:15 pm
  Module:                 tr_soc_top_int
  Technology libraries:   sc9_cln65lp_base_rvt_ss_typical_max_0p90v_125c 1
                          sc9_cln65lp_base_lvt_ss_typical_max_0p90v_125c 1
                          sc9_cln65lp_base_hvt_ss_typical_max_0p90v_125c 1
  Operating conditions:   ss_typical_max_0p90v_125c (balanced_tree)
  Wireload mode:          top
  Area mode:              timing library
============================================================

-------------------------------------------------------------------------------
Nets with multiple drivers

The following nets have multiple drivers and at least one of the drivers is     
non-tristate:                                                                   

hnet:tr_soc_top_int/clk
hnet:tr_soc_top_int/mm_mem_valid
hnet:tr_soc_top_int/mm_num_ct[0]
hnet:tr_soc_top_int/mm_num_ct[10]
hnet:tr_soc_top_int/mm_num_ct[11]
hnet:tr_soc_top_int/mm_num_ct[12]
hnet:tr_soc_top_int/mm_num_ct[13]
hnet:tr_soc_top_int/mm_num_ct[14]
hnet:tr_soc_top_int/mm_num_ct[15]
hnet:tr_soc_top_int/mm_num_ct[1]
hnet:tr_soc_top_int/mm_num_ct[2]
hnet:tr_soc_top_int/mm_num_ct[3]
hnet:tr_soc_top_int/mm_num_ct[4]
hnet:tr_soc_top_int/mm_num_ct[5]
hnet:tr_soc_top_int/mm_num_ct[6]
hnet:tr_soc_top_int/mm_num_ct[7]
hnet:tr_soc_top_int/mm_num_ct[8]
hnet:tr_soc_top_int/mm_num_ct[9]
hnet:tr_soc_top_int/mm_num_rt[0]
hnet:tr_soc_top_int/mm_num_rt[10]
hnet:tr_soc_top_int/mm_num_rt[11]
hnet:tr_soc_top_int/mm_num_rt[12]
hnet:tr_soc_top_int/mm_num_rt[13]
hnet:tr_soc_top_int/mm_num_rt[14]
hnet:tr_soc_top_int/mm_num_rt[15]
hnet:tr_soc_top_int/mm_num_rt[1]
hnet:tr_soc_top_int/mm_num_rt[2]
hnet:tr_soc_top_int/mm_num_rt[3]
hnet:tr_soc_top_int/mm_num_rt[4]
hnet:tr_soc_top_int/mm_num_rt[5]
hnet:tr_soc_top_int/mm_num_rt[6]
hnet:tr_soc_top_int/mm_num_rt[7]
hnet:tr_soc_top_int/mm_num_rt[8]
hnet:tr_soc_top_int/mm_num_rt[9]
hnet:tr_soc_top_int/mm_start
hnet:tr_soc_top_int/req_out_valid
hnet:tr_soc_top_int/rst_n
-------------------------------------------------------------------------------


Lint summary
 Unconnected/logic driven clocks                                                           0
 Sequential data pins driven by a clock signal                                             0
 Sequential clock pins without clock waveform                                              0
 Sequential clock pins with multiple clock waveforms                                       0
 Generated clocks without clock waveform                                                   0
 Generated clocks with incompatible options                                                0
 Generated clocks with multi-master clock                                                  0
 Generated clocks with master clock not reaching the generated clock target                0
 Paths constrained with different clocks                                                   0
 Loop-breaking cells for combinational feedback                                            0
 Nets with multiple drivers                                                               37
 Timing exceptions with no effect                                                          0
 Suspicious multi_cycle exceptions                                                         0
 Pins/ports with conflicting case constants                                                0
 Inputs without clocked external delays                                                    0
 Outputs without clocked external delays                                                   0
 Inputs without external driver/transition                                                 0
 Outputs without external load                                                             0
 Exceptions with invalid timing start-/endpoints                                           0

                                                                           Total:         37

