============================================================
  Generated by:           Genus(TM) Synthesis Solution 25.12-s067_1
  Generated on:           Sep 24 2026  01:32:16 pm
  Module:                 tr_soc_top_int
  Operating conditions:   ss_typical_max_0p90v_125c (balanced_tree)
  Wireload mode:          top
  Area mode:              timing library
============================================================


Path 1: MET (847 ps) Late External Delay Assertion at pin mmio_rdata[0]
          Group: in2out
     Startpoint: (R) mmio_addr[2]
          Clock: (R) clk
       Endpoint: (R) mmio_rdata[0]
          Clock: (R) clk

                        Capture       Launch     
           Path Delay:+    3630            -     
           Drv Adjust:+       0           25     
          Src Latency:+       0            0     
          Net Latency:+       0 (I)        0 (I) 
        Capture Clock:+       0                  
              Arrival:=    3630           25     
                                                 
         Output Delay:-     990                  
          Uncertainty:-     125                  
        Required Time:=    2515                  
         Launch Clock:-      25                  
          Input Delay:-     990                  
            Data Path:-     653                  
                Slack:=     847                  

Exceptions/Constraints:
  max_delay                3630            dut.sdc_line_18         
  input_delay              990             dut.sdc_line_15_6_1     
  output_delay             990             dut.sdc_line_17_906_1   

#-----------------------------------------------------------------------------------------------------
#           Timing Point             Flags     Arc    Edge      Cell       Fanout Trans Delay Arrival 
#                                                                                  (ps)  (ps)   (ps)  
#-----------------------------------------------------------------------------------------------------
  mmio_addr[2]                       (u)     -        R     (arrival)           6    66     0    1015 
  u_ctrl/eq_121_23/g3/z              (u)     in_0->z  R     unmapped_xnor2      1     0   118    1133 
  u_ctrl/eq_121_23/g6/z              (u)     in_3->z  F     unmapped_nand4      1     0   106    1239 
  u_ctrl/eq_121_23/g8/z              (u)     in_0->z  R     unmapped_nor2       2     0    74    1314 
  u_ctrl/mux_mmio_rdata_121_23/g2/z  (u)     sel0->z  R     unmapped_bmux2      1     0   118    1432 
  u_ctrl/mux_mmio_rdata_122_23/g32/z (u)     data0->z R     unmapped_bmux2      1     0   118    1550 
  u_ctrl/mux_mmio_rdata_123_23/g32/z (u)     data0->z R     unmapped_bmux2      1     0   118    1668 
  mmio_rdata[0]                      -       -        R     (port)              -     -     0    1668 
#-----------------------------------------------------------------------------------------------------

(u) : Net has unmapped pin(s).

