============================================================
  Generated by:           Genus(TM) Synthesis Solution 25.12-s067_1
  Generated on:           Sep 16 2026  07:41:48 pm
  Module:                 tr_soc_top_int
  Operating conditions:   ss_typical_max_0p90v_125c (balanced_tree)
  Wireload mode:          top
  Area mode:              timing library
============================================================


Path 1: VIOLATED (-2317 ps) Setup Check with Pin u_vpu/u_backbone/s1_vec_in_reg[4][15]/clk->d
          Group: in2reg
     Startpoint: (R) ext_sram_b[4][2]
          Clock: (R) clk
       Endpoint: (R) u_vpu/u_backbone/s1_vec_in_reg[4][15]/d
          Clock: (R) clk

                     Capture       Launch     
        Clock Edge:+    3300            0     
        Drv Adjust:+       0            8     
       Src Latency:+       0            0     
       Net Latency:+       0 (I)        0 (I) 
           Arrival:=    3300            8     
                                              
             Setup:-      64                  
       Uncertainty:-     125                  
     Required Time:=    3110                  
      Launch Clock:-       8                  
       Input Delay:-     990                  
         Data Path:-    4429                  
             Slack:=   -2317                  

Exceptions/Constraints:
  input_delay             990             dut.sdc_line_15_521_1   

#----------------------------------------------------------------------------------------------------------------------
#                   Timing Point                     Flags     Arc    Edge      Cell        Fanout Trans Delay Arrival 
#                                                                                                   (ps)  (ps)   (ps)  
#----------------------------------------------------------------------------------------------------------------------
  ext_sram_b[4][2]                                   (u)     -        R     (arrival)            2    43     0     998 
  mux_vpu_sram_a_in[4]_292_17/g6/z                   (u)     data0->z R     unmapped_bmux2      21     0   214    1213 
  u_vpu/u_alpha/add_37_40_I5/g17/z                   (u)     in_1->z  F     unmapped_nor2        3     0    82    1294 
  u_vpu/u_alpha/add_37_40_I5/g46/z                   (u)     in_1->z  R     unmapped_nor2        1     0    61    1355 
  u_vpu/u_alpha/add_37_40_I5/g48/z                   (u)     in_0->z  F     unmapped_nor2        3     0    82    1436 
  u_vpu/u_alpha/add_37_40_I5/g81/z                   (u)     in_0->z  R     unmapped_nor2        1     0    61    1497 
  u_vpu/u_alpha/add_37_40_I5/g83/z                   (u)     in_0->z  F     unmapped_nor2        1     0    61    1558 
  u_vpu/u_alpha/add_37_40_I5/g115/z                  (u)     in_0->z  R     unmapped_nand2       8     0   113    1671 
  u_vpu/u_alpha/add_37_40_I5/g134/z                  (u)     in_0->z  F     unmapped_nand2       1     0    61    1732 
  u_vpu/u_alpha/add_37_40_I5/g135/z                  (u)     in_1->z  R     unmapped_nand2       1     0    61    1793 
  u_vpu/u_alpha/add_37_40_I5/g173/z                  (u)     in_0->z  R     unmapped_xnor2       5     0   153    1946 
  u_vpu/u_alpha/add_41_46_I5/g25/z                   (u)     in_0->z  F     unmapped_nor2        3     0    82    2027 
  u_vpu/u_alpha/add_41_46_I5/g54/z                   (u)     in_1->z  R     unmapped_nor2        1     0    61    2088 
  u_vpu/u_alpha/add_41_46_I5/g56/z                   (u)     in_0->z  F     unmapped_nor2        3     0    82    2170 
  u_vpu/u_alpha/add_41_46_I5/g91/z                   (u)     in_0->z  R     unmapped_nor2        1     0    61    2230 
  u_vpu/u_alpha/add_41_46_I5/g93/z                   (u)     in_0->z  F     unmapped_nor2        4     0    90    2321 
  u_vpu/u_alpha/add_41_46_I5/g116/z                  (u)     in_1->z  R     unmapped_nor2        1     0    61    2382 
  u_vpu/u_alpha/add_41_46_I5/g118/z                  (u)     in_0->z  F     unmapped_nor2        1     0    61    2442 
  u_vpu/u_alpha/add_41_46_I5/g145/z                  (u)     in_0->z  R     unmapped_nand2       1     0    61    2503 
  u_vpu/u_alpha/add_41_46_I5/g184/z                  (u)     in_0->z  R     unmapped_xnor2       3     0   139    2642 
  u_vpu/u_alpha/add_41_62_I5/g33/z                   (u)     in_0->z  F     unmapped_nor2        3     0    82    2724 
  u_vpu/u_alpha/add_41_62_I5/g62/z                   (u)     in_1->z  R     unmapped_nor2        1     0    61    2784 
  u_vpu/u_alpha/add_41_62_I5/g64/z                   (u)     in_0->z  F     unmapped_nor2        2     0    74    2859 
  u_vpu/u_alpha/add_41_62_I5/g95/z                   (u)     in_1->z  R     unmapped_nor2        1     0    61    2919 
  u_vpu/u_alpha/add_41_62_I5/g97/z                   (u)     in_0->z  F     unmapped_nor2        1     0    61    2980 
  u_vpu/u_alpha/add_41_62_I5/g126/z                  (u)     in_0->z  R     unmapped_not         1     0    37    3017 
  u_vpu/u_alpha/add_41_62_I5/g127/z                  (u)     in_1->z  F     unmapped_nor2        1     0    61    3078 
  u_vpu/u_alpha/add_41_62_I5/g149/z                  (u)     in_0->z  R     unmapped_nand2       1     0    61    3138 
  u_vpu/u_alpha/add_41_62_I5/g189/z                  (u)     in_0->z  R     unmapped_xnor2       1     0   118    3257 
  u_vpu/u_alpha/mux_GEN_LANES[4].x_mult_40_23/g1/z   (u)     data0->z R     unmapped_mux4        3     0   169    3426 
  u_vpu/u_alpha/lt_49_33_I5/g17/z                    (u)     in_0->z  F     unmapped_not         2     0    50    3476 
  u_vpu/u_alpha/lt_49_33_I5/g52/z                    (u)     in_0->z  R     unmapped_nand2       1     0    61    3537 
  u_vpu/u_alpha/lt_49_33_I5/g81/z                    (u)     in_0->z  F     unmapped_not         1     0    37    3574 
  u_vpu/u_alpha/lt_49_33_I5/g82/z                    (u)     in_1->z  R     unmapped_nor2        1     0    61    3634 
  u_vpu/u_alpha/lt_49_33_I5/g116/z                   (u)     in_0->z  F     unmapped_not         1     0    37    3671 
  u_vpu/u_alpha/lt_49_33_I5/g117/z                   (u)     in_1->z  R     unmapped_nor2        1     0    61    3732 
  u_vpu/u_alpha/lt_49_33_I5/g144/z                   (u)     in_0->z  F     unmapped_not         1     0    37    3769 
  u_vpu/u_alpha/lt_49_33_I5/g145/z                   (u)     in_1->z  R     unmapped_nor2        1     0    61    3829 
  u_vpu/u_alpha/lt_49_33_I5/g165/z                   (u)     in_0->z  F     unmapped_nand2       1     0    61    3890 
  u_vpu/u_alpha/lt_49_33_I5/g18/z                    (u)     in_0->z  R     unmapped_not         8     0    89    3979 
  u_vpu/u_alpha/mux_GEN_LANES[4].x_scaled_49_33/g7/z (u)     sel0->z  F     unmapped_bmux2       1     0   118    4097 
  u_vpu/u_alpha/mux_GEN_LANES[4].x_scaled_48_28/g7/z (u)     data0->z F     unmapped_bmux2       3     0   139    4236 
  u_vpu/u_alpha/minus_53_47_I5/g3/z                  (u)     in_0->z  R     unmapped_not         2     0    50    4286 
  u_vpu/u_alpha/minus_53_47_I5/g15/z                 (u)     in_1->z  F     unmapped_nor2        1     0    61    4347 
  u_vpu/u_alpha/minus_53_47_I5/g29/z                 (u)     in_0->z  R     unmapped_not         2     0    50    4397 
  u_vpu/u_alpha/minus_53_47_I5/g30/z                 (u)     in_1->z  F     unmapped_nand2       1     0    61    4458 
  u_vpu/u_alpha/minus_53_47_I5/g31/z                 (u)     in_1->z  R     unmapped_nand2       3     0    82    4540 
  u_vpu/u_alpha/minus_53_47_I5/g47/z                 (u)     in_1->z  F     unmapped_nand2       1     0    61    4600 
  u_vpu/u_alpha/minus_53_47_I5/g48/z                 (u)     in_1->z  R     unmapped_nand2       4     0    90    4691 
  u_vpu/u_alpha/minus_53_47_I5/g65/z                 (u)     in_0->z  F     unmapped_nand2       1     0    61    4752 
  u_vpu/u_alpha/minus_53_47_I5/g66/z                 (u)     in_1->z  R     unmapped_nand2       1     0    61    4812 
  u_vpu/u_alpha/minus_53_47_I5/g86/z                 (u)     in_0->z  R     unmapped_xnor2       1     0   118    4931 
  u_vpu/u_alpha/mux_53_28/g1/z                       (u)     data1->z R     unmapped_bmux2      10     0   179    5109 
  u_vpu/mux_bb_mux_out[4]_105_19/g1/z                (u)     data1->z R     unmapped_bmux8       1     0   318    5427 
  u_vpu/u_backbone/s1_vec_in_reg[4][15]/d            -       -        R     unmapped_d_flop      1     -     0    5427 
#----------------------------------------------------------------------------------------------------------------------

(u) : Net has unmapped pin(s).

