============================================================
  Generated by:           Genus(TM) Synthesis Solution 25.12-s067_1
  Generated on:           Sep 23 2026  07:46:13 pm
  Module:                 tr_soc_top_int
  Operating conditions:   ss_typical_max_0p90v_125c (balanced_tree)
  Wireload mode:          top
  Area mode:              timing library
============================================================


Path 1: VIOLATED (-3826 ps) Setup Check with Pin u_vpu/u_backbone/s1_vec_in_reg[0][15]/clk->d
          Group: reg2reg
     Startpoint: (R) u_ctrl/state_reg[5]/clk
          Clock: (R) clk
       Endpoint: (R) u_vpu/u_backbone/s1_vec_in_reg[0][15]/d
          Clock: (R) clk

                     Capture       Launch     
        Clock Edge:+    3300            0     
       Src Latency:+       0            0     
       Net Latency:+       0 (I)        0 (I) 
           Arrival:=    3300            0     
                                              
             Setup:-      64                  
       Uncertainty:-     125                  
     Required Time:=    3110                  
      Launch Clock:-       0                  
         Data Path:-    6937                  
             Slack:=   -3826                  

#----------------------------------------------------------------------------------------------------------------------
#                   Timing Point                     Flags     Arc    Edge      Cell        Fanout Trans Delay Arrival 
#                                                                                                   (ps)  (ps)   (ps)  
#----------------------------------------------------------------------------------------------------------------------
  u_ctrl/state_reg[5]/clk                            -       -        R     (arrival)         3845     0     0       0 
  u_ctrl/state_reg[5]/q                              (u)     clk->q   F     unmapped_d_flop     55     0   431     431 
  u_ctrl/ctl_275_15/g102/z                           (u)     in_0->z  R     unmapped_not         8     0    89     520 
  u_ctrl/ctl_275_15/g49/z                            (u)     in_0->z  F     unmapped_nand4       3     0   127     647 
  u_ctrl/ctl_275_15/g54/z                            (u)     in_1->z  R     unmapped_nor2       29     0   175     822 
  u_ctrl/mux_cmbsop_reg_busy_275_15/g16/z            (u)     sel17->z R     unmapped_mux31      64     0   423    1245 
  mux_vpu_sram_a_in[0]_292_17/g7/z                   (u)     sel0->z  F     unmapped_bmux2      27     0   228    1473 
  u_vpu/u_alpha/minus_43_42_I1/g3/z                  (u)     in_0->z  R     unmapped_not         2     0    50    1523 
  u_vpu/u_alpha/minus_43_42_I1/g23/z                 (u)     in_1->z  F     unmapped_nor2        1     0    61    1584 
  u_vpu/u_alpha/minus_43_42_I1/g53/z                 (u)     in_0->z  R     unmapped_not         2     0    50    1634 
  u_vpu/u_alpha/minus_43_42_I1/g54/z                 (u)     in_1->z  F     unmapped_nand2       1     0    61    1695 
  u_vpu/u_alpha/minus_43_42_I1/g55/z                 (u)     in_1->z  R     unmapped_nand2       3     0    82    1777 
  u_vpu/u_alpha/minus_43_42_I1/g87/z                 (u)     in_1->z  F     unmapped_nand2       1     0    61    1838 
  u_vpu/u_alpha/minus_43_42_I1/g88/z                 (u)     in_1->z  R     unmapped_nand2       5     0    96    1933 
  u_vpu/u_alpha/minus_43_42_I1/g128/z                (u)     in_0->z  F     unmapped_nand2       1     0    61    1994 
  u_vpu/u_alpha/minus_43_42_I1/g129/z                (u)     in_1->z  R     unmapped_nand2       8     0   113    2107 
  u_vpu/u_alpha/minus_43_42_I1/g162/z                (u)     in_1->z  F     unmapped_nand2       1     0    61    2168 
  u_vpu/u_alpha/minus_43_42_I1/g163/z                (u)     in_1->z  R     unmapped_nand2       1     0    61    2229 
  u_vpu/u_alpha/minus_43_42_I1/g203/z                (u)     in_0->z  R     unmapped_xnor2       1     0   118    2347 
  u_vpu/u_alpha/mux_43_25/g1/z                       (u)     data1->z R     unmapped_bmux2       3     0   139    2486 
  u_vpu/u_alpha/lt_48_32_I1/g17/z                    (u)     in_0->z  F     unmapped_not         2     0    50    2536 
  u_vpu/u_alpha/lt_48_32_I1/g51/z                    (u)     in_0->z  R     unmapped_nor2        2     0    74    2610 
  u_vpu/u_alpha/lt_48_32_I1/g83/z                    (u)     in_1->z  F     unmapped_nor2        2     0    74    2684 
  u_vpu/u_alpha/lt_48_32_I1/g114/z                   (u)     in_0->z  R     unmapped_not         1     0    37    2721 
  u_vpu/u_alpha/lt_48_32_I1/g115/z                   (u)     in_1->z  F     unmapped_nor2        1     0    61    2782 
  u_vpu/u_alpha/lt_48_32_I1/g117/z                   (u)     in_0->z  R     unmapped_nor2        1     0    61    2843 
  u_vpu/u_alpha/lt_48_32_I1/g144/z                   (u)     in_0->z  F     unmapped_not         1     0    37    2880 
  u_vpu/u_alpha/lt_48_32_I1/g145/z                   (u)     in_1->z  R     unmapped_nor2        1     0    61    2940 
  u_vpu/u_alpha/lt_48_32_I1/g165/z                   (u)     in_0->z  F     unmapped_nand2       1     0    61    3001 
  u_vpu/u_alpha/lt_48_32_I1/g18/z                    (u)     in_0->z  R     unmapped_not         1     0    37    3038 
  u_vpu/u_alpha/mux_GEN_LANES[0].coef_sel_48_32/g1/z (u)     sel0->z  F     unmapped_bmux2       1     0   118    3156 
  u_vpu/u_alpha/mux_GEN_LANES[0].coef_sel_47_32/g2/z (u)     data0->z F     unmapped_bmux2       1     0   118    3274 
  u_vpu/u_alpha/mux_GEN_LANES[0].coef_sel_46_27/g2/z (u)     data0->z F     unmapped_bmux2       8     0   170    3444 
  u_vpu/u_alpha/mul_51_32_I1/g92/z                   (u)     in_0->z  R     unmapped_nand2       3     0    82    3526 
  u_vpu/u_alpha/mul_51_32_I1/g247/z                  (u)     in_0->z  R     unmapped_xor2        1     0   118    3644 
  u_vpu/u_alpha/mul_51_32_I1/g248/z                  (u)     in_0->z  R     unmapped_xor2        3     0   139    3783 
  u_vpu/u_alpha/mul_51_32_I1/g262/z                  (u)     in_0->z  F     unmapped_nand2       1     0    61    3844 
  u_vpu/u_alpha/mul_51_32_I1/g264/z                  (u)     in_1->z  R     unmapped_nand3       3     0   102    3945 
  u_vpu/u_alpha/mul_51_32_I1/g305/z                  (u)     in_1->z  F     unmapped_nand2       1     0    61    4006 
  u_vpu/u_alpha/mul_51_32_I1/g306/z                  (u)     in_2->z  R     unmapped_nand3       3     0   102    4108 
  u_vpu/u_alpha/mul_51_32_I1/g344/z                  (u)     in_1->z  F     unmapped_xor2        2     0   132    4240 
  u_vpu/u_alpha/mul_51_32_I1/g588/z                  (u)     in_1->z  R     unmapped_nor2        3     0    82    4321 
  u_vpu/u_alpha/mul_51_32_I1/g615/z                  (u)     in_1->z  F     unmapped_nor2        1     0    61    4382 
  u_vpu/u_alpha/mul_51_32_I1/g617/z                  (u)     in_0->z  R     unmapped_nor2        3     0    82    4463 
  u_vpu/u_alpha/mul_51_32_I1/g648/z                  (u)     in_0->z  F     unmapped_nor2        1     0    61    4524 
  u_vpu/u_alpha/mul_51_32_I1/g650/z                  (u)     in_0->z  R     unmapped_nor2        4     0    90    4614 
  u_vpu/u_alpha/mul_51_32_I1/g125/z                  (u)     in_1->z  F     unmapped_nor2        1     0    61    4675 
  u_vpu/u_alpha/mul_51_32_I1/g127/z                  (u)     in_0->z  R     unmapped_nor2        1     0    61    4736 
  u_vpu/u_alpha/mul_51_32_I1/g149/z                  (u)     in_0->z  F     unmapped_nand2       1     0    61    4797 
  u_vpu/u_alpha/mul_51_32_I1/g675/z                  (u)     in_0->z  R     unmapped_xnor2       3     0   139    4936 
  u_vpu/u_alpha/lt_54_33_I1/g17/z                    (u)     in_0->z  F     unmapped_not         2     0    50    4986 
  u_vpu/u_alpha/lt_54_33_I1/g52/z                    (u)     in_0->z  R     unmapped_nand2       1     0    61    5047 
  u_vpu/u_alpha/lt_54_33_I1/g81/z                    (u)     in_0->z  F     unmapped_not         1     0    37    5083 
  u_vpu/u_alpha/lt_54_33_I1/g82/z                    (u)     in_1->z  R     unmapped_nor2        1     0    61    5144 
  u_vpu/u_alpha/lt_54_33_I1/g116/z                   (u)     in_0->z  F     unmapped_not         1     0    37    5181 
  u_vpu/u_alpha/lt_54_33_I1/g117/z                   (u)     in_1->z  R     unmapped_nor2        1     0    61    5242 
  u_vpu/u_alpha/lt_54_33_I1/g144/z                   (u)     in_0->z  F     unmapped_not         1     0    37    5278 
  u_vpu/u_alpha/lt_54_33_I1/g145/z                   (u)     in_1->z  R     unmapped_nor2        1     0    61    5339 
  u_vpu/u_alpha/lt_54_33_I1/g165/z                   (u)     in_0->z  F     unmapped_nand2       1     0    61    5400 
  u_vpu/u_alpha/lt_54_33_I1/g18/z                    (u)     in_0->z  R     unmapped_not         8     0    89    5489 
  u_vpu/u_alpha/mux_GEN_LANES[0].x_scaled_54_33/g7/z (u)     sel0->z  F     unmapped_bmux2       1     0   118    5607 
  u_vpu/u_alpha/mux_GEN_LANES[0].x_scaled_53_28/g7/z (u)     data0->z F     unmapped_bmux2       3     0   139    5746 
  u_vpu/u_alpha/minus_58_47_I1/g3/z                  (u)     in_0->z  R     unmapped_not         2     0    50    5796 
  u_vpu/u_alpha/minus_58_47_I1/g15/z                 (u)     in_1->z  F     unmapped_nor2        1     0    61    5857 
  u_vpu/u_alpha/minus_58_47_I1/g29/z                 (u)     in_0->z  R     unmapped_not         2     0    50    5907 
  u_vpu/u_alpha/minus_58_47_I1/g30/z                 (u)     in_1->z  F     unmapped_nand2       1     0    61    5968 
  u_vpu/u_alpha/minus_58_47_I1/g31/z                 (u)     in_1->z  R     unmapped_nand2       3     0    82    6050 
  u_vpu/u_alpha/minus_58_47_I1/g47/z                 (u)     in_1->z  F     unmapped_nand2       1     0    61    6110 
  u_vpu/u_alpha/minus_58_47_I1/g48/z                 (u)     in_1->z  R     unmapped_nand2       4     0    90    6201 
  u_vpu/u_alpha/minus_58_47_I1/g65/z                 (u)     in_0->z  F     unmapped_nand2       1     0    61    6262 
  u_vpu/u_alpha/minus_58_47_I1/g66/z                 (u)     in_1->z  R     unmapped_nand2       1     0    61    6322 
  u_vpu/u_alpha/minus_58_47_I1/g86/z                 (u)     in_0->z  R     unmapped_xnor2       1     0   118    6440 
  u_vpu/u_alpha/mux_58_40/g1/z                       (u)     data1->z R     unmapped_bmux2      10     0   179    6619 
  u_vpu/mux_bb_mux_out[0]_105_19/g1/z                (u)     data1->z R     unmapped_bmux8       1     0   318    6937 
  u_vpu/u_backbone/s1_vec_in_reg[0][15]/d            -       -        R     unmapped_d_flop      1     -     0    6937 
#----------------------------------------------------------------------------------------------------------------------

(u) : Net has unmapped pin(s).

