============================================================
  Generated by:           Genus(TM) Synthesis Solution 25.12-s067_1
  Generated on:           Sep 23 2026  07:46:14 pm
  Module:                 tr_soc_top_int
  Operating conditions:   ss_typical_max_0p90v_125c (balanced_tree)
  Wireload mode:          top
  Area mode:              timing library
============================================================


Path 1: MET (289 ps) Late External Delay Assertion at pin mmio_rdata[0]
          Group: reg2out
     Startpoint: (R) u_ctrl/state_reg[5]/clk
          Clock: (R) clk
       Endpoint: (R) mmio_rdata[0]
          Clock: (R) clk

                     Capture       Launch     
        Clock Edge:+    3300            0     
       Src Latency:+       0            0     
       Net Latency:+       0 (I)        0 (I) 
           Arrival:=    3300            0     
                                              
      Output Delay:-     990                  
       Uncertainty:-     125                  
     Required Time:=    2185                  
      Launch Clock:-       0                  
         Data Path:-    1896                  
             Slack:=     289                  

Exceptions/Constraints:
  output_delay             990             dut.sdc_line_17_906_1   

#----------------------------------------------------------------------------------------------------------
#             Timing Point               Flags     Arc    Edge      Cell        Fanout Trans Delay Arrival 
#                                                                                       (ps)  (ps)   (ps)  
#----------------------------------------------------------------------------------------------------------
  u_ctrl/state_reg[5]/clk                -       -        R     (arrival)         3845     0     0       0 
  u_ctrl/state_reg[5]/q                  (u)     clk->q   R     unmapped_d_flop     55     0   431     431 
  u_ctrl/ctl_275_15/g102/z               (u)     in_0->z  F     unmapped_not         8     0    89     520 
  u_ctrl/ctl_275_15/g34/z                (u)     in_0->z  R     unmapped_nand4       4     0   136     656 
  u_ctrl/ctl_275_15/g36/z                (u)     in_1->z  F     unmapped_nor2       29     0   175     831 
  u_ctrl/ctl_275_15/g93/z                (u)     in_3->z  R     unmapped_nor4        1     0   106     937 
  u_ctrl/ctl_275_15/g99/z                (u)     in_2->z  F     unmapped_nand4       1     0   106    1043 
  u_ctrl/ctl_275_15/g101/z               (u)     in_1->z  R     unmapped_nor2       28     0   173    1216 
  u_ctrl/mux_cmbsop_reg_busy_275_15/g1/z (u)     sel30->z R     unmapped_mux31       1     0   326    1542 
  u_ctrl/mux_mmio_rdata_121_23/g2/z      (u)     data1->z R     unmapped_bmux2       1     0   118    1660 
  u_ctrl/mux_mmio_rdata_122_23/g32/z     (u)     data0->z R     unmapped_bmux2       1     0   118    1778 
  u_ctrl/mux_mmio_rdata_123_23/g32/z     (u)     data0->z R     unmapped_bmux2       1     0   118    1896 
  mmio_rdata[0]                          -       -        R     (port)               -     -     0    1896 
#----------------------------------------------------------------------------------------------------------

(u) : Net has unmapped pin(s).

