============================================================
  Generated by:           Genus(TM) Synthesis Solution 25.12-s067_1
  Generated on:           Sep 23 2026  03:07:10 pm
  Module:                 tr_nonlinear_vpu
  Operating conditions:   ss_typical_max_0p90v_125c (balanced_tree)
  Wireload mode:          top
  Area mode:              timing library
============================================================


Path 1: VIOLATED (-276 ps) Setup Check with Pin u_backbone/s1_vec_in_reg[4][1]/CK->D
          Group: in2reg
     Startpoint: (F) sram_data_a[4][10]
          Clock: (R) clk
       Endpoint: (F) u_backbone/s1_vec_in_reg[4][1]/D
          Clock: (R) clk

                     Capture       Launch     
        Clock Edge:+    3300            0     
        Drv Adjust:+       0           41     
       Src Latency:+       0            0     
       Net Latency:+       0 (I)        0 (I) 
           Arrival:=    3300           41     
                                              
             Setup:-     108                  
       Uncertainty:-     125                  
     Required Time:=    3067                  
      Launch Clock:-      41                  
       Input Delay:-     990                  
         Data Path:-    2312                  
             Slack:=    -276                  

Exceptions/Constraints:
  input_delay             990             dut.sdc_line_15_38_1   

#----------------------------------------------------------------------------------------------------
#          Timing Point            Flags    Arc   Edge       Cell         Fanout Trans Delay Arrival 
#                                                                                 (ps)  (ps)   (ps)  
#----------------------------------------------------------------------------------------------------
  sram_data_a[4][10]               -       -      F     (arrival)              5    85     0    1031 
  u_alpha/g7027/Y                  -       A->Y   R     INV_X6M_A9TL           2    53    57    1088 
  u_alpha/g7015__6783/Y            -       C->Y   F     NAND3_X6M_A9TL         1    67    72    1160 
  u_alpha/g7013__8428/Y            -       A->Y   R     NAND2_X8M_A9TL         2    89    74    1234 
  u_alpha/g7008__5477/Y            -       A->Y   R     AND3_X11M_A9TL         2    52   105    1339 
  u_alpha/g7007/Y                  -       A->Y   F     INV_X7P5M_A9TL         1    27    31    1369 
  u_alpha/g7004__1666/Y            -       A0->Y  R     OAI2XB1_X8M_A9TL       1   128    97    1466 
  u_alpha/g7003/Y                  -       A->Y   F     INV_X16M_A9TL         15    73    77    1543 
  u_alpha/MULT_TC_OP809_fopt1131/Y -       A->Y   R     INV_X7P5M_A9TL         4    75    75    1618 
  u_alpha/MULT_TC_OP809_g1095/Y    -       A->Y   F     NOR2_X6A_A9TL          1    45    54    1672 
  u_alpha/MULT_TC_OP809_g1016/Y    -       A0->Y  R     OAI21_X8M_A9TL         2   101    81    1752 
  u_alpha/MULT_TC_OP809_g966/Y     -       B->Y   F     XOR3_X4M_A9TL          2    88   254    2006 
  u_alpha/MULT_TC_OP809_g950/Y     -       A->Y   R     NOR2XB_X8M_A9TL        2    78    76    2082 
  u_alpha/MULT_TC_OP809_g944/Y     -       A->Y   F     INV_X4M_A9TL           2    41    47    2129 
  u_alpha/MULT_TC_OP809_g893/Y     -       B->Y   R     NAND4_X4A_A9TL         1   106    73    2202 
  u_alpha/MULT_TC_OP809_g886/Y     -       BN->Y  R     NAND2XB_X6M_A9TL       1    76   129    2332 
  u_alpha/MULT_TC_OP809_g882/Y     -       B->Y   F     NAND2_X8M_A9TL         2    53    60    2391 
  u_alpha/MULT_TC_OP809_g871/Y     -       A0->Y  R     AOI2XB1_X8M_A9TL       1    83    81    2472 
  u_alpha/MULT_TC_OP809_g870/Y     -       A->Y   F     NAND2XB_X8M_A9TL       2    53    53    2526 
  u_alpha/MULT_TC_OP809_g867/Y     -       A->Y   R     NAND2XB_X6M_A9TL       1    69    53    2579 
  u_alpha/MULT_TC_OP809_g865/Y     -       A->Y   F     NAND2XB_X6M_A9TL       1    45    46    2625 
  u_alpha/MULT_TC_OP809_g864/Y     -       S0->Y  R     MXIT2_X4M_A9TL         2   192   102    2727 
  u_alpha/g6962__5107/Y            -       BN->Y  R     NAND2XB_X8M_A9TL       2    73   154    2880 
  u_alpha/g6961__2398/Y            -       A->Y   F     NAND2_X8M_A9TL         3    66    65    2945 
  u_alpha/g6955__2346/Y            -       A->Y   R     NAND2XB_X8M_A9TL       2   100    80    3025 
  u_alpha/g6952/Y                  -       A->Y   F     INV_X16M_A9TL         10    51    57    3082 
  u_alpha/g6940__2802/Y            -       A->Y   R     NAND3XXB_X4M_A9TL      1   117    78    3159 
  u_alpha/g6934__4319/Y            -       B0N->Y F     AO21B_X6M_A9TL         2    68    66    3226 
  g14873/Y                         -       A->Y   R     NAND2_X3B_A9TL         1    53    54    3280 
  g14173/Y                         -       C0->Y  F     OAI211_X3M_A9TL        1   101    63    3343 
  u_backbone/s1_vec_in_reg[4][1]/D -       -      F     DFFRPQ_X2M_A9TL        1     -     0    3343 
#----------------------------------------------------------------------------------------------------

