============================================================
  Generated by:           Genus(TM) Synthesis Solution 25.12-s067_1
  Generated on:           Sep 23 2026  03:07:10 pm
  Module:                 tr_nonlinear_vpu
  Operating conditions:   ss_typical_max_0p90v_125c (balanced_tree)
  Wireload mode:          top
  Area mode:              timing library
============================================================


Path 1: VIOLATED (-262 ps) Setup Check with Pin u_backbone/s2_post_ln_reg_reg[3][10]/CK->D
          Group: reg2reg
     Startpoint: (R) u_backbone/s1_mode_pre_ln_reg/CK
          Clock: (R) clk
       Endpoint: (F) u_backbone/s2_post_ln_reg_reg[3][10]/D
          Clock: (R) clk

                     Capture       Launch     
        Clock Edge:+    3300            0     
       Src Latency:+       0            0     
       Net Latency:+       0 (I)        0 (I) 
           Arrival:=    3300            0     
                                              
             Setup:-     103                  
       Uncertainty:-     125                  
     Required Time:=    3072                  
      Launch Clock:-       0                  
         Data Path:-    3334                  
             Slack:=    -262                  

#------------------------------------------------------------------------------------------------------------------------------------------
#                             Timing Point                               Flags    Arc   Edge       Cell         Fanout Trans Delay Arrival 
#                                                                                                                       (ps)  (ps)   (ps)  
#------------------------------------------------------------------------------------------------------------------------------------------
  u_backbone/s1_mode_pre_ln_reg/CK                                       -       -      R     (arrival)            464     0     0       0 
  u_backbone/s1_mode_pre_ln_reg/Q                                        -       CK->Q  F     DFFRPQ_X4M_A9TL        1    73   292     292 
  u_backbone/u_pre_ln/fopt3895/Y                                         -       A->Y   R     INV_X16M_A9TL         16    88    82     374 
  u_backbone/u_pre_ln/g3801/Y                                            -       A->Y   F     NOR2XB_X6M_A9TL        2    76    69     443 
  u_backbone/u_pre_ln/g3721/Y                                            -       A->Y   R     NAND2XB_X8M_A9TL       4   124    97     540 
  u_backbone/u_pre_ln/fopt3893/Y                                         -       A->Y   F     INV_X9M_A9TL           2    43    46     586 
  u_backbone/u_pre_ln/g3680/Y                                            -       A->Y   R     NAND3XXB_X6M_A9TL      3   165   100     686 
  u_backbone/u_pre_ln/g3636/Y                                            -       A->Y   F     NAND2XB_X6M_A9TL       1    62    56     742 
  u_backbone/u_pre_ln/g3623/Y                                            -       B0->Y  R     OAI2XB1_X6M_A9TL       5   190   106     849 
  u_backbone/gen_tr_lanes[3].u_tr_ln/g2924/Y                             -       A->Y   F     INV_X5M_A9TL           2    73    77     925 
  u_backbone/gen_tr_lanes[3].u_tr_ln/g2866/Y                             -       A->Y   R     NAND3_X6M_A9TL         2   110    85    1010 
  u_backbone/gen_tr_lanes[3].u_tr_ln/g2935/Y                             -       A->Y   F     NOR2_X8A_A9TL          4    68    73    1084 
  u_backbone/gen_tr_lanes[3].u_tr_ln/g2798/Y                             -       A->Y   R     NAND2XB_X4M_A9TL       2    81    70    1153 
  u_backbone/gen_tr_lanes[3].u_tr_ln/g2932/Y                             -       A1N->Y R     AOI2XB1_X6M_A9TL       1    82   146    1299 
  u_backbone/gen_tr_lanes[3].u_tr_ln/g2724/Y                             -       A->Y   F     NAND2_X4A_A9TL         1    68    66    1365 
  u_backbone/gen_tr_lanes[3].u_tr_ln/g2714/Y                             -       A->Y   R     NOR2XB_X8M_A9TL        1    65    64    1429 
  u_backbone/gen_tr_lanes[3].u_tr_ln/g2711/Y                             -       B->Y   F     NAND2_X6M_A9TL         2    59    61    1490 
  u_backbone/gen_tr_lanes[3].u_tr_ln/fopt6/Y                             -       A->Y   R     INV_X4M_A9TL           3    82    74    1564 
  u_backbone/gen_tr_lanes[3].u_tr_ln/csa_tree_ADD_TC_OP_3_groupi_g954/Y  -       A1->Y  F     AOI21_X8M_A9TL         2    71    82    1645 
  u_backbone/gen_tr_lanes[3].u_tr_ln/csa_tree_ADD_TC_OP_3_groupi_g944/Y  -       A0->Y  R     AOI2XB1_X8M_A9TL       2   105    98    1743 
  u_backbone/gen_tr_lanes[3].u_tr_ln/fopt2984/Y                          -       A->Y   F     INV_X5M_A9TL           1    41    45    1788 
  u_backbone/gen_tr_lanes[3].u_tr_ln/csa_tree_ADD_TC_OP_3_groupi_g934/Y  -       B0N->Y R     AO21B_X6M_A9TL         1    60    42    1830 
  u_backbone/gen_tr_lanes[3].u_tr_ln/csa_tree_ADD_TC_OP_3_groupi_g927/Y  -       B0N->Y F     AO21B_X6M_A9TL         2    65    60    1890 
  u_backbone/gen_tr_lanes[3].u_tr_ln/csa_tree_ADD_TC_OP_3_groupi_g897/Y  -       S0->Y  F     MXIT2_X4M_A9TL         2   105   102    1992 
  u_backbone/gen_tr_lanes[3].u_tr_ln/csa_tree_ADD_TC_OP_3_groupi_g1001/Y -       BN->Y  F     NAND2XB_X8M_A9TL       2    80   128    2119 
  u_backbone/gen_tr_lanes[3].u_tr_ln/csa_tree_ADD_TC_OP_3_groupi_g876/Y  -       B->Y   R     NAND2_X6M_A9TL         2    69    76    2195 
  u_backbone/gen_tr_lanes[3].u_tr_ln/csa_tree_ADD_TC_OP_3_groupi_g999/Y  -       AN->Y  R     NAND2B_X4M_A9TL        2    92   127    2322 
  u_backbone/gen_tr_lanes[3].u_tr_ln/csa_tree_ADD_TC_OP_3_groupi_g863/Y  -       B0->Y  R     AO1B2_X4M_A9TL         1    63   128    2450 
  u_backbone/gen_tr_lanes[3].u_tr_ln/csa_tree_ADD_TC_OP_3_groupi_g858/Y  -       S0->Y  R     MXIT2_X3M_A9TL         1   118    77    2527 
  u_backbone/gen_tr_lanes[3].u_tr_ln/g1237/Y                             -       A->Y   R     AND2_X4M_A9TL          1    57   116    2643 
  u_backbone/g3666/Y                                                     -       A->Y   F     NAND2_X6M_A9TL         1    47    42    2684 
  u_backbone/g3436/Y                                                     -       A->Y   R     NAND3XXB_X6M_A9TL      1    96    63    2747 
  u_backbone/u_post_ln/fopt10003/Y                                       -       A->Y   F     INV_X6B_A9TL           2    53    58    2805 
  u_backbone/u_post_ln/g9267/Y                                           -       A->Y   R     NAND2_X6M_A9TL         2    79    64    2869 
  u_backbone/u_post_ln/g9208/Y                                           -       A->Y   F     NOR2_X8A_A9TL          2    68    53    2922 
  u_backbone/u_post_ln/g9154/Y                                           -       A->Y   R     NAND2_X8M_A9TL         3    82    74    2996 
  u_backbone/u_post_ln/g9094/Y                                           -       A->Y   F     NOR2XB_X8M_A9TL        3    66    62    3058 
  u_backbone/u_post_ln/g9031/Y                                           -       A->Y   R     NOR2XB_X2M_A9TL        1    90    80    3138 
  u_backbone/u_post_ln/g8964/Y                                           -       AN->Y  R     NAND3B_X4M_A9TL        1    90   124    3262 
  u_backbone/u_post_ln/g8929/Y                                           -       C0->Y  F     OAI211_X3M_A9TL        1    85    72    3334 
  u_backbone/s2_post_ln_reg_reg[3][10]/D                                 -       -      F     DFFRPQ_X2M_A9TL        1     -     0    3334 
#------------------------------------------------------------------------------------------------------------------------------------------

