============================================================
  Generated by:           Genus(TM) Synthesis Solution 25.12-s067_1
  Generated on:           Sep 24 2026  04:35:52 pm
  Module:                 tr_nonlinear_vpu
  Operating conditions:   ss_typical_max_0p90v_125c (balanced_tree)
  Wireload mode:          top
  Area mode:              timing library
============================================================


Path 1: MET (1837 ps) Late External Delay Assertion at pin vpu_dot_out[29]
          Group: reg2out
     Startpoint: (R) u_mac/out_dot_reg[29]/CK
          Clock: (R) clk
       Endpoint: (R) vpu_dot_out[29]
          Clock: (R) clk

                     Capture       Launch     
        Clock Edge:+    3300            0     
       Src Latency:+       0            0     
       Net Latency:+       0 (I)        0 (I) 
           Arrival:=    3300            0     
                                              
      Output Delay:-     990                  
       Uncertainty:-     125                  
     Required Time:=    2185                  
      Launch Clock:-       0                  
         Data Path:-     348                  
             Slack:=    1837                  

Exceptions/Constraints:
  output_delay             990             dut.sdc_line_17_344_1   

#---------------------------------------------------------------------------------------
#      Timing Point        Flags   Arc   Edge     Cell       Fanout Trans Delay Arrival 
#                                                                    (ps)  (ps)   (ps)  
#---------------------------------------------------------------------------------------
  u_mac/out_dot_reg[29]/CK -       -     R     (arrival)         32     0     0       0 
  u_mac/out_dot_reg[29]/Q  -       CK->Q R     DFFQ_X1M_A9TL      5   242   348     348 
  vpu_dot_out[29]          -       -     R     (port)             -     -     0     348 
#---------------------------------------------------------------------------------------



Path 2: MET (1838 ps) Late External Delay Assertion at pin vpu_dot_out[28]
          Group: reg2out
     Startpoint: (R) u_mac/out_dot_reg[28]/CK
          Clock: (R) clk
       Endpoint: (R) vpu_dot_out[28]
          Clock: (R) clk

                     Capture       Launch     
        Clock Edge:+    3300            0     
       Src Latency:+       0            0     
       Net Latency:+       0 (I)        0 (I) 
           Arrival:=    3300            0     
                                              
      Output Delay:-     990                  
       Uncertainty:-     125                  
     Required Time:=    2185                  
      Launch Clock:-       0                  
         Data Path:-     347                  
             Slack:=    1838                  

Exceptions/Constraints:
  output_delay             990             dut.sdc_line_17_345_1   

#---------------------------------------------------------------------------------------
#      Timing Point        Flags   Arc   Edge     Cell       Fanout Trans Delay Arrival 
#                                                                    (ps)  (ps)   (ps)  
#---------------------------------------------------------------------------------------
  u_mac/out_dot_reg[28]/CK -       -     R     (arrival)         32     0     0       0 
  u_mac/out_dot_reg[28]/Q  -       CK->Q R     DFFQ_X1M_A9TL      5   241   347     347 
  vpu_dot_out[28]          -       -     R     (port)             -     -     0     347 
#---------------------------------------------------------------------------------------



Path 3: MET (1841 ps) Late External Delay Assertion at pin vpu_dot_out[28]
          Group: reg2out
     Startpoint: (R) u_mac/out_dot_reg[28]/CK
          Clock: (R) clk
       Endpoint: (F) vpu_dot_out[28]
          Clock: (R) clk

                     Capture       Launch     
        Clock Edge:+    3300            0     
       Src Latency:+       0            0     
       Net Latency:+       0 (I)        0 (I) 
           Arrival:=    3300            0     
                                              
      Output Delay:-     990                  
       Uncertainty:-     125                  
     Required Time:=    2185                  
      Launch Clock:-       0                  
         Data Path:-     344                  
             Slack:=    1841                  

Exceptions/Constraints:
  output_delay             990             dut.sdc_line_17_345_1   

#---------------------------------------------------------------------------------------
#      Timing Point        Flags   Arc   Edge     Cell       Fanout Trans Delay Arrival 
#                                                                    (ps)  (ps)   (ps)  
#---------------------------------------------------------------------------------------
  u_mac/out_dot_reg[28]/CK -       -     R     (arrival)         32     0     0       0 
  u_mac/out_dot_reg[28]/Q  -       CK->Q F     DFFQ_X1M_A9TL      5   170   344     344 
  vpu_dot_out[28]          -       -     F     (port)             -     -     0     344 
#---------------------------------------------------------------------------------------



Path 4: MET (1841 ps) Late External Delay Assertion at pin vpu_dot_out[29]
          Group: reg2out
     Startpoint: (R) u_mac/out_dot_reg[29]/CK
          Clock: (R) clk
       Endpoint: (F) vpu_dot_out[29]
          Clock: (R) clk

                     Capture       Launch     
        Clock Edge:+    3300            0     
       Src Latency:+       0            0     
       Net Latency:+       0 (I)        0 (I) 
           Arrival:=    3300            0     
                                              
      Output Delay:-     990                  
       Uncertainty:-     125                  
     Required Time:=    2185                  
      Launch Clock:-       0                  
         Data Path:-     344                  
             Slack:=    1841                  

Exceptions/Constraints:
  output_delay             990             dut.sdc_line_17_344_1   

#---------------------------------------------------------------------------------------
#      Timing Point        Flags   Arc   Edge     Cell       Fanout Trans Delay Arrival 
#                                                                    (ps)  (ps)   (ps)  
#---------------------------------------------------------------------------------------
  u_mac/out_dot_reg[29]/CK -       -     R     (arrival)         32     0     0       0 
  u_mac/out_dot_reg[29]/Q  -       CK->Q F     DFFQ_X1M_A9TL      5   170   344     344 
  vpu_dot_out[29]          -       -     F     (port)             -     -     0     344 
#---------------------------------------------------------------------------------------



Path 5: MET (1852 ps) Late External Delay Assertion at pin vpu_dot_out[18]
          Group: reg2out
     Startpoint: (R) u_mac/out_dot_reg[18]/CK
          Clock: (R) clk
       Endpoint: (F) vpu_dot_out[18]
          Clock: (R) clk

                     Capture       Launch     
        Clock Edge:+    3300            0     
       Src Latency:+       0            0     
       Net Latency:+       0 (I)        0 (I) 
           Arrival:=    3300            0     
                                              
      Output Delay:-     990                  
       Uncertainty:-     125                  
     Required Time:=    2185                  
      Launch Clock:-       0                  
         Data Path:-     334                  
             Slack:=    1852                  

Exceptions/Constraints:
  output_delay             990             dut.sdc_line_17_355_1   

#---------------------------------------------------------------------------------------
#      Timing Point        Flags   Arc   Edge     Cell       Fanout Trans Delay Arrival 
#                                                                    (ps)  (ps)   (ps)  
#---------------------------------------------------------------------------------------
  u_mac/out_dot_reg[18]/CK -       -     R     (arrival)         32     0     0       0 
  u_mac/out_dot_reg[18]/Q  -       CK->Q F     DFFQ_X1M_A9TL      4   152   333     333 
  vpu_dot_out[18]          -       -     F     (port)             -     -     0     334 
#---------------------------------------------------------------------------------------



Path 6: MET (1852 ps) Late External Delay Assertion at pin vpu_dot_out[25]
          Group: reg2out
     Startpoint: (R) u_mac/out_dot_reg[25]/CK
          Clock: (R) clk
       Endpoint: (F) vpu_dot_out[25]
          Clock: (R) clk

                     Capture       Launch     
        Clock Edge:+    3300            0     
       Src Latency:+       0            0     
       Net Latency:+       0 (I)        0 (I) 
           Arrival:=    3300            0     
                                              
      Output Delay:-     990                  
       Uncertainty:-     125                  
     Required Time:=    2185                  
      Launch Clock:-       0                  
         Data Path:-     333                  
             Slack:=    1852                  

Exceptions/Constraints:
  output_delay             990             dut.sdc_line_17_348_1   

#---------------------------------------------------------------------------------------
#      Timing Point        Flags   Arc   Edge     Cell       Fanout Trans Delay Arrival 
#                                                                    (ps)  (ps)   (ps)  
#---------------------------------------------------------------------------------------
  u_mac/out_dot_reg[25]/CK -       -     R     (arrival)         32     0     0       0 
  u_mac/out_dot_reg[25]/Q  -       CK->Q F     DFFQ_X1M_A9TL      4   152   333     333 
  vpu_dot_out[25]          -       -     F     (port)             -     -     0     333 
#---------------------------------------------------------------------------------------



Path 7: MET (1852 ps) Late External Delay Assertion at pin vpu_dot_out[18]
          Group: reg2out
     Startpoint: (R) u_mac/out_dot_reg[18]/CK
          Clock: (R) clk
       Endpoint: (R) vpu_dot_out[18]
          Clock: (R) clk

                     Capture       Launch     
        Clock Edge:+    3300            0     
       Src Latency:+       0            0     
       Net Latency:+       0 (I)        0 (I) 
           Arrival:=    3300            0     
                                              
      Output Delay:-     990                  
       Uncertainty:-     125                  
     Required Time:=    2185                  
      Launch Clock:-       0                  
         Data Path:-     333                  
             Slack:=    1852                  

Exceptions/Constraints:
  output_delay             990             dut.sdc_line_17_355_1   

#---------------------------------------------------------------------------------------
#      Timing Point        Flags   Arc   Edge     Cell       Fanout Trans Delay Arrival 
#                                                                    (ps)  (ps)   (ps)  
#---------------------------------------------------------------------------------------
  u_mac/out_dot_reg[18]/CK -       -     R     (arrival)         32     0     0       0 
  u_mac/out_dot_reg[18]/Q  -       CK->Q R     DFFQ_X1M_A9TL      4   214   333     333 
  vpu_dot_out[18]          -       -     R     (port)             -     -     0     333 
#---------------------------------------------------------------------------------------



Path 8: MET (1852 ps) Late External Delay Assertion at pin vpu_dot_out[25]
          Group: reg2out
     Startpoint: (R) u_mac/out_dot_reg[25]/CK
          Clock: (R) clk
       Endpoint: (R) vpu_dot_out[25]
          Clock: (R) clk

                     Capture       Launch     
        Clock Edge:+    3300            0     
       Src Latency:+       0            0     
       Net Latency:+       0 (I)        0 (I) 
           Arrival:=    3300            0     
                                              
      Output Delay:-     990                  
       Uncertainty:-     125                  
     Required Time:=    2185                  
      Launch Clock:-       0                  
         Data Path:-     333                  
             Slack:=    1852                  

Exceptions/Constraints:
  output_delay             990             dut.sdc_line_17_348_1   

#---------------------------------------------------------------------------------------
#      Timing Point        Flags   Arc   Edge     Cell       Fanout Trans Delay Arrival 
#                                                                    (ps)  (ps)   (ps)  
#---------------------------------------------------------------------------------------
  u_mac/out_dot_reg[25]/CK -       -     R     (arrival)         32     0     0       0 
  u_mac/out_dot_reg[25]/Q  -       CK->Q R     DFFQ_X1M_A9TL      4   214   333     333 
  vpu_dot_out[25]          -       -     R     (port)             -     -     0     333 
#---------------------------------------------------------------------------------------



Path 9: MET (1853 ps) Late External Delay Assertion at pin vpu_dot_out[22]
          Group: reg2out
     Startpoint: (R) u_mac/out_dot_reg[22]/CK
          Clock: (R) clk
       Endpoint: (F) vpu_dot_out[22]
          Clock: (R) clk

                     Capture       Launch     
        Clock Edge:+    3300            0     
       Src Latency:+       0            0     
       Net Latency:+       0 (I)        0 (I) 
           Arrival:=    3300            0     
                                              
      Output Delay:-     990                  
       Uncertainty:-     125                  
     Required Time:=    2185                  
      Launch Clock:-       0                  
         Data Path:-     332                  
             Slack:=    1853                  

Exceptions/Constraints:
  output_delay             990             dut.sdc_line_17_351_1   

#---------------------------------------------------------------------------------------
#      Timing Point        Flags   Arc   Edge     Cell       Fanout Trans Delay Arrival 
#                                                                    (ps)  (ps)   (ps)  
#---------------------------------------------------------------------------------------
  u_mac/out_dot_reg[22]/CK -       -     R     (arrival)         32     0     0       0 
  u_mac/out_dot_reg[22]/Q  -       CK->Q F     DFFQ_X1M_A9TL      4   151   332     332 
  vpu_dot_out[22]          -       -     F     (port)             -     -     0     332 
#---------------------------------------------------------------------------------------



Path 10: MET (1853 ps) Late External Delay Assertion at pin vpu_dot_out[22]
          Group: reg2out
     Startpoint: (R) u_mac/out_dot_reg[22]/CK
          Clock: (R) clk
       Endpoint: (R) vpu_dot_out[22]
          Clock: (R) clk

                     Capture       Launch     
        Clock Edge:+    3300            0     
       Src Latency:+       0            0     
       Net Latency:+       0 (I)        0 (I) 
           Arrival:=    3300            0     
                                              
      Output Delay:-     990                  
       Uncertainty:-     125                  
     Required Time:=    2185                  
      Launch Clock:-       0                  
         Data Path:-     332                  
             Slack:=    1853                  

Exceptions/Constraints:
  output_delay             990             dut.sdc_line_17_351_1   

#---------------------------------------------------------------------------------------
#      Timing Point        Flags   Arc   Edge     Cell       Fanout Trans Delay Arrival 
#                                                                    (ps)  (ps)   (ps)  
#---------------------------------------------------------------------------------------
  u_mac/out_dot_reg[22]/CK -       -     R     (arrival)         32     0     0       0 
  u_mac/out_dot_reg[22]/Q  -       CK->Q R     DFFQ_X1M_A9TL      4   213   332     332 
  vpu_dot_out[22]          -       -     R     (port)             -     -     0     332 
#---------------------------------------------------------------------------------------



Path 11: MET (1853 ps) Late External Delay Assertion at pin vpu_dot_out[26]
          Group: reg2out
     Startpoint: (R) u_mac/out_dot_reg[26]/CK
          Clock: (R) clk
       Endpoint: (F) vpu_dot_out[26]
          Clock: (R) clk

                     Capture       Launch     
        Clock Edge:+    3300            0     
       Src Latency:+       0            0     
       Net Latency:+       0 (I)        0 (I) 
           Arrival:=    3300            0     
                                              
      Output Delay:-     990                  
       Uncertainty:-     125                  
     Required Time:=    2185                  
      Launch Clock:-       0                  
         Data Path:-     332                  
             Slack:=    1853                  

Exceptions/Constraints:
  output_delay             990             dut.sdc_line_17_347_1   

#---------------------------------------------------------------------------------------
#      Timing Point        Flags   Arc   Edge     Cell       Fanout Trans Delay Arrival 
#                                                                    (ps)  (ps)   (ps)  
#---------------------------------------------------------------------------------------
  u_mac/out_dot_reg[26]/CK -       -     R     (arrival)         32     0     0       0 
  u_mac/out_dot_reg[26]/Q  -       CK->Q F     DFFQ_X1M_A9TL      4   150   332     332 
  vpu_dot_out[26]          -       -     F     (port)             -     -     0     332 
#---------------------------------------------------------------------------------------



Path 12: MET (1854 ps) Late External Delay Assertion at pin vpu_dot_out[26]
          Group: reg2out
     Startpoint: (R) u_mac/out_dot_reg[26]/CK
          Clock: (R) clk
       Endpoint: (R) vpu_dot_out[26]
          Clock: (R) clk

                     Capture       Launch     
        Clock Edge:+    3300            0     
       Src Latency:+       0            0     
       Net Latency:+       0 (I)        0 (I) 
           Arrival:=    3300            0     
                                              
      Output Delay:-     990                  
       Uncertainty:-     125                  
     Required Time:=    2185                  
      Launch Clock:-       0                  
         Data Path:-     331                  
             Slack:=    1854                  

Exceptions/Constraints:
  output_delay             990             dut.sdc_line_17_347_1   

#---------------------------------------------------------------------------------------
#      Timing Point        Flags   Arc   Edge     Cell       Fanout Trans Delay Arrival 
#                                                                    (ps)  (ps)   (ps)  
#---------------------------------------------------------------------------------------
  u_mac/out_dot_reg[26]/CK -       -     R     (arrival)         32     0     0       0 
  u_mac/out_dot_reg[26]/Q  -       CK->Q R     DFFQ_X1M_A9TL      4   210   331     331 
  vpu_dot_out[26]          -       -     R     (port)             -     -     0     331 
#---------------------------------------------------------------------------------------



Path 13: MET (1856 ps) Late External Delay Assertion at pin vpu_dot_out[8]
          Group: reg2out
     Startpoint: (R) u_mac/out_dot_reg[8]/CK
          Clock: (R) clk
       Endpoint: (F) vpu_dot_out[8]
          Clock: (R) clk

                     Capture       Launch     
        Clock Edge:+    3300            0     
       Src Latency:+       0            0     
       Net Latency:+       0 (I)        0 (I) 
           Arrival:=    3300            0     
                                              
      Output Delay:-     990                  
       Uncertainty:-     125                  
     Required Time:=    2185                  
      Launch Clock:-       0                  
         Data Path:-     329                  
             Slack:=    1856                  

Exceptions/Constraints:
  output_delay             990             dut.sdc_line_17_365_1   

#--------------------------------------------------------------------------------------
#      Timing Point       Flags   Arc   Edge     Cell       Fanout Trans Delay Arrival 
#                                                                   (ps)  (ps)   (ps)  
#--------------------------------------------------------------------------------------
  u_mac/out_dot_reg[8]/CK -       -     R     (arrival)         32     0     0       0 
  u_mac/out_dot_reg[8]/Q  -       CK->Q F     DFFQ_X1M_A9TL      4   145   329     329 
  vpu_dot_out[8]          -       -     F     (port)             -     -     0     329 
#--------------------------------------------------------------------------------------



Path 14: MET (1856 ps) Late External Delay Assertion at pin vpu_dot_out[9]
          Group: reg2out
     Startpoint: (R) u_mac/out_dot_reg[9]/CK
          Clock: (R) clk
       Endpoint: (F) vpu_dot_out[9]
          Clock: (R) clk

                     Capture       Launch     
        Clock Edge:+    3300            0     
       Src Latency:+       0            0     
       Net Latency:+       0 (I)        0 (I) 
           Arrival:=    3300            0     
                                              
      Output Delay:-     990                  
       Uncertainty:-     125                  
     Required Time:=    2185                  
      Launch Clock:-       0                  
         Data Path:-     329                  
             Slack:=    1856                  

Exceptions/Constraints:
  output_delay             990             dut.sdc_line_17_364_1   

#--------------------------------------------------------------------------------------
#      Timing Point       Flags   Arc   Edge     Cell       Fanout Trans Delay Arrival 
#                                                                   (ps)  (ps)   (ps)  
#--------------------------------------------------------------------------------------
  u_mac/out_dot_reg[9]/CK -       -     R     (arrival)         32     0     0       0 
  u_mac/out_dot_reg[9]/Q  -       CK->Q F     DFFQ_X1M_A9TL      4   145   329     329 
  vpu_dot_out[9]          -       -     F     (port)             -     -     0     329 
#--------------------------------------------------------------------------------------



Path 15: MET (1856 ps) Late External Delay Assertion at pin vpu_dot_out[13]
          Group: reg2out
     Startpoint: (R) u_mac/out_dot_reg[13]/CK
          Clock: (R) clk
       Endpoint: (F) vpu_dot_out[13]
          Clock: (R) clk

                     Capture       Launch     
        Clock Edge:+    3300            0     
       Src Latency:+       0            0     
       Net Latency:+       0 (I)        0 (I) 
           Arrival:=    3300            0     
                                              
      Output Delay:-     990                  
       Uncertainty:-     125                  
     Required Time:=    2185                  
      Launch Clock:-       0                  
         Data Path:-     329                  
             Slack:=    1856                  

Exceptions/Constraints:
  output_delay             990             dut.sdc_line_17_360_1   

#---------------------------------------------------------------------------------------
#      Timing Point        Flags   Arc   Edge     Cell       Fanout Trans Delay Arrival 
#                                                                    (ps)  (ps)   (ps)  
#---------------------------------------------------------------------------------------
  u_mac/out_dot_reg[13]/CK -       -     R     (arrival)         32     0     0       0 
  u_mac/out_dot_reg[13]/Q  -       CK->Q F     DFFQ_X1M_A9TL      4   145   329     329 
  vpu_dot_out[13]          -       -     F     (port)             -     -     0     329 
#---------------------------------------------------------------------------------------



Path 16: MET (1856 ps) Late External Delay Assertion at pin vpu_dot_out[14]
          Group: reg2out
     Startpoint: (R) u_mac/out_dot_reg[14]/CK
          Clock: (R) clk
       Endpoint: (F) vpu_dot_out[14]
          Clock: (R) clk

                     Capture       Launch     
        Clock Edge:+    3300            0     
       Src Latency:+       0            0     
       Net Latency:+       0 (I)        0 (I) 
           Arrival:=    3300            0     
                                              
      Output Delay:-     990                  
       Uncertainty:-     125                  
     Required Time:=    2185                  
      Launch Clock:-       0                  
         Data Path:-     329                  
             Slack:=    1856                  

Exceptions/Constraints:
  output_delay             990             dut.sdc_line_17_359_1   

#---------------------------------------------------------------------------------------
#      Timing Point        Flags   Arc   Edge     Cell       Fanout Trans Delay Arrival 
#                                                                    (ps)  (ps)   (ps)  
#---------------------------------------------------------------------------------------
  u_mac/out_dot_reg[14]/CK -       -     R     (arrival)         32     0     0       0 
  u_mac/out_dot_reg[14]/Q  -       CK->Q F     DFFQ_X1M_A9TL      4   145   329     329 
  vpu_dot_out[14]          -       -     F     (port)             -     -     0     329 
#---------------------------------------------------------------------------------------



Path 17: MET (1856 ps) Late External Delay Assertion at pin vpu_dot_out[17]
          Group: reg2out
     Startpoint: (R) u_mac/out_dot_reg[17]/CK
          Clock: (R) clk
       Endpoint: (F) vpu_dot_out[17]
          Clock: (R) clk

                     Capture       Launch     
        Clock Edge:+    3300            0     
       Src Latency:+       0            0     
       Net Latency:+       0 (I)        0 (I) 
           Arrival:=    3300            0     
                                              
      Output Delay:-     990                  
       Uncertainty:-     125                  
     Required Time:=    2185                  
      Launch Clock:-       0                  
         Data Path:-     329                  
             Slack:=    1856                  

Exceptions/Constraints:
  output_delay             990             dut.sdc_line_17_356_1   

#---------------------------------------------------------------------------------------
#      Timing Point        Flags   Arc   Edge     Cell       Fanout Trans Delay Arrival 
#                                                                    (ps)  (ps)   (ps)  
#---------------------------------------------------------------------------------------
  u_mac/out_dot_reg[17]/CK -       -     R     (arrival)         32     0     0       0 
  u_mac/out_dot_reg[17]/Q  -       CK->Q F     DFFQ_X1M_A9TL      4   145   329     329 
  vpu_dot_out[17]          -       -     F     (port)             -     -     0     329 
#---------------------------------------------------------------------------------------



Path 18: MET (1856 ps) Late External Delay Assertion at pin vpu_dot_out[19]
          Group: reg2out
     Startpoint: (R) u_mac/out_dot_reg[19]/CK
          Clock: (R) clk
       Endpoint: (F) vpu_dot_out[19]
          Clock: (R) clk

                     Capture       Launch     
        Clock Edge:+    3300            0     
       Src Latency:+       0            0     
       Net Latency:+       0 (I)        0 (I) 
           Arrival:=    3300            0     
                                              
      Output Delay:-     990                  
       Uncertainty:-     125                  
     Required Time:=    2185                  
      Launch Clock:-       0                  
         Data Path:-     329                  
             Slack:=    1856                  

Exceptions/Constraints:
  output_delay             990             dut.sdc_line_17_354_1   

#---------------------------------------------------------------------------------------
#      Timing Point        Flags   Arc   Edge     Cell       Fanout Trans Delay Arrival 
#                                                                    (ps)  (ps)   (ps)  
#---------------------------------------------------------------------------------------
  u_mac/out_dot_reg[19]/CK -       -     R     (arrival)         32     0     0       0 
  u_mac/out_dot_reg[19]/Q  -       CK->Q F     DFFQ_X1M_A9TL      4   145   329     329 
  vpu_dot_out[19]          -       -     F     (port)             -     -     0     329 
#---------------------------------------------------------------------------------------



Path 19: MET (1856 ps) Late External Delay Assertion at pin vpu_dot_out[21]
          Group: reg2out
     Startpoint: (R) u_mac/out_dot_reg[21]/CK
          Clock: (R) clk
       Endpoint: (F) vpu_dot_out[21]
          Clock: (R) clk

                     Capture       Launch     
        Clock Edge:+    3300            0     
       Src Latency:+       0            0     
       Net Latency:+       0 (I)        0 (I) 
           Arrival:=    3300            0     
                                              
      Output Delay:-     990                  
       Uncertainty:-     125                  
     Required Time:=    2185                  
      Launch Clock:-       0                  
         Data Path:-     329                  
             Slack:=    1856                  

Exceptions/Constraints:
  output_delay             990             dut.sdc_line_17_352_1   

#---------------------------------------------------------------------------------------
#      Timing Point        Flags   Arc   Edge     Cell       Fanout Trans Delay Arrival 
#                                                                    (ps)  (ps)   (ps)  
#---------------------------------------------------------------------------------------
  u_mac/out_dot_reg[21]/CK -       -     R     (arrival)         32     0     0       0 
  u_mac/out_dot_reg[21]/Q  -       CK->Q F     DFFQ_X1M_A9TL      4   145   329     329 
  vpu_dot_out[21]          -       -     F     (port)             -     -     0     329 
#---------------------------------------------------------------------------------------



Path 20: MET (1856 ps) Late External Delay Assertion at pin vpu_dot_out[10]
          Group: reg2out
     Startpoint: (R) u_mac/out_dot_reg[10]/CK
          Clock: (R) clk
       Endpoint: (F) vpu_dot_out[10]
          Clock: (R) clk

                     Capture       Launch     
        Clock Edge:+    3300            0     
       Src Latency:+       0            0     
       Net Latency:+       0 (I)        0 (I) 
           Arrival:=    3300            0     
                                              
      Output Delay:-     990                  
       Uncertainty:-     125                  
     Required Time:=    2185                  
      Launch Clock:-       0                  
         Data Path:-     329                  
             Slack:=    1856                  

Exceptions/Constraints:
  output_delay             990             dut.sdc_line_17_363_1   

#---------------------------------------------------------------------------------------
#      Timing Point        Flags   Arc   Edge     Cell       Fanout Trans Delay Arrival 
#                                                                    (ps)  (ps)   (ps)  
#---------------------------------------------------------------------------------------
  u_mac/out_dot_reg[10]/CK -       -     R     (arrival)         32     0     0       0 
  u_mac/out_dot_reg[10]/Q  -       CK->Q F     DFFQ_X1M_A9TL      4   144   329     329 
  vpu_dot_out[10]          -       -     F     (port)             -     -     0     329 
#---------------------------------------------------------------------------------------



Path 21: MET (1856 ps) Late External Delay Assertion at pin vpu_dot_out[12]
          Group: reg2out
     Startpoint: (R) u_mac/out_dot_reg[12]/CK
          Clock: (R) clk
       Endpoint: (F) vpu_dot_out[12]
          Clock: (R) clk

                     Capture       Launch     
        Clock Edge:+    3300            0     
       Src Latency:+       0            0     
       Net Latency:+       0 (I)        0 (I) 
           Arrival:=    3300            0     
                                              
      Output Delay:-     990                  
       Uncertainty:-     125                  
     Required Time:=    2185                  
      Launch Clock:-       0                  
         Data Path:-     329                  
             Slack:=    1856                  

Exceptions/Constraints:
  output_delay             990             dut.sdc_line_17_361_1   

#---------------------------------------------------------------------------------------
#      Timing Point        Flags   Arc   Edge     Cell       Fanout Trans Delay Arrival 
#                                                                    (ps)  (ps)   (ps)  
#---------------------------------------------------------------------------------------
  u_mac/out_dot_reg[12]/CK -       -     R     (arrival)         32     0     0       0 
  u_mac/out_dot_reg[12]/Q  -       CK->Q F     DFFQ_X1M_A9TL      4   144   329     329 
  vpu_dot_out[12]          -       -     F     (port)             -     -     0     329 
#---------------------------------------------------------------------------------------



Path 22: MET (1856 ps) Late External Delay Assertion at pin vpu_dot_out[16]
          Group: reg2out
     Startpoint: (R) u_mac/out_dot_reg[16]/CK
          Clock: (R) clk
       Endpoint: (F) vpu_dot_out[16]
          Clock: (R) clk

                     Capture       Launch     
        Clock Edge:+    3300            0     
       Src Latency:+       0            0     
       Net Latency:+       0 (I)        0 (I) 
           Arrival:=    3300            0     
                                              
      Output Delay:-     990                  
       Uncertainty:-     125                  
     Required Time:=    2185                  
      Launch Clock:-       0                  
         Data Path:-     329                  
             Slack:=    1856                  

Exceptions/Constraints:
  output_delay             990             dut.sdc_line_17_357_1   

#---------------------------------------------------------------------------------------
#      Timing Point        Flags   Arc   Edge     Cell       Fanout Trans Delay Arrival 
#                                                                    (ps)  (ps)   (ps)  
#---------------------------------------------------------------------------------------
  u_mac/out_dot_reg[16]/CK -       -     R     (arrival)         32     0     0       0 
  u_mac/out_dot_reg[16]/Q  -       CK->Q F     DFFQ_X1M_A9TL      4   144   329     329 
  vpu_dot_out[16]          -       -     F     (port)             -     -     0     329 
#---------------------------------------------------------------------------------------



Path 23: MET (1856 ps) Late External Delay Assertion at pin vpu_dot_out[20]
          Group: reg2out
     Startpoint: (R) u_mac/out_dot_reg[20]/CK
          Clock: (R) clk
       Endpoint: (F) vpu_dot_out[20]
          Clock: (R) clk

                     Capture       Launch     
        Clock Edge:+    3300            0     
       Src Latency:+       0            0     
       Net Latency:+       0 (I)        0 (I) 
           Arrival:=    3300            0     
                                              
      Output Delay:-     990                  
       Uncertainty:-     125                  
     Required Time:=    2185                  
      Launch Clock:-       0                  
         Data Path:-     329                  
             Slack:=    1856                  

Exceptions/Constraints:
  output_delay             990             dut.sdc_line_17_353_1   

#---------------------------------------------------------------------------------------
#      Timing Point        Flags   Arc   Edge     Cell       Fanout Trans Delay Arrival 
#                                                                    (ps)  (ps)   (ps)  
#---------------------------------------------------------------------------------------
  u_mac/out_dot_reg[20]/CK -       -     R     (arrival)         32     0     0       0 
  u_mac/out_dot_reg[20]/Q  -       CK->Q F     DFFQ_X1M_A9TL      4   144   329     329 
  vpu_dot_out[20]          -       -     F     (port)             -     -     0     329 
#---------------------------------------------------------------------------------------



Path 24: MET (1856 ps) Late External Delay Assertion at pin vpu_dot_out[24]
          Group: reg2out
     Startpoint: (R) u_mac/out_dot_reg[24]/CK
          Clock: (R) clk
       Endpoint: (F) vpu_dot_out[24]
          Clock: (R) clk

                     Capture       Launch     
        Clock Edge:+    3300            0     
       Src Latency:+       0            0     
       Net Latency:+       0 (I)        0 (I) 
           Arrival:=    3300            0     
                                              
      Output Delay:-     990                  
       Uncertainty:-     125                  
     Required Time:=    2185                  
      Launch Clock:-       0                  
         Data Path:-     329                  
             Slack:=    1856                  

Exceptions/Constraints:
  output_delay             990             dut.sdc_line_17_349_1   

#---------------------------------------------------------------------------------------
#      Timing Point        Flags   Arc   Edge     Cell       Fanout Trans Delay Arrival 
#                                                                    (ps)  (ps)   (ps)  
#---------------------------------------------------------------------------------------
  u_mac/out_dot_reg[24]/CK -       -     R     (arrival)         32     0     0       0 
  u_mac/out_dot_reg[24]/Q  -       CK->Q F     DFFQ_X1M_A9TL      4   144   329     329 
  vpu_dot_out[24]          -       -     F     (port)             -     -     0     329 
#---------------------------------------------------------------------------------------



Path 25: MET (1856 ps) Late External Delay Assertion at pin vpu_dot_out[19]
          Group: reg2out
     Startpoint: (R) u_mac/out_dot_reg[19]/CK
          Clock: (R) clk
       Endpoint: (R) vpu_dot_out[19]
          Clock: (R) clk

                     Capture       Launch     
        Clock Edge:+    3300            0     
       Src Latency:+       0            0     
       Net Latency:+       0 (I)        0 (I) 
           Arrival:=    3300            0     
                                              
      Output Delay:-     990                  
       Uncertainty:-     125                  
     Required Time:=    2185                  
      Launch Clock:-       0                  
         Data Path:-     328                  
             Slack:=    1856                  

Exceptions/Constraints:
  output_delay             990             dut.sdc_line_17_354_1   

#---------------------------------------------------------------------------------------
#      Timing Point        Flags   Arc   Edge     Cell       Fanout Trans Delay Arrival 
#                                                                    (ps)  (ps)   (ps)  
#---------------------------------------------------------------------------------------
  u_mac/out_dot_reg[19]/CK -       -     R     (arrival)         32     0     0       0 
  u_mac/out_dot_reg[19]/Q  -       CK->Q R     DFFQ_X1M_A9TL      4   206   328     328 
  vpu_dot_out[19]          -       -     R     (port)             -     -     0     328 
#---------------------------------------------------------------------------------------



Path 26: MET (1856 ps) Late External Delay Assertion at pin vpu_dot_out[21]
          Group: reg2out
     Startpoint: (R) u_mac/out_dot_reg[21]/CK
          Clock: (R) clk
       Endpoint: (R) vpu_dot_out[21]
          Clock: (R) clk

                     Capture       Launch     
        Clock Edge:+    3300            0     
       Src Latency:+       0            0     
       Net Latency:+       0 (I)        0 (I) 
           Arrival:=    3300            0     
                                              
      Output Delay:-     990                  
       Uncertainty:-     125                  
     Required Time:=    2185                  
      Launch Clock:-       0                  
         Data Path:-     328                  
             Slack:=    1856                  

Exceptions/Constraints:
  output_delay             990             dut.sdc_line_17_352_1   

#---------------------------------------------------------------------------------------
#      Timing Point        Flags   Arc   Edge     Cell       Fanout Trans Delay Arrival 
#                                                                    (ps)  (ps)   (ps)  
#---------------------------------------------------------------------------------------
  u_mac/out_dot_reg[21]/CK -       -     R     (arrival)         32     0     0       0 
  u_mac/out_dot_reg[21]/Q  -       CK->Q R     DFFQ_X1M_A9TL      4   206   328     328 
  vpu_dot_out[21]          -       -     R     (port)             -     -     0     328 
#---------------------------------------------------------------------------------------



Path 27: MET (1857 ps) Late External Delay Assertion at pin vpu_dot_out[8]
          Group: reg2out
     Startpoint: (R) u_mac/out_dot_reg[8]/CK
          Clock: (R) clk
       Endpoint: (R) vpu_dot_out[8]
          Clock: (R) clk

                     Capture       Launch     
        Clock Edge:+    3300            0     
       Src Latency:+       0            0     
       Net Latency:+       0 (I)        0 (I) 
           Arrival:=    3300            0     
                                              
      Output Delay:-     990                  
       Uncertainty:-     125                  
     Required Time:=    2185                  
      Launch Clock:-       0                  
         Data Path:-     328                  
             Slack:=    1857                  

Exceptions/Constraints:
  output_delay             990             dut.sdc_line_17_365_1   

#--------------------------------------------------------------------------------------
#      Timing Point       Flags   Arc   Edge     Cell       Fanout Trans Delay Arrival 
#                                                                   (ps)  (ps)   (ps)  
#--------------------------------------------------------------------------------------
  u_mac/out_dot_reg[8]/CK -       -     R     (arrival)         32     0     0       0 
  u_mac/out_dot_reg[8]/Q  -       CK->Q R     DFFQ_X1M_A9TL      4   205   328     328 
  vpu_dot_out[8]          -       -     R     (port)             -     -     0     328 
#--------------------------------------------------------------------------------------



Path 28: MET (1857 ps) Late External Delay Assertion at pin vpu_dot_out[9]
          Group: reg2out
     Startpoint: (R) u_mac/out_dot_reg[9]/CK
          Clock: (R) clk
       Endpoint: (R) vpu_dot_out[9]
          Clock: (R) clk

                     Capture       Launch     
        Clock Edge:+    3300            0     
       Src Latency:+       0            0     
       Net Latency:+       0 (I)        0 (I) 
           Arrival:=    3300            0     
                                              
      Output Delay:-     990                  
       Uncertainty:-     125                  
     Required Time:=    2185                  
      Launch Clock:-       0                  
         Data Path:-     328                  
             Slack:=    1857                  

Exceptions/Constraints:
  output_delay             990             dut.sdc_line_17_364_1   

#--------------------------------------------------------------------------------------
#      Timing Point       Flags   Arc   Edge     Cell       Fanout Trans Delay Arrival 
#                                                                   (ps)  (ps)   (ps)  
#--------------------------------------------------------------------------------------
  u_mac/out_dot_reg[9]/CK -       -     R     (arrival)         32     0     0       0 
  u_mac/out_dot_reg[9]/Q  -       CK->Q R     DFFQ_X1M_A9TL      4   205   328     328 
  vpu_dot_out[9]          -       -     R     (port)             -     -     0     328 
#--------------------------------------------------------------------------------------



Path 29: MET (1857 ps) Late External Delay Assertion at pin vpu_dot_out[13]
          Group: reg2out
     Startpoint: (R) u_mac/out_dot_reg[13]/CK
          Clock: (R) clk
       Endpoint: (R) vpu_dot_out[13]
          Clock: (R) clk

                     Capture       Launch     
        Clock Edge:+    3300            0     
       Src Latency:+       0            0     
       Net Latency:+       0 (I)        0 (I) 
           Arrival:=    3300            0     
                                              
      Output Delay:-     990                  
       Uncertainty:-     125                  
     Required Time:=    2185                  
      Launch Clock:-       0                  
         Data Path:-     328                  
             Slack:=    1857                  

Exceptions/Constraints:
  output_delay             990             dut.sdc_line_17_360_1   

#---------------------------------------------------------------------------------------
#      Timing Point        Flags   Arc   Edge     Cell       Fanout Trans Delay Arrival 
#                                                                    (ps)  (ps)   (ps)  
#---------------------------------------------------------------------------------------
  u_mac/out_dot_reg[13]/CK -       -     R     (arrival)         32     0     0       0 
  u_mac/out_dot_reg[13]/Q  -       CK->Q R     DFFQ_X1M_A9TL      4   205   328     328 
  vpu_dot_out[13]          -       -     R     (port)             -     -     0     328 
#---------------------------------------------------------------------------------------



Path 30: MET (1857 ps) Late External Delay Assertion at pin vpu_dot_out[14]
          Group: reg2out
     Startpoint: (R) u_mac/out_dot_reg[14]/CK
          Clock: (R) clk
       Endpoint: (R) vpu_dot_out[14]
          Clock: (R) clk

                     Capture       Launch     
        Clock Edge:+    3300            0     
       Src Latency:+       0            0     
       Net Latency:+       0 (I)        0 (I) 
           Arrival:=    3300            0     
                                              
      Output Delay:-     990                  
       Uncertainty:-     125                  
     Required Time:=    2185                  
      Launch Clock:-       0                  
         Data Path:-     328                  
             Slack:=    1857                  

Exceptions/Constraints:
  output_delay             990             dut.sdc_line_17_359_1   

#---------------------------------------------------------------------------------------
#      Timing Point        Flags   Arc   Edge     Cell       Fanout Trans Delay Arrival 
#                                                                    (ps)  (ps)   (ps)  
#---------------------------------------------------------------------------------------
  u_mac/out_dot_reg[14]/CK -       -     R     (arrival)         32     0     0       0 
  u_mac/out_dot_reg[14]/Q  -       CK->Q R     DFFQ_X1M_A9TL      4   205   328     328 
  vpu_dot_out[14]          -       -     R     (port)             -     -     0     328 
#---------------------------------------------------------------------------------------



Path 31: MET (1857 ps) Late External Delay Assertion at pin vpu_dot_out[17]
          Group: reg2out
     Startpoint: (R) u_mac/out_dot_reg[17]/CK
          Clock: (R) clk
       Endpoint: (R) vpu_dot_out[17]
          Clock: (R) clk

                     Capture       Launch     
        Clock Edge:+    3300            0     
       Src Latency:+       0            0     
       Net Latency:+       0 (I)        0 (I) 
           Arrival:=    3300            0     
                                              
      Output Delay:-     990                  
       Uncertainty:-     125                  
     Required Time:=    2185                  
      Launch Clock:-       0                  
         Data Path:-     328                  
             Slack:=    1857                  

Exceptions/Constraints:
  output_delay             990             dut.sdc_line_17_356_1   

#---------------------------------------------------------------------------------------
#      Timing Point        Flags   Arc   Edge     Cell       Fanout Trans Delay Arrival 
#                                                                    (ps)  (ps)   (ps)  
#---------------------------------------------------------------------------------------
  u_mac/out_dot_reg[17]/CK -       -     R     (arrival)         32     0     0       0 
  u_mac/out_dot_reg[17]/Q  -       CK->Q R     DFFQ_X1M_A9TL      4   205   328     328 
  vpu_dot_out[17]          -       -     R     (port)             -     -     0     328 
#---------------------------------------------------------------------------------------



Path 32: MET (1857 ps) Late External Delay Assertion at pin vpu_dot_out[20]
          Group: reg2out
     Startpoint: (R) u_mac/out_dot_reg[20]/CK
          Clock: (R) clk
       Endpoint: (R) vpu_dot_out[20]
          Clock: (R) clk

                     Capture       Launch     
        Clock Edge:+    3300            0     
       Src Latency:+       0            0     
       Net Latency:+       0 (I)        0 (I) 
           Arrival:=    3300            0     
                                              
      Output Delay:-     990                  
       Uncertainty:-     125                  
     Required Time:=    2185                  
      Launch Clock:-       0                  
         Data Path:-     328                  
             Slack:=    1857                  

Exceptions/Constraints:
  output_delay             990             dut.sdc_line_17_353_1   

#---------------------------------------------------------------------------------------
#      Timing Point        Flags   Arc   Edge     Cell       Fanout Trans Delay Arrival 
#                                                                    (ps)  (ps)   (ps)  
#---------------------------------------------------------------------------------------
  u_mac/out_dot_reg[20]/CK -       -     R     (arrival)         32     0     0       0 
  u_mac/out_dot_reg[20]/Q  -       CK->Q R     DFFQ_X1M_A9TL      4   205   328     328 
  vpu_dot_out[20]          -       -     R     (port)             -     -     0     328 
#---------------------------------------------------------------------------------------



Path 33: MET (1857 ps) Late External Delay Assertion at pin vpu_dot_out[24]
          Group: reg2out
     Startpoint: (R) u_mac/out_dot_reg[24]/CK
          Clock: (R) clk
       Endpoint: (R) vpu_dot_out[24]
          Clock: (R) clk

                     Capture       Launch     
        Clock Edge:+    3300            0     
       Src Latency:+       0            0     
       Net Latency:+       0 (I)        0 (I) 
           Arrival:=    3300            0     
                                              
      Output Delay:-     990                  
       Uncertainty:-     125                  
     Required Time:=    2185                  
      Launch Clock:-       0                  
         Data Path:-     328                  
             Slack:=    1857                  

Exceptions/Constraints:
  output_delay             990             dut.sdc_line_17_349_1   

#---------------------------------------------------------------------------------------
#      Timing Point        Flags   Arc   Edge     Cell       Fanout Trans Delay Arrival 
#                                                                    (ps)  (ps)   (ps)  
#---------------------------------------------------------------------------------------
  u_mac/out_dot_reg[24]/CK -       -     R     (arrival)         32     0     0       0 
  u_mac/out_dot_reg[24]/Q  -       CK->Q R     DFFQ_X1M_A9TL      4   205   328     328 
  vpu_dot_out[24]          -       -     R     (port)             -     -     0     328 
#---------------------------------------------------------------------------------------



Path 34: MET (1857 ps) Late External Delay Assertion at pin vpu_dot_out[11]
          Group: reg2out
     Startpoint: (R) u_mac/out_dot_reg[11]/CK
          Clock: (R) clk
       Endpoint: (F) vpu_dot_out[11]
          Clock: (R) clk

                     Capture       Launch     
        Clock Edge:+    3300            0     
       Src Latency:+       0            0     
       Net Latency:+       0 (I)        0 (I) 
           Arrival:=    3300            0     
                                              
      Output Delay:-     990                  
       Uncertainty:-     125                  
     Required Time:=    2185                  
      Launch Clock:-       0                  
         Data Path:-     328                  
             Slack:=    1857                  

Exceptions/Constraints:
  output_delay             990             dut.sdc_line_17_362_1   

#---------------------------------------------------------------------------------------
#      Timing Point        Flags   Arc   Edge     Cell       Fanout Trans Delay Arrival 
#                                                                    (ps)  (ps)   (ps)  
#---------------------------------------------------------------------------------------
  u_mac/out_dot_reg[11]/CK -       -     R     (arrival)         32     0     0       0 
  u_mac/out_dot_reg[11]/Q  -       CK->Q F     DFFQ_X1M_A9TL      4   143   328     328 
  vpu_dot_out[11]          -       -     F     (port)             -     -     0     328 
#---------------------------------------------------------------------------------------



Path 35: MET (1857 ps) Late External Delay Assertion at pin vpu_dot_out[15]
          Group: reg2out
     Startpoint: (R) u_mac/out_dot_reg[15]/CK
          Clock: (R) clk
       Endpoint: (F) vpu_dot_out[15]
          Clock: (R) clk

                     Capture       Launch     
        Clock Edge:+    3300            0     
       Src Latency:+       0            0     
       Net Latency:+       0 (I)        0 (I) 
           Arrival:=    3300            0     
                                              
      Output Delay:-     990                  
       Uncertainty:-     125                  
     Required Time:=    2185                  
      Launch Clock:-       0                  
         Data Path:-     328                  
             Slack:=    1857                  

Exceptions/Constraints:
  output_delay             990             dut.sdc_line_17_358_1   

#---------------------------------------------------------------------------------------
#      Timing Point        Flags   Arc   Edge     Cell       Fanout Trans Delay Arrival 
#                                                                    (ps)  (ps)   (ps)  
#---------------------------------------------------------------------------------------
  u_mac/out_dot_reg[15]/CK -       -     R     (arrival)         32     0     0       0 
  u_mac/out_dot_reg[15]/Q  -       CK->Q F     DFFQ_X1M_A9TL      4   143   328     328 
  vpu_dot_out[15]          -       -     F     (port)             -     -     0     328 
#---------------------------------------------------------------------------------------



Path 36: MET (1857 ps) Late External Delay Assertion at pin vpu_dot_out[23]
          Group: reg2out
     Startpoint: (R) u_mac/out_dot_reg[23]/CK
          Clock: (R) clk
       Endpoint: (F) vpu_dot_out[23]
          Clock: (R) clk

                     Capture       Launch     
        Clock Edge:+    3300            0     
       Src Latency:+       0            0     
       Net Latency:+       0 (I)        0 (I) 
           Arrival:=    3300            0     
                                              
      Output Delay:-     990                  
       Uncertainty:-     125                  
     Required Time:=    2185                  
      Launch Clock:-       0                  
         Data Path:-     328                  
             Slack:=    1857                  

Exceptions/Constraints:
  output_delay             990             dut.sdc_line_17_350_1   

#---------------------------------------------------------------------------------------
#      Timing Point        Flags   Arc   Edge     Cell       Fanout Trans Delay Arrival 
#                                                                    (ps)  (ps)   (ps)  
#---------------------------------------------------------------------------------------
  u_mac/out_dot_reg[23]/CK -       -     R     (arrival)         32     0     0       0 
  u_mac/out_dot_reg[23]/Q  -       CK->Q F     DFFQ_X1M_A9TL      4   143   328     328 
  vpu_dot_out[23]          -       -     F     (port)             -     -     0     328 
#---------------------------------------------------------------------------------------



Path 37: MET (1857 ps) Late External Delay Assertion at pin vpu_dot_out[30]
          Group: reg2out
     Startpoint: (R) u_mac/out_dot_reg[30]/CK
          Clock: (R) clk
       Endpoint: (F) vpu_dot_out[30]
          Clock: (R) clk

                     Capture       Launch     
        Clock Edge:+    3300            0     
       Src Latency:+       0            0     
       Net Latency:+       0 (I)        0 (I) 
           Arrival:=    3300            0     
                                              
      Output Delay:-     990                  
       Uncertainty:-     125                  
     Required Time:=    2185                  
      Launch Clock:-       0                  
         Data Path:-     328                  
             Slack:=    1857                  

Exceptions/Constraints:
  output_delay             990             dut.sdc_line_17_343_1   

#---------------------------------------------------------------------------------------
#      Timing Point        Flags   Arc   Edge     Cell       Fanout Trans Delay Arrival 
#                                                                    (ps)  (ps)   (ps)  
#---------------------------------------------------------------------------------------
  u_mac/out_dot_reg[30]/CK -       -     R     (arrival)         32     0     0       0 
  u_mac/out_dot_reg[30]/Q  -       CK->Q F     DFFQ_X1M_A9TL      4   143   328     328 
  vpu_dot_out[30]          -       -     F     (port)             -     -     0     328 
#---------------------------------------------------------------------------------------



Path 38: MET (1858 ps) Late External Delay Assertion at pin vpu_dot_out[12]
          Group: reg2out
     Startpoint: (R) u_mac/out_dot_reg[12]/CK
          Clock: (R) clk
       Endpoint: (R) vpu_dot_out[12]
          Clock: (R) clk

                     Capture       Launch     
        Clock Edge:+    3300            0     
       Src Latency:+       0            0     
       Net Latency:+       0 (I)        0 (I) 
           Arrival:=    3300            0     
                                              
      Output Delay:-     990                  
       Uncertainty:-     125                  
     Required Time:=    2185                  
      Launch Clock:-       0                  
         Data Path:-     327                  
             Slack:=    1858                  

Exceptions/Constraints:
  output_delay             990             dut.sdc_line_17_361_1   

#---------------------------------------------------------------------------------------
#      Timing Point        Flags   Arc   Edge     Cell       Fanout Trans Delay Arrival 
#                                                                    (ps)  (ps)   (ps)  
#---------------------------------------------------------------------------------------
  u_mac/out_dot_reg[12]/CK -       -     R     (arrival)         32     0     0       0 
  u_mac/out_dot_reg[12]/Q  -       CK->Q R     DFFQ_X1M_A9TL      4   204   327     327 
  vpu_dot_out[12]          -       -     R     (port)             -     -     0     327 
#---------------------------------------------------------------------------------------



Path 39: MET (1858 ps) Late External Delay Assertion at pin vpu_dot_out[16]
          Group: reg2out
     Startpoint: (R) u_mac/out_dot_reg[16]/CK
          Clock: (R) clk
       Endpoint: (R) vpu_dot_out[16]
          Clock: (R) clk

                     Capture       Launch     
        Clock Edge:+    3300            0     
       Src Latency:+       0            0     
       Net Latency:+       0 (I)        0 (I) 
           Arrival:=    3300            0     
                                              
      Output Delay:-     990                  
       Uncertainty:-     125                  
     Required Time:=    2185                  
      Launch Clock:-       0                  
         Data Path:-     327                  
             Slack:=    1858                  

Exceptions/Constraints:
  output_delay             990             dut.sdc_line_17_357_1   

#---------------------------------------------------------------------------------------
#      Timing Point        Flags   Arc   Edge     Cell       Fanout Trans Delay Arrival 
#                                                                    (ps)  (ps)   (ps)  
#---------------------------------------------------------------------------------------
  u_mac/out_dot_reg[16]/CK -       -     R     (arrival)         32     0     0       0 
  u_mac/out_dot_reg[16]/Q  -       CK->Q R     DFFQ_X1M_A9TL      4   204   327     327 
  vpu_dot_out[16]          -       -     R     (port)             -     -     0     327 
#---------------------------------------------------------------------------------------



Path 40: MET (1858 ps) Late External Delay Assertion at pin vpu_dot_out[27]
          Group: reg2out
     Startpoint: (R) u_mac/out_dot_reg[27]/CK
          Clock: (R) clk
       Endpoint: (F) vpu_dot_out[27]
          Clock: (R) clk

                     Capture       Launch     
        Clock Edge:+    3300            0     
       Src Latency:+       0            0     
       Net Latency:+       0 (I)        0 (I) 
           Arrival:=    3300            0     
                                              
      Output Delay:-     990                  
       Uncertainty:-     125                  
     Required Time:=    2185                  
      Launch Clock:-       0                  
         Data Path:-     327                  
             Slack:=    1858                  

Exceptions/Constraints:
  output_delay             990             dut.sdc_line_17_346_1   

#---------------------------------------------------------------------------------------
#      Timing Point        Flags   Arc   Edge     Cell       Fanout Trans Delay Arrival 
#                                                                    (ps)  (ps)   (ps)  
#---------------------------------------------------------------------------------------
  u_mac/out_dot_reg[27]/CK -       -     R     (arrival)         32     0     0       0 
  u_mac/out_dot_reg[27]/Q  -       CK->Q F     DFFQ_X1M_A9TL      4   142   327     327 
  vpu_dot_out[27]          -       -     F     (port)             -     -     0     327 
#---------------------------------------------------------------------------------------



Path 41: MET (1858 ps) Late External Delay Assertion at pin vpu_dot_out[30]
          Group: reg2out
     Startpoint: (R) u_mac/out_dot_reg[30]/CK
          Clock: (R) clk
       Endpoint: (R) vpu_dot_out[30]
          Clock: (R) clk

                     Capture       Launch     
        Clock Edge:+    3300            0     
       Src Latency:+       0            0     
       Net Latency:+       0 (I)        0 (I) 
           Arrival:=    3300            0     
                                              
      Output Delay:-     990                  
       Uncertainty:-     125                  
     Required Time:=    2185                  
      Launch Clock:-       0                  
         Data Path:-     327                  
             Slack:=    1858                  

Exceptions/Constraints:
  output_delay             990             dut.sdc_line_17_343_1   

#---------------------------------------------------------------------------------------
#      Timing Point        Flags   Arc   Edge     Cell       Fanout Trans Delay Arrival 
#                                                                    (ps)  (ps)   (ps)  
#---------------------------------------------------------------------------------------
  u_mac/out_dot_reg[30]/CK -       -     R     (arrival)         32     0     0       0 
  u_mac/out_dot_reg[30]/Q  -       CK->Q R     DFFQ_X1M_A9TL      4   204   327     327 
  vpu_dot_out[30]          -       -     R     (port)             -     -     0     327 
#---------------------------------------------------------------------------------------



Path 42: MET (1859 ps) Late External Delay Assertion at pin vpu_dot_out[10]
          Group: reg2out
     Startpoint: (R) u_mac/out_dot_reg[10]/CK
          Clock: (R) clk
       Endpoint: (R) vpu_dot_out[10]
          Clock: (R) clk

                     Capture       Launch     
        Clock Edge:+    3300            0     
       Src Latency:+       0            0     
       Net Latency:+       0 (I)        0 (I) 
           Arrival:=    3300            0     
                                              
      Output Delay:-     990                  
       Uncertainty:-     125                  
     Required Time:=    2185                  
      Launch Clock:-       0                  
         Data Path:-     326                  
             Slack:=    1859                  

Exceptions/Constraints:
  output_delay             990             dut.sdc_line_17_363_1   

#---------------------------------------------------------------------------------------
#      Timing Point        Flags   Arc   Edge     Cell       Fanout Trans Delay Arrival 
#                                                                    (ps)  (ps)   (ps)  
#---------------------------------------------------------------------------------------
  u_mac/out_dot_reg[10]/CK -       -     R     (arrival)         32     0     0       0 
  u_mac/out_dot_reg[10]/Q  -       CK->Q R     DFFQ_X1M_A9TL      4   203   326     326 
  vpu_dot_out[10]          -       -     R     (port)             -     -     0     326 
#---------------------------------------------------------------------------------------



Path 43: MET (1859 ps) Late External Delay Assertion at pin vpu_dot_out[23]
          Group: reg2out
     Startpoint: (R) u_mac/out_dot_reg[23]/CK
          Clock: (R) clk
       Endpoint: (R) vpu_dot_out[23]
          Clock: (R) clk

                     Capture       Launch     
        Clock Edge:+    3300            0     
       Src Latency:+       0            0     
       Net Latency:+       0 (I)        0 (I) 
           Arrival:=    3300            0     
                                              
      Output Delay:-     990                  
       Uncertainty:-     125                  
     Required Time:=    2185                  
      Launch Clock:-       0                  
         Data Path:-     326                  
             Slack:=    1859                  

Exceptions/Constraints:
  output_delay             990             dut.sdc_line_17_350_1   

#---------------------------------------------------------------------------------------
#      Timing Point        Flags   Arc   Edge     Cell       Fanout Trans Delay Arrival 
#                                                                    (ps)  (ps)   (ps)  
#---------------------------------------------------------------------------------------
  u_mac/out_dot_reg[23]/CK -       -     R     (arrival)         32     0     0       0 
  u_mac/out_dot_reg[23]/Q  -       CK->Q R     DFFQ_X1M_A9TL      4   203   326     326 
  vpu_dot_out[23]          -       -     R     (port)             -     -     0     326 
#---------------------------------------------------------------------------------------



Path 44: MET (1859 ps) Late External Delay Assertion at pin vpu_dot_out[11]
          Group: reg2out
     Startpoint: (R) u_mac/out_dot_reg[11]/CK
          Clock: (R) clk
       Endpoint: (R) vpu_dot_out[11]
          Clock: (R) clk

                     Capture       Launch     
        Clock Edge:+    3300            0     
       Src Latency:+       0            0     
       Net Latency:+       0 (I)        0 (I) 
           Arrival:=    3300            0     
                                              
      Output Delay:-     990                  
       Uncertainty:-     125                  
     Required Time:=    2185                  
      Launch Clock:-       0                  
         Data Path:-     326                  
             Slack:=    1859                  

Exceptions/Constraints:
  output_delay             990             dut.sdc_line_17_362_1   

#---------------------------------------------------------------------------------------
#      Timing Point        Flags   Arc   Edge     Cell       Fanout Trans Delay Arrival 
#                                                                    (ps)  (ps)   (ps)  
#---------------------------------------------------------------------------------------
  u_mac/out_dot_reg[11]/CK -       -     R     (arrival)         32     0     0       0 
  u_mac/out_dot_reg[11]/Q  -       CK->Q R     DFFQ_X1M_A9TL      4   201   326     326 
  vpu_dot_out[11]          -       -     R     (port)             -     -     0     326 
#---------------------------------------------------------------------------------------



Path 45: MET (1859 ps) Late External Delay Assertion at pin vpu_dot_out[15]
          Group: reg2out
     Startpoint: (R) u_mac/out_dot_reg[15]/CK
          Clock: (R) clk
       Endpoint: (R) vpu_dot_out[15]
          Clock: (R) clk

                     Capture       Launch     
        Clock Edge:+    3300            0     
       Src Latency:+       0            0     
       Net Latency:+       0 (I)        0 (I) 
           Arrival:=    3300            0     
                                              
      Output Delay:-     990                  
       Uncertainty:-     125                  
     Required Time:=    2185                  
      Launch Clock:-       0                  
         Data Path:-     326                  
             Slack:=    1859                  

Exceptions/Constraints:
  output_delay             990             dut.sdc_line_17_358_1   

#---------------------------------------------------------------------------------------
#      Timing Point        Flags   Arc   Edge     Cell       Fanout Trans Delay Arrival 
#                                                                    (ps)  (ps)   (ps)  
#---------------------------------------------------------------------------------------
  u_mac/out_dot_reg[15]/CK -       -     R     (arrival)         32     0     0       0 
  u_mac/out_dot_reg[15]/Q  -       CK->Q R     DFFQ_X1M_A9TL      4   201   326     326 
  vpu_dot_out[15]          -       -     R     (port)             -     -     0     326 
#---------------------------------------------------------------------------------------



Path 46: MET (1859 ps) Late External Delay Assertion at pin vpu_dot_out[27]
          Group: reg2out
     Startpoint: (R) u_mac/out_dot_reg[27]/CK
          Clock: (R) clk
       Endpoint: (R) vpu_dot_out[27]
          Clock: (R) clk

                     Capture       Launch     
        Clock Edge:+    3300            0     
       Src Latency:+       0            0     
       Net Latency:+       0 (I)        0 (I) 
           Arrival:=    3300            0     
                                              
      Output Delay:-     990                  
       Uncertainty:-     125                  
     Required Time:=    2185                  
      Launch Clock:-       0                  
         Data Path:-     326                  
             Slack:=    1859                  

Exceptions/Constraints:
  output_delay             990             dut.sdc_line_17_346_1   

#---------------------------------------------------------------------------------------
#      Timing Point        Flags   Arc   Edge     Cell       Fanout Trans Delay Arrival 
#                                                                    (ps)  (ps)   (ps)  
#---------------------------------------------------------------------------------------
  u_mac/out_dot_reg[27]/CK -       -     R     (arrival)         32     0     0       0 
  u_mac/out_dot_reg[27]/Q  -       CK->Q R     DFFQ_X1M_A9TL      4   201   326     326 
  vpu_dot_out[27]          -       -     R     (port)             -     -     0     326 
#---------------------------------------------------------------------------------------



Path 47: MET (1864 ps) Late External Delay Assertion at pin vpu_dot_out[0]
          Group: reg2out
     Startpoint: (R) u_mac/out_dot_reg[0]/CK
          Clock: (R) clk
       Endpoint: (F) vpu_dot_out[0]
          Clock: (R) clk

                     Capture       Launch     
        Clock Edge:+    3300            0     
       Src Latency:+       0            0     
       Net Latency:+       0 (I)        0 (I) 
           Arrival:=    3300            0     
                                              
      Output Delay:-     990                  
       Uncertainty:-     125                  
     Required Time:=    2185                  
      Launch Clock:-       0                  
         Data Path:-     321                  
             Slack:=    1864                  

Exceptions/Constraints:
  output_delay             990             dut.sdc_line_17_373_1   

#--------------------------------------------------------------------------------------
#      Timing Point       Flags   Arc   Edge     Cell       Fanout Trans Delay Arrival 
#                                                                   (ps)  (ps)   (ps)  
#--------------------------------------------------------------------------------------
  u_mac/out_dot_reg[0]/CK -       -     R     (arrival)         32     0     0       0 
  u_mac/out_dot_reg[0]/Q  -       CK->Q F     DFFQ_X1M_A9TL      3   131   321     321 
  vpu_dot_out[0]          -       -     F     (port)             -     -     0     321 
#--------------------------------------------------------------------------------------



Path 48: MET (1865 ps) Late External Delay Assertion at pin vpu_dot_out[1]
          Group: reg2out
     Startpoint: (R) u_mac/out_dot_reg[1]/CK
          Clock: (R) clk
       Endpoint: (F) vpu_dot_out[1]
          Clock: (R) clk

                     Capture       Launch     
        Clock Edge:+    3300            0     
       Src Latency:+       0            0     
       Net Latency:+       0 (I)        0 (I) 
           Arrival:=    3300            0     
                                              
      Output Delay:-     990                  
       Uncertainty:-     125                  
     Required Time:=    2185                  
      Launch Clock:-       0                  
         Data Path:-     320                  
             Slack:=    1865                  

Exceptions/Constraints:
  output_delay             990             dut.sdc_line_17_372_1   

#--------------------------------------------------------------------------------------
#      Timing Point       Flags   Arc   Edge     Cell       Fanout Trans Delay Arrival 
#                                                                   (ps)  (ps)   (ps)  
#--------------------------------------------------------------------------------------
  u_mac/out_dot_reg[1]/CK -       -     R     (arrival)         32     0     0       0 
  u_mac/out_dot_reg[1]/Q  -       CK->Q F     DFFQ_X1M_A9TL      3   130   320     320 
  vpu_dot_out[1]          -       -     F     (port)             -     -     0     320 
#--------------------------------------------------------------------------------------



Path 49: MET (1869 ps) Late External Delay Assertion at pin vpu_dot_out[0]
          Group: reg2out
     Startpoint: (R) u_mac/out_dot_reg[0]/CK
          Clock: (R) clk
       Endpoint: (R) vpu_dot_out[0]
          Clock: (R) clk

                     Capture       Launch     
        Clock Edge:+    3300            0     
       Src Latency:+       0            0     
       Net Latency:+       0 (I)        0 (I) 
           Arrival:=    3300            0     
                                              
      Output Delay:-     990                  
       Uncertainty:-     125                  
     Required Time:=    2185                  
      Launch Clock:-       0                  
         Data Path:-     316                  
             Slack:=    1869                  

Exceptions/Constraints:
  output_delay             990             dut.sdc_line_17_373_1   

#--------------------------------------------------------------------------------------
#      Timing Point       Flags   Arc   Edge     Cell       Fanout Trans Delay Arrival 
#                                                                   (ps)  (ps)   (ps)  
#--------------------------------------------------------------------------------------
  u_mac/out_dot_reg[0]/CK -       -     R     (arrival)         32     0     0       0 
  u_mac/out_dot_reg[0]/Q  -       CK->Q R     DFFQ_X1M_A9TL      3   184   316     316 
  vpu_dot_out[0]          -       -     R     (port)             -     -     0     316 
#--------------------------------------------------------------------------------------



Path 50: MET (1869 ps) Late External Delay Assertion at pin vpu_dot_out[1]
          Group: reg2out
     Startpoint: (R) u_mac/out_dot_reg[1]/CK
          Clock: (R) clk
       Endpoint: (R) vpu_dot_out[1]
          Clock: (R) clk

                     Capture       Launch     
        Clock Edge:+    3300            0     
       Src Latency:+       0            0     
       Net Latency:+       0 (I)        0 (I) 
           Arrival:=    3300            0     
                                              
      Output Delay:-     990                  
       Uncertainty:-     125                  
     Required Time:=    2185                  
      Launch Clock:-       0                  
         Data Path:-     316                  
             Slack:=    1869                  

Exceptions/Constraints:
  output_delay             990             dut.sdc_line_17_372_1   

#--------------------------------------------------------------------------------------
#      Timing Point       Flags   Arc   Edge     Cell       Fanout Trans Delay Arrival 
#                                                                   (ps)  (ps)   (ps)  
#--------------------------------------------------------------------------------------
  u_mac/out_dot_reg[1]/CK -       -     R     (arrival)         32     0     0       0 
  u_mac/out_dot_reg[1]/Q  -       CK->Q R     DFFQ_X1M_A9TL      3   184   316     316 
  vpu_dot_out[1]          -       -     R     (port)             -     -     0     316 
#--------------------------------------------------------------------------------------

