============================================================
  Generated by:           Genus(TM) Synthesis Solution 25.12-s067_1
  Generated on:           Sep 23 2026  03:07:11 pm
  Module:                 tr_nonlinear_vpu
  Operating conditions:   ss_typical_max_0p90v_125c (balanced_tree)
  Wireload mode:          top
  Area mode:              timing library
============================================================


Path 1: VIOLATED (-276 ps) Setup Check with Pin u_backbone/s1_vec_in_reg[4][1]/CK->D
          Group: in2reg
     Startpoint: (F) sram_data_a[4][10]
          Clock: (R) clk
       Endpoint: (F) u_backbone/s1_vec_in_reg[4][1]/D
          Clock: (R) clk

                     Capture       Launch     
        Clock Edge:+    3300            0     
        Drv Adjust:+       0           41     
       Src Latency:+       0            0     
       Net Latency:+       0 (I)        0 (I) 
           Arrival:=    3300           41     
                                              
             Setup:-     108                  
       Uncertainty:-     125                  
     Required Time:=    3067                  
      Launch Clock:-      41                  
       Input Delay:-     990                  
         Data Path:-    2312                  
             Slack:=    -276                  

Exceptions/Constraints:
  input_delay             990             dut.sdc_line_15_38_1   


