============================================================
  Generated by:           Genus(TM) Synthesis Solution 25.12-s067_1
  Generated on:           Mar 26 2026  02:10:25 pm
  Module:                 tr_softmax
  Operating conditions:   ss_typical_max_0p90v_125c (balanced_tree)
  Wireload mode:          top
  Area mode:              timing library
============================================================


Path 1: MET (56 ps) Setup Check with Pin u_decompose/gen_mode_0_int_max_int_sub.u_max_tree/stage_decl[1].data_reg[0][6]/CK->SE
          Group: in2reg
     Startpoint: (F) in_data[0][1]
          Clock: (R) clk
       Endpoint: (R) u_decompose/gen_mode_0_int_max_int_sub.u_max_tree/stage_decl[1].data_reg[0][6]/SE
          Clock: (R) clk

                     Capture       Launch     
        Clock Edge:+    3000            0     
        Drv Adjust:+       0           15     
       Src Latency:+       0            0     
       Net Latency:+       0 (I)        0 (I) 
           Arrival:=    3000           15     
                                              
             Setup:-     341                  
       Uncertainty:-     125                  
     Required Time:=    2534                  
      Launch Clock:-      15                  
       Input Delay:-     900                  
         Data Path:-    1562                  
             Slack:=      56                  

Exceptions/Constraints:
  input_delay             900             tr_softmax.sdc_line_16_64_1   

#----------------------------------------------------------------------------------------------------------------------------------------------------
#                                   Timing Point                                    Flags    Arc   Edge       Cell        Fanout Trans Delay Arrival 
#                                                                                                                                 (ps)  (ps)   (ps)  
#----------------------------------------------------------------------------------------------------------------------------------------------------
  in_data[0][1]                                                                     -       -      F     (arrival)             3    53     0     915 
  u_decompose/gen_mode_0_int_max_int_sub.u_max_tree/g5254/Y                         -       A->Y   R     INV_X1M_A9TL          1    68    63     978 
  u_decompose/gen_mode_0_int_max_int_sub.u_max_tree/g5204/Y                         -       B0->Y  R     OA21_X1M_A9TL         1    74   129    1107 
  u_decompose/gen_mode_0_int_max_int_sub.u_max_tree/g5193/Y                         -       C0->Y  F     AOI221_X1M_A9TL       1   169    93    1200 
  u_decompose/gen_mode_0_int_max_int_sub.u_max_tree/g5187/Y                         -       B0->Y  R     AOI2XB1_X1M_A9TL      1   203   176    1377 
  u_decompose/gen_mode_0_int_max_int_sub.u_max_tree/g5181/CON                       -       A->CON F     CGENI_X1M_A9TL        1   127   140    1517 
  u_decompose/gen_mode_0_int_max_int_sub.u_max_tree/g5175/Y                         -       B0->Y  R     OAI2XB1_X1M_A9TL      1   167   119    1636 
  u_decompose/gen_mode_0_int_max_int_sub.u_max_tree/g5170/Y                         -       C0->Y  R     OA211_X0P7M_A9TL      1   100   187    1824 
  u_decompose/gen_mode_0_int_max_int_sub.u_max_tree/g5162/Y                         -       C0->Y  F     AOI221_X1M_A9TL       1   167   101    1925 
  u_decompose/gen_mode_0_int_max_int_sub.u_max_tree/g5154/Y                         -       C0->Y  R     AOI221_X1M_A9TL       1   266   215    2140 
  u_decompose/gen_mode_0_int_max_int_sub.u_max_tree/g5149/Y                         -       B0->Y  R     AO21_X1M_A9TL         7   350   338    2478 
  u_decompose/gen_mode_0_int_max_int_sub.u_max_tree/stage_decl[1].data_reg[0][6]/SE -       -      R     SDFFRPQ_X1M_A9TL      7     -     0    2478 
#----------------------------------------------------------------------------------------------------------------------------------------------------

