============================================================
  Generated by:           Genus(TM) Synthesis Solution 25.12-s067_1
  Generated on:           Mar 26 2026  02:10:25 pm
  Module:                 tr_softmax
  Operating conditions:   ss_typical_max_0p90v_125c (balanced_tree)
  Wireload mode:          top
  Area mode:              timing library
============================================================


Path 1: MET (115 ps) Setup Check with Pin dsp_mac/prod_reg_reg[6][13]/CK->A
          Group: reg2reg
     Startpoint: (R) dsp_mac/mode1_reg[1]/CK
          Clock: (R) clk
       Endpoint: (R) dsp_mac/prod_reg_reg[6][13]/A
          Clock: (R) clk

                     Capture       Launch     
        Clock Edge:+    3000            0     
       Src Latency:+       0            0     
       Net Latency:+       0 (I)        0 (I) 
           Arrival:=    3000            0     
                                              
             Setup:-     151                  
       Uncertainty:-     125                  
     Required Time:=    2724                  
      Launch Clock:-       0                  
         Data Path:-    2609                  
             Slack:=     115                  

#-----------------------------------------------------------------------------------------------------------------
#                 Timing Point                  Flags    Arc   Edge       Cell         Fanout Trans Delay Arrival 
#                                                                                              (ps)  (ps)   (ps)  
#-----------------------------------------------------------------------------------------------------------------
  dsp_mac/mode1_reg[1]/CK                       -       -      R     (arrival)            285     0     0       0 
  dsp_mac/mode1_reg[1]/QN                       -       CK->QN R     DFFQN_X2M_A9TL         9   208   324     324 
  dsp_mac/g1589/Y                               -       A->Y   F     INV_X3M_A9TL           1    64    64     388 
  dsp_mac/g950/Y                                -       A->Y   R     INV_X3M_A9TL           8   214   147     535 
  dsp_mac/mul_110_58_I7_Y_mul_119_66_I7_g1032/Y -       B->Y   F     NAND2_X3A_A9TL         4   115   125     660 
  dsp_mac/mul_110_58_I7_Y_mul_119_66_I7_g1014/Y -       A->Y   R     INV_X2M_A9TL           2    71    76     736 
  dsp_mac/mul_110_58_I7_Y_mul_119_66_I7_g980/Y  -       B->Y   F     NAND2_X1M_A9TL         2   156   117     853 
  dsp_mac/mul_110_58_I7_Y_mul_119_66_I7_g943/Y  -       B->Y   F     XNOR3_X0P5M_A9TL       1   183   411    1264 
  dsp_mac/mul_110_58_I7_Y_mul_119_66_I7_g907/S  -       B->S   R     ADDF_X1M_A9TL          2   130   380    1644 
  dsp_mac/mul_110_58_I7_Y_mul_119_66_I7_g895/Y  -       B->Y   F     NAND2_X1A_A9TL         3   191   157    1801 
  dsp_mac/mul_110_58_I7_Y_mul_119_66_I7_g889/Y  -       B->Y   R     NAND2_X1M_A9TL         2   174   170    1971 
  dsp_mac/mul_110_58_I7_Y_mul_119_66_I7_g879/Y  -       B->Y   F     NOR3_X1M_A9TL          1   138   136    2107 
  dsp_mac/mul_110_58_I7_Y_mul_119_66_I7_g876/Y  -       B->Y   R     NOR2_X1M_A9TL          1   151   139    2245 
  dsp_mac/mul_110_58_I7_Y_mul_119_66_I7_g873/Y  -       B0->Y  F     OAI211_X1M_A9TL        2   217   185    2430 
  dsp_mac/mul_110_58_I7_Y_mul_119_66_I7_g870/Y  -       A1->Y  R     AOI21_X1M_A9TL         1   147   179    2609 
  dsp_mac/prod_reg_reg[6][13]/A                 -       -      R     A2DFFQ_X0P5M_A9TL      1     -     0    2609 
#-----------------------------------------------------------------------------------------------------------------

