============================================================
  Generated by:           Genus(TM) Synthesis Solution 25.12-s067_1
  Generated on:           Mar 25 2026  06:23:34 pm
  Module:                 vec_mac_su
  Operating conditions:   ss_typical_max_0p90v_125c (balanced_tree)
  Wireload mode:          top
  Area mode:              timing library
============================================================


Path 1: MET (1332 ps) Setup Check with Pin out_dot_reg[23]/clk->sena
          Group: in2reg
     Startpoint: (R) out_ready
          Clock: (R) clk
       Endpoint: (R) out_dot_reg[23]/sena
          Clock: (R) clk

                     Capture       Launch     
        Clock Edge:+    3000            0     
        Drv Adjust:+       0            4     
       Src Latency:+       0            0     
       Net Latency:+       0 (I)        0 (I) 
           Arrival:=    3000            4     
                                              
             Setup:-     266                  
       Uncertainty:-     125                  
     Required Time:=    2609                  
      Launch Clock:-       4                  
       Input Delay:-     900                  
         Data Path:-     372                  
             Slack:=    1332                  

Exceptions/Constraints:
  input_delay             900             vec_mac_su.sdc_line_16_259_1   

#---------------------------------------------------------------------------------------
#    Timing Point      Flags    Arc    Edge      Cell        Fanout Trans Delay Arrival 
#                                                                    (ps)  (ps)   (ps)  
#---------------------------------------------------------------------------------------
  out_ready            (u)     -       R     (arrival)            1    38     0     904 
  g50/z                (u)     in_1->z R     unmapped_and2        1     0    61     965 
  g51/z                (u)     in_1->z R     unmapped_or2        34     0   164    1129 
  g49/z                (u)     in_1->z R     unmapped_and2       24     0   148    1277 
  out_dot_reg[23]/sena -       -       R     unmapped_d_flop     24     -     0    1277 
#---------------------------------------------------------------------------------------

(u) : Net has unmapped pin(s).

