============================================================
  Generated by:           Genus(TM) Synthesis Solution 25.12-s067_1
  Generated on:           Mar 16 2026  04:49:44 pm
  Module:                 vec_mac_su
  Operating conditions:   ss_typical_max_0p90v_125c (balanced_tree)
  Wireload mode:          top
  Area mode:              timing library
============================================================

Timing
--------

Clock Period 
-------------
clk   3000.0 


        Cost          Critical         Violating 
       Group         Path Slack  TNS     Paths   
-------------------------------------------------
cg_enable_group_clk      1315.3   0.0          0 
clk                    No paths   0.0            
default                No paths   0.0            
in2out                   1143.7   0.0          0 
in2reg                   1016.6   0.0          0 
reg2out                  1376.7   0.0          0 
reg2reg                     1.8   0.0          0 
-------------------------------------------------
Total                             0.0          0 

Instance Count
--------------
Leaf Instance Count             3963 
Physical Instance count            0 
Sequential Instance Count        328 
Combinational Instance Count    3635 
Hierarchical Instance Count        3 

Area
----
Cell Area                          14734.800
Physical Cell Area                 0.000
Total Cell Area (Cell+Physical)    14734.800
Net Area                           0.000
Total Area (Cell+Physical+Net)     14734.800

Max Fanout                         264 (rc_gclk)
Min Fanout                         1 (prod_reg[0][1])
Average Fanout                     2.0
Terms to net ratio                 2.9840
Terms to instance ratio            3.2498
Runtime                            149.79979300000002 seconds
Elapsed Runtime                    214 seconds
Genus peak memory usage            2475.64 
Innovus peak memory usage          no_value 
Hostname                           enicsw11.local
