============================================================
  Generated by:           Genus(TM) Synthesis Solution 25.12-s067_1
  Generated on:           Sep 24 2026  03:47:31 pm
  Operating conditions:   ss_typical_max_0p90v_125c (balanced_tree)
  Wireload mode:          top
  Area mode:              timing library
============================================================

                                                                                         
        Gate          Instances    Area                       Library                    
-----------------------------------------------------------------------------------------
A2DFFQN_X1M_A9TL              2    15.120 sc9_cln65lp_base_lvt_ss_typical_max_0p90v_125c 
A2DFFQN_X2M_A9TL              2    16.560 sc9_cln65lp_base_lvt_ss_typical_max_0p90v_125c 
A2DFFQN_X3M_A9TL              1     8.640 sc9_cln65lp_base_lvt_ss_typical_max_0p90v_125c 
A2DFFQ_X0P5M_A9TL           321  2311.200 sc9_cln65lp_base_lvt_ss_typical_max_0p90v_125c 
A2DFFQ_X2M_A9TL               1     8.280 sc9_cln65lp_base_lvt_ss_typical_max_0p90v_125c 
ADDFH_X1M_A9TL               56   624.960 sc9_cln65lp_base_lvt_ss_typical_max_0p90v_125c 
ADDFH_X1P4M_A9TL              3    35.640 sc9_cln65lp_base_lvt_ss_typical_max_0p90v_125c 
ADDFH_X2M_A9TL               19   225.720 sc9_cln65lp_base_lvt_ss_typical_max_0p90v_125c 
ADDF_X1M_A9TL               865  6850.800 sc9_cln65lp_base_lvt_ss_typical_max_0p90v_125c 
ADDF_X1P4M_A9TL              16   149.760 sc9_cln65lp_base_lvt_ss_typical_max_0p90v_125c 
ADDH_X1M_A9TL                26   121.680 sc9_cln65lp_base_lvt_ss_typical_max_0p90v_125c 
ADDH_X1P4M_A9TL               1     5.760 sc9_cln65lp_base_lvt_ss_typical_max_0p90v_125c 
ADDH_X2M_A9TL                 1     5.760 sc9_cln65lp_base_lvt_ss_typical_max_0p90v_125c 
AND2_X1M_A9TL              1088  1958.400 sc9_cln65lp_base_lvt_ss_typical_max_0p90v_125c 
AND2_X2M_A9TL                65   163.800 sc9_cln65lp_base_lvt_ss_typical_max_0p90v_125c 
AND2_X3M_A9TL                51   201.960 sc9_cln65lp_base_lvt_ss_typical_max_0p90v_125c 
AND2_X4M_A9TL                28   120.960 sc9_cln65lp_base_lvt_ss_typical_max_0p90v_125c 
AND2_X6M_A9TL                 8    48.960 sc9_cln65lp_base_lvt_ss_typical_max_0p90v_125c 
AND2_X8M_A9TL                 1     7.920 sc9_cln65lp_base_lvt_ss_typical_max_0p90v_125c 
AND3_X1M_A9TL                 9    22.680 sc9_cln65lp_base_lvt_ss_typical_max_0p90v_125c 
AND3_X2M_A9TL                27   116.640 sc9_cln65lp_base_lvt_ss_typical_max_0p90v_125c 
AND3_X3M_A9TL                 3    17.280 sc9_cln65lp_base_lvt_ss_typical_max_0p90v_125c 
AND3_X4M_A9TL                 2    12.960 sc9_cln65lp_base_lvt_ss_typical_max_0p90v_125c 
AND4_X0P5M_A9TL               9    25.920 sc9_cln65lp_base_lvt_ss_typical_max_0p90v_125c 
AND4_X1P4M_A9TL               2    12.240 sc9_cln65lp_base_lvt_ss_typical_max_0p90v_125c 
AND4_X3M_A9TL                 1     9.000 sc9_cln65lp_base_lvt_ss_typical_max_0p90v_125c 
AND4_X4M_A9TL                 5    59.400 sc9_cln65lp_base_lvt_ss_typical_max_0p90v_125c 
AO1B2_X1M_A9TL               42   105.840 sc9_cln65lp_base_lvt_ss_typical_max_0p90v_125c 
AO1B2_X2M_A9TL               66   237.600 sc9_cln65lp_base_lvt_ss_typical_max_0p90v_125c 
AO1B2_X3M_A9TL               18    97.200 sc9_cln65lp_base_lvt_ss_typical_max_0p90v_125c 
AO1B2_X4M_A9TL               76   465.120 sc9_cln65lp_base_lvt_ss_typical_max_0p90v_125c 
AO1B2_X6M_A9TL                3    27.000 sc9_cln65lp_base_lvt_ss_typical_max_0p90v_125c 
AO21B_X1M_A9TL              146   367.920 sc9_cln65lp_base_lvt_ss_typical_max_0p90v_125c 
AO21B_X2M_A9TL               41   147.600 sc9_cln65lp_base_lvt_ss_typical_max_0p90v_125c 
AO21B_X3M_A9TL                8    43.200 sc9_cln65lp_base_lvt_ss_typical_max_0p90v_125c 
AO21B_X4M_A9TL                9    55.080 sc9_cln65lp_base_lvt_ss_typical_max_0p90v_125c 
AO21B_X6M_A9TL                2    18.000 sc9_cln65lp_base_lvt_ss_typical_max_0p90v_125c 
AO21_X1M_A9TL                21    60.480 sc9_cln65lp_base_lvt_ss_typical_max_0p90v_125c 
AO21_X2M_A9TL                 2     9.360 sc9_cln65lp_base_lvt_ss_typical_max_0p90v_125c 
AO21_X4M_A9TL                 2    14.400 sc9_cln65lp_base_lvt_ss_typical_max_0p90v_125c 
AO22_X1M_A9TL               146   473.040 sc9_cln65lp_base_lvt_ss_typical_max_0p90v_125c 
AO22_X2M_A9TL                 6    34.560 sc9_cln65lp_base_lvt_ss_typical_max_0p90v_125c 
AOI211_X1M_A9TL               8    20.160 sc9_cln65lp_base_lvt_ss_typical_max_0p90v_125c 
AOI211_X4M_A9TL               3    22.680 sc9_cln65lp_base_lvt_ss_typical_max_0p90v_125c 
AOI21B_X1M_A9TL              13    37.440 sc9_cln65lp_base_lvt_ss_typical_max_0p90v_125c 
AOI21B_X2M_A9TL               4    17.280 sc9_cln65lp_base_lvt_ss_typical_max_0p90v_125c 
AOI21B_X4M_A9TL               2    14.400 sc9_cln65lp_base_lvt_ss_typical_max_0p90v_125c 
AOI21_X1M_A9TL              236   509.760 sc9_cln65lp_base_lvt_ss_typical_max_0p90v_125c 
AOI21_X1P4M_A9TL              2     7.200 sc9_cln65lp_base_lvt_ss_typical_max_0p90v_125c 
AOI21_X2M_A9TL              115   414.000 sc9_cln65lp_base_lvt_ss_typical_max_0p90v_125c 
AOI21_X2M_A9TR                1     3.600 sc9_cln65lp_base_rvt_ss_typical_max_0p90v_125c 
AOI21_X3M_A9TL               42   196.560 sc9_cln65lp_base_lvt_ss_typical_max_0p90v_125c 
AOI21_X4M_A9TL               25   153.000 sc9_cln65lp_base_lvt_ss_typical_max_0p90v_125c 
AOI21_X6M_A9TL               13   117.000 sc9_cln65lp_base_lvt_ss_typical_max_0p90v_125c 
AOI221_X1M_A9TL              54   174.960 sc9_cln65lp_base_lvt_ss_typical_max_0p90v_125c 
AOI222_X1M_A9TL              47   186.120 sc9_cln65lp_base_lvt_ss_typical_max_0p90v_125c 
AOI222_X1P4M_A9TL             2    12.960 sc9_cln65lp_base_lvt_ss_typical_max_0p90v_125c 
AOI22_X1M_A9TL              336   846.720 sc9_cln65lp_base_lvt_ss_typical_max_0p90v_125c 
AOI22_X2M_A9TL               14    60.480 sc9_cln65lp_base_lvt_ss_typical_max_0p90v_125c 
AOI22_X3M_A9TL                4    24.480 sc9_cln65lp_base_lvt_ss_typical_max_0p90v_125c 
AOI2XB1_X0P7M_A9TL            2     5.760 sc9_cln65lp_base_lvt_ss_typical_max_0p90v_125c 
AOI2XB1_X1M_A9TL             19    54.720 sc9_cln65lp_base_lvt_ss_typical_max_0p90v_125c 
AOI2XB1_X2M_A9TL             18    77.760 sc9_cln65lp_base_lvt_ss_typical_max_0p90v_125c 
AOI2XB1_X3M_A9TL             10    57.600 sc9_cln65lp_base_lvt_ss_typical_max_0p90v_125c 
AOI31_X1M_A9TL                9    22.680 sc9_cln65lp_base_lvt_ss_typical_max_0p90v_125c 
AOI31_X2M_A9TL                7    30.240 sc9_cln65lp_base_lvt_ss_typical_max_0p90v_125c 
AOI31_X3M_A9TL               11    67.320 sc9_cln65lp_base_lvt_ss_typical_max_0p90v_125c 
AOI31_X4M_A9TL                6    49.680 sc9_cln65lp_base_lvt_ss_typical_max_0p90v_125c 
AOI31_X6M_A9TL                3    35.640 sc9_cln65lp_base_lvt_ss_typical_max_0p90v_125c 
AOI32_X1M_A9TL               11    31.680 sc9_cln65lp_base_lvt_ss_typical_max_0p90v_125c 
AOI32_X2M_A9TL                2    10.800 sc9_cln65lp_base_lvt_ss_typical_max_0p90v_125c 
BUFH_X0P7M_A9TL              15    21.600 sc9_cln65lp_base_lvt_ss_typical_max_0p90v_125c 
BUFH_X0P7M_A9TR               4     5.760 sc9_cln65lp_base_rvt_ss_typical_max_0p90v_125c 
BUFH_X1M_A9TL                20    28.800 sc9_cln65lp_base_lvt_ss_typical_max_0p90v_125c 
BUFH_X1P2M_A9TL              26    56.160 sc9_cln65lp_base_lvt_ss_typical_max_0p90v_125c 
BUFH_X1P4M_A9TL               6    12.960 sc9_cln65lp_base_lvt_ss_typical_max_0p90v_125c 
BUFH_X2M_A9TL                 5    12.600 sc9_cln65lp_base_lvt_ss_typical_max_0p90v_125c 
BUFH_X3M_A9TL                14    40.320 sc9_cln65lp_base_lvt_ss_typical_max_0p90v_125c 
BUFH_X4M_A9TL                 3    11.880 sc9_cln65lp_base_lvt_ss_typical_max_0p90v_125c 
BUFH_X5M_A9TL                 1     4.680 sc9_cln65lp_base_lvt_ss_typical_max_0p90v_125c 
BUF_X1P2M_A9TL                6    12.960 sc9_cln65lp_base_lvt_ss_typical_max_0p90v_125c 
BUF_X2M_A9TL                 11    23.760 sc9_cln65lp_base_lvt_ss_typical_max_0p90v_125c 
BUF_X2P5M_A9TL                2     5.040 sc9_cln65lp_base_lvt_ss_typical_max_0p90v_125c 
BUF_X3B_A9TL                  1     2.520 sc9_cln65lp_base_lvt_ss_typical_max_0p90v_125c 
BUF_X3M_A9TL                 38    95.760 sc9_cln65lp_base_lvt_ss_typical_max_0p90v_125c 
BUF_X4M_A9TL                  7    25.200 sc9_cln65lp_base_lvt_ss_typical_max_0p90v_125c 
BUF_X5M_A9TL                  8    31.680 sc9_cln65lp_base_lvt_ss_typical_max_0p90v_125c 
BUF_X6M_A9TL                 10    43.200 sc9_cln65lp_base_lvt_ss_typical_max_0p90v_125c 
CGENI_X1M_A9TL               15    43.200 sc9_cln65lp_base_lvt_ss_typical_max_0p90v_125c 
CGENI_X2M_A9TL               17    91.800 sc9_cln65lp_base_lvt_ss_typical_max_0p90v_125c 
CGEN_X1M_A9TL                10    36.000 sc9_cln65lp_base_lvt_ss_typical_max_0p90v_125c 
CGEN_X1M_A9TR                 3    10.800 sc9_cln65lp_base_rvt_ss_typical_max_0p90v_125c 
CGEN_X1P4M_A9TL               1     3.960 sc9_cln65lp_base_lvt_ss_typical_max_0p90v_125c 
CGEN_X2M_A9TL                19    75.240 sc9_cln65lp_base_lvt_ss_typical_max_0p90v_125c 
CMPR42_X1M_A9TL              25   405.000 sc9_cln65lp_base_lvt_ss_typical_max_0p90v_125c 
CMPR42_X1M_A9TR               9   145.800 sc9_cln65lp_base_rvt_ss_typical_max_0p90v_125c 
CMPR42_X2M_A9TL              14   246.960 sc9_cln65lp_base_lvt_ss_typical_max_0p90v_125c 
DFFQN_X1M_A9TL                1     7.560 sc9_cln65lp_base_lvt_ss_typical_max_0p90v_125c 
DFFQN_X2M_A9TL                6    49.680 sc9_cln65lp_base_lvt_ss_typical_max_0p90v_125c 
DFFQ_X1M_A9TL               154  1164.240 sc9_cln65lp_base_lvt_ss_typical_max_0p90v_125c 
DFFQ_X2M_A9TL               242  2003.760 sc9_cln65lp_base_lvt_ss_typical_max_0p90v_125c 
DFFRPQN_X1M_A9TL              5    41.400 sc9_cln65lp_base_lvt_ss_typical_max_0p90v_125c 
DFFRPQN_X3M_A9TL              1     9.720 sc9_cln65lp_base_lvt_ss_typical_max_0p90v_125c 
DFFRPQ_X1M_A9TL             188  1624.320 sc9_cln65lp_base_lvt_ss_typical_max_0p90v_125c 
DFFRPQ_X2M_A9TL              47   423.000 sc9_cln65lp_base_lvt_ss_typical_max_0p90v_125c 
DFFRPQ_X3M_A9TL               7    65.520 sc9_cln65lp_base_lvt_ss_typical_max_0p90v_125c 
DFFRPQ_X4M_A9TL              28   282.240 sc9_cln65lp_base_lvt_ss_typical_max_0p90v_125c 
INV_X0P8M_A9TL               86    92.880 sc9_cln65lp_base_lvt_ss_typical_max_0p90v_125c 
INV_X11B_A9TL                 1     5.760 sc9_cln65lp_base_lvt_ss_typical_max_0p90v_125c 
INV_X13M_A9TL                 1     6.840 sc9_cln65lp_base_lvt_ss_typical_max_0p90v_125c 
INV_X1B_A9TL                 12    12.960 sc9_cln65lp_base_lvt_ss_typical_max_0p90v_125c 
INV_X1M_A9TL                414   447.120 sc9_cln65lp_base_lvt_ss_typical_max_0p90v_125c 
INV_X1P4M_A9TL               16    23.040 sc9_cln65lp_base_lvt_ss_typical_max_0p90v_125c 
INV_X1P7M_A9TR                1     1.440 sc9_cln65lp_base_rvt_ss_typical_max_0p90v_125c 
INV_X2B_A9TL                 25    36.000 sc9_cln65lp_base_lvt_ss_typical_max_0p90v_125c 
INV_X2M_A9TL                184   264.960 sc9_cln65lp_base_lvt_ss_typical_max_0p90v_125c 
INV_X3B_A9TL                  5    10.800 sc9_cln65lp_base_lvt_ss_typical_max_0p90v_125c 
INV_X3M_A9TL                 52   112.320 sc9_cln65lp_base_lvt_ss_typical_max_0p90v_125c 
INV_X4B_A9TL                  1     2.520 sc9_cln65lp_base_lvt_ss_typical_max_0p90v_125c 
INV_X4M_A9TL                 48   120.960 sc9_cln65lp_base_lvt_ss_typical_max_0p90v_125c 
INV_X5M_A9TL                 15    43.200 sc9_cln65lp_base_lvt_ss_typical_max_0p90v_125c 
INV_X6B_A9TL                  1     3.600 sc9_cln65lp_base_lvt_ss_typical_max_0p90v_125c 
INV_X6M_A9TL                 10    36.000 sc9_cln65lp_base_lvt_ss_typical_max_0p90v_125c 
INV_X7P5B_A9TL                1     4.320 sc9_cln65lp_base_lvt_ss_typical_max_0p90v_125c 
INV_X7P5M_A9TL                5    21.600 sc9_cln65lp_base_lvt_ss_typical_max_0p90v_125c 
MX2_X1P4B_A9TL                1     5.040 sc9_cln65lp_base_lvt_ss_typical_max_0p90v_125c 
MX2_X1P4M_A9TL                2    10.080 sc9_cln65lp_base_lvt_ss_typical_max_0p90v_125c 
MX2_X2B_A9TL                  1     5.400 sc9_cln65lp_base_lvt_ss_typical_max_0p90v_125c 
MX2_X4B_A9TL                  1     9.360 sc9_cln65lp_base_lvt_ss_typical_max_0p90v_125c 
MX2_X4M_A9TL                  1     9.360 sc9_cln65lp_base_lvt_ss_typical_max_0p90v_125c 
MXIT2_X0P5M_A9TL              8    25.920 sc9_cln65lp_base_lvt_ss_typical_max_0p90v_125c 
MXIT2_X1M_A9TL               19    68.400 sc9_cln65lp_base_lvt_ss_typical_max_0p90v_125c 
MXIT2_X2M_A9TL               30   194.400 sc9_cln65lp_base_lvt_ss_typical_max_0p90v_125c 
MXIT2_X3M_A9TL               26   196.560 sc9_cln65lp_base_lvt_ss_typical_max_0p90v_125c 
MXIT4_X2M_A9TL                7    80.640 sc9_cln65lp_base_lvt_ss_typical_max_0p90v_125c 
MXT2_X0P7M_A9TL               5    18.000 sc9_cln65lp_base_lvt_ss_typical_max_0p90v_125c 
MXT2_X1M_A9TL                 1     4.320 sc9_cln65lp_base_lvt_ss_typical_max_0p90v_125c 
MXT2_X1P4M_A9TL               5    25.200 sc9_cln65lp_base_lvt_ss_typical_max_0p90v_125c 
MXT2_X2M_A9TL                 4    27.360 sc9_cln65lp_base_lvt_ss_typical_max_0p90v_125c 
MXT2_X3M_A9TL                 4    33.120 sc9_cln65lp_base_lvt_ss_typical_max_0p90v_125c 
MXT2_X4M_A9TL                 7    68.040 sc9_cln65lp_base_lvt_ss_typical_max_0p90v_125c 
MXT2_X6M_A9TL                 1    10.440 sc9_cln65lp_base_lvt_ss_typical_max_0p90v_125c 
NAND2B_X1M_A9TL              52   112.320 sc9_cln65lp_base_lvt_ss_typical_max_0p90v_125c 
NAND2B_X1P4M_A9TL             2     5.760 sc9_cln65lp_base_lvt_ss_typical_max_0p90v_125c 
NAND2B_X2M_A9TL              37   106.560 sc9_cln65lp_base_lvt_ss_typical_max_0p90v_125c 
NAND2B_X3M_A9TL               3    11.880 sc9_cln65lp_base_lvt_ss_typical_max_0p90v_125c 
NAND2B_X4M_A9TL               3    14.040 sc9_cln65lp_base_lvt_ss_typical_max_0p90v_125c 
NAND2B_X6M_A9TL               1     6.840 sc9_cln65lp_base_lvt_ss_typical_max_0p90v_125c 
NAND2B_X8M_A9TL               1     8.640 sc9_cln65lp_base_lvt_ss_typical_max_0p90v_125c 
NAND2XB_X1M_A9TL             51   110.160 sc9_cln65lp_base_lvt_ss_typical_max_0p90v_125c 
NAND2XB_X1P4M_A9TL            2     5.760 sc9_cln65lp_base_lvt_ss_typical_max_0p90v_125c 
NAND2XB_X2M_A9TL             63   181.440 sc9_cln65lp_base_lvt_ss_typical_max_0p90v_125c 
NAND2XB_X3M_A9TL             14    55.440 sc9_cln65lp_base_lvt_ss_typical_max_0p90v_125c 
NAND2XB_X4M_A9TL              3    14.040 sc9_cln65lp_base_lvt_ss_typical_max_0p90v_125c 
NAND2XB_X6M_A9TL             11    75.240 sc9_cln65lp_base_lvt_ss_typical_max_0p90v_125c 
NAND2XB_X8M_A9TL              1     8.640 sc9_cln65lp_base_lvt_ss_typical_max_0p90v_125c 
NAND2_X1A_A9TL              612   881.280 sc9_cln65lp_base_lvt_ss_typical_max_0p90v_125c 
NAND2_X1B_A9TL               77   110.880 sc9_cln65lp_base_lvt_ss_typical_max_0p90v_125c 
NAND2_X1M_A9TL              624   898.560 sc9_cln65lp_base_lvt_ss_typical_max_0p90v_125c 
NAND2_X1P4A_A9TL              1     2.520 sc9_cln65lp_base_lvt_ss_typical_max_0p90v_125c 
NAND2_X1P4M_A9TL            205   442.800 sc9_cln65lp_base_lvt_ss_typical_max_0p90v_125c 
NAND2_X2A_A9TL              121   304.920 sc9_cln65lp_base_lvt_ss_typical_max_0p90v_125c 
NAND2_X2A_A9TR                1     2.520 sc9_cln65lp_base_rvt_ss_typical_max_0p90v_125c 
NAND2_X2B_A9TL                1     2.520 sc9_cln65lp_base_lvt_ss_typical_max_0p90v_125c 
NAND2_X2M_A9TL               26    65.520 sc9_cln65lp_base_lvt_ss_typical_max_0p90v_125c 
NAND2_X3A_A9TL               78   280.800 sc9_cln65lp_base_lvt_ss_typical_max_0p90v_125c 
NAND2_X3M_A9TL                3    10.800 sc9_cln65lp_base_lvt_ss_typical_max_0p90v_125c 
NAND2_X4A_A9TL               22    95.040 sc9_cln65lp_base_lvt_ss_typical_max_0p90v_125c 
NAND2_X4B_A9TL                2     8.640 sc9_cln65lp_base_lvt_ss_typical_max_0p90v_125c 
NAND2_X4M_A9TL               59   233.640 sc9_cln65lp_base_lvt_ss_typical_max_0p90v_125c 
NAND2_X6A_A9TL                4    24.480 sc9_cln65lp_base_lvt_ss_typical_max_0p90v_125c 
NAND2_X6M_A9TL               16    97.920 sc9_cln65lp_base_lvt_ss_typical_max_0p90v_125c 
NAND2_X8A_A9TL                1     8.280 sc9_cln65lp_base_lvt_ss_typical_max_0p90v_125c 
NAND2_X8M_A9TL                1     7.560 sc9_cln65lp_base_lvt_ss_typical_max_0p90v_125c 
NAND3B_X1M_A9TL               9    22.680 sc9_cln65lp_base_lvt_ss_typical_max_0p90v_125c 
NAND3B_X1P4M_A9TL             7    25.200 sc9_cln65lp_base_lvt_ss_typical_max_0p90v_125c 
NAND3B_X2M_A9TL               1     3.960 sc9_cln65lp_base_lvt_ss_typical_max_0p90v_125c 
NAND3B_X3M_A9TL               1     5.040 sc9_cln65lp_base_lvt_ss_typical_max_0p90v_125c 
NAND3B_X4M_A9TL               1     6.120 sc9_cln65lp_base_lvt_ss_typical_max_0p90v_125c 
NAND3B_X6M_A9TL               1     9.000 sc9_cln65lp_base_lvt_ss_typical_max_0p90v_125c 
NAND3XXB_X1M_A9TL            10    25.200 sc9_cln65lp_base_lvt_ss_typical_max_0p90v_125c 
NAND3XXB_X1P4M_A9TL          13    46.800 sc9_cln65lp_base_lvt_ss_typical_max_0p90v_125c 
NAND3XXB_X2M_A9TL            22    87.120 sc9_cln65lp_base_lvt_ss_typical_max_0p90v_125c 
NAND3XXB_X3M_A9TL             9    45.360 sc9_cln65lp_base_lvt_ss_typical_max_0p90v_125c 
NAND3XXB_X4M_A9TL            13    79.560 sc9_cln65lp_base_lvt_ss_typical_max_0p90v_125c 
NAND3XXB_X6M_A9TL             6    54.000 sc9_cln65lp_base_lvt_ss_typical_max_0p90v_125c 
NAND3_X1A_A9TL               46    99.360 sc9_cln65lp_base_lvt_ss_typical_max_0p90v_125c 
NAND3_X1M_A9TL               19    41.040 sc9_cln65lp_base_lvt_ss_typical_max_0p90v_125c 
NAND3_X2A_A9TL               25    81.000 sc9_cln65lp_base_lvt_ss_typical_max_0p90v_125c 
NAND3_X2M_A9TL               53   171.720 sc9_cln65lp_base_lvt_ss_typical_max_0p90v_125c 
NAND3_X3A_A9TL                4    18.720 sc9_cln65lp_base_lvt_ss_typical_max_0p90v_125c 
NAND3_X3M_A9TL               11    51.480 sc9_cln65lp_base_lvt_ss_typical_max_0p90v_125c 
NAND3_X4A_A9TL                1     5.760 sc9_cln65lp_base_lvt_ss_typical_max_0p90v_125c 
NAND3_X4M_A9TL               16    92.160 sc9_cln65lp_base_lvt_ss_typical_max_0p90v_125c 
NAND3_X6A_A9TL               20   158.400 sc9_cln65lp_base_lvt_ss_typical_max_0p90v_125c 
NAND3_X6M_A9TL               13   112.320 sc9_cln65lp_base_lvt_ss_typical_max_0p90v_125c 
NAND4XXXB_X1M_A9TL            4    11.520 sc9_cln65lp_base_lvt_ss_typical_max_0p90v_125c 
NAND4XXXB_X1P4M_A9TL         14    50.400 sc9_cln65lp_base_lvt_ss_typical_max_0p90v_125c 
NAND4XXXB_X2M_A9TL            5    23.400 sc9_cln65lp_base_lvt_ss_typical_max_0p90v_125c 
NAND4XXXB_X3M_A9TL            2    12.240 sc9_cln65lp_base_lvt_ss_typical_max_0p90v_125c 
NAND4XXXB_X4M_A9TL            2    15.120 sc9_cln65lp_base_lvt_ss_typical_max_0p90v_125c 
NAND4_X1A_A9TL               20    50.400 sc9_cln65lp_base_lvt_ss_typical_max_0p90v_125c 
NAND4_X1M_A9TL                4    10.080 sc9_cln65lp_base_lvt_ss_typical_max_0p90v_125c 
NAND4_X1P4A_A9TL             10    36.000 sc9_cln65lp_base_lvt_ss_typical_max_0p90v_125c 
NAND4_X2A_A9TL                9    35.640 sc9_cln65lp_base_lvt_ss_typical_max_0p90v_125c 
NAND4_X2M_A9TL                5    19.800 sc9_cln65lp_base_lvt_ss_typical_max_0p90v_125c 
NAND4_X3A_A9TL                3    17.280 sc9_cln65lp_base_lvt_ss_typical_max_0p90v_125c 
NAND4_X3M_A9TL                2    11.520 sc9_cln65lp_base_lvt_ss_typical_max_0p90v_125c 
NAND4_X4M_A9TL                3    21.600 sc9_cln65lp_base_lvt_ss_typical_max_0p90v_125c 
NOR2B_X1M_A9TL               85   183.600 sc9_cln65lp_base_lvt_ss_typical_max_0p90v_125c 
NOR2B_X2M_A9TL                8    23.040 sc9_cln65lp_base_lvt_ss_typical_max_0p90v_125c 
NOR2B_X3M_A9TL                7    25.200 sc9_cln65lp_base_lvt_ss_typical_max_0p90v_125c 
NOR2B_X4M_A9TL                3    12.960 sc9_cln65lp_base_lvt_ss_typical_max_0p90v_125c 
NOR2B_X6M_A9TL                3    20.520 sc9_cln65lp_base_lvt_ss_typical_max_0p90v_125c 
NOR2XB_X0P7M_A9TL             1     2.160 sc9_cln65lp_base_lvt_ss_typical_max_0p90v_125c 
NOR2XB_X1M_A9TL              58   125.280 sc9_cln65lp_base_lvt_ss_typical_max_0p90v_125c 
NOR2XB_X2M_A9TL              11    31.680 sc9_cln65lp_base_lvt_ss_typical_max_0p90v_125c 
NOR2XB_X3M_A9TL              21    75.600 sc9_cln65lp_base_lvt_ss_typical_max_0p90v_125c 
NOR2XB_X4M_A9TL               6    25.920 sc9_cln65lp_base_lvt_ss_typical_max_0p90v_125c 
NOR2XB_X6M_A9TL               5    32.400 sc9_cln65lp_base_lvt_ss_typical_max_0p90v_125c 
NOR2XB_X8M_A9TL               3    24.840 sc9_cln65lp_base_lvt_ss_typical_max_0p90v_125c 
NOR2_X1A_A9TL               183   263.520 sc9_cln65lp_base_lvt_ss_typical_max_0p90v_125c 
NOR2_X1B_A9TL                86   123.840 sc9_cln65lp_base_lvt_ss_typical_max_0p90v_125c 
NOR2_X1M_A9TL               111   159.840 sc9_cln65lp_base_lvt_ss_typical_max_0p90v_125c 
NOR2_X1P4A_A9TL              87   187.920 sc9_cln65lp_base_lvt_ss_typical_max_0p90v_125c 
NOR2_X1P4B_A9TL               4     8.640 sc9_cln65lp_base_lvt_ss_typical_max_0p90v_125c 
NOR2_X1P4M_A9TL               9    19.440 sc9_cln65lp_base_lvt_ss_typical_max_0p90v_125c 
NOR2_X2A_A9TL                64   161.280 sc9_cln65lp_base_lvt_ss_typical_max_0p90v_125c 
NOR2_X2M_A9TL                 2     5.040 sc9_cln65lp_base_lvt_ss_typical_max_0p90v_125c 
NOR2_X3A_A9TL                51   165.240 sc9_cln65lp_base_lvt_ss_typical_max_0p90v_125c 
NOR2_X3B_A9TL                 1     3.240 sc9_cln65lp_base_lvt_ss_typical_max_0p90v_125c 
NOR2_X3M_A9TL                 7    22.680 sc9_cln65lp_base_lvt_ss_typical_max_0p90v_125c 
NOR2_X4A_A9TL                26   102.960 sc9_cln65lp_base_lvt_ss_typical_max_0p90v_125c 
NOR2_X4B_A9TL                 5    19.800 sc9_cln65lp_base_lvt_ss_typical_max_0p90v_125c 
NOR2_X4M_A9TL                13    51.480 sc9_cln65lp_base_lvt_ss_typical_max_0p90v_125c 
NOR2_X6A_A9TL                27   165.240 sc9_cln65lp_base_lvt_ss_typical_max_0p90v_125c 
NOR2_X6B_A9TL                 2    12.240 sc9_cln65lp_base_lvt_ss_typical_max_0p90v_125c 
NOR2_X6M_A9TL                 8    48.960 sc9_cln65lp_base_lvt_ss_typical_max_0p90v_125c 
NOR2_X8M_A9TL                 2    15.120 sc9_cln65lp_base_lvt_ss_typical_max_0p90v_125c 
NOR3_X1M_A9TL                 6    12.960 sc9_cln65lp_base_lvt_ss_typical_max_0p90v_125c 
NOR3_X2M_A9TL                 8    25.920 sc9_cln65lp_base_lvt_ss_typical_max_0p90v_125c 
OA211_X1M_A9TL                2     9.360 sc9_cln65lp_base_lvt_ss_typical_max_0p90v_125c 
OA211_X2M_A9TL                4    23.040 sc9_cln65lp_base_lvt_ss_typical_max_0p90v_125c 
OA21_X1M_A9TL                53   152.640 sc9_cln65lp_base_lvt_ss_typical_max_0p90v_125c 
OA21_X1P4M_A9TL               3    11.880 sc9_cln65lp_base_lvt_ss_typical_max_0p90v_125c 
OA21_X2M_A9TL                12    56.160 sc9_cln65lp_base_lvt_ss_typical_max_0p90v_125c 
OA21_X3M_A9TL                 2    12.960 sc9_cln65lp_base_lvt_ss_typical_max_0p90v_125c 
OA21_X4M_A9TL                 6    43.200 sc9_cln65lp_base_lvt_ss_typical_max_0p90v_125c 
OA21_X6M_A9TL                 2    20.160 sc9_cln65lp_base_lvt_ss_typical_max_0p90v_125c 
OA22_X1M_A9TL                17    55.080 sc9_cln65lp_base_lvt_ss_typical_max_0p90v_125c 
OA22_X1P4M_A9TL               1     5.040 sc9_cln65lp_base_lvt_ss_typical_max_0p90v_125c 
OAI211_X1M_A9TL              29    73.080 sc9_cln65lp_base_lvt_ss_typical_max_0p90v_125c 
OAI211_X1P4M_A9TL             7    27.720 sc9_cln65lp_base_lvt_ss_typical_max_0p90v_125c 
OAI211_X2M_A9TL               4    17.280 sc9_cln65lp_base_lvt_ss_typical_max_0p90v_125c 
OAI211_X3M_A9TL               1     6.120 sc9_cln65lp_base_lvt_ss_typical_max_0p90v_125c 
OAI21B_X0P7M_A9TL             1     2.880 sc9_cln65lp_base_lvt_ss_typical_max_0p90v_125c 
OAI21B_X1M_A9TL               7    20.160 sc9_cln65lp_base_lvt_ss_typical_max_0p90v_125c 
OAI21B_X1P4M_A9TL            12    43.200 sc9_cln65lp_base_lvt_ss_typical_max_0p90v_125c 
OAI21B_X2M_A9TL               1     4.320 sc9_cln65lp_base_lvt_ss_typical_max_0p90v_125c 
OAI21B_X3M_A9TL               1     5.760 sc9_cln65lp_base_lvt_ss_typical_max_0p90v_125c 
OAI21_X1M_A9TL              205   442.800 sc9_cln65lp_base_lvt_ss_typical_max_0p90v_125c 
OAI21_X1P4M_A9TL             28    90.720 sc9_cln65lp_base_lvt_ss_typical_max_0p90v_125c 
OAI21_X2M_A9TL               91   327.600 sc9_cln65lp_base_lvt_ss_typical_max_0p90v_125c 
OAI21_X3M_A9TL               51   238.680 sc9_cln65lp_base_lvt_ss_typical_max_0p90v_125c 
OAI21_X4M_A9TL                7    42.840 sc9_cln65lp_base_lvt_ss_typical_max_0p90v_125c 
OAI21_X6M_A9TL                5    41.400 sc9_cln65lp_base_lvt_ss_typical_max_0p90v_125c 
OAI221_X1M_A9TL               6    19.440 sc9_cln65lp_base_lvt_ss_typical_max_0p90v_125c 
OAI221_X2M_A9TL               6    34.560 sc9_cln65lp_base_lvt_ss_typical_max_0p90v_125c 
OAI222_X1M_A9TL               3    11.880 sc9_cln65lp_base_lvt_ss_typical_max_0p90v_125c 
OAI22_X1M_A9TL                9    22.680 sc9_cln65lp_base_lvt_ss_typical_max_0p90v_125c 
OAI22_X1P4M_A9TL              2     7.920 sc9_cln65lp_base_lvt_ss_typical_max_0p90v_125c 
OAI22_X2M_A9TL                2     8.640 sc9_cln65lp_base_lvt_ss_typical_max_0p90v_125c 
OAI22_X3M_A9TL                1     6.120 sc9_cln65lp_base_lvt_ss_typical_max_0p90v_125c 
OAI2XB1_X0P5M_A9TL           54   136.080 sc9_cln65lp_base_lvt_ss_typical_max_0p90v_125c 
OAI2XB1_X1M_A9TL             45   129.600 sc9_cln65lp_base_lvt_ss_typical_max_0p90v_125c 
OAI2XB1_X1P4M_A9TL           13    46.800 sc9_cln65lp_base_lvt_ss_typical_max_0p90v_125c 
OAI2XB1_X2M_A9TL             30   129.600 sc9_cln65lp_base_lvt_ss_typical_max_0p90v_125c 
OAI2XB1_X3M_A9TL             19   109.440 sc9_cln65lp_base_lvt_ss_typical_max_0p90v_125c 
OAI31_X1M_A9TL               26    65.520 sc9_cln65lp_base_lvt_ss_typical_max_0p90v_125c 
OAI31_X2M_A9TL                1     4.320 sc9_cln65lp_base_lvt_ss_typical_max_0p90v_125c 
OR2_X0P5M_A9TL               80   144.000 sc9_cln65lp_base_lvt_ss_typical_max_0p90v_125c 
OR2_X1M_A9TL                 38    82.080 sc9_cln65lp_base_lvt_ss_typical_max_0p90v_125c 
OR2_X1P4M_A9TL               29    73.080 sc9_cln65lp_base_lvt_ss_typical_max_0p90v_125c 
OR2_X2M_A9TL                 14    45.360 sc9_cln65lp_base_lvt_ss_typical_max_0p90v_125c 
OR2_X3M_A9TL                  6    21.600 sc9_cln65lp_base_lvt_ss_typical_max_0p90v_125c 
OR2_X4M_A9TL                  6    30.240 sc9_cln65lp_base_lvt_ss_typical_max_0p90v_125c 
OR2_X8M_A9TL                  1     9.360 sc9_cln65lp_base_lvt_ss_typical_max_0p90v_125c 
OR3_X0P5M_A9TL                1     2.520 sc9_cln65lp_base_lvt_ss_typical_max_0p90v_125c 
OR3_X1M_A9TL                  3    10.800 sc9_cln65lp_base_lvt_ss_typical_max_0p90v_125c 
OR4_X1M_A9TL                  4    14.400 sc9_cln65lp_base_lvt_ss_typical_max_0p90v_125c 
OR4_X1P4M_A9TL                4    15.840 sc9_cln65lp_base_lvt_ss_typical_max_0p90v_125c 
OR4_X2M_A9TL                 10    57.600 sc9_cln65lp_base_lvt_ss_typical_max_0p90v_125c 
OR4_X3M_A9TL                  6    41.040 sc9_cln65lp_base_lvt_ss_typical_max_0p90v_125c 
OR4_X4M_A9TL                  4    36.000 sc9_cln65lp_base_lvt_ss_typical_max_0p90v_125c 
OR4_X6M_A9TL                  8   106.560 sc9_cln65lp_base_lvt_ss_typical_max_0p90v_125c 
OR6_X0P7M_A9TL                6    28.080 sc9_cln65lp_base_lvt_ss_typical_max_0p90v_125c 
OR6_X1P4M_A9TL                2    13.680 sc9_cln65lp_base_lvt_ss_typical_max_0p90v_125c 
OR6_X2M_A9TL                  1     9.720 sc9_cln65lp_base_lvt_ss_typical_max_0p90v_125c 
OR6_X3M_A9TL                  4    53.280 sc9_cln65lp_base_lvt_ss_typical_max_0p90v_125c 
PREICG_X0P5B_A9TR             3    19.440 sc9_cln65lp_base_rvt_ss_typical_max_0p90v_125c 
SDFFRPQN_X0P5M_A9TL           1    10.440 sc9_cln65lp_base_lvt_ss_typical_max_0p90v_125c 
SDFFRPQN_X1M_A9TL             5    52.200 sc9_cln65lp_base_lvt_ss_typical_max_0p90v_125c 
SDFFRPQ_X0P5M_A9TL           11   114.840 sc9_cln65lp_base_lvt_ss_typical_max_0p90v_125c 
SDFFRPQ_X1M_A9TL             32   334.080 sc9_cln65lp_base_lvt_ss_typical_max_0p90v_125c 
XNOR2_X0P5M_A9TL              2     6.480 sc9_cln65lp_base_lvt_ss_typical_max_0p90v_125c 
XNOR2_X0P7M_A9TL             81   262.440 sc9_cln65lp_base_lvt_ss_typical_max_0p90v_125c 
XNOR2_X1M_A9TL                5    18.000 sc9_cln65lp_base_lvt_ss_typical_max_0p90v_125c 
XNOR2_X2M_A9TL               12    73.440 sc9_cln65lp_base_lvt_ss_typical_max_0p90v_125c 
XNOR2_X3M_A9TL               24   190.080 sc9_cln65lp_base_lvt_ss_typical_max_0p90v_125c 
XNOR2_X4M_A9TL                5    50.400 sc9_cln65lp_base_lvt_ss_typical_max_0p90v_125c 
XNOR3_X0P5M_A9TL             16    97.920 sc9_cln65lp_base_lvt_ss_typical_max_0p90v_125c 
XNOR3_X1M_A9TL               13    84.240 sc9_cln65lp_base_lvt_ss_typical_max_0p90v_125c 
XNOR3_X1P4M_A9TL              2    20.160 sc9_cln65lp_base_lvt_ss_typical_max_0p90v_125c 
XNOR3_X2M_A9TL                3    36.720 sc9_cln65lp_base_lvt_ss_typical_max_0p90v_125c 
XNOR3_X3M_A9TL                4    56.160 sc9_cln65lp_base_lvt_ss_typical_max_0p90v_125c 
XOR2_X0P7M_A9TL             227   735.480 sc9_cln65lp_base_lvt_ss_typical_max_0p90v_125c 
XOR2_X1M_A9TL                 5    18.000 sc9_cln65lp_base_lvt_ss_typical_max_0p90v_125c 
XOR2_X2M_A9TL                24   146.880 sc9_cln65lp_base_lvt_ss_typical_max_0p90v_125c 
XOR2_X3M_A9TL                39   308.880 sc9_cln65lp_base_lvt_ss_typical_max_0p90v_125c 
XOR2_X4M_A9TL                 1    10.080 sc9_cln65lp_base_lvt_ss_typical_max_0p90v_125c 
XOR3_X0P5M_A9TL               3    18.360 sc9_cln65lp_base_lvt_ss_typical_max_0p90v_125c 
XOR3_X1M_A9TL                 8    51.840 sc9_cln65lp_base_lvt_ss_typical_max_0p90v_125c 
-----------------------------------------------------------------------------------------
total                     11107 41709.600                                                
                                                                               
                    Library                    Instances    Area   Instances % 
-------------------------------------------------------------------------------
sc9_cln65lp_base_lvt_ss_typical_max_0p90v_125c     11085 41520.240        99.8 
sc9_cln65lp_base_rvt_ss_typical_max_0p90v_125c        22   189.360         0.2 
                                                        
            Type             Instances    Area   Area % 
--------------------------------------------------------
sequential                        1055  8542.800   20.5 
inverter                           878  1246.320    3.0 
buffer                             177   434.880    1.0 
clock_gating_integrated_cell         3    19.440    0.0 
logic                             8994 31466.160   75.4 
physical_cells                       0     0.000    0.0 
--------------------------------------------------------
total                            11107 41709.600  100.0 
