============================================================
  Generated by:           Genus(TM) Synthesis Solution 25.12-s067_1
  Generated on:           Sep 23 2026  01:45:43 am
  Module:                 tr_nonlinear_vpu
  Operating conditions:   ss_typical_max_0p90v_125c (balanced_tree)
  Wireload mode:          top
  Area mode:              timing library
============================================================

Max_transition design rule (violation total = 21040)
Pin                                                                       Slew           Max     Violation
------------------------------------------------------------------------------------------------------------
g9754/A1                                                                   474           350           124
  --> Other violations on net                                                      1992
g9780/A1                                                                   474           350           124
  --> Other violations on net                                                      1992
g9788/A1                                                                   474           350           124
  --> Other violations on net                                                      1992
g9768/A1                                                                   474           350           124
  --> Other violations on net                                                      1992
g9793/A1                                                                   474           350           124
  --> Other violations on net                                                      1992
g9767/A1                                                                   474           350           124
  --> Other violations on net                                                      1992
g9797/A1                                                                   474           350           124
  --> Other violations on net                                                      1992
g9755/A1                                                                   474           350           124
  --> Other violations on net                                                      1992
g9785/A1                                                                   474           350           124
  --> Other violations on net                                                      1992
g9784/A1                                                                   474           350           124
  --> Other violations on net                                                      1992
g9789/A1                                                                   474           350           124
  --> Other violations on net                                                      1992
g9737/A1                                                                   474           350           124
  --> Other violations on net                                                      1992
g9738/A1                                                                   474           350           124
  --> Other violations on net                                                      1992
g9791/A1                                                                   474           350           124
  --> Other violations on net                                                      1992
g9763/A1                                                                   474           350           124
  --> Other violations on net                                                      1992
g9770/A1                                                                   474           350           124
  --> Other violations on net                                                      1992
drc_bufs10092/Y                                                            474           350           124
  --> Other violations on net                                                      1992
g9795/C1                                                                   466           350           116
  --> Other violations on net                                                      1856
g9785/C0                                                                   466           350           116
  --> Other violations on net                                                      1856
g9746/C1                                                                   466           350           116
  --> Other violations on net                                                      1856
g9766/C1                                                                   466           350           116
  --> Other violations on net                                                      1856
g9786/C1                                                                   466           350           116
  --> Other violations on net                                                      1856
g9788/C1                                                                   466           350           116
  --> Other violations on net                                                      1856
g9797/C1                                                                   466           350           116
  --> Other violations on net                                                      1856
g9763/C1                                                                   466           350           116
  --> Other violations on net                                                      1856
g9738/C1                                                                   466           350           116
  --> Other violations on net                                                      1856
g9789/C1                                                                   466           350           116
  --> Other violations on net                                                      1856
g9773/C1                                                                   466           350           116
  --> Other violations on net                                                      1856
g9777/C1                                                                   466           350           116
  --> Other violations on net                                                      1856
g9779/C1                                                                   466           350           116
  --> Other violations on net                                                      1856
g9734/C1                                                                   466           350           116
  --> Other violations on net                                                      1856
g9772/C1                                                                   466           350           116
  --> Other violations on net                                                      1856
g9775/C1                                                                   466           350           116
  --> Other violations on net                                                      1856
drc_bufs10116/Y                                                            466           350           116
  --> Other violations on net                                                      1856
g9796/A1                                                                   457           350           107
  --> Other violations on net                                                      1714
g9749/A1                                                                   457           350           107
  --> Other violations on net                                                      1714
g9753/A1                                                                   457           350           107
  --> Other violations on net                                                      1714
g9766/A1                                                                   457           350           107
  --> Other violations on net                                                      1714
g9746/A1                                                                   457           350           107
  --> Other violations on net                                                      1714
g9750/A1                                                                   457           350           107
  --> Other violations on net                                                      1714
g9787/A1                                                                   457           350           107
  --> Other violations on net                                                      1714
g9745/A1                                                                   457           350           107
  --> Other violations on net                                                      1714
g9743/A1                                                                   457           350           107
  --> Other violations on net                                                      1714
g9744/A1                                                                   457           350           107
  --> Other violations on net                                                      1714
g9761/A1                                                                   457           350           107
  --> Other violations on net                                                      1714
g9757/A1                                                                   457           350           107
  --> Other violations on net                                                      1714
g9781/A1                                                                   457           350           107
  --> Other violations on net                                                      1714
g9762/A1                                                                   457           350           107
  --> Other violations on net                                                      1714
g9759/A1                                                                   457           350           107
  --> Other violations on net                                                      1714
g9778/A1                                                                   457           350           107
  --> Other violations on net                                                      1714
drc_bufs10094/Y                                                            457           350           107
  --> Other violations on net                                                      1714
g9758/A1                                                                   449           350            99
  --> Other violations on net                                                      1590
g9794/A1                                                                   449           350            99
  --> Other violations on net                                                      1590
g9735/A1                                                                   449           350            99
  --> Other violations on net                                                      1590
g9751/A1                                                                   449           350            99
  --> Other violations on net                                                      1590
g9760/A1                                                                   449           350            99
  --> Other violations on net                                                      1590
g9747/A1                                                                   449           350            99
  --> Other violations on net                                                      1590
g9774/A1                                                                   449           350            99
  --> Other violations on net                                                      1590
g9742/A1                                                                   449           350            99
  --> Other violations on net                                                      1590
g9782/A1                                                                   449           350            99
  --> Other violations on net                                                      1590
g9741/A1                                                                   449           350            99
  --> Other violations on net                                                      1590
g9773/A1                                                                   449           350            99
  --> Other violations on net                                                      1590
g9748/A1                                                                   449           350            99
  --> Other violations on net                                                      1590
g9740/A1                                                                   449           350            99
  --> Other violations on net                                                      1590
g9771/A1                                                                   449           350            99
  --> Other violations on net                                                      1590
g9790/A1                                                                   449           350            99
  --> Other violations on net                                                      1590
g9739/A1                                                                   449           350            99
  --> Other violations on net                                                      1590
drc_bufs10091/Y                                                            449           350            99
  --> Other violations on net                                                      1590
g9750/C0                                                                   445           350            95
  --> Other violations on net                                                      1518
g9792/C1                                                                   445           350            95
  --> Other violations on net                                                      1518
g9768/C1                                                                   445           350            95
  --> Other violations on net                                                      1518
g9784/C1                                                                   445           350            95
  --> Other violations on net                                                      1518
g9755/C1                                                                   445           350            95
  --> Other violations on net                                                      1518
g9770/C1                                                                   445           350            95
  --> Other violations on net                                                      1518
g9791/C1                                                                   445           350            95
  --> Other violations on net                                                      1518
g9737/C1                                                                   445           350            95
  --> Other violations on net                                                      1518
g9758/C0                                                                   445           350            95
  --> Other violations on net                                                      1518
g9796/C0                                                                   445           350            95
  --> Other violations on net                                                      1518
g9769/C1                                                                   445           350            95
  --> Other violations on net                                                      1518
g9752/C1                                                                   445           350            95
  --> Other violations on net                                                      1518
g9736/C1                                                                   445           350            95
  --> Other violations on net                                                      1518
g9764/C1                                                                   445           350            95
  --> Other violations on net                                                      1518
g9783/C1                                                                   445           350            95
  --> Other violations on net                                                      1518
g9776/C1                                                                   445           350            95
  --> Other violations on net                                                      1518
drc_bufs10112/Y                                                            445           350            95
  --> Other violations on net                                                      1518
g9793/C1                                                                   444           350            94
  --> Other violations on net                                                      1509
g9765/C1                                                                   444           350            94
  --> Other violations on net                                                      1509
g9760/C1                                                                   444           350            94
  --> Other violations on net                                                      1509
g9744/C1                                                                   444           350            94
  --> Other violations on net                                                      1509
g9745/C1                                                                   444           350            94
  --> Other violations on net                                                      1509
g9778/C1                                                                   444           350            94
  --> Other violations on net                                                      1509
g9762/C1                                                                   444           350            94
  --> Other violations on net                                                      1509
g9757/C1                                                                   444           350            94
  --> Other violations on net                                                      1509
g9794/C1                                                                   444           350            94
  --> Other violations on net                                                      1509
g9782/C1                                                                   444           350            94
  --> Other violations on net                                                      1509
g9749/C1                                                                   444           350            94
  --> Other violations on net                                                      1509
g9740/C1                                                                   444           350            94
  --> Other violations on net                                                      1509
g9790/C1                                                                   444           350            94
  --> Other violations on net                                                      1509
g9774/C1                                                                   444           350            94
  --> Other violations on net                                                      1509
g9780/C1                                                                   444           350            94
  --> Other violations on net                                                      1509
g9735/C1                                                                   444           350            94
  --> Other violations on net                                                      1509
drc_bufs10115/Y                                                            444           350            94
  --> Other violations on net                                                      1509
g9756/A1                                                                   436           350            86
  --> Other violations on net                                                      1384
g9765/A1                                                                   436           350            86
  --> Other violations on net                                                      1384
g9775/A1                                                                   436           350            86
  --> Other violations on net                                                      1384
g9776/A1                                                                   436           350            86
  --> Other violations on net                                                      1384
g9786/A1                                                                   436           350            86
  --> Other violations on net                                                      1384
g9792/A1                                                                   436           350            86
  --> Other violations on net                                                      1384
g9795/A1                                                                   436           350            86
  --> Other violations on net                                                      1384
g9764/A1                                                                   436           350            86
  --> Other violations on net                                                      1384
g9772/A1                                                                   436           350            86
  --> Other violations on net                                                      1384
g9783/A1                                                                   436           350            86
  --> Other violations on net                                                      1384
g9777/A1                                                                   436           350            86
  --> Other violations on net                                                      1384
g9769/A1                                                                   436           350            86
  --> Other violations on net                                                      1384
g9779/A1                                                                   436           350            86
  --> Other violations on net                                                      1384
g9752/A1                                                                   436           350            86
  --> Other violations on net                                                      1384
g9734/A1                                                                   436           350            86
  --> Other violations on net                                                      1384
g9736/A1                                                                   436           350            86
  --> Other violations on net                                                      1384
drc_bufs10093/Y                                                            436           350            86
  --> Other violations on net                                                      1384
g9758/B1                                                                   448           350            98
  --> Other violations on net                                                      1180
g9749/B1                                                                   448           350            98
  --> Other violations on net                                                      1180
g9783/B1                                                                   448           350            98
  --> Other violations on net                                                      1180
g9793/B1                                                                   448           350            98
  --> Other violations on net                                                      1180
g9750/B1                                                                   448           350            98
  --> Other violations on net                                                      1180
g9751/B1                                                                   448           350            98
  --> Other violations on net                                                      1180
g9797/B1                                                                   448           350            98
  --> Other violations on net                                                      1180
g9767/B1                                                                   448           350            98
  --> Other violations on net                                                      1180
g9746/B1                                                                   448           350            98
  --> Other violations on net                                                      1180
g9788/B1                                                                   448           350            98
  --> Other violations on net                                                      1180
g9735/B1                                                                   448           350            98
  --> Other violations on net                                                      1180
g9755/B1                                                                   448           350            98
  --> Other violations on net                                                      1180
drc_bufs10159/Y                                                            448           350            98
  --> Other violations on net                                                      1180
g9756/C1                                                                   468           350           118
  --> Other violations on net                                                      944
g9767/C1                                                                   468           350           118
  --> Other violations on net                                                      944
g9751/C1                                                                   468           350           118
  --> Other violations on net                                                      944
g9741/C1                                                                   468           350           118
  --> Other violations on net                                                      944
g9742/C1                                                                   468           350           118
  --> Other violations on net                                                      944
g9739/C1                                                                   468           350           118
  --> Other violations on net                                                      944
g9771/C1                                                                   468           350           118
  --> Other violations on net                                                      944
g9748/C1                                                                   468           350           118
  --> Other violations on net                                                      944
drc_bufs10111/Y                                                            468           350           118
  --> Other violations on net                                                      944
g9756/B1                                                                   407           350            57
  --> Other violations on net                                                      686
g9753/B1                                                                   407           350            57
  --> Other violations on net                                                      686
g9782/B1                                                                   407           350            57
  --> Other violations on net                                                      686
g9774/B1                                                                   407           350            57
  --> Other violations on net                                                      686
g9776/B1                                                                   407           350            57
  --> Other violations on net                                                      686
g9775/B1                                                                   407           350            57
  --> Other violations on net                                                      686
g9773/B1                                                                   407           350            57
  --> Other violations on net                                                      686
g9760/B1                                                                   407           350            57
  --> Other violations on net                                                      686
g9786/B1                                                                   407           350            57
  --> Other violations on net                                                      686
g9747/B1                                                                   407           350            57
  --> Other violations on net                                                      686
g9768/B1                                                                   407           350            57
  --> Other violations on net                                                      686
g9792/B1                                                                   407           350            57
  --> Other violations on net                                                      686
drc_bufs10158/Y                                                            407           350            57
  --> Other violations on net                                                      686
g9900/A1                                                                   382           350            32
  --> Other violations on net                                                      520
g9879/A1                                                                   382           350            32
  --> Other violations on net                                                      520
g9904/A1                                                                   382           350            32
  --> Other violations on net                                                      520
g9896/A1                                                                   382           350            32
  --> Other violations on net                                                      520
g9892/A1                                                                   382           350            32
  --> Other violations on net                                                      520
g9903/A1                                                                   382           350            32
  --> Other violations on net                                                      520
g9886/A1                                                                   382           350            32
  --> Other violations on net                                                      520
g9888/A1                                                                   382           350            32
  --> Other violations on net                                                      520
g9912/B                                                                    382           350            32
  --> Other violations on net                                                      520
g9922/B                                                                    382           350            32
  --> Other violations on net                                                      520
g9920/B                                                                    382           350            32
  --> Other violations on net                                                      520
g9944/B                                                                    382           350            32
  --> Other violations on net                                                      520
g9956/B                                                                    382           350            32
  --> Other violations on net                                                      520
g9919/B                                                                    382           350            32
  --> Other violations on net                                                      520
g9934/B                                                                    382           350            32
  --> Other violations on net                                                      520
g9906/B                                                                    382           350            32
  --> Other violations on net                                                      520
fopt2/Y                                                                    382           350            32
  --> Other violations on net                                                      520
g9902/B1                                                                   391           350            41
  --> Other violations on net                                                      488
g9885/B1                                                                   391           350            41
  --> Other violations on net                                                      488
g9921/B                                                                    391           350            41
  --> Other violations on net                                                      488
g9943/B                                                                    391           350            41
  --> Other violations on net                                                      488
g9985/B                                                                    391           350            41
  --> Other violations on net                                                      488
g9938/B                                                                    391           350            41
  --> Other violations on net                                                      488
g9974/B                                                                    391           350            41
  --> Other violations on net                                                      488
g9960/B                                                                    391           350            41
  --> Other violations on net                                                      488
g9966/B                                                                    391           350            41
  --> Other violations on net                                                      488
g9984/B                                                                    391           350            41
  --> Other violations on net                                                      488
g9895/B1                                                                   391           350            41
  --> Other violations on net                                                      488
g9889/B1                                                                   391           350            41
  --> Other violations on net                                                      488
drc_bufs10162/Y                                                            391           350            41
  --> Other violations on net                                                      488
g9754/C1                                                                   397           350            47
  --> Other violations on net                                                      425
g9747/C1                                                                   397           350            47
  --> Other violations on net                                                      425
drc_bufs10118/A                                                            397           350            47
  --> Other violations on net                                                      425
g9761/C1                                                                   397           350            47
  --> Other violations on net                                                      425
g9781/C1                                                                   397           350            47
  --> Other violations on net                                                      425
g9759/C1                                                                   397           350            47
  --> Other violations on net                                                      425
g9787/C1                                                                   397           350            47
  --> Other violations on net                                                      425
g9743/C1                                                                   397           350            47
  --> Other violations on net                                                      425
g9753/C1                                                                   397           350            47
  --> Other violations on net                                                      425
g10202/Y                                                                   397           350            47
  --> Other violations on net                                                      425
g13178/A1                                                                  373           350            23
  --> Other violations on net                                                      346
g13190/A1                                                                  373           350            23
  --> Other violations on net                                                      346
g13184/A1                                                                  373           350            23
  --> Other violations on net                                                      346
g13181/A1                                                                  373           350            23
  --> Other violations on net                                                      346
g13191/A1                                                                  373           350            23
  --> Other violations on net                                                      346
g13187/A1                                                                  373           350            23
  --> Other violations on net                                                      346
g13177/A1                                                                  373           350            23
  --> Other violations on net                                                      346
g13193/A1                                                                  373           350            23
  --> Other violations on net                                                      346
g13186/A1                                                                  373           350            23
  --> Other violations on net                                                      346
g13196/A1                                                                  373           350            23
  --> Other violations on net                                                      346
g13182/A1                                                                  373           350            23
  --> Other violations on net                                                      346
g13189/A1                                                                  373           350            23
  --> Other violations on net                                                      346
g13183/A1                                                                  373           350            23
  --> Other violations on net                                                      346
g13194/A1                                                                  373           350            23
  --> Other violations on net                                                      346
g13176/A1                                                                  373           350            23
  --> Other violations on net                                                      346
drc_bufs14369/Y                                                            373           350            23
  --> Other violations on net                                                      346
g9672/B                                                                    472           350           122
  --> Other violations on net                                                      122
g9738/Y                                                                    472           350           122
  --> Other violations on net                                                      122
g13217/B0                                                                  377           350            27
  --> Other violations on net                                                      216
g13184/B0                                                                  377           350            27
  --> Other violations on net                                                      216
g13179/B0                                                                  377           350            27
  --> Other violations on net                                                      216
g13196/B0                                                                  377           350            27
  --> Other violations on net                                                      216
g13226/B0                                                                  377           350            27
  --> Other violations on net                                                      216
g13220/B0                                                                  377           350            27
  --> Other violations on net                                                      216
g13202/B0                                                                  377           350            27
  --> Other violations on net                                                      216
g13209/B0                                                                  377           350            27
  --> Other violations on net                                                      216
g13797/Y                                                                   377           350            27
  --> Other violations on net                                                      216
g9721/B                                                                    470           350           120
  --> Other violations on net                                                      120
g9781/Y                                                                    470           350           120
  --> Other violations on net                                                      120
u_vecmul/MULT_TC_OP_1_Y_MULT_TC_OP_Y_MULT_UNS_OP1030_g1880/A1              408           350            58
  --> Other violations on net                                                      173
u_vecmul/MULT_TC_OP_1_Y_MULT_TC_OP_Y_MULT_UNS_OP1030_g1872/B0              408           350            58
  --> Other violations on net                                                      173
u_vecmul/MULT_TC_OP_1_Y_MULT_TC_OP_Y_MULT_UNS_OP1030_g1916/B               408           350            58
  --> Other violations on net                                                      173
u_vecmul/MULT_TC_OP_1_Y_MULT_TC_OP_Y_MULT_UNS_OP1030_g1922/Y               408           350            58
  --> Other violations on net                                                      173
u_vecmul/MULT_TC_OP_1_Y_MULT_TC_OP_Y_MULT_UNS_OP1042_g1880/A1              408           350            58
  --> Other violations on net                                                      173
u_vecmul/MULT_TC_OP_1_Y_MULT_TC_OP_Y_MULT_UNS_OP1042_g1872/B0              408           350            58
  --> Other violations on net                                                      173
u_vecmul/MULT_TC_OP_1_Y_MULT_TC_OP_Y_MULT_UNS_OP1042_g1916/B               408           350            58
  --> Other violations on net                                                      173
u_vecmul/MULT_TC_OP_1_Y_MULT_TC_OP_Y_MULT_UNS_OP1042_g1922/Y               408           350            58
  --> Other violations on net                                                      173
u_vecmul/MULT_TC_OP_1_Y_MULT_TC_OP_Y_MULT_UNS_OP1006_g1880/A1              408           350            58
  --> Other violations on net                                                      173
u_vecmul/MULT_TC_OP_1_Y_MULT_TC_OP_Y_MULT_UNS_OP1006_g1872/B0              408           350            58
  --> Other violations on net                                                      173
u_vecmul/MULT_TC_OP_1_Y_MULT_TC_OP_Y_MULT_UNS_OP1006_g1916/B               408           350            58
  --> Other violations on net                                                      173
u_vecmul/MULT_TC_OP_1_Y_MULT_TC_OP_Y_MULT_UNS_OP1006_g1922/Y               408           350            58
  --> Other violations on net                                                      173
u_vecmul/MULT_TC_OP_1_Y_MULT_TC_OP_Y_MULT_UNS_OP_g1880/A1                  408           350            58
  --> Other violations on net                                                      173
u_vecmul/MULT_TC_OP_1_Y_MULT_TC_OP_Y_MULT_UNS_OP_g1872/B0                  408           350            58
  --> Other violations on net                                                      173
u_vecmul/MULT_TC_OP_1_Y_MULT_TC_OP_Y_MULT_UNS_OP_g1916/B                   408           350            58
  --> Other violations on net                                                      173
u_vecmul/MULT_TC_OP_1_Y_MULT_TC_OP_Y_MULT_UNS_OP_g1922/Y                   408           350            58
  --> Other violations on net                                                      173
u_vecmul/MULT_TC_OP_1_Y_MULT_TC_OP_Y_MULT_UNS_OP1018_g1880/A1              408           350            58
  --> Other violations on net                                                      173
u_vecmul/MULT_TC_OP_1_Y_MULT_TC_OP_Y_MULT_UNS_OP1018_g1872/B0              408           350            58
  --> Other violations on net                                                      173
u_vecmul/MULT_TC_OP_1_Y_MULT_TC_OP_Y_MULT_UNS_OP1018_g1916/B               408           350            58
  --> Other violations on net                                                      173
u_vecmul/MULT_TC_OP_1_Y_MULT_TC_OP_Y_MULT_UNS_OP1018_g1922/Y               408           350            58
  --> Other violations on net                                                      173
g13197/B0                                                                  369           350            19
  --> Other violations on net                                                      150
g13187/B0                                                                  369           350            19
  --> Other violations on net                                                      150
g13200/B0                                                                  369           350            19
  --> Other violations on net                                                      150
g13208/B0                                                                  369           350            19
  --> Other violations on net                                                      150
g13199/B0                                                                  369           350            19
  --> Other violations on net                                                      150
g13178/B0                                                                  369           350            19
  --> Other violations on net                                                      150
g13213/B0                                                                  369           350            19
  --> Other violations on net                                                      150
g13219/B0                                                                  369           350            19
  --> Other violations on net                                                      150
g13794/Y                                                                   369           350            19
  --> Other violations on net                                                      150
g13217/C0                                                                  366           350            16
  --> Other violations on net                                                      132
g13184/C0                                                                  366           350            16
  --> Other violations on net                                                      132
g13179/C0                                                                  366           350            16
  --> Other violations on net                                                      132
g13196/C0                                                                  366           350            16
  --> Other violations on net                                                      132
g13226/C0                                                                  366           350            16
  --> Other violations on net                                                      132
g13220/C0                                                                  366           350            16
  --> Other violations on net                                                      132
g13202/C0                                                                  366           350            16
  --> Other violations on net                                                      132
g13209/C0                                                                  366           350            16
  --> Other violations on net                                                      132
g13473/Y                                                                   366           350            16
  --> Other violations on net                                                      132
g9699/B                                                                    408           350            58
  --> Other violations on net                                                      58
g9762/Y                                                                    408           350            58
  --> Other violations on net                                                      58
g13197/C0                                                                  361           350            11
  --> Other violations on net                                                      88
g13187/C0                                                                  361           350            11
  --> Other violations on net                                                      88
g13200/C0                                                                  361           350            11
  --> Other violations on net                                                      88
g13208/C0                                                                  361           350            11
  --> Other violations on net                                                      88
g13199/C0                                                                  361           350            11
  --> Other violations on net                                                      88
g13178/C0                                                                  361           350            11
  --> Other violations on net                                                      88
g13213/C0                                                                  361           350            11
  --> Other violations on net                                                      88
g13219/C0                                                                  361           350            11
  --> Other violations on net                                                      88
g13472/Y                                                                   361           350            11
  --> Other violations on net                                                      88
u_mac/MULT_TC_OP_1_Y_MULT_TC_OP_Y_MULT_UNS_OP886_g1880/A1                  369           350            19
  --> Other violations on net                                                      57
u_mac/MULT_TC_OP_1_Y_MULT_TC_OP_Y_MULT_UNS_OP886_g1872/B0                  369           350            19
  --> Other violations on net                                                      57
u_mac/MULT_TC_OP_1_Y_MULT_TC_OP_Y_MULT_UNS_OP886_g1916/B                   369           350            19
  --> Other violations on net                                                      57
u_mac/MULT_TC_OP_1_Y_MULT_TC_OP_Y_MULT_UNS_OP886_g1922/Y                   369           350            19
  --> Other violations on net                                                      57
u_mac/MULT_TC_OP_1_Y_MULT_TC_OP_Y_MULT_UNS_OP898_g1880/A1                  369           350            19
  --> Other violations on net                                                      57
u_mac/MULT_TC_OP_1_Y_MULT_TC_OP_Y_MULT_UNS_OP898_g1872/B0                  369           350            19
  --> Other violations on net                                                      57
u_mac/MULT_TC_OP_1_Y_MULT_TC_OP_Y_MULT_UNS_OP898_g1916/B                   369           350            19
  --> Other violations on net                                                      57
u_mac/MULT_TC_OP_1_Y_MULT_TC_OP_Y_MULT_UNS_OP898_g1922/Y                   369           350            19
  --> Other violations on net                                                      57
u_mac/MULT_TC_OP_1_Y_MULT_TC_OP_Y_MULT_UNS_OP910_g1880/A1                  369           350            19
  --> Other violations on net                                                      57
u_mac/MULT_TC_OP_1_Y_MULT_TC_OP_Y_MULT_UNS_OP910_g1872/B0                  369           350            19
  --> Other violations on net                                                      57
u_mac/MULT_TC_OP_1_Y_MULT_TC_OP_Y_MULT_UNS_OP910_g1916/B                   369           350            19
  --> Other violations on net                                                      57
u_mac/MULT_TC_OP_1_Y_MULT_TC_OP_Y_MULT_UNS_OP910_g1922/Y                   369           350            19
  --> Other violations on net                                                      57
u_mac/MULT_TC_OP_1_Y_MULT_TC_OP_Y_MULT_UNS_OP_g1880/A1                     369           350            19
  --> Other violations on net                                                      57
u_mac/MULT_TC_OP_1_Y_MULT_TC_OP_Y_MULT_UNS_OP_g1872/B0                     369           350            19
  --> Other violations on net                                                      57
u_mac/MULT_TC_OP_1_Y_MULT_TC_OP_Y_MULT_UNS_OP_g1916/B                      369           350            19
  --> Other violations on net                                                      57
u_mac/MULT_TC_OP_1_Y_MULT_TC_OP_Y_MULT_UNS_OP_g1922/Y                      369           350            19
  --> Other violations on net                                                      57
u_vecmul/MULT_TC_OP_1_Y_MULT_TC_OP_Y_MULT_UNS_OP1078_g1880/A1              369           350            19
  --> Other violations on net                                                      57
u_vecmul/MULT_TC_OP_1_Y_MULT_TC_OP_Y_MULT_UNS_OP1078_g1872/B0              369           350            19
  --> Other violations on net                                                      57
u_vecmul/MULT_TC_OP_1_Y_MULT_TC_OP_Y_MULT_UNS_OP1078_g1916/B               369           350            19
  --> Other violations on net                                                      57
u_vecmul/MULT_TC_OP_1_Y_MULT_TC_OP_Y_MULT_UNS_OP1078_g1922/Y               369           350            19
  --> Other violations on net                                                      57
u_mac/MULT_TC_OP_1_Y_MULT_TC_OP_Y_MULT_UNS_OP862_g1880/A1                  369           350            19
  --> Other violations on net                                                      57
u_mac/MULT_TC_OP_1_Y_MULT_TC_OP_Y_MULT_UNS_OP862_g1872/B0                  369           350            19
  --> Other violations on net                                                      57
u_mac/MULT_TC_OP_1_Y_MULT_TC_OP_Y_MULT_UNS_OP862_g1916/B                   369           350            19
  --> Other violations on net                                                      57
u_mac/MULT_TC_OP_1_Y_MULT_TC_OP_Y_MULT_UNS_OP862_g1922/Y                   369           350            19
  --> Other violations on net                                                      57
u_vecmul/MULT_TC_OP_1_Y_MULT_TC_OP_Y_MULT_UNS_OP1066_g1880/A1              369           350            19
  --> Other violations on net                                                      57
u_vecmul/MULT_TC_OP_1_Y_MULT_TC_OP_Y_MULT_UNS_OP1066_g1872/B0              369           350            19
  --> Other violations on net                                                      57
u_vecmul/MULT_TC_OP_1_Y_MULT_TC_OP_Y_MULT_UNS_OP1066_g1916/B               369           350            19
  --> Other violations on net                                                      57
u_vecmul/MULT_TC_OP_1_Y_MULT_TC_OP_Y_MULT_UNS_OP1066_g1922/Y               369           350            19
  --> Other violations on net                                                      57
u_mac/MULT_TC_OP_1_Y_MULT_TC_OP_Y_MULT_UNS_OP874_g1880/A1                  369           350            19
  --> Other violations on net                                                      57
u_mac/MULT_TC_OP_1_Y_MULT_TC_OP_Y_MULT_UNS_OP874_g1872/B0                  369           350            19
  --> Other violations on net                                                      57
u_mac/MULT_TC_OP_1_Y_MULT_TC_OP_Y_MULT_UNS_OP874_g1916/B                   369           350            19
  --> Other violations on net                                                      57
u_mac/MULT_TC_OP_1_Y_MULT_TC_OP_Y_MULT_UNS_OP874_g1922/Y                   369           350            19
  --> Other violations on net                                                      57
u_vecmul/MULT_TC_OP_1_Y_MULT_TC_OP_Y_MULT_UNS_OP1054_g1880/A1              369           350            19
  --> Other violations on net                                                      57
u_vecmul/MULT_TC_OP_1_Y_MULT_TC_OP_Y_MULT_UNS_OP1054_g1872/B0              369           350            19
  --> Other violations on net                                                      57
u_vecmul/MULT_TC_OP_1_Y_MULT_TC_OP_Y_MULT_UNS_OP1054_g1916/B               369           350            19
  --> Other violations on net                                                      57
u_vecmul/MULT_TC_OP_1_Y_MULT_TC_OP_Y_MULT_UNS_OP1054_g1922/Y               369           350            19
  --> Other violations on net                                                      57
g13383/B                                                                   365           350            15
  --> Other violations on net                                                      60
g13388/B                                                                   365           350            15
  --> Other violations on net                                                      60
g13386/B                                                                   365           350            15
  --> Other violations on net                                                      60
g13382/B                                                                   365           350            15
  --> Other violations on net                                                      60
drc_bufs14205/Y                                                            365           350            15
  --> Other violations on net                                                      60
g13383/C                                                                   375           350            25
  --> Other violations on net                                                      25
g13846/Y                                                                   375           350            25
  --> Other violations on net                                                      25
g13386/C                                                                   375           350            25
  --> Other violations on net                                                      25
g13843/Y                                                                   375           350            25
  --> Other violations on net                                                      25
g13387/C                                                                   375           350            25
  --> Other violations on net                                                      25
g13842/Y                                                                   375           350            25
  --> Other violations on net                                                      25
g13207/B0                                                                  355           350             5
  --> Other violations on net                                                      40
g13224/B0                                                                  355           350             5
  --> Other violations on net                                                      40
g13215/B0                                                                  355           350             5
  --> Other violations on net                                                      40
g13221/B0                                                                  355           350             5
  --> Other violations on net                                                      40
g13211/B0                                                                  355           350             5
  --> Other violations on net                                                      40
g13204/B0                                                                  355           350             5
  --> Other violations on net                                                      40
g13191/B0                                                                  355           350             5
  --> Other violations on net                                                      40
g13228/B0                                                                  355           350             5
  --> Other violations on net                                                      40
g13801/Y                                                                   355           350             5
  --> Other violations on net                                                      40
g13163/C                                                                   370           350            20
  --> Other violations on net                                                      20
g13219/Y                                                                   370           350            20
  --> Other violations on net                                                      20
u_sub/g7089/B                                                              361           350            11
  --> Other violations on net                                                      23
u_sub/g7057/B0                                                             361           350            11
  --> Other violations on net                                                      23
u_sub/g7313/Y                                                              361           350            11
  --> Other violations on net                                                      23
g13132/C                                                                   366           350            16
  --> Other violations on net                                                      16
g13187/Y                                                                   366           350            16
  --> Other violations on net                                                      16
g13131/C                                                                   366           350            16
  --> Other violations on net                                                      16
g13186/Y                                                                   366           350            16
  --> Other violations on net                                                      16
g13138/C                                                                   366           350            16
  --> Other violations on net                                                      16
g13193/Y                                                                   366           350            16
  --> Other violations on net                                                      16
g13164/C                                                                   362           350            12
  --> Other violations on net                                                      12
g13220/Y                                                                   362           350            12
  --> Other violations on net                                                      12
g13160/C                                                                   362           350            12
  --> Other violations on net                                                      12
g13216/Y                                                                   362           350            12
  --> Other violations on net                                                      12
g13156/C                                                                   362           350            12
  --> Other violations on net                                                      12
g13213/Y                                                                   362           350            12
  --> Other violations on net                                                      12
g13151/C                                                                   362           350            12
  --> Other violations on net                                                      12
g13208/Y                                                                   362           350            12
  --> Other violations on net                                                      12
g13162/C                                                                   362           350            12
  --> Other violations on net                                                      12
g13218/Y                                                                   362           350            12
  --> Other violations on net                                                      12
g13189/B0                                                                  352           350             2
  --> Other violations on net                                                      18
g13186/B0                                                                  352           350             2
  --> Other violations on net                                                      18
g13198/B0                                                                  352           350             2
  --> Other violations on net                                                      18
g13201/B0                                                                  352           350             2
  --> Other violations on net                                                      18
g13193/B0                                                                  352           350             2
  --> Other violations on net                                                      18
g13183/B0                                                                  352           350             2
  --> Other violations on net                                                      18
g13203/B0                                                                  352           350             2
  --> Other violations on net                                                      18
g13206/B0                                                                  352           350             2
  --> Other violations on net                                                      18
g13795/Y                                                                   352           350             2
  --> Other violations on net                                                      18
g13148/C                                                                   358           350             8
  --> Other violations on net                                                      8
g13204/Y                                                                   358           350             8
  --> Other violations on net                                                      8
g13130/C                                                                   358           350             8
  --> Other violations on net                                                      8
g13185/Y                                                                   358           350             8
  --> Other violations on net                                                      8
g13137/C                                                                   358           350             8
  --> Other violations on net                                                      8
g13192/Y                                                                   358           350             8
  --> Other violations on net                                                      8
g13207/C0                                                                  352           350             2
  --> Other violations on net                                                      13
g13224/C0                                                                  352           350             2
  --> Other violations on net                                                      13
g13215/C0                                                                  352           350             2
  --> Other violations on net                                                      13
g13221/C0                                                                  352           350             2
  --> Other violations on net                                                      13
g13211/C0                                                                  352           350             2
  --> Other violations on net                                                      13
g13204/C0                                                                  352           350             2
  --> Other violations on net                                                      13
g13191/C0                                                                  352           350             2
  --> Other violations on net                                                      13
g13228/C0                                                                  352           350             2
  --> Other violations on net                                                      13
g13470/Y                                                                   352           350             2
  --> Other violations on net                                                      13
g13189/C0                                                                  350           350             0
  --> Other violations on net                                                      2
g13186/C0                                                                  350           350             0
  --> Other violations on net                                                      2
g13198/C0                                                                  350           350             0
  --> Other violations on net                                                      2
g13201/C0                                                                  350           350             0
  --> Other violations on net                                                      2
g13193/C0                                                                  350           350             0
  --> Other violations on net                                                      2
g13183/C0                                                                  350           350             0
  --> Other violations on net                                                      2
g13203/C0                                                                  350           350             0
  --> Other violations on net                                                      2
g13206/C0                                                                  350           350             0
  --> Other violations on net                                                      2
g13475/Y                                                                   350           350             0
  --> Other violations on net                                                      2


Max_capacitance design rule: no violations.


Max_fanout design rule (violation total = 11.000)
Pin                                   Fanout           Max     Violation
--------------------------------------------------------------------------
g9997_0/Y                             20.000        16.000         4.000
g9997_0/Y                             20.000        16.000         4.000
g9997_0/Y                             20.000        16.000         4.000
g9997_0/Y                             20.000        16.000         4.000
g9997_0/Y                             20.000        16.000         4.000
g9997_0/Y                             20.000        16.000         4.000
g9997_0/Y                             20.000        16.000         4.000
g9997_0/Y                             20.000        16.000         4.000
g9997_0/Y                             20.000        16.000         4.000
g9997_0/Y                             20.000        16.000         4.000
g9997_0/Y                             20.000        16.000         4.000
g9997_0/Y                             20.000        16.000         4.000
g9997_0/Y                             20.000        16.000         4.000
g9997_0/Y                             20.000        16.000         4.000
g9997_0/Y                             20.000        16.000         4.000
g9997_0/Y                             20.000        16.000         4.000
g9997_0/Y                             20.000        16.000         4.000
g9997_0/Y                             20.000        16.000         4.000
g9997_0/Y                             20.000        16.000         4.000
g9997_0/Y                             20.000        16.000         4.000
g9997_0/Y                             20.000        16.000         4.000
g10152/Y                              20.000        16.000         4.000
g10152/Y                              20.000        16.000         4.000
g10152/Y                              20.000        16.000         4.000
g10152/Y                              20.000        16.000         4.000
g10152/Y                              20.000        16.000         4.000
g10152/Y                              20.000        16.000         4.000
g10152/Y                              20.000        16.000         4.000
g10152/Y                              20.000        16.000         4.000
g10152/Y                              20.000        16.000         4.000
g10152/Y                              20.000        16.000         4.000
g10152/Y                              20.000        16.000         4.000
g10152/Y                              20.000        16.000         4.000
g10152/Y                              20.000        16.000         4.000
g10152/Y                              20.000        16.000         4.000
g10152/Y                              20.000        16.000         4.000
g10152/Y                              20.000        16.000         4.000
g10152/Y                              20.000        16.000         4.000
g10152/Y                              20.000        16.000         4.000
g10152/Y                              20.000        16.000         4.000
g10152/Y                              20.000        16.000         4.000
g10152/Y                              20.000        16.000         4.000
u_backbone/u_pre_ln/g5761/Y           19.000        16.000         3.000
u_backbone/u_pre_ln/g5761/Y           19.000        16.000         3.000
u_backbone/u_pre_ln/g5761/Y           19.000        16.000         3.000
u_backbone/u_pre_ln/g5761/Y           19.000        16.000         3.000
u_backbone/u_pre_ln/g5761/Y           19.000        16.000         3.000
u_backbone/u_pre_ln/g5761/Y           19.000        16.000         3.000
u_backbone/u_pre_ln/g5761/Y           19.000        16.000         3.000
u_backbone/u_pre_ln/g5761/Y           19.000        16.000         3.000
u_backbone/u_pre_ln/g5761/Y           19.000        16.000         3.000
u_backbone/u_pre_ln/g5761/Y           19.000        16.000         3.000
u_backbone/u_pre_ln/g5761/Y           19.000        16.000         3.000
u_backbone/u_pre_ln/g5761/Y           19.000        16.000         3.000
u_backbone/u_pre_ln/g5761/Y           19.000        16.000         3.000
u_backbone/u_pre_ln/g5761/Y           19.000        16.000         3.000
u_backbone/u_pre_ln/g5761/Y           19.000        16.000         3.000
u_backbone/u_pre_ln/g5761/Y           19.000        16.000         3.000
u_backbone/u_pre_ln/g5761/Y           19.000        16.000         3.000
u_backbone/u_pre_ln/g5761/Y           19.000        16.000         3.000
u_backbone/u_pre_ln/g5761/Y           19.000        16.000         3.000
u_backbone/u_pre_ln/g5761/Y           19.000        16.000         3.000



