============================================================
  Generated by:           Genus(TM) Synthesis Solution 25.12-s067_1
  Generated on:           Sep 23 2026  01:45:38 am
  Module:                 tr_nonlinear_vpu
  Operating conditions:   ss_typical_max_0p90v_125c (balanced_tree)
  Wireload mode:          top
  Area mode:              timing library
============================================================

            Instance                                          Module                              Cell-Count  Cell-Area  Net-Area   Total-Area  Wireload  
----------------------------------------------------------------------------------------------------------------------------------------------------------
tr_nonlinear_vpu                 NA                                                                    14607  55607.760     0.000    55607.760 Small (D)  
  u_alpha                        alpha_stabilizer_N8_W8_FRAC_W4                                         1735   7887.960     0.000     7887.960 Small (T)  
  u_backbone                     tr_backbone_wrapper_N8_WIDTH_IN16_WIDTH_OUT8_FRAC_W4_LUT_IDX_W3        3001  11926.800     0.000    11926.800 Small (T)  
    gen_tr_exp_lanes[0].u_tr_exp tr_exp_alu_WIDTH8_FRAC_W4_LUT_IDX_W3_ITER2                               22     58.320     0.000       58.320 Small (T)  
      u_quad                     quadratic_divider_WIDTH8_FRAC_W4                                          6     14.040     0.000       14.040 Small (T)  
      u_round                    round_WIDTH8_FRAC_W4_LUT_IDX_W3                                          10     22.680     0.000       22.680 Small (T)  
    gen_tr_exp_lanes[1].u_tr_exp tr_exp_alu_WIDTH8_FRAC_W4_LUT_IDX_W3_ITER2_438                           22     57.240     0.000       57.240 Small (T)  
      u_quad                     quadratic_divider_WIDTH8_FRAC_W4_4843                                     6     14.040     0.000       14.040 Small (T)  
      u_round                    round_WIDTH8_FRAC_W4_LUT_IDX_W3_431                                      10     22.680     0.000       22.680 Small (T)  
    gen_tr_exp_lanes[2].u_tr_exp tr_exp_alu_WIDTH8_FRAC_W4_LUT_IDX_W3_ITER2_437                           22     57.240     0.000       57.240 Small (T)  
      u_quad                     quadratic_divider_WIDTH8_FRAC_W4_4842                                     6     14.040     0.000       14.040 Small (T)  
      u_round                    round_WIDTH8_FRAC_W4_LUT_IDX_W3_430                                      10     22.680     0.000       22.680 Small (T)  
    gen_tr_exp_lanes[3].u_tr_exp tr_exp_alu_WIDTH8_FRAC_W4_LUT_IDX_W3_ITER2_436                           22     57.240     0.000       57.240 Small (T)  
      u_quad                     quadratic_divider_WIDTH8_FRAC_W4_4841                                     6     14.040     0.000       14.040 Small (T)  
      u_round                    round_WIDTH8_FRAC_W4_LUT_IDX_W3_429                                      10     22.680     0.000       22.680 Small (T)  
    gen_tr_exp_lanes[4].u_tr_exp tr_exp_alu_WIDTH8_FRAC_W4_LUT_IDX_W3_ITER2_435                           22     57.240     0.000       57.240 Small (T)  
      u_quad                     quadratic_divider_WIDTH8_FRAC_W4_4840                                     6     14.040     0.000       14.040 Small (T)  
      u_round                    round_WIDTH8_FRAC_W4_LUT_IDX_W3_428                                      10     22.680     0.000       22.680 Small (T)  
    gen_tr_exp_lanes[5].u_tr_exp tr_exp_alu_WIDTH8_FRAC_W4_LUT_IDX_W3_ITER2_434                           22     57.240     0.000       57.240 Small (T)  
      u_quad                     quadratic_divider_WIDTH8_FRAC_W4_4839                                     6     14.040     0.000       14.040 Small (T)  
      u_round                    round_WIDTH8_FRAC_W4_LUT_IDX_W3_427                                      10     22.680     0.000       22.680 Small (T)  
    gen_tr_exp_lanes[6].u_tr_exp tr_exp_alu_WIDTH8_FRAC_W4_LUT_IDX_W3_ITER2_433                           22     57.240     0.000       57.240 Small (T)  
      u_quad                     quadratic_divider_WIDTH8_FRAC_W4_4838                                     6     14.040     0.000       14.040 Small (T)  
      u_round                    round_WIDTH8_FRAC_W4_LUT_IDX_W3_426                                      10     22.680     0.000       22.680 Small (T)  
    gen_tr_exp_lanes[7].u_tr_exp tr_exp_alu_WIDTH8_FRAC_W4_LUT_IDX_W3_ITER2_432                           22     57.240     0.000       57.240 Small (T)  
      u_quad                     quadratic_divider_WIDTH8_FRAC_W4_4837                                     6     14.040     0.000       14.040 Small (T)  
      u_round                    round_WIDTH8_FRAC_W4_LUT_IDX_W3_425                                      10     22.680     0.000       22.680 Small (T)  
    gen_tr_lanes[0].u_tr_ln      tr_ln_alu_WIDTH16_BITS4_OUT_WIDTH8                                      190    731.160     0.000      731.160 Small (T)  
    gen_tr_lanes[1].u_tr_ln      tr_ln_alu_WIDTH16_BITS4_OUT_WIDTH8_445                                  204    794.160     0.000      794.160 Small (T)  
    gen_tr_lanes[2].u_tr_ln      tr_ln_alu_WIDTH16_BITS4_OUT_WIDTH8_444                                  198    738.360     0.000      738.360 Small (T)  
    gen_tr_lanes[3].u_tr_ln      tr_ln_alu_WIDTH16_BITS4_OUT_WIDTH8_443                                  197    761.040     0.000      761.040 Small (T)  
    gen_tr_lanes[4].u_tr_ln      tr_ln_alu_WIDTH16_BITS4_OUT_WIDTH8_442                                  191    730.080     0.000      730.080 Small (T)  
    gen_tr_lanes[5].u_tr_ln      tr_ln_alu_WIDTH16_BITS4_OUT_WIDTH8_441                                  195    763.560     0.000      763.560 Small (T)  
    gen_tr_lanes[6].u_tr_ln      tr_ln_alu_WIDTH16_BITS4_OUT_WIDTH8_440                                  188    761.760     0.000      761.760 Small (T)  
    gen_tr_lanes[7].u_tr_ln      tr_ln_alu_WIDTH16_BITS4_OUT_WIDTH8_439                                  190    728.280     0.000      728.280 Small (T)  
    u_post_ln                    post_ln_modifier_N8_W8                                                  443   1265.400     0.000     1265.400 Small (T)  
    u_pre_ln                     pre_ln_modifier_N8_WIDTH_IN16_FRAC_W4                                   354   1546.200     0.000     1546.200 Small (T)  
  u_mac                          mac_array_engine_N8_W8_ACC_W32                                         3834  14445.360     0.000    14445.360 Small (T)  
  u_max                          piped_max_NUM_INPUTS8_DATA_WIDTH8                                       205    930.240     0.000      930.240 Small (T)  
  u_rom                          shared_lut_rom_N8_LUT_IDX_W3                                             60    118.800     0.000      118.800 Small (T)  
  u_sub                          scalar_sub_NUM_INPUTS8_DATA_WIDTH8                                      385   1132.920     0.000     1132.920 Small (T)  
  u_sym                          symmetry_modifier_N8_WIDTH_X8_WIDTH_Y8_FRAC_W4                          181    421.200     0.000      421.200 Small (T)  
  u_vecmul                       vec_mul_array_engine_N8_W8_ACC_W32                                     3392  13383.360     0.000    13383.360 Small (T)  
  (D) = wireload is default in technology library
  (T) = wireload mode is 'top'
