============================================================
  Generated by:           Genus(TM) Synthesis Solution 25.12-s067_1
  Generated on:           May 25 2026  08:31:58 pm
  Module:                 tr_swiglu
  Operating conditions:   ss_typical_max_0p90v_125c (balanced_tree)
  Wireload mode:          top
  Area mode:              timing library
============================================================


Path 1: VIOLATED (-312 ps) Setup Check with Pin s1_exp_in_reg[7][6]/CK->D
          Group: in2reg
     Startpoint: (F) x_in[7][4]
          Clock: (R) clk
       Endpoint: (F) s1_exp_in_reg[7][6]/D
          Clock: (R) clk

                     Capture       Launch     
        Clock Edge:+    3300            0     
        Drv Adjust:+       0           39     
       Src Latency:+       0            0     
       Net Latency:+       0 (I)        0 (I) 
           Arrival:=    3300           39     
                                              
             Setup:-     154                  
       Uncertainty:-     125                  
     Required Time:=    3021                  
      Launch Clock:-      39                  
       Input Delay:-     990                  
         Data Path:-    2304                  
             Slack:=    -312                  

Exceptions/Constraints:
  input_delay             990             dut.sdc_line_15_7_1   

#------------------------------------------------------------------------------------------------------------------
#                  Timing Point                   Flags   Arc   Edge       Cell         Fanout Trans Delay Arrival 
#                                                                                               (ps)  (ps)   (ps)  
#------------------------------------------------------------------------------------------------------------------
  x_in[7][4]                                      -       -     F     (arrival)              4    82     0    1029 
  u_pre_ln/g1339/Y                                -       B->Y  R     NAND2_X6M_A9TL         3   103    97    1126 
  u_pre_ln/g1307/Y                                -       S0->Y F     MXT2_X6M_A9TL          4    82   173    1299 
  gen_ln[7].u_ln/g1291/Y                          -       CN->Y F     NAND3XXB_X4M_A9TL      2    90   156    1455 
  gen_ln[7].u_ln/g1285/Y                          -       A->Y  R     INV_X3M_A9TL           2    90    86    1542 
  gen_ln[7].u_ln/g1262/Y                          -       A0->Y F     AOI2XB1_X8M_A9TL       1    65    63    1604 
  gen_ln[7].u_ln/g1240/Y                          -       A->Y  R     NAND3_X6M_A9TL         2   132    94    1698 
  gen_ln[7].u_ln/fopt1434/Y                       -       A->Y  R     BUFH_X9M_A9TL          3    52    95    1793 
  gen_ln[7].u_ln/csa_tree_add_62_55_groupi_g918/Y -       A->Y  F     NAND2_X4M_A9TL         2    74    64    1857 
  gen_ln[7].u_ln/csa_tree_add_62_55_groupi_g906/Y -       B->Y  R     NAND2_X6M_A9TL         2    68    74    1932 
  gen_ln[7].u_ln/csa_tree_add_62_55_groupi_g891/Y -       A0->Y F     AOI2XB1_X4M_A9TL       1    67    67    1999 
  gen_ln[7].u_ln/csa_tree_add_62_55_groupi_g886/Y -       A0->Y R     AOI2XB1_X4M_A9TL       1   134   117    2116 
  gen_ln[7].u_ln/csa_tree_add_62_55_groupi_g869/Y -       A0->Y F     OAI21_X8M_A9TL         2    66    79    2195 
  gen_ln[7].u_ln/csa_tree_add_62_55_groupi_g865/Y -       A->Y  R     NAND2XB_X8M_A9TL       1    65    59    2253 
  gen_ln[7].u_ln/csa_tree_add_62_55_groupi_g853/Y -       A->Y  F     NAND2_X8A_A9TL         3    76    65    2318 
  gen_ln[7].u_ln/csa_tree_add_62_55_groupi_g848/Y -       A->Y  R     INV_X7P5M_A9TL         3    52    56    2374 
  gen_ln[7].u_ln/csa_tree_add_62_55_groupi_g840/Y -       B->Y  F     MXIT2_X3M_A9TL         1    74    64    2439 
  gen_ln[7].u_ln/g672/Y                           -       A->Y  F     AND2_X8M_A9TL          2    40   105    2543 
  g6734/Y                                         -       A->Y  R     NAND2_X6M_A9TL         3   131    84    2627 
  g6505/Y                                         -       A->Y  F     INV_X13M_A9TL          3    45    47    2674 
  g6431/Y                                         -       A->Y  F     AND3_X11M_A9TL         5    52   108    2782 
  g6423/Y                                         -       BN->Y F     NOR2XB_X8M_A9TL        3    64   125    2906 
  g6320/Y                                         -       A->Y  R     NOR2_X4M_A9TL          2   133   102    3009 
  u_post_ln/g2670/Y                               -       B->Y  F     NOR2_X8A_A9TL          2    56    68    3076 
  u_post_ln/g2649/Y                               -       B->Y  R     NAND2_X6M_A9TL         3    81    76    3153 
  u_post_ln/g2613/Y                               -       A->Y  F     NAND2_X2A_A9TL         1    71    66    3218 
  u_post_ln/g2606/Y                               -       BN->Y F     NOR2XB_X6M_A9TL        1    40   115    3333 
  s1_exp_in_reg[7][6]/D                           -       -     F     SDFFRPQ_X2M_A9TL       1     -     0    3333 
#------------------------------------------------------------------------------------------------------------------

