============================================================
  Generated by:           Genus(TM) Synthesis Solution 25.12-s067_1
  Generated on:           May 25 2026  08:31:58 pm
  Module:                 tr_swiglu
  Operating conditions:   ss_typical_max_0p90v_125c (balanced_tree)
  Wireload mode:          top
  Area mode:              timing library
============================================================


Path 1: MET (92 ps) Setup Check with Pin u_vec_mul/prod_reg_reg[7][14]/CK->D
          Group: reg2reg
     Startpoint: (R) u_vec_mul/mode1_op_reg[1]/CK
          Clock: (R) clk
       Endpoint: (R) u_vec_mul/prod_reg_reg[7][14]/D
          Clock: (R) clk

                     Capture       Launch     
        Clock Edge:+    3300            0     
       Src Latency:+       0            0     
       Net Latency:+       0 (I)        0 (I) 
           Arrival:=    3300            0     
                                              
             Setup:-     106                  
       Uncertainty:-     125                  
     Required Time:=    3069                  
      Launch Clock:-       0                  
         Data Path:-    2976                  
             Slack:=      92                  

#-------------------------------------------------------------------------------------------------------------------------------
#                        Timing Point                         Flags    Arc    Edge       Cell        Fanout Trans Delay Arrival 
#                                                                                                            (ps)  (ps)   (ps)  
#-------------------------------------------------------------------------------------------------------------------------------
  u_vec_mul/mode1_op_reg[1]/CK                                -       -       R     (arrival)           467     0     0       0 
  u_vec_mul/mode1_op_reg[1]/Q                                 -       CK->Q   R     A2DFFQ_X1M_A9TL       1   126   300     300 
  u_vec_mul/g3477/Y                                           -       A->Y    F     INV_X4M_A9TL          2    62    68     368 
  u_vec_mul/g3475/Y                                           -       A->Y    F     AND2_X11M_A9TL        8    67   122     490 
  u_vec_mul/g3469/Y                                           -       B->Y    F     AND2_X8M_A9TL         9    61   128     618 
  u_vec_mul/g6209/Y                                           -       A->Y    R     INV_X2M_A9TL          5   207   142     760 
  u_vec_mul/MULT_TC_OP_1_Y_MULT_TC_OP_Y_MULT_UNS_OP_g4771/Y   -       A->Y    F     NOR2XB_X4M_A9TL       2    90   100     860 
  u_vec_mul/MULT_TC_OP_1_Y_MULT_TC_OP_Y_MULT_UNS_OP_g4704/Y   -       B->Y    F     XOR3_X1P4M_A9TL       2   115   296    1156 
  u_vec_mul/MULT_TC_OP_1_Y_MULT_TC_OP_Y_MULT_UNS_OP_g4661/CO  -       A->CO   F     CGEN_X2M_A9TL         2    89   224    1380 
  u_vec_mul/MULT_TC_OP_1_Y_MULT_TC_OP_Y_MULT_UNS_OP_g4927/Y   -       A->Y    R     XOR2_X1M_A9TL         1   220   122    1502 
  u_vec_mul/MULT_TC_OP_1_Y_MULT_TC_OP_Y_MULT_UNS_OP_g4623/Y   -       A->Y    R     XOR2_X0P7M_A9TL       1   250   172    1674 
  u_vec_mul/MULT_TC_OP_1_Y_MULT_TC_OP_Y_MULT_UNS_OP_g4578/SUM -       CI->SUM F     ADDFH_X2M_A9TL        2    90   300    1974 
  u_vec_mul/MULT_TC_OP_1_Y_MULT_TC_OP_Y_MULT_UNS_OP_g4577/Y   -       B->Y    R     NAND2_X2B_A9TL        3    92    88    2063 
  u_vec_mul/MULT_TC_OP_1_Y_MULT_TC_OP_Y_MULT_UNS_OP_g4567/Y   -       B->Y    F     NAND2_X1M_A9TL        2   133   104    2167 
  u_vec_mul/MULT_TC_OP_1_Y_MULT_TC_OP_Y_MULT_UNS_OP_g4561/Y   -       A->Y    F     OR2_X0P5M_A9TL        2   144   206    2373 
  u_vec_mul/MULT_TC_OP_1_Y_MULT_TC_OP_Y_MULT_UNS_OP_g4556/Y   -       A->Y    R     NAND2_X1M_A9TL        3   232   187    2559 
  u_vec_mul/MULT_TC_OP_1_Y_MULT_TC_OP_Y_MULT_UNS_OP_g2/Y      -       A1N->Y  R     OAI2XB1_X1M_A9TL      1   204   256    2816 
  u_vec_mul/MULT_TC_OP_1_Y_MULT_TC_OP_Y_MULT_UNS_OP_g4548/Y   -       A->Y    R     XOR2_X0P7M_A9TL       1   234   161    2976 
  u_vec_mul/prod_reg_reg[7][14]/D                             -       -       R     DFFQ_X1M_A9TL         1     -     0    2976 
#-------------------------------------------------------------------------------------------------------------------------------

