============================================================
  Generated by:           Genus(TM) Synthesis Solution 25.12-s067_1
  Generated on:           Mar 26 2026  02:03:05 pm
  Module:                 tr_softmax
  Operating conditions:   ss_typical_max_0p90v_125c (balanced_tree)
  Wireload mode:          top
  Area mode:              timing library
============================================================


Path 1: VIOLATED (-1727 ps) Late External Delay Assertion at pin out_inv_S[7]
          Group: reg2out
     Startpoint: (R) dsp_mac/out_dot_reg[12]/CK
          Clock: (R) clk
       Endpoint: (R) out_inv_S[7]
          Clock: (R) clk

                     Capture       Launch     
        Clock Edge:+    3000            0     
       Src Latency:+       0            0     
       Net Latency:+       0 (I)        0 (I) 
           Arrival:=    3000            0     
                                              
      Output Delay:-     900                  
       Uncertainty:-     125                  
     Required Time:=    1975                  
      Launch Clock:-       0                  
         Data Path:-    3702                  
             Slack:=   -1727                  

Exceptions/Constraints:
  output_delay             900             tr_softmax.sdc_line_18_234_1   

#------------------------------------------------------------------------------------------------------------------------
#                     Timing Point                      Flags   Arc   Edge       Cell         Fanout Trans Delay Arrival 
#                                                                                                     (ps)  (ps)   (ps)  
#------------------------------------------------------------------------------------------------------------------------
  dsp_mac/out_dot_reg[12]/CK                            -       -     R     (arrival)             17     0     0       0 
  dsp_mac/out_dot_reg[12]/Q                             -       CK->Q R     A2DFFQ_X4M_A9TL        3    80   254     254 
  g154/Y                                                -       A->Y  R     OR2_X6M_A9TL           1    46   100     354 
  g141/Y                                                -       A->Y  F     NOR2_X8B_A9TL          1    57    52     406 
  g139/Y                                                -       A->Y  R     NAND2_X6M_A9TL         1    66    59     465 
  g138/Y                                                -       A->Y  F     NAND2XB_X8M_A9TL       6    98    79     544 
  gen_tr_recip.u_reciprocal/u_ln/g2697/Y                -       A0->Y R     AOI21_X6M_A9TL         2   101   107     652 
  gen_tr_recip.u_reciprocal/u_ln/g2694/Y                -       A->Y  F     INV_X4M_A9TL           1    48    53     705 
  gen_tr_recip.u_reciprocal/u_ln/g2690/Y                -       A0->Y R     AOI2XB1_X8M_A9TL       1    84    79     784 
  gen_tr_recip.u_reciprocal/u_ln/g2686/Y                -       A->Y  F     NAND2_X8M_A9TL         4    75    71     855 
  gen_tr_recip.u_reciprocal/u_ln/const_mul_42_27_g464/Y -       S0->Y F     MXIT2_X3M_A9TL         1    83    94     949 
  gen_tr_recip.u_reciprocal/u_ln/const_mul_42_27_g453/Y -       S0->Y F     MXIT2_X4M_A9TL         2   111   115    1064 
  gen_tr_recip.u_reciprocal/u_ln/const_mul_42_27_g434/Y -       A->Y  R     NAND2_X8M_A9TL         4   106   103    1166 
  gen_tr_recip.u_reciprocal/u_ln/const_mul_42_27_g421/Y -       B->Y  F     NAND2_X8A_A9TL         1    58    65    1232 
  gen_tr_recip.u_reciprocal/u_ln/const_mul_42_27_g404/Y -       A->Y  R     NAND2XB_X8M_A9TL       2    86    68    1300 
  gen_tr_recip.u_reciprocal/u_ln/const_mul_42_27_g403/Y -       A->Y  F     INV_X7P5M_A9TL         2    34    38    1338 
  gen_tr_recip.u_reciprocal/u_ln/const_mul_42_27_g499/Y -       A1->Y F     AO21B_X6M_A9TL         1    66   105    1444 
  gen_tr_recip.u_reciprocal/u_ln/const_mul_42_27_g383/Y -       A->Y  R     NAND2XB_X6M_A9TL       1    68    60    1504 
  gen_tr_recip.u_reciprocal/u_ln/const_mul_42_27_g381/Y -       S0->Y R     MXIT2_X4M_A9TL         3   195   115    1618 
  gen_tr_recip.u_reciprocal/fopt1483/Y                  -       A->Y  F     INV_X5M_A9TL           1    63    63    1681 
  gen_tr_recip.u_reciprocal/g386/Y                      -       A->Y  R     NAND2_X8M_A9TL         3    77    70    1751 
  gen_tr_recip.u_reciprocal/g381/Y                      -       A->Y  F     NOR2XB_X6M_A9TL        2    79    68    1819 
  gen_tr_recip.u_reciprocal/g380/Y                      -       B->Y  R     NOR2B_X8M_A9TL         2    87    91    1910 
  gen_tr_recip.u_reciprocal/u_exp/u_round/g225/Y        -       A->Y  R     AND2_X11M_A9TL         3    47    99    2009 
  gen_tr_recip.u_reciprocal/u_exp/u_round/g223/Y        -       A->Y  F     NAND2_X2A_A9TL         1    96    75    2084 
  gen_tr_recip.u_reciprocal/u_exp/u_round/g214/Y        -       A->Y  R     NAND2XB_X6M_A9TL       1    78    74    2158 
  gen_tr_recip.u_reciprocal/u_exp/u_round/g213/Y        -       B->Y  F     NAND2_X8M_A9TL         3    65    68    2226 
  gen_tr_recip.u_reciprocal/u_exp/fopt2/Y               -       A->Y  R     INV_X9M_A9TL           3    44    49    2275 
  gen_tr_recip.u_reciprocal/u_exp/g287/Y                -       A->Y  F     NAND2_X6M_A9TL         1    47    43    2319 
  gen_tr_recip.u_reciprocal/u_exp/g281/Y                -       B->Y  R     NAND2_X8B_A9TL         2    49    51    2370 
  gen_tr_recip.u_reciprocal/u_exp/g275/Y                -       B->Y  R     AND2_X11M_A9TL         6    84   122    2492 
  gen_tr_recip.u_reciprocal/mul_96_30_g1459/Y           -       A->Y  F     NAND2_X6A_A9TL         3    73    65    2557 
  gen_tr_recip.u_reciprocal/mul_96_30_g1387/CO          -       A->CO F     CGEN_X2M_A9TL          2   103   219    2776 
  gen_tr_recip.u_reciprocal/mul_96_30_g1353/Y           -       S0->Y R     MXIT2_X4M_A9TL         2   162   110    2886 
  gen_tr_recip.u_reciprocal/mul_96_30_g1343/Y           -       A->Y  F     INV_X4M_A9TL           2    57    60    2945 
  gen_tr_recip.u_reciprocal/mul_96_30_g1338/Y           -       B->Y  R     MXIT2_X3M_A9TL         2   171   107    3052 
  gen_tr_recip.u_reciprocal/mul_96_30_g1310/Y           -       A->Y  R     AND2_X4M_A9TL          2    60   131    3183 
  gen_tr_recip.u_reciprocal/mul_96_30_g1280/Y           -       CN->Y R     NAND3XXB_X4M_A9TL      1   111   140    3323 
  gen_tr_recip.u_reciprocal/mul_96_30_g1274/Y           -       C->Y  F     NAND3_X6M_A9TL         4   106   107    3430 
  gen_tr_recip.u_reciprocal/mul_96_30_g1272/Y           -       A->Y  R     NAND2_X6M_A9TL         1    62    69    3498 
  gen_tr_recip.u_reciprocal/mul_96_30_g1270/Y           -       A->Y  F     NAND2XB_X6M_A9TL       1    46    45    3544 
  gen_tr_recip.u_reciprocal/mul_96_30_g1265/Y           -       A0->Y R     AOI21_X6M_A9TL         1    84    76    3619 
  gen_tr_recip.u_reciprocal/mul_96_30_g1264/Y           -       A->Y  R     XNOR2_X3M_A9TL         1   176    83    3702 
  out_inv_S[7]                                          -       -     R     (port)                 -     -     0    3702 
#------------------------------------------------------------------------------------------------------------------------

