============================================================
  Generated by:           Genus(TM) Synthesis Solution 25.12-s067_1
  Generated on:           Mar 26 2026  02:03:05 pm
  Module:                 tr_softmax
  Operating conditions:   ss_typical_max_0p90v_125c (balanced_tree)
  Wireload mode:          top
  Area mode:              timing library
============================================================


Path 1: MET (96 ps) Setup Check with Pin dsp_mac/vec_sum_reg_reg[11]/CK->B
          Group: reg2reg
     Startpoint: (R) dsp_mac/prod_reg_reg[1][1]/CK
          Clock: (R) clk
       Endpoint: (R) dsp_mac/vec_sum_reg_reg[11]/B
          Clock: (R) clk

                     Capture       Launch     
        Clock Edge:+    3000            0     
       Src Latency:+       0            0     
       Net Latency:+       0 (I)        0 (I) 
           Arrival:=    3000            0     
                                              
             Setup:-     256                  
       Uncertainty:-     125                  
     Required Time:=    2619                  
      Launch Clock:-       0                  
         Data Path:-    2523                  
             Slack:=      96                  

#-----------------------------------------------------------------------------------------------------------------------
#                    Timing Point                     Flags    Arc   Edge       Cell         Fanout Trans Delay Arrival 
#                                                                                                    (ps)  (ps)   (ps)  
#-----------------------------------------------------------------------------------------------------------------------
  dsp_mac/prod_reg_reg[1][1]/CK                       -       -      R     (arrival)            208     0     0       0 
  dsp_mac/prod_reg_reg[1][1]/Q                        -       CK->Q  R     DFFQ_X1M_A9TL          2   192   320     320 
  dsp_mac/csa_tree_ADD_TC_OP_6_groupi_g4247__6783/CO  -       A->CO  R     CGEN_X1M_A9TR          2   204   311     632 
  dsp_mac/g4323/CO                                    -       CI->CO R     CGEN_X1M_A9TL          2   130   206     838 
  dsp_mac/g4319/CO                                    -       A->CO  R     CGENCIN_X1M_A9TL       1   246   286    1124 
  dsp_mac/csa_tree_ADD_TC_OP_6_groupi_g4052__6417/SUM -       B->SUM R     ADDFH_X2M_A9TL         2    95   327    1451 
  dsp_mac/csa_tree_ADD_TC_OP_6_groupi_g4048__2883/Y   -       B->Y   F     NAND2_X2A_A9TL         3   116    98    1549 
  dsp_mac/csa_tree_ADD_TC_OP_6_groupi_g4008__6131/Y   -       A0->Y  R     OAI21_X1P4M_A9TL       2   190   160    1709 
  dsp_mac/csa_tree_ADD_TC_OP_6_groupi_g3996__4319/Y   -       B1->Y  R     AO1B2_X2M_A9TL         1    77   172    1882 
  dsp_mac/csa_tree_ADD_TC_OP_6_groupi_g3990__7410/Y   -       B0->Y  F     AOI21_X3M_A9TL         5   154    96    1978 
  dsp_mac/csa_tree_ADD_TC_OP_6_groupi_g3989/Y         -       A->Y   R     INV_X3M_A9TL           4    96   104    2082 
  dsp_mac/csa_tree_ADD_TC_OP_6_groupi_g3977__1881/Y   -       A1->Y  F     AOI21_X1M_A9TL         1   144   104    2186 
  dsp_mac/csa_tree_ADD_TC_OP_6_groupi_g3969__3680/Y   -       A1->Y  R     OAI21_X1M_A9TL         1   200   184    2370 
  dsp_mac/csa_tree_ADD_TC_OP_6_groupi_g3964__6260/Y   -       A->Y   R     XNOR2_X0P7M_A9TL       1   218   152    2523 
  dsp_mac/vec_sum_reg_reg[11]/B                       -       -      R     A2DFFQ_X0P5M_A9TR      1     -     0    2523 
#-----------------------------------------------------------------------------------------------------------------------

