============================================================
  Generated by:           Genus(TM) Synthesis Solution 25.12-s067_1
  Generated on:           Apr 09 2026  12:19:14 pm
  Module:                 tr_gelu
  Operating conditions:   ss_typical_max_0p90v_125c (balanced_tree)
  Wireload mode:          top
  Area mode:              timing library
============================================================


Path 1: MET (1641 ps) Late External Delay Assertion at pin gelu_out[0]
          Group: reg2out
     Startpoint: (R) gelu_out_reg[0]/clk
          Clock: (R) clk
       Endpoint: (R) gelu_out[0]
          Clock: (R) clk

                     Capture       Launch     
        Clock Edge:+    3000            0     
       Src Latency:+       0            0     
       Net Latency:+       0 (I)        0 (I) 
           Arrival:=    3000            0     
                                              
      Output Delay:-     900                  
       Uncertainty:-     125                  
     Required Time:=    1975                  
      Launch Clock:-       0                  
         Data Path:-     334                  
             Slack:=    1641                  

Exceptions/Constraints:
  output_delay             900             tr_gelu.sdc_line_18_16_1   

#-------------------------------------------------------------------------------------
#    Timing Point     Flags    Arc   Edge      Cell        Fanout Trans Delay Arrival 
#                                                                  (ps)  (ps)   (ps)  
#-------------------------------------------------------------------------------------
  gelu_out_reg[0]/clk -       -      R     (arrival)          103     0     0       0 
  gelu_out_reg[0]/q   (u)     clk->q R     unmapped_d_flop      1     0   334     334 
  gelu_out[0]         -       -      R     (port)               -     -     0     334 
#-------------------------------------------------------------------------------------

(u) : Net has unmapped pin(s).

