============================================================
  Generated by:           Genus(TM) Synthesis Solution 25.12-s067_1
  Generated on:           Apr 12 2026  10:08:55 pm
  Module:                 transformer_core_top
  Operating conditions:   ss_typical_max_0p90v_125c (balanced_tree)
  Wireload mode:          top
  Area mode:              timing library
============================================================

         Instance                              Module                     Cell-Count  Cell-Area  Net-Area   Total-Area  Wireload  
----------------------------------------------------------------------------------------------------------------------------------
transformer_core_top       NA                                                  11595  47650.320     0.000    47650.320 Small (D)  
  u_ctrl                   transformer_core_ctrl_MAX_LATENCY2                     92    334.800     0.000      334.800 Small (T)  
  u_datapath               transformer_core_datapath_N8_W8_ACC_W32_FRAC4       11503  47315.520     0.000    47315.520 Small (T)  
    u_alpha_stab           alpha_stabilizer_N8_W8                               1288   4172.400     0.000     4172.400 Small (T)  
    u_mac_engine           vec_mul_N8_W8_ACC_W32                                4144  15629.400     0.000    15629.400 Small (T)  
    u_piped_max            piped_max_NUM_INPUTS8_DATA_WIDTH8                     186    839.880     0.000      839.880 Small (T)  
    u_scalar_sub           scalar_sub_NUM_INPUTS8_DATA_WIDTH8                    457   1972.800     0.000     1972.800 Small (T)  
    u_tr_array             tr_hetero_array_N8                                   2382   9630.720     0.000     9630.720 Small (T)  
      GEN_LANES[1].u_exp_i tr_exp_alu_WIDTH8_FRAC_W4_LUT_IDX_W3_525               21     51.840     0.000       51.840 Small (T)  
        u_quad             quadratic_divider_WIDTH8_FRAC_W4_3625                   4      9.360     0.000        9.360 Small (T)  
        u_round            round_WIDTH8_FRAC_W4_LUT_IDX_W3_518                    11     21.960     0.000       21.960 Small (T)  
      GEN_LANES[1].u_ln_i  tr_ln_WIDTH8_BITS4_OUT_WIDTH8_532                      96    441.720     0.000      441.720 Small (T)  
      GEN_LANES[2].u_exp_i tr_exp_alu_WIDTH8_FRAC_W4_LUT_IDX_W3_524               21     51.840     0.000       51.840 Small (T)  
        u_quad             quadratic_divider_WIDTH8_FRAC_W4_3624                   4      9.360     0.000        9.360 Small (T)  
        u_round            round_WIDTH8_FRAC_W4_LUT_IDX_W3_517                    11     21.960     0.000       21.960 Small (T)  
      GEN_LANES[2].u_ln_i  tr_ln_WIDTH8_BITS4_OUT_WIDTH8_531                     105    463.680     0.000      463.680 Small (T)  
      GEN_LANES[3].u_exp_i tr_exp_alu_WIDTH8_FRAC_W4_LUT_IDX_W3_523               21     51.840     0.000       51.840 Small (T)  
        u_quad             quadratic_divider_WIDTH8_FRAC_W4_3623                   4      9.360     0.000        9.360 Small (T)  
        u_round            round_WIDTH8_FRAC_W4_LUT_IDX_W3_516                    11     21.960     0.000       21.960 Small (T)  
      GEN_LANES[3].u_ln_i  tr_ln_WIDTH8_BITS4_OUT_WIDTH8_530                     100    555.120     0.000      555.120 Small (T)  
      GEN_LANES[4].u_exp_i tr_exp_alu_WIDTH8_FRAC_W4_LUT_IDX_W3_522               21     51.840     0.000       51.840 Small (T)  
        u_quad             quadratic_divider_WIDTH8_FRAC_W4_3622                   4      9.360     0.000        9.360 Small (T)  
        u_round            round_WIDTH8_FRAC_W4_LUT_IDX_W3_515                    11     21.960     0.000       21.960 Small (T)  
      GEN_LANES[4].u_ln_i  tr_ln_WIDTH8_BITS4_OUT_WIDTH8_529                      95    453.240     0.000      453.240 Small (T)  
      GEN_LANES[5].u_exp_i tr_exp_alu_WIDTH8_FRAC_W4_LUT_IDX_W3_521               21     51.840     0.000       51.840 Small (T)  
        u_quad             quadratic_divider_WIDTH8_FRAC_W4_3621                   4      9.360     0.000        9.360 Small (T)  
        u_round            round_WIDTH8_FRAC_W4_LUT_IDX_W3_514                    11     21.960     0.000       21.960 Small (T)  
      GEN_LANES[5].u_ln_i  tr_ln_WIDTH8_BITS4_OUT_WIDTH8_528                      95    475.200     0.000      475.200 Small (T)  
      GEN_LANES[6].u_exp_i tr_exp_alu_WIDTH8_FRAC_W4_LUT_IDX_W3_520               21     51.840     0.000       51.840 Small (T)  
        u_quad             quadratic_divider_WIDTH8_FRAC_W4_3620                   4      9.360     0.000        9.360 Small (T)  
        u_round            round_WIDTH8_FRAC_W4_LUT_IDX_W3_513                    11     21.960     0.000       21.960 Small (T)  
      GEN_LANES[6].u_ln_i  tr_ln_WIDTH8_BITS4_OUT_WIDTH8_527                      91    425.520     0.000      425.520 Small (T)  
      GEN_LANES[7].u_exp_i tr_exp_alu_WIDTH8_FRAC_W4_LUT_IDX_W3_519               21     51.840     0.000       51.840 Small (T)  
        u_quad             quadratic_divider_WIDTH8_FRAC_W4_3619                   4      9.360     0.000        9.360 Small (T)  
        u_round            round_WIDTH8_FRAC_W4_LUT_IDX_W3_512                    11     21.960     0.000       21.960 Small (T)  
      GEN_LANES[7].u_ln_i  tr_ln_WIDTH8_BITS4_OUT_WIDTH8_526                     110    553.320     0.000      553.320 Small (T)  
      u_exp_0_20b          tr_exp_alu_WIDTH20_FRAC_W8_LUT_IDX_W4                 175    571.680     0.000      571.680 Small (T)  
        u_quad             quadratic_divider_WIDTH20_FRAC_W8                     130    451.440     0.000      451.440 Small (T)  
        u_round            round_WIDTH20_FRAC_W8_LUT_IDX_W4                       11     25.200     0.000       25.200 Small (T)  
      u_exp_0_8b           tr_exp_alu_WIDTH8_FRAC_W4_LUT_IDX_W3                   21     51.480     0.000       51.480 Small (T)  
        u_quad             quadratic_divider_WIDTH8_FRAC_W4                        4      9.360     0.000        9.360 Small (T)  
        u_round            round_WIDTH8_FRAC_W4_LUT_IDX_W3                        11     21.600     0.000       21.600 Small (T)  
      u_ln_0_20b           tr_ln_WIDTH20_BITS8_OUT_WIDTH20                       352   1455.840     0.000     1455.840 Small (T)  
      u_ln_0_8b            tr_ln_WIDTH8_BITS4_OUT_WIDTH8                         114    539.280     0.000      539.280 Small (T)  
      u_lut_20b            q12_8_lut                                              39     69.840     0.000       69.840 Small (T)  
      u_shared_rom         shared_lut_rom_N8                                      58    117.360     0.000      117.360 Small (T)  
  (D) = wireload is default in technology library
  (T) = wireload mode is 'top'
