============================================================
  Generated by:           Genus(TM) Synthesis Solution 25.12-s067_1
  Generated on:           Apr 11 2026  02:56:46 pm
  Module:                 transformer_core_top
  Operating conditions:   ss_typical_max_0p90v_125c (balanced_tree)
  Wireload mode:          top
  Area mode:              timing library
============================================================


Path 1: MET (0 ps) Setup Check with Pin u_datapath/u_tr_array/GEN_LANES[6].exp_in_i_pipe_reg[5]/CK->D
          Group: reg2reg
     Startpoint: (R) u_datapath/a_d_reg[2][6][2]/CK
          Clock: (R) clk
       Endpoint: (R) u_datapath/u_tr_array/GEN_LANES[6].exp_in_i_pipe_reg[5]/D
          Clock: (R) clk

                     Capture       Launch     
        Clock Edge:+    5000            0     
       Src Latency:+       0            0     
       Net Latency:+       0 (I)        0 (I) 
           Arrival:=    5000            0     
                                              
             Setup:-     112                  
       Uncertainty:-     125                  
     Required Time:=    4763                  
      Launch Clock:-       0                  
         Data Path:-    4763                  
             Slack:=       0                  

#----------------------------------------------------------------------------------------------------------------------------
#                       Timing Point                        Flags   Arc   Edge       Cell         Fanout Trans Delay Arrival 
#                                                                                                         (ps)  (ps)   (ps)  
#----------------------------------------------------------------------------------------------------------------------------
  u_datapath/a_d_reg[2][6][2]/CK                            -       -     R     (arrival)            905     0     0       0 
  u_datapath/a_d_reg[2][6][2]/Q                             -       CK->Q R     DFFRPQ_X4M_A9TL        6   110   317     317 
  u_datapath/u_alpha_stab/g2560__8246/Y                     -       B->Y  F     NOR2_X4A_A9TL          1    56    68     384 
  u_datapath/u_alpha_stab/g2557__2802/Y                     -       A->Y  R     NAND2_X4B_A9TL         2    60    58     442 
  u_datapath/u_alpha_stab/g2554__5526/Y                     -       B->Y  F     NOR2_X4A_A9TL          1    52    53     495 
  u_datapath/u_alpha_stab/g2548__5477/Y                     -       A0->Y R     OAI2XB1_X4M_A9TL       1   123   101     597 
  u_datapath/u_alpha_stab/g2547__6417/Y                     -       B->Y  F     NAND2_X6A_A9TL         4    93    99     695 
  u_datapath/u_alpha_stab/mul_32_36_I7_g1063/Y              -       A->Y  R     INV_X4M_A9TL           2    68    71     767 
  u_datapath/u_alpha_stab/mul_32_36_I7_g1061/Y              -       A->Y  F     INV_X4M_A9TL           2    44    51     817 
  u_datapath/u_alpha_stab/mul_32_36_I7_g1044/Y              -       A->Y  R     NAND2XB_X6M_A9TL       2    78    57     874 
  u_datapath/u_alpha_stab/mul_32_36_I7_g986/Y               -       S0->Y R     MXIT2_X3M_A9TL         1   131    91     965 
  u_datapath/u_alpha_stab/g2958/Y                           -       B->Y  R     XOR2_X4M_A9TL          2   181   139    1104 
  u_datapath/u_alpha_stab/mul_32_36_I7_g1072/Y              -       B->Y  R     OR2_X6M_A9TL           3    69   153    1257 
  u_datapath/u_alpha_stab/mul_32_36_I7_g950/Y               -       B->Y  F     NAND2_X8M_A9TL         2    61    62    1319 
  u_datapath/u_alpha_stab/mul_32_36_I7_g944/Y               -       A1->Y R     OAI21_X6M_A9TL         2   125   113    1432 
  u_datapath/u_alpha_stab/mul_32_36_I7_g941/Y               -       A->Y  F     NOR2_X6A_A9TL          1    53    60    1492 
  u_datapath/u_alpha_stab/mul_32_36_I7_g937/Y               -       A0->Y R     OAI2XB1_X6M_A9TL       1    83    78    1570 
  u_datapath/u_alpha_stab/mul_32_36_I7_g933/Y               -       A0->Y F     AOI2XB1_X4M_A9TL       1   102    71    1641 
  u_datapath/u_alpha_stab/mul_32_36_I7_g932/Y               -       S0->Y F     MXT2_X4M_A9TL          4    91   172    1813 
  u_datapath/u_alpha_stab/g2544/Y                           -       A->Y  R     INV_X5M_A9TL           1    54    59    1872 
  u_datapath/u_alpha_stab/g2498__2346/Y                     -       A->Y  F     NAND2_X8M_A9TL         4    58    52    1924 
  u_datapath/u_alpha_stab/g2486__7098/Y                     -       A->Y  F     OR4_X4M_A9TL           2    80   138    2062 
  u_datapath/u_alpha_stab/g2531/Y                           -       A->Y  R     INV_X4M_A9TL           2    52    57    2119 
  u_datapath/u_alpha_stab/g2888/Y                           -       A->Y  F     NOR2XB_X2M_A9TL        1    64    49    2168 
  u_datapath/u_alpha_stab/g2887/Y                           -       B->Y  R     MXIT2_X1M_A9TL         1   244   143    2311 
  u_datapath/g29288/Y                                       -       A->Y  F     NOR2XB_X4M_A9TL        1   103   114    2426 
  u_datapath/g28881/Y                                       -       A->Y  R     NOR2_X8M_A9TL          5   106    98    2523 
  u_datapath/u_tr_array/GEN_LANES[6].u_ln_i/g1897/Y         -       A->Y  F     INV_X1M_A9TL           1    64    72    2595 
  u_datapath/u_tr_array/GEN_LANES[6].u_ln_i/g1872/Y         -       C0->Y R     OAI211_X2M_A9TL        1   159    86    2681 
  u_datapath/u_tr_array/GEN_LANES[6].u_ln_i/g1859/Y         -       B->Y  F     NAND3XXB_X2M_A9TL      1   118   111    2791 
  u_datapath/u_tr_array/GEN_LANES[6].u_ln_i/g1855/Y         -       B->Y  R     NAND2_X3A_A9TL         3   104   103    2894 
  u_datapath/u_tr_array/GEN_LANES[6].u_ln_i/g1854/Y         -       BN->Y R     NOR2XB_X6M_A9TL        3    98   151    3045 
  u_datapath/u_tr_array/GEN_LANES[6].u_ln_i/g1904/Y         -       BN->Y R     NAND2XB_X4M_A9TL       2    86   137    3182 
  u_datapath/u_tr_array/GEN_LANES[6].u_ln_i/g1844/Y         -       A->Y  F     NAND2XB_X4M_A9TL       3    69    67    3248 
  u_datapath/u_tr_array/GEN_LANES[6].u_ln_i/g1834/Y         -       B0->Y R     OAI2XB1_X2M_A9TL       2   169    96    3344 
  u_datapath/u_tr_array/GEN_LANES[6].u_ln_i/g1902/Y         -       A->Y  R     OR2_X0P5M_A9TL         1   157   193    3537 
  u_datapath/u_tr_array/GEN_LANES[6].u_ln_i/g1828/Y         -       B->Y  F     NAND2_X2A_A9TL         2   107   112    3649 
  u_datapath/u_tr_array/GEN_LANES[6].u_ln_i/g1813/Y         -       BN->Y F     NAND2XB_X3M_A9TL       2    78   160    3809 
  u_datapath/u_tr_array/GEN_LANES[6].u_ln_i/g1811/Y         -       B->Y  R     NAND2_X2A_A9TL         2   100    90    3899 
  u_datapath/u_tr_array/GEN_LANES[6].u_ln_i/g2/Y            -       BN->Y R     NAND2XB_X2M_A9TL       1    97   148    4047 
  u_datapath/u_tr_array/GEN_LANES[6].u_ln_i/g1807/Y         -       B->Y  F     NAND2_X3A_A9TL         2    77    75    4122 
  u_datapath/u_tr_array/g8366/Y                             -       A->Y  R     INV_X2M_A9TL           3    94    86    4208 
  u_datapath/u_tr_array/g7994/Y                             -       A->Y  F     NAND2_X3A_A9TL         3    92    84    4292 
  u_datapath/u_tr_array/g7933/Y                             -       A->Y  R     INV_X2M_A9TL           2    80    82    4373 
  u_datapath/u_tr_array/g7927/Y                             -       B->Y  F     NAND2_X3A_A9TL         2    86    66    4439 
  u_datapath/u_tr_array/g8462/Y                             -       B0->Y R     OAI21_X1M_A9TL         1   163   105    4545 
  u_datapath/u_tr_array/g7823/Y                             -       A->Y  F     NAND2XB_X1M_A9TL       1    98    95    4640 
  u_datapath/u_tr_array/g7791/Y                             -       B->Y  R     NAND3_X1M_A9TL         1   147   123    4763 
  u_datapath/u_tr_array/GEN_LANES[6].exp_in_i_pipe_reg[5]/D -       -     R     DFFRPQ_X1M_A9TL        1     -     0    4763 
#----------------------------------------------------------------------------------------------------------------------------

