
 	 Check Design Report (c)
	 ------------------- 
No subdesign's name is greater than 1.5k in length.

 Feedthrough Module(s)
 -------------------------
No feed through module in 'tr_gelu'

  Unresolved References & Empty Modules
  ------------------------------------- 
design 'tr_gelu' has the following unresolved references
hinst:tr_gelu/u_reciprocal
Total number of unresolved references in design 'tr_gelu' : 1

No empty modules in design 'tr_gelu'

 Unloaded Pin(s), Port(s)
 -------------------------
No unloaded sequential element in 'tr_gelu'

No unloaded port in 'tr_gelu'

 Unloaded Combinational Pin(s)
 -------------------------------
design 'tr_gelu' has the following unloaded combinational elements
pin:tr_gelu/u_exp_term1/u_quad/g6/z
pin:tr_gelu/u_exp_term1/u_quad/g13/z
pin:tr_gelu/u_exp_term2/u_quad/g6/z
pin:tr_gelu/u_exp_term2/u_quad/g13/z
pin:tr_gelu/mul_59_25/g1/z
pin:tr_gelu/mul_59_25/g481/z
pin:tr_gelu/mul_59_25/g484/z
pin:tr_gelu/mul_59_25/g192/z
pin:tr_gelu/mul_273_97/g12/z
pin:tr_gelu/mul_273_97/g1056/z
pin:tr_gelu/mul_273_97/g1059/z
pin:tr_gelu/mul_273_97/g1061/z
pin:tr_gelu/mul_273_97/g1064/z
pin:tr_gelu/mul_273_97/g1066/z
pin:tr_gelu/mul_273_97/g1069/z
pin:tr_gelu/mul_273_97/g1071/z
pin:tr_gelu/mul_273_97/g1074/z
pin:tr_gelu/mul_273_97/g1076/z
pin:tr_gelu/mul_273_97/g1079/z
pin:tr_gelu/mul_273_97/g1082/z
pin:tr_gelu/mul_273_97/g1085/z
pin:tr_gelu/mul_273_97/g1087/z
pin:tr_gelu/mul_273_97/g1090/z
pin:tr_gelu/mul_273_97/g1113/z
pin:tr_gelu/mul_273_97/g1115/z
pin:tr_gelu/mul_273_97/g1116/z
pin:tr_gelu/minus_32_31/g71/z
pin:tr_gelu/minus_32_31/g73/z
pin:tr_gelu/minus_32_31/g76/z
pin:tr_gelu/minus_32_31/g86/z
pin:tr_gelu/minus_32_31/g88/z
Total number of unloaded combinational elements in design 'tr_gelu' : 31

 Assigns
 ------- 
Encountered an assign statement at hport 'hport:tr_gelu/u_exp_term1/u_round/is_ceil' in module round_WIDTH8_FRAC_W4_LUT_IDX_W3
Encountered an assign statement at hport 'hport:tr_gelu/u_exp_term1/u_quad/quad_out[3]' in module quadratic_divider_WIDTH8_FRAC_W4
Encountered an assign statement at hport 'hport:tr_gelu/u_exp_term1/u_quad/quad_out[2]' in module quadratic_divider_WIDTH8_FRAC_W4
Encountered an assign statement at hport 'hport:tr_gelu/u_exp_term1/mantisa[7]' in module tr_exp_FRAC_W4_ITER0
Encountered an assign statement at hport 'hport:tr_gelu/u_exp_term1/mantisa[6]' in module tr_exp_FRAC_W4_ITER0
Encountered an assign statement at hport 'hport:tr_gelu/u_exp_term1/mantisa[5]' in module tr_exp_FRAC_W4_ITER0
Encountered an assign statement at hport 'hport:tr_gelu/u_exp_term1/mantisa[4]' in module tr_exp_FRAC_W4_ITER0
Encountered an assign statement at hport 'hport:tr_gelu/u_exp_term1/mantisa[3]' in module tr_exp_FRAC_W4_ITER0
Encountered an assign statement at hport 'hport:tr_gelu/u_exp_term1/mantisa[2]' in module tr_exp_FRAC_W4_ITER0
Encountered an assign statement at hport 'hport:tr_gelu/u_exp_term1/mantisa[1]' in module tr_exp_FRAC_W4_ITER0
Encountered an assign statement at hport 'hport:tr_gelu/u_exp_term1/mantisa[0]' in module tr_exp_FRAC_W4_ITER0
Encountered an assign statement at hport 'hport:tr_gelu/u_reciprocal/xq[8]' in module tr_reciprocal_IN_WIDTH9_OUT_WIDTH8_IN_FRAC4_OUT_FRAC4_INV_SQRT0_ITER1
Encountered an assign statement at hport 'hport:tr_gelu/u_reciprocal/xq[5]' in module tr_reciprocal_IN_WIDTH9_OUT_WIDTH8_IN_FRAC4_OUT_FRAC4_INV_SQRT0_ITER1
Encountered an assign statement at hport 'hport:tr_gelu/u_reciprocal/xq[6]' in module tr_reciprocal_IN_WIDTH9_OUT_WIDTH8_IN_FRAC4_OUT_FRAC4_INV_SQRT0_ITER1
Encountered an assign statement at hport 'hport:tr_gelu/u_reciprocal/xq[7]' in module tr_reciprocal_IN_WIDTH9_OUT_WIDTH8_IN_FRAC4_OUT_FRAC4_INV_SQRT0_ITER1
Total number of assign statements in design 'tr_gelu' : 15

 Undriven Port(s)/Pin(s)
 ------------------------
No undriven combinational pin in 'tr_gelu'

No undriven sequential pin in 'tr_gelu'

No undriven hierarchical pin in 'tr_gelu'

No undriven port in 'tr_gelu'

 Multidriven Port(s)/Pin(s)
--------------------------

The following combinational pin(s) in design 'tr_gelu' are multidriven
pin:tr_gelu/g1/in_0
Total number of combinational multidriven pin(s) in design 'tr_gelu' : 1

The following sequential pin(s) in design 'tr_gelu' are multidriven
pin:tr_gelu/x_scaled_reg[0]/clk
pin:tr_gelu/x_scaled_reg[1]/clk
pin:tr_gelu/x_scaled_reg[2]/clk
pin:tr_gelu/x_scaled_reg[3]/clk
pin:tr_gelu/x_scaled_reg[4]/clk
pin:tr_gelu/x_scaled_reg[5]/clk
pin:tr_gelu/x_scaled_reg[6]/clk
pin:tr_gelu/x_scaled_reg[7]/clk
pin:tr_gelu/x_in_s1_reg[0]/clk
pin:tr_gelu/x_in_s1_reg[1]/clk
pin:tr_gelu/x_in_s1_reg[2]/clk
pin:tr_gelu/x_in_s1_reg[3]/clk
pin:tr_gelu/x_in_s1_reg[4]/clk
pin:tr_gelu/x_in_s1_reg[5]/clk
pin:tr_gelu/x_in_s1_reg[6]/clk
pin:tr_gelu/x_in_s1_reg[7]/clk
pin:tr_gelu/valid_s1_reg/clk
pin:tr_gelu/term1_reg_reg[0]/clk
pin:tr_gelu/term1_reg_reg[1]/clk
pin:tr_gelu/term1_reg_reg[2]/clk
pin:tr_gelu/term1_reg_reg[3]/clk
pin:tr_gelu/term1_reg_reg[4]/clk
pin:tr_gelu/term1_reg_reg[5]/clk
pin:tr_gelu/term1_reg_reg[6]/clk
pin:tr_gelu/term1_reg_reg[7]/clk
pin:tr_gelu/term2_reg_reg[0]/clk
pin:tr_gelu/term2_reg_reg[1]/clk
pin:tr_gelu/term2_reg_reg[2]/clk
pin:tr_gelu/term2_reg_reg[3]/clk
pin:tr_gelu/term2_reg_reg[4]/clk
pin:tr_gelu/term2_reg_reg[5]/clk
pin:tr_gelu/term2_reg_reg[6]/clk
pin:tr_gelu/term2_reg_reg[7]/clk
pin:tr_gelu/original_x_reg_reg[0]/clk
pin:tr_gelu/original_x_reg_reg[1]/clk
pin:tr_gelu/original_x_reg_reg[2]/clk
pin:tr_gelu/original_x_reg_reg[3]/clk
pin:tr_gelu/original_x_reg_reg[4]/clk
pin:tr_gelu/original_x_reg_reg[5]/clk
pin:tr_gelu/original_x_reg_reg[6]/clk
pin:tr_gelu/original_x_reg_reg[7]/clk
pin:tr_gelu/valid_s2_reg/clk
pin:tr_gelu/sum_S_reg[0]/clk
pin:tr_gelu/sum_S_reg[1]/clk
pin:tr_gelu/sum_S_reg[2]/clk
pin:tr_gelu/sum_S_reg[3]/clk
pin:tr_gelu/sum_S_reg[4]/clk
pin:tr_gelu/sum_S_reg[5]/clk
pin:tr_gelu/sum_S_reg[6]/clk
pin:tr_gelu/sum_S_reg[7]/clk
pin:tr_gelu/sum_S_reg[8]/clk
pin:tr_gelu/exp_term2_reg_reg[0]/clk
pin:tr_gelu/exp_term2_reg_reg[1]/clk
pin:tr_gelu/exp_term2_reg_reg[2]/clk
pin:tr_gelu/exp_term2_reg_reg[3]/clk
pin:tr_gelu/exp_term2_reg_reg[4]/clk
pin:tr_gelu/exp_term2_reg_reg[5]/clk
pin:tr_gelu/exp_term2_reg_reg[6]/clk
pin:tr_gelu/exp_term2_reg_reg[7]/clk
pin:tr_gelu/x_delay_s3_reg[0]/clk
pin:tr_gelu/x_delay_s3_reg[1]/clk
pin:tr_gelu/x_delay_s3_reg[2]/clk
pin:tr_gelu/x_delay_s3_reg[3]/clk
pin:tr_gelu/x_delay_s3_reg[4]/clk
pin:tr_gelu/x_delay_s3_reg[5]/clk
pin:tr_gelu/x_delay_s3_reg[6]/clk
pin:tr_gelu/x_delay_s3_reg[7]/clk
pin:tr_gelu/valid_s3_reg/clk
pin:tr_gelu/inv_S_reg[0]/clk
pin:tr_gelu/inv_S_reg[1]/clk
pin:tr_gelu/inv_S_reg[2]/clk
pin:tr_gelu/inv_S_reg[3]/clk
pin:tr_gelu/inv_S_reg[4]/clk
pin:tr_gelu/inv_S_reg[5]/clk
pin:tr_gelu/inv_S_reg[6]/clk
pin:tr_gelu/inv_S_reg[7]/clk
pin:tr_gelu/x_shift_reg[0][0]/clk
pin:tr_gelu/x_shift_reg[0][1]/clk
pin:tr_gelu/x_shift_reg[0][2]/clk
pin:tr_gelu/x_shift_reg[0][3]/clk
pin:tr_gelu/x_shift_reg[0][4]/clk
pin:tr_gelu/x_shift_reg[0][5]/clk
pin:tr_gelu/x_shift_reg[0][6]/clk
pin:tr_gelu/x_shift_reg[0][7]/clk
pin:tr_gelu/exp_term2_shift_reg[0][0]/clk
pin:tr_gelu/exp_term2_shift_reg[0][1]/clk
pin:tr_gelu/exp_term2_shift_reg[0][2]/clk
pin:tr_gelu/exp_term2_shift_reg[0][3]/clk
pin:tr_gelu/exp_term2_shift_reg[0][4]/clk
pin:tr_gelu/exp_term2_shift_reg[0][5]/clk
pin:tr_gelu/exp_term2_shift_reg[0][6]/clk
pin:tr_gelu/exp_term2_shift_reg[0][7]/clk
pin:tr_gelu/valid_shift_reg[0]/clk
pin:tr_gelu/valid_out_reg/clk
pin:tr_gelu/gelu_out_reg[0]/clk
pin:tr_gelu/gelu_out_reg[1]/clk
pin:tr_gelu/gelu_out_reg[2]/clk
pin:tr_gelu/gelu_out_reg[3]/clk
pin:tr_gelu/gelu_out_reg[4]/clk
pin:tr_gelu/gelu_out_reg[5]/clk
pin:tr_gelu/gelu_out_reg[6]/clk
pin:tr_gelu/gelu_out_reg[7]/clk
Total number of sequential multidriven pin(s) in design 'tr_gelu' : 102

The following hierarchical pin(s) in design 'tr_gelu' are multidriven
hpin:tr_gelu/lt_235_29/A[8]
hpin:tr_gelu/lt_235_29/A[7]
hpin:tr_gelu/lt_235_29/A[6]
hpin:tr_gelu/lt_235_29/A[5]
hpin:tr_gelu/lt_235_29/A[4]
Total number of hierarchical multidriven pin(s) in design 'tr_gelu' : 5

No multidriven ports in 'tr_gelu'

No multidriven unloaded nets in 'tr_gelu'

  Constant Pin(s)
  ----------------
No constant combinational pin(s) in design 'tr_gelu'

No constant sequential pin(s) in design 'tr_gelu'

design 'tr_gelu' has the following constant input hierarchical pin(s)
hpin:tr_gelu/u_reciprocal/xq[8] 	 (fanout : 0)
hpin:tr_gelu/u_reciprocal/xq[7] 	 (fanout : 0)
hpin:tr_gelu/u_reciprocal/xq[6] 	 (fanout : 0)
hpin:tr_gelu/u_reciprocal/xq[5] 	 (fanout : 0)
hpin:tr_gelu/gt_63_25/B[7] 	 (fanout : 17)
hpin:tr_gelu/gt_63_25/B[6] 	 (fanout : 2)
hpin:tr_gelu/gt_63_25/B[5] 	 (fanout : 2)
hpin:tr_gelu/gt_63_25/B[4] 	 (fanout : 2)
hpin:tr_gelu/gt_63_25/B[3] 	 (fanout : 2)
hpin:tr_gelu/gt_63_25/B[2] 	 (fanout : 2)
hpin:tr_gelu/gt_63_25/B[1] 	 (fanout : 2)
hpin:tr_gelu/gt_63_25/B[0] 	 (fanout : 1)
hpin:tr_gelu/lt_64_30/B[7] 	 (fanout : 3)
hpin:tr_gelu/lt_64_30/B[6] 	 (fanout : 1)
hpin:tr_gelu/lt_64_30/B[5] 	 (fanout : 1)
hpin:tr_gelu/lt_64_30/B[4] 	 (fanout : 1)
hpin:tr_gelu/lt_64_30/B[3] 	 (fanout : 1)
hpin:tr_gelu/lt_64_30/B[2] 	 (fanout : 1)
hpin:tr_gelu/lt_64_30/B[1] 	 (fanout : 1)
hpin:tr_gelu/lt_64_30/B[0] 	 (fanout : 1)
hpin:tr_gelu/mul_59_25/B[8] 	 (fanout : 8)
hpin:tr_gelu/mul_59_25/B[7] 	 (fanout : 8)
hpin:tr_gelu/mul_59_25/B[6] 	 (fanout : 8)
hpin:tr_gelu/mul_59_25/B[5] 	 (fanout : 8)
hpin:tr_gelu/mul_59_25/B[4] 	 (fanout : 8)
hpin:tr_gelu/mul_59_25/B[3] 	 (fanout : 8)
hpin:tr_gelu/mul_59_25/B[2] 	 (fanout : 8)
hpin:tr_gelu/minus_104_20/A 	 (fanout : 14)
hpin:tr_gelu/lt_235_29/B[8] 	 (fanout : 1)
hpin:tr_gelu/lt_235_29/B[7] 	 (fanout : 1)
hpin:tr_gelu/lt_235_29/B[6] 	 (fanout : 1)
hpin:tr_gelu/lt_235_29/B[5] 	 (fanout : 1)
hpin:tr_gelu/lt_235_29/B[4] 	 (fanout : 1)
hpin:tr_gelu/lt_235_29/B[3] 	 (fanout : 1)
hpin:tr_gelu/lt_235_29/B[2] 	 (fanout : 1)
hpin:tr_gelu/lt_235_29/B[1] 	 (fanout : 1)
hpin:tr_gelu/lt_235_29/B[0] 	 (fanout : 1)
hpin:tr_gelu/mul_273_45/B[8] 	 (fanout : 8)
hpin:tr_gelu/mul_273_97/B[8] 	 (fanout : 20)
hpin:tr_gelu/neq_36_24/B 	 (fanout : 1)
hpin:tr_gelu/minus_32_31/A 	 (fanout : 14)
hpin:tr_gelu/gt_101_27/B 	 (fanout : 13)
hpin:tr_gelu/mux_region_idx_36_24/in_1[1] 	 (fanout : 1)
hpin:tr_gelu/mux_region_idx_36_24/in_1[0] 	 (fanout : 1)
hpin:tr_gelu/mux_alpha_g_45_15/in_0[1] 	 (fanout : 1)
hpin:tr_gelu/mux_alpha_g_45_15/in_0[0] 	 (fanout : 1)
hpin:tr_gelu/mux_alpha_g_45_15/in_1[1] 	 (fanout : 1)
hpin:tr_gelu/mux_alpha_g_45_15/in_1[0] 	 (fanout : 1)
hpin:tr_gelu/mux_alpha_g_45_15/in_2[1] 	 (fanout : 1)
hpin:tr_gelu/mux_alpha_g_45_15/in_2[0] 	 (fanout : 1)
hpin:tr_gelu/mux_alpha_g_45_15/in_3[1] 	 (fanout : 1)
hpin:tr_gelu/mux_alpha_g_45_15/in_3[0] 	 (fanout : 1)
hpin:tr_gelu/mux_101_27/in_0[7] 	 (fanout : 1)
hpin:tr_gelu/mux_101_27/in_0[6] 	 (fanout : 1)
hpin:tr_gelu/mux_101_27/in_0[5] 	 (fanout : 1)
hpin:tr_gelu/mux_101_27/in_0[4] 	 (fanout : 1)
hpin:tr_gelu/mux_101_27/in_0[3] 	 (fanout : 1)
hpin:tr_gelu/mux_101_27/in_0[2] 	 (fanout : 1)
hpin:tr_gelu/mux_101_27/in_0[1] 	 (fanout : 1)
hpin:tr_gelu/mux_101_27/in_0[0] 	 (fanout : 1)
hpin:tr_gelu/u_exp_term1/u_round/eq_39_44/B 	 (fanout : 1)
hpin:tr_gelu/u_exp_term1/u_round/add_36_61/B 	 (fanout : 2)
hpin:tr_gelu/u_exp_term1/mux_gen_opt_8bit.exp_lut[a_idx]_96_45/in_0[6] 	 (fanout : 1)
hpin:tr_gelu/u_exp_term1/mux_gen_opt_8bit.exp_lut[a_idx]_96_45/in_0[5] 	 (fanout : 1)
hpin:tr_gelu/u_exp_term1/mux_gen_opt_8bit.exp_lut[a_idx]_96_45/in_0[4] 	 (fanout : 1)
hpin:tr_gelu/u_exp_term1/mux_gen_opt_8bit.exp_lut[a_idx]_96_45/in_0[3] 	 (fanout : 1)
hpin:tr_gelu/u_exp_term1/mux_gen_opt_8bit.exp_lut[a_idx]_96_45/in_0[2] 	 (fanout : 1)
hpin:tr_gelu/u_exp_term1/mux_gen_opt_8bit.exp_lut[a_idx]_96_45/in_0[1] 	 (fanout : 1)
hpin:tr_gelu/u_exp_term1/mux_gen_opt_8bit.exp_lut[a_idx]_96_45/in_0[0] 	 (fanout : 1)
hpin:tr_gelu/u_exp_term1/mux_gen_opt_8bit.exp_lut[a_idx]_96_45/in_1[6] 	 (fanout : 1)
hpin:tr_gelu/u_exp_term1/mux_gen_opt_8bit.exp_lut[a_idx]_96_45/in_1[5] 	 (fanout : 1)
hpin:tr_gelu/u_exp_term1/mux_gen_opt_8bit.exp_lut[a_idx]_96_45/in_1[4] 	 (fanout : 1)
hpin:tr_gelu/u_exp_term1/mux_gen_opt_8bit.exp_lut[a_idx]_96_45/in_1[3] 	 (fanout : 1)
hpin:tr_gelu/u_exp_term1/mux_gen_opt_8bit.exp_lut[a_idx]_96_45/in_1[2] 	 (fanout : 1)
hpin:tr_gelu/u_exp_term1/mux_gen_opt_8bit.exp_lut[a_idx]_96_45/in_1[1] 	 (fanout : 1)
hpin:tr_gelu/u_exp_term1/mux_gen_opt_8bit.exp_lut[a_idx]_96_45/in_1[0] 	 (fanout : 1)
hpin:tr_gelu/u_exp_term1/mux_gen_opt_8bit.exp_lut[a_idx]_96_45/in_2[6] 	 (fanout : 1)
hpin:tr_gelu/u_exp_term1/mux_gen_opt_8bit.exp_lut[a_idx]_96_45/in_2[5] 	 (fanout : 1)
hpin:tr_gelu/u_exp_term1/mux_gen_opt_8bit.exp_lut[a_idx]_96_45/in_2[4] 	 (fanout : 1)
hpin:tr_gelu/u_exp_term1/mux_gen_opt_8bit.exp_lut[a_idx]_96_45/in_2[3] 	 (fanout : 1)
hpin:tr_gelu/u_exp_term1/mux_gen_opt_8bit.exp_lut[a_idx]_96_45/in_2[2] 	 (fanout : 1)
hpin:tr_gelu/u_exp_term1/mux_gen_opt_8bit.exp_lut[a_idx]_96_45/in_2[1] 	 (fanout : 1)
hpin:tr_gelu/u_exp_term1/mux_gen_opt_8bit.exp_lut[a_idx]_96_45/in_2[0] 	 (fanout : 1)
hpin:tr_gelu/u_exp_term1/mux_gen_opt_8bit.exp_lut[a_idx]_96_45/in_3[6] 	 (fanout : 1)
hpin:tr_gelu/u_exp_term1/mux_gen_opt_8bit.exp_lut[a_idx]_96_45/in_3[5] 	 (fanout : 1)
hpin:tr_gelu/u_exp_term1/mux_gen_opt_8bit.exp_lut[a_idx]_96_45/in_3[4] 	 (fanout : 1)
hpin:tr_gelu/u_exp_term1/mux_gen_opt_8bit.exp_lut[a_idx]_96_45/in_3[3] 	 (fanout : 1)
hpin:tr_gelu/u_exp_term1/mux_gen_opt_8bit.exp_lut[a_idx]_96_45/in_3[2] 	 (fanout : 1)
hpin:tr_gelu/u_exp_term1/mux_gen_opt_8bit.exp_lut[a_idx]_96_45/in_3[1] 	 (fanout : 1)
hpin:tr_gelu/u_exp_term1/mux_gen_opt_8bit.exp_lut[a_idx]_96_45/in_3[0] 	 (fanout : 1)
hpin:tr_gelu/u_exp_term1/mux_gen_opt_8bit.exp_lut[a_idx]_96_45/in_4[6] 	 (fanout : 1)
hpin:tr_gelu/u_exp_term1/mux_gen_opt_8bit.exp_lut[a_idx]_96_45/in_4[5] 	 (fanout : 1)
hpin:tr_gelu/u_exp_term1/mux_gen_opt_8bit.exp_lut[a_idx]_96_45/in_4[4] 	 (fanout : 1)
hpin:tr_gelu/u_exp_term1/mux_gen_opt_8bit.exp_lut[a_idx]_96_45/in_4[3] 	 (fanout : 1)
hpin:tr_gelu/u_exp_term1/mux_gen_opt_8bit.exp_lut[a_idx]_96_45/in_4[2] 	 (fanout : 1)
hpin:tr_gelu/u_exp_term1/mux_gen_opt_8bit.exp_lut[a_idx]_96_45/in_4[1] 	 (fanout : 1)
hpin:tr_gelu/u_exp_term1/mux_gen_opt_8bit.exp_lut[a_idx]_96_45/in_4[0] 	 (fanout : 1)
hpin:tr_gelu/u_exp_term1/mux_gen_opt_8bit.exp_lut[a_idx]_96_45/in_5[6] 	 (fanout : 1)
hpin:tr_gelu/u_exp_term1/mux_gen_opt_8bit.exp_lut[a_idx]_96_45/in_5[5] 	 (fanout : 1)
hpin:tr_gelu/u_exp_term1/mux_gen_opt_8bit.exp_lut[a_idx]_96_45/in_5[4] 	 (fanout : 1)
hpin:tr_gelu/u_exp_term1/mux_gen_opt_8bit.exp_lut[a_idx]_96_45/in_5[3] 	 (fanout : 1)
hpin:tr_gelu/u_exp_term1/mux_gen_opt_8bit.exp_lut[a_idx]_96_45/in_5[2] 	 (fanout : 1)
hpin:tr_gelu/u_exp_term1/mux_gen_opt_8bit.exp_lut[a_idx]_96_45/in_5[1] 	 (fanout : 1)
hpin:tr_gelu/u_exp_term1/mux_gen_opt_8bit.exp_lut[a_idx]_96_45/in_5[0] 	 (fanout : 1)
hpin:tr_gelu/u_exp_term1/mux_gen_opt_8bit.exp_lut[a_idx]_96_45/in_6[6] 	 (fanout : 1)
hpin:tr_gelu/u_exp_term1/mux_gen_opt_8bit.exp_lut[a_idx]_96_45/in_6[5] 	 (fanout : 1)
hpin:tr_gelu/u_exp_term1/mux_gen_opt_8bit.exp_lut[a_idx]_96_45/in_6[4] 	 (fanout : 1)
hpin:tr_gelu/u_exp_term1/mux_gen_opt_8bit.exp_lut[a_idx]_96_45/in_6[3] 	 (fanout : 1)
hpin:tr_gelu/u_exp_term1/mux_gen_opt_8bit.exp_lut[a_idx]_96_45/in_6[2] 	 (fanout : 1)
hpin:tr_gelu/u_exp_term1/mux_gen_opt_8bit.exp_lut[a_idx]_96_45/in_6[1] 	 (fanout : 1)
hpin:tr_gelu/u_exp_term1/mux_gen_opt_8bit.exp_lut[a_idx]_96_45/in_6[0] 	 (fanout : 1)
hpin:tr_gelu/u_exp_term1/mux_gen_opt_8bit.exp_lut[a_idx]_96_45/in_7[6] 	 (fanout : 1)
hpin:tr_gelu/u_exp_term1/mux_gen_opt_8bit.exp_lut[a_idx]_96_45/in_7[5] 	 (fanout : 1)
hpin:tr_gelu/u_exp_term1/mux_gen_opt_8bit.exp_lut[a_idx]_96_45/in_7[4] 	 (fanout : 1)
hpin:tr_gelu/u_exp_term1/mux_gen_opt_8bit.exp_lut[a_idx]_96_45/in_7[3] 	 (fanout : 1)
hpin:tr_gelu/u_exp_term1/mux_gen_opt_8bit.exp_lut[a_idx]_96_45/in_7[2] 	 (fanout : 1)
hpin:tr_gelu/u_exp_term1/mux_gen_opt_8bit.exp_lut[a_idx]_96_45/in_7[1] 	 (fanout : 1)
hpin:tr_gelu/u_exp_term1/mux_gen_opt_8bit.exp_lut[a_idx]_96_45/in_7[0] 	 (fanout : 1)
hpin:tr_gelu/u_exp_term1/mux_96_26/in_0[7] 	 (fanout : 1)
hpin:tr_gelu/u_exp_term1/mux_96_26/in_1[7] 	 (fanout : 1)
hpin:tr_gelu/u_exp_term1/mux_96_26/in_1[6] 	 (fanout : 1)
hpin:tr_gelu/u_exp_term1/mux_96_26/in_1[5] 	 (fanout : 1)
hpin:tr_gelu/u_exp_term1/mux_96_26/in_1[4] 	 (fanout : 1)
hpin:tr_gelu/u_exp_term1/mux_96_26/in_1[3] 	 (fanout : 1)
hpin:tr_gelu/u_exp_term1/mux_96_26/in_1[2] 	 (fanout : 1)
hpin:tr_gelu/u_exp_term1/mux_96_26/in_1[1] 	 (fanout : 1)
hpin:tr_gelu/u_exp_term1/mux_96_26/in_1[0] 	 (fanout : 1)
hpin:tr_gelu/u_exp_term2/mux_gen_opt_8bit.exp_lut[a_idx]_96_45/in_0[6] 	 (fanout : 1)
hpin:tr_gelu/u_exp_term2/mux_gen_opt_8bit.exp_lut[a_idx]_96_45/in_0[5] 	 (fanout : 1)
hpin:tr_gelu/u_exp_term2/mux_gen_opt_8bit.exp_lut[a_idx]_96_45/in_0[4] 	 (fanout : 1)
hpin:tr_gelu/u_exp_term2/mux_gen_opt_8bit.exp_lut[a_idx]_96_45/in_0[3] 	 (fanout : 1)
hpin:tr_gelu/u_exp_term2/mux_gen_opt_8bit.exp_lut[a_idx]_96_45/in_0[2] 	 (fanout : 1)
hpin:tr_gelu/u_exp_term2/mux_gen_opt_8bit.exp_lut[a_idx]_96_45/in_0[1] 	 (fanout : 1)
hpin:tr_gelu/u_exp_term2/mux_gen_opt_8bit.exp_lut[a_idx]_96_45/in_0[0] 	 (fanout : 1)
hpin:tr_gelu/u_exp_term2/mux_gen_opt_8bit.exp_lut[a_idx]_96_45/in_1[6] 	 (fanout : 1)
hpin:tr_gelu/u_exp_term2/mux_gen_opt_8bit.exp_lut[a_idx]_96_45/in_1[5] 	 (fanout : 1)
hpin:tr_gelu/u_exp_term2/mux_gen_opt_8bit.exp_lut[a_idx]_96_45/in_1[4] 	 (fanout : 1)
hpin:tr_gelu/u_exp_term2/mux_gen_opt_8bit.exp_lut[a_idx]_96_45/in_1[3] 	 (fanout : 1)
hpin:tr_gelu/u_exp_term2/mux_gen_opt_8bit.exp_lut[a_idx]_96_45/in_1[2] 	 (fanout : 1)
hpin:tr_gelu/u_exp_term2/mux_gen_opt_8bit.exp_lut[a_idx]_96_45/in_1[1] 	 (fanout : 1)
hpin:tr_gelu/u_exp_term2/mux_gen_opt_8bit.exp_lut[a_idx]_96_45/in_1[0] 	 (fanout : 1)
hpin:tr_gelu/u_exp_term2/mux_gen_opt_8bit.exp_lut[a_idx]_96_45/in_2[6] 	 (fanout : 1)
hpin:tr_gelu/u_exp_term2/mux_gen_opt_8bit.exp_lut[a_idx]_96_45/in_2[5] 	 (fanout : 1)
hpin:tr_gelu/u_exp_term2/mux_gen_opt_8bit.exp_lut[a_idx]_96_45/in_2[4] 	 (fanout : 1)
hpin:tr_gelu/u_exp_term2/mux_gen_opt_8bit.exp_lut[a_idx]_96_45/in_2[3] 	 (fanout : 1)
hpin:tr_gelu/u_exp_term2/mux_gen_opt_8bit.exp_lut[a_idx]_96_45/in_2[2] 	 (fanout : 1)
hpin:tr_gelu/u_exp_term2/mux_gen_opt_8bit.exp_lut[a_idx]_96_45/in_2[1] 	 (fanout : 1)
hpin:tr_gelu/u_exp_term2/mux_gen_opt_8bit.exp_lut[a_idx]_96_45/in_2[0] 	 (fanout : 1)
hpin:tr_gelu/u_exp_term2/mux_gen_opt_8bit.exp_lut[a_idx]_96_45/in_3[6] 	 (fanout : 1)
hpin:tr_gelu/u_exp_term2/mux_gen_opt_8bit.exp_lut[a_idx]_96_45/in_3[5] 	 (fanout : 1)
hpin:tr_gelu/u_exp_term2/mux_gen_opt_8bit.exp_lut[a_idx]_96_45/in_3[4] 	 (fanout : 1)
hpin:tr_gelu/u_exp_term2/mux_gen_opt_8bit.exp_lut[a_idx]_96_45/in_3[3] 	 (fanout : 1)
hpin:tr_gelu/u_exp_term2/mux_gen_opt_8bit.exp_lut[a_idx]_96_45/in_3[2] 	 (fanout : 1)
hpin:tr_gelu/u_exp_term2/mux_gen_opt_8bit.exp_lut[a_idx]_96_45/in_3[1] 	 (fanout : 1)
hpin:tr_gelu/u_exp_term2/mux_gen_opt_8bit.exp_lut[a_idx]_96_45/in_3[0] 	 (fanout : 1)
hpin:tr_gelu/u_exp_term2/mux_gen_opt_8bit.exp_lut[a_idx]_96_45/in_4[6] 	 (fanout : 1)
hpin:tr_gelu/u_exp_term2/mux_gen_opt_8bit.exp_lut[a_idx]_96_45/in_4[5] 	 (fanout : 1)
hpin:tr_gelu/u_exp_term2/mux_gen_opt_8bit.exp_lut[a_idx]_96_45/in_4[4] 	 (fanout : 1)
hpin:tr_gelu/u_exp_term2/mux_gen_opt_8bit.exp_lut[a_idx]_96_45/in_4[3] 	 (fanout : 1)
hpin:tr_gelu/u_exp_term2/mux_gen_opt_8bit.exp_lut[a_idx]_96_45/in_4[2] 	 (fanout : 1)
hpin:tr_gelu/u_exp_term2/mux_gen_opt_8bit.exp_lut[a_idx]_96_45/in_4[1] 	 (fanout : 1)
hpin:tr_gelu/u_exp_term2/mux_gen_opt_8bit.exp_lut[a_idx]_96_45/in_4[0] 	 (fanout : 1)
hpin:tr_gelu/u_exp_term2/mux_gen_opt_8bit.exp_lut[a_idx]_96_45/in_5[6] 	 (fanout : 1)
hpin:tr_gelu/u_exp_term2/mux_gen_opt_8bit.exp_lut[a_idx]_96_45/in_5[5] 	 (fanout : 1)
hpin:tr_gelu/u_exp_term2/mux_gen_opt_8bit.exp_lut[a_idx]_96_45/in_5[4] 	 (fanout : 1)
hpin:tr_gelu/u_exp_term2/mux_gen_opt_8bit.exp_lut[a_idx]_96_45/in_5[3] 	 (fanout : 1)
hpin:tr_gelu/u_exp_term2/mux_gen_opt_8bit.exp_lut[a_idx]_96_45/in_5[2] 	 (fanout : 1)
hpin:tr_gelu/u_exp_term2/mux_gen_opt_8bit.exp_lut[a_idx]_96_45/in_5[1] 	 (fanout : 1)
hpin:tr_gelu/u_exp_term2/mux_gen_opt_8bit.exp_lut[a_idx]_96_45/in_5[0] 	 (fanout : 1)
hpin:tr_gelu/u_exp_term2/mux_gen_opt_8bit.exp_lut[a_idx]_96_45/in_6[6] 	 (fanout : 1)
hpin:tr_gelu/u_exp_term2/mux_gen_opt_8bit.exp_lut[a_idx]_96_45/in_6[5] 	 (fanout : 1)
hpin:tr_gelu/u_exp_term2/mux_gen_opt_8bit.exp_lut[a_idx]_96_45/in_6[4] 	 (fanout : 1)
hpin:tr_gelu/u_exp_term2/mux_gen_opt_8bit.exp_lut[a_idx]_96_45/in_6[3] 	 (fanout : 1)
hpin:tr_gelu/u_exp_term2/mux_gen_opt_8bit.exp_lut[a_idx]_96_45/in_6[2] 	 (fanout : 1)
hpin:tr_gelu/u_exp_term2/mux_gen_opt_8bit.exp_lut[a_idx]_96_45/in_6[1] 	 (fanout : 1)
hpin:tr_gelu/u_exp_term2/mux_gen_opt_8bit.exp_lut[a_idx]_96_45/in_6[0] 	 (fanout : 1)
hpin:tr_gelu/u_exp_term2/mux_gen_opt_8bit.exp_lut[a_idx]_96_45/in_7[6] 	 (fanout : 1)
hpin:tr_gelu/u_exp_term2/mux_gen_opt_8bit.exp_lut[a_idx]_96_45/in_7[5] 	 (fanout : 1)
hpin:tr_gelu/u_exp_term2/mux_gen_opt_8bit.exp_lut[a_idx]_96_45/in_7[4] 	 (fanout : 1)
hpin:tr_gelu/u_exp_term2/mux_gen_opt_8bit.exp_lut[a_idx]_96_45/in_7[3] 	 (fanout : 1)
hpin:tr_gelu/u_exp_term2/mux_gen_opt_8bit.exp_lut[a_idx]_96_45/in_7[2] 	 (fanout : 1)
hpin:tr_gelu/u_exp_term2/mux_gen_opt_8bit.exp_lut[a_idx]_96_45/in_7[1] 	 (fanout : 1)
hpin:tr_gelu/u_exp_term2/mux_gen_opt_8bit.exp_lut[a_idx]_96_45/in_7[0] 	 (fanout : 1)
hpin:tr_gelu/u_exp_term2/mux_96_26/in_0[7] 	 (fanout : 1)
hpin:tr_gelu/u_exp_term2/mux_96_26/in_1[7] 	 (fanout : 1)
hpin:tr_gelu/u_exp_term2/mux_96_26/in_1[6] 	 (fanout : 1)
hpin:tr_gelu/u_exp_term2/mux_96_26/in_1[5] 	 (fanout : 1)
hpin:tr_gelu/u_exp_term2/mux_96_26/in_1[4] 	 (fanout : 1)
hpin:tr_gelu/u_exp_term2/mux_96_26/in_1[3] 	 (fanout : 1)
hpin:tr_gelu/u_exp_term2/mux_96_26/in_1[2] 	 (fanout : 1)
hpin:tr_gelu/u_exp_term2/mux_96_26/in_1[1] 	 (fanout : 1)
hpin:tr_gelu/u_exp_term2/mux_96_26/in_1[0] 	 (fanout : 1)
hpin:tr_gelu/u_exp_term2/u_round/eq_39_44/B 	 (fanout : 1)
hpin:tr_gelu/u_exp_term2/u_round/add_36_61/B 	 (fanout : 2)
Total number of constant hierarchical pins in design 'tr_gelu' : 194

No constant connected ports in design 'tr_gelu'

  Preserved instances(s)
  ----------------
No preserved combinational instance(s) in design 'tr_gelu'
No preserved sequential instance(s) in design 'tr_gelu'
No preserved hierarchical instance(s) in design 'tr_gelu'

  Physical only instances(s)
  ----------------
No physical only instance(s) in design 'tr_gelu'

  Logical only instance(s) and linked libcells
    -----------------------------------------
No logical only instance(s) in design 'tr_gelu'

Libcells with no corresponding LEF
----------------------------------
No libcell(s) found.

LEF cells with no corresponding libcell
---------------------------------------

No physical (LEF) cells found.

 Summary
 ------- 

              Name                       Total
----------------------------------------------
Unresolved References                        1
Empty Modules                                0
Unloaded Port(s)                             0
Unloaded Sequential Pin(s)                   0
Unloaded Combinational Pin(s)               31
Assigns                                     15
Undriven Port(s)                             0
Undriven Leaf Pin(s)                         0
Undriven hierarchical pin(s)                 0
Multidriven Port(s)                          0
Multidriven Leaf Pin(s)                    103
Multidriven hierarchical Pin(s)              5
Multidriven unloaded net(s)                  0
Constant Port(s)                             0
Constant Leaf Pin(s)                         0
Constant hierarchical Pin(s)               194
Preserved leaf instance(s)                   0
Preserved hierarchical instance(s)           0
Feedthrough Modules(s)                       0
Libcells with no LEF cell                    0
Physical (LEF) cells with no libcell         0
Subdesigns with long module name             0
Physical only instance(s)                    0
Logical only instance(s)                     0

  Done Checking the design.
