============================================================
  Generated by:           Genus(TM) Synthesis Solution 25.12-s067_1
  Generated on:           Sep 23 2026  12:34:15 pm
  Module:                 tr_nonlinear_vpu
  Operating conditions:   ss_typical_max_0p90v_125c (balanced_tree)
  Wireload mode:          top
  Area mode:              timing library
============================================================


Path 1: VIOLATED (-4188 ps) Setup Check with Pin vpu_data_out_reg[0][15]/clk->d
          Group: in2reg
     Startpoint: (R) sram_data_a[0][1]
          Clock: (R) clk
       Endpoint: (R) vpu_data_out_reg[0][15]/d
          Clock: (R) clk

                     Capture       Launch     
        Clock Edge:+    3300            0     
        Drv Adjust:+       0           70     
       Src Latency:+       0            0     
       Net Latency:+       0 (I)        0 (I) 
           Arrival:=    3300           70     
                                              
             Setup:-      64                  
       Uncertainty:-     125                  
     Required Time:=    3110                  
      Launch Clock:-      70                  
       Input Delay:-     990                  
         Data Path:-    6238                  
             Slack:=   -4188                  

Exceptions/Constraints:
  input_delay             990             dut.sdc_line_15_127_1   

#-----------------------------------------------------------------------------------------------------------------
#                 Timing Point                  Flags     Arc    Edge      Cell        Fanout Trans Delay Arrival 
#                                                                                              (ps)  (ps)   (ps)  
#-----------------------------------------------------------------------------------------------------------------
  sram_data_a[0][1]                             (u)     -        R     (arrival)           41    72     0    1060 
  u_alpha/minus_43_42_I1/g3/z                   (u)     in_0->z  F     unmapped_not         2     0    50    1111 
  u_alpha/minus_43_42_I1/g31/z                  (u)     in_1->z  R     unmapped_nor2        1     0    61    1172 
  u_alpha/minus_43_42_I1/g77/z                  (u)     in_0->z  F     unmapped_not         2     0    50    1222 
  u_alpha/minus_43_42_I1/g78/z                  (u)     in_1->z  R     unmapped_nand2       1     0    61    1282 
  u_alpha/minus_43_42_I1/g79/z                  (u)     in_1->z  F     unmapped_nand2       3     0    82    1364 
  u_alpha/minus_43_42_I1/g127/z                 (u)     in_1->z  R     unmapped_nand2       1     0    61    1425 
  u_alpha/minus_43_42_I1/g128/z                 (u)     in_1->z  F     unmapped_nand2       5     0    96    1520 
  u_alpha/minus_43_42_I1/g188/z                 (u)     in_0->z  R     unmapped_nand2       1     0    61    1581 
  u_alpha/minus_43_42_I1/g189/z                 (u)     in_1->z  F     unmapped_nand2       9     0   117    1699 
  u_alpha/minus_43_42_I1/g241/z                 (u)     in_1->z  R     unmapped_nand2       1     0    61    1759 
  u_alpha/minus_43_42_I1/g242/z                 (u)     in_1->z  F     unmapped_nand2       8     0   113    1873 
  u_alpha/minus_43_42_I1/g258/z                 (u)     in_1->z  R     unmapped_nand2       1     0    61    1933 
  u_alpha/minus_43_42_I1/g259/z                 (u)     in_1->z  F     unmapped_nand2       1     0    61    1994 
  u_alpha/minus_43_42_I1/g320/z                 (u)     in_0->z  R     unmapped_xnor2       1     0   118    2112 
  u_alpha/mux_43_25/g1/z                        (u)     data1->z R     unmapped_bmux2       3     0   139    2251 
  u_alpha/lt_48_32_I1/g25/z                     (u)     in_0->z  F     unmapped_not         2     0    50    2301 
  u_alpha/lt_48_32_I1/g75/z                     (u)     in_0->z  R     unmapped_nor2        2     0    74    2376 
  u_alpha/lt_48_32_I1/g123/z                    (u)     in_1->z  F     unmapped_nor2        2     0    74    2450 
  u_alpha/lt_48_32_I1/g174/z                    (u)     in_0->z  R     unmapped_not         1     0    37    2487 
  u_alpha/lt_48_32_I1/g175/z                    (u)     in_1->z  F     unmapped_nor2        1     0    61    2547 
  u_alpha/lt_48_32_I1/g177/z                    (u)     in_0->z  R     unmapped_nor2        1     0    61    2608 
  u_alpha/lt_48_32_I1/g221/z                    (u)     in_0->z  F     unmapped_not         1     0    37    2645 
  u_alpha/lt_48_32_I1/g222/z                    (u)     in_1->z  R     unmapped_nor2        1     0    61    2706 
  u_alpha/lt_48_32_I1/g261/z                    (u)     in_0->z  F     unmapped_nand2       1     0    61    2766 
  u_alpha/lt_48_32_I1/g26/z                     (u)     in_0->z  R     unmapped_not         1     0    37    2803 
  u_alpha/mux_GEN_LANES[0].coef_sel_48_32/g1/z  (u)     sel0->z  F     unmapped_bmux2       1     0   118    2921 
  u_alpha/mux_GEN_LANES[0].coef_sel_47_32/g2/z  (u)     data0->z F     unmapped_bmux2       1     0   118    3039 
  u_alpha/mux_GEN_LANES[0].coef_sel_46_27/g2/z  (u)     data0->z F     unmapped_bmux2      17     0   205    3244 
  u_alpha/mul_51_32_I1/g105/z                   (u)     in_0->z  R     unmapped_not         8     0    89    3334 
  u_alpha/mul_51_32_I1/g638/z                   (u)     in_0->z  R     unmapped_and2        1     0    61    3394 
  u_alpha/mul_51_32_I1/g639/z                   (u)     in_0->z  R     unmapped_or2         1     0    61    3455 
  u_alpha/mul_51_32_I1/g640/z                   (u)     in_1->z  R     unmapped_and2        2     0    74    3529 
  u_alpha/mul_51_32_I1/g974/z                   (u)     in_0->z  R     unmapped_xor2        3     0   139    3668 
  u_alpha/mul_51_32_I1/g988/z                   (u)     in_1->z  R     unmapped_xor2        1     0   118    3786 
  u_alpha/mul_51_32_I1/g989/z                   (u)     in_0->z  R     unmapped_xor2        3     0   139    3925 
  u_alpha/mul_51_32_I1/g1000/z                  (u)     in_1->z  R     unmapped_xor2        1     0   118    4043 
  u_alpha/mul_51_32_I1/g1001/z                  (u)     in_0->z  R     unmapped_xor2        3     0   139    4182 
  u_alpha/mul_51_32_I1/g1007/z                  (u)     in_1->z  R     unmapped_xor2        2     0   132    4314 
  u_alpha/mul_51_32_I1/g1343/z                  (u)     in_1->z  F     unmapped_nor2        3     0    82    4395 
  u_alpha/mul_51_32_I1/g1389/z                  (u)     in_1->z  R     unmapped_nor2        2     0    74    4469 
  u_alpha/mul_51_32_I1/g1428/z                  (u)     in_0->z  F     unmapped_not         1     0    37    4506 
  u_alpha/mul_51_32_I1/g1429/z                  (u)     in_1->z  R     unmapped_nor2        1     0    61    4567 
  u_alpha/mul_51_32_I1/g1431/z                  (u)     in_0->z  F     unmapped_nor2        1     0    61    4628 
  u_alpha/mul_51_32_I1/g1473/z                  (u)     in_0->z  R     unmapped_not         1     0    37    4664 
  u_alpha/mul_51_32_I1/g1474/z                  (u)     in_1->z  F     unmapped_nor2        1     0    61    4725 
  u_alpha/mul_51_32_I1/g1503/z                  (u)     in_0->z  R     unmapped_nand2       8     0   113    4838 
  u_alpha/mul_51_32_I1/g1510/z                  (u)     in_0->z  F     unmapped_nand2       1     0    61    4899 
  u_alpha/mul_51_32_I1/g1511/z                  (u)     in_1->z  R     unmapped_nand2       1     0    61    4960 
  u_alpha/mul_51_32_I1/g1567/z                  (u)     in_0->z  F     unmapped_xnor2       4     0   148    5108 
  u_alpha/lt_54_33_I1/g67/z                     (u)     in_0->z  R     unmapped_nor2        2     0    74    5182 
  u_alpha/lt_54_33_I1/g115/z                    (u)     in_1->z  F     unmapped_nor2        2     0    74    5256 
  u_alpha/lt_54_33_I1/g164/z                    (u)     in_0->z  R     unmapped_not         1     0    37    5293 
  u_alpha/lt_54_33_I1/g165/z                    (u)     in_1->z  F     unmapped_nor2        1     0    61    5354 
  u_alpha/lt_54_33_I1/g167/z                    (u)     in_0->z  R     unmapped_nor2        1     0    61    5415 
  u_alpha/lt_54_33_I1/g220/z                    (u)     in_1->z  F     unmapped_nor2        1     0    61    5475 
  u_alpha/lt_54_33_I1/g222/z                    (u)     in_0->z  R     unmapped_nor2        1     0    61    5536 
  u_alpha/lt_54_33_I1/g261/z                    (u)     in_0->z  F     unmapped_nand2       1     0    61    5597 
  u_alpha/lt_54_33_I1/g26/z                     (u)     in_0->z  R     unmapped_not        16     0   121    5718 
  u_alpha/mux_GEN_LANES[0].x_scaled_54_33/g15/z (u)     sel0->z  F     unmapped_bmux2       1     0   118    5836 
  u_alpha/mux_GEN_LANES[0].x_scaled_53_28/g15/z (u)     data0->z F     unmapped_bmux2       3     0   139    5975 
  u_alpha/minus_58_47_I1/g3/z                   (u)     in_0->z  R     unmapped_not         2     0    50    6025 
  u_alpha/minus_58_47_I1/g23/z                  (u)     in_1->z  F     unmapped_nor2        1     0    61    6086 
  u_alpha/minus_58_47_I1/g53/z                  (u)     in_0->z  R     unmapped_not         2     0    50    6136 
  u_alpha/minus_58_47_I1/g54/z                  (u)     in_1->z  F     unmapped_nand2       1     0    61    6197 
  u_alpha/minus_58_47_I1/g55/z                  (u)     in_1->z  R     unmapped_nand2       3     0    82    6279 
  u_alpha/minus_58_47_I1/g87/z                  (u)     in_1->z  F     unmapped_nand2       1     0    61    6340 
  u_alpha/minus_58_47_I1/g88/z                  (u)     in_1->z  R     unmapped_nand2       5     0    96    6435 
  u_alpha/minus_58_47_I1/g128/z                 (u)     in_0->z  F     unmapped_nand2       1     0    61    6496 
  u_alpha/minus_58_47_I1/g129/z                 (u)     in_1->z  R     unmapped_nand2       8     0   113    6609 
  u_alpha/minus_58_47_I1/g162/z                 (u)     in_1->z  F     unmapped_nand2       1     0    61    6670 
  u_alpha/minus_58_47_I1/g163/z                 (u)     in_1->z  R     unmapped_nand2       1     0    61    6731 
  u_alpha/minus_58_47_I1/g203/z                 (u)     in_0->z  R     unmapped_xnor2       1     0   118    6849 
  u_alpha/mux_58_40/g1/z                        (u)     data1->z R     unmapped_bmux2       2     0   132    6980 
  mux_vpu_data_out[0]_168_23/g1/z               (u)     data2->z R     unmapped_bmux8       1     0   318    7298 
  vpu_data_out_reg[0][15]/d                     -       -        R     unmapped_d_flop      1     -     0    7298 
#-----------------------------------------------------------------------------------------------------------------

(u) : Net has unmapped pin(s).

