============================================================
  Generated by:           Genus(TM) Synthesis Solution 25.12-s067_1
  Generated on:           Sep 24 2026  05:33:36 pm
  Module:                 tr_nonlinear_vpu
  Operating conditions:   ss_typical_max_0p90v_125c (balanced_tree)
  Wireload mode:          top
  Area mode:              timing library
============================================================


Path 1: VIOLATED (-2818 ps) Setup Check with Pin u_mac/vec_sum_reg_reg[31]/clk->d
          Group: reg2reg
     Startpoint: (R) u_mac/prod_reg_reg[1][1]/clk
          Clock: (R) clk
       Endpoint: (R) u_mac/vec_sum_reg_reg[31]/d
          Clock: (R) clk

                     Capture       Launch     
        Clock Edge:+    3300            0     
       Src Latency:+       0            0     
       Net Latency:+       0 (I)        0 (I) 
           Arrival:=    3300            0     
                                              
             Setup:-     266                  
       Uncertainty:-     125                  
     Required Time:=    2909                  
      Launch Clock:-       0                  
         Data Path:-    5727                  
             Slack:=   -2818                  

#-----------------------------------------------------------------------------------------------
#        Timing Point          Flags    Arc    Edge      Cell        Fanout Trans Delay Arrival 
#                                                                            (ps)  (ps)   (ps)  
#-----------------------------------------------------------------------------------------------
  u_mac/prod_reg_reg[1][1]/clk -       -       R     (arrival)         1963     0     0       0 
  u_mac/prod_reg_reg[1][1]/q   (u)     clk->q  R     unmapped_d_flop      2     0   348     348 
  u_mac/add_108_26_I2/g9/z     (u)     in_1->z F     unmapped_nor2        1     0    61     408 
  u_mac/add_108_26_I2/g71/z    (u)     in_0->z R     unmapped_not         2     0    50     459 
  u_mac/add_108_26_I2/g72/z    (u)     in_1->z F     unmapped_nand2       1     0    61     520 
  u_mac/add_108_26_I2/g73/z    (u)     in_1->z R     unmapped_nand2       3     0    82     601 
  u_mac/add_108_26_I2/g137/z   (u)     in_1->z F     unmapped_nand2       1     0    61     662 
  u_mac/add_108_26_I2/g138/z   (u)     in_1->z R     unmapped_nand2       5     0    96     758 
  u_mac/add_108_26_I2/g218/z   (u)     in_0->z F     unmapped_nand2       1     0    61     818 
  u_mac/add_108_26_I2/g219/z   (u)     in_1->z R     unmapped_nand2       9     0   117     936 
  u_mac/add_108_26_I2/g272/z   (u)     in_0->z F     unmapped_nand2       1     0    61     996 
  u_mac/add_108_26_I2/g273/z   (u)     in_1->z R     unmapped_nand2       1     0    61    1057 
  u_mac/add_108_26_I2/g394/z   (u)     in_0->z R     unmapped_xnor2       2     0   132    1189 
  u_mac/add_108_26_I3/g25/z    (u)     in_0->z F     unmapped_nor2        3     0    82    1270 
  u_mac/add_108_26_I3/g86/z    (u)     in_1->z R     unmapped_nor2        1     0    61    1331 
  u_mac/add_108_26_I3/g88/z    (u)     in_0->z F     unmapped_nor2        3     0    82    1413 
  u_mac/add_108_26_I3/g155/z   (u)     in_0->z R     unmapped_nor2        1     0    61    1473 
  u_mac/add_108_26_I3/g157/z   (u)     in_0->z F     unmapped_nor2        5     0    96    1569 
  u_mac/add_108_26_I3/g220/z   (u)     in_1->z R     unmapped_nor2        1     0    61    1630 
  u_mac/add_108_26_I3/g222/z   (u)     in_0->z F     unmapped_nor2        1     0    61    1691 
  u_mac/add_108_26_I3/g283/z   (u)     in_0->z R     unmapped_nand2       1     0    61    1752 
  u_mac/add_108_26_I3/g405/z   (u)     in_0->z R     unmapped_xnor2       2     0   132    1883 
  u_mac/add_108_26_I4/g33/z    (u)     in_0->z F     unmapped_nor2        3     0    82    1965 
  u_mac/add_108_26_I4/g94/z    (u)     in_1->z R     unmapped_nor2        1     0    61    2025 
  u_mac/add_108_26_I4/g96/z    (u)     in_0->z F     unmapped_nor2        3     0    82    2107 
  u_mac/add_108_26_I4/g165/z   (u)     in_0->z R     unmapped_nor2        1     0    61    2168 
  u_mac/add_108_26_I4/g167/z   (u)     in_0->z F     unmapped_nor2        1     0    61    2228 
  u_mac/add_108_26_I4/g234/z   (u)     in_0->z R     unmapped_not         1     0    37    2265 
  u_mac/add_108_26_I4/g235/z   (u)     in_1->z F     unmapped_nor2        1     0    61    2326 
  u_mac/add_108_26_I4/g289/z   (u)     in_0->z R     unmapped_nand2      16     0   145    2471 
  u_mac/add_108_26_I4/g331/z   (u)     in_0->z F     unmapped_nand2       1     0    61    2532 
  u_mac/add_108_26_I4/g332/z   (u)     in_1->z R     unmapped_nand2       1     0    61    2593 
  u_mac/add_108_26_I4/g415/z   (u)     in_0->z R     unmapped_xnor2       2     0   132    2725 
  u_mac/add_108_26_I5/g41/z    (u)     in_0->z F     unmapped_nor2        3     0    82    2806 
  u_mac/add_108_26_I5/g102/z   (u)     in_1->z R     unmapped_nor2        1     0    61    2867 
  u_mac/add_108_26_I5/g104/z   (u)     in_0->z F     unmapped_nor2        3     0    82    2948 
  u_mac/add_108_26_I5/g175/z   (u)     in_0->z R     unmapped_nor2        1     0    61    3009 
  u_mac/add_108_26_I5/g177/z   (u)     in_0->z F     unmapped_nor2        5     0    96    3105 
  u_mac/add_108_26_I5/g237/z   (u)     in_1->z R     unmapped_nor2        1     0    61    3166 
  u_mac/add_108_26_I5/g239/z   (u)     in_0->z F     unmapped_nor2        1     0    61    3226 
  u_mac/add_108_26_I5/g342/z   (u)     in_0->z R     unmapped_nand2       1     0    61    3287 
  u_mac/add_108_26_I5/g426/z   (u)     in_0->z R     unmapped_xnor2       2     0   132    3419 
  u_mac/add_108_26_I6/g49/z    (u)     in_0->z F     unmapped_nor2        3     0    82    3500 
  u_mac/add_108_26_I6/g110/z   (u)     in_1->z R     unmapped_nor2        1     0    61    3561 
  u_mac/add_108_26_I6/g112/z   (u)     in_0->z F     unmapped_nor2        3     0    82    3643 
  u_mac/add_108_26_I6/g185/z   (u)     in_0->z R     unmapped_nor2        1     0    61    3704 
  u_mac/add_108_26_I6/g187/z   (u)     in_0->z F     unmapped_nor2        1     0    61    3764 
  u_mac/add_108_26_I6/g251/z   (u)     in_0->z R     unmapped_not         1     0    37    3801 
  u_mac/add_108_26_I6/g252/z   (u)     in_1->z F     unmapped_nor2        8     0   113    3914 
  u_mac/add_108_26_I6/g290/z   (u)     in_1->z R     unmapped_nor2        1     0    61    3975 
  u_mac/add_108_26_I6/g292/z   (u)     in_0->z F     unmapped_nor2        1     0    61    4036 
  u_mac/add_108_26_I6/g351/z   (u)     in_0->z R     unmapped_nand2       1     0    61    4097 
  u_mac/add_108_26_I6/g436/z   (u)     in_0->z R     unmapped_xnor2       2     0   132    4228 
  u_mac/add_108_26_I7/g57/z    (u)     in_0->z F     unmapped_nor2        3     0    82    4310 
  u_mac/add_108_26_I7/g118/z   (u)     in_1->z R     unmapped_nor2        1     0    61    4370 
  u_mac/add_108_26_I7/g120/z   (u)     in_0->z F     unmapped_nor2        3     0    82    4452 
  u_mac/add_108_26_I7/g195/z   (u)     in_0->z R     unmapped_nor2        1     0    61    4513 
  u_mac/add_108_26_I7/g197/z   (u)     in_0->z F     unmapped_nor2        4     0    90    4603 
  u_mac/add_108_26_I7/g254/z   (u)     in_1->z R     unmapped_nor2        1     0    61    4664 
  u_mac/add_108_26_I7/g256/z   (u)     in_0->z F     unmapped_nor2        1     0    61    4725 
  u_mac/add_108_26_I7/g312/z   (u)     in_0->z R     unmapped_not         1     0    37    4762 
  u_mac/add_108_26_I7/g313/z   (u)     in_1->z F     unmapped_nor2        1     0    61    4822 
  u_mac/add_108_26_I7/g363/z   (u)     in_0->z R     unmapped_nand2       1     0    61    4883 
  u_mac/add_108_26_I7/g447/z   (u)     in_0->z R     unmapped_xnor2       2     0   132    5015 
  u_mac/add_108_26_I8/g65/z    (u)     in_0->z F     unmapped_nor2        3     0    82    5096 
  u_mac/add_108_26_I8/g126/z   (u)     in_1->z R     unmapped_nor2        1     0    61    5157 
  u_mac/add_108_26_I8/g128/z   (u)     in_0->z F     unmapped_nor2        2     0    74    5231 
  u_mac/add_108_26_I8/g199/z   (u)     in_1->z R     unmapped_nor2        1     0    61    5292 
  u_mac/add_108_26_I8/g201/z   (u)     in_0->z F     unmapped_nor2        1     0    61    5353 
  u_mac/add_108_26_I8/g264/z   (u)     in_0->z R     unmapped_not         1     0    37    5390 
  u_mac/add_108_26_I8/g265/z   (u)     in_1->z F     unmapped_nor2        1     0    61    5450 
  u_mac/add_108_26_I8/g322/z   (u)     in_0->z R     unmapped_not         1     0    37    5487 
  u_mac/add_108_26_I8/g323/z   (u)     in_1->z F     unmapped_nor2        1     0    61    5548 
  u_mac/add_108_26_I8/g369/z   (u)     in_0->z R     unmapped_nand2       1     0    61    5609 
  u_mac/add_108_26_I8/g452/z   (u)     in_0->z R     unmapped_xnor2       1     0   118    5727 
  u_mac/vec_sum_reg_reg[31]/d  -       -       R     unmapped_d_flop      1     -     0    5727 
#-----------------------------------------------------------------------------------------------

(u) : Net has unmapped pin(s).

