============================================================
  Generated by:           Genus(TM) Synthesis Solution 25.12-s067_1
  Generated on:           Mar 16 2026  06:07:26 pm
  Module:                 softmax_base
  Operating conditions:   ss_typical_max_0p90v_125c (balanced_tree)
  Wireload mode:          top
  Area mode:              timing library
============================================================


Path 1: VIOLATED (-1419 ps) Late External Delay Assertion at pin out_inv_S[7]
          Group: reg2out
     Startpoint: (R) dsp_mac/out_dot_reg[14]/CK
          Clock: (R) clk
       Endpoint: (R) out_inv_S[7]
          Clock: (R) clk

                     Capture       Launch     
        Clock Edge:+    3000            0     
       Src Latency:+       0            0     
       Net Latency:+       0 (I)        0 (I) 
           Arrival:=    3000            0     
                                              
      Output Delay:-     900                  
       Uncertainty:-     125                  
     Required Time:=    1975                  
      Launch Clock:-       0                  
         Data Path:-    3394                  
             Slack:=   -1419                  

Exceptions/Constraints:
  output_delay             900             softmax_base.sdc_line_18_194_1   

#----------------------------------------------------------------------------------------------------------
#              Timing Point               Flags    Arc   Edge       Cell        Fanout Trans Delay Arrival 
#                                                                                       (ps)  (ps)   (ps)  
#----------------------------------------------------------------------------------------------------------
  dsp_mac/out_dot_reg[14]/CK              -       -      R     (arrival)             8     0     0       0 
  dsp_mac/out_dot_reg[14]/Q               -       CK->Q  R     A2DFFQ_X4M_A9TL       2    98   264     264 
  fopt7/Y                                 -       A->Y   F     INV_X7P5M_A9TL        4    44    49     312 
  fopt3004/Y                              -       A->Y   R     INV_X4M_A9TL          6    96    75     388 
  g2825/Y                                 -       A1N->Y R     AOI2XB1_X3M_A9TL      1   132   188     575 
  g2815/Y                                 -       B0->Y  F     AOI2XB1_X6M_A9TL      1    71    67     642 
  g2803/Y                                 -       A->Y   R     NAND2_X6A_A9TL        2    53    56     698 
  WALLACE_CSA_DUMMY_OP_groupi_g539/Y      -       S0->Y  R     MXIT2_X3M_A9TL        1   136    84     782 
  WALLACE_CSA_DUMMY_OP_groupi_g523/Y      -       S0->Y  R     MXIT2_X3M_A9TL        1   110    99     881 
  WALLACE_CSA_DUMMY_OP_groupi_g460/CO     -       CI->CO R     ADDF_X2M_A9TL         3   153   227    1108 
  WALLACE_CSA_DUMMY_OP_groupi_g456/Y      -       A->Y   F     NAND2XB_X3M_A9TL      1    75    72    1180 
  WALLACE_CSA_DUMMY_OP_groupi_g593/Y      -       A->Y   R     NAND2_X4M_A9TL        1    75    70    1250 
  WALLACE_CSA_DUMMY_OP_groupi_g450/Y      -       S0->Y  F     MXT2_X6M_A9TL         4    80   163    1413 
  fopt8/Y                                 -       A->Y   R     INV_X4M_A9TL          2    56    60    1473 
  fopt6/Y                                 -       A->Y   R     BUF_X3P5M_A9TL        2    68   104    1576 
  g2643/Y                                 -       B->Y   F     NAND2B_X6M_A9TL       2    54    55    1631 
  g2616/Y                                 -       A->Y   R     MXIT2_X4M_A9TL        1   146    90    1721 
  g2607/Y                                 -       A->Y   F     NOR2XB_X8M_A9TL       2    75    82    1803 
  fopt3017/Y                              -       A->Y   R     INV_X6B_A9TL          1    40    46    1849 
  g2600/Y                                 -       A->Y   R     AND2_X11M_A9TL        8    87   115    1964 
  WALLACE_CSA_DUMMY_OP18_groupi_g1855/Y   -       A->Y   F     NAND2_X3A_A9TL        1    92    85    2049 
  WALLACE_CSA_DUMMY_OP18_groupi_g1838/Y   -       B->Y   R     NAND2_X8A_A9TL        3    67    75    2124 
  WALLACE_CSA_DUMMY_OP18_groupi_g1802/Y   -       A->Y   F     NAND2_X3A_A9TL        1    77    71    2196 
  WALLACE_CSA_DUMMY_OP18_groupi_g1788/Y   -       B0->Y  R     OAI2XB1_X8M_A9TL      2    98    74    2269 
  WALLACE_CSA_DUMMY_OP18_groupi_g1757/Y   -       A0->Y  F     AOI2XB1_X4M_A9TL      1    58    63    2332 
  WALLACE_CSA_DUMMY_OP18_groupi_g1700/SUM -       A->SUM F     ADDFH_X2M_A9TL        2   114   359    2691 
  WALLACE_CSA_DUMMY_OP18_groupi_g1693/Y   -       A->Y   R     NAND2_X6A_A9TL        3    73    80    2771 
  WALLACE_CSA_DUMMY_OP18_groupi_g1683/Y   -       B->Y   F     NAND2_X4A_A9TL        2    89    84    2855 
  WALLACE_CSA_DUMMY_OP18_groupi_g1678/Y   -       A0->Y  R     OAI21_X6M_A9TL        1   106   102    2958 
  WALLACE_CSA_DUMMY_OP18_groupi_g1677/Y   -       A->Y   F     NOR2_X8A_A9TL         4    65    71    3029 
  WALLACE_CSA_DUMMY_OP18_groupi_g1673/Y   -       A0->Y  R     OAI2XB1_X8M_A9TL      1    79    80    3109 
  WALLACE_CSA_DUMMY_OP18_groupi_g1672/Y   -       A->Y   F     NAND2_X6M_A9TL        1    48    47    3156 
  WALLACE_CSA_DUMMY_OP18_groupi_g1913/Y   -       A->Y   R     NAND2_X6M_A9TL        1    66    50    3205 
  WALLACE_CSA_DUMMY_OP18_groupi_g1668/Y   -       A->Y   R     XNOR2_X3M_A9TL        1   194    87    3292 
  g2450/Y                                 -       A->Y   F     INV_X4M_A9TL          1    58    57    3349 
  g2437/Y                                 -       A->Y   R     NAND2_X4A_A9TL        1   125    45    3394 
  out_inv_S[7]                            -       -      R     (port)                -     -     0    3394 
#----------------------------------------------------------------------------------------------------------

