============================================================
  Generated by:           Genus(TM) Synthesis Solution 25.12-s067_1
  Generated on:           Mar 16 2026  06:07:26 pm
  Module:                 softmax_base
  Operating conditions:   ss_typical_max_0p90v_125c (balanced_tree)
  Wireload mode:          top
  Area mode:              timing library
============================================================


Path 1: MET (82 ps) Setup Check with Pin dsp_mac/vec_sum_reg_reg[14]/CK->B
          Group: reg2reg
     Startpoint: (R) dsp_mac/prod_reg_reg[3][3]/CK
          Clock: (R) clk
       Endpoint: (R) dsp_mac/vec_sum_reg_reg[14]/B
          Clock: (R) clk

                     Capture       Launch     
        Clock Edge:+    3000            0     
       Src Latency:+       0            0     
       Net Latency:+       0 (I)        0 (I) 
           Arrival:=    3000            0     
                                              
             Setup:-     257                  
       Uncertainty:-     125                  
     Required Time:=    2618                  
      Launch Clock:-       0                  
         Data Path:-    2536                  
             Slack:=      82                  

#-----------------------------------------------------------------------------------------------------------------------
#                   Timing Point                     Flags    Arc   Edge        Cell         Fanout Trans Delay Arrival 
#                                                                                                    (ps)  (ps)   (ps)  
#-----------------------------------------------------------------------------------------------------------------------
  dsp_mac/prod_reg_reg[3][3]/CK                      -       -      R     (arrival)             208     0     0       0 
  dsp_mac/prod_reg_reg[3][3]/Q                       -       CK->Q  R     DFFQ_X1M_A9TL           2   186   317     317 
  dsp_mac/csa_tree_ADD_TC_OP_6_groupi_g5700__2398/Y  -       B->Y   R     XOR2_X2M_A9TL           1   176   152     469 
  dsp_mac/g5718/Y                                    -       B->Y   R     XOR2_X1M_A9TL           2   302   215     684 
  dsp_mac/csa_tree_ADD_TC_OP_6_groupi_g5536__2398/CO -       CI->CO R     CGEN_X2M_A9TL           2    95   231     915 
  dsp_mac/csa_tree_ADD_TC_OP_6_groupi_g5484__7410/Y  -       A->Y   F     XNOR3_X1M_A9TL          1   123   186    1100 
  dsp_mac/csa_tree_ADD_TC_OP_6_groupi_g5450__1666/CO -       A->CO  F     ADDF_X1M_A9TL           2   109   253    1353 
  dsp_mac/csa_tree_ADD_TC_OP_6_groupi_g5426__6260/Y  -       BN->Y  F     NAND2XB_X2M_A9TL        2    81   164    1517 
  dsp_mac/csa_tree_ADD_TC_OP_6_groupi_g5401__1617/Y  -       C->Y   R     NAND3_X2M_A9TL          1   102   100    1617 
  dsp_mac/csa_tree_ADD_TC_OP_6_groupi_g5683__7098/Y  -       B0->Y  F     OAI2XB1_X1P4M_A9TL      1    83    82    1699 
  dsp_mac/csa_tree_ADD_TC_OP_6_groupi_g5384__9945/Y  -       B->Y   R     NAND2_X1A_A9TL          1   105    95    1794 
  dsp_mac/csa_tree_ADD_TC_OP_6_groupi_g5380__7482/Y  -       D->Y   F     NAND4_X3M_A9TL          5   201   165    1959 
  dsp_mac/csa_tree_ADD_TC_OP_6_groupi_g5376__7098/Y  -       A1->Y  F     AO21_X1M_A9TL           3   123   252    2211 
  dsp_mac/csa_tree_ADD_TC_OP_6_groupi_g5367__5526/Y  -       A1->Y  R     AOI21_X1M_A9TL          1   198   174    2385 
  dsp_mac/csa_tree_ADD_TC_OP_6_groupi_g5363__5107/Y  -       A->Y   R     XOR2_X0P7M_A9TL         1   221   152    2536 
  dsp_mac/vec_sum_reg_reg[14]/B                      -       -      R     A2DFFQ_X0P5M_A9TR       1     -     0    2536 
#-----------------------------------------------------------------------------------------------------------------------

