============================================================
  Generated by:           Genus(TM) Synthesis Solution 25.12-s067_1
  Generated on:           Apr 11 2026  11:29:52 am
  Module:                 transformer_core_top
  Operating conditions:   ss_typical_max_0p90v_125c (balanced_tree)
  Wireload mode:          top
  Area mode:              timing library
============================================================


Path 1: VIOLATED (-2813 ps) Setup Check with Pin u_datapath/u_mac_engine/b_reg_reg[7][7]/CK->D
          Group: in2reg
     Startpoint: (R) host_opcode[3]
          Clock: (R) clk
       Endpoint: (R) u_datapath/u_mac_engine/b_reg_reg[7][7]/D
          Clock: (R) clk

                     Capture       Launch     
        Clock Edge:+    5000            0     
        Drv Adjust:+       0           45     
       Src Latency:+       0            0     
       Net Latency:+       0 (I)        0 (I) 
           Arrival:=    5000           45     
                                              
             Setup:-      85                  
       Uncertainty:-     125                  
     Required Time:=    4790                  
      Launch Clock:-      45                  
       Input Delay:-    1500                  
         Data Path:-    6057                  
             Slack:=   -2813                  

Exceptions/Constraints:
  input_delay             1500            transformer_core_top_line_16_2_1   

#----------------------------------------------------------------------------------------------------------------------------------------
#                            Timing Point                             Flags    Arc   Edge        Cell         Fanout Trans Delay Arrival 
#                                                                                                                     (ps)  (ps)   (ps)  
#----------------------------------------------------------------------------------------------------------------------------------------
  host_opcode[3]                                                      -       -      R     (arrival)               2    95     0    1545 
  u_ctrl/fopt1393/Y                                                   -       A->Y   F     INV_X7P5M_A9TL          2    37    41    1586 
  u_ctrl/g1339__5477/Y                                                -       A->Y   R     NOR2_X8M_A9TL           2    69    58    1645 
  u_ctrl/g1379__5122/Y                                                -       A->Y   F     NAND3XXB_X6M_A9TL       1    64    59    1704 
  u_ctrl/fopt6/Y                                                      -       A->Y   R     INV_X6M_A9TL            3    54    57    1760 
  u_datapath/g10013/Y                                                 -       B->Y   F     NAND2_X8M_A9TL          2    57    58    1818 
  u_datapath/g10012/Y                                                 -       A->Y   R     INV_X6M_A9TL            7   115    91    1909 
  u_datapath/g10011/Y                                                 -       A->Y   F     INV_X7P5M_A9TL          1    39    42    1951 
  u_datapath/g10010/Y                                                 -       A->Y   R     INV_X7P5M_A9TL          6   108    80    2031 
  u_datapath/g10026/Y                                                 -       A->Y   F     NAND2_X3A_A9TL          1    96    90    2120 
  u_datapath/g9714/Y                                                  -       B->Y   R     NAND2_X8B_A9TL          6    79    84    2204 
  u_datapath/u_tr_array/u_ln_0_20b/g4331/Y                            -       B->Y   F     NAND2_X1A_A9TL          1   129   109    2313 
  u_datapath/u_tr_array/u_ln_0_20b/g4246/Y                            -       B0->Y  R     OAI2XB1_X4M_A9TL        1   127   106    2420 
  u_datapath/u_tr_array/u_ln_0_20b/g4203/Y                            -       B0->Y  F     AOI2XB1_X8M_A9TL        1    64    60    2479 
  u_datapath/u_tr_array/u_ln_0_20b/g4191/Y                            -       B0->Y  R     OAI2XB1_X8M_A9TL        1    79    60    2539 
  u_datapath/u_tr_array/u_ln_0_20b/g4161/Y                            -       A0->Y  F     AOI21_X6M_A9TL          1    57    64    2604 
  u_datapath/u_tr_array/u_ln_0_20b/g4141/Y                            -       B->Y   R     NAND2_X6M_A9TL          2    72    72    2676 
  u_datapath/u_tr_array/u_ln_0_20b/csa_tree_ADD_TC_OP_7_groupi_g894/Y -       A->Y   F     INV_X6M_A9TL            4    41    47    2723 
  u_datapath/u_tr_array/u_ln_0_20b/csa_tree_ADD_TC_OP_7_groupi_g876/Y -       AN->Y  F     NAND2B_X6M_A9TL         1    47    96    2819 
  u_datapath/u_tr_array/u_ln_0_20b/csa_tree_ADD_TC_OP_7_groupi_g865/Y -       B0N->Y R     AO21B_X4M_A9TL          2    93    65    2884 
  u_datapath/u_tr_array/u_ln_0_20b/csa_tree_ADD_TC_OP_7_groupi_g837/Y -       S0->Y  R     MXIT2_X4M_A9TL          2   167   111    2995 
  u_datapath/u_tr_array/u_ln_0_20b/csa_tree_ADD_TC_OP_7_groupi_g813/Y -       A->Y   F     INV_X4M_A9TL            1    61    64    3059 
  u_datapath/u_tr_array/u_ln_0_20b/csa_tree_ADD_TC_OP_7_groupi_g799/Y -       A->Y   R     NAND2XB_X8M_A9TL        2    73    62    3121 
  u_datapath/u_tr_array/u_ln_0_20b/csa_tree_ADD_TC_OP_7_groupi_g785/Y -       A->Y   F     NAND2_X6M_A9TL          1    50    52    3173 
  u_datapath/u_tr_array/u_ln_0_20b/csa_tree_ADD_TC_OP_7_groupi_g765/Y -       A1->Y  R     OAI21_X8M_A9TL          4   140   122    3295 
  u_datapath/u_tr_array/u_ln_0_20b/csa_tree_ADD_TC_OP_7_groupi_g726/Y -       S0->Y  R     MXIT2_X3M_A9TL          1   129   107    3402 
  u_datapath/u_tr_array/g6851/Y                                       -       A->Y   F     INV_X4M_A9TL            2    63    70    3472 
  u_datapath/u_tr_array/g6284/Y                                       -       B->Y   R     NAND2_X8M_A9TL          2    82    79    3552 
  u_datapath/u_tr_array/fopt2/Y                                       -       A->Y   F     INV_X9M_A9TL            2    39    45    3596 
  u_datapath/u_tr_array/g6157/Y                                       -       C->Y   F     AND3_X11M_A9TL          5    57   134    3730 
  u_datapath/u_tr_array/g6139/Y                                       -       A->Y   R     NAND2XB_X8M_A9TL        3    96    74    3804 
  u_datapath/u_tr_array/g6119/Y                                       -       A->Y   F     INV_X7P5M_A9TL          1    32    36    3840 
  u_datapath/u_tr_array/g6113/Y                                       -       A->Y   R     NAND2XB_X6M_A9TL        2    71    47    3887 
  u_datapath/u_tr_array/g6108/Y                                       -       B->Y   F     NAND3XXB_X4M_A9TL       1    88    72    3960 
  u_datapath/u_tr_array/g6092/Y                                       -       B->Y   R     NAND3XXB_X6M_A9TL       3   126   106    4065 
  u_datapath/u_tr_array/u_exp_0_20b/u_quad/square_mul_42_37_g791/Y    -       A->Y   F     NAND2_X6M_A9TL          1    57    55    4121 
  u_datapath/u_tr_array/u_exp_0_20b/u_quad/fopt891/Y                  -       A->Y   R     INV_X6M_A9TL            2    58    57    4178 
  u_datapath/u_tr_array/u_exp_0_20b/u_quad/fopt890/Y                  -       A->Y   F     INV_X7P5M_A9TL          3    32    37    4215 
  u_datapath/u_tr_array/u_exp_0_20b/u_quad/square_mul_42_37_g730/Y    -       B->Y   R     NAND2_X3M_A9TL          1    83    66    4281 
  u_datapath/u_tr_array/u_exp_0_20b/u_quad/square_mul_42_37_g708/Y    -       A->Y   F     NAND3_X6M_A9TL          2    73    66    4348 
  u_datapath/u_tr_array/u_exp_0_20b/u_quad/square_mul_42_37_g673/Y    -       B->Y   F     XNOR3_X4M_A9TL          2    92   250    4598 
  u_datapath/u_tr_array/u_exp_0_20b/u_quad/square_mul_42_37_g641/Y    -       A->Y   R     NOR2XB_X8M_A9TL         2   102    92    4690 
  u_datapath/u_tr_array/u_exp_0_20b/u_quad/square_mul_42_37_g630/Y    -       A0->Y  F     OAI2XB1_X8M_A9TL        2    62    69    4759 
  u_datapath/u_tr_array/u_exp_0_20b/u_quad/fopt931/Y                  -       A->Y   R     INV_X4M_A9TL            1    44    48    4807 
  u_datapath/u_tr_array/u_exp_0_20b/u_quad/square_mul_42_37_g607/Y    -       B0->Y  F     OAI21_X6M_A9TL          1    58    54    4861 
  u_datapath/u_tr_array/u_exp_0_20b/u_quad/square_mul_42_37_g605/Y    -       A->Y   R     NAND2XB_X8M_A9TL        1    62    54    4916 
  u_datapath/u_tr_array/u_exp_0_20b/u_quad/square_mul_42_37_g600/Y    -       A->Y   F     NAND2XB_X8M_A9TL        3    63    58    4973 
  u_datapath/u_tr_array/u_exp_0_20b/u_quad/square_mul_42_37_g598/Y    -       A->Y   R     NAND2XB_X6M_A9TL        1    65    57    5030 
  u_datapath/u_tr_array/u_exp_0_20b/u_quad/square_mul_42_37_g595/Y    -       A->Y   F     NAND2XB_X6M_A9TL        1    44    45    5076 
  u_datapath/u_tr_array/u_exp_0_20b/u_quad/square_mul_42_37_g593/Y    -       S0->Y  R     MXIT2_X4M_A9TL          3   268   140    5216 
  u_datapath/u_tr_array/u_exp_0_20b/g1023/Y                           -       A->Y   F     NOR2XB_X8M_A9TL         2   102   110    5326 
  u_datapath/u_tr_array/u_exp_0_20b/g1004/Y                           -       A->Y   R     NOR2_X8B_A9TL           1    67    68    5394 
  u_datapath/u_tr_array/u_exp_0_20b/g989/Y                            -       A->Y   F     NAND2_X6M_A9TL          1    52    45    5438 
  u_datapath/u_tr_array/u_exp_0_20b/g985/Y                            -       A->Y   R     NAND2XB_X6M_A9TL        1    73    58    5496 
  u_datapath/u_tr_array/u_exp_0_20b/g980/Y                            -       A->Y   F     NAND2XB_X8M_A9TL        3    60    58    5554 
  u_datapath/u_tr_array/u_exp_0_20b/g977/Y                            -       S0->Y  R     MXT2_X6M_A9TL           7   126   182    5736 
  u_datapath/WALLACE_CSA_DUMMY_OP_groupi_g5223/Y                      -       A->Y   R     XNOR2_X4M_A9TL          4   246   134    5871 
  u_datapath/WALLACE_CSA_DUMMY_OP_groupi_g4945/Y                      -       A->Y   R     AND2_X6M_A9TL           9   114   188    6058 
  u_datapath/fopt18073/Y                                              -       A->Y   F     INV_X3M_A9TL            2    55    61    6119 
  u_datapath/WALLACE_CSA_DUMMY_OP_groupi_g4855/Y                      -       A0->Y  F     OA22_X1M_A9TL           2   147   226    6345 
  u_datapath/WALLACE_CSA_DUMMY_OP_groupi_g4783/Y                      -       S0->Y  F     MXIT2_X3M_A9TL          1    92   115    6460 
  u_datapath/WALLACE_CSA_DUMMY_OP_groupi_g4678/Y                      -       S0->Y  F     MXIT2_X3M_A9TL          1    74    90    6550 
  u_datapath/WALLACE_CSA_DUMMY_OP_groupi_g4608/SUM                    -       B->SUM F     ADDFH_X2M_A9TL          2   104   307    6857 
  u_datapath/WALLACE_CSA_DUMMY_OP_groupi_g4596/Y                      -       A->Y   R     NAND2_X4A_A9TL          2    79    81    6938 
  u_datapath/fopt18036/Y                                              -       A->Y   F     INV_X4M_A9TL            2    37    43    6982 
  u_datapath/WALLACE_CSA_DUMMY_OP_groupi_g4559/Y                      -       A->Y   R     NOR2_X4M_A9TL           2   110    83    7065 
  u_datapath/WALLACE_CSA_DUMMY_OP_groupi_g4549/Y                      -       A->Y   F     NAND2_X3M_A9TL          1    51    52    7117 
  u_datapath/WALLACE_CSA_DUMMY_OP_groupi_g4533/Y                      -       A1N->Y F     AOI2XB1_X3M_A9TL        1    92   148    7265 
  u_datapath/WALLACE_CSA_DUMMY_OP_groupi_g4530/Y                      -       A->Y   R     XNOR3_X4M_A9TL          1    76   154    7420 
  u_datapath/g17603/Y                                                 -       A->Y   F     NAND2_X8A_A9TL          8   109    75    7494 
  u_datapath/g16741/Y                                                 -       A->Y   R     NAND4XXXB_X2M_A9TL      1   147   108    7602 
  u_datapath/u_mac_engine/b_reg_reg[7][7]/D                           -       -      R     DFFQ_X2M_A9TL           1     -     0    7603 
#----------------------------------------------------------------------------------------------------------------------------------------

