============================================================
  Generated by:           Genus(TM) Synthesis Solution 25.12-s067_1
  Generated on:           Apr 12 2026  06:42:08 pm
  Module:                 transformer_core_top
  Operating conditions:   ss_typical_max_0p90v_125c (balanced_tree)
  Wireload mode:          top
  Area mode:              timing library
============================================================

         Instance                              Module                     Cell-Count  Cell-Area  Net-Area   Total-Area  Wireload  
----------------------------------------------------------------------------------------------------------------------------------
transformer_core_top       NA                                                  12103  50947.920     0.000    50947.920 Small (D)  
  u_ctrl                   transformer_core_ctrl_MAX_LATENCY2                     92    335.880     0.000      335.880 Small (T)  
  u_datapath               transformer_core_datapath_N8_W8_ACC_W32_FRAC4       12011  50612.040     0.000    50612.040 Small (T)  
    u_alpha_stab           alpha_stabilizer_N8_W8                               1280   4399.920     0.000     4399.920 Small (T)  
    u_mac_engine           vec_mul_N8_W8_ACC_W32                                4325  17055.000     0.000    17055.000 Small (T)  
    u_piped_max            piped_max_NUM_INPUTS8_DATA_WIDTH8                     191    847.800     0.000      847.800 Small (T)  
    u_scalar_sub           scalar_sub_NUM_INPUTS8_DATA_WIDTH8                    679   2989.080     0.000     2989.080 Small (T)  
    u_tr_array             tr_hetero_array_N8                                   2537  10109.160     0.000    10109.160 Small (T)  
      GEN_LANES[1].u_exp_i tr_exp_alu_WIDTH8_FRAC_W4_LUT_IDX_W3_525               20     50.040     0.000       50.040 Small (T)  
        u_quad             quadratic_divider_WIDTH8_FRAC_W4_3625                   5      8.640     0.000        8.640 Small (T)  
        u_round            round_WIDTH8_FRAC_W4_LUT_IDX_W3_518                     9     20.880     0.000       20.880 Small (T)  
      GEN_LANES[1].u_ln_i  tr_ln_WIDTH8_BITS4_OUT_WIDTH8_532                     103    444.600     0.000      444.600 Small (T)  
      GEN_LANES[2].u_exp_i tr_exp_alu_WIDTH8_FRAC_W4_LUT_IDX_W3_524               20     50.040     0.000       50.040 Small (T)  
        u_quad             quadratic_divider_WIDTH8_FRAC_W4_3624                   5      8.640     0.000        8.640 Small (T)  
        u_round            round_WIDTH8_FRAC_W4_LUT_IDX_W3_517                     9     20.880     0.000       20.880 Small (T)  
      GEN_LANES[2].u_ln_i  tr_ln_WIDTH8_BITS4_OUT_WIDTH8_531                     125    604.800     0.000      604.800 Small (T)  
      GEN_LANES[3].u_exp_i tr_exp_alu_WIDTH8_FRAC_W4_LUT_IDX_W3_523               20     50.040     0.000       50.040 Small (T)  
        u_quad             quadratic_divider_WIDTH8_FRAC_W4_3623                   5      8.640     0.000        8.640 Small (T)  
        u_round            round_WIDTH8_FRAC_W4_LUT_IDX_W3_516                     9     20.880     0.000       20.880 Small (T)  
      GEN_LANES[3].u_ln_i  tr_ln_WIDTH8_BITS4_OUT_WIDTH8_530                     118    658.440     0.000      658.440 Small (T)  
      GEN_LANES[4].u_exp_i tr_exp_alu_WIDTH8_FRAC_W4_LUT_IDX_W3_522               20     50.040     0.000       50.040 Small (T)  
        u_quad             quadratic_divider_WIDTH8_FRAC_W4_3622                   5      8.640     0.000        8.640 Small (T)  
        u_round            round_WIDTH8_FRAC_W4_LUT_IDX_W3_515                     9     20.880     0.000       20.880 Small (T)  
      GEN_LANES[4].u_ln_i  tr_ln_WIDTH8_BITS4_OUT_WIDTH8_529                      91    409.680     0.000      409.680 Small (T)  
      GEN_LANES[5].u_exp_i tr_exp_alu_WIDTH8_FRAC_W4_LUT_IDX_W3_521               20     50.040     0.000       50.040 Small (T)  
        u_quad             quadratic_divider_WIDTH8_FRAC_W4_3621                   5      8.640     0.000        8.640 Small (T)  
        u_round            round_WIDTH8_FRAC_W4_LUT_IDX_W3_514                     9     20.880     0.000       20.880 Small (T)  
      GEN_LANES[5].u_ln_i  tr_ln_WIDTH8_BITS4_OUT_WIDTH8_528                     100    389.160     0.000      389.160 Small (T)  
      GEN_LANES[6].u_exp_i tr_exp_alu_WIDTH8_FRAC_W4_LUT_IDX_W3_520               20     50.040     0.000       50.040 Small (T)  
        u_quad             quadratic_divider_WIDTH8_FRAC_W4_3620                   5      8.640     0.000        8.640 Small (T)  
        u_round            round_WIDTH8_FRAC_W4_LUT_IDX_W3_513                     9     20.880     0.000       20.880 Small (T)  
      GEN_LANES[6].u_ln_i  tr_ln_WIDTH8_BITS4_OUT_WIDTH8_527                     110    488.880     0.000      488.880 Small (T)  
      GEN_LANES[7].u_exp_i tr_exp_alu_WIDTH8_FRAC_W4_LUT_IDX_W3_519               20     50.040     0.000       50.040 Small (T)  
        u_quad             quadratic_divider_WIDTH8_FRAC_W4_3619                   5      8.640     0.000        8.640 Small (T)  
        u_round            round_WIDTH8_FRAC_W4_LUT_IDX_W3_512                     9     20.880     0.000       20.880 Small (T)  
      GEN_LANES[7].u_ln_i  tr_ln_WIDTH8_BITS4_OUT_WIDTH8_526                     122    543.240     0.000      543.240 Small (T)  
      u_exp_0_20b          tr_exp_alu_WIDTH20_FRAC_W8_LUT_IDX_W4                 173    610.560     0.000      610.560 Small (T)  
        u_quad             quadratic_divider_WIDTH20_FRAC_W8                     126    458.280     0.000      458.280 Small (T)  
        u_round            round_WIDTH20_FRAC_W8_LUT_IDX_W4                       13     34.200     0.000       34.200 Small (T)  
      u_exp_0_8b           tr_exp_alu_WIDTH8_FRAC_W4_LUT_IDX_W3                   22     50.760     0.000       50.760 Small (T)  
        u_quad             quadratic_divider_WIDTH8_FRAC_W4                        5      8.640     0.000        8.640 Small (T)  
        u_round            round_WIDTH8_FRAC_W4_LUT_IDX_W3                        11     21.600     0.000       21.600 Small (T)  
      u_ln_0_20b           tr_ln_WIDTH20_BITS8_OUT_WIDTH20                       387   1673.640     0.000     1673.640 Small (T)  
      u_ln_0_8b            tr_ln_WIDTH8_BITS4_OUT_WIDTH8                         107    486.720     0.000      486.720 Small (T)  
      u_lut_20b            q12_8_lut                                              39     69.120     0.000       69.120 Small (T)  
      u_shared_rom         shared_lut_rom_N8                                      58    117.360     0.000      117.360 Small (T)  
  (D) = wireload is default in technology library
  (T) = wireload mode is 'top'
