============================================================
  Generated by:           Genus(TM) Synthesis Solution 25.12-s067_1
  Generated on:           Mar 26 2026  02:10:28 pm
  Module:                 tr_softmax
  Operating conditions:   ss_typical_max_0p90v_125c (balanced_tree)
  Wireload mode:          top
  Area mode:              timing library
============================================================

Timing
--------

Clock Period 
-------------
clk   3000.0 


        Cost          Critical         Violating 
       Group         Path Slack  TNS     Paths   
-------------------------------------------------
cg_enable_group_clk      1442.2   0.0          0 
clk                    No paths   0.0            
default                No paths   0.0            
in2out                 No paths   0.0            
in2reg                     56.4   0.0          0 
reg2out                     0.6   0.0          0 
reg2reg                    56.2   0.0          0 
-------------------------------------------------
Total                             0.0          0 

Instance Count
--------------
Leaf Instance Count             3107 
Physical Instance count            0 
Sequential Instance Count        568 
Combinational Instance Count    2539 
Hierarchical Instance Count       27 

Area
----
Cell Area                          12721.680
Physical Cell Area                 0.000
Total Cell Area (Cell+Physical)    12721.680
Net Area                           0.000
Total Area (Cell+Physical+Net)     12721.680

Max Fanout                         285 (clk)
Min Fanout                         0 (n_2)
Average Fanout                     2.1
Terms to net ratio                 3.1013
Terms to instance ratio            3.3399
Runtime                            190.35754800000004 seconds
Elapsed Runtime                    190 seconds
Genus peak memory usage            2470.39 
Innovus peak memory usage          no_value 
Hostname                           enicsw11.local
