============================================================
  Generated by:           Genus(TM) Synthesis Solution 25.12-s067_1
  Generated on:           Sep 23 2026  03:06:23 pm
  Module:                 tr_nonlinear_vpu
  Operating conditions:   ss_typical_max_0p90v_125c (balanced_tree)
  Wireload mode:          top
  Area mode:              timing library
============================================================


Path 1: VIOLATED (-282 ps) Setup Check with Pin u_backbone/s1_vec_in_reg[6][9]/CK->D
          Group: in2reg
     Startpoint: (R) sram_data_a[6][11]
          Clock: (R) clk
       Endpoint: (F) u_backbone/s1_vec_in_reg[6][9]/D
          Clock: (R) clk

                     Capture       Launch     
        Clock Edge:+    3300            0     
        Drv Adjust:+       0           73     
       Src Latency:+       0            0     
       Net Latency:+       0 (I)        0 (I) 
           Arrival:=    3300           73     
                                              
             Setup:-     105                  
       Uncertainty:-     125                  
     Required Time:=    3070                  
      Launch Clock:-      73                  
       Input Delay:-     990                  
         Data Path:-    2290                  
             Slack:=    -282                  

Exceptions/Constraints:
  input_delay             990             dut.sdc_line_15_13_1   

#------------------------------------------------------------------------------------------------------
#            Timing Point             Flags    Arc   Edge       Cell        Fanout Trans Delay Arrival 
#                                                                                   (ps)  (ps)   (ps)  
#------------------------------------------------------------------------------------------------------
  sram_data_a[6][11]                  -       -      R     (arrival)             6   143     0    1063 
  u_alpha/g6823/Y                     -       A->Y   F     INV_X6M_A9TL          2    50    53    1115 
  u_alpha/g6814__6783/Y               -       A->Y   R     NAND3_X6M_A9TL        1    97    69    1184 
  u_alpha/g6812__8428/Y               -       A->Y   F     NAND2_X8M_A9TL        2    64    64    1248 
  u_alpha/g6807__5477/Y               -       A->Y   F     AND3_X11M_A9TL        2    44   108    1356 
  u_alpha/g6806/Y                     -       A->Y   R     INV_X7P5M_A9TL        1    38    39    1395 
  u_alpha/g6803__1666/Y               -       A0->Y  F     OAI2XB1_X8M_A9TL      1    79    64    1459 
  u_alpha/fopt7510/Y                  -       A->Y   R     INV_X16M_A9TL        15    98    89    1549 
  u_alpha/fopt7509/Y                  -       A->Y   F     INV_X5M_A9TL          2    44    49    1598 
  u_alpha/MULT_TC_OP787_g1095__5122/Y -       A->Y   R     NOR2_X4A_A9TL         1   120    92    1690 
  u_alpha/MULT_TC_OP787_g1016__5526/Y -       A0->Y  F     OAI21_X8M_A9TL        2    86    74    1764 
  u_alpha/MULT_TC_OP787_g966__7410/Y  -       B->Y   F     XOR3_X4M_A9TL         2    88   249    2013 
  u_alpha/MULT_TC_OP787_g950__5115/Y  -       A->Y   R     NOR2XB_X8M_A9TL       2    78    76    2088 
  u_alpha/MULT_TC_OP787_g944/Y        -       A->Y   F     INV_X4M_A9TL          2    41    47    2136 
  u_alpha/MULT_TC_OP787_g893__5122/Y  -       B->Y   R     NAND4_X4A_A9TL        1   114    77    2213 
  u_alpha/MULT_TC_OP787_g886__5526/Y  -       BN->Y  R     NAND2XB_X8M_A9TL      1    65   125    2338 
  u_alpha/MULT_TC_OP787_g882__6260/Y  -       B->Y   F     NAND2_X8M_A9TL        2    52    58    2396 
  u_alpha/MULT_TC_OP787_g871__2346/Y  -       A0->Y  R     AOI2XB1_X8M_A9TL      1    83    81    2477 
  u_alpha/MULT_TC_OP787_g870__2883/Y  -       A->Y   F     NAND2XB_X8M_A9TL      2    53    53    2530 
  u_alpha/MULT_TC_OP787_g867__6161/Y  -       A->Y   R     NAND2XB_X6M_A9TL      1    69    53    2584 
  u_alpha/MULT_TC_OP787_g865__7482/Y  -       A->Y   F     NAND2XB_X6M_A9TL      1    45    46    2630 
  u_alpha/MULT_TC_OP787_g864__5115/Y  -       S0->Y  R     MXIT2_X4M_A9TL        2   175    93    2723 
  u_alpha/g6765__6260/Y               -       BN->Y  R     NAND2XB_X8M_A9TL      2    72   148    2870 
  u_alpha/g6764__5107/Y               -       A->Y   F     NAND2_X8M_A9TL        3    71    65    2935 
  u_alpha/g6758__1666/Y               -       A->Y   R     NAND2XB_X8M_A9TL      2   101    82    3018 
  u_alpha/g6755/Y                     -       A->Y   F     INV_X16M_A9TL        10    52    58    3075 
  u_alpha/g6747__6131/Y               -       C0->Y  R     OAI211_X4M_A9TL       1   138    73    3148 
  u_alpha/g6742__2802/Y               -       B0N->Y F     AO21B_X4M_A9TL        2    76    73    3221 
  g14840/Y                            -       A->Y   R     NAND2_X2A_A9TL        1    66    64    3285 
  g14116/Y                            -       C0->Y  F     OAI211_X3M_A9TL       1    91    67    3352 
  u_backbone/s1_vec_in_reg[6][9]/D    -       -      F     DFFRPQ_X4M_A9TL       1     -     0    3352 
#------------------------------------------------------------------------------------------------------

