============================================================
  Generated by:           Genus(TM) Synthesis Solution 25.12-s067_1
  Generated on:           Sep 24 2026  04:26:57 pm
  Module:                 tr_nonlinear_vpu
  Operating conditions:   ss_typical_max_0p90v_125c (balanced_tree)
  Wireload mode:          top
  Area mode:              timing library
============================================================


Path 1: VIOLATED (-199 ps) Setup Check with Pin u_backbone/s2_post_ln_reg_reg[5][10]/CK->D
          Group: reg2reg
     Startpoint: (R) u_backbone/s1_mode_pre_ln_reg/CK
          Clock: (R) clk
       Endpoint: (F) u_backbone/s2_post_ln_reg_reg[5][10]/D
          Clock: (R) clk

                     Capture       Launch     
        Clock Edge:+    3300            0     
       Src Latency:+       0            0     
       Net Latency:+       0 (I)        0 (I) 
           Arrival:=    3300            0     
                                              
             Setup:-     102                  
       Uncertainty:-     125                  
     Required Time:=    3073                  
      Launch Clock:-       0                  
         Data Path:-    3272                  
             Slack:=    -199                  

#-------------------------------------------------------------------------------------------------------------------------------------------
#                              Timing Point                               Flags    Arc    Edge       Cell        Fanout Trans Delay Arrival 
#                                                                                                                        (ps)  (ps)   (ps)  
#-------------------------------------------------------------------------------------------------------------------------------------------
  u_backbone/s1_mode_pre_ln_reg/CK                                        -       -       R     (arrival)           480     0     0       0 
  u_backbone/s1_mode_pre_ln_reg/Q                                         -       CK->Q   F     DFFRPQ_X4M_A9TL       1    73   292     292 
  u_backbone/u_pre_ln/fopt6269/Y                                          -       A->Y    R     INV_X16M_A9TL        15   112    95     387 
  u_backbone/u_pre_ln/g6168/Y                                             -       A->Y    F     NOR2_X8B_A9TL         2    70    77     465 
  u_backbone/u_pre_ln/fopt6313/Y                                          -       A->Y    F     BUF_X6M_A9TL          3    59   120     584 
  u_backbone/u_pre_ln/g5932/Y                                             -       A0->Y   R     AOI21_X4M_A9TL        1   115   100     684 
  u_backbone/u_pre_ln/g5902/Y                                             -       A->Y    F     NOR2_X6A_A9TL         3    56    65     749 
  u_backbone/gen_tr_lanes[5].u_tr_ln/g3458/Y                              -       AN->Y   F     NAND2B_X8M_A9TL       2    50   104     853 
  u_backbone/gen_tr_lanes[5].u_tr_ln/g3302/Y                              -       B->Y    R     NOR2_X6A_A9TL         1    94    81     934 
  u_backbone/gen_tr_lanes[5].u_tr_ln/g3294/Y                              -       B->Y    F     NAND2_X8M_A9TL        3    55    63     997 
  u_backbone/gen_tr_lanes[5].u_tr_ln/g3246/Y                              -       A->Y    R     NOR2_X8A_A9TL         2    80    72    1069 
  u_backbone/gen_tr_lanes[5].u_tr_ln/g3221/Y                              -       A->Y    F     NAND3_X6A_A9TL        1    73    66    1135 
  u_backbone/gen_tr_lanes[5].u_tr_ln/g3206/Y                              -       A->Y    R     INV_X9M_A9TL          7    78    76    1211 
  u_backbone/gen_tr_lanes[5].u_tr_ln/g3183/Y                              -       A->Y    F     NAND2_X8M_A9TL        6    91    70    1281 
  u_backbone/gen_tr_lanes[5].u_tr_ln/g3155/Y                              -       A0->Y   R     OAI22_X4M_A9TL        1   133   116    1398 
  u_backbone/gen_tr_lanes[5].u_tr_ln/g3132/Y                              -       B->Y    F     NOR2_X4A_A9TL         1    65    77    1475 
  u_backbone/gen_tr_lanes[5].u_tr_ln/g3121/Y                              -       B->Y    R     NAND2_X6M_A9TL        2    64    70    1545 
  u_backbone/gen_tr_lanes[5].u_tr_ln/csa_tree_ADD_TC_OP_6_groupi_g873/CO  -       A->CO   R     ADDH_X2M_A9TL         1    59   125    1670 
  u_backbone/gen_tr_lanes[5].u_tr_ln/csa_tree_ADD_TC_OP_6_groupi_g843/SUM -       CI->SUM F     ADDFH_X2M_A9TL        2   102   246    1916 
  u_backbone/gen_tr_lanes[5].u_tr_ln/csa_tree_ADD_TC_OP_6_groupi_g814/Y   -       A->Y    F     XNOR3_X4M_A9TL        3    91   158    2074 
  u_backbone/gen_tr_lanes[5].u_tr_ln/csa_tree_ADD_TC_OP_6_groupi_g785/CON -       CI->CON R     CGENI_X2M_A9TL        1   185   141    2216 
  u_backbone/gen_tr_lanes[5].u_tr_ln/csa_tree_ADD_TC_OP_6_groupi_g782/Y   -       B0->Y   F     AOI21_X6M_A9TL        3   109   102    2318 
  u_backbone/gen_tr_lanes[5].u_tr_ln/csa_tree_ADD_TC_OP_6_groupi_g777/Y   -       A0->Y   R     OAI21_X6M_A9TL        3   158   138    2456 
  u_backbone/gen_tr_lanes[5].u_tr_ln/csa_tree_ADD_TC_OP_6_groupi_g773/Y   -       A0->Y   F     AOI21_X6M_A9TL        2    97    97    2553 
  u_backbone/gen_tr_lanes[5].u_tr_ln/csa_tree_ADD_TC_OP_6_groupi_g921/Y   -       A0->Y   R     OAI2XB1_X6M_A9TL      1   150    95    2648 
  u_backbone/gen_tr_lanes[5].u_tr_ln/csa_tree_ADD_TC_OP_6_groupi_g768/Y   -       S0->Y   R     MXIT2_X3M_A9TL        1   131   101    2750 
  u_backbone/gen_tr_lanes[5].u_tr_ln/g1792/Y                              -       A->Y    R     AND2_X4M_A9TL         1    49   114    2864 
  u_backbone/g3334/Y                                                      -       B0->Y   R     AO1B2_X6M_A9TL        2    84   118    2981 
  u_backbone/u_post_ln/g22577/Y                                           -       A->Y    F     NAND2_X6M_A9TL        3    55    56    3037 
  u_backbone/u_post_ln/g22372/Y                                           -       B0->Y   R     AOI22_X1M_A9TL        1   198   135    3172 
  u_backbone/u_post_ln/g22007/Y                                           -       B->Y    F     NAND3_X2M_A9TL        1    90   100    3272 
  u_backbone/s2_post_ln_reg_reg[5][10]/D                                  -       -       F     DFFRPQ_X3M_A9TL       1     -     0    3272 
#-------------------------------------------------------------------------------------------------------------------------------------------

