============================================================
  Generated by:           Genus(TM) Synthesis Solution 25.12-s067_1
  Generated on:           Mar 25 2026  06:09:46 pm
  Operating conditions:   ss_typical_max_0p90v_125c (balanced_tree)
  Wireload mode:          top
  Area mode:              timing library
============================================================

                                                                                       
       Gate         Instances    Area                       Library                    
---------------------------------------------------------------------------------------
A2DFFQ_X0P5M_A9TL           7    50.400 sc9_cln65lp_base_lvt_ss_typical_max_0p90v_125c 
A2DFFQ_X1M_A9TL            27   204.120 sc9_cln65lp_base_lvt_ss_typical_max_0p90v_125c 
A2DFFQ_X2M_A9TL             1     8.280 sc9_cln65lp_base_lvt_ss_typical_max_0p90v_125c 
ADDFH_X1M_A9TL             40   446.400 sc9_cln65lp_base_lvt_ss_typical_max_0p90v_125c 
ADDFH_X2M_A9TL             74   879.120 sc9_cln65lp_base_lvt_ss_typical_max_0p90v_125c 
ADDF_X1M_A9TL              60   475.200 sc9_cln65lp_base_lvt_ss_typical_max_0p90v_125c 
ADDF_X1P4M_A9TL            17   159.120 sc9_cln65lp_base_lvt_ss_typical_max_0p90v_125c 
ADDF_X2M_A9TL              59   552.240 sc9_cln65lp_base_lvt_ss_typical_max_0p90v_125c 
ADDH_X1M_A9TL              21    98.280 sc9_cln65lp_base_lvt_ss_typical_max_0p90v_125c 
ADDH_X1P4M_A9TL             2    11.520 sc9_cln65lp_base_lvt_ss_typical_max_0p90v_125c 
AND2_X1M_A9TL              93   167.400 sc9_cln65lp_base_lvt_ss_typical_max_0p90v_125c 
AND2_X2M_A9TL              20    50.400 sc9_cln65lp_base_lvt_ss_typical_max_0p90v_125c 
AND2_X3M_A9TL              18    71.280 sc9_cln65lp_base_lvt_ss_typical_max_0p90v_125c 
AND2_X4M_A9TL              18    77.760 sc9_cln65lp_base_lvt_ss_typical_max_0p90v_125c 
AND2_X6M_A9TL              32   195.840 sc9_cln65lp_base_lvt_ss_typical_max_0p90v_125c 
AND2_X8M_A9TL              16   126.720 sc9_cln65lp_base_lvt_ss_typical_max_0p90v_125c 
AND3_X1M_A9TL              16    40.320 sc9_cln65lp_base_lvt_ss_typical_max_0p90v_125c 
AND3_X2M_A9TL              16    69.120 sc9_cln65lp_base_lvt_ss_typical_max_0p90v_125c 
AO1B2_X1M_A9TL             56   141.120 sc9_cln65lp_base_lvt_ss_typical_max_0p90v_125c 
AO1B2_X2M_A9TL            134   482.400 sc9_cln65lp_base_lvt_ss_typical_max_0p90v_125c 
AO1B2_X3M_A9TL             48   259.200 sc9_cln65lp_base_lvt_ss_typical_max_0p90v_125c 
AO1B2_X4M_A9TL              1     6.120 sc9_cln65lp_base_lvt_ss_typical_max_0p90v_125c 
AO21B_X1M_A9TL             99   249.480 sc9_cln65lp_base_lvt_ss_typical_max_0p90v_125c 
AO21B_X2M_A9TL            183   658.800 sc9_cln65lp_base_lvt_ss_typical_max_0p90v_125c 
AO21B_X3M_A9TL             90   486.000 sc9_cln65lp_base_lvt_ss_typical_max_0p90v_125c 
AO21B_X4M_A9TL              1     6.120 sc9_cln65lp_base_lvt_ss_typical_max_0p90v_125c 
AO22_X1M_A9TL              91   294.840 sc9_cln65lp_base_lvt_ss_typical_max_0p90v_125c 
AOI211_X1M_A9TL             1     2.520 sc9_cln65lp_base_lvt_ss_typical_max_0p90v_125c 
AOI21B_X1M_A9TL            32    92.160 sc9_cln65lp_base_lvt_ss_typical_max_0p90v_125c 
AOI21B_X2M_A9TL            18    77.760 sc9_cln65lp_base_lvt_ss_typical_max_0p90v_125c 
AOI21_X1M_A9TL            105   226.800 sc9_cln65lp_base_lvt_ss_typical_max_0p90v_125c 
AOI21_X2M_A9TL             68   244.800 sc9_cln65lp_base_lvt_ss_typical_max_0p90v_125c 
AOI21_X3M_A9TL             34   159.120 sc9_cln65lp_base_lvt_ss_typical_max_0p90v_125c 
AOI21_X4M_A9TL              4    24.480 sc9_cln65lp_base_lvt_ss_typical_max_0p90v_125c 
AOI221_X1M_A9TL             2     6.480 sc9_cln65lp_base_lvt_ss_typical_max_0p90v_125c 
AOI22_X1M_A9TL            129   325.080 sc9_cln65lp_base_lvt_ss_typical_max_0p90v_125c 
AOI22_X2M_A9TL            208   898.560 sc9_cln65lp_base_lvt_ss_typical_max_0p90v_125c 
AOI22_X3M_A9TL             32   195.840 sc9_cln65lp_base_lvt_ss_typical_max_0p90v_125c 
AOI2XB1_X0P7M_A9TL          1     2.880 sc9_cln65lp_base_lvt_ss_typical_max_0p90v_125c 
AOI2XB1_X1M_A9TL           18    51.840 sc9_cln65lp_base_lvt_ss_typical_max_0p90v_125c 
AOI2XB1_X2M_A9TL           19    82.080 sc9_cln65lp_base_lvt_ss_typical_max_0p90v_125c 
AOI31_X1M_A9TL              2     5.040 sc9_cln65lp_base_lvt_ss_typical_max_0p90v_125c 
AOI32_X1M_A9TL              1     2.880 sc9_cln65lp_base_lvt_ss_typical_max_0p90v_125c 
AOI32_X1P4M_A9TL           16    86.400 sc9_cln65lp_base_lvt_ss_typical_max_0p90v_125c 
BUF_X1B_A9TR               16    23.040 sc9_cln65lp_base_rvt_ss_typical_max_0p90v_125c 
BUF_X6M_A9TL               17    73.440 sc9_cln65lp_base_lvt_ss_typical_max_0p90v_125c 
CGENCIN_X1M_A9TL            5    36.000 sc9_cln65lp_base_lvt_ss_typical_max_0p90v_125c 
CGENCIN_X1P4M_A9TL         16   172.800 sc9_cln65lp_base_lvt_ss_typical_max_0p90v_125c 
CGENI_X1M_A9TL            177   509.760 sc9_cln65lp_base_lvt_ss_typical_max_0p90v_125c 
CGENI_X2M_A9TL            192  1036.800 sc9_cln65lp_base_lvt_ss_typical_max_0p90v_125c 
CGENI_X2M_A9TR              1     5.400 sc9_cln65lp_base_rvt_ss_typical_max_0p90v_125c 
CGEN_X1M_A9TL             238   856.800 sc9_cln65lp_base_lvt_ss_typical_max_0p90v_125c 
CGEN_X1M_A9TR              65   234.000 sc9_cln65lp_base_rvt_ss_typical_max_0p90v_125c 
CGEN_X2M_A9TL              93   368.280 sc9_cln65lp_base_lvt_ss_typical_max_0p90v_125c 
DFFQ_X1M_A9TL             271  2048.760 sc9_cln65lp_base_lvt_ss_typical_max_0p90v_125c 
DFFQ_X2M_A9TL             312  2583.360 sc9_cln65lp_base_lvt_ss_typical_max_0p90v_125c 
DFFQ_X3M_A9TL             213  1917.000 sc9_cln65lp_base_lvt_ss_typical_max_0p90v_125c 
DFFQ_X4M_A9TL               4    37.440 sc9_cln65lp_base_lvt_ss_typical_max_0p90v_125c 
INV_X1B_A9TL                1     1.080 sc9_cln65lp_base_lvt_ss_typical_max_0p90v_125c 
INV_X1M_A9TL              456   492.480 sc9_cln65lp_base_lvt_ss_typical_max_0p90v_125c 
INV_X2B_A9TL                1     1.440 sc9_cln65lp_base_lvt_ss_typical_max_0p90v_125c 
INV_X2M_A9TL              316   455.040 sc9_cln65lp_base_lvt_ss_typical_max_0p90v_125c 
INV_X3M_A9TL              228   492.480 sc9_cln65lp_base_lvt_ss_typical_max_0p90v_125c 
INV_X4M_A9TL              217   546.840 sc9_cln65lp_base_lvt_ss_typical_max_0p90v_125c 
INV_X5M_A9TL              145   417.600 sc9_cln65lp_base_lvt_ss_typical_max_0p90v_125c 
INV_X6M_A9TL               16    57.600 sc9_cln65lp_base_lvt_ss_typical_max_0p90v_125c 
INV_X7P5B_A9TL             16    69.120 sc9_cln65lp_base_lvt_ss_typical_max_0p90v_125c 
INV_X7P5M_A9TL             64   276.480 sc9_cln65lp_base_lvt_ss_typical_max_0p90v_125c 
INV_X9M_A9TL               48   224.640 sc9_cln65lp_base_lvt_ss_typical_max_0p90v_125c 
MXIT2_X0P5M_A9TL           16    51.840 sc9_cln65lp_base_lvt_ss_typical_max_0p90v_125c 
MXIT2_X1M_A9TL            453  1630.800 sc9_cln65lp_base_lvt_ss_typical_max_0p90v_125c 
MXIT2_X2M_A9TL            397  2572.560 sc9_cln65lp_base_lvt_ss_typical_max_0p90v_125c 
MXIT2_X3M_A9TL            140  1058.400 sc9_cln65lp_base_lvt_ss_typical_max_0p90v_125c 
MXT2_X0P5M_A9TL            80   288.000 sc9_cln65lp_base_lvt_ss_typical_max_0p90v_125c 
MXT2_X1P4M_A9TL             1     5.040 sc9_cln65lp_base_lvt_ss_typical_max_0p90v_125c 
MXT2_X3M_A9TL              16   132.480 sc9_cln65lp_base_lvt_ss_typical_max_0p90v_125c 
MXT2_X4M_A9TL              32   311.040 sc9_cln65lp_base_lvt_ss_typical_max_0p90v_125c 
NAND2B_X1M_A9TL           133   287.280 sc9_cln65lp_base_lvt_ss_typical_max_0p90v_125c 
NAND2B_X2M_A9TL            34    97.920 sc9_cln65lp_base_lvt_ss_typical_max_0p90v_125c 
NAND2B_X3M_A9TL            32   126.720 sc9_cln65lp_base_lvt_ss_typical_max_0p90v_125c 
NAND2XB_X1M_A9TL           50   108.000 sc9_cln65lp_base_lvt_ss_typical_max_0p90v_125c 
NAND2XB_X2M_A9TL           67   192.960 sc9_cln65lp_base_lvt_ss_typical_max_0p90v_125c 
NAND2_X1A_A9TL            400   576.000 sc9_cln65lp_base_lvt_ss_typical_max_0p90v_125c 
NAND2_X1B_A9TL             24    34.560 sc9_cln65lp_base_lvt_ss_typical_max_0p90v_125c 
NAND2_X1M_A9TL            165   237.600 sc9_cln65lp_base_lvt_ss_typical_max_0p90v_125c 
NAND2_X1P4M_A9TL          334   721.440 sc9_cln65lp_base_lvt_ss_typical_max_0p90v_125c 
NAND2_X2A_A9TL            193   486.360 sc9_cln65lp_base_lvt_ss_typical_max_0p90v_125c 
NAND2_X2B_A9TL             16    40.320 sc9_cln65lp_base_lvt_ss_typical_max_0p90v_125c 
NAND2_X2M_A9TL             49   123.480 sc9_cln65lp_base_lvt_ss_typical_max_0p90v_125c 
NAND2_X3A_A9TL             86   309.600 sc9_cln65lp_base_lvt_ss_typical_max_0p90v_125c 
NAND2_X3B_A9TL              1     3.600 sc9_cln65lp_base_lvt_ss_typical_max_0p90v_125c 
NAND2_X3M_A9TL             17    61.200 sc9_cln65lp_base_lvt_ss_typical_max_0p90v_125c 
NAND2_X4A_A9TL             50   216.000 sc9_cln65lp_base_lvt_ss_typical_max_0p90v_125c 
NAND2_X4B_A9TL              1     4.320 sc9_cln65lp_base_lvt_ss_typical_max_0p90v_125c 
NAND2_X4M_A9TL             23    91.080 sc9_cln65lp_base_lvt_ss_typical_max_0p90v_125c 
NAND2_X6M_A9TL              1     6.120 sc9_cln65lp_base_lvt_ss_typical_max_0p90v_125c 
NAND2_X8M_A9TL             49   370.440 sc9_cln65lp_base_lvt_ss_typical_max_0p90v_125c 
NAND3B_X2M_A9TL            32   126.720 sc9_cln65lp_base_lvt_ss_typical_max_0p90v_125c 
NAND3XXB_X2M_A9TL           6    23.760 sc9_cln65lp_base_lvt_ss_typical_max_0p90v_125c 
NAND3XXB_X3M_A9TL          18    90.720 sc9_cln65lp_base_lvt_ss_typical_max_0p90v_125c 
NAND3XXB_X4M_A9TL          32   195.840 sc9_cln65lp_base_lvt_ss_typical_max_0p90v_125c 
NAND3XXB_X6M_A9TL           1     9.000 sc9_cln65lp_base_lvt_ss_typical_max_0p90v_125c 
NAND3_X1P4A_A9TL           16    51.840 sc9_cln65lp_base_lvt_ss_typical_max_0p90v_125c 
NAND3_X3A_A9TL             32   149.760 sc9_cln65lp_base_lvt_ss_typical_max_0p90v_125c 
NAND3_X3M_A9TL              4    18.720 sc9_cln65lp_base_lvt_ss_typical_max_0p90v_125c 
NAND4XXXB_X4M_A9TL         16   120.960 sc9_cln65lp_base_lvt_ss_typical_max_0p90v_125c 
NOR2B_X1M_A9TL            127   274.320 sc9_cln65lp_base_lvt_ss_typical_max_0p90v_125c 
NOR2B_X3M_A9TL              1     3.600 sc9_cln65lp_base_lvt_ss_typical_max_0p90v_125c 
NOR2B_X4M_A9TL             17    73.440 sc9_cln65lp_base_lvt_ss_typical_max_0p90v_125c 
NOR2XB_X1M_A9TL            35    75.600 sc9_cln65lp_base_lvt_ss_typical_max_0p90v_125c 
NOR2XB_X2M_A9TL            51   146.880 sc9_cln65lp_base_lvt_ss_typical_max_0p90v_125c 
NOR2XB_X3M_A9TL             1     3.600 sc9_cln65lp_base_lvt_ss_typical_max_0p90v_125c 
NOR2XB_X4M_A9TL             1     4.320 sc9_cln65lp_base_lvt_ss_typical_max_0p90v_125c 
NOR2XB_X6M_A9TL            16   103.680 sc9_cln65lp_base_lvt_ss_typical_max_0p90v_125c 
NOR2_X1A_A9TL              48    69.120 sc9_cln65lp_base_lvt_ss_typical_max_0p90v_125c 
NOR2_X1B_A9TL             105   151.200 sc9_cln65lp_base_lvt_ss_typical_max_0p90v_125c 
NOR2_X1M_A9TL              27    38.880 sc9_cln65lp_base_lvt_ss_typical_max_0p90v_125c 
NOR2_X1P4A_A9TL            20    43.200 sc9_cln65lp_base_lvt_ss_typical_max_0p90v_125c 
NOR2_X2A_A9TL              57   143.640 sc9_cln65lp_base_lvt_ss_typical_max_0p90v_125c 
NOR2_X2B_A9TL              16    40.320 sc9_cln65lp_base_lvt_ss_typical_max_0p90v_125c 
NOR2_X2B_A9TR              16    40.320 sc9_cln65lp_base_rvt_ss_typical_max_0p90v_125c 
NOR2_X2M_A9TL              49   123.480 sc9_cln65lp_base_lvt_ss_typical_max_0p90v_125c 
NOR2_X3A_A9TL              67   217.080 sc9_cln65lp_base_lvt_ss_typical_max_0p90v_125c 
NOR2_X3B_A9TL               1     3.240 sc9_cln65lp_base_lvt_ss_typical_max_0p90v_125c 
NOR2_X3M_A9TL               1     3.240 sc9_cln65lp_base_lvt_ss_typical_max_0p90v_125c 
NOR2_X4A_A9TL               3    11.880 sc9_cln65lp_base_lvt_ss_typical_max_0p90v_125c 
NOR2_X4B_A9TL               1     3.960 sc9_cln65lp_base_lvt_ss_typical_max_0p90v_125c 
NOR2_X4M_A9TL              24    95.040 sc9_cln65lp_base_lvt_ss_typical_max_0p90v_125c 
NOR2_X6B_A9TL               2    12.240 sc9_cln65lp_base_lvt_ss_typical_max_0p90v_125c 
OA211_X0P7M_A9TL            3     9.720 sc9_cln65lp_base_lvt_ss_typical_max_0p90v_125c 
OA211_X2M_A9TL              1     5.760 sc9_cln65lp_base_lvt_ss_typical_max_0p90v_125c 
OA21_X1M_A9TL              18    51.840 sc9_cln65lp_base_lvt_ss_typical_max_0p90v_125c 
OA21_X1P4M_A9TL             1     3.960 sc9_cln65lp_base_lvt_ss_typical_max_0p90v_125c 
OA21_X2M_A9TL              17    79.560 sc9_cln65lp_base_lvt_ss_typical_max_0p90v_125c 
OA22_X1M_A9TL               1     3.240 sc9_cln65lp_base_lvt_ss_typical_max_0p90v_125c 
OA22_X1P4M_A9TL            16    80.640 sc9_cln65lp_base_lvt_ss_typical_max_0p90v_125c 
OAI211_X1M_A9TL             4    10.080 sc9_cln65lp_base_lvt_ss_typical_max_0p90v_125c 
OAI211_X2M_A9TL             2     8.640 sc9_cln65lp_base_lvt_ss_typical_max_0p90v_125c 
OAI211_X3M_A9TL             1     6.120 sc9_cln65lp_base_lvt_ss_typical_max_0p90v_125c 
OAI21B_X2M_A9TL            16    69.120 sc9_cln65lp_base_lvt_ss_typical_max_0p90v_125c 
OAI21_X1M_A9TL             98   211.680 sc9_cln65lp_base_lvt_ss_typical_max_0p90v_125c 
OAI21_X1P4M_A9TL           39   126.360 sc9_cln65lp_base_lvt_ss_typical_max_0p90v_125c 
OAI21_X2M_A9TL              8    28.800 sc9_cln65lp_base_lvt_ss_typical_max_0p90v_125c 
OAI21_X3M_A9TL             23   107.640 sc9_cln65lp_base_lvt_ss_typical_max_0p90v_125c 
OAI21_X4M_A9TL              2    12.240 sc9_cln65lp_base_lvt_ss_typical_max_0p90v_125c 
OAI21_X6M_A9TL              1     8.280 sc9_cln65lp_base_lvt_ss_typical_max_0p90v_125c 
OAI22_X1M_A9TL            112   282.240 sc9_cln65lp_base_lvt_ss_typical_max_0p90v_125c 
OAI22_X1P4M_A9TL           17    67.320 sc9_cln65lp_base_lvt_ss_typical_max_0p90v_125c 
OAI22_X2M_A9TL             32   138.240 sc9_cln65lp_base_lvt_ss_typical_max_0p90v_125c 
OAI22_X3M_A9TL             48   293.760 sc9_cln65lp_base_lvt_ss_typical_max_0p90v_125c 
OAI22_X4M_A9TL             16   132.480 sc9_cln65lp_base_lvt_ss_typical_max_0p90v_125c 
OAI2XB1_X0P5M_A9TL          3     7.560 sc9_cln65lp_base_lvt_ss_typical_max_0p90v_125c 
OAI2XB1_X1M_A9TL            3     8.640 sc9_cln65lp_base_lvt_ss_typical_max_0p90v_125c 
OAI2XB1_X1P4M_A9TL          2     7.200 sc9_cln65lp_base_lvt_ss_typical_max_0p90v_125c 
OAI2XB1_X2M_A9TL            2     8.640 sc9_cln65lp_base_lvt_ss_typical_max_0p90v_125c 
OAI2XB1_X2M_A9TR            1     4.320 sc9_cln65lp_base_rvt_ss_typical_max_0p90v_125c 
OAI2XB1_X3M_A9TL           17    97.920 sc9_cln65lp_base_lvt_ss_typical_max_0p90v_125c 
OAI2XB1_X3M_A9TR            1     5.760 sc9_cln65lp_base_rvt_ss_typical_max_0p90v_125c 
OAI2XB1_X4M_A9TL            1     7.560 sc9_cln65lp_base_lvt_ss_typical_max_0p90v_125c 
OAI2XB1_X4M_A9TR           16   120.960 sc9_cln65lp_base_rvt_ss_typical_max_0p90v_125c 
OAI31_X1M_A9TL              1     2.520 sc9_cln65lp_base_lvt_ss_typical_max_0p90v_125c 
OR2_X0P5M_A9TL            106   190.800 sc9_cln65lp_base_lvt_ss_typical_max_0p90v_125c 
OR2_X1M_A9TL               83   179.280 sc9_cln65lp_base_lvt_ss_typical_max_0p90v_125c 
OR2_X1P4M_A9TL              3     7.560 sc9_cln65lp_base_lvt_ss_typical_max_0p90v_125c 
OR2_X2M_A9TL                3     9.720 sc9_cln65lp_base_lvt_ss_typical_max_0p90v_125c 
OR2_X3M_A9TL                1     3.600 sc9_cln65lp_base_lvt_ss_typical_max_0p90v_125c 
PREICG_X0P5B_A9TR           3    19.440 sc9_cln65lp_base_rvt_ss_typical_max_0p90v_125c 
XNOR2_X0P7M_A9TL          111   359.640 sc9_cln65lp_base_lvt_ss_typical_max_0p90v_125c 
XNOR2_X1M_A9TL              4    14.400 sc9_cln65lp_base_lvt_ss_typical_max_0p90v_125c 
XNOR2_X1P4M_A9TL            1     6.120 sc9_cln65lp_base_lvt_ss_typical_max_0p90v_125c 
XNOR2_X2M_A9TL             54   330.480 sc9_cln65lp_base_lvt_ss_typical_max_0p90v_125c 
XNOR2_X3M_A9TL              2    15.840 sc9_cln65lp_base_lvt_ss_typical_max_0p90v_125c 
XNOR2_X4M_A9TL             16   161.280 sc9_cln65lp_base_lvt_ss_typical_max_0p90v_125c 
XNOR3_X0P5M_A9TL           20   122.400 sc9_cln65lp_base_lvt_ss_typical_max_0p90v_125c 
XNOR3_X1M_A9TL            220  1425.600 sc9_cln65lp_base_lvt_ss_typical_max_0p90v_125c 
XNOR3_X1P4M_A9TL           57   574.560 sc9_cln65lp_base_lvt_ss_typical_max_0p90v_125c 
XNOR3_X3M_A9TL             75  1053.000 sc9_cln65lp_base_lvt_ss_typical_max_0p90v_125c 
XOR2_X0P7M_A9TL           262   848.880 sc9_cln65lp_base_lvt_ss_typical_max_0p90v_125c 
XOR2_X1M_A9TL              96   345.600 sc9_cln65lp_base_lvt_ss_typical_max_0p90v_125c 
XOR2_X1P4M_A9TL             2    12.240 sc9_cln65lp_base_lvt_ss_typical_max_0p90v_125c 
XOR2_X2M_A9TL             121   740.520 sc9_cln65lp_base_lvt_ss_typical_max_0p90v_125c 
XOR2_X3M_A9TL              54   427.680 sc9_cln65lp_base_lvt_ss_typical_max_0p90v_125c 
XOR2_X4M_A9TL               1    10.080 sc9_cln65lp_base_lvt_ss_typical_max_0p90v_125c 
XOR3_X0P5M_A9TL            20   122.400 sc9_cln65lp_base_lvt_ss_typical_max_0p90v_125c 
XOR3_X1M_A9TL              79   511.920 sc9_cln65lp_base_lvt_ss_typical_max_0p90v_125c 
XOR3_X1P4M_A9TL            42   423.360 sc9_cln65lp_base_lvt_ss_typical_max_0p90v_125c 
XOR3_X2M_A9TL              29   354.960 sc9_cln65lp_base_lvt_ss_typical_max_0p90v_125c 
XOR3_X3M_A9TL              77  1081.080 sc9_cln65lp_base_lvt_ss_typical_max_0p90v_125c 
XOR3_X4M_A9TL               1    18.360 sc9_cln65lp_base_lvt_ss_typical_max_0p90v_125c 
---------------------------------------------------------------------------------------
total                   10827 45684.360                                                
                                                                               
                    Library                    Instances    Area   Instances % 
-------------------------------------------------------------------------------
sc9_cln65lp_base_lvt_ss_typical_max_0p90v_125c     10708 45231.120        98.9 
sc9_cln65lp_base_rvt_ss_typical_max_0p90v_125c       119   453.240         1.1 
                                                        
            Type             Instances    Area   Area % 
--------------------------------------------------------
sequential                         835  6849.360   15.0 
inverter                          1508  3034.800    6.6 
buffer                              33    96.480    0.2 
clock_gating_integrated_cell         3    19.440    0.0 
logic                             8448 35684.280   78.1 
physical_cells                       0     0.000    0.0 
--------------------------------------------------------
total                            10827 45684.360  100.0 
