============================================================
  Generated by:           Genus(TM) Synthesis Solution 25.12-s067_1
  Generated on:           Sep 24 2026  04:03:33 pm
  Module:                 tr_nonlinear_vpu
  Operating conditions:   ss_typical_max_0p90v_125c (balanced_tree)
  Wireload mode:          top
  Area mode:              timing library
============================================================


Summary
-------
--------------------------------------------------------------------------
            Category            Number     %    Average Toggle Saving %   
--------------------------------------------------------------------------
 Total Clock Gating Instances        4  100.00                         -  
--------------------------------------------------------------------------
 RC Clock Gating Instances           4  100.00                     25.00  
 Non-RC Clock Gating Instances       0    0.00                      0.00  
--------------------------------------------------------------------------
 RC Gated Flip-flops               856   67.61                     11.68  
 Non-RC Gated Flip-flops             0    0.00                      0.00  
--------------------------------------------------------------------------
 Total Gated Flip-flops            856   67.61                         -  
 Total Ungated Flip-flops          410   32.39                         -  
 Enable signal is constant         410  100.00                         -  
--------------------------------------------------------------------------
 Total Flip-flops                 1266  100.00                         -  
--------------------------------------------------------------------------
Multibit Flip-flop Summary
--------------------------
-------------------------------------------------------
Width     Number     Bits     RC Gated     Ungated     
-------------------------------------------------------
1-bit     1266       1266     856 (67.61%) 410 (32.39%) 
--------------------------------------------------------


