============================================================
  Generated by:           Genus(TM) Synthesis Solution 25.12-s067_1
  Generated on:           Sep 23 2026  01:19:30 pm
  Module:                 tr_nonlinear_vpu
  Operating conditions:   ss_typical_max_0p90v_125c (balanced_tree)
  Wireload mode:          top
  Area mode:              timing library
============================================================

Max_transition design rule (violation total = 15086)
Pin                                                                   Slew           Max     Violation
--------------------------------------------------------------------------------------------------------
u_mac/g2802/A1                                                         956           350           606
  --> Other violations on net                                                  4847
u_mac/g2804/A1                                                         956           350           606
  --> Other violations on net                                                  4847
u_mac/g2806/A1                                                         956           350           606
  --> Other violations on net                                                  4847
u_mac/g2800/A1                                                         956           350           606
  --> Other violations on net                                                  4847
u_mac/g2803/A1                                                         956           350           606
  --> Other violations on net                                                  4847
u_mac/g2805/A1                                                         956           350           606
  --> Other violations on net                                                  4847
u_mac/g2801/A1                                                         956           350           606
  --> Other violations on net                                                  4847
u_mac/g2807/A1                                                         956           350           606
  --> Other violations on net                                                  4847
u_mac/g3181/Y                                                          956           350           606
  --> Other violations on net                                                  4847
g14955/A0                                                              451           350           101
  --> Other violations on net                                                  1010
g14954/A0                                                              451           350           101
  --> Other violations on net                                                  1010
g14956/A0                                                              451           350           101
  --> Other violations on net                                                  1010
g14957/A0                                                              451           350           101
  --> Other violations on net                                                  1010
g14958/A0                                                              451           350           101
  --> Other violations on net                                                  1010
g14959/A0                                                              451           350           101
  --> Other violations on net                                                  1010
g14960/A0                                                              451           350           101
  --> Other violations on net                                                  1010
g14961/A0                                                              451           350           101
  --> Other violations on net                                                  1010
g15735/B                                                               451           350           101
  --> Other violations on net                                                  1010
g16228/B                                                               451           350           101
  --> Other violations on net                                                  1010
g15841/Y                                                               451           350           101
  --> Other violations on net                                                  1010
g14734/A1                                                              405           350            55
  --> Other violations on net                                                  885
g14732/A1                                                              405           350            55
  --> Other violations on net                                                  885
g14702/A1                                                              405           350            55
  --> Other violations on net                                                  885
g14730/A1                                                              405           350            55
  --> Other violations on net                                                  885
g14711/A1                                                              405           350            55
  --> Other violations on net                                                  885
g14715/A1                                                              405           350            55
  --> Other violations on net                                                  885
g14726/A1                                                              405           350            55
  --> Other violations on net                                                  885
g14713/A1                                                              405           350            55
  --> Other violations on net                                                  885
g14723/A1                                                              405           350            55
  --> Other violations on net                                                  885
g14735/A1                                                              405           350            55
  --> Other violations on net                                                  885
g14710/A1                                                              405           350            55
  --> Other violations on net                                                  885
g14737/A1                                                              405           350            55
  --> Other violations on net                                                  885
g14727/A1                                                              405           350            55
  --> Other violations on net                                                  885
g14717/A1                                                              405           350            55
  --> Other violations on net                                                  885
g14718/A1                                                              405           350            55
  --> Other violations on net                                                  885
g14731/A1                                                              405           350            55
  --> Other violations on net                                                  885
g15656/Y                                                               405           350            55
  --> Other violations on net                                                  885
g15118/B0                                                              399           350            49
  --> Other violations on net                                                  390
g15093/B0                                                              399           350            49
  --> Other violations on net                                                  390
g15103/B0                                                              399           350            49
  --> Other violations on net                                                  390
g15098/B0                                                              399           350            49
  --> Other violations on net                                                  390
g15108/B0                                                              399           350            49
  --> Other violations on net                                                  390
g15113/C0                                                              399           350            49
  --> Other violations on net                                                  390
g15483/B0N                                                             399           350            49
  --> Other violations on net                                                  390
g15485/B0N                                                             399           350            49
  --> Other violations on net                                                  390
g15638/Y                                                               399           350            49
  --> Other violations on net                                                  390
g14956/B0                                                              398           350            48
  --> Other violations on net                                                  381
g14958/B0                                                              398           350            48
  --> Other violations on net                                                  381
g14960/B0                                                              398           350            48
  --> Other violations on net                                                  381
g14954/B0                                                              398           350            48
  --> Other violations on net                                                  381
g14957/B0                                                              398           350            48
  --> Other violations on net                                                  381
g14959/B0                                                              398           350            48
  --> Other violations on net                                                  381
g14955/B0                                                              398           350            48
  --> Other violations on net                                                  381
g14961/B0                                                              398           350            48
  --> Other violations on net                                                  381
g15427/Y                                                               398           350            48
  --> Other violations on net                                                  381
g14698/A1                                                              384           350            34
  --> Other violations on net                                                  343
g14670/A1                                                              384           350            34
  --> Other violations on net                                                  343
g14720/A1                                                              384           350            34
  --> Other violations on net                                                  343
g14686/A1                                                              384           350            34
  --> Other violations on net                                                  343
g14679/A1                                                              384           350            34
  --> Other violations on net                                                  343
g14690/A1                                                              384           350            34
  --> Other violations on net                                                  343
g14685/A1                                                              384           350            34
  --> Other violations on net                                                  343
g14681/A1                                                              384           350            34
  --> Other violations on net                                                  343
g14699/A1                                                              384           350            34
  --> Other violations on net                                                  343
g14695/A1                                                              384           350            34
  --> Other violations on net                                                  343
drc_bufs16200/Y                                                        384           350            34
  --> Other violations on net                                                  343
g15069/B                                                               390           350            40
  --> Other violations on net                                                  324
g15073/B                                                               390           350            40
  --> Other violations on net                                                  324
g15077/B                                                               390           350            40
  --> Other violations on net                                                  324
g15065/B                                                               390           350            40
  --> Other violations on net                                                  324
g15071/B                                                               390           350            40
  --> Other violations on net                                                  324
g15075/B                                                               390           350            40
  --> Other violations on net                                                  324
g15067/B                                                               390           350            40
  --> Other violations on net                                                  324
g15079/B                                                               390           350            40
  --> Other violations on net                                                  324
g15639/Y                                                               390           350            40
  --> Other violations on net                                                  324
drc_bufs16137/A                                                        372           350            22
  --> Other violations on net                                                  327
drc_bufs16136/A                                                        372           350            22
  --> Other violations on net                                                  327
drc_bufs16135/A                                                        372           350            22
  --> Other violations on net                                                  327
g14676/A1                                                              372           350            22
  --> Other violations on net                                                  327
g14674/A1                                                              372           350            22
  --> Other violations on net                                                  327
g14668/A1                                                              372           350            22
  --> Other violations on net                                                  327
g14684/A1                                                              372           350            22
  --> Other violations on net                                                  327
g14682/A1                                                              372           350            22
  --> Other violations on net                                                  327
g14693/A1                                                              372           350            22
  --> Other violations on net                                                  327
g14689/A1                                                              372           350            22
  --> Other violations on net                                                  327
g14671/A1                                                              372           350            22
  --> Other violations on net                                                  327
g14706/A1                                                              372           350            22
  --> Other violations on net                                                  327
g14666/A1                                                              372           350            22
  --> Other violations on net                                                  327
g14669/A1                                                              372           350            22
  --> Other violations on net                                                  327
g14703/A1                                                              372           350            22
  --> Other violations on net                                                  327
drc_bufs16138/Y                                                        372           350            22
  --> Other violations on net                                                  327
g15106/B0                                                              385           350            35
  --> Other violations on net                                                  280
g15116/B0                                                              385           350            35
  --> Other violations on net                                                  280
g15096/B0                                                              385           350            35
  --> Other violations on net                                                  280
g15101/C0                                                              385           350            35
  --> Other violations on net                                                  280
g15111/C0                                                              385           350            35
  --> Other violations on net                                                  280
g15121/C0                                                              385           350            35
  --> Other violations on net                                                  280
g15063/C0                                                              385           350            35
  --> Other violations on net                                                  280
g15126/C0                                                              385           350            35
  --> Other violations on net                                                  280
g15640/Y                                                               385           350            35
  --> Other violations on net                                                  280
g15119/B0                                                              378           350            28
  --> Other violations on net                                                  225
g15124/B0                                                              378           350            28
  --> Other violations on net                                                  225
g15094/B0                                                              378           350            28
  --> Other violations on net                                                  225
g15099/B0                                                              378           350            28
  --> Other violations on net                                                  225
g15104/C0                                                              378           350            28
  --> Other violations on net                                                  225
g15114/C0                                                              378           350            28
  --> Other violations on net                                                  225
g15109/C0                                                              378           350            28
  --> Other violations on net                                                  225
g15128/C0                                                              378           350            28
  --> Other violations on net                                                  225
g15637/Y                                                               378           350            28
  --> Other violations on net                                                  225
g14505/A0                                                              386           350            36
  --> Other violations on net                                                  217
u_backbone/s2_post_ln_reg_reg[5][1]/Q                                  386           350            36
  --> Other violations on net                                                  217
u_backbone/gen_tr_exp_lanes[5].u_tr_exp/g514/A0                        386           350            36
  --> Other violations on net                                                  217
u_backbone/gen_tr_exp_lanes[5].u_tr_exp/g517/A                         386           350            36
  --> Other violations on net                                                  217
u_backbone/gen_tr_exp_lanes[5].u_tr_exp/u_quad/g744/B0                 386           350            36
  --> Other violations on net                                                  217
u_backbone/gen_tr_exp_lanes[5].u_tr_exp/u_quad/g749/A0                 386           350            36
  --> Other violations on net                                                  217
u_backbone/gen_tr_exp_lanes[5].u_tr_exp/u_quad/g745/B                  386           350            36
  --> Other violations on net                                                  217
g14219/B                                                               473           350           123
  --> Other violations on net                                                  123
g14334/Y                                                               473           350           123
  --> Other violations on net                                                  123
g14241/B                                                               473           350           123
  --> Other violations on net                                                  123
g14336/Y                                                               473           350           123
  --> Other violations on net                                                  123
g15495/A1                                                              367           350            17
  --> Other violations on net                                                  139
g15480/A1                                                              367           350            17
  --> Other violations on net                                                  139
g15530/A1                                                              367           350            17
  --> Other violations on net                                                  139
g15505/A1                                                              367           350            17
  --> Other violations on net                                                  139
g15537/A1                                                              367           350            17
  --> Other violations on net                                                  139
g15524/A1                                                              367           350            17
  --> Other violations on net                                                  139
g15500/A1                                                              367           350            17
  --> Other violations on net                                                  139
g15540/A1                                                              367           350            17
  --> Other violations on net                                                  139
drc_bufs15973/Y                                                        367           350            17
  --> Other violations on net                                                  139
drc_bufs15993/A                                                        363           350            13
  --> Other violations on net                                                  129
g15520/B1                                                              363           350            13
  --> Other violations on net                                                  129
g15515/B1                                                              363           350            13
  --> Other violations on net                                                  129
g15496/B1                                                              363           350            13
  --> Other violations on net                                                  129
g15559/B1                                                              363           350            13
  --> Other violations on net                                                  129
g15512/B1                                                              363           350            13
  --> Other violations on net                                                  129
g15524/B1                                                              363           350            13
  --> Other violations on net                                                  129
g15576/B                                                               363           350            13
  --> Other violations on net                                                  129
g15554/B1                                                              363           350            13
  --> Other violations on net                                                  129
g15560/B1                                                              363           350            13
  --> Other violations on net                                                  129
g2/Y                                                                   363           350            13
  --> Other violations on net                                                  129
g14557/A0                                                              370           350            20
  --> Other violations on net                                                  121
u_backbone/s2_post_ln_reg_reg[3][1]/Q                                  370           350            20
  --> Other violations on net                                                  121
u_backbone/gen_tr_exp_lanes[3].u_tr_exp/g514/A0                        370           350            20
  --> Other violations on net                                                  121
u_backbone/gen_tr_exp_lanes[3].u_tr_exp/g517/A                         370           350            20
  --> Other violations on net                                                  121
u_backbone/gen_tr_exp_lanes[3].u_tr_exp/u_quad/g744/B0                 370           350            20
  --> Other violations on net                                                  121
u_backbone/gen_tr_exp_lanes[3].u_tr_exp/u_quad/g749/A0                 370           350            20
  --> Other violations on net                                                  121
u_backbone/gen_tr_exp_lanes[3].u_tr_exp/u_quad/g745/B                  370           350            20
  --> Other violations on net                                                  121
g14246/B                                                               419           350            69
  --> Other violations on net                                                  69
g14342/Y                                                               419           350            69
  --> Other violations on net                                                  69
g14268/B                                                               419           350            69
  --> Other violations on net                                                  69
g14365/Y                                                               419           350            69
  --> Other violations on net                                                  69
g14271/B                                                               415           350            65
  --> Other violations on net                                                  65
g14368/Y                                                               415           350            65
  --> Other violations on net                                                  65
g14279/B                                                               415           350            65
  --> Other violations on net                                                  65
g14354/Y                                                               415           350            65
  --> Other violations on net                                                  65
g14270/B                                                               411           350            61
  --> Other violations on net                                                  61
g14366/Y                                                               411           350            61
  --> Other violations on net                                                  61
g14264/B                                                               411           350            61
  --> Other violations on net                                                  61
g14361/Y                                                               411           350            61
  --> Other violations on net                                                  61
g14262/B                                                               411           350            61
  --> Other violations on net                                                  61
g14357/Y                                                               411           350            61
  --> Other violations on net                                                  61
g14234/B                                                               411           350            61
  --> Other violations on net                                                  61
g14330/Y                                                               411           350            61
  --> Other violations on net                                                  61
g14227/B                                                               411           350            61
  --> Other violations on net                                                  61
g14323/Y                                                               411           350            61
  --> Other violations on net                                                  61
g14249/B                                                               411           350            61
  --> Other violations on net                                                  61
g14345/Y                                                               411           350            61
  --> Other violations on net                                                  61
g14224/B                                                               411           350            61
  --> Other violations on net                                                  61
g14318/Y                                                               411           350            61
  --> Other violations on net                                                  61
g14231/B                                                               411           350            61
  --> Other violations on net                                                  61
g14327/Y                                                               411           350            61
  --> Other violations on net                                                  61
g14236/B                                                               411           350            61
  --> Other violations on net                                                  61
g14332/Y                                                               411           350            61
  --> Other violations on net                                                  61
g14265/B                                                               410           350            60
  --> Other violations on net                                                  60
g14339/Y                                                               410           350            60
  --> Other violations on net                                                  60
g14244/B                                                               410           350            60
  --> Other violations on net                                                  60
g14338/Y                                                               410           350            60
  --> Other violations on net                                                  60
g14242/B                                                               410           350            60
  --> Other violations on net                                                  60
g14337/Y                                                               410           350            60
  --> Other violations on net                                                  60
g14226/B                                                               410           350            60
  --> Other violations on net                                                  60
g14320/Y                                                               410           350            60
  --> Other violations on net                                                  60
g14248/B                                                               410           350            60
  --> Other violations on net                                                  60
g14343/Y                                                               410           350            60
  --> Other violations on net                                                  60
g14238/B                                                               410           350            60
  --> Other violations on net                                                  60
g14333/Y                                                               410           350            60
  --> Other violations on net                                                  60
g15127/B0                                                              363           350            13
  --> Other violations on net                                                  104
g15102/C0                                                              363           350            13
  --> Other violations on net                                                  104
g15097/C0                                                              363           350            13
  --> Other violations on net                                                  104
g15107/C0                                                              363           350            13
  --> Other violations on net                                                  104
g15112/C0                                                              363           350            13
  --> Other violations on net                                                  104
g15117/C0                                                              363           350            13
  --> Other violations on net                                                  104
g15123/C0                                                              363           350            13
  --> Other violations on net                                                  104
g15480/B0N                                                             363           350            13
  --> Other violations on net                                                  104
g15641/Y                                                               363           350            13
  --> Other violations on net                                                  104
g14254/B                                                               406           350            56
  --> Other violations on net                                                  56
g14350/Y                                                               406           350            56
  --> Other violations on net                                                  56
g14251/B                                                               406           350            56
  --> Other violations on net                                                  56
g14346/Y                                                               406           350            56
  --> Other violations on net                                                  56
g14245/B                                                               406           350            56
  --> Other violations on net                                                  56
g14340/Y                                                               406           350            56
  --> Other violations on net                                                  56
g14253/B                                                               406           350            56
  --> Other violations on net                                                  56
g14349/Y                                                               406           350            56
  --> Other violations on net                                                  56
g14235/B                                                               406           350            56
  --> Other violations on net                                                  56
g14329/Y                                                               406           350            56
  --> Other violations on net                                                  56
g14233/B                                                               406           350            56
  --> Other violations on net                                                  56
g14328/Y                                                               406           350            56
  --> Other violations on net                                                  56
g16252/B                                                               406           350            56
  --> Other violations on net                                                  56
g16253/Y                                                               406           350            56
  --> Other violations on net                                                  56
g14263/B                                                               405           350            55
  --> Other violations on net                                                  55
g14358/Y                                                               405           350            55
  --> Other violations on net                                                  55
u_mac/g3182/A                                                          374           350            24
  --> Other violations on net                                                  47
u_mac/g2/B                                                             374           350            24
  --> Other violations on net                                                  47
u_mac/clr3_reg/Q                                                       374           350            24
  --> Other violations on net                                                  47
g15070/B                                                               358           350             8
  --> Other violations on net                                                  60
g15074/B                                                               358           350             8
  --> Other violations on net                                                  60
g15078/B                                                               358           350             8
  --> Other violations on net                                                  60
g15066/B                                                               358           350             8
  --> Other violations on net                                                  60
g15072/B                                                               358           350             8
  --> Other violations on net                                                  60
g15076/B                                                               358           350             8
  --> Other violations on net                                                  60
g15068/B                                                               358           350             8
  --> Other violations on net                                                  60
g15080/B                                                               358           350             8
  --> Other violations on net                                                  60
g15635/Y                                                               358           350             8
  --> Other violations on net                                                  60
g14549/A0                                                              358           350             8
  --> Other violations on net                                                  50
u_backbone/s2_post_ln_reg_reg[2][1]/Q                                  358           350             8
  --> Other violations on net                                                  50
u_backbone/gen_tr_exp_lanes[2].u_tr_exp/g514/A0                        358           350             8
  --> Other violations on net                                                  50
u_backbone/gen_tr_exp_lanes[2].u_tr_exp/g517/A                         358           350             8
  --> Other violations on net                                                  50
u_backbone/gen_tr_exp_lanes[2].u_tr_exp/u_quad/g744/B0                 358           350             8
  --> Other violations on net                                                  50
u_backbone/gen_tr_exp_lanes[2].u_tr_exp/u_quad/g749/A0                 358           350             8
  --> Other violations on net                                                  50
u_backbone/gen_tr_exp_lanes[2].u_tr_exp/u_quad/g745/B                  358           350             8
  --> Other violations on net                                                  50
g14267/B                                                               373           350            23
  --> Other violations on net                                                  23
g14364/Y                                                               373           350            23
  --> Other violations on net                                                  23
g14786/B0                                                              355           350             5
  --> Other violations on net                                                  40
g14799/B0                                                              355           350             5
  --> Other violations on net                                                  40
g14808/B0                                                              355           350             5
  --> Other violations on net                                                  40
g14738/B0                                                              355           350             5
  --> Other violations on net                                                  40
g14789/B0                                                              355           350             5
  --> Other violations on net                                                  40
g14796/B0                                                              355           350             5
  --> Other violations on net                                                  40
g14742/B0                                                              355           350             5
  --> Other violations on net                                                  40
g14792/B0                                                              355           350             5
  --> Other violations on net                                                  40
g15435/Y                                                               355           350             5
  --> Other violations on net                                                  40
g14272/B                                                               372           350            22
  --> Other violations on net                                                  22
g14367/Y                                                               372           350            22
  --> Other violations on net                                                  22
g16244/B                                                               368           350            18
  --> Other violations on net                                                  18
g16245/Y                                                               368           350            18
  --> Other violations on net                                                  18
g14220/B                                                               368           350            18
  --> Other violations on net                                                  18
g14360/Y                                                               368           350            18
  --> Other violations on net                                                  18
g16255/B1                                                              352           350             2
  --> Other violations on net                                                  31
g16247/B1                                                              352           350             2
  --> Other violations on net                                                  31
g16239/B1                                                              352           350             2
  --> Other violations on net                                                  31
g14323/B1                                                              352           350             2
  --> Other violations on net                                                  31
g14334/B1                                                              352           350             2
  --> Other violations on net                                                  31
g14341/B1                                                              352           350             2
  --> Other violations on net                                                  31
g14371/B1                                                              352           350             2
  --> Other violations on net                                                  31
g14357/B1                                                              352           350             2
  --> Other violations on net                                                  31
g14342/B1                                                              352           350             2
  --> Other violations on net                                                  31
g14361/B1                                                              352           350             2
  --> Other violations on net                                                  31
g14362/B1                                                              352           350             2
  --> Other violations on net                                                  31
g14330/B1                                                              352           350             2
  --> Other violations on net                                                  31
g14366/B1                                                              352           350             2
  --> Other violations on net                                                  31
g16261/B1                                                              352           350             2
  --> Other violations on net                                                  31
drc_bufs14796/Y                                                        352           350             2
  --> Other violations on net                                                  31
g14532/A0                                                              354           350             4
  --> Other violations on net                                                  26
u_backbone/s2_post_ln_reg_reg[6][1]/Q                                  354           350             4
  --> Other violations on net                                                  26
u_backbone/gen_tr_exp_lanes[6].u_tr_exp/g514/A0                        354           350             4
  --> Other violations on net                                                  26
u_backbone/gen_tr_exp_lanes[6].u_tr_exp/g517/A                         354           350             4
  --> Other violations on net                                                  26
u_backbone/gen_tr_exp_lanes[6].u_tr_exp/u_quad/g744/B0                 354           350             4
  --> Other violations on net                                                  26
u_backbone/gen_tr_exp_lanes[6].u_tr_exp/u_quad/g745/A                  354           350             4
  --> Other violations on net                                                  26
u_backbone/gen_tr_exp_lanes[6].u_tr_exp/u_quad/g749/A0                 354           350             4
  --> Other violations on net                                                  26
g14782/B0                                                              352           350             2
  --> Other violations on net                                                  18
g14803/B0                                                              352           350             2
  --> Other violations on net                                                  18
g14790/B0                                                              352           350             2
  --> Other violations on net                                                  18
g14809/B0                                                              352           350             2
  --> Other violations on net                                                  18
g14747/B0                                                              352           350             2
  --> Other violations on net                                                  18
g14764/B0                                                              352           350             2
  --> Other violations on net                                                  18
g14757/B0                                                              352           350             2
  --> Other violations on net                                                  18
g14770/B0                                                              352           350             2
  --> Other violations on net                                                  18
g15434/Y                                                               352           350             2
  --> Other violations on net                                                  18
g14786/C0                                                              352           350             2
  --> Other violations on net                                                  13
g14799/C0                                                              352           350             2
  --> Other violations on net                                                  13
g14808/C0                                                              352           350             2
  --> Other violations on net                                                  13
g14738/C0                                                              352           350             2
  --> Other violations on net                                                  13
g14789/C0                                                              352           350             2
  --> Other violations on net                                                  13
g14796/C0                                                              352           350             2
  --> Other violations on net                                                  13
g14742/C0                                                              352           350             2
  --> Other violations on net                                                  13
g14792/C0                                                              352           350             2
  --> Other violations on net                                                  13
g15049/Y                                                               352           350             2
  --> Other violations on net                                                  13
g14782/C0                                                              350           350             0
  --> Other violations on net                                                  2
g14803/C0                                                              350           350             0
  --> Other violations on net                                                  2
g14790/C0                                                              350           350             0
  --> Other violations on net                                                  2
g14809/C0                                                              350           350             0
  --> Other violations on net                                                  2
g14747/C0                                                              350           350             0
  --> Other violations on net                                                  2
g14764/C0                                                              350           350             0
  --> Other violations on net                                                  2
g14757/C0                                                              350           350             0
  --> Other violations on net                                                  2
g14770/C0                                                              350           350             0
  --> Other violations on net                                                  2
g15050/Y                                                               350           350             0
  --> Other violations on net                                                  2
u_mac/MULT_TC_OP_1_Y_MULT_TC_OP_Y_MULT_UNS_OP919_g2902/B               351           350             1
  --> Other violations on net                                                  2
u_mac/MULT_TC_OP_1_Y_MULT_TC_OP_Y_MULT_UNS_OP919_g2827/B0              351           350             1
  --> Other violations on net                                                  2
u_mac/MULT_TC_OP_1_Y_MULT_TC_OP_Y_MULT_UNS_OP919_g2901/B               351           350             1
  --> Other violations on net                                                  2
u_mac/MULT_TC_OP_1_Y_MULT_TC_OP_Y_MULT_UNS_OP919_g2911/Y               351           350             1
  --> Other violations on net                                                  2


Max_capacitance design rule: no violations.


Max_fanout design rule (violation total = 41.000)
Pin                            Fanout           Max     Violation
-------------------------------------------------------------------
g15573/Y                       37.000        16.000        21.000
g15573/Y                       37.000        16.000        21.000
g15573/Y                       37.000        16.000        21.000
g15573/Y                       37.000        16.000        21.000
g15573/Y                       37.000        16.000        21.000
g15573/Y                       37.000        16.000        21.000
g15573/Y                       37.000        16.000        21.000
g15573/Y                       37.000        16.000        21.000
g15573/Y                       37.000        16.000        21.000
g15573/Y                       37.000        16.000        21.000
g15573/Y                       37.000        16.000        21.000
g15573/Y                       37.000        16.000        21.000
g15573/Y                       37.000        16.000        21.000
g15573/Y                       37.000        16.000        21.000
g15573/Y                       37.000        16.000        21.000
g15573/Y                       37.000        16.000        21.000
g15573/Y                       37.000        16.000        21.000
g15573/Y                       37.000        16.000        21.000
g15573/Y                       37.000        16.000        21.000
g15573/Y                       37.000        16.000        21.000
g15573/Y                       37.000        16.000        21.000
g15573/Y                       37.000        16.000        21.000
g15573/Y                       37.000        16.000        21.000
g15573/Y                       37.000        16.000        21.000
g15573/Y                       37.000        16.000        21.000
g15573/Y                       37.000        16.000        21.000
g15573/Y                       37.000        16.000        21.000
g15573/Y                       37.000        16.000        21.000
g15573/Y                       37.000        16.000        21.000
g15573/Y                       37.000        16.000        21.000
g15573/Y                       37.000        16.000        21.000
g15573/Y                       37.000        16.000        21.000
g15573/Y                       37.000        16.000        21.000
g15573/Y                       37.000        16.000        21.000
g15573/Y                       37.000        16.000        21.000
g15573/Y                       37.000        16.000        21.000
g15573/Y                       37.000        16.000        21.000
g15573/Y                       37.000        16.000        21.000
g15571/Y                       27.000        16.000        11.000
g15571/Y                       27.000        16.000        11.000
g15571/Y                       27.000        16.000        11.000
g15571/Y                       27.000        16.000        11.000
g15571/Y                       27.000        16.000        11.000
g15571/Y                       27.000        16.000        11.000
g15571/Y                       27.000        16.000        11.000
g15571/Y                       27.000        16.000        11.000
g15571/Y                       27.000        16.000        11.000
g15571/Y                       27.000        16.000        11.000
g15571/Y                       27.000        16.000        11.000
g15571/Y                       27.000        16.000        11.000
g15571/Y                       27.000        16.000        11.000
g15571/Y                       27.000        16.000        11.000
g15571/Y                       27.000        16.000        11.000
g15571/Y                       27.000        16.000        11.000
g15571/Y                       27.000        16.000        11.000
g15571/Y                       27.000        16.000        11.000
g15571/Y                       27.000        16.000        11.000
g15571/Y                       27.000        16.000        11.000
g15571/Y                       27.000        16.000        11.000
g15571/Y                       27.000        16.000        11.000
g15571/Y                       27.000        16.000        11.000
g15571/Y                       27.000        16.000        11.000
g15571/Y                       27.000        16.000        11.000
g15571/Y                       27.000        16.000        11.000
g15571/Y                       27.000        16.000        11.000
g15571/Y                       27.000        16.000        11.000
u_mac/g2/Y                     25.000        16.000         9.000
u_mac/g2/Y                     25.000        16.000         9.000
u_mac/g2/Y                     25.000        16.000         9.000
u_mac/g2/Y                     25.000        16.000         9.000
u_mac/g2/Y                     25.000        16.000         9.000
u_mac/g2/Y                     25.000        16.000         9.000
u_mac/g2/Y                     25.000        16.000         9.000
u_mac/g2/Y                     25.000        16.000         9.000
u_mac/g2/Y                     25.000        16.000         9.000
u_mac/g2/Y                     25.000        16.000         9.000
u_mac/g2/Y                     25.000        16.000         9.000
u_mac/g2/Y                     25.000        16.000         9.000
u_mac/g2/Y                     25.000        16.000         9.000
u_mac/g2/Y                     25.000        16.000         9.000
u_mac/g2/Y                     25.000        16.000         9.000
u_mac/g2/Y                     25.000        16.000         9.000
u_mac/g2/Y                     25.000        16.000         9.000
u_mac/g2/Y                     25.000        16.000         9.000
u_mac/g2/Y                     25.000        16.000         9.000
u_mac/g2/Y                     25.000        16.000         9.000
u_mac/g2/Y                     25.000        16.000         9.000
u_mac/g2/Y                     25.000        16.000         9.000
u_mac/g2/Y                     25.000        16.000         9.000
u_mac/g2/Y                     25.000        16.000         9.000
u_mac/g2/Y                     25.000        16.000         9.000
u_mac/g2/Y                     25.000        16.000         9.000



