============================================================
  Generated by:           Genus(TM) Synthesis Solution 25.12-s067_1
  Generated on:           Sep 24 2026  04:03:35 pm
  Module:                 tr_nonlinear_vpu
  Operating conditions:   ss_typical_max_0p90v_125c (balanced_tree)
  Wireload mode:          top
  Area mode:              timing library
============================================================

Timing
--------

Clock Period 
-------------
clk   3300.0 


        Cost          Critical         Violating 
       Group         Path Slack  TNS     Paths   
-------------------------------------------------
cg_enable_group_clk      1905.4   0.0          0 
clk                    No paths   0.0            
default                No paths   0.0            
in2out                 No paths   0.0            
in2reg                      0.0   0.0          0 
reg2out                  1795.5   0.0          0 
reg2reg                     0.0   0.0          0 
-------------------------------------------------
Total                             0.0          0 

Instance Count
--------------
Leaf Instance Count             15739 
Physical Instance count             0 
Sequential Instance Count        1270 
Combinational Instance Count    14469 
Hierarchical Instance Count        46 

Area
----
Cell Area                          62023.680
Physical Cell Area                 0.000
Total Cell Area (Cell+Physical)    62023.680
Net Area                           0.000
Total Area (Cell+Physical+Net)     62023.680

Max Fanout                         414 (clk)
Min Fanout                         0 (n_102)
Average Fanout                     2.1
Terms to net ratio                 3.1097
Terms to instance ratio            3.4936
Runtime                            727.3186450000001 seconds
Elapsed Runtime                    857 seconds
Genus peak memory usage            2926.94 
Innovus peak memory usage          no_value 
Hostname                           enicsw04.local
