============================================================
  Generated by:           Genus(TM) Synthesis Solution 25.12-s067_1
  Generated on:           May 03 2026  01:05:09 pm
  Module:                 tr_nonlinear_vpu
  Operating conditions:   ss_typical_max_0p90v_125c (balanced_tree)
  Wireload mode:          top
  Area mode:              timing library
============================================================


Path 1: VIOLATED (-1634 ps) Setup Check with Pin u_vecmul/a_reg_reg[7][3]/CK->D
          Group: in2reg
     Startpoint: (F) sram_data_a[0][2]
          Clock: (R) clk
       Endpoint: (R) u_vecmul/a_reg_reg[7][3]/D
          Clock: (R) clk

                     Capture       Launch     
        Clock Edge:+    5000            0     
        Drv Adjust:+       0           30     
       Src Latency:+       0            0     
       Net Latency:+       0 (I)        0 (I) 
           Arrival:=    5000           30     
                                              
             Setup:-      70                  
       Uncertainty:-     125                  
     Required Time:=    4805                  
      Launch Clock:-      30                  
       Input Delay:-    1500                  
         Data Path:-    4909                  
             Slack:=   -1634                  

Exceptions/Constraints:
  input_delay             1500            tr_nonlinear_vpu.sdc_line_16_62_1   

#----------------------------------------------------------------------------------------------------------------------------
#                      Timing Point                        Flags    Arc   Edge       Cell         Fanout Trans Delay Arrival 
#                                                                                                         (ps)  (ps)   (ps)  
#----------------------------------------------------------------------------------------------------------------------------
  sram_data_a[0][2]                                        -       -      F     (arrival)              3    69     0    1530 
  u_alpha/g3798__1705/Y                                    -       B->Y   R     NOR2_X8M_A9TL          3    91    91    1620 
  u_alpha/g3787__2398/Y                                    -       A1->Y  F     AOI21_X4M_A9TL         1    75    84    1705 
  u_alpha/g3799__5122/Y                                    -       A0->Y  R     OAI21_X6M_A9TL         1   105    98    1804 
  u_alpha/g3781__2883/Y                                    -       B->Y   F     NAND2_X8M_A9TL         7    95    90    1894 
  u_alpha/mul_32_36_I1_g698__1666/Y                        -       A->Y   R     NAND2XB_X6M_A9TL       2    81    77    1971 
  u_alpha/mul_32_36_I1_g616__5107/Y                        -       B->Y   F     XOR3_X4M_A9TL          2    84   241    2212 
  u_alpha/mul_32_36_I1_g774__6131/Y                        -       AN->Y  F     NAND2B_X8M_A9TL        4    78   134    2346 
  u_alpha/mul_32_36_I1_g582__8246/Y                        -       C->Y   R     NAND3_X4M_A9TL         1   100    99    2445 
  u_alpha/mul_32_36_I1_g573__6783/Y                        -       B->Y   F     NAND2_X4A_A9TL         1    70    72    2517 
  u_alpha/mul_32_36_I1_g568__5107/Y                        -       B->Y   R     NAND2_X6B_A9TL         1    56    62    2579 
  u_alpha/mul_32_36_I1_g566__2398/Y                        -       B->Y   F     NAND2_X8A_A9TL         3    80    70    2649 
  u_alpha/mul_32_36_I1_g561__1666/Y                        -       A0->Y  R     AOI2XB1_X8M_A9TL       2   118   110    2759 
  u_alpha/mul_32_36_I1_g557__2346/Y                        -       A0->Y  F     OAI2XB1_X8M_A9TL       1    76    67    2826 
  u_alpha/mul_32_36_I1_g555__9945/Y                        -       S0->Y  F     MXT2_X6M_A9TL          2    67   148    2974 
  u_alpha/g3772/Y                                          -       A->Y   R     INV_X7P5M_A9TL         2    56    59    3033 
  u_alpha/g3745__5526/Y                                    -       A->Y   F     NAND2_X8M_A9TL         2    55    48    3081 
  u_alpha/g3744__8428/Y                                    -       A->Y   R     NAND2_X8M_A9TL         3    84    67    3148 
  u_alpha/g3736__7410/Y                                    -       A->Y   F     NAND3_X6A_A9TL         5   119    91    3239 
  u_alpha/g3730__6161/Y                                    -       A0->Y  R     OAI2XB1_X6M_A9TL       2   112   113    3351 
  g2969/Y                                                  -       A0->Y  F     AOI21_X6M_A9TL         1    74    71    3422 
  g2952/Y                                                  -       A->Y   R     NAND3XXB_X6M_A9TL      2   117    87    3509 
  u_backbone/u_pre_ln/g1466/Y                              -       A->Y   F     NAND2_X8M_A9TL         3    94    66    3575 
  u_backbone/u_pre_ln/g1456/Y                              -       B->Y   R     NOR2_X8A_A9TL          3   116   112    3687 
  u_backbone/u_pre_ln/g1454/Y                              -       A->Y   F     NAND2_X8A_A9TL         5    94    88    3776 
  u_backbone/u_pre_ln/g1444/Y                              -       A->Y   R     NOR2XB_X6M_A9TL        1    88    83    3859 
  u_backbone/u_pre_ln/g1443/Y                              -       A->Y   F     NAND2XB_X8M_A9TL       2    56    56    3915 
  u_backbone/u_pre_ln/g1439/Y                              -       A->Y   R     INV_X7P5M_A9TL         2    52    52    3967 
  u_backbone/u_pre_ln/g1430/Y                              -       A->Y   F     NAND2XB_X8M_A9TL       1    38    36    4003 
  u_backbone/u_pre_ln/g1428/Y                              -       B0->Y  R     OAI2XB1_X6M_A9TL       2   122    69    4072 
  u_backbone/gen_tr_lanes[0].u_tr_ln/g3023/Y               -       A->Y   F     INV_X6M_A9TL           2    50    54    4125 
  u_backbone/gen_tr_lanes[0].u_tr_ln/g2966/Y               -       A->Y   R     NAND3XXB_X6M_A9TL      2   130    84    4209 
  u_backbone/gen_tr_lanes[0].u_tr_ln/g2953/Y               -       A->Y   F     INV_X7P5M_A9TL         3    52    55    4264 
  u_backbone/gen_tr_lanes[0].u_tr_ln/g2909/Y               -       A->Y   R     NAND2_X8B_A9TL         3    68    61    4325 
  u_backbone/gen_tr_lanes[0].u_tr_ln/g2896/Y               -       A->Y   F     INV_X7P5M_A9TL         4    44    50    4376 
  u_backbone/gen_tr_lanes[0].u_tr_ln/g2869/Y               -       A->Y   R     NAND3XXB_X6M_A9TL      2   129    81    4456 
  u_backbone/gen_tr_lanes[0].u_tr_ln/g2854/Y               -       A->Y   F     NAND2_X8A_A9TL         2    78    76    4532 
  u_backbone/gen_tr_lanes[0].u_tr_ln/g2840/Y               -       A->Y   R     NOR2XB_X8M_A9TL        4   121   100    4633 
  u_backbone/gen_tr_lanes[0].u_tr_ln/g2811/Y               -       A->Y   F     NAND3_X6A_A9TL         1    80    71    4704 
  u_backbone/gen_tr_lanes[0].u_tr_ln/g2797/Y               -       A0->Y  R     AOI2XB1_X8M_A9TL       2   102   101    4805 
  u_backbone/gen_tr_lanes[0].u_tr_ln/fopt3071/Y            -       A->Y   F     INV_X6M_A9TL           2    43    47    4853 
  u_backbone/gen_tr_lanes[0].u_tr_ln/g2774/Y               -       B->Y   F     XNOR3_X4M_A9TL         4   111   256    5109 
  u_backbone/u_post_ln/g6921/Y                             -       A->Y   R     INV_X5M_A9TL           2    69    74    5183 
  u_backbone/u_post_ln/g6908/Y                             -       A->Y   F     NAND2_X8M_A9TL         2    53    55    5238 
  u_backbone/u_post_ln/g6702/Y                             -       A0->Y  R     OAI21_X6M_A9TL         1    89    81    5319 
  u_backbone/u_post_ln/g6630/Y                             -       A->Y   F     NAND3XXB_X6M_A9TL      1    63    58    5377 
  u_backbone/u_post_ln/g6495/Y                             -       C->Y   R     NAND3_X6M_A9TL         2   106    97    5475 
  u_backbone/gen_tr_exp_lanes[0].u_tr_exp/u_quad/fopt101/Y -       A->Y   F     INV_X6M_A9TL           2    44    48    5523 
  u_backbone/gen_tr_exp_lanes[0].u_tr_exp/u_quad/g95/Y     -       A->Y   R     NAND2_X6M_A9TL         1    55    47    5570 
  u_backbone/gen_tr_exp_lanes[0].u_tr_exp/u_quad/g93/Y     -       A->Y   R     AND2_X8M_A9TL          1    35    82    5653 
  u_backbone/gen_tr_exp_lanes[0].u_tr_exp/g292/CO          -       A->CO  R     ADDH_X2M_A9TL          1    60   115    5768 
  u_backbone/gen_tr_exp_lanes[0].u_tr_exp/g291/CO          -       CI->CO R     ADDFH_X2M_A9TL         2   148   197    5965 
  u_backbone/gen_tr_exp_lanes[0].u_tr_exp/g289/Y           -       A->Y   F     NAND2_X8A_A9TL         2    89    86    6051 
  u_backbone/gen_tr_exp_lanes[0].u_tr_exp/fopt297/Y        -       A->Y   R     INV_X9M_A9TL           2    54    59    6110 
  u_backbone/gen_tr_exp_lanes[0].u_tr_exp/g283/Y           -       A->Y   F     NAND2XB_X8M_A9TL       1    45    42    6152 
  u_backbone/gen_tr_exp_lanes[0].u_tr_exp/g282/Y           -       A->Y   R     NAND2_X8A_A9TL         2    45    41    6194 
  fopt4550/Y                                               -       A->Y   R     BUF_X6B_A9TL           2    59   104    6297 
  g3988/Y                                                  -       A->Y   F     NAND2_X8A_A9TL         8   111    76    6372 
  g3535/Y                                                  -       A->Y   R     NAND2_X2A_A9TL         1    76    66    6439 
  u_vecmul/a_reg_reg[7][3]/D                               -       -      R     DFFQ_X2M_A9TL          1     -     0    6439 
#----------------------------------------------------------------------------------------------------------------------------

