============================================================
  Generated by:           Genus(TM) Synthesis Solution 25.12-s067_1
  Generated on:           Mar 26 2026  02:23:35 pm
  Module:                 tr_softmax
  Operating conditions:   ss_typical_max_0p90v_125c (balanced_tree)
  Wireload mode:          top
  Area mode:              timing library
============================================================


Path 1: MET (1580 ps) Setup Check with Pin dsp_mac/prod_reg_reg[0][16]/clk->sena
          Group: in2reg
     Startpoint: (R) rst_n
          Clock: (R) clk
       Endpoint: (R) dsp_mac/prod_reg_reg[0][16]/sena
          Clock: (R) clk

                     Capture       Launch     
        Clock Edge:+    3000            0     
        Drv Adjust:+       0            0     
       Src Latency:+       0            0     
       Net Latency:+       0 (I)        0 (I) 
           Arrival:=    3000            0     
                                              
             Setup:-     164                  
       Uncertainty:-     125                  
     Required Time:=    2711                  
      Launch Clock:-       0                  
       Input Delay:-     900                  
         Data Path:-     230                  
             Slack:=    1580                  

Exceptions/Constraints:
  input_delay             900             tr_softmax.sdc_line_16   

#---------------------------------------------------------------------------------------------------
#          Timing Point            Flags    Arc    Edge      Cell        Fanout Trans Delay Arrival 
#                                                                                (ps)  (ps)   (ps)  
#---------------------------------------------------------------------------------------------------
  rst_n                            (i,u)   -       R     (arrival)            8     0     0     900 
  dsp_mac/g43/z                    (u)     in_1->z R     unmapped_and2      264     0   230    1130 
  dsp_mac/prod_reg_reg[0][16]/sena -       -       R     unmapped_d_flop    264     -     0    1130 
#---------------------------------------------------------------------------------------------------

(u) : Net has unmapped pin(s).
(i) : Net is ideal.

