============================================================
  Generated by:           Genus(TM) Synthesis Solution 25.12-s067_1
  Generated on:           Apr 11 2026  01:20:52 pm
  Module:                 transformer_core_top
  Operating conditions:   ss_typical_max_0p90v_125c (balanced_tree)
  Wireload mode:          top
  Area mode:              timing library
============================================================

         Instance                              Module                     Cell-Count  Cell-Area  Net-Area   Total-Area  Wireload  
----------------------------------------------------------------------------------------------------------------------------------
transformer_core_top       NA                                                  10942  46312.920     0.000    46312.920 Small (D)  
  u_ctrl                   transformer_core_ctrl_MAX_LATENCY2                    112    350.280     0.000      350.280 Small (T)  
  u_datapath               transformer_core_datapath_N8_W8_ACC_W32_FRAC4       10830  45962.640     0.000    45962.640 Small (T)  
    u_alpha_stab           alpha_stabilizer_N8_W8                               1628   7374.240     0.000     7374.240 Small (T)  
    u_mac_engine           vec_mul_N8_W8_ACC_W32                                3077  12686.760     0.000    12686.760 Small (T)  
    u_piped_max            piped_max_NUM_INPUTS8_DATA_WIDTH8                     185    835.200     0.000      835.200 Small (T)  
    u_scalar_sub           scalar_sub_NUM_INPUTS8_DATA_WIDTH8                    613   1870.920     0.000     1870.920 Small (T)  
    u_tr_array             tr_hetero_array_N8                                   2738  11958.120     0.000    11958.120 Small (T)  
      GEN_LANES[1].u_exp_i tr_exp_alu_WIDTH8_FRAC_W4_LUT_IDX_W3_463               27     96.120     0.000       96.120 Small (T)  
        u_quad             quadratic_divider_WIDTH8_FRAC_W4_3575                   5      9.720     0.000        9.720 Small (T)  
        u_round            round_WIDTH8_FRAC_W4_LUT_IDX_W3_456                    16     65.880     0.000       65.880 Small (T)  
      GEN_LANES[1].u_ln_i  tr_ln_WIDTH8_BITS4_OUT_WIDTH8_470                      98    448.200     0.000      448.200 Small (T)  
      GEN_LANES[2].u_exp_i tr_exp_alu_WIDTH8_FRAC_W4_LUT_IDX_W3_462               28     95.400     0.000       95.400 Small (T)  
        u_quad             quadratic_divider_WIDTH8_FRAC_W4_3574                   6     11.880     0.000       11.880 Small (T)  
        u_round            round_WIDTH8_FRAC_W4_LUT_IDX_W3_455                    15     60.840     0.000       60.840 Small (T)  
      GEN_LANES[2].u_ln_i  tr_ln_WIDTH8_BITS4_OUT_WIDTH8_469                      95    480.960     0.000      480.960 Small (T)  
      GEN_LANES[3].u_exp_i tr_exp_alu_WIDTH8_FRAC_W4_LUT_IDX_W3_461               26    110.880     0.000      110.880 Small (T)  
        u_quad             quadratic_divider_WIDTH8_FRAC_W4_3573                   5      9.720     0.000        9.720 Small (T)  
        u_round            round_WIDTH8_FRAC_W4_LUT_IDX_W3_454                    14     79.560     0.000       79.560 Small (T)  
      GEN_LANES[3].u_ln_i  tr_ln_WIDTH8_BITS4_OUT_WIDTH8_468                      94    446.400     0.000      446.400 Small (T)  
      GEN_LANES[4].u_exp_i tr_exp_alu_WIDTH8_FRAC_W4_LUT_IDX_W3_460               27    104.040     0.000      104.040 Small (T)  
        u_quad             quadratic_divider_WIDTH8_FRAC_W4_3572                   5      9.720     0.000        9.720 Small (T)  
        u_round            round_WIDTH8_FRAC_W4_LUT_IDX_W3_453                    16     73.800     0.000       73.800 Small (T)  
      GEN_LANES[4].u_ln_i  tr_ln_WIDTH8_BITS4_OUT_WIDTH8_467                     106    511.920     0.000      511.920 Small (T)  
      GEN_LANES[5].u_exp_i tr_exp_alu_WIDTH8_FRAC_W4_LUT_IDX_W3_459               28    111.960     0.000      111.960 Small (T)  
        u_quad             quadratic_divider_WIDTH8_FRAC_W4_3571                   5      9.720     0.000        9.720 Small (T)  
        u_round            round_WIDTH8_FRAC_W4_LUT_IDX_W3_452                    16     80.640     0.000       80.640 Small (T)  
      GEN_LANES[5].u_ln_i  tr_ln_WIDTH8_BITS4_OUT_WIDTH8_466                     109    537.480     0.000      537.480 Small (T)  
      GEN_LANES[6].u_exp_i tr_exp_alu_WIDTH8_FRAC_W4_LUT_IDX_W3_458               28     99.360     0.000       99.360 Small (T)  
        u_quad             quadratic_divider_WIDTH8_FRAC_W4_3570                   5      9.720     0.000        9.720 Small (T)  
        u_round            round_WIDTH8_FRAC_W4_LUT_IDX_W3_451                    16     68.040     0.000       68.040 Small (T)  
      GEN_LANES[6].u_ln_i  tr_ln_WIDTH8_BITS4_OUT_WIDTH8_465                     110    543.600     0.000      543.600 Small (T)  
      GEN_LANES[7].u_exp_i tr_exp_alu_WIDTH8_FRAC_W4_LUT_IDX_W3_457               30    118.800     0.000      118.800 Small (T)  
        u_quad             quadratic_divider_WIDTH8_FRAC_W4_3569                   5      9.720     0.000        9.720 Small (T)  
        u_round            round_WIDTH8_FRAC_W4_LUT_IDX_W3_450                    19     87.840     0.000       87.840 Small (T)  
      GEN_LANES[7].u_ln_i  tr_ln_WIDTH8_BITS4_OUT_WIDTH8_464                     100    489.240     0.000      489.240 Small (T)  
      u_exp_0_20b          tr_exp_alu_WIDTH20_FRAC_W8_LUT_IDX_W4                 284   1368.360     0.000     1368.360 Small (T)  
        u_quad             quadratic_divider_WIDTH20_FRAC_W8                     170    856.440     0.000      856.440 Small (T)  
        u_round            round_WIDTH20_FRAC_W8_LUT_IDX_W4                       20     83.520     0.000       83.520 Small (T)  
      u_exp_0_8b           tr_exp_alu_WIDTH8_FRAC_W4_LUT_IDX_W3                   27    103.320     0.000      103.320 Small (T)  
        u_quad             quadratic_divider_WIDTH8_FRAC_W4                        5      9.720     0.000        9.720 Small (T)  
        u_round            round_WIDTH8_FRAC_W4_LUT_IDX_W3                        16     73.080     0.000       73.080 Small (T)  
      u_ln_0_20b           tr_ln_WIDTH20_BITS8_OUT_WIDTH20                       488   2494.800     0.000     2494.800 Small (T)  
      u_ln_0_8b            tr_ln_WIDTH8_BITS4_OUT_WIDTH8                         104    497.520     0.000      497.520 Small (T)  
      u_lut_20b            q12_8_lut                                              50    123.840     0.000      123.840 Small (T)  
      u_shared_rom         shared_lut_rom_N8                                      86    270.000     0.000      270.000 Small (T)  
  (D) = wireload is default in technology library
  (T) = wireload mode is 'top'
