============================================================
  Generated by:           Genus(TM) Synthesis Solution 25.12-s067_1
  Generated on:           Apr 11 2026  01:20:55 pm
  Module:                 transformer_core_top
  Operating conditions:   ss_typical_max_0p90v_125c (balanced_tree)
  Wireload mode:          top
  Area mode:              timing library
============================================================

Max_transition design rule (violation total = 21980)
Pin                                                                             Slew           Max     Violation
------------------------------------------------------------------------------------------------------------------
u_datapath/g21470/B1                                                            1324           350           974
  --> Other violations on net                                                            10713
u_datapath/g21472/B1                                                            1324           350           974
  --> Other violations on net                                                            10713
u_datapath/g21467/B1                                                            1324           350           974
  --> Other violations on net                                                            10713
u_datapath/g21433/B1                                                            1324           350           974
  --> Other violations on net                                                            10713
u_datapath/g21454/B1                                                            1324           350           974
  --> Other violations on net                                                            10713
u_datapath/g21630/A                                                             1324           350           974
  --> Other violations on net                                                            10713
u_datapath/g21578/B                                                             1324           350           974
  --> Other violations on net                                                            10713
u_datapath/g21638/A                                                             1324           350           974
  --> Other violations on net                                                            10713
u_datapath/g21461/B1                                                            1324           350           974
  --> Other violations on net                                                            10713
u_datapath/g21446/B1                                                            1324           350           974
  --> Other violations on net                                                            10713
u_datapath/g21459/B1                                                            1324           350           974
  --> Other violations on net                                                            10713
u_datapath/g21689/Y                                                             1324           350           974
  --> Other violations on net                                                            10713
u_ctrl/g1310__5122/AN                                                           1291           350           941
  --> Other violations on net                                                            5645
u_ctrl/g1313__6131/B0                                                           1291           350           941
  --> Other violations on net                                                            5645
u_ctrl/g1323__2346/Y                                                            1291           350           941
  --> Other violations on net                                                            5645
u_datapath/g21683/BN                                                            1291           350           941
  --> Other violations on net                                                            5645
u_datapath/g21538/A                                                             1291           350           941
  --> Other violations on net                                                            5645
u_datapath/g21685/B                                                             1291           350           941
  --> Other violations on net                                                            5645
u_datapath/g21713/A                                                             1291           350           941
  --> Other violations on net                                                            5645
u_ctrl/g1342__3680/Y                                                             803           350           453
  --> Other violations on net                                                            453
u_datapath/g21436/B0                                                             422           350            72
  --> Other violations on net                                                            788
u_datapath/g21471/B0                                                             422           350            72
  --> Other violations on net                                                            788
u_datapath/g21428/B1                                                             422           350            72
  --> Other violations on net                                                            788
u_datapath/g21469/B1                                                             422           350            72
  --> Other violations on net                                                            788
u_datapath/g21437/B1                                                             422           350            72
  --> Other violations on net                                                            788
u_datapath/g21629/A                                                              422           350            72
  --> Other violations on net                                                            788
u_datapath/g21453/B1                                                             422           350            72
  --> Other violations on net                                                            788
u_datapath/g21452/B1                                                             422           350            72
  --> Other violations on net                                                            788
u_datapath/g21432/B1                                                             422           350            72
  --> Other violations on net                                                            788
u_datapath/g21440/B1                                                             422           350            72
  --> Other violations on net                                                            788
u_datapath/g21463/B1                                                             422           350            72
  --> Other violations on net                                                            788
u_datapath/g21630/Y                                                              422           350            72
  --> Other violations on net                                                            788
u_datapath/u_tr_array/g6784/A                                                    658           350           308
  --> Other violations on net                                                            308
u_datapath/u_tr_array/g6994/Y                                                    658           350           308
  --> Other violations on net                                                            308
u_datapath/g21077/B                                                              534           350           184
  --> Other violations on net                                                            184
u_datapath/g21180/Y                                                              534           350           184
  --> Other violations on net                                                            184
u_datapath/g20703/B0                                                             531           350           181
  --> Other violations on net                                                            181
u_datapath/g21471/Y                                                              531           350           181
  --> Other violations on net                                                            181
u_datapath/g21355/B                                                              392           350            42
  --> Other violations on net                                                            166
u_datapath/g21165/B1                                                             392           350            42
  --> Other violations on net                                                            166
u_datapath/g21356/A                                                              392           350            42
  --> Other violations on net                                                            166
u_datapath/g21947/B                                                              392           350            42
  --> Other violations on net                                                            166
u_datapath/g21685/Y                                                              392           350            42
  --> Other violations on net                                                            166
u_datapath/fopt22104/Y                                                           383           350            33
  --> Other violations on net                                                            66
u_datapath/u_tr_array/g7303/A                                                    383           350            33
  --> Other violations on net                                                            66
u_datapath/u_tr_array/fopt14/A                                                   383           350            33
  --> Other violations on net                                                            66
u_datapath/u_tr_array/g6867/B                                                    398           350            48
  --> Other violations on net                                                            48
u_datapath/u_tr_array/g7471/Y                                                    398           350            48
  --> Other violations on net                                                            48
u_datapath/g20901/B0                                                             394           350            44
  --> Other violations on net                                                            44
u_datapath/g21454/Y                                                              394           350            44
  --> Other violations on net                                                            44
u_datapath/u_tr_array/u_ln_0_20b/g3129/A                                         380           350            30
  --> Other violations on net                                                            30
u_datapath/u_tr_array/u_ln_0_20b/csa_tree_ADD_TC_OP_7_groupi_g856/Y              380           350            30
  --> Other violations on net                                                            30
u_datapath/u_alpha_stab/g3918__9945/B                                            356           350             6
  --> Other violations on net                                                            19
u_datapath/u_alpha_stab/g3921__1666/C                                            356           350             6
  --> Other violations on net                                                            19
u_datapath/u_alpha_stab/g3919__2883/CN                                           356           350             6
  --> Other violations on net                                                            19
u_datapath/u_alpha_stab/mul_32_36_I4_g2__5526/Y                                  356           350             6
  --> Other violations on net                                                            19
u_ctrl/g1307__2802/B                                                             361           350            11
  --> Other violations on net                                                            11
u_ctrl/g1313__6131/Y                                                             361           350            11
  --> Other violations on net                                                            11


Max_capacitance design rule: no violations.


Max_fanout design rule (violation total = 4.000)
Pin                            Fanout           Max     Violation
-------------------------------------------------------------------
u_datapath/g21638/Y            19.000        16.000         3.000
u_datapath/g21638/Y            19.000        16.000         3.000
u_datapath/g21638/Y            19.000        16.000         3.000
u_datapath/g21638/Y            19.000        16.000         3.000
u_datapath/g21638/Y            19.000        16.000         3.000
u_datapath/g21638/Y            19.000        16.000         3.000
u_datapath/g21638/Y            19.000        16.000         3.000
u_datapath/g21638/Y            19.000        16.000         3.000
u_datapath/g21638/Y            19.000        16.000         3.000
u_datapath/g21638/Y            19.000        16.000         3.000
u_datapath/g21638/Y            19.000        16.000         3.000
u_datapath/g21638/Y            19.000        16.000         3.000
u_datapath/g21638/Y            19.000        16.000         3.000
u_datapath/g21638/Y            19.000        16.000         3.000
u_datapath/g21638/Y            19.000        16.000         3.000
u_datapath/g21638/Y            19.000        16.000         3.000
u_datapath/g21638/Y            19.000        16.000         3.000
u_datapath/g21638/Y            19.000        16.000         3.000
u_datapath/g21638/Y            19.000        16.000         3.000
u_datapath/g21638/Y            19.000        16.000         3.000
u_datapath/g9493/Y             17.000        16.000         1.000
u_datapath/g9493/Y             17.000        16.000         1.000
u_datapath/g9493/Y             17.000        16.000         1.000
u_datapath/g9493/Y             17.000        16.000         1.000
u_datapath/g9493/Y             17.000        16.000         1.000
u_datapath/g9493/Y             17.000        16.000         1.000
u_datapath/g9493/Y             17.000        16.000         1.000
u_datapath/g9493/Y             17.000        16.000         1.000
u_datapath/g9493/Y             17.000        16.000         1.000
u_datapath/g9493/Y             17.000        16.000         1.000
u_datapath/g9493/Y             17.000        16.000         1.000
u_datapath/g9493/Y             17.000        16.000         1.000
u_datapath/g9493/Y             17.000        16.000         1.000
u_datapath/g9493/Y             17.000        16.000         1.000
u_datapath/g9493/Y             17.000        16.000         1.000
u_datapath/g9493/Y             17.000        16.000         1.000
u_datapath/g9493/Y             17.000        16.000         1.000
u_datapath/g9493/Y             17.000        16.000         1.000



