============================================================
  Generated by:           Genus(TM) Synthesis Solution 25.12-s067_1
  Generated on:           May 06 2026  12:23:15 pm
  Operating conditions:   ss_typical_max_0p90v_125c (balanced_tree)
  Wireload mode:          top
  Area mode:              timing library
============================================================

                                                                                        
        Gate         Instances    Area                       Library                    
----------------------------------------------------------------------------------------
ADDFH_X1M_A9TL               6    66.960 sc9_cln65lp_base_lvt_ss_typical_max_0p90v_125c 
ADDFH_X2M_A9TL              21   249.480 sc9_cln65lp_base_lvt_ss_typical_max_0p90v_125c 
ADDF_X1M_A9TL               58   459.360 sc9_cln65lp_base_lvt_ss_typical_max_0p90v_125c 
ADDF_X1P4M_A9TL             11   102.960 sc9_cln65lp_base_lvt_ss_typical_max_0p90v_125c 
ADDF_X2M_A9TL               12   112.320 sc9_cln65lp_base_lvt_ss_typical_max_0p90v_125c 
ADDH_X1M_A9TL               26   121.680 sc9_cln65lp_base_lvt_ss_typical_max_0p90v_125c 
ADDH_X1P4M_A9TL              1     5.760 sc9_cln65lp_base_lvt_ss_typical_max_0p90v_125c 
ADDH_X2M_A9TL                2    11.520 sc9_cln65lp_base_lvt_ss_typical_max_0p90v_125c 
AND2_X1M_A9TL               66   118.800 sc9_cln65lp_base_lvt_ss_typical_max_0p90v_125c 
AND2_X2M_A9TL               21    52.920 sc9_cln65lp_base_lvt_ss_typical_max_0p90v_125c 
AND2_X3M_A9TL               11    43.560 sc9_cln65lp_base_lvt_ss_typical_max_0p90v_125c 
AND2_X4M_A9TL                6    25.920 sc9_cln65lp_base_lvt_ss_typical_max_0p90v_125c 
AND3_X1M_A9TL                7    17.640 sc9_cln65lp_base_lvt_ss_typical_max_0p90v_125c 
AND3_X2M_A9TL                1     4.320 sc9_cln65lp_base_lvt_ss_typical_max_0p90v_125c 
AND3_X3M_A9TL                1     5.760 sc9_cln65lp_base_lvt_ss_typical_max_0p90v_125c 
AND3_X4M_A9TL                1     6.480 sc9_cln65lp_base_lvt_ss_typical_max_0p90v_125c 
AND3_X8M_A9TL                1    12.600 sc9_cln65lp_base_lvt_ss_typical_max_0p90v_125c 
AND4_X0P5M_A9TL              3     8.640 sc9_cln65lp_base_lvt_ss_typical_max_0p90v_125c 
AND4_X2M_A9TL                2    12.960 sc9_cln65lp_base_lvt_ss_typical_max_0p90v_125c 
AND4_X3M_A9TL                1     9.000 sc9_cln65lp_base_lvt_ss_typical_max_0p90v_125c 
AO1B2_X1M_A9TL              25    63.000 sc9_cln65lp_base_lvt_ss_typical_max_0p90v_125c 
AO1B2_X2M_A9TL               5    18.000 sc9_cln65lp_base_lvt_ss_typical_max_0p90v_125c 
AO1B2_X3M_A9TL               1     5.400 sc9_cln65lp_base_lvt_ss_typical_max_0p90v_125c 
AO1B2_X4M_A9TL               3    18.360 sc9_cln65lp_base_lvt_ss_typical_max_0p90v_125c 
AO21B_X1M_A9TL               2     5.040 sc9_cln65lp_base_lvt_ss_typical_max_0p90v_125c 
AO21B_X2M_A9TL              12    43.200 sc9_cln65lp_base_lvt_ss_typical_max_0p90v_125c 
AO21B_X3M_A9TL              10    54.000 sc9_cln65lp_base_lvt_ss_typical_max_0p90v_125c 
AO21B_X4M_A9TL               2    12.240 sc9_cln65lp_base_lvt_ss_typical_max_0p90v_125c 
AO21B_X6M_A9TL               2    18.000 sc9_cln65lp_base_lvt_ss_typical_max_0p90v_125c 
AO21_X1M_A9TL               13    37.440 sc9_cln65lp_base_lvt_ss_typical_max_0p90v_125c 
AOI211_X1M_A9TL              1     2.520 sc9_cln65lp_base_lvt_ss_typical_max_0p90v_125c 
AOI211_X2M_A9TL              1     4.320 sc9_cln65lp_base_lvt_ss_typical_max_0p90v_125c 
AOI21B_X1M_A9TL              9    25.920 sc9_cln65lp_base_lvt_ss_typical_max_0p90v_125c 
AOI21B_X2M_A9TL              1     4.320 sc9_cln65lp_base_lvt_ss_typical_max_0p90v_125c 
AOI21_X1M_A9TL              31    66.960 sc9_cln65lp_base_lvt_ss_typical_max_0p90v_125c 
AOI21_X2M_A9TL              16    57.600 sc9_cln65lp_base_lvt_ss_typical_max_0p90v_125c 
AOI21_X2M_A9TR               1     3.600 sc9_cln65lp_base_rvt_ss_typical_max_0p90v_125c 
AOI21_X3M_A9TL              18    84.240 sc9_cln65lp_base_lvt_ss_typical_max_0p90v_125c 
AOI21_X4M_A9TL              12    73.440 sc9_cln65lp_base_lvt_ss_typical_max_0p90v_125c 
AOI21_X6M_A9TL               1     9.000 sc9_cln65lp_base_lvt_ss_typical_max_0p90v_125c 
AOI221_X1M_A9TL              3     9.720 sc9_cln65lp_base_lvt_ss_typical_max_0p90v_125c 
AOI221_X1P4M_A9TL            1     5.760 sc9_cln65lp_base_lvt_ss_typical_max_0p90v_125c 
AOI222_X1M_A9TL              1     3.960 sc9_cln65lp_base_lvt_ss_typical_max_0p90v_125c 
AOI22_X1M_A9TL              27    68.040 sc9_cln65lp_base_lvt_ss_typical_max_0p90v_125c 
AOI2XB1_X0P7M_A9TL           1     2.880 sc9_cln65lp_base_lvt_ss_typical_max_0p90v_125c 
AOI2XB1_X1M_A9TL             7    20.160 sc9_cln65lp_base_lvt_ss_typical_max_0p90v_125c 
AOI2XB1_X2M_A9TL             5    21.600 sc9_cln65lp_base_lvt_ss_typical_max_0p90v_125c 
AOI2XB1_X3M_A9TL             6    34.560 sc9_cln65lp_base_lvt_ss_typical_max_0p90v_125c 
AOI2XB1_X4M_A9TL             5    37.800 sc9_cln65lp_base_lvt_ss_typical_max_0p90v_125c 
AOI31_X1M_A9TL               2     5.040 sc9_cln65lp_base_lvt_ss_typical_max_0p90v_125c 
AOI32_X1M_A9TL               1     2.880 sc9_cln65lp_base_lvt_ss_typical_max_0p90v_125c 
BUFH_X0P7M_A9TR              1     1.440 sc9_cln65lp_base_rvt_ss_typical_max_0p90v_125c 
BUFH_X0P8M_A9TL              1     1.440 sc9_cln65lp_base_lvt_ss_typical_max_0p90v_125c 
BUFH_X11M_A9TL               1     9.000 sc9_cln65lp_base_lvt_ss_typical_max_0p90v_125c 
BUFH_X1M_A9TL                2     2.880 sc9_cln65lp_base_lvt_ss_typical_max_0p90v_125c 
BUFH_X2M_A9TL                1     2.520 sc9_cln65lp_base_lvt_ss_typical_max_0p90v_125c 
BUFH_X2P5M_A9TL              1     2.880 sc9_cln65lp_base_lvt_ss_typical_max_0p90v_125c 
BUFH_X4M_A9TL                2     7.920 sc9_cln65lp_base_lvt_ss_typical_max_0p90v_125c 
BUF_X4M_A9TL                 1     3.600 sc9_cln65lp_base_lvt_ss_typical_max_0p90v_125c 
BUF_X6M_A9TL                 3    12.960 sc9_cln65lp_base_lvt_ss_typical_max_0p90v_125c 
BUF_X9M_A9TL                 2    12.240 sc9_cln65lp_base_lvt_ss_typical_max_0p90v_125c 
CGENCIN_X1M_A9TL             3    21.600 sc9_cln65lp_base_lvt_ss_typical_max_0p90v_125c 
CGENI_X1M_A9TL              29    83.520 sc9_cln65lp_base_lvt_ss_typical_max_0p90v_125c 
CGENI_X2M_A9TL              31   167.400 sc9_cln65lp_base_lvt_ss_typical_max_0p90v_125c 
CGEN_X1M_A9TL               78   280.800 sc9_cln65lp_base_lvt_ss_typical_max_0p90v_125c 
CGEN_X1M_A9TR                4    14.400 sc9_cln65lp_base_rvt_ss_typical_max_0p90v_125c 
CGEN_X2M_A9TL               24    95.040 sc9_cln65lp_base_lvt_ss_typical_max_0p90v_125c 
DFFRPQ_X0P5M_A9TL            1     8.640 sc9_cln65lp_base_lvt_ss_typical_max_0p90v_125c 
DFFRPQ_X0P5M_A9TR            1     8.640 sc9_cln65lp_base_rvt_ss_typical_max_0p90v_125c 
DFFRPQ_X1M_A9TL            300  2592.000 sc9_cln65lp_base_lvt_ss_typical_max_0p90v_125c 
DFFRPQ_X2M_A9TL             61   549.000 sc9_cln65lp_base_lvt_ss_typical_max_0p90v_125c 
DFFRPQ_X3M_A9TL             16   149.760 sc9_cln65lp_base_lvt_ss_typical_max_0p90v_125c 
DFFRPQ_X4M_A9TL             19   191.520 sc9_cln65lp_base_lvt_ss_typical_max_0p90v_125c 
INV_X0P5B_A9TH               1     1.080 sc9_cln65lp_base_hvt_ss_typical_max_0p90v_125c 
INV_X0P5M_A9TR               2     2.160 sc9_cln65lp_base_rvt_ss_typical_max_0p90v_125c 
INV_X0P6B_A9TR               1     1.080 sc9_cln65lp_base_rvt_ss_typical_max_0p90v_125c 
INV_X0P6M_A9TL               1     1.080 sc9_cln65lp_base_lvt_ss_typical_max_0p90v_125c 
INV_X11B_A9TL                3    17.280 sc9_cln65lp_base_lvt_ss_typical_max_0p90v_125c 
INV_X11M_A9TL                1     5.760 sc9_cln65lp_base_lvt_ss_typical_max_0p90v_125c 
INV_X13M_A9TL                1     6.840 sc9_cln65lp_base_lvt_ss_typical_max_0p90v_125c 
INV_X1B_A9TL                 2     2.160 sc9_cln65lp_base_lvt_ss_typical_max_0p90v_125c 
INV_X1M_A9TL               163   176.040 sc9_cln65lp_base_lvt_ss_typical_max_0p90v_125c 
INV_X1P4M_A9TL               1     1.440 sc9_cln65lp_base_lvt_ss_typical_max_0p90v_125c 
INV_X2M_A9TL               106   152.640 sc9_cln65lp_base_lvt_ss_typical_max_0p90v_125c 
INV_X3M_A9TL                58   125.280 sc9_cln65lp_base_lvt_ss_typical_max_0p90v_125c 
INV_X4B_A9TL                 1     2.520 sc9_cln65lp_base_lvt_ss_typical_max_0p90v_125c 
INV_X4M_A9TL                40   100.800 sc9_cln65lp_base_lvt_ss_typical_max_0p90v_125c 
INV_X5M_A9TL                36   103.680 sc9_cln65lp_base_lvt_ss_typical_max_0p90v_125c 
INV_X6M_A9TL                16    57.600 sc9_cln65lp_base_lvt_ss_typical_max_0p90v_125c 
INV_X7P5B_A9TL               4    17.280 sc9_cln65lp_base_lvt_ss_typical_max_0p90v_125c 
INV_X7P5M_A9TL              17    73.440 sc9_cln65lp_base_lvt_ss_typical_max_0p90v_125c 
INV_X9B_A9TL                 2     9.360 sc9_cln65lp_base_lvt_ss_typical_max_0p90v_125c 
INV_X9M_A9TL                 4    18.720 sc9_cln65lp_base_lvt_ss_typical_max_0p90v_125c 
MXIT2_X1M_A9TL              10    36.000 sc9_cln65lp_base_lvt_ss_typical_max_0p90v_125c 
MXIT2_X2M_A9TL              26   168.480 sc9_cln65lp_base_lvt_ss_typical_max_0p90v_125c 
MXIT2_X3M_A9TL              27   204.120 sc9_cln65lp_base_lvt_ss_typical_max_0p90v_125c 
MXT2_X1P4M_A9TL              1     5.040 sc9_cln65lp_base_lvt_ss_typical_max_0p90v_125c 
MXT2_X3M_A9TL                1     8.280 sc9_cln65lp_base_lvt_ss_typical_max_0p90v_125c 
NAND2B_X1M_A9TL             55   118.800 sc9_cln65lp_base_lvt_ss_typical_max_0p90v_125c 
NAND2B_X2M_A9TL             30    86.400 sc9_cln65lp_base_lvt_ss_typical_max_0p90v_125c 
NAND2B_X3M_A9TL              9    35.640 sc9_cln65lp_base_lvt_ss_typical_max_0p90v_125c 
NAND2B_X4M_A9TL              5    23.400 sc9_cln65lp_base_lvt_ss_typical_max_0p90v_125c 
NAND2B_X6M_A9TL              1     6.840 sc9_cln65lp_base_lvt_ss_typical_max_0p90v_125c 
NAND2XB_X1M_A9TL            29    62.640 sc9_cln65lp_base_lvt_ss_typical_max_0p90v_125c 
NAND2XB_X2M_A9TL            19    54.720 sc9_cln65lp_base_lvt_ss_typical_max_0p90v_125c 
NAND2XB_X3M_A9TL            12    47.520 sc9_cln65lp_base_lvt_ss_typical_max_0p90v_125c 
NAND2XB_X4M_A9TL             8    37.440 sc9_cln65lp_base_lvt_ss_typical_max_0p90v_125c 
NAND2XB_X6M_A9TL             1     6.840 sc9_cln65lp_base_lvt_ss_typical_max_0p90v_125c 
NAND2_X1A_A9TL             132   190.080 sc9_cln65lp_base_lvt_ss_typical_max_0p90v_125c 
NAND2_X1B_A9TL              15    21.600 sc9_cln65lp_base_lvt_ss_typical_max_0p90v_125c 
NAND2_X1M_A9TL             110   158.400 sc9_cln65lp_base_lvt_ss_typical_max_0p90v_125c 
NAND2_X1P4M_A9TL            76   164.160 sc9_cln65lp_base_lvt_ss_typical_max_0p90v_125c 
NAND2_X2A_A9TL              75   189.000 sc9_cln65lp_base_lvt_ss_typical_max_0p90v_125c 
NAND2_X2B_A9TL               1     2.520 sc9_cln65lp_base_lvt_ss_typical_max_0p90v_125c 
NAND2_X2M_A9TL              23    57.960 sc9_cln65lp_base_lvt_ss_typical_max_0p90v_125c 
NAND2_X3A_A9TL              54   194.400 sc9_cln65lp_base_lvt_ss_typical_max_0p90v_125c 
NAND2_X3M_A9TL              12    43.200 sc9_cln65lp_base_lvt_ss_typical_max_0p90v_125c 
NAND2_X4A_A9TL              13    56.160 sc9_cln65lp_base_lvt_ss_typical_max_0p90v_125c 
NAND2_X4B_A9TL               3    12.960 sc9_cln65lp_base_lvt_ss_typical_max_0p90v_125c 
NAND2_X4M_A9TL              34   134.640 sc9_cln65lp_base_lvt_ss_typical_max_0p90v_125c 
NAND2_X6A_A9TL               5    30.600 sc9_cln65lp_base_lvt_ss_typical_max_0p90v_125c 
NAND2_X6M_A9TL               4    24.480 sc9_cln65lp_base_lvt_ss_typical_max_0p90v_125c 
NAND2_X8A_A9TL               1     8.280 sc9_cln65lp_base_lvt_ss_typical_max_0p90v_125c 
NAND3B_X1M_A9TL              2     5.040 sc9_cln65lp_base_lvt_ss_typical_max_0p90v_125c 
NAND3B_X3M_A9TL              1     5.040 sc9_cln65lp_base_lvt_ss_typical_max_0p90v_125c 
NAND3XXB_X1M_A9TL            3     7.560 sc9_cln65lp_base_lvt_ss_typical_max_0p90v_125c 
NAND3XXB_X1P4M_A9TL          1     3.600 sc9_cln65lp_base_lvt_ss_typical_max_0p90v_125c 
NAND3XXB_X2M_A9TL            1     3.960 sc9_cln65lp_base_lvt_ss_typical_max_0p90v_125c 
NAND3XXB_X3M_A9TL            5    25.200 sc9_cln65lp_base_lvt_ss_typical_max_0p90v_125c 
NAND3XXB_X4M_A9TL            7    42.840 sc9_cln65lp_base_lvt_ss_typical_max_0p90v_125c 
NAND3XXB_X6M_A9TL            1     9.000 sc9_cln65lp_base_lvt_ss_typical_max_0p90v_125c 
NAND3_X1A_A9TL               1     2.160 sc9_cln65lp_base_lvt_ss_typical_max_0p90v_125c 
NAND3_X1M_A9TL               2     4.320 sc9_cln65lp_base_lvt_ss_typical_max_0p90v_125c 
NAND3_X2A_A9TL               5    16.200 sc9_cln65lp_base_lvt_ss_typical_max_0p90v_125c 
NAND3_X2M_A9TL               5    16.200 sc9_cln65lp_base_lvt_ss_typical_max_0p90v_125c 
NAND4XXXB_X1M_A9TL           2     5.760 sc9_cln65lp_base_lvt_ss_typical_max_0p90v_125c 
NAND4XXXB_X3M_A9TL           1     6.120 sc9_cln65lp_base_lvt_ss_typical_max_0p90v_125c 
NAND4_X1M_A9TL               6    15.120 sc9_cln65lp_base_lvt_ss_typical_max_0p90v_125c 
NAND4_X3A_A9TL               1     5.760 sc9_cln65lp_base_lvt_ss_typical_max_0p90v_125c 
NAND4_X4A_A9TL               1     7.200 sc9_cln65lp_base_lvt_ss_typical_max_0p90v_125c 
NOR2B_X1M_A9TL              33    71.280 sc9_cln65lp_base_lvt_ss_typical_max_0p90v_125c 
NOR2B_X2M_A9TL               7    20.160 sc9_cln65lp_base_lvt_ss_typical_max_0p90v_125c 
NOR2B_X3M_A9TL               6    21.600 sc9_cln65lp_base_lvt_ss_typical_max_0p90v_125c 
NOR2B_X4M_A9TL               4    17.280 sc9_cln65lp_base_lvt_ss_typical_max_0p90v_125c 
NOR2XB_X0P5M_A9TL            1     2.160 sc9_cln65lp_base_lvt_ss_typical_max_0p90v_125c 
NOR2XB_X0P7M_A9TL            1     2.160 sc9_cln65lp_base_lvt_ss_typical_max_0p90v_125c 
NOR2XB_X1M_A9TL              7    15.120 sc9_cln65lp_base_lvt_ss_typical_max_0p90v_125c 
NOR2XB_X2M_A9TL             20    57.600 sc9_cln65lp_base_lvt_ss_typical_max_0p90v_125c 
NOR2XB_X3M_A9TL             17    61.200 sc9_cln65lp_base_lvt_ss_typical_max_0p90v_125c 
NOR2XB_X4M_A9TL              9    38.880 sc9_cln65lp_base_lvt_ss_typical_max_0p90v_125c 
NOR2XB_X6M_A9TL              5    32.400 sc9_cln65lp_base_lvt_ss_typical_max_0p90v_125c 
NOR2XB_X8M_A9TL              1     8.280 sc9_cln65lp_base_lvt_ss_typical_max_0p90v_125c 
NOR2_X1A_A9TL               29    41.760 sc9_cln65lp_base_lvt_ss_typical_max_0p90v_125c 
NOR2_X1B_A9TL               59    84.960 sc9_cln65lp_base_lvt_ss_typical_max_0p90v_125c 
NOR2_X1M_A9TL               45    64.800 sc9_cln65lp_base_lvt_ss_typical_max_0p90v_125c 
NOR2_X1P4A_A9TL             22    47.520 sc9_cln65lp_base_lvt_ss_typical_max_0p90v_125c 
NOR2_X1P4B_A9TL              3     6.480 sc9_cln65lp_base_lvt_ss_typical_max_0p90v_125c 
NOR2_X1P4M_A9TL              7    15.120 sc9_cln65lp_base_lvt_ss_typical_max_0p90v_125c 
NOR2_X2A_A9TL               50   126.000 sc9_cln65lp_base_lvt_ss_typical_max_0p90v_125c 
NOR2_X2A_A9TR                1     2.520 sc9_cln65lp_base_rvt_ss_typical_max_0p90v_125c 
NOR2_X2B_A9TL                6    15.120 sc9_cln65lp_base_lvt_ss_typical_max_0p90v_125c 
NOR2_X2B_A9TR                2     5.040 sc9_cln65lp_base_rvt_ss_typical_max_0p90v_125c 
NOR2_X2M_A9TL                7    17.640 sc9_cln65lp_base_lvt_ss_typical_max_0p90v_125c 
NOR2_X2M_A9TR                1     2.520 sc9_cln65lp_base_rvt_ss_typical_max_0p90v_125c 
NOR2_X3A_A9TL               38   123.120 sc9_cln65lp_base_lvt_ss_typical_max_0p90v_125c 
NOR2_X3B_A9TL                2     6.480 sc9_cln65lp_base_lvt_ss_typical_max_0p90v_125c 
NOR2_X3M_A9TL                5    16.200 sc9_cln65lp_base_lvt_ss_typical_max_0p90v_125c 
NOR2_X4A_A9TL                8    31.680 sc9_cln65lp_base_lvt_ss_typical_max_0p90v_125c 
NOR2_X4B_A9TL                3    11.880 sc9_cln65lp_base_lvt_ss_typical_max_0p90v_125c 
NOR2_X4M_A9TL               12    47.520 sc9_cln65lp_base_lvt_ss_typical_max_0p90v_125c 
NOR2_X6A_A9TL                2    12.240 sc9_cln65lp_base_lvt_ss_typical_max_0p90v_125c 
NOR2_X6B_A9TL                2    12.240 sc9_cln65lp_base_lvt_ss_typical_max_0p90v_125c 
NOR2_X6M_A9TL                1     6.120 sc9_cln65lp_base_lvt_ss_typical_max_0p90v_125c 
NOR2_X8B_A9TL                1     7.560 sc9_cln65lp_base_lvt_ss_typical_max_0p90v_125c 
NOR2_X8M_A9TL                1     7.560 sc9_cln65lp_base_lvt_ss_typical_max_0p90v_125c 
NOR3_X1A_A9TL                1     2.160 sc9_cln65lp_base_lvt_ss_typical_max_0p90v_125c 
NOR3_X1M_A9TL                2     4.320 sc9_cln65lp_base_lvt_ss_typical_max_0p90v_125c 
NOR3_X2M_A9TL                2     6.480 sc9_cln65lp_base_lvt_ss_typical_max_0p90v_125c 
OA211_X0P7M_A9TL             1     3.240 sc9_cln65lp_base_lvt_ss_typical_max_0p90v_125c 
OA211_X2M_A9TL               1     5.760 sc9_cln65lp_base_lvt_ss_typical_max_0p90v_125c 
OA211_X3M_A9TL               3    22.680 sc9_cln65lp_base_lvt_ss_typical_max_0p90v_125c 
OA21_X1M_A9TL               14    40.320 sc9_cln65lp_base_lvt_ss_typical_max_0p90v_125c 
OA21_X1P4M_A9TL              1     3.960 sc9_cln65lp_base_lvt_ss_typical_max_0p90v_125c 
OA21_X2M_A9TL                1     4.680 sc9_cln65lp_base_lvt_ss_typical_max_0p90v_125c 
OA21_X4M_A9TL                1     7.200 sc9_cln65lp_base_lvt_ss_typical_max_0p90v_125c 
OA22_X1M_A9TL                8    25.920 sc9_cln65lp_base_lvt_ss_typical_max_0p90v_125c 
OAI211_X1M_A9TL              6    15.120 sc9_cln65lp_base_lvt_ss_typical_max_0p90v_125c 
OAI211_X1P4M_A9TL            1     3.960 sc9_cln65lp_base_lvt_ss_typical_max_0p90v_125c 
OAI211_X2M_A9TL              2     8.640 sc9_cln65lp_base_lvt_ss_typical_max_0p90v_125c 
OAI211_X3M_A9TL              1     6.120 sc9_cln65lp_base_lvt_ss_typical_max_0p90v_125c 
OAI211_X4M_A9TL              1     7.560 sc9_cln65lp_base_lvt_ss_typical_max_0p90v_125c 
OAI21B_X0P7M_A9TL            2     5.760 sc9_cln65lp_base_lvt_ss_typical_max_0p90v_125c 
OAI21B_X2M_A9TL              4    17.280 sc9_cln65lp_base_lvt_ss_typical_max_0p90v_125c 
OAI21B_X3M_A9TL              1     5.760 sc9_cln65lp_base_lvt_ss_typical_max_0p90v_125c 
OAI21_X1M_A9TL              28    60.480 sc9_cln65lp_base_lvt_ss_typical_max_0p90v_125c 
OAI21_X1P4M_A9TL             4    12.960 sc9_cln65lp_base_lvt_ss_typical_max_0p90v_125c 
OAI21_X2M_A9TL               4    14.400 sc9_cln65lp_base_lvt_ss_typical_max_0p90v_125c 
OAI21_X3M_A9TL               3    14.040 sc9_cln65lp_base_lvt_ss_typical_max_0p90v_125c 
OAI21_X4M_A9TL               3    18.360 sc9_cln65lp_base_lvt_ss_typical_max_0p90v_125c 
OAI21_X6M_A9TL               3    24.840 sc9_cln65lp_base_lvt_ss_typical_max_0p90v_125c 
OAI221_X1M_A9TL              3     9.720 sc9_cln65lp_base_lvt_ss_typical_max_0p90v_125c 
OAI221_X2M_A9TL              2    11.520 sc9_cln65lp_base_lvt_ss_typical_max_0p90v_125c 
OAI222_X2M_A9TL              1     6.840 sc9_cln65lp_base_lvt_ss_typical_max_0p90v_125c 
OAI22_X1M_A9TL               5    12.600 sc9_cln65lp_base_lvt_ss_typical_max_0p90v_125c 
OAI22_X2M_A9TL               1     4.320 sc9_cln65lp_base_lvt_ss_typical_max_0p90v_125c 
OAI2XB1_X0P5M_A9TL           5    12.600 sc9_cln65lp_base_lvt_ss_typical_max_0p90v_125c 
OAI2XB1_X1M_A9TL             6    17.280 sc9_cln65lp_base_lvt_ss_typical_max_0p90v_125c 
OAI2XB1_X1P4M_A9TL           3    10.800 sc9_cln65lp_base_lvt_ss_typical_max_0p90v_125c 
OAI2XB1_X2M_A9TL             2     8.640 sc9_cln65lp_base_lvt_ss_typical_max_0p90v_125c 
OAI2XB1_X3M_A9TL             3    17.280 sc9_cln65lp_base_lvt_ss_typical_max_0p90v_125c 
OAI2XB1_X4M_A9TL             2    15.120 sc9_cln65lp_base_lvt_ss_typical_max_0p90v_125c 
OAI31_X1M_A9TL               2     5.040 sc9_cln65lp_base_lvt_ss_typical_max_0p90v_125c 
OR2_X0P5M_A9TL              29    52.200 sc9_cln65lp_base_lvt_ss_typical_max_0p90v_125c 
OR2_X1M_A9TL                26    56.160 sc9_cln65lp_base_lvt_ss_typical_max_0p90v_125c 
OR2_X1P4M_A9TL              12    30.240 sc9_cln65lp_base_lvt_ss_typical_max_0p90v_125c 
OR2_X2M_A9TL                16    51.840 sc9_cln65lp_base_lvt_ss_typical_max_0p90v_125c 
OR2_X3M_A9TL                 4    14.400 sc9_cln65lp_base_lvt_ss_typical_max_0p90v_125c 
OR2_X6M_A9TL                 1     6.840 sc9_cln65lp_base_lvt_ss_typical_max_0p90v_125c 
OR3_X1P4M_A9TL               1     3.960 sc9_cln65lp_base_lvt_ss_typical_max_0p90v_125c 
OR4_X1M_A9TL                 1     3.600 sc9_cln65lp_base_lvt_ss_typical_max_0p90v_125c 
OR4_X1P4M_A9TL               1     3.960 sc9_cln65lp_base_lvt_ss_typical_max_0p90v_125c 
OR4_X2M_A9TL                 2    11.520 sc9_cln65lp_base_lvt_ss_typical_max_0p90v_125c 
OR6_X0P7M_A9TL               3    14.040 sc9_cln65lp_base_lvt_ss_typical_max_0p90v_125c 
OR6_X2M_A9TL                 1     9.720 sc9_cln65lp_base_lvt_ss_typical_max_0p90v_125c 
PREICG_X0P5B_A9TR            5    32.400 sc9_cln65lp_base_rvt_ss_typical_max_0p90v_125c 
SDFFRPQ_X1M_A9TL            22   229.680 sc9_cln65lp_base_lvt_ss_typical_max_0p90v_125c 
XNOR2_X0P7M_A9TL            42   136.080 sc9_cln65lp_base_lvt_ss_typical_max_0p90v_125c 
XNOR2_X1M_A9TL              10    36.000 sc9_cln65lp_base_lvt_ss_typical_max_0p90v_125c 
XNOR2_X2M_A9TL              13    79.560 sc9_cln65lp_base_lvt_ss_typical_max_0p90v_125c 
XNOR2_X3M_A9TL              11    87.120 sc9_cln65lp_base_lvt_ss_typical_max_0p90v_125c 
XNOR2_X4M_A9TL               1    10.080 sc9_cln65lp_base_lvt_ss_typical_max_0p90v_125c 
XNOR3_X0P5M_A9TL            10    61.200 sc9_cln65lp_base_lvt_ss_typical_max_0p90v_125c 
XNOR3_X1M_A9TL              30   194.400 sc9_cln65lp_base_lvt_ss_typical_max_0p90v_125c 
XNOR3_X1P4M_A9TL            15   151.200 sc9_cln65lp_base_lvt_ss_typical_max_0p90v_125c 
XNOR3_X2M_A9TL               5    61.200 sc9_cln65lp_base_lvt_ss_typical_max_0p90v_125c 
XNOR3_X3M_A9TL              25   351.000 sc9_cln65lp_base_lvt_ss_typical_max_0p90v_125c 
XOR2_X0P7M_A9TL             83   268.920 sc9_cln65lp_base_lvt_ss_typical_max_0p90v_125c 
XOR2_X1M_A9TL               30   108.000 sc9_cln65lp_base_lvt_ss_typical_max_0p90v_125c 
XOR2_X2M_A9TL               32   195.840 sc9_cln65lp_base_lvt_ss_typical_max_0p90v_125c 
XOR2_X3M_A9TL               25   198.000 sc9_cln65lp_base_lvt_ss_typical_max_0p90v_125c 
XOR2_X4M_A9TL                3    30.240 sc9_cln65lp_base_lvt_ss_typical_max_0p90v_125c 
XOR3_X0P5M_A9TL              7    42.840 sc9_cln65lp_base_lvt_ss_typical_max_0p90v_125c 
XOR3_X1M_A9TL               17   110.160 sc9_cln65lp_base_lvt_ss_typical_max_0p90v_125c 
XOR3_X1P4M_A9TL             10   100.800 sc9_cln65lp_base_lvt_ss_typical_max_0p90v_125c 
XOR3_X2M_A9TL                6    73.440 sc9_cln65lp_base_lvt_ss_typical_max_0p90v_125c 
XOR3_X3M_A9TL               19   266.760 sc9_cln65lp_base_lvt_ss_typical_max_0p90v_125c 
----------------------------------------------------------------------------------------
total                     3431 14352.120                                                
                                                                               
                    Library                    Instances    Area   Instances % 
-------------------------------------------------------------------------------
sc9_cln65lp_base_hvt_ss_typical_max_0p90v_125c         1     1.080         0.0 
sc9_cln65lp_base_lvt_ss_typical_max_0p90v_125c      3411 14277.240        99.4 
sc9_cln65lp_base_rvt_ss_typical_max_0p90v_125c        19    73.800         0.6 
                                                        
            Type             Instances    Area   Area % 
--------------------------------------------------------
sequential                         420  3729.240   26.0 
inverter                           460   876.240    6.1 
buffer                              15    56.880    0.4 
clock_gating_integrated_cell         5    32.400    0.2 
logic                             2531  9657.360   67.3 
physical_cells                       0     0.000    0.0 
--------------------------------------------------------
total                             3431 14352.120  100.0 
