============================================================
  Generated by:           Genus(TM) Synthesis Solution 25.12-s067_1
  Generated on:           May 05 2026  11:47:14 am
  Module:                 tr_gelu_alu
  Operating conditions:   ss_typical_max_0p90v_125c (balanced_tree)
  Wireload mode:          top
  Area mode:              timing library
============================================================


Path 1: MET (29 ps) Setup Check with Pin x_s1_reg[2]/CK->D
          Group: in2reg
     Startpoint: (F) x_in[2]
          Clock: (R) clk
       Endpoint: (R) x_s1_reg[2]/D
          Clock: (R) clk

                     Capture       Launch     
        Clock Edge:+    3300            0     
        Drv Adjust:+       0           17     
       Src Latency:+       0            0     
       Net Latency:+       0 (I)        0 (I) 
           Arrival:=    3300           17     
                                              
             Setup:-     124                  
       Uncertainty:-     125                  
     Required Time:=    3051                  
      Launch Clock:-      17                  
       Input Delay:-     990                  
         Data Path:-    2016                  
             Slack:=      29                  

Exceptions/Constraints:
  input_delay             990             tr_gelu_alu.sdc_line_16_8_1   

#-----------------------------------------------------------------------------------------
#     Timing Point       Flags   Arc   Edge       Cell         Fanout Trans Delay Arrival 
#                                                                      (ps)  (ps)   (ps)  
#-----------------------------------------------------------------------------------------
  x_in[2]                -       -     F     (arrival)              2    55     0    1007 
  g1113__2802/Y          -       B->Y  R     NOR2_X4A_A9TL          2   132   109    1116 
  g1098__2346/Y          -       A->Y  F     NAND3XXB_X6M_A9TL      3    89    80    1196 
  g1092__9315/Y          -       B1->Y F     AO1B2_X4M_A9TL         1    79   138    1333 
  g1091__6161/Y          -       A->Y  R     NAND2_X8M_A9TL         2    65    64    1397 
  mul_54_23_g628__6131/Y -       B->Y  F     NAND2_X3A_A9TL         1    97    62    1460 
  mul_54_23_g638__6161/Y -       B->Y  R     XNOR2_X3M_A9TL         2   174   126    1586 
  mul_54_23_g572__2398/Y -       C->Y  F     XNOR3_X1M_A9TL         2   139   360    1946 
  mul_54_23_g555__5122/Y -       A->Y  F     OR2_X4M_A9TL           4    78   163    2109 
  mul_54_23_g541__2398/Y -       A2->Y R     AOI32_X6M_A9TL         1   136   150    2258 
  mul_54_23_g538__7410/Y -       B->Y  F     NAND2_X6M_A9TL         2    66    73    2331 
  mul_54_23_g534__9945/Y -       A0->Y R     AOI2XB1_X6M_A9TL       1    83    85    2416 
  mul_54_23_g532__6161/Y -       A0->Y F     OAI21_X4M_A9TL         2   105    79    2495 
  mul_54_23_g530__7482/Y -       A0->Y R     AOI2XB1_X4M_A9TL       1   110   113    2608 
  mul_54_23_g529__5115/Y -       A->Y  R     XOR2_X4M_A9TL          2   216   115    2723 
  g1575__6131/Y          -       A->Y  F     NAND2XB_X3M_A9TL       7   151   139    2862 
  g1459__6417/Y          -       A0->Y R     AOI2XB1_X1M_A9TL       1   163   161    3023 
  x_s1_reg[2]/D          -       -     R     DFFRPQN_X1M_A9TL       1     -     0    3023 
#-----------------------------------------------------------------------------------------

