============================================================
  Generated by:           Genus(TM) Synthesis Solution 25.12-s067_1
  Generated on:           May 05 2026  11:11:55 am
  Module:                 tr_gelu_alu
  Operating conditions:   ss_typical_max_0p90v_125c (balanced_tree)
  Wireload mode:          top
  Area mode:              timing library
============================================================


Path 1: VIOLATED (-217 ps) Setup Check with Pin gelu_m1_out_reg_reg[6]/CK->D
          Group: reg2reg
     Startpoint: (R) E_s3_reg[4]/CK
          Clock: (R) clk
       Endpoint: (F) gelu_m1_out_reg_reg[6]/D
          Clock: (R) clk

                     Capture       Launch     
        Clock Edge:+    3300            0     
       Src Latency:+       0            0     
       Net Latency:+       0 (I)        0 (I) 
           Arrival:=    3300            0     
                                              
             Setup:-      99                  
       Uncertainty:-     125                  
     Required Time:=    3076                  
      Launch Clock:-       0                  
         Data Path:-    3293                  
             Slack:=    -217                  

#--------------------------------------------------------------------------------------------
#       Timing Point        Flags    Arc   Edge       Cell        Fanout Trans Delay Arrival 
#                                                                         (ps)  (ps)   (ps)  
#--------------------------------------------------------------------------------------------
  E_s3_reg[4]/CK            -       -      R     (arrival)           102     0     0       0 
  E_s3_reg[4]/Q             -       CK->Q  R     DFFRPQ_X4M_A9TL       1    60   282     282 
  fopt2683/Y                -       A->Y   F     INV_X6M_A9TL          2    40    45     328 
  fopt2682/Y                -       A->Y   R     INV_X9M_A9TL          4    60    53     381 
  mul_156_18_g2234__2883/Y  -       A->Y   F     NAND2_X6M_A9TL        2    66    54     435 
  mul_156_18_g2210/Y        -       A->Y   R     INV_X4M_A9TL          4    91    82     516 
  mul_156_18_g2123__6131/Y  -       A1->Y  F     OAI21_X6M_A9TL        1    58    68     584 
  mul_156_18_g2286__6260/Y  -       B->Y   F     AND2_X6M_A9TL         2    45   115     699 
  mul_156_18_g2033__2398/Y  -       A->Y   R     XNOR3_X4M_A9TL        2    70   134     833 
  mul_156_18_g1974__7410/Y  -       C->Y   F     XOR3_X4M_A9TL         2    91   274    1107 
  mul_156_18_g2293__2802/Y  -       A->Y   F     OR2_X2M_A9TL          1    69   141    1248 
  mul_156_18_g1918__7410/Y  -       B0->Y  R     OAI2XB1_X8M_A9TL      1    86    65    1313 
  mul_156_18_g1912__9315/Y  -       A->Y   F     NOR2XB_X8M_A9TL       1    54    54    1367 
  mul_156_18_g1909__4733/Y  -       A->Y   R     NAND2XB_X8M_A9TL      4   110    81    1447 
  mul_156_18_g2289__5526/Y  -       A0->Y  R     AO21B_X6M_A9TL        1    58   135    1582 
  mul_156_18_g1891__5526/Y  -       A0->Y  F     AOI2XB1_X6M_A9TL      1    69    59    1641 
  mul_156_18_g1890__8428/Y  -       S0->Y  F     MXIT2_X3M_A9TL        1    76    85    1726 
  g1322__2398/Y             -       B->Y   F     MXT2_X6M_A9TL         9   114   193    1920 
  mul_160_30_g2606__2346/Y  -       A->Y   R     NAND2_X4M_A9TL        3   119   104    2024 
  mul_160_30_g2657__3680/Y  -       B->Y   F     XOR3_X3M_A9TL         2    90   261    2285 
  mul_160_30_g2408__2802/CO -       CI->CO F     CGEN_X2M_A9TL         2   108   206    2491 
  mul_160_30_g2367__8246/Y  -       S0->Y  R     MXIT2_X4M_A9TL        1   133    97    2588 
  mul_160_30_g2354__6260/Y  -       A->Y   R     XOR2_X4M_A9TL         2   237   139    2727 
  mul_160_30_g2335__6161/Y  -       A->Y   F     NOR2XB_X8M_A9TL       2    78    82    2809 
  mul_160_30_g2320__8246/Y  -       B->Y   R     NAND2_X4M_A9TL        1    79    81    2890 
  mul_160_30_g2310__4319/Y  -       B->Y   F     NAND2_X6M_A9TL        2    65    67    2956 
  mul_160_30_g2305__5477/Y  -       A0->Y  R     AOI2XB1_X8M_A9TL      2    87    89    3045 
  mul_160_30_g2296__9315/Y  -       B->Y   F     NAND2_X6M_A9TL        3    59    68    3113 
  mul_160_30_g2288__6131/Y  -       B0->Y  F     AO1B2_X6M_A9TL        1    60   106    3219 
  mul_160_30_g2285__5122/Y  -       A->Y   F     XOR2_X3M_A9TL         1    74    74    3293 
  gelu_m1_out_reg_reg[6]/D  -       -      F     DFFRPQ_X4M_A9TL       1     -     0    3293 
#--------------------------------------------------------------------------------------------

