============================================================
  Generated by:           Genus(TM) Synthesis Solution 25.12-s067_1
  Generated on:           May 05 2026  11:47:14 am
  Module:                 tr_gelu_alu
  Operating conditions:   ss_typical_max_0p90v_125c (balanced_tree)
  Wireload mode:          top
  Area mode:              timing library
============================================================


Path 1: MET (1426 ps) Late External Delay Assertion at pin gelu_out[0]
          Group: reg2out
     Startpoint: (R) v_pipe_m0_reg[3]/CK
          Clock: (R) clk
       Endpoint: (F) gelu_out[0]
          Clock: (R) clk

                     Capture       Launch     
        Clock Edge:+    3300            0     
       Src Latency:+       0            0     
       Net Latency:+       0 (I)        0 (I) 
           Arrival:=    3300            0     
                                              
      Output Delay:-     990                  
       Uncertainty:-     125                  
     Required Time:=    2185                  
      Launch Clock:-       0                  
         Data Path:-     759                  
             Slack:=    1426                  

Exceptions/Constraints:
  output_delay             990             tr_gelu_alu.sdc_line_18_25_1   

#------------------------------------------------------------------------------------
#    Timing Point     Flags   Arc   Edge      Cell        Fanout Trans Delay Arrival 
#                                                                 (ps)  (ps)   (ps)  
#------------------------------------------------------------------------------------
  v_pipe_m0_reg[3]/CK -       -     R     (arrival)          126     0     0       0 
  v_pipe_m0_reg[3]/Q  -       CK->Q R     DFFRPQ_X2M_A9TL     10   233   387     387 
  g1116/Y             -       A->Y  F     INV_X2M_A9TL         8   146   152     539 
  g1104__5107/Y       -       A1->Y F     AO22_X1M_A9TL        1    78   220     759 
  gelu_out[0]         -       -     F     (port)               -     -     0     759 
#------------------------------------------------------------------------------------

