============================================================
  Generated by:           Genus(TM) Synthesis Solution 25.12-s067_1
  Generated on:           May 05 2026  03:13:07 pm
  Module:                 tr_gelu_alu
  Operating conditions:   ss_typical_max_0p90v_125c (balanced_tree)
  Wireload mode:          top
  Area mode:              timing library
============================================================

Timing
--------

Clock Period 
-------------
clk   3300.0 


        Cost          Critical         Violating 
       Group         Path Slack  TNS     Paths   
-------------------------------------------------
cg_enable_group_clk    No paths   0.0            
clk                    No paths   0.0            
default                No paths   0.0            
in2out                 No paths   0.0            
in2reg                      4.3   0.0          0 
reg2out                   664.2   0.0          0 
reg2reg                   166.4   0.0          0 
-------------------------------------------------
Total                             0.0          0 

Instance Count
--------------
Leaf Instance Count             782 
Physical Instance count           0 
Sequential Instance Count       125 
Combinational Instance Count    657 
Hierarchical Instance Count       3 

Area
----
Cell Area                          3023.640
Physical Cell Area                 0.000
Total Cell Area (Cell+Physical)    3023.640
Net Area                           0.000
Total Area (Cell+Physical+Net)     3023.640

Max Fanout                         125 (clk)
Min Fanout                         0 (e_a[7])
Average Fanout                     2.0
Terms to net ratio                 3.1038
Terms to instance ratio            3.3657
Runtime                            93.20718699999999 seconds
Elapsed Runtime                    86 seconds
Genus peak memory usage            2419.14 
Innovus peak memory usage          no_value 
Hostname                           enicsw11.local
