============================================================
  Generated by:           Genus(TM) Synthesis Solution 25.12-s067_1
  Generated on:           May 06 2026  06:57:15 pm
  Module:                 sole_softmax
  Operating conditions:   ss_typical_max_0p90v_125c (balanced_tree)
  Wireload mode:          top
  Area mode:              timing library
============================================================


Path 1: MET (2111 ps) Setup Check with Pin a_delayed_reg[0][0][7]/clk->d
          Group: in2reg
     Startpoint: (R) in_data[0][7]
          Clock: (R) clk
       Endpoint: (R) a_delayed_reg[0][0][7]/d
          Clock: (R) clk

                     Capture       Launch     
        Clock Edge:+    3300            0     
        Drv Adjust:+       0            9     
       Src Latency:+       0            0     
       Net Latency:+       0 (I)        0 (I) 
           Arrival:=    3300            9     
                                              
             Setup:-      64                  
       Uncertainty:-     125                  
     Required Time:=    3110                  
      Launch Clock:-       9                  
       Input Delay:-     990                  
         Data Path:-       0                  
             Slack:=    2111                  

Exceptions/Constraints:
  input_delay             990             sole_softmax.sdc_line_16_58_1   

#-----------------------------------------------------------------------------------------
#      Timing Point        Flags   Arc   Edge      Cell        Fanout Trans Delay Arrival 
#                                                                      (ps)  (ps)   (ps)  
#-----------------------------------------------------------------------------------------
  in_data[0][7]            (u)     -     R     (arrival)            2    44     0     999 
  a_delayed_reg[0][0][7]/d -       -     R     unmapped_d_flop      2     -     0     999 
#-----------------------------------------------------------------------------------------

(u) : Net has unmapped pin(s).

