============================================================
  Generated by:           Genus(TM) Synthesis Solution 25.12-s067_1
  Generated on:           May 06 2026  06:57:15 pm
  Module:                 sole_softmax
  Operating conditions:   ss_typical_max_0p90v_125c (balanced_tree)
  Wireload mode:          top
  Area mode:              timing library
============================================================


Path 1: MET (1851 ps) Late External Delay Assertion at pin out_data[0][0]
          Group: reg2out
     Startpoint: (R) out_data_reg[0][0]/clk
          Clock: (R) clk
       Endpoint: (R) out_data[0][0]
          Clock: (R) clk

                     Capture       Launch     
        Clock Edge:+    3300            0     
       Src Latency:+       0            0     
       Net Latency:+       0 (I)        0 (I) 
           Arrival:=    3300            0     
                                              
      Output Delay:-     990                  
       Uncertainty:-     125                  
     Required Time:=    2185                  
      Launch Clock:-       0                  
         Data Path:-     334                  
             Slack:=    1851                  

Exceptions/Constraints:
  output_delay             990             sole_softmax.sdc_line_18_128_1   

#----------------------------------------------------------------------------------------
#     Timing Point       Flags    Arc   Edge      Cell        Fanout Trans Delay Arrival 
#                                                                     (ps)  (ps)   (ps)  
#----------------------------------------------------------------------------------------
  out_data_reg[0][0]/clk -       -      R     (arrival)          276     0     0       0 
  out_data_reg[0][0]/q   (u)     clk->q R     unmapped_d_flop      1     0   334     334 
  out_data[0][0]         -       -      R     (port)               -     -     0     334 
#----------------------------------------------------------------------------------------

(u) : Net has unmapped pin(s).

