============================================================
  Generated by:           Genus(TM) Synthesis Solution 25.12-s067_1
  Generated on:           Mar 16 2026  06:04:17 pm
  Module:                 softmax_base
  Operating conditions:   ss_typical_max_0p90v_125c (balanced_tree)
  Wireload mode:          top
  Area mode:              timing library
============================================================


Path 1: VIOLATED (-5011 ps) Late External Delay Assertion at pin out_inv_S[5]
          Group: reg2out
     Startpoint: (R) dsp_mac/out_dot_reg[23]/clk
          Clock: (R) clk
       Endpoint: (R) out_inv_S[5]
          Clock: (R) clk

                     Capture       Launch     
        Clock Edge:+    3000            0     
       Src Latency:+       0            0     
       Net Latency:+       0 (I)        0 (I) 
           Arrival:=    3000            0     
                                              
      Output Delay:-     900                  
       Uncertainty:-     125                  
     Required Time:=    1975                  
      Launch Clock:-       0                  
         Data Path:-    6986                  
             Slack:=   -5011                  

Exceptions/Constraints:
  output_delay             900             softmax_base.sdc_line_18_196_1   

#------------------------------------------------------------------------------------------------------------
#             Timing Point               Flags     Arc    Edge       Cell         Fanout Trans Delay Arrival 
#                                                                                         (ps)  (ps)   (ps)  
#------------------------------------------------------------------------------------------------------------
  dsp_mac/out_dot_reg[23]/clk            -       -        R     (arrival)            591     0     0       0 
  dsp_mac/out_dot_reg[23]/q              (u)     clk->q   R     unmapped_d_flop       12     0   403     403 
  u_reciprocal/u_ln/ctl_xq_17_17/g87/z   (u)     in_0->z  F     unmapped_not           4     0    66     469 
  u_reciprocal/u_ln/ctl_xq_17_17/g21/z   (u)     in_0->z  R     unmapped_nand4        12     0   175     644 
  u_reciprocal/u_ln/ctl_xq_17_17/g70/z   (u)     in_0->z  F     unmapped_nor4          5     0   141     785 
  u_reciprocal/u_ln/mux_msb_17_17/g3/z   (u)     sel13->z F     unmapped_mux17         2     0   286    1071 
  u_reciprocal/u_ln/sub_23_32/g14/z      (u)     in_0->z  R     unmapped_nand2         2     0    74    1145 
  u_reciprocal/u_ln/sub_23_32/g44/z      (u)     in_1->z  F     unmapped_nand2         1     0    61    1206 
  u_reciprocal/u_ln/sub_23_32/g45/z      (u)     in_1->z  F     unmapped_xnor2        21     0   214    1420 
  u_reciprocal/u_ln/minus_27_49/g3/z     (u)     in_0->z  R     unmapped_not           2     0    50    1470 
  u_reciprocal/u_ln/minus_27_49/g15/z    (u)     in_1->z  F     unmapped_nor2          1     0    61    1531 
  u_reciprocal/u_ln/minus_27_49/g29/z    (u)     in_0->z  R     unmapped_not           2     0    50    1581 
  u_reciprocal/u_ln/minus_27_49/g30/z    (u)     in_1->z  F     unmapped_nand2         1     0    61    1642 
  u_reciprocal/u_ln/minus_27_49/g31/z    (u)     in_1->z  R     unmapped_nand2         3     0    82    1724 
  u_reciprocal/u_ln/minus_27_49/g47/z    (u)     in_1->z  F     unmapped_nand2         1     0    61    1784 
  u_reciprocal/u_ln/minus_27_49/g48/z    (u)     in_1->z  R     unmapped_nand2         4     0    90    1875 
  u_reciprocal/u_ln/minus_27_49/g65/z    (u)     in_0->z  F     unmapped_nand2         1     0    61    1936 
  u_reciprocal/u_ln/minus_27_49/g66/z    (u)     in_1->z  R     unmapped_nand2         1     0    61    1996 
  u_reciprocal/u_ln/minus_27_49/g86/z    (u)     in_0->z  F     unmapped_xnor2         1     0   118    2114 
  u_reciprocal/u_ln/sll_27_45/g68/z      (u)     in_3->z  F     unmapped_or4          16     0   191    2305 
  u_reciprocal/u_ln/sll_27_45/g161/z     (u)     in_0->z  R     unmapped_complex2      1     0    61    2366 
  u_reciprocal/u_ln/mux_27_21/g12/z      (u)     data0->z R     unmapped_bmux2         2     0   132    2497 
  u_reciprocal/u_ln/add_33_36/g15/z      (u)     in_0->z  F     unmapped_nor2          2     0    74    2572 
  u_reciprocal/u_ln/add_33_36/g105/z     (u)     in_0->z  R     unmapped_not           2     0    50    2622 
  u_reciprocal/u_ln/add_33_36/g159/z     (u)     in_0->z  F     unmapped_nand2         1     0    61    2683 
  u_reciprocal/u_ln/add_33_36/g160/z     (u)     in_1->z  R     unmapped_xnor2         6     0   157    2840 
  u_reciprocal/u_ln/add_38_27/g9/z       (u)     in_1->z  F     unmapped_nor2          1     0    61    2901 
  u_reciprocal/u_ln/add_38_27/g23/z      (u)     in_0->z  R     unmapped_not           2     0    50    2951 
  u_reciprocal/u_ln/add_38_27/g24/z      (u)     in_1->z  F     unmapped_nand2         1     0    61    3012 
  u_reciprocal/u_ln/add_38_27/g25/z      (u)     in_1->z  R     unmapped_nand2         3     0    82    3093 
  u_reciprocal/u_ln/add_38_27/g39/z      (u)     in_0->z  F     unmapped_nand2         1     0    61    3154 
  u_reciprocal/u_ln/add_38_27/g40/z      (u)     in_1->z  R     unmapped_nand2         1     0    61    3215 
  u_reciprocal/u_ln/add_38_27/g70/z      (u)     in_0->z  R     unmapped_xnor2         2     0   132    3347 
  u_reciprocal/u_ln/add_38_39/g13/z      (u)     in_0->z  F     unmapped_nor2          3     0    82    3428 
  u_reciprocal/u_ln/add_38_39/g29/z      (u)     in_1->z  R     unmapped_nor2          1     0    61    3489 
  u_reciprocal/u_ln/add_38_39/g41/z      (u)     in_0->z  F     unmapped_nand2         1     0    61    3550 
  u_reciprocal/u_ln/add_38_39/g42/z      (u)     in_1->z  R     unmapped_nand2         4     0    90    3640 
  u_reciprocal/u_ln/add_38_39/g54/z      (u)     in_0->z  F     unmapped_nand2         1     0    61    3701 
  u_reciprocal/u_ln/add_38_39/g55/z      (u)     in_1->z  R     unmapped_nand2         1     0    61    3762 
  u_reciprocal/u_ln/add_38_39/g75/z      (u)     in_0->z  R     unmapped_xnor2         1     0   118    3880 
  u_reciprocal/minus_53_23/g7/z          (u)     in_0->z  F     unmapped_not           2     0    50    3930 
  u_reciprocal/minus_53_23/g23/z         (u)     in_1->z  R     unmapped_nor2          3     0    82    4012 
  u_reciprocal/minus_53_23/g79/z         (u)     in_0->z  F     unmapped_not           1     0    37    4048 
  u_reciprocal/minus_53_23/g80/z         (u)     in_0->z  R     unmapped_nand2         1     0    61    4109 
  u_reciprocal/minus_53_23/g81/z         (u)     in_1->z  R     unmapped_xnor2         3     0   139    4248 
  u_reciprocal/u_exp/uut/add_24_61/g9/z  (u)     in_0->z  F     unmapped_nor2          1     0    61    4309 
  u_reciprocal/u_exp/uut/add_24_61/g15/z (u)     in_0->z  R     unmapped_not           2     0    50    4359 
  u_reciprocal/u_exp/uut/add_24_61/g16/z (u)     in_1->z  F     unmapped_nand2         1     0    61    4420 
  u_reciprocal/u_exp/uut/add_24_61/g17/z (u)     in_1->z  R     unmapped_nand2         2     0    74    4494 
  u_reciprocal/u_exp/uut/add_24_61/g23/z (u)     in_0->z  F     unmapped_nand2         1     0    61    4555 
  u_reciprocal/u_exp/uut/add_24_61/g24/z (u)     in_1->z  R     unmapped_nand2         1     0    61    4616 
  u_reciprocal/u_exp/uut/add_24_61/g33/z (u)     in_0->z  R     unmapped_xnor2         1     0   118    4734 
  u_reciprocal/u_exp/uut/mux_24_32/g1/z  (u)     data1->z R     unmapped_bmux2         1     0   118    4852 
  u_reciprocal/u_exp/uut/eq_27_44/g2/z   (u)     in_0->z  F     unmapped_xnor2         1     0   118    4970 
  u_reciprocal/u_exp/uut/eq_27_44/g5/z   (u)     in_1->z  R     unmapped_nand4         1     0   106    5076 
  u_reciprocal/u_exp/uut/eq_27_44/g6/z   (u)     in_0->z  F     unmapped_not           9     0    93    5169 
  u_reciprocal/u_exp/g2/z                (u)     in_1->z  F     unmapped_or2           2     0    74    5243 
  u_reciprocal/u_exp/add_98_39/g43/z     (u)     in_0->z  R     unmapped_not           1     0    37    5280 
  u_reciprocal/u_exp/add_98_39/g37/z     (u)     in_1->z  R     unmapped_xnor2         8     0   170    5450 
  u_reciprocal/mul_78_35/g35/z           (u)     in_1->z  R     unmapped_and2          3     0    82    5532 
  u_reciprocal/mul_78_35/g153/z          (u)     in_1->z  R     unmapped_xor2          1     0   118    5650 
  u_reciprocal/mul_78_35/g154/z          (u)     in_0->z  R     unmapped_xor2          3     0   139    5789 
  u_reciprocal/mul_78_35/g169/z          (u)     in_1->z  F     unmapped_nand2         1     0    61    5850 
  u_reciprocal/mul_78_35/g170/z          (u)     in_2->z  R     unmapped_nand3         3     0   102    5951 
  u_reciprocal/mul_78_35/g203/z          (u)     in_1->z  R     unmapped_xor2          1     0   118    6070 
  u_reciprocal/mul_78_35/g204/z          (u)     in_0->z  R     unmapped_xor2          2     0   132    6201 
  u_reciprocal/mul_78_35/g343/z          (u)     in_1->z  F     unmapped_nor2          3     0    82    6283 
  u_reciprocal/mul_78_35/g371/z          (u)     in_1->z  R     unmapped_nor2          2     0    74    6357 
  u_reciprocal/mul_78_35/g81/z           (u)     in_1->z  F     unmapped_nand2         1     0    61    6418 
  u_reciprocal/mul_78_35/g387/z          (u)     in_0->z  R     unmapped_not           1     0    37    6454 
  u_reciprocal/mul_78_35/g388/z          (u)     in_1->z  F     unmapped_nand2         1     0    61    6515 
  u_reciprocal/mul_78_35/g389/z          (u)     in_1->z  R     unmapped_nand2         8     0   113    6628 
  u_reciprocal/mul_78_35/g404/z          (u)     in_0->z  F     unmapped_nand2         1     0    61    6689 
  u_reciprocal/mul_78_35/g405/z          (u)     in_1->z  R     unmapped_nand2         1     0    61    6750 
  u_reciprocal/mul_78_35/g440/z          (u)     in_0->z  R     unmapped_xnor2         1     0   118    6868 
  mux_104_33/g3/z                        (u)     data0->z R     unmapped_bmux2         1     0   118    6986 
  out_inv_S[5]                           -       -        R     (port)                 -     -     0    6986 
#------------------------------------------------------------------------------------------------------------

(u) : Net has unmapped pin(s).

