============================================================
  Generated by:           Genus(TM) Synthesis Solution 25.12-s067_1
  Generated on:           Mar 26 2026  04:48:20 pm
  Module:                 tr_softmax
  Operating conditions:   ss_typical_max_0p90v_125c (balanced_tree)
  Wireload mode:          top
  Area mode:              timing library
============================================================


Path 1: VIOLATED (-1524 ps) Late External Delay Assertion at pin out_inv_S[7]
          Group: reg2out
     Startpoint: (R) dsp_mac/out_dot_reg[14]/CK
          Clock: (R) clk
       Endpoint: (R) out_inv_S[7]
          Clock: (R) clk

                     Capture       Launch     
        Clock Edge:+    3000            0     
       Src Latency:+       0            0     
       Net Latency:+       0 (I)        0 (I) 
           Arrival:=    3000            0     
                                              
      Output Delay:-     900                  
       Uncertainty:-     125                  
     Required Time:=    1975                  
      Launch Clock:-       0                  
         Data Path:-    3499                  
             Slack:=   -1524                  

Exceptions/Constraints:
  output_delay             900             tr_softmax.sdc_line_18_234_1   

#-------------------------------------------------------------------------------------------------------------------------------------
#                           Timing Point                            Flags    Arc    Edge       Cell        Fanout Trans Delay Arrival 
#                                                                                                                  (ps)  (ps)   (ps)  
#-------------------------------------------------------------------------------------------------------------------------------------
  dsp_mac/out_dot_reg[14]/CK                                        -       -       R     (arrival)            17     0     0       0 
  dsp_mac/out_dot_reg[14]/Q                                         -       CK->Q   F     A2DFFQ_X4M_A9TL       3    59   247     247 
  gen_tr_recip.u_reciprocal/u_ln/g1317/Y                            -       A->Y    R     INV_X3P5M_A9TL        1    50    52     299 
  gen_tr_recip.u_reciprocal/u_ln/g1295/Y                            -       A->Y    F     NAND2_X6M_A9TL        1    43    40     338 
  gen_tr_recip.u_reciprocal/u_ln/g1294/Y                            -       A->Y    R     NAND3_X6M_A9TL        3   160   100     438 
  gen_tr_recip.u_reciprocal/u_ln/g1279/Y                            -       A->Y    F     NOR2XB_X6M_A9TL       1    66    74     512 
  gen_tr_recip.u_reciprocal/u_ln/g1267/Y                            -       A->Y    R     NOR2XB_X8M_A9TL       4   134   105     617 
  gen_tr_recip.u_reciprocal/u_ln/csa_tree_ADD_TC_OP_7_groupi_g851/Y -       A->Y    F     INV_X6M_A9TL          3    64    69     686 
  gen_tr_recip.u_reciprocal/u_ln/csa_tree_ADD_TC_OP_7_groupi_g830/Y -       A->Y    R     NAND2XB_X8M_A9TL      1    64    58     744 
  gen_tr_recip.u_reciprocal/u_ln/csa_tree_ADD_TC_OP_7_groupi_g813/Y -       A->Y    F     NAND2_X8A_A9TL        2    49    50     794 
  gen_tr_recip.u_reciprocal/u_ln/csa_tree_ADD_TC_OP_7_groupi_g761/Y -       B->Y    F     XNOR3_X4M_A9TL        3   107   255    1050 
  gen_tr_recip.u_reciprocal/u_ln/csa_tree_ADD_TC_OP_7_groupi_g732/Y -       A->Y    R     NAND2XB_X8M_A9TL      2    78    81    1130 
  gen_tr_recip.u_reciprocal/u_ln/csa_tree_ADD_TC_OP_7_groupi_g719/Y -       A1->Y   F     AOI21_X6M_A9TL        1    65    75    1206 
  gen_tr_recip.u_reciprocal/u_ln/csa_tree_ADD_TC_OP_7_groupi_g716/Y -       B->Y    R     NAND2_X8M_A9TL        2    64    69    1275 
  gen_tr_recip.u_reciprocal/u_ln/csa_tree_ADD_TC_OP_7_groupi_g2/Y   -       B->Y    R     XNOR2_X4M_A9TL        1   175   124    1399 
  gen_tr_recip.u_reciprocal/fopt1521/Y                              -       A->Y    F     INV_X6M_A9TL          3    58    59    1458 
  gen_tr_recip.u_reciprocal/g382/Y                                  -       BN->Y   F     NAND2XB_X4M_A9TL      1    52   112    1570 
  gen_tr_recip.u_reciprocal/g380/Y                                  -       AN->Y   F     NOR2B_X8M_A9TL        2    54   112    1682 
  gen_tr_recip.u_reciprocal/u_exp/u_round/g236/Y                    -       A->Y    F     OR2_X3M_A9TL          2    67   130    1812 
  gen_tr_recip.u_reciprocal/u_exp/u_round/g221/Y                    -       A->Y    R     NOR2_X4A_A9TL         1    97    83    1896 
  gen_tr_recip.u_reciprocal/u_exp/u_round/g219/Y                    -       A->Y    F     NAND2_X6M_A9TL        1    56    56    1951 
  gen_tr_recip.u_reciprocal/u_exp/u_round/g215/Y                    -       B->Y    R     NAND2_X8A_A9TL        2    58    60    2012 
  gen_tr_recip.u_reciprocal/u_exp/fopt4/Y                           -       A->Y    F     INV_X9M_A9TL          2    34    39    2051 
  gen_tr_recip.u_reciprocal/u_exp/g286/Y                            -       A->Y    R     NAND2_X8M_A9TL        4    92    67    2118 
  gen_tr_recip.u_reciprocal/u_exp/g2/Y                              -       A->Y    R     AND2_X6M_A9TL         1    47   104    2222 
  gen_tr_recip.u_reciprocal/u_exp/g269/Y                            -       A->Y    R     AND2_X11M_A9TL        5    75   108    2331 
  gen_tr_recip.u_reciprocal/mul_96_30_g1474/Y                       -       A->Y    F     NAND2_X8A_A9TL        4    60    60    2390 
  gen_tr_recip.u_reciprocal/mul_96_30_g1403/SUM                     -       CI->SUM R     ADDFH_X2M_A9TL        2   115   259    2649 
  gen_tr_recip.u_reciprocal/mul_96_30_g1390/Y                       -       S0->Y   R     MXIT2_X3M_A9TL        2   171   116    2764 
  gen_tr_recip.u_reciprocal/mul_96_30_g1346/Y                       -       A->Y    R     XOR2_X4M_A9TL         2   179   126    2891 
  gen_tr_recip.u_reciprocal/mul_96_30_g1325/Y                       -       A->Y    F     NAND2_X4M_A9TL        3   110   103    2993 
  gen_tr_recip.u_reciprocal/mul_96_30_g1313/Y                       -       A0->Y   R     AOI2XB1_X4M_A9TL      1   102   111    3104 
  gen_tr_recip.u_reciprocal/mul_96_30_g1311/Y                       -       B0->Y   F     OAI21_X6M_A9TL        1    66    70    3174 
  gen_tr_recip.u_reciprocal/mul_96_30_g1309/Y                       -       A->Y    R     NOR2_X8A_A9TL         2    97    86    3259 
  gen_tr_recip.u_reciprocal/mul_96_30_g1306/Y                       -       A0->Y   F     OAI21_X6M_A9TL        1    63    75    3334 
  gen_tr_recip.u_reciprocal/mul_96_30_g1501/Y                       -       A0->Y   R     AOI21B_X8M_A9TL       1    81    83    3417 
  gen_tr_recip.u_reciprocal/mul_96_30_g1300/Y                       -       A->Y    R     XNOR2_X3M_A9TL        1   175    82    3499 
  out_inv_S[7]                                                      -       -       R     (port)                -     -     0    3499 
#-------------------------------------------------------------------------------------------------------------------------------------

