============================================================
  Generated by:           Genus(TM) Synthesis Solution 25.12-s067_1
  Generated on:           Sep 23 2026  12:18:16 pm
  Module:                 tr_nonlinear_vpu
  Operating conditions:   ss_typical_max_0p90v_125c (balanced_tree)
  Wireload mode:          top
  Area mode:              timing library
============================================================


Path 1: VIOLATED (-206 ps) Setup Check with Pin vpu_data_out_reg[5][6]/CK->D
          Group: in2reg
     Startpoint: (F) sram_data_a[5][7]
          Clock: (R) clk
       Endpoint: (R) vpu_data_out_reg[5][6]/D
          Clock: (R) clk

                     Capture       Launch     
        Clock Edge:+    3300            0     
        Drv Adjust:+       0           38     
       Src Latency:+       0            0     
       Net Latency:+       0 (I)        0 (I) 
           Arrival:=    3300           38     
                                              
             Setup:-      99                  
       Uncertainty:-     125                  
     Required Time:=    3076                  
      Launch Clock:-      38                  
       Input Delay:-     990                  
         Data Path:-    2254                  
             Slack:=    -206                  

Exceptions/Constraints:
  input_delay             990             dut.sdc_line_15_29_1   

#-------------------------------------------------------------------------------------------------
#        Timing Point          Flags    Arc   Edge        Cell         Fanout Trans Delay Arrival 
#                                                                              (ps)  (ps)   (ps)  
#-------------------------------------------------------------------------------------------------
  sram_data_a[5][7]            -       -      F     (arrival)               6    80     0    1028 
  u_alpha/g7289__4319/Y        -       AN->Y  F     NOR2B_X4M_A9TL          1    61   136    1163 
  u_alpha/g7271__7482/Y        -       B->Y   R     NAND3_X6A_A9TL          1   109    90    1253 
  u_alpha/g7270__5115/Y        -       A->Y   F     NAND2_X8M_A9TL          2    62    61    1315 
  u_alpha/g7267__7098/Y        -       A->Y   F     AND3_X8M_A9TL           5    61   122    1437 
  u_alpha/mul_51_32_I6_g1660/Y -       A0->Y  R     AOI2XB1_X2M_A9TL        1   102    99    1536 
  u_alpha/mul_51_32_I6_g1657/Y -       AN->Y  R     NAND2B_X4M_A9TL         3   121   149    1685 
  u_alpha/mul_51_32_I6_g1738/Y -       B->Y   R     OR2_X2M_A9TL            2   106   156    1841 
  u_alpha/mul_51_32_I6_g1585/Y -       B0->Y  F     OAI211_X4M_A9TL         1    93    97    1938 
  u_alpha/mul_51_32_I6_g1568/Y -       A->Y   R     NAND2XB_X6M_A9TL        2    87    82    2019 
  u_alpha/mul_51_32_I6_g1566/Y -       A->Y   F     INV_X3M_A9TL            1    42    48    2067 
  u_alpha/mul_51_32_I6_g1500/Y -       A->Y   R     NAND3_X6A_A9TL          1   117    75    2142 
  u_alpha/mul_51_32_I6_g1492/Y -       B->Y   F     NAND2_X8A_A9TL          5    89    95    2237 
  u_alpha/mul_51_32_I6_g1486/Y -       A0->Y  R     AOI2XB1_X6M_A9TL        2   117   114    2351 
  u_alpha/mul_51_32_I6_g1477/Y -       A0->Y  F     OAI2XB1_X4M_A9TL        1    63    79    2430 
  u_alpha/mul_51_32_I6_g1473/Y -       A->Y   R     XOR2_X3M_A9TL           1   173    84    2514 
  u_alpha/fopt7254/Y           -       A->Y   F     INV_X4M_A9TL            2    66    69    2583 
  u_alpha/g7230__2346/Y        -       A->Y   F     AND3_X8M_A9TL           2    41   105    2688 
  u_alpha/g7225__4733/Y        -       A->Y   R     NAND3XXB_X6M_A9TL       1   106    66    2754 
  u_alpha/g7222__1881/Y        -       A->Y   F     NAND2XB_X8M_A9TL        2    56    54    2809 
  u_alpha/g7221__6131/Y        -       A->Y   R     NAND2_X8M_A9TL          3    90    71    2880 
  u_alpha/g7218__8246/Y        -       A->Y   F     NAND2XB_X8M_A9TL        2    70    68    2948 
  u_alpha/g7216/Y              -       A->Y   R     INV_X16M_A9TL          10    63    65    3013 
  u_alpha/g7212__3680/Y        -       C0->Y  F     OAI211_X4M_A9TL         1   110    82    3095 
  u_alpha/g7203__6417/Y        -       B0N->Y R     AO21B_X6M_A9TL          2    69    68    3163 
  g11153/Y                     -       A->Y   F     NAND2_X4M_A9TL          1    64    47    3210 
  g10649/Y                     -       A->Y   R     NAND4XXXB_X4M_A9TL      1   109    71    3282 
  vpu_data_out_reg[5][6]/D     -       -      R     DFFRPQ_X2M_A9TL         1     -     0    3282 
#-------------------------------------------------------------------------------------------------

