============================================================
  Generated by:           Genus(TM) Synthesis Solution 25.12-s067_1
  Generated on:           Sep 23 2026  12:18:16 pm
  Module:                 tr_nonlinear_vpu
  Operating conditions:   ss_typical_max_0p90v_125c (balanced_tree)
  Wireload mode:          top
  Area mode:              timing library
============================================================


Path 1: MET (0 ps) Setup Check with Pin u_vecmul/prod_reg_reg[4][24]/CK->B
          Group: reg2reg
     Startpoint: (R) u_vecmul/mode1_op_reg[0]/CK
          Clock: (R) clk
       Endpoint: (R) u_vecmul/prod_reg_reg[4][24]/B
          Clock: (R) clk

                     Capture       Launch     
        Clock Edge:+    3300            0     
       Src Latency:+       0            0     
       Net Latency:+       0 (I)        0 (I) 
           Arrival:=    3300            0     
                                              
             Setup:-     141                  
       Uncertainty:-     125                  
     Required Time:=    3034                  
      Launch Clock:-       0                  
         Data Path:-    3034                  
             Slack:=       0                  

#---------------------------------------------------------------------------------------------------------------------------------
#                         Timing Point                          Flags    Arc   Edge       Cell         Fanout Trans Delay Arrival 
#                                                                                                              (ps)  (ps)   (ps)  
#---------------------------------------------------------------------------------------------------------------------------------
  u_vecmul/mode1_op_reg[0]/CK                                   -       -      R     (arrival)            464     0     0       0 
  u_vecmul/mode1_op_reg[0]/Q                                    -       CK->Q  F     A2DFFQ_X1M_A9TL        2    96   287     287 
  u_vecmul/g2568/Y                                              -       A->Y   R     INV_X1M_A9TL           1   152   123     410 
  u_vecmul/g2654/Y                                              -       A->Y   R     AND2_X11M_A9TL         9    98   150     560 
  u_vecmul/g2648/Y                                              -       B->Y   R     AND2_X8M_A9TL          9   105   145     706 
  u_vecmul/MULT_TC_OP_1_Y_MULT_TC_OP_Y_MULT_UNS_OP1158_g4314/Y  -       S0->Y  R     MXIT2_X1M_A9TL         2   246   144     850 
  u_vecmul/MULT_TC_OP_1_Y_MULT_TC_OP_Y_MULT_UNS_OP1158_g4135/Y  -       B1->Y  F     AOI22_X1M_A9TL         1   176   154    1004 
  u_vecmul/MULT_TC_OP_1_Y_MULT_TC_OP_Y_MULT_UNS_OP1158_g3831/CO -       CI->CO F     ADDF_X1M_A9TL          1   112   256    1260 
  u_vecmul/MULT_TC_OP_1_Y_MULT_TC_OP_Y_MULT_UNS_OP1158_g3759/S  -       B->S   R     ADDF_X1M_A9TL          2   162   375    1635 
  u_vecmul/MULT_TC_OP_1_Y_MULT_TC_OP_Y_MULT_UNS_OP1158_g2/Y     -       B->Y   R     XOR2_X2M_A9TL          2   245   180    1815 
  u_vecmul/MULT_TC_OP_1_Y_MULT_TC_OP_Y_MULT_UNS_OP1158_g3732/Y  -       A->Y   F     NOR2_X1P4A_A9TL        2   122   135    1950 
  u_vecmul/MULT_TC_OP_1_Y_MULT_TC_OP_Y_MULT_UNS_OP1158_g3717/Y  -       B0->Y  R     AOI21_X2M_A9TL         2   152   133    2083 
  u_vecmul/MULT_TC_OP_1_Y_MULT_TC_OP_Y_MULT_UNS_OP1158_g3680/Y  -       A1->Y  F     OAI21_X1P4M_A9TL       1   102   119    2202 
  u_vecmul/MULT_TC_OP_1_Y_MULT_TC_OP_Y_MULT_UNS_OP1158_g3670/Y  -       CN->Y  F     NAND3XXB_X6M_A9TL      4   108   168    2370 
  u_vecmul/MULT_TC_OP_1_Y_MULT_TC_OP_Y_MULT_UNS_OP1158_g3662/Y  -       A1->Y  R     AOI21_X4M_A9TL         2   130   134    2504 
  u_vecmul/MULT_TC_OP_1_Y_MULT_TC_OP_Y_MULT_UNS_OP1158_g3652/Y  -       A0->Y  F     OAI2XB1_X4M_A9TL       2   103    88    2592 
  u_vecmul/MULT_TC_OP_1_Y_MULT_TC_OP_Y_MULT_UNS_OP1158_g3651/Y  -       A->Y   R     NAND2XB_X3M_A9TL       1    90    85    2677 
  u_vecmul/MULT_TC_OP_1_Y_MULT_TC_OP_Y_MULT_UNS_OP1158_g3646/Y  -       B->Y   F     NAND2_X4A_A9TL         1   105    67    2744 
  u_vecmul/MULT_TC_OP_1_Y_MULT_TC_OP_Y_MULT_UNS_OP1158_g3645/Y  -       S0->Y  R     MXIT2_X3M_A9TL         2   156    90    2834 
  u_vecmul/g5005/Y                                              -       A->Y   F     NAND2_X1A_A9TL         1   106   104    2938 
  u_vecmul/g4409/Y                                              -       A->Y   R     NAND2_X1M_A9TL         1   101    96    3034 
  u_vecmul/prod_reg_reg[4][24]/B                                -       -      R     A2DFFQ_X0P5M_A9TL      1     -     0    3034 
#---------------------------------------------------------------------------------------------------------------------------------

