============================================================
  Generated by:           Genus(TM) Synthesis Solution 25.12-s067_1
  Generated on:           Sep 30 2026  11:40:16 pm
  Module:                 tr_nonlinear_vpu
  Operating conditions:   ss_typical_max_0p90v_125c (balanced_tree)
  Wireload mode:          top
  Area mode:              timing library
============================================================


Path 1: MET (0 ps) Setup Check with Pin u_backbone/s1_vec_in_reg[4][4]/CK->D
          Group: in2reg
     Startpoint: (R) sram_data_a[4][0]
          Clock: (R) clk
       Endpoint: (R) u_backbone/s1_vec_in_reg[4][4]/D
          Clock: (R) clk

                     Capture       Launch     
        Clock Edge:+    3300            0     
        Drv Adjust:+       0           28     
       Src Latency:+       0            0     
       Net Latency:+       0 (I)        0 (I) 
           Arrival:=    3300           28     
                                              
             Setup:-      89                  
       Uncertainty:-     125                  
     Required Time:=    3086                  
      Launch Clock:-      28                  
       Input Delay:-     990                  
         Data Path:-    2068                  
             Slack:=       0                  

Exceptions/Constraints:
  input_delay             990             dut.sdc_line_15_32_1   

#-------------------------------------------------------------------------------------------------------
#          Timing Point            Flags    Arc    Edge        Cell          Fanout Trans Delay Arrival 
#                                                                                    (ps)  (ps)   (ps)  
#-------------------------------------------------------------------------------------------------------
  sram_data_a[4][0]                -       -       R     (arrival)                3    70     0    1018 
  g8660/Y                          -       A->Y    R     BUFH_X3M_A9TL            7   115   120    1138 
  u_sub/g7017/Y                    -       B->Y    F     NOR2_X3B_A9TL            3   124   118    1256 
  u_sub/g6944/CON                  -       CI->CON R     CGENI_X2M_A9TL           1   130   117    1373 
  u_sub/g6924/CO                   -       CI->CO  R     ADDFH_X2M_A9TL           1    63   161    1534 
  u_sub/g6908/CO                   -       CI->CO  R     ADDFH_X2M_A9TL           2    93   166    1700 
  u_sub/g6899/Y                    -       A->Y    F     NAND2_X2A_A9TL           2    96    80    1780 
  u_sub/g6869/Y                    -       A->Y    R     NAND3XXB_X1P4M_A9TL      2   203   133    1913 
  u_sub/g6863/Y                    -       B0N->Y  F     AO21B_X2M_A9TL           2   114   110    2023 
  u_sub/g6838/Y                    -       A->Y    R     NAND2XB_X2M_A9TL         2   107    99    2122 
  u_sub/g6834/Y                    -       B0->Y   R     OA21_X2M_A9TL            3   118   159    2282 
  u_sub/g6804/Y                    -       A->Y    F     NOR2_X4B_A9TL            6   193   146    2427 
  u_sub/g6745/Y                    -       A0->Y   R     OAI21_X1P4M_A9TL         4   322   266    2693 
  g25192/Y                         -       A0->Y   R     AO22_X1M_A9TL            1    86   218    2911 
  g24703/Y                         -       B0->Y   F     AOI21_X1M_A9TL           1   113    83    2994 
  g24377/Y                         -       A->Y    R     NAND2_X1P4M_A9TL         1   100    91    3086 
  u_backbone/s1_vec_in_reg[4][4]/D -       -       R     DFFRPQ_X4M_A9TL          1     -     0    3086 
#-------------------------------------------------------------------------------------------------------

