============================================================
  Generated by:           Genus(TM) Synthesis Solution 25.12-s067_1
  Generated on:           Sep 28 2026  08:44:10 pm
  Module:                 tr_nonlinear_vpu
  Operating conditions:   ss_typical_max_0p90v_125c (balanced_tree)
  Wireload mode:          top
  Area mode:              timing library
============================================================


Path 1: MET (1776 ps) Late External Delay Assertion at pin vpu_dot_out[0]
          Group: reg2out
     Startpoint: (R) u_mac/out_dot_reg[0]/CK
          Clock: (R) clk
       Endpoint: (R) vpu_dot_out[0]
          Clock: (R) clk

                     Capture       Launch     
        Clock Edge:+    3300            0     
       Src Latency:+       0            0     
       Net Latency:+       0 (I)        0 (I) 
           Arrival:=    3300            0     
                                              
      Output Delay:-     990                  
       Uncertainty:-     125                  
     Required Time:=    2185                  
      Launch Clock:-       0                  
         Data Path:-     409                  
             Slack:=    1776                  

Exceptions/Constraints:
  output_delay             990             dut.sdc_line_17_269_1   

#------------------------------------------------------------------------------------------
#      Timing Point       Flags   Arc   Edge       Cell         Fanout Trans Delay Arrival 
#                                                                       (ps)  (ps)   (ps)  
#------------------------------------------------------------------------------------------
  u_mac/out_dot_reg[0]/CK -       -     R     (arrival)             32     0     0       0 
  u_mac/out_dot_reg[0]/Q  -       CK->Q R     A2DFFQ_X0P5M_A9TL      2   256   409     409 
  vpu_dot_out[0]          -       -     R     (port)                 -     -     0     409 
#------------------------------------------------------------------------------------------

