============================================================
  Generated by:           Genus(TM) Synthesis Solution 25.12-s067_1
  Generated on:           Sep 30 2026  11:40:16 pm
  Module:                 tr_nonlinear_vpu
  Operating conditions:   ss_typical_max_0p90v_125c (balanced_tree)
  Wireload mode:          top
  Area mode:              timing library
============================================================


Path 1: MET (0 ps) Setup Check with Pin u_backbone/s2_post_ln_reg_reg[4][5]/CK->D
          Group: reg2reg
     Startpoint: (R) u_backbone/s1_mode_pre_ln_reg/CK
          Clock: (R) clk
       Endpoint: (F) u_backbone/s2_post_ln_reg_reg[4][5]/D
          Clock: (R) clk

                     Capture       Launch     
        Clock Edge:+    3300            0     
       Src Latency:+       0            0     
       Net Latency:+       0 (I)        0 (I) 
           Arrival:=    3300            0     
                                              
             Setup:-      94                  
       Uncertainty:-     125                  
     Required Time:=    3082                  
      Launch Clock:-       0                  
         Data Path:-    3082                  
             Slack:=       0                  

#-------------------------------------------------------------------------------------------------------------
#               Timing Point                 Flags    Arc   Edge       Cell        Fanout Trans Delay Arrival 
#                                                                                          (ps)  (ps)   (ps)  
#-------------------------------------------------------------------------------------------------------------
  u_backbone/s1_mode_pre_ln_reg/CK           -       -      R     (arrival)           362     0     0       0 
  u_backbone/s1_mode_pre_ln_reg/Q            -       CK->Q  R     DFFRPQ_X4M_A9TL       6   154   341     341 
  u_backbone/u_pre_ln/g6468/Y                -       A->Y   F     INV_X3M_A9TL          2    82    87     428 
  u_backbone/u_pre_ln/g6467/Y                -       A->Y   R     INV_X4M_A9TL          1    60    63     491 
  u_backbone/u_pre_ln/g6466/Y                -       A->Y   F     INV_X7P5M_A9TL        5    42    47     538 
  u_backbone/u_pre_ln/g6307/Y                -       A->Y   F     OR4_X6M_A9TL          3    71   121     659 
  u_backbone/u_pre_ln/g6294/Y                -       A->Y   R     INV_X2M_A9TL          2   110    93     752 
  u_backbone/u_pre_ln/g6219/Y                -       A->Y   F     NAND2_X4M_A9TL        1    58    58     810 
  u_backbone/u_pre_ln/g6566/Y                -       A0->Y  R     AOI2XB1_X4M_A9TL      4   183   142     952 
  u_backbone/gen_tr_lanes[4].u_tr_ln/g6598/Y -       A->Y   F     INV_X3M_A9TL          5   100   104    1056 
  u_backbone/gen_tr_lanes[4].u_tr_ln/g6596/Y -       A->Y   R     INV_X5M_A9TL          6    77    80    1136 
  u_backbone/gen_tr_lanes[4].u_tr_ln/g6481/Y -       A0->Y  F     OAI21_X1P4M_A9TL      1   100    89    1225 
  u_backbone/gen_tr_lanes[4].u_tr_ln/g6478/Y -       B->Y   R     NAND3_X2M_A9TL        1   122   106    1331 
  u_backbone/gen_tr_lanes[4].u_tr_ln/g6473/Y -       A->Y   F     NAND2_X2A_A9TL        1    93    82    1413 
  u_backbone/gen_tr_lanes[4].u_tr_ln/g6467/Y -       A->Y   R     NAND4_X4A_A9TL        1   160   112    1525 
  u_backbone/gen_tr_lanes[4].u_tr_ln/g6465/Y -       B->Y   F     NAND2_X8M_A9TL        5    74    85    1610 
  u_backbone/gen_tr_lanes[4].u_tr_ln/g6448/Y -       A0->Y  R     AOI21_X3M_A9TL        1   120   108    1717 
  u_backbone/gen_tr_lanes[4].u_tr_ln/g6441/Y -       B->Y   F     NAND2_X4M_A9TL        2    81    82    1799 
  u_backbone/gen_tr_lanes[4].u_tr_ln/g6427/Y -       B->Y   R     NAND2_X8M_A9TL        5    95    91    1890 
  u_backbone/gen_tr_lanes[4].u_tr_ln/g6419/Y -       S0->Y  R     MXIT2_X3M_A9TL        1   122    91    1982 
  u_backbone/gen_tr_lanes[4].u_tr_ln/g6627/Y -       A->Y   R     XOR2_X2M_A9TL         1   179   106    2088 
  u_backbone/gen_tr_lanes[4].u_tr_ln/g6624/Y -       A->Y   F     NAND2_X2M_A9TL        1    83    80    2168 
  u_backbone/g3019/Y                         -       A0->Y  F     AO21B_X4M_A9TL        4   129   144    2312 
  u_backbone/u_post_ln/g9230/Y               -       A->Y   R     NOR2_X4A_A9TL         4   144   126    2438 
  u_backbone/u_post_ln/g9122/Y               -       B->Y   R     AND2_X6M_A9TL         4    67   136    2574 
  u_backbone/u_post_ln/g9367/Y               -       A1N->Y R     OAI2XB1_X3M_A9TL      3   177   193    2767 
  u_backbone/u_post_ln/g9377/Y               -       B0->Y  F     OAI2XB1_X2M_A9TL      1    93    98    2865 
  u_backbone/u_post_ln/g8844/Y               -       S0->Y  R     MXT2_X1P4M_A9TL       1    68   160    3025 
  u_backbone/u_post_ln/g9350/Y               -       B0N->Y F     AO21B_X2M_A9TL        1    57    56    3081 
  u_backbone/s2_post_ln_reg_reg[4][5]/D      -       -      F     DFFRPQ_X2M_A9TL       1     -     0    3082 
#-------------------------------------------------------------------------------------------------------------

