============================================================
  Generated by:           Genus(TM) Synthesis Solution 25.12-s067_1
  Generated on:           Sep 28 2026  08:44:11 pm
  Module:                 tr_nonlinear_vpu
  Operating conditions:   ss_typical_max_0p90v_125c (balanced_tree)
  Wireload mode:          top
  Area mode:              timing library
============================================================


Path 1: MET (0 ps) Setup Check with Pin vpu_data_out_reg[7][5]/CK->D
          Group: in2reg
     Startpoint: (R) sram_data_a[7][6]
          Clock: (R) clk
       Endpoint: (F) vpu_data_out_reg[7][5]/D
          Clock: (R) clk

                     Capture       Launch     
        Clock Edge:+    3300            0     
        Drv Adjust:+       0           47     
       Src Latency:+       0            0     
       Net Latency:+       0 (I)        0 (I) 
           Arrival:=    3300           47     
                                              
             Setup:-     104                  
       Uncertainty:-     125                  
     Required Time:=    3071                  
      Launch Clock:-      47                  
       Input Delay:-     990                  
         Data Path:-    2034                  
             Slack:=       0                  

Exceptions/Constraints:
  input_delay             990             dut.sdc_line_15_2_1   


