============================================================
  Generated by:           Genus(TM) Synthesis Solution 25.12-s067_1
  Generated on:           Jul 24 2026  08:00:57 pm
  Module:                 tr_soc_top_int
  Operating conditions:   ss_typical_max_0p90v_125c (balanced_tree)
  Wireload mode:          top
  Area mode:              timing library
============================================================


Path 1: MET (41 ps) Late External Delay Assertion at pin mmio_rdata[15]
          Group: in2out
     Startpoint: (F) mmio_addr[0]
          Clock: (R) clk
       Endpoint: (R) mmio_rdata[15]
          Clock: (R) clk

                        Capture       Launch     
           Path Delay:+    3630            -     
           Drv Adjust:+       0            6     
          Src Latency:+       0            0     
          Net Latency:+       0 (I)        0 (I) 
        Capture Clock:+       0                  
              Arrival:=    3630            6     
                                                 
         Output Delay:-     990                  
          Uncertainty:-     125                  
        Required Time:=    2515                  
         Launch Clock:-       6                  
          Input Delay:-     990                  
            Data Path:-    1478                  
                Slack:=      41                  

Exceptions/Constraints:
  max_delay                3630            dut.sdc_line_18         
  input_delay              990             dut.sdc_line_15_8_1     
  output_delay             990             dut.sdc_line_17_891_1   

#-------------------------------------------------------------------------------------
#    Timing Point      Flags   Arc   Edge      Cell        Fanout Trans Delay Arrival 
#                                                                  (ps)  (ps)   (ps)  
#-------------------------------------------------------------------------------------
  mmio_addr[0]         -       -     F     (arrival)            1    43     0     996 
  u_ctrl/g8846__1705/Y -       C->Y  R     NOR3_X1M_A9TL        1   226   173    1169 
  u_ctrl/g8831__2398/Y -       B->Y  F     NAND2_X1M_A9TL       2   132   140    1310 
  u_ctrl/g8805__8246/Y -       B->Y  F     OR2_X0P5M_A9TL       3   188   243    1552 
  u_ctrl/g8778__6417/Y -       A->Y  R     NOR2XB_X1M_A9TL      2   255   214    1766 
  u_ctrl/g8774__1666/Y -       B->Y  R     AND2_X3M_A9TL       13   209   246    2012 
  u_ctrl/g8737__6417/Y -       B->Y  R     AND2_X1M_A9TH        1   248   462    2474 
  mmio_rdata[15]       -       -     R     (port)               -     -     0    2474 
#-------------------------------------------------------------------------------------

