============================================================
  Generated by:           Genus(TM) Synthesis Solution 25.12-s067_1
  Generated on:           Sep 23 2026  08:10:15 pm
  Module:                 tr_soc_top_int
  Operating conditions:   ss_typical_max_0p90v_125c (balanced_tree)
  Wireload mode:          top
  Area mode:              timing library
============================================================


Path 1: MET (44 ps) Setup Check with Pin u_vpu/u_backbone/s1_vec_in_reg[6][6]/CK->D
          Group: in2reg
     Startpoint: (F) ext_sram_b[6][0]
          Clock: (R) clk
       Endpoint: (F) u_vpu/u_backbone/s1_vec_in_reg[6][6]/D
          Clock: (R) clk

                     Capture       Launch     
        Clock Edge:+    3300            0     
        Drv Adjust:+       0           13     
       Src Latency:+       0            0     
       Net Latency:+       0 (I)        0 (I) 
           Arrival:=    3300           13     
                                              
             Setup:-     100                  
       Uncertainty:-     125                  
     Required Time:=    3075                  
      Launch Clock:-      13                  
       Input Delay:-     990                  
         Data Path:-    2028                  
             Slack:=      44                  

Exceptions/Constraints:
  input_delay             990             dut.sdc_line_15_507_1   

#-----------------------------------------------------------------------------------------------------------
#             Timing Point               Flags    Arc    Edge       Cell         Fanout Trans Delay Arrival 
#                                                                                        (ps)  (ps)   (ps)  
#-----------------------------------------------------------------------------------------------------------
  ext_sram_b[6][0]                       -       -       F     (arrival)              2    51     0    1003 
  g3644/Y                                -       B->Y    R     NAND2_X2M_A9TL         1   103    86    1089 
  g3594/Y                                -       B0->Y   F     OAI21_X6M_A9TL         3    76    75    1164 
  u_vpu/g9859/Y                          -       A->Y    F     BUF_X2M_A9TL           3    73   136    1300 
  u_vpu/u_sub/g6695/Y                    -       A->Y    R     INV_X2M_A9TL           1    62    64    1364 
  u_vpu/u_sub/g6659/Y                    -       A->Y    F     NAND2_X4M_A9TL         3    63    55    1420 
  u_vpu/u_sub/g6587/CON                  -       CI->CON R     CGENI_X2M_A9TL         2   178   127    1546 
  u_vpu/u_sub/g6563/CON                  -       CI->CON F     CGENI_X2M_A9TL         2   140   127    1673 
  u_vpu/u_sub/g6547/Y                    -       A->Y    R     NOR2_X3A_A9TL          2   136   123    1796 
  u_vpu/u_sub/g6538/Y                    -       A->Y    F     NOR2_X4M_A9TL          2    92    76    1872 
  u_vpu/u_sub/g6519/Y                    -       A->Y    R     NAND2_X2M_A9TL         2   126    98    1971 
  u_vpu/u_sub/g6501/Y                    -       A->Y    F     NAND3XXB_X3M_A9TL      3   128   106    2077 
  u_vpu/u_sub/g6486/Y                    -       A0->Y   R     AOI21_X3M_A9TL         2   156   140    2217 
  u_vpu/u_sub/g6476/Y                    -       A->Y    F     NOR2_X4A_A9TL          3   104    88    2305 
  u_vpu/u_sub/g6455/Y                    -       A->Y    R     NOR2_X4B_A9TL          7   185   142    2448 
  u_vpu/u_sub/g6396/Y                    -       A0->Y   F     OAI2XB1_X1M_A9TR       1   176   185    2632 
  u_vpu/g15424/Y                         -       B0->Y   R     AOI221_X2M_A9TR        1   325   309    2942 
  u_vpu/g15369/Y                         -       A0N->Y  F     AO1B2_X4M_A9TL         1    77    89    3031 
  u_vpu/u_backbone/s1_vec_in_reg[6][6]/D -       -       F     DFFRPQ_X4M_A9TL        1     -     0    3031 
#-----------------------------------------------------------------------------------------------------------

