============================================================
  Generated by:           Genus(TM) Synthesis Solution 25.12-s067_1
  Generated on:           Sep 23 2026  08:10:15 pm
  Module:                 tr_soc_top_int
  Operating conditions:   ss_typical_max_0p90v_125c (balanced_tree)
  Wireload mode:          top
  Area mode:              timing library
============================================================


Path 1: MET (842 ps) Late External Delay Assertion at pin mmio_rdata[0]
          Group: reg2out
     Startpoint: (R) u_ctrl/state_reg[4]/CK
          Clock: (R) clk
       Endpoint: (R) mmio_rdata[0]
          Clock: (R) clk

                     Capture       Launch     
        Clock Edge:+    3300            0     
       Src Latency:+       0            0     
       Net Latency:+       0 (I)        0 (I) 
           Arrival:=    3300            0     
                                              
      Output Delay:-     990                  
       Uncertainty:-     125                  
     Required Time:=    2185                  
      Launch Clock:-       0                  
         Data Path:-    1342                  
             Slack:=     842                  

Exceptions/Constraints:
  output_delay             990             dut.sdc_line_17_906_1   

#---------------------------------------------------------------------------------------
#     Timing Point       Flags   Arc   Edge      Cell        Fanout Trans Delay Arrival 
#                                                                    (ps)  (ps)   (ps)  
#---------------------------------------------------------------------------------------
  u_ctrl/state_reg[4]/CK -       -     R     (arrival)         3278     0     0       0 
  u_ctrl/state_reg[4]/Q  -       CK->Q R     DFFRPQ_X4M_A9TL      7   138   332     332 
  u_ctrl/g31029/Y        -       A->Y  F     INV_X3M_A9TL         1    57    62     394 
  u_ctrl/g30977__1617/Y  -       A->Y  R     NAND2_X6M_A9TL       2    68    60     454 
  u_ctrl/g30791__8428/Y  -       D->Y  F     NAND4_X4A_A9TL       1   110   109     563 
  u_ctrl/g30747__4319/Y  -       B->Y  R     NAND2_X6M_A9TL       2    87    95     658 
  u_ctrl/g30632__6161/Y  -       A->Y  F     NOR2_X8A_A9TL        2    47    55     712 
  u_ctrl/g30616__6783/Y  -       A->Y  R     NAND2_X6M_A9TL       2    72    59     771 
  u_ctrl/g30611/Y        -       A->Y  R     BUF_X5M_A9TL         5    72   112     883 
  u_ctrl/g30601__6417/Y  -       A->Y  R     OR2_X0P5M_A9TL       2   187   178    1062 
  u_ctrl/g30563__6260/Y  -       A->Y  F     NOR2_X1M_A9TL        1   103   111    1173 
  u_ctrl/g30526__1666/Y  -       A1->Y R     OAI21_X1M_A9TL       1   203   170    1342 
  mmio_rdata[0]          -       -     R     (port)               -     -     0    1342 
#---------------------------------------------------------------------------------------

