============================================================
  Generated by:           Genus(TM) Synthesis Solution 25.12-s067_1
  Generated on:           Sep 23 2026  08:10:14 pm
  Module:                 tr_soc_top_int
  Operating conditions:   ss_typical_max_0p90v_125c (balanced_tree)
  Wireload mode:          top
  Area mode:              timing library
============================================================


Path 1: VIOLATED (-38 ps) Setup Check with Pin u_req/prod_reg_reg[3][49]/CK->A
          Group: reg2reg
     Startpoint: (R) u_ctrl/reg_req_mult_reg[25]/CK
          Clock: (R) clk
       Endpoint: (R) u_req/prod_reg_reg[3][49]/A
          Clock: (R) clk

                     Capture       Launch     
        Clock Edge:+    3300            0     
       Src Latency:+       0            0     
       Net Latency:+       0 (I)        0 (I) 
           Arrival:=    3300            0     
                                              
             Setup:-     132                  
       Uncertainty:-     125                  
     Required Time:=    3043                  
      Launch Clock:-       0                  
         Data Path:-    3082                  
             Slack:=     -38                  

#------------------------------------------------------------------------------------------------
#         Timing Point           Flags    Arc   Edge      Cell        Fanout Trans Delay Arrival 
#                                                                             (ps)  (ps)   (ps)  
#------------------------------------------------------------------------------------------------
  u_ctrl/reg_req_mult_reg[25]/CK -       -      R     (arrival)           32     0     0       0 
  u_ctrl/reg_req_mult_reg[25]/Q  -       CK->Q  R     DFFRPQ_X4M_A9TL      4   135   330     330 
  u_req/fopt49540/Y              -       A->Y   F     INV_X2M_A9TL         2   111   105     436 
  u_req/fopt49539/Y              -       A->Y   R     INV_X7P5M_A9TL       4    69    75     510 
  u_req/mul_61_51_I4_g46931/Y    -       B->Y   F     MXIT2_X3M_A9TL       1    96    79     590 
  u_req/mul_61_51_I4_g46256/Y    -       A->Y   F     OR2_X11M_A9TL        9    69   141     730 
  u_req/mul_61_51_I4_g45989/Y    -       A->Y   R     INV_X7P5M_A9TL      10    89    81     812 
  u_req/mul_61_51_I4_g45742/Y    -       B0->Y  R     AO1B2_X4M_A9TL       2    85   141     952 
  u_req/mul_61_51_I4_g45556/Y    -       A->Y   F     INV_X3M_A9TL         2    48    55    1008 
  u_req/mul_61_51_I4_g45125/Y    -       A->Y   R     NOR2_X2A_A9TL        1   148   109    1116 
  u_req/mul_61_51_I4_g44859/Y    -       B0->Y  F     AOI21_X6M_A9TL       2    83    80    1196 
  u_req/mul_61_51_I4_g48685/Y    -       C->Y   F     XOR3_X3M_A9TL        2    86   274    1470 
  u_req/mul_61_51_I4_g44164/CO   -       CI->CO F     CGEN_X2M_A9TL        2   106   203    1673 
  u_req/mul_61_51_I4_g43910/Y    -       B->Y   F     XNOR3_X4M_A9TL       2    90   258    1932 
  u_req/fopt51245/Y              -       A->Y   R     INV_X4M_A9TL         1    53    58    1990 
  u_req/mul_61_51_I4_g43786/Y    -       A0->Y  F     AOI21_X6M_A9TL       2    78    60    2050 
  u_req/mul_61_51_I4_g43554/CO   -       CI->CO F     CGEN_X2M_A9TL        2   117   208    2258 
  u_req/mul_61_51_I4_g43484/Y    -       B->Y   R     NOR2_X4M_A9TL        2   113   114    2372 
  u_req/mul_61_51_I4_g43449/Y    -       B0->Y  F     AOI21_X6M_A9TL       2    69    69    2440 
  u_req/mul_61_51_I4_g43426/Y    -       A0->Y  R     OAI21_X6M_A9TL       2    92    90    2530 
  u_req/mul_61_51_I4_g43413/Y    -       A->Y   F     NAND2_X4M_A9TL       1    58    58    2588 
  u_req/mul_61_51_I4_g43412/Y    -       B->Y   R     NAND2_X6M_A9TL       2    78    75    2664 
  u_req/mul_61_51_I4_g43395/Y    -       A0->Y  F     AOI21_X6M_A9TL       1    70    64    2728 
  u_req/mul_61_51_I4_g43394/Y    -       A->Y   R     NAND2_X6M_A9TL       2   107    86    2814 
  u_req/mul_61_51_I4_g43386/Y    -       A->Y   F     INV_X13M_A9TL       14    67    71    2885 
  u_req/mul_61_51_I4_g48604/Y    -       A0->Y  R     OAI21B_X3M_A9TL      1   120   100    2985 
  u_req/mul_61_51_I4_g43350/Y    -       A->Y   R     XOR2_X2M_A9TL        1   163    96    3082 
  u_req/prod_reg_reg[3][49]/A    -       -      R     A2DFFQ_X1M_A9TL      1     -     0    3082 
#------------------------------------------------------------------------------------------------

