============================================================
  Generated by:           Genus(TM) Synthesis Solution 25.12-s067_1
  Generated on:           Mar 26 2026  02:10:26 pm
  Module:                 tr_softmax
  Operating conditions:   ss_typical_max_0p90v_125c (balanced_tree)
  Wireload mode:          top
  Area mode:              timing library
============================================================


Path 1: MET (56 ps) Setup Check with Pin dsp_mac/vec_sum_reg_reg[15]/CK->B
          Group: reg2reg
     Startpoint: (R) dsp_mac/prod_reg_reg[5][8]/CK
          Clock: (R) clk
       Endpoint: (R) dsp_mac/vec_sum_reg_reg[15]/B
          Clock: (R) clk

                     Capture       Launch     
        Clock Edge:+    3000            0     
       Src Latency:+       0            0     
       Net Latency:+       0 (I)        0 (I) 
           Arrival:=    3000            0     
                                              
             Setup:-     257                  
       Uncertainty:-     125                  
     Required Time:=    2618                  
      Launch Clock:-       0                  
         Data Path:-    2562                  
             Slack:=      56                  

#----------------------------------------------------------------------------------------------------------------------
#                   Timing Point                     Flags    Arc   Edge       Cell         Fanout Trans Delay Arrival 
#                                                                                                   (ps)  (ps)   (ps)  
#----------------------------------------------------------------------------------------------------------------------
  dsp_mac/prod_reg_reg[5][8]/CK                      -       -      R     (arrival)            208     0     0       0 
  dsp_mac/prod_reg_reg[5][8]/Q                       -       CK->Q  F     DFFQ_X1M_A9TL          1    83   292     292 
  dsp_mac/csa_tree_ADD_TC_OP_6_groupi_g2306__2346/CO -       B->CO  F     ADDF_X1M_A9TL          2   131   256     548 
  dsp_mac/g2415/CON                                  -       A->CON R     CGENI_X1M_A9TL         3   336   258     806 
  dsp_mac/csa_tree_ADD_TC_OP_6_groupi_g2201__2398/Y  -       C->Y   F     XNOR3_X1M_A9TL         1   114   372    1178 
  dsp_mac/csa_tree_ADD_TC_OP_6_groupi_g2160__2883/S  -       CI->S  R     ADDF_X1P4M_A9TL        2   114   342    1520 
  dsp_mac/csa_tree_ADD_TC_OP_6_groupi_g2157__6161/Y  -       B->Y   F     NOR2_X2A_A9TL          3    93    94    1615 
  dsp_mac/csa_tree_ADD_TC_OP_6_groupi_g2132__7410/Y  -       B->Y   R     NOR2_X1P4M_A9TL        2   166   140    1755 
  dsp_mac/csa_tree_ADD_TC_OP_6_groupi_g2108__5107/Y  -       A->Y   F     NAND2_X1P4M_A9TL       1    91    88    1843 
  dsp_mac/csa_tree_ADD_TC_OP_6_groupi_g2101__2883/Y  -       C0->Y  R     OAI211_X2M_A9TL        2   218   121    1964 
  dsp_mac/csa_tree_ADD_TC_OP_6_groupi_g2381__1881/Y  -       B0->Y  R     AO21_X3M_A9TL          3    81   174    2137 
  dsp_mac/csa_tree_ADD_TC_OP_6_groupi_g2081__6783/Y  -       A1->Y  F     AOI21_X2M_A9TL         2   138    96    2233 
  dsp_mac/csa_tree_ADD_TC_OP_6_groupi_g2077__6260/Y  -       A1->Y  R     OAI21_X1M_A9TL         1   194   179    2412 
  dsp_mac/csa_tree_ADD_TC_OP_6_groupi_g2076__5107/Y  -       A->Y   R     XOR2_X0P7M_A9TL        1   220   150    2562 
  dsp_mac/vec_sum_reg_reg[15]/B                      -       -      R     A2DFFQ_X0P5M_A9TR      1     -     0    2562 
#----------------------------------------------------------------------------------------------------------------------

