============================================================
  Generated by:           Genus(TM) Synthesis Solution 25.12-s067_1
  Generated on:           Sep 23 2026  01:32:18 am
  Module:                 tr_nonlinear_vpu
  Operating conditions:   ss_typical_max_0p90v_125c (balanced_tree)
  Wireload mode:          top
  Area mode:              timing library
============================================================


Path 1: VIOLATED (-3443 ps) Setup Check with Pin vpu_data_out_reg[0][7]/clk->d
          Group: in2reg
     Startpoint: (R) sram_data_a[0][1]
          Clock: (R) clk
       Endpoint: (R) vpu_data_out_reg[0][7]/d
          Clock: (R) clk

                     Capture       Launch     
        Clock Edge:+    3300            0     
        Drv Adjust:+       0          100     
       Src Latency:+       0            0     
       Net Latency:+       0 (I)        0 (I) 
           Arrival:=    3300          100     
                                              
             Setup:-      64                  
       Uncertainty:-     125                  
     Required Time:=    3110                  
      Launch Clock:-     100                  
       Input Delay:-     990                  
         Data Path:-    5464                  
             Slack:=   -3443                  

Exceptions/Constraints:
  input_delay             990             dut.sdc_line_15_63_1   

#----------------------------------------------------------------------------------------------------------------
#                Timing Point                  Flags     Arc    Edge      Cell        Fanout Trans Delay Arrival 
#                                                                                             (ps)  (ps)   (ps)  
#----------------------------------------------------------------------------------------------------------------
  sram_data_a[0][1]                            (u)     -        R     (arrival)           27   191     0    1090 
  u_alpha/minus_43_42_I1/g3/z                  (u)     in_0->z  F     unmapped_not         2     0    50    1140 
  u_alpha/minus_43_42_I1/g23/z                 (u)     in_1->z  R     unmapped_nor2        1     0    61    1201 
  u_alpha/minus_43_42_I1/g53/z                 (u)     in_0->z  F     unmapped_not         2     0    50    1251 
  u_alpha/minus_43_42_I1/g54/z                 (u)     in_1->z  R     unmapped_nand2       1     0    61    1312 
  u_alpha/minus_43_42_I1/g55/z                 (u)     in_1->z  F     unmapped_nand2       3     0    82    1393 
  u_alpha/minus_43_42_I1/g87/z                 (u)     in_1->z  R     unmapped_nand2       1     0    61    1454 
  u_alpha/minus_43_42_I1/g88/z                 (u)     in_1->z  F     unmapped_nand2       5     0    96    1550 
  u_alpha/minus_43_42_I1/g128/z                (u)     in_0->z  R     unmapped_nand2       1     0    61    1611 
  u_alpha/minus_43_42_I1/g129/z                (u)     in_1->z  F     unmapped_nand2       8     0   113    1724 
  u_alpha/minus_43_42_I1/g162/z                (u)     in_1->z  R     unmapped_nand2       1     0    61    1785 
  u_alpha/minus_43_42_I1/g163/z                (u)     in_1->z  F     unmapped_nand2       1     0    61    1845 
  u_alpha/minus_43_42_I1/g203/z                (u)     in_0->z  R     unmapped_xnor2       1     0   118    1964 
  u_alpha/mux_43_25/g1/z                       (u)     data1->z R     unmapped_bmux2       3     0   139    2102 
  u_alpha/lt_48_32_I1/g17/z                    (u)     in_0->z  F     unmapped_not         2     0    50    2152 
  u_alpha/lt_48_32_I1/g51/z                    (u)     in_0->z  R     unmapped_nor2        2     0    74    2227 
  u_alpha/lt_48_32_I1/g83/z                    (u)     in_1->z  F     unmapped_nor2        2     0    74    2301 
  u_alpha/lt_48_32_I1/g114/z                   (u)     in_0->z  R     unmapped_not         1     0    37    2338 
  u_alpha/lt_48_32_I1/g115/z                   (u)     in_1->z  F     unmapped_nor2        1     0    61    2399 
  u_alpha/lt_48_32_I1/g117/z                   (u)     in_0->z  R     unmapped_nor2        1     0    61    2459 
  u_alpha/lt_48_32_I1/g144/z                   (u)     in_0->z  F     unmapped_not         1     0    37    2496 
  u_alpha/lt_48_32_I1/g145/z                   (u)     in_1->z  R     unmapped_nor2        1     0    61    2557 
  u_alpha/lt_48_32_I1/g165/z                   (u)     in_0->z  F     unmapped_nand2       1     0    61    2618 
  u_alpha/lt_48_32_I1/g18/z                    (u)     in_0->z  R     unmapped_not         1     0    37    2654 
  u_alpha/mux_GEN_LANES[0].coef_sel_48_32/g1/z (u)     sel0->z  F     unmapped_bmux2       1     0   118    2772 
  u_alpha/mux_GEN_LANES[0].coef_sel_47_32/g2/z (u)     data0->z F     unmapped_bmux2       1     0   118    2891 
  u_alpha/mux_GEN_LANES[0].coef_sel_46_27/g2/z (u)     data0->z F     unmapped_bmux2       8     0   170    3061 
  u_alpha/mul_51_32_I1/g92/z                   (u)     in_0->z  R     unmapped_nand2       3     0    82    3143 
  u_alpha/mul_51_32_I1/g247/z                  (u)     in_0->z  R     unmapped_xor2        1     0   118    3261 
  u_alpha/mul_51_32_I1/g248/z                  (u)     in_0->z  R     unmapped_xor2        3     0   139    3400 
  u_alpha/mul_51_32_I1/g262/z                  (u)     in_0->z  F     unmapped_nand2       1     0    61    3460 
  u_alpha/mul_51_32_I1/g264/z                  (u)     in_1->z  R     unmapped_nand3       3     0   102    3562 
  u_alpha/mul_51_32_I1/g305/z                  (u)     in_1->z  F     unmapped_nand2       1     0    61    3623 
  u_alpha/mul_51_32_I1/g306/z                  (u)     in_2->z  R     unmapped_nand3       3     0   102    3724 
  u_alpha/mul_51_32_I1/g344/z                  (u)     in_1->z  F     unmapped_xor2        2     0   132    3856 
  u_alpha/mul_51_32_I1/g588/z                  (u)     in_1->z  R     unmapped_nor2        3     0    82    3938 
  u_alpha/mul_51_32_I1/g615/z                  (u)     in_1->z  F     unmapped_nor2        1     0    61    3998 
  u_alpha/mul_51_32_I1/g617/z                  (u)     in_0->z  R     unmapped_nor2        3     0    82    4080 
  u_alpha/mul_51_32_I1/g648/z                  (u)     in_0->z  F     unmapped_nor2        1     0    61    4141 
  u_alpha/mul_51_32_I1/g650/z                  (u)     in_0->z  R     unmapped_nor2        4     0    90    4231 
  u_alpha/mul_51_32_I1/g125/z                  (u)     in_1->z  F     unmapped_nor2        1     0    61    4292 
  u_alpha/mul_51_32_I1/g127/z                  (u)     in_0->z  R     unmapped_nor2        1     0    61    4353 
  u_alpha/mul_51_32_I1/g149/z                  (u)     in_0->z  F     unmapped_nand2       1     0    61    4414 
  u_alpha/mul_51_32_I1/g675/z                  (u)     in_0->z  R     unmapped_xnor2       3     0   139    4552 
  u_alpha/lt_54_33_I1/g17/z                    (u)     in_0->z  F     unmapped_not         2     0    50    4602 
  u_alpha/lt_54_33_I1/g52/z                    (u)     in_0->z  R     unmapped_nand2       1     0    61    4663 
  u_alpha/lt_54_33_I1/g81/z                    (u)     in_0->z  F     unmapped_not         1     0    37    4700 
  u_alpha/lt_54_33_I1/g82/z                    (u)     in_1->z  R     unmapped_nor2        1     0    61    4761 
  u_alpha/lt_54_33_I1/g116/z                   (u)     in_0->z  F     unmapped_not         1     0    37    4798 
  u_alpha/lt_54_33_I1/g117/z                   (u)     in_1->z  R     unmapped_nor2        1     0    61    4858 
  u_alpha/lt_54_33_I1/g144/z                   (u)     in_0->z  F     unmapped_not         1     0    37    4895 
  u_alpha/lt_54_33_I1/g145/z                   (u)     in_1->z  R     unmapped_nor2        1     0    61    4956 
  u_alpha/lt_54_33_I1/g165/z                   (u)     in_0->z  F     unmapped_nand2       1     0    61    5017 
  u_alpha/lt_54_33_I1/g18/z                    (u)     in_0->z  R     unmapped_not         8     0    89    5106 
  u_alpha/mux_GEN_LANES[0].x_scaled_54_33/g7/z (u)     sel0->z  F     unmapped_bmux2       1     0   118    5224 
  u_alpha/mux_GEN_LANES[0].x_scaled_53_28/g7/z (u)     data0->z F     unmapped_bmux2       3     0   139    5363 
  u_alpha/minus_58_47_I1/g3/z                  (u)     in_0->z  R     unmapped_not         2     0    50    5413 
  u_alpha/minus_58_47_I1/g15/z                 (u)     in_1->z  F     unmapped_nor2        1     0    61    5474 
  u_alpha/minus_58_47_I1/g29/z                 (u)     in_0->z  R     unmapped_not         2     0    50    5524 
  u_alpha/minus_58_47_I1/g30/z                 (u)     in_1->z  F     unmapped_nand2       1     0    61    5585 
  u_alpha/minus_58_47_I1/g31/z                 (u)     in_1->z  R     unmapped_nand2       3     0    82    5666 
  u_alpha/minus_58_47_I1/g47/z                 (u)     in_1->z  F     unmapped_nand2       1     0    61    5727 
  u_alpha/minus_58_47_I1/g48/z                 (u)     in_1->z  R     unmapped_nand2       4     0    90    5817 
  u_alpha/minus_58_47_I1/g65/z                 (u)     in_0->z  F     unmapped_nand2       1     0    61    5878 
  u_alpha/minus_58_47_I1/g66/z                 (u)     in_1->z  R     unmapped_nand2       1     0    61    5939 
  u_alpha/minus_58_47_I1/g86/z                 (u)     in_0->z  R     unmapped_xnor2       1     0   118    6057 
  u_alpha/mux_58_40/g1/z                       (u)     data1->z R     unmapped_bmux2      10     0   179    6236 
  mux_vpu_data_out[0]_168_23/g1/z              (u)     data2->z R     unmapped_bmux8       1     0   318    6554 
  vpu_data_out_reg[0][7]/d                     -       -        R     unmapped_d_flop      1     -     0    6554 
#----------------------------------------------------------------------------------------------------------------

(u) : Net has unmapped pin(s).

