============================================================
  Generated by:           Genus(TM) Synthesis Solution 25.12-s067_1
  Generated on:           Mar 25 2026  05:49:35 pm
  Module:                 vec_mac_su
  Operating conditions:   ss_typical_max_0p90v_125c (balanced_tree)
  Wireload mode:          top
  Area mode:              timing library
============================================================

Timing
--------

Clock Period 
-------------
clk   3000.0 


        Cost          Critical         Violating 
       Group         Path Slack  TNS     Paths   
-------------------------------------------------
cg_enable_group_clk      1315.3   0.0          0 
clk                    No paths   0.0            
default                No paths   0.0            
in2out                   1143.7   0.0          0 
in2reg                   1102.1   0.0          0 
reg2out                  1376.7   0.0          0 
reg2reg                     0.0   0.0          0 
-------------------------------------------------
Total                             0.0          0 

Instance Count
--------------
Leaf Instance Count             14181 
Physical Instance count             0 
Sequential Instance Count         857 
Combinational Instance Count    13324 
Hierarchical Instance Count         3 

Area
----
Cell Area                          60330.240
Physical Cell Area                 0.000
Total Cell Area (Cell+Physical)    60330.240
Net Area                           0.000
Total Area (Cell+Physical+Net)     60330.240

Max Fanout                         784 (rc_gclk)
Min Fanout                         1 (a_reg[0][0])
Average Fanout                     2.2
Terms to net ratio                 3.1686
Terms to instance ratio            3.3551
Runtime                            300.696921 seconds
Elapsed Runtime                    334 seconds
Genus peak memory usage            2759.12 
Innovus peak memory usage          no_value 
Hostname                           enicsw11.local
