============================================================
  Generated by:           Genus(TM) Synthesis Solution 25.12-s067_1
  Generated on:           May 05 2026  03:12:21 pm
  Module:                 tr_gelu_alu
  Operating conditions:   ss_typical_max_0p90v_125c (balanced_tree)
  Wireload mode:          top
  Area mode:              timing library
============================================================


Path 1: VIOLATED (-1621 ps) Setup Check with Pin x_s1_reg[7]/clk->srl
          Group: in2reg
     Startpoint: (R) x_in[1]
          Clock: (R) clk
       Endpoint: (R) x_s1_reg[7]/srl
          Clock: (R) clk

                     Capture       Launch     
        Clock Edge:+    3300            0     
        Drv Adjust:+       0           45     
       Src Latency:+       0            0     
       Net Latency:+       0 (I)        0 (I) 
           Arrival:=    3300           45     
                                              
             Setup:-     164                  
       Uncertainty:-     125                  
     Required Time:=    3011                  
      Launch Clock:-      45                  
       Input Delay:-     990                  
         Data Path:-    3597                  
             Slack:=   -1621                  

Exceptions/Constraints:
  input_delay             990             tr_gelu_alu.sdc_line_16_9_1   

#------------------------------------------------------------------------------------------
#     Timing Point       Flags     Arc    Edge      Cell        Fanout Trans Delay Arrival 
#                                                                       (ps)  (ps)   (ps)  
#------------------------------------------------------------------------------------------
  x_in[1]                (u)     -        R     (arrival)           11    95     0    1035 
  minus_45_31/g3/z       (u)     in_0->z  F     unmapped_not         2     0    50    1085 
  minus_45_31/g15/z      (u)     in_1->z  R     unmapped_nor2        1     0    61    1146 
  minus_45_31/g29/z      (u)     in_0->z  F     unmapped_not         2     0    50    1196 
  minus_45_31/g30/z      (u)     in_1->z  R     unmapped_nand2       1     0    61    1257 
  minus_45_31/g31/z      (u)     in_1->z  F     unmapped_nand2       3     0    82    1339 
  minus_45_31/g47/z      (u)     in_1->z  R     unmapped_nand2       1     0    61    1400 
  minus_45_31/g48/z      (u)     in_1->z  F     unmapped_nand2       4     0    90    1490 
  minus_45_31/g60/z      (u)     in_0->z  R     unmapped_nand2       1     0    61    1551 
  minus_45_31/g61/z      (u)     in_1->z  F     unmapped_nand2       1     0    61    1612 
  minus_45_31/g81/z      (u)     in_0->z  F     unmapped_xnor2       1     0   118    1730 
  mux_45_18/g2/z         (u)     data1->z F     unmapped_bmux2       3     0   139    1868 
  ctl_abs_z_47_15/g3/z   (u)     in_0->z  R     unmapped_not         1     0    37    1905 
  ctl_abs_z_47_15/g2/z   (u)     in_1->z  F     unmapped_nand2       2     0    74    1979 
  ctl_abs_z_47_15/g4/z   (u)     in_0->z  R     unmapped_nor2        2     0    74    2054 
  mux_alpha_g_47_15/g1/z (u)     sel1->z  R     unmapped_mux4        8     0   201    2255 
  mul_54_23/g65/z        (u)     in_0->z  F     unmapped_nand2       3     0    82    2336 
  mul_54_23/g232/z       (u)     in_1->z  R     unmapped_nand2       1     0    61    2397 
  mul_54_23/g235/z       (u)     in_0->z  F     unmapped_nand3       3     0   102    2499 
  mul_54_23/g279/z       (u)     in_1->z  R     unmapped_xor2        3     0   139    2638 
  mul_54_23/g290/z       (u)     in_0->z  R     unmapped_xor2        1     0   118    2756 
  mul_54_23/g291/z       (u)     in_0->z  R     unmapped_xor2        3     0   139    2894 
  mul_54_23/g296/z       (u)     in_1->z  R     unmapped_xor2        1     0   118    3012 
  mul_54_23/g297/z       (u)     in_0->z  R     unmapped_xor2        2     0   132    3144 
  mul_54_23/g413/z       (u)     in_1->z  F     unmapped_nor2        3     0    82    3226 
  mul_54_23/g440/z       (u)     in_1->z  R     unmapped_nor2        1     0    61    3286 
  mul_54_23/g442/z       (u)     in_0->z  F     unmapped_nor2        3     0    82    3368 
  mul_54_23/g91/z        (u)     in_0->z  R     unmapped_nor2        1     0    61    3429 
  mul_54_23/g93/z        (u)     in_0->z  F     unmapped_nor2        4     0    90    3519 
  mul_54_23/g121/z       (u)     in_0->z  R     unmapped_nor2        1     0    61    3580 
  mul_54_23/g456/z       (u)     in_0->z  F     unmapped_nor2        1     0    61    3641 
  mul_54_23/g476/z       (u)     in_0->z  R     unmapped_nand2       1     0    61    3702 
  mul_54_23/g512/z       (u)     in_0->z  F     unmapped_xnor2       3     0   139    3840 
  gt_56_29/g16/z         (u)     in_0->z  R     unmapped_not         2     0    50    3890 
  gt_56_29/g49/z         (u)     in_1->z  F     unmapped_nor2        1     0    61    3951 
  gt_56_29/g83/z         (u)     in_0->z  R     unmapped_nor2        2     0    74    4026 
  gt_56_29/g118/z        (u)     in_1->z  F     unmapped_nand2       2     0    74    4100 
  gt_56_29/g146/z        (u)     in_1->z  R     unmapped_nor2        1     0    61    4161 
  gt_56_29/g164/z        (u)     in_0->z  F     unmapped_nand2       1     0    61    4222 
  gt_56_29/g165/z        (u)     in_1->z  R     unmapped_nand2       1     0    61    4282 
  gt_56_29/g18/z         (u)     in_0->z  F     unmapped_not         9     0    93    4376 
  g34/z                  (u)     in_0->z  R     unmapped_not         2     0    50    4426 
  g40/z                  (u)     in_1->z  R     unmapped_and2        1     0    61    4486 
  g49/z                  (u)     in_0->z  R     unmapped_or2         8     0   145    4632 
  x_s1_reg[7]/srl        -       -        R     unmapped_d_flop      8     -     0    4632 
#------------------------------------------------------------------------------------------

(u) : Net has unmapped pin(s).

