============================================================
  Generated by:           Genus(TM) Synthesis Solution 25.12-s067_1
  Generated on:           May 05 2026  11:46:35 am
  Module:                 tr_gelu_alu
  Operating conditions:   ss_typical_max_0p90v_125c (balanced_tree)
  Wireload mode:          top
  Area mode:              timing library
============================================================


Path 1: MET (1676 ps) Late External Delay Assertion at pin gelu_out[0]
          Group: reg2out
     Startpoint: (R) v_pipe_m0_reg[3]/clk
          Clock: (R) clk
       Endpoint: (R) gelu_out[0]
          Clock: (R) clk

                     Capture       Launch     
        Clock Edge:+    3300            0     
       Src Latency:+       0            0     
       Net Latency:+       0 (I)        0 (I) 
           Arrival:=    3300            0     
                                              
      Output Delay:-     990                  
       Uncertainty:-     125                  
     Required Time:=    2185                  
      Launch Clock:-       0                  
         Data Path:-     509                  
             Slack:=    1676                  

Exceptions/Constraints:
  output_delay             990             tr_gelu_alu.sdc_line_18_25_1   

#-------------------------------------------------------------------------------------------
#      Timing Point        Flags    Arc    Edge      Cell        Fanout Trans Delay Arrival 
#                                                                        (ps)  (ps)   (ps)  
#-------------------------------------------------------------------------------------------
  v_pipe_m0_reg[3]/clk     -       -       R     (arrival)          133     0     0       0 
  v_pipe_m0_reg[3]/q       (u)     clk->q  R     unmapped_d_flop      9     0   391     391 
  mux_gelu_out_192_13/g8/z (u)     sel0->z R     unmapped_bmux2       1     0   118     509 
  gelu_out[0]              -       -       R     (port)               -     -     0     509 
#-------------------------------------------------------------------------------------------

(u) : Net has unmapped pin(s).

