============================================================
  Generated by:           Genus(TM) Synthesis Solution 25.12-s067_1
  Generated on:           May 05 2026  11:46:35 am
  Module:                 tr_gelu_alu
  Operating conditions:   ss_typical_max_0p90v_125c (balanced_tree)
  Wireload mode:          top
  Area mode:              timing library
============================================================


Path 1: MET (1058 ps) Setup Check with Pin sig_neg_mult_reg[14]/clk->d
          Group: reg2reg
     Startpoint: (R) E_s3_reg[6]/clk
          Clock: (R) clk
       Endpoint: (R) sig_neg_mult_reg[14]/d
          Clock: (R) clk

                     Capture       Launch     
        Clock Edge:+    3300            0     
       Src Latency:+       0            0     
       Net Latency:+       0 (I)        0 (I) 
           Arrival:=    3300            0     
                                              
             Setup:-     164                  
       Uncertainty:-     125                  
     Required Time:=    3011                  
      Launch Clock:-       0                  
         Data Path:-    1952                  
             Slack:=    1058                  

#-----------------------------------------------------------------------------------------
#     Timing Point       Flags    Arc    Edge      Cell        Fanout Trans Delay Arrival 
#                                                                      (ps)  (ps)   (ps)  
#-----------------------------------------------------------------------------------------
  E_s3_reg[6]/clk        -       -       R     (arrival)          133     0     0       0 
  E_s3_reg[6]/q          (u)     clk->q  R     unmapped_d_flop     10     0   395     395 
  mul_159_39/g23/z       (u)     in_0->z R     unmapped_and2        2     0    74     469 
  mul_159_39/g209/z      (u)     in_1->z R     unmapped_xor2        3     0   139     608 
  mul_159_39/g221/z      (u)     in_1->z F     unmapped_nand2       1     0    61     669 
  mul_159_39/g222/z      (u)     in_2->z R     unmapped_nand3       3     0   102     770 
  mul_159_39/g259/z      (u)     in_1->z R     unmapped_xor2        1     0   118     888 
  mul_159_39/g260/z      (u)     in_0->z R     unmapped_xor2        3     0   139    1027 
  mul_159_39/g265/z      (u)     in_1->z R     unmapped_xor2        1     0   118    1145 
  mul_159_39/g266/z      (u)     in_0->z R     unmapped_xor2        2     0   132    1277 
  mul_159_39/g347/z      (u)     in_1->z F     unmapped_nor2        3     0    82    1358 
  mul_159_39/g372/z      (u)     in_1->z R     unmapped_nor2        1     0    61    1419 
  mul_159_39/g374/z      (u)     in_0->z F     unmapped_nor2        3     0    82    1501 
  mul_159_39/g88/z       (u)     in_0->z R     unmapped_nor2        1     0    61    1562 
  mul_159_39/g90/z       (u)     in_0->z F     unmapped_nor2        4     0    90    1652 
  mul_159_39/g395/z      (u)     in_0->z R     unmapped_nor2        1     0    61    1713 
  mul_159_39/g397/z      (u)     in_0->z F     unmapped_nor2        1     0    61    1774 
  mul_159_39/g417/z      (u)     in_0->z R     unmapped_nand2       1     0    61    1834 
  mul_159_39/g453/z      (u)     in_0->z R     unmapped_xnor2       1     0   118    1952 
  sig_neg_mult_reg[14]/d -       -       R     unmapped_d_flop      1     -     0    1952 
#-----------------------------------------------------------------------------------------

(u) : Net has unmapped pin(s).

