============================================================
  Generated by:           Genus(TM) Synthesis Solution 25.12-s067_1
  Generated on:           Sep 24 2026  06:28:34 pm
  Module:                 tr_rmsnorm
  Operating conditions:   ss_typical_max_0p90v_125c (balanced_tree)
  Wireload mode:          top
  Area mode:              timing library
============================================================


Path 1: MET (2 ps) Setup Check with Pin s1_ln_out_reg[6]/CK->D
          Group: in2reg
     Startpoint: (F) sum_in[12]
          Clock: (R) clk
       Endpoint: (F) s1_ln_out_reg[6]/D
          Clock: (R) clk

                     Capture       Launch     
        Clock Edge:+    3300            0     
        Drv Adjust:+       0           47     
       Src Latency:+       0            0     
       Net Latency:+       0 (I)        0 (I) 
           Arrival:=    3300           47     
                                              
             Setup:-     120                  
       Uncertainty:-     125                  
     Required Time:=    3055                  
      Launch Clock:-      47                  
       Input Delay:-     990                  
         Data Path:-    2016                  
             Slack:=       2                  

Exceptions/Constraints:
  input_delay             990             dut.sdc_line_15_151_1   

#------------------------------------------------------------------------------------------
#     Timing Point       Flags   Arc   Edge        Cell         Fanout Trans Delay Arrival 
#                                                                       (ps)  (ps)   (ps)  
#------------------------------------------------------------------------------------------
  sum_in[12]             -       -     F     (arrival)               8    96     0    1037 
  u_ln/g5758__2398/Y     -       B->Y  R     NOR2_X4M_A9TL           3   141   126    1163 
  u_ln/g5718__2346/Y     -       B->Y  R     AND2_X4M_A9TL           5    83   147    1310 
  u_ln/g5674__8246/Y     -       B0->Y R     AO1B2_X3M_A9TL          2    96   153    1463 
  u_ln/g5663__5107/Y     -       A->Y  F     NAND2_X4M_A9TL          2    60    61    1524 
  u_ln/g5636__3680/Y     -       A->Y  F     AND2_X3M_A9TL           2    50   109    1633 
  u_ln/g5634__5526/Y     -       B->Y  R     NAND2_X1P4M_A9TL        2   137   104    1736 
  u_ln/g5623__2346/Y     -       B->Y  R     AND2_X2M_A9TL           1    62   136    1872 
  u_ln/g5605__2802/Y     -       A->Y  R     MX2_X4M_A9TL            3   104   136    2008 
  u_ln/g5597__4319/Y     -       A->Y  F     NOR2_X2M_A9TL           1    77    80    2088 
  u_ln/g5589__6417/Y     -       B->Y  R     NOR2_X4M_A9TL           3   112   103    2191 
  u_ln/g5585__1666/Y     -       A->Y  F     NOR2_X1P4A_A9TL         1   123    79    2269 
  u_ln/g5584__2346/Y     -       B0->Y R     OAI22_X2M_A9TL          2   177   127    2396 
  u_post_ln/g336__5477/Y -       BN->Y R     NAND2XB_X1P4M_A9TL      2   124   190    2586 
  u_post_ln/g334__7410/Y -       A->Y  R     OR2_X1P4M_A9TL          3   120   162    2748 
  u_post_ln/g331/Y       -       A->Y  F     INV_X0P8M_A9TL          2    94    93    2841 
  u_post_ln/g330__2346/Y -       A->Y  R     NAND3XXB_X1M_A9TL       1   153   116    2957 
  u_post_ln/g326__9315/Y -       B->Y  F     NAND2_X1M_A9TL          1   116    96    3053 
  s1_ln_out_reg[6]/D     -       -     F     DFFRPQ_X1M_A9TL         1     -     0    3053 
#------------------------------------------------------------------------------------------

