============================================================
  Generated by:           Genus(TM) Synthesis Solution 25.12-s067_1
  Generated on:           May 09 2026  07:14:13 pm
  Module:                 tr_rmsnorm
  Operating conditions:   ss_typical_max_0p90v_125c (balanced_tree)
  Wireload mode:          top
  Area mode:              timing library
============================================================


Path 1: MET (108 ps) Setup Check with Pin u_vec_mul/prod_reg_reg[7][16]/CK->A
          Group: reg2reg
     Startpoint: (R) u_vec_mul/mode1_op_reg[1]/CK
          Clock: (R) clk
       Endpoint: (F) u_vec_mul/prod_reg_reg[7][16]/A
          Clock: (R) clk

                     Capture       Launch     
        Clock Edge:+    3300            0     
       Src Latency:+       0            0     
       Net Latency:+       0 (I)        0 (I) 
           Arrival:=    3300            0     
                                              
             Setup:-     181                  
       Uncertainty:-     125                  
     Required Time:=    2994                  
      Launch Clock:-       0                  
         Data Path:-    2886                  
             Slack:=     108                  

#-----------------------------------------------------------------------------------------------------------------
#                 Timing Point                   Flags   Arc   Edge       Cell         Fanout Trans Delay Arrival 
#                                                                                              (ps)  (ps)   (ps)  
#-----------------------------------------------------------------------------------------------------------------
  u_vec_mul/mode1_op_reg[1]/CK                   -       -     R     (arrival)            310     0     0       0 
  u_vec_mul/mode1_op_reg[1]/Q                    -       CK->Q F     A2DFFQ_X2M_A9TL        2   111   292     292 
  u_vec_mul/g3382/Y                              -       A->Y  R     INV_X11M_A9TL         16   139   120     412 
  u_vec_mul/MULT_UNS_OP37_Y_MULT_TC_OP38_g4193/Y -       B->Y  F     NAND2_X4M_A9TL         3   100    93     505 
  u_vec_mul/MULT_UNS_OP37_Y_MULT_TC_OP38_g4161/Y -       A->Y  R     INV_X6M_A9TL           6    75    79     584 
  u_vec_mul/MULT_UNS_OP37_Y_MULT_TC_OP38_g4149/Y -       B->Y  F     NAND2_X2A_A9TL         2    77    78     662 
  u_vec_mul/MULT_UNS_OP37_Y_MULT_TC_OP38_g4285/Y -       B->Y  R     XNOR2_X0P7M_A9TL       1   269   170     832 
  u_vec_mul/MULT_UNS_OP37_Y_MULT_TC_OP38_g4071/Y -       A->Y  R     XOR2_X0P7M_A9TL        1   347   232    1063 
  u_vec_mul/MULT_UNS_OP37_Y_MULT_TC_OP38_g4020/S -       A->S  F     ADDF_X1M_A9TL          2   127   394    1457 
  u_vec_mul/MULT_UNS_OP37_Y_MULT_TC_OP38_g3970/Y -       C->Y  R     XOR3_X1M_A9TL          2   127   330    1787 
  u_vec_mul/MULT_UNS_OP37_Y_MULT_TC_OP38_g3958/Y -       B->Y  F     NAND2_X1A_A9TL         3   190   156    1943 
  u_vec_mul/MULT_UNS_OP37_Y_MULT_TC_OP38_g3945/Y -       A1->Y R     AOI21_X1M_A9TL         1   170   181    2124 
  u_vec_mul/MULT_UNS_OP37_Y_MULT_TC_OP38_g3937/Y -       B0->Y R     OA21_X1M_A9TL          2   134   193    2317 
  u_vec_mul/MULT_UNS_OP37_Y_MULT_TC_OP38_g3932/Y -       A1->Y F     OAI221_X1M_A9TL        1   158   163    2480 
  u_vec_mul/MULT_UNS_OP37_Y_MULT_TC_OP38_g3929/Y -       B0->Y R     AOI21_X1M_A9TL         1   178   160    2640 
  u_vec_mul/MULT_UNS_OP37_Y_MULT_TC_OP38_g3926/Y -       A->Y  F     XNOR3_X0P5M_A9TL       2   170   246    2886 
  u_vec_mul/prod_reg_reg[7][16]/A                -       -     F     A2DFFQ_X0P5M_A9TL      2     -     0    2886 
#-----------------------------------------------------------------------------------------------------------------

