============================================================
  Generated by:           Genus(TM) Synthesis Solution 25.12-s067_1
  Generated on:           Mar 25 2026  06:24:12 pm
  Module:                 vec_mac_su
  Operating conditions:   ss_typical_max_0p90v_125c (balanced_tree)
  Wireload mode:          top
  Area mode:              timing library
============================================================


Path 1: MET (86 ps) Setup Check with Pin vec_sum_reg_reg[10]/CK->B
          Group: reg2reg
     Startpoint: (R) a_reg_reg[4][4]/CK
          Clock: (R) clk
       Endpoint: (R) vec_sum_reg_reg[10]/B
          Clock: (R) clk

                     Capture       Launch     
        Clock Edge:+    3000            0     
       Src Latency:+       0            0     
       Net Latency:+       0 (I)        0 (I) 
           Arrival:=    3000            0     
                                              
             Setup:-     127                  
       Uncertainty:-     125                  
     Required Time:=    2748                  
      Launch Clock:-       0                  
         Data Path:-    2661                  
             Slack:=      86                  

#-----------------------------------------------------------------------------------------------------------------
#                Timing Point                  Flags    Arc    Edge       Cell         Fanout Trans Delay Arrival 
#                                                                                              (ps)  (ps)   (ps)  
#-----------------------------------------------------------------------------------------------------------------
  a_reg_reg[4][4]/CK                           -       -       R     (arrival)            128     0     0       0 
  a_reg_reg[4][4]/Q                            -       CK->Q   F     DFFQ_X1M_A9TL          1    88   295     295 
  csa_tree_ADD_TC_OP_14_groupi_g2782__5122/CO  -       A->CO   F     ADDF_X2M_A9TL          3   135   277     572 
  csa_tree_ADD_TC_OP_14_groupi_g2778/Y         -       A->Y    R     INV_X3M_A9TL           1    63    69     641 
  csa_tree_ADD_TC_OP_14_groupi_g2746__1666/Y   -       A->Y    F     MXIT2_X3M_A9TL         1    70    64     705 
  csa_tree_ADD_TC_OP_14_groupi_g2946__6260/Y   -       B->Y    R     XOR2_X2M_A9TL          1   201   135     840 
  csa_tree_ADD_TC_OP_14_groupi_g2662__6131/S   -       A->S    F     ADDF_X1M_A9TL          1    95   335    1175 
  csa_tree_ADD_TC_OP_14_groupi_g2634__7482/SUM -       CI->SUM R     ADDFH_X2M_A9TL         2    89   255    1430 
  csa_tree_ADD_TC_OP_14_groupi_g2613__6417/Y   -       C->Y    F     XNOR3_X1M_A9TL         2   128   330    1760 
  csa_tree_ADD_TC_OP_14_groupi_g2934__9315/Y   -       A->Y    F     OR2_X2M_A9TL           3    69   152    1912 
  csa_tree_ADD_TC_OP_14_groupi_g2581__6260/Y   -       A1->Y   F     AO21_X1M_A9TL          2    97   189    2102 
  csa_tree_ADD_TC_OP_14_groupi_g2573__2883/Y   -       A->Y    R     NAND3XXB_X2M_A9TL      1   122    98    2199 
  csa_tree_ADD_TC_OP_14_groupi_g2568__7482/Y   -       C0->Y   F     OAI211_X3M_A9TL        1   116   101    2301 
  csa_tree_ADD_TC_OP_14_groupi_g2566__1881/Y   -       A->Y    R     NOR2XB_X6M_A9TL        4   118   106    2407 
  csa_tree_ADD_TC_OP_14_groupi_g2565/Y         -       A->Y    F     INV_X2M_A9TL           1    53    58    2465 
  csa_tree_ADD_TC_OP_14_groupi_g2561__5122/Y   -       A0->Y   R     AOI2XB1_X3M_A9TL       1   129    96    2562 
  csa_tree_ADD_TC_OP_14_groupi_g2558__1617/Y   -       S0->Y   R     MXIT2_X2M_A9TL         1   133   100    2661 
  vec_sum_reg_reg[10]/B                        -       -       R     A2DFFQ_X1M_A9TL        1     -     0    2661 
#-----------------------------------------------------------------------------------------------------------------

