============================================================
  Generated by:           Genus(TM) Synthesis Solution 25.12-s067_1
  Generated on:           May 12 2026  08:44:30 pm
  Module:                 tr_soc_top_mx
  Operating conditions:   ss_typical_max_0p90v_125c (balanced_tree)
  Wireload mode:          top
  Area mode:              timing library
============================================================


Path 1: MET (172 ps) Setup Check with Pin u_vpu/u_vecmul/b_reg_reg[0][15]/CK->D
          Group: in2reg
     Startpoint: (F) ext_sram_b[0][0]
          Clock: (R) clk
       Endpoint: (F) u_vpu/u_vecmul/b_reg_reg[0][15]/D
          Clock: (R) clk

                     Capture       Launch     
        Clock Edge:+    3300            0     
        Drv Adjust:+       0            7     
       Src Latency:+       0            0     
       Net Latency:+       0 (I)        0 (I) 
           Arrival:=    3300            7     
                                              
             Setup:-      70                  
       Uncertainty:-     125                  
     Required Time:=    3105                  
      Launch Clock:-       7                  
       Input Delay:-     990                  
         Data Path:-    1936                  
             Slack:=     172                  

Exceptions/Constraints:
  input_delay             990             dut.sdc_line_15_570_1   

#----------------------------------------------------------------------------------------------------
#           Timing Point            Flags    Arc   Edge       Cell        Fanout Trans Delay Arrival 
#                                                                                 (ps)  (ps)   (ps)  
#----------------------------------------------------------------------------------------------------
  ext_sram_b[0][0]                  -       -      F     (arrival)             1    44     0     997 
  g5143/Y                           -       A->Y   F     MXT2_X1P4M_A9TL       3   122   183    1180 
  u_vpu/u_sym/fopt8356/Y            -       A->Y   R     INV_X5M_A9TL          2    68    74    1253 
  u_vpu/u_sym/g8189/Y               -       A0->Y  F     AOI21_X8M_A9TL        2    67    66    1320 
  u_vpu/u_sym/g8448/Y               -       A->Y   R     NOR2_X8A_A9TL         2    82    74    1393 
  u_vpu/u_sym/g8145/Y               -       A->Y   F     NOR2XB_X8M_A9TL       2    56    55    1448 
  u_vpu/u_sym/g8142/Y               -       A->Y   R     NOR2XB_X8M_A9TL       2    69    63    1512 
  u_vpu/u_sym/g8128/Y               -       A->Y   F     NAND2XB_X6M_A9TL      2    47    48    1559 
  u_vpu/u_sym/g8108/Y               -       A->Y   R     NAND3_X6A_A9TL        2   113    72    1631 
  u_vpu/u_sym/g8093/Y               -       A->Y   F     NAND2XB_X6M_A9TL      2    58    56    1688 
  u_vpu/u_sym/g8073/Y               -       A->Y   R     NAND2XB_X6M_A9TL      2    74    60    1748 
  u_vpu/u_sym/g8061/Y               -       A->Y   F     NAND2XB_X6M_A9TL      2    54    52    1800 
  u_vpu/u_sym/g8034/Y               -       A0->Y  R     AOI2XB1_X6M_A9TL      3   152    97    1897 
  u_vpu/u_sym/g8015/Y               -       A->Y   F     NAND2XB_X6M_A9TL      1    61    57    1954 
  u_vpu/u_sym/g8002/Y               -       A->Y   R     NAND2XB_X6M_A9TL      2    74    62    2015 
  u_vpu/u_sym/g7982/Y               -       A->Y   F     NAND2XB_X6M_A9TL      2    51    49    2064 
  u_vpu/u_sym/g7958/Y               -       A->Y   R     NAND2_X4B_A9TL        2    63    58    2122 
  u_vpu/u_sym/g7942/Y               -       A->Y   F     NAND2_X6A_A9TL        2    71    62    2183 
  u_vpu/u_sym/g7918/Y               -       A->Y   R     NAND2XB_X8M_A9TL      2    69    63    2247 
  u_vpu/u_sym/g7901/Y               -       A->Y   F     NAND2XB_X8M_A9TL      2    54    51    2298 
  u_vpu/u_sym/g7865/Y               -       A0->Y  R     AOI2XB1_X6M_A9TL      3   148   108    2405 
  u_vpu/u_sym/g7833/Y               -       A0->Y  F     OAI2XB1_X6M_A9TL      2    74    87    2492 
  u_vpu/u_sym/g7815/Y               -       A->Y   R     NAND2_X3A_A9TL        1    48    54    2546 
  u_vpu/u_sym/g7803/CO              -       A->CO  R     ADDH_X2M_A9TL         1    78   136    2682 
  u_vpu/u_sym/g7794/Y               -       A->Y   F     NOR2_X4A_A9TL         1    48    57    2739 
  u_vpu/u_sym/g7785/Y               -       S0->Y  F     MXIT2_X3M_A9TL        1    93    77    2816 
  u_vpu/g11716/Y                    -       A->Y   R     NAND2_X4M_A9TL        1    59    63    2879 
  u_vpu/g11201/Y                    -       B0N->Y F     AO21B_X2M_A9TL        1    61    54    2933 
  u_vpu/u_vecmul/b_reg_reg[0][15]/D -       -      F     DFFQ_X2M_A9TL         1     -     0    2933 
#----------------------------------------------------------------------------------------------------

