============================================================
  Generated by:           Genus(TM) Synthesis Solution 25.12-s067_1
  Generated on:           May 13 2026  02:50:23 pm
  Module:                 tr_soc_top_mx
  Operating conditions:   ss_typical_max_0p90v_125c (balanced_tree)
  Wireload mode:          top
  Area mode:              timing library
============================================================


Path 1: VIOLATED (-180 ps) Setup Check with Pin u_vpu/u_backbone/s1_vec_in_reg[6][9]/CK->D
          Group: reg2reg
     Startpoint: (R) u_ctrl/state_reg[1]/CK
          Clock: (R) clk
       Endpoint: (F) u_vpu/u_backbone/s1_vec_in_reg[6][9]/D
          Clock: (R) clk

                     Capture       Launch     
        Clock Edge:+    3300            0     
       Src Latency:+       0            0     
       Net Latency:+       0 (I)        0 (I) 
           Arrival:=    3300            0     
                                              
             Setup:-     114                  
       Uncertainty:-     125                  
     Required Time:=    3061                  
      Launch Clock:-       0                  
         Data Path:-    3242                  
             Slack:=    -180                  

#--------------------------------------------------------------------------------------------------------------------------
#                    Timing Point                      Flags    Arc    Edge        Cell         Fanout Trans Delay Arrival 
#                                                                                                       (ps)  (ps)   (ps)  
#--------------------------------------------------------------------------------------------------------------------------
  u_ctrl/state_reg[1]/CK                               -       -       R     (arrival)            1115     0     0       0 
  u_ctrl/state_reg[1]/Q                                -       CK->Q   F     DFFRPQ_X4M_A9TL         3    88   301     301 
  u_ctrl/fopt6638/Y                                    -       A->Y    R     INV_X9M_A9TL            3    54    59     360 
  u_ctrl/g6536__2346/Y                                 -       A->Y    F     NAND2_X6A_A9TL          2    73    63     422 
  u_ctrl/g6521__7098/Y                                 -       A->Y    R     NAND2_X8M_A9TL          4   101    87     510 
  u_ctrl/g6493__9315/Y                                 -       A->Y    F     NAND2XB_X8M_A9TL        2    60    59     568 
  u_ctrl/g6487/Y                                       -       A->Y    R     INV_X3M_A9TL            1    46    49     617 
  u_ctrl/g6461__6417/Y                                 -       BN->Y   R     NAND2XB_X8M_A9TL        2    78   111     728 
  u_ctrl/g6398__9945/Y                                 -       A->Y    F     NAND2_X8M_A9TL          1    60    61     789 
  fopt4899/Y                                           -       A->Y    R     INV_X16M_A9TL           6    62    62     851 
  fopt4898/Y                                           -       A->Y    F     INV_X7P5M_A9TL          2    47    53     905 
  fopt4892/Y                                           -       A->Y    R     INV_X16M_A9TL          12    82    70     975 
  fopt4879/Y                                           -       A->Y    F     INV_X7P5M_A9TL          4    53    60    1034 
  fopt4878/Y                                           -       A->Y    R     INV_X7P5M_A9TL          6    81    71    1106 
  fopt4868/Y                                           -       A->Y    F     INV_X9B_A9TL            3    49    54    1159 
  g4702/Y                                              -       A->Y    F     AND2_X11M_A9TL         27   111   143    1303 
  u_vpu/u_alpha/g15030/CON                             -       CI->CON R     CGENI_X2M_A9TL          1   175   140    1443 
  u_vpu/u_alpha/g15028/Y                               -       A->Y    F     INV_X4M_A9TL            3    82    88    1530 
  u_vpu/u_alpha/csa_tree_add_40_62_I610_groupi_g1245/Y -       A->Y    R     INV_X5B_A9TR            2    60    72    1602 
  u_vpu/u_alpha/csa_tree_add_40_62_I610_groupi_g1221/Y -       S0->Y   R     MXIT2_X3M_A9TL          1   145    88    1690 
  u_vpu/u_alpha/csa_tree_add_40_62_I610_groupi_g1275/Y -       A->Y    R     XOR2_X4M_A9TL           2   166   112    1802 
  u_vpu/u_alpha/csa_tree_add_40_62_I610_groupi_g1162/Y -       A->Y    R     AND2_X4M_A9TL           3    71   139    1941 
  u_vpu/u_alpha/csa_tree_add_40_62_I610_groupi_g1255/Y -       AN->Y   R     NAND2B_X6M_A9TL         2    70   106    2047 
  u_vpu/u_alpha/csa_tree_add_40_62_I610_groupi_g1131/Y -       A->Y    F     INV_X3M_A9TL            2    48    55    2102 
  u_vpu/u_alpha/csa_tree_add_40_62_I610_groupi_g1118/Y -       A->Y    R     NAND2_X6M_A9TL          3    79    61    2162 
  u_vpu/u_alpha/csa_tree_add_40_62_I610_groupi_g1090/Y -       A1N->Y  R     AOI2XB1_X4M_A9TL        2   136   177    2339 
  u_vpu/u_alpha/csa_tree_add_40_62_I610_groupi_g2/Y    -       A->Y    R     XOR2_X3M_A9TL           1   183   106    2446 
  u_vpu/u_alpha/g15200/Y                               -       A0->Y   F     AOI22_X4M_A9TL          1   117   117    2562 
  u_vpu/u_alpha/g15130/Y                               -       A->Y    R     NAND2_X6B_A9TL          2    66    71    2633 
  u_vpu/u_alpha/g15128/Y                               -       A->Y    F     INV_X4M_A9TL            1    30    36    2670 
  u_vpu/u_alpha/g15120/Y                               -       B->Y    R     NOR2_X4M_A9TL           1    71    64    2734 
  u_vpu/u_alpha/g15114/Y                               -       A->Y    F     NAND3_X4A_A9TL          1    69    59    2793 
  u_vpu/u_alpha/g15109/Y                               -       B->Y    F     MXT2_X6M_A9TL           8   105   186    2979 
  u_vpu/u_alpha/g15108/Y                               -       A->Y    R     INV_X9M_A9TL            2    48    54    3032 
  u_vpu/u_alpha/g15094/Y                               -       A->Y    F     NAND2_X6M_A9TL          1    44    40    3072 
  u_vpu/g11555/Y                                       -       A->Y    R     NAND2_X6M_A9TL          8   120    83    3155 
  u_vpu/g10937/Y                                       -       A->Y    F     NAND4XXXB_X2M_A9TL      1   118    86    3242 
  u_vpu/u_backbone/s1_vec_in_reg[6][9]/D               -       -       F     DFFRPQ_X4M_A9TL         1     -     0    3242 
#--------------------------------------------------------------------------------------------------------------------------

