============================================================
  Generated by:           Genus(TM) Synthesis Solution 25.12-s067_1
  Generated on:           May 12 2026  08:44:31 pm
  Module:                 tr_soc_top_mx
  Operating conditions:   ss_typical_max_0p90v_125c (balanced_tree)
  Wireload mode:          top
  Area mode:              timing library
============================================================


Path 1: MET (751 ps) Late External Delay Assertion at pin mmio_rdata[0]
          Group: reg2out
     Startpoint: (R) u_ctrl/state_reg[0]/CK
          Clock: (R) clk
       Endpoint: (R) mmio_rdata[0]
          Clock: (R) clk

                     Capture       Launch     
        Clock Edge:+    3300            0     
       Src Latency:+       0            0     
       Net Latency:+       0 (I)        0 (I) 
           Arrival:=    3300            0     
                                              
      Output Delay:-     990                  
       Uncertainty:-     125                  
     Required Time:=    2185                  
      Launch Clock:-       0                  
         Data Path:-    1434                  
             Slack:=     751                  

Exceptions/Constraints:
  output_delay             990             dut.sdc_line_17_600_1   

#---------------------------------------------------------------------------------------
#     Timing Point       Flags   Arc   Edge      Cell        Fanout Trans Delay Arrival 
#                                                                    (ps)  (ps)   (ps)  
#---------------------------------------------------------------------------------------
  u_ctrl/state_reg[0]/CK -       -     R     (arrival)         1113     0     0       0 
  u_ctrl/state_reg[0]/Q  -       CK->Q F     DFFRPQ_X4M_A9TL      1    56   278     278 
  u_ctrl/fopt8/Y         -       A->Y  R     INV_X9M_A9TL         4    61    60     337 
  u_ctrl/fopt7/Y         -       A->Y  F     INV_X6M_A9TL         2    33    39     376 
  u_ctrl/fopt6/Y         -       A->Y  R     INV_X4M_A9TL         1    51    44     421 
  u_ctrl/g6542__1666/Y   -       A->Y  F     NOR2_X8M_A9TL        2    38    40     460 
  u_ctrl/fopt5/Y         -       A->Y  F     BUF_X3P5M_A9TL       4    60   108     569 
  u_ctrl/g6522__5122/Y   -       B->Y  R     NAND2_X1M_A9TH       3   521   339     908 
  u_ctrl/g6483__1881/Y   -       A->Y  R     OR2_X0P5M_A9TL       3   258   326    1233 
  u_ctrl/g6392__1881/Y   -       B->Y  R     AND3_X1M_A9TL        1    98   200    1434 
  mmio_rdata[0]          -       -     R     (port)               -     -     0    1434 
#---------------------------------------------------------------------------------------

