============================================================
  Generated by:           Genus(TM) Synthesis Solution 25.12-s067_1
  Generated on:           Apr 11 2026  01:07:27 pm
  Module:                 transformer_core_top
  Operating conditions:   ss_typical_max_0p90v_125c (balanced_tree)
  Wireload mode:          top
  Area mode:              timing library
============================================================


Path 1: VIOLATED (-6065 ps) Setup Check with Pin u_datapath/u_mac_engine/b_reg_reg[0][7]/clk->d
          Group: reg2reg
     Startpoint: (R) u_ctrl/state_q_reg[0]/clk
          Clock: (R) clk
       Endpoint: (R) u_datapath/u_mac_engine/b_reg_reg[0][7]/d
          Clock: (R) clk

                     Capture       Launch     
        Clock Edge:+    5000            0     
       Src Latency:+       0            0     
       Net Latency:+       0 (I)        0 (I) 
           Arrival:=    5000            0     
                                              
             Setup:-     164                  
       Uncertainty:-     125                  
     Required Time:=    4711                  
      Launch Clock:-       0                  
         Data Path:-   10776                  
             Slack:=   -6065                  

#-------------------------------------------------------------------------------------------------------------------------------
#                       Timing Point                        Flags     Arc    Edge       Cell         Fanout Trans Delay Arrival 
#                                                                                                            (ps)  (ps)   (ps)  
#-------------------------------------------------------------------------------------------------------------------------------
  u_ctrl/state_q_reg[0]/clk                                 -       -        R     (arrival)           1311     0     0       0 
  u_ctrl/state_q_reg[0]/q                                   (u)     clk->q   R     unmapped_d_flop       37     0   421     421 
  u_ctrl/mux_ctrl_bus[tr_shift_mode]_176_15/g2/z            (u)     sel0->z  F     unmapped_bmux8        85     0   427     848 
  u_datapath/eq_184_44/g1/z                                 (u)     in_0->z  R     unmapped_xnor2         1     0   118     966 
  u_datapath/eq_184_44/g3/z                                 (u)     in_1->z  F     unmapped_nand2         1     0    61    1027 
  u_datapath/eq_184_44/g4/z                                 (u)     in_0->z  R     unmapped_not          17     0   124    1151 
  u_datapath/mux_185_31/g2/z                                (u)     sel0->z  F     unmapped_bmux2         4     0   148    1298 
  u_datapath/u_tr_array/u_ln_0_20b/ctl_xq_32_17/g193/z      (u)     in_0->z  R     unmapped_not           5     0    72    1370 
  u_datapath/u_tr_array/u_ln_0_20b/ctl_xq_32_17/g66/z       (u)     in_0->z  F     unmapped_nand4         9     0   162    1533 
  u_datapath/u_tr_array/u_ln_0_20b/ctl_xq_32_17/g134/z      (u)     in_1->z  R     unmapped_nor4          4     0   136    1668 
  u_datapath/u_tr_array/u_ln_0_20b/ctl_xq_32_17/g152/z      (u)     in_0->z  F     unmapped_nand2         1     0    61    1729 
  u_datapath/u_tr_array/u_ln_0_20b/ctl_xq_32_17/g179/z      (u)     in_0->z  R     unmapped_not           6     0    76    1805 
  u_datapath/u_tr_array/u_ln_0_20b/mux_msb_32_17/g5/z       (u)     sel18->z R     unmapped_mux21         4     0   317    2122 
  u_datapath/u_tr_array/u_ln_0_20b/sub_38_41/g6/z           (u)     in_0->z  F     unmapped_not           1     0    37    2159 
  u_datapath/u_tr_array/u_ln_0_20b/sub_38_41/g8/z           (u)     in_1->z  R     unmapped_xor2          1     0   118    2277 
  u_datapath/u_tr_array/u_ln_0_20b/sub_38_41/g46/z          (u)     in_0->z  F     unmapped_not          21     0   133    2410 
  u_datapath/u_tr_array/u_ln_0_20b/sll_38_27/g1/z           (u)     in_0->z  R     unmapped_not          19     0   128    2538 
  u_datapath/u_tr_array/u_ln_0_20b/sll_38_27/g123/z         (u)     sel0->z  R     unmapped_mux2          2     0   117    2655 
  u_datapath/u_tr_array/u_ln_0_20b/sll_38_27/g141/z         (u)     data1->z R     unmapped_mux2          2     0   117    2772 
  u_datapath/u_tr_array/u_ln_0_20b/sll_38_27/g157/z         (u)     data1->z R     unmapped_mux2          2     0   117    2889 
  u_datapath/u_tr_array/u_ln_0_20b/sll_38_27/g169/z         (u)     data1->z R     unmapped_mux2          1     0   103    2992 
  u_datapath/u_tr_array/u_ln_0_20b/sll_38_27/g220/z         (u)     in_1->z  R     unmapped_complex2      1     0    61    3053 
  u_datapath/u_tr_array/u_ln_0_20b/mux_38_27/g5/z           (u)     data0->z R     unmapped_bmux2         2     0   132    3184 
  u_datapath/u_tr_array/u_ln_0_20b/add_52_26/g15/z          (u)     in_0->z  F     unmapped_nor2          2     0    74    3259 
  u_datapath/u_tr_array/u_ln_0_20b/add_52_26/g87/z          (u)     in_0->z  R     unmapped_not           2     0    50    3309 
  u_datapath/u_tr_array/u_ln_0_20b/add_52_26/g129/z         (u)     in_0->z  F     unmapped_nand2         1     0    61    3370 
  u_datapath/u_tr_array/u_ln_0_20b/add_52_26/g130/z         (u)     in_1->z  R     unmapped_xnor2         6     0   157    3527 
  u_datapath/u_tr_array/u_ln_0_20b/add_55_34/g9/z           (u)     in_1->z  F     unmapped_nor2          1     0    61    3588 
  u_datapath/u_tr_array/u_ln_0_20b/add_55_34/g35/z          (u)     in_0->z  R     unmapped_not           2     0    50    3638 
  u_datapath/u_tr_array/u_ln_0_20b/add_55_34/g36/z          (u)     in_1->z  F     unmapped_nand2         1     0    61    3699 
  u_datapath/u_tr_array/u_ln_0_20b/add_55_34/g37/z          (u)     in_1->z  R     unmapped_nand2         3     0    82    3780 
  u_datapath/u_tr_array/u_ln_0_20b/add_55_34/g65/z          (u)     in_1->z  F     unmapped_nand2         1     0    61    3841 
  u_datapath/u_tr_array/u_ln_0_20b/add_55_34/g66/z          (u)     in_1->z  R     unmapped_nand2         5     0    96    3937 
  u_datapath/u_tr_array/u_ln_0_20b/add_55_34/g88/z          (u)     in_0->z  F     unmapped_nand2         1     0    61    3998 
  u_datapath/u_tr_array/u_ln_0_20b/add_55_34/g89/z          (u)     in_1->z  R     unmapped_nand2         1     0    61    4058 
  u_datapath/u_tr_array/u_ln_0_20b/add_55_34/g133/z         (u)     in_0->z  R     unmapped_xnor2         2     0   132    4190 
  u_datapath/u_tr_array/u_ln_0_20b/add_55_51/g17/z          (u)     in_0->z  F     unmapped_nor2          3     0    82    4272 
  u_datapath/u_tr_array/u_ln_0_20b/add_55_51/g42/z          (u)     in_1->z  R     unmapped_nor2          1     0    61    4332 
  u_datapath/u_tr_array/u_ln_0_20b/add_55_51/g44/z          (u)     in_0->z  F     unmapped_nor2          3     0    82    4414 
  u_datapath/u_tr_array/u_ln_0_20b/add_55_51/g67/z          (u)     in_1->z  R     unmapped_nor2          1     0    61    4475 
  u_datapath/u_tr_array/u_ln_0_20b/add_55_51/g69/z          (u)     in_0->z  F     unmapped_nor2          1     0    61    4536 
  u_datapath/u_tr_array/u_ln_0_20b/add_55_51/g94/z          (u)     in_0->z  R     unmapped_nand2         1     0    61    4596 
  u_datapath/u_tr_array/u_ln_0_20b/add_55_51/g138/z         (u)     in_0->z  F     unmapped_xnor2         4     0   148    4744 
  u_datapath/u_tr_array/minus_58_41/g8/z                    (u)     in_0->z  R     unmapped_not           2     0    50    4794 
  u_datapath/u_tr_array/minus_58_41/g37/z                   (u)     in_1->z  F     unmapped_nor2          3     0    82    4876 
  u_datapath/u_tr_array/minus_58_41/g112/z                  (u)     in_0->z  R     unmapped_not           2     0    50    4926 
  u_datapath/u_tr_array/minus_58_41/g113/z                  (u)     in_1->z  F     unmapped_nand2         1     0    61    4987 
  u_datapath/u_tr_array/minus_58_41/g154/z                  (u)     in_0->z  R     unmapped_not           1     0    37    5023 
  u_datapath/u_tr_array/minus_58_41/g155/z                  (u)     in_1->z  F     unmapped_nand2         1     0    61    5084 
  u_datapath/u_tr_array/minus_58_41/g156/z                  (u)     in_1->z  R     unmapped_nand2         1     0    61    5145 
  u_datapath/u_tr_array/minus_58_41/g223/z                  (u)     in_0->z  F     unmapped_xnor2         1     0   118    5263 
  u_datapath/u_tr_array/mux_l0_shift_out_20b_56_15/g13/z    (u)     data2->z F     unmapped_bmux4         1     0   218    5481 
  u_datapath/u_tr_array/mux_64_28/g13/z                     (u)     data1->z F     unmapped_bmux2        31     0   195    5676 
  u_datapath/u_tr_array/u_exp_0_20b/u_quad/mul_42_37/g57/z  (u)     in_1->z  R     unmapped_nand2         3     0    82    5758 
  u_datapath/u_tr_array/u_exp_0_20b/u_quad/mul_42_37/g179/z (u)     in_1->z  R     unmapped_xor2          1     0   118    5876 
  u_datapath/u_tr_array/u_exp_0_20b/u_quad/mul_42_37/g180/z (u)     in_0->z  R     unmapped_xor2          3     0   139    6015 
  u_datapath/u_tr_array/u_exp_0_20b/u_quad/mul_42_37/g197/z (u)     in_1->z  R     unmapped_xor2          1     0   118    6133 
  u_datapath/u_tr_array/u_exp_0_20b/u_quad/mul_42_37/g198/z (u)     in_0->z  R     unmapped_xor2          3     0   139    6272 
  u_datapath/u_tr_array/u_exp_0_20b/u_quad/mul_42_37/g204/z (u)     in_1->z  R     unmapped_xor2          2     0   132    6403 
  u_datapath/u_tr_array/u_exp_0_20b/u_quad/mul_42_37/g349/z (u)     in_1->z  F     unmapped_nor2          3     0    82    6485 
  u_datapath/u_tr_array/u_exp_0_20b/u_quad/mul_42_37/g377/z (u)     in_1->z  R     unmapped_nor2          2     0    74    6559 
  u_datapath/u_tr_array/u_exp_0_20b/u_quad/mul_42_37/g84/z  (u)     in_1->z  F     unmapped_nand2         1     0    61    6620 
  u_datapath/u_tr_array/u_exp_0_20b/u_quad/mul_42_37/g395/z (u)     in_0->z  R     unmapped_not           1     0    37    6657 
  u_datapath/u_tr_array/u_exp_0_20b/u_quad/mul_42_37/g396/z (u)     in_1->z  F     unmapped_nand2         1     0    61    6718 
  u_datapath/u_tr_array/u_exp_0_20b/u_quad/mul_42_37/g397/z (u)     in_1->z  R     unmapped_nand2         8     0   113    6831 
  u_datapath/u_tr_array/u_exp_0_20b/u_quad/mul_42_37/g414/z (u)     in_1->z  F     unmapped_nand2         1     0    61    6892 
  u_datapath/u_tr_array/u_exp_0_20b/u_quad/mul_42_37/g415/z (u)     in_1->z  R     unmapped_nand2         1     0    61    6952 
  u_datapath/u_tr_array/u_exp_0_20b/u_quad/mul_42_37/g450/z (u)     in_0->z  R     unmapped_xnor2         2     0   132    7084 
  u_datapath/u_tr_array/u_exp_0_20b/add_53_39/g6/z          (u)     in_1->z  F     unmapped_nor2          1     0    61    7145 
  u_datapath/u_tr_array/u_exp_0_20b/add_53_39/g22/z         (u)     in_0->z  R     unmapped_not           2     0    50    7195 
  u_datapath/u_tr_array/u_exp_0_20b/add_53_39/g23/z         (u)     in_1->z  F     unmapped_nand2         1     0    61    7256 
  u_datapath/u_tr_array/u_exp_0_20b/add_53_39/g24/z         (u)     in_1->z  R     unmapped_nand2         3     0    82    7337 
  u_datapath/u_tr_array/u_exp_0_20b/add_53_39/g40/z         (u)     in_1->z  F     unmapped_nand2         1     0    61    7398 
  u_datapath/u_tr_array/u_exp_0_20b/add_53_39/g41/z         (u)     in_1->z  R     unmapped_nand2         5     0    96    7494 
  u_datapath/u_tr_array/u_exp_0_20b/add_53_39/g58/z         (u)     in_0->z  F     unmapped_nand2         1     0    61    7554 
  u_datapath/u_tr_array/u_exp_0_20b/add_53_39/g59/z         (u)     in_1->z  R     unmapped_nand2         1     0    61    7615 
  u_datapath/u_tr_array/u_exp_0_20b/add_53_39/g82/z         (u)     in_0->z  R     unmapped_xnor2        28     0   230    7846 
  u_datapath/mul_216_43/g405/z                              (u)     in_1->z  F     unmapped_xor2         22     0   216    8062 
  u_datapath/mul_216_43/g407/z                              (u)     in_0->z  R     unmapped_not           1     0    37    8099 
  u_datapath/mul_216_43/g408/z                              (u)     in_0->z  R     unmapped_and2         21     0   157    8256 
  u_datapath/mul_216_43/g443/z                              (u)     in_1->z  F     unmapped_nand2         1     0    61    8316 
  u_datapath/mul_216_43/g444/z                              (u)     in_1->z  R     unmapped_nand2         3     0    82    8398 
  u_datapath/mul_216_43/g1538/z                             (u)     in_0->z  R     unmapped_xor2          1     0   118    8516 
  u_datapath/mul_216_43/g1539/z                             (u)     in_0->z  R     unmapped_xor2          3     0   139    8655 
  u_datapath/mul_216_43/g1550/z                             (u)     in_1->z  R     unmapped_xor2          1     0   118    8773 
  u_datapath/mul_216_43/g1551/z                             (u)     in_0->z  R     unmapped_xor2          3     0   139    8912 
  u_datapath/mul_216_43/g1562/z                             (u)     in_0->z  R     unmapped_xor2          1     0   118    9030 
  u_datapath/mul_216_43/g1563/z                             (u)     in_0->z  R     unmapped_xor2          2     0   132    9162 
  u_datapath/mul_216_43/g2480/z                             (u)     in_1->z  F     unmapped_nor2          3     0    82    9243 
  u_datapath/mul_216_43/g2552/z                             (u)     in_1->z  R     unmapped_nor2          2     0    74    9317 
  u_datapath/mul_216_43/g2624/z                             (u)     in_0->z  F     unmapped_not           1     0    37    9354 
  u_datapath/mul_216_43/g2625/z                             (u)     in_1->z  R     unmapped_nor2          1     0    61    9415 
  u_datapath/mul_216_43/g199/z                              (u)     in_0->z  F     unmapped_nor2          1     0    61    9476 
  u_datapath/mul_216_43/g2705/z                             (u)     in_0->z  R     unmapped_not           1     0    37    9512 
  u_datapath/mul_216_43/g2706/z                             (u)     in_1->z  F     unmapped_nor2          1     0    61    9573 
  u_datapath/mul_216_43/g2766/z                             (u)     in_0->z  R     unmapped_nand2        17     0   148    9721 
  u_datapath/mul_216_43/g2805/z                             (u)     in_0->z  F     unmapped_nand2         1     0    61    9782 
  u_datapath/mul_216_43/g401/z                              (u)     in_1->z  R     unmapped_nand2         1     0    61    9842 
  u_datapath/mul_216_43/g2897/z                             (u)     in_0->z  R     unmapped_xnor2         1     0   118    9960 
  u_datapath/add_218_48/g565/z                              (u)     in_0->z  F     unmapped_not           2     0    50   10011 
  u_datapath/add_218_48/g118/z                              (u)     in_1->z  R     unmapped_nor2          3     0    82   10092 
  u_datapath/add_218_48/g202/z                              (u)     in_0->z  F     unmapped_nand2         1     0    61   10153 
  u_datapath/add_218_48/g401/z                              (u)     in_0->z  R     unmapped_not           1     0    37   10190 
  u_datapath/add_218_48/g402/z                              (u)     in_1->z  F     unmapped_nand2         1     0    61   10250 
  u_datapath/add_218_48/g596/z                              (u)     in_0->z  R     unmapped_not           1     0    37   10287 
  u_datapath/add_218_48/g505/z                              (u)     in_0->z  R     unmapped_xnor2         8     0   170   10458 
  u_datapath/mux_mac_b_in[0]_237_19/g1/z                    (u)     data2->z R     unmapped_bmux8         1     0   318   10776 
  u_datapath/u_mac_engine/b_reg_reg[0][7]/d                 -       -        R     unmapped_d_flop        1     -     0   10776 
#-------------------------------------------------------------------------------------------------------------------------------

(u) : Net has unmapped pin(s).

