============================================================
  Generated by:           Genus(TM) Synthesis Solution 25.12-s067_1
  Generated on:           Sep 23 2026  12:04:30 pm
  Module:                 tr_nonlinear_vpu
  Operating conditions:   ss_typical_max_0p90v_125c (balanced_tree)
  Wireload mode:          top
  Area mode:              timing library
============================================================


Path 1: VIOLATED (-3864 ps) Setup Check with Pin vpu_data_out_reg[0][11]/clk->d
          Group: in2reg
     Startpoint: (R) sram_data_a[0][1]
          Clock: (R) clk
       Endpoint: (R) vpu_data_out_reg[0][11]/d
          Clock: (R) clk

                     Capture       Launch     
        Clock Edge:+    3300            0     
        Drv Adjust:+       0           70     
       Src Latency:+       0            0     
       Net Latency:+       0 (I)        0 (I) 
           Arrival:=    3300           70     
                                              
             Setup:-      64                  
       Uncertainty:-     125                  
     Required Time:=    3110                  
      Launch Clock:-      70                  
       Input Delay:-     990                  
         Data Path:-    5914                  
             Slack:=   -3864                  

Exceptions/Constraints:
  input_delay             990             dut.sdc_line_15_95_1   

#-----------------------------------------------------------------------------------------------------------------
#                 Timing Point                  Flags     Arc    Edge      Cell        Fanout Trans Delay Arrival 
#                                                                                              (ps)  (ps)   (ps)  
#-----------------------------------------------------------------------------------------------------------------
  sram_data_a[0][1]                             (u)     -        R     (arrival)           37    72     0    1060 
  u_alpha/minus_43_42_I1/g3/z                   (u)     in_0->z  F     unmapped_not         2     0    50    1111 
  u_alpha/minus_43_42_I1/g27/z                  (u)     in_1->z  R     unmapped_nor2        1     0    61    1172 
  u_alpha/minus_43_42_I1/g65/z                  (u)     in_0->z  F     unmapped_not         2     0    50    1222 
  u_alpha/minus_43_42_I1/g66/z                  (u)     in_1->z  R     unmapped_nand2       1     0    61    1282 
  u_alpha/minus_43_42_I1/g67/z                  (u)     in_1->z  F     unmapped_nand2       3     0    82    1364 
  u_alpha/minus_43_42_I1/g107/z                 (u)     in_1->z  R     unmapped_nand2       1     0    61    1425 
  u_alpha/minus_43_42_I1/g108/z                 (u)     in_1->z  F     unmapped_nand2       5     0    96    1520 
  u_alpha/minus_43_42_I1/g158/z                 (u)     in_0->z  R     unmapped_nand2       1     0    61    1581 
  u_alpha/minus_43_42_I1/g159/z                 (u)     in_1->z  F     unmapped_nand2       9     0   117    1699 
  u_alpha/minus_43_42_I1/g186/z                 (u)     in_0->z  R     unmapped_nand2       1     0    61    1759 
  u_alpha/minus_43_42_I1/g187/z                 (u)     in_1->z  F     unmapped_nand2       1     0    61    1820 
  u_alpha/minus_43_42_I1/g236/z                 (u)     in_0->z  F     unmapped_xnor2       1     0   118    1938 
  u_alpha/mux_43_25/g8/z                        (u)     data1->z F     unmapped_bmux2       6     0   157    2096 
  u_alpha/lt_48_32_I1/g50/z                     (u)     in_0->z  R     unmapped_nand2       1     0    61    2156 
  u_alpha/lt_48_32_I1/g88/z                     (u)     in_0->z  F     unmapped_nor2        1     0    61    2217 
  u_alpha/lt_48_32_I1/g90/z                     (u)     in_0->z  R     unmapped_nor2        1     0    61    2278 
  u_alpha/lt_48_32_I1/g135/z                    (u)     in_0->z  F     unmapped_nor2        1     0    61    2339 
  u_alpha/lt_48_32_I1/g137/z                    (u)     in_0->z  R     unmapped_nor2        1     0    61    2400 
  u_alpha/lt_48_32_I1/g174/z                    (u)     in_0->z  F     unmapped_not         1     0    37    2436 
  u_alpha/lt_48_32_I1/g175/z                    (u)     in_1->z  R     unmapped_nor2        1     0    61    2497 
  u_alpha/lt_48_32_I1/g195/z                    (u)     in_0->z  F     unmapped_nand2       1     0    61    2558 
  u_alpha/lt_48_32_I1/g205/z                    (u)     in_0->z  R     unmapped_nand2       1     0    61    2619 
  u_alpha/lt_48_32_I1/g206/z                    (u)     in_1->z  F     unmapped_nand2       1     0    61    2680 
  u_alpha/lt_48_32_I1/g22/z                     (u)     in_0->z  R     unmapped_not         1     0    37    2716 
  u_alpha/mux_GEN_LANES[0].coef_sel_48_32/g1/z  (u)     sel0->z  F     unmapped_bmux2       1     0   118    2834 
  u_alpha/mux_GEN_LANES[0].coef_sel_47_32/g2/z  (u)     data0->z F     unmapped_bmux2       1     0   118    2952 
  u_alpha/mux_GEN_LANES[0].coef_sel_46_27/g2/z  (u)     data0->z F     unmapped_bmux2      13     0   191    3143 
  u_alpha/mul_51_32_I1/g89/z                    (u)     in_0->z  R     unmapped_not         6     0    76    3219 
  u_alpha/mul_51_32_I1/g430/z                   (u)     in_0->z  R     unmapped_and2        1     0    61    3280 
  u_alpha/mul_51_32_I1/g431/z                   (u)     in_0->z  R     unmapped_or2         1     0    61    3341 
  u_alpha/mul_51_32_I1/g432/z                   (u)     in_1->z  R     unmapped_and2        2     0    74    3415 
  u_alpha/mul_51_32_I1/g603/z                   (u)     in_0->z  R     unmapped_and2        3     0    82    3497 
  u_alpha/mul_51_32_I1/g640/z                   (u)     in_1->z  F     unmapped_nand2       1     0    61    3558 
  u_alpha/mul_51_32_I1/g641/z                   (u)     in_2->z  R     unmapped_nand3       3     0   102    3659 
  u_alpha/mul_51_32_I1/g669/z                   (u)     in_1->z  R     unmapped_xor2        3     0   139    3798 
  u_alpha/mul_51_32_I1/g674/z                   (u)     in_1->z  R     unmapped_xor2        1     0   118    3916 
  u_alpha/mul_51_32_I1/g675/z                   (u)     in_0->z  R     unmapped_xor2        2     0   132    4048 
  u_alpha/mul_51_32_I1/g859/z                   (u)     in_1->z  F     unmapped_nor2        3     0    82    4129 
  u_alpha/mul_51_32_I1/g894/z                   (u)     in_1->z  R     unmapped_nor2        1     0    61    4190 
  u_alpha/mul_51_32_I1/g896/z                   (u)     in_0->z  F     unmapped_nor2        3     0    82    4272 
  u_alpha/mul_51_32_I1/g927/z                   (u)     in_1->z  R     unmapped_nor2        1     0    61    4332 
  u_alpha/mul_51_32_I1/g929/z                   (u)     in_0->z  F     unmapped_nor2        1     0    61    4393 
  u_alpha/mul_51_32_I1/g963/z                   (u)     in_0->z  R     unmapped_not         1     0    37    4430 
  u_alpha/mul_51_32_I1/g964/z                   (u)     in_1->z  F     unmapped_nor2        1     0    61    4491 
  u_alpha/mul_51_32_I1/g985/z                   (u)     in_0->z  R     unmapped_nand2       1     0    61    4552 
  u_alpha/mul_51_32_I1/g1031/z                  (u)     in_0->z  F     unmapped_xnor2       4     0   148    4699 
  u_alpha/lt_54_33_I1/g55/z                     (u)     in_0->z  R     unmapped_nor2        2     0    74    4774 
  u_alpha/lt_54_33_I1/g95/z                     (u)     in_1->z  F     unmapped_nor2        2     0    74    4848 
  u_alpha/lt_54_33_I1/g134/z                    (u)     in_0->z  R     unmapped_not         1     0    37    4884 
  u_alpha/lt_54_33_I1/g135/z                    (u)     in_1->z  F     unmapped_nor2        1     0    61    4945 
  u_alpha/lt_54_33_I1/g137/z                    (u)     in_0->z  R     unmapped_nor2        1     0    61    5006 
  u_alpha/lt_54_33_I1/g174/z                    (u)     in_0->z  F     unmapped_not         1     0    37    5043 
  u_alpha/lt_54_33_I1/g175/z                    (u)     in_1->z  R     unmapped_nor2        1     0    61    5104 
  u_alpha/lt_54_33_I1/g195/z                    (u)     in_0->z  F     unmapped_nand2       1     0    61    5164 
  u_alpha/lt_54_33_I1/g205/z                    (u)     in_0->z  R     unmapped_nand2       1     0    61    5225 
  u_alpha/lt_54_33_I1/g206/z                    (u)     in_1->z  F     unmapped_nand2       1     0    61    5286 
  u_alpha/lt_54_33_I1/g22/z                     (u)     in_0->z  R     unmapped_not        12     0   106    5392 
  u_alpha/mux_GEN_LANES[0].x_scaled_54_33/g11/z (u)     sel0->z  F     unmapped_bmux2       1     0   118    5510 
  u_alpha/mux_GEN_LANES[0].x_scaled_53_28/g11/z (u)     data0->z F     unmapped_bmux2       3     0   139    5648 
  u_alpha/minus_58_47_I1/g3/z                   (u)     in_0->z  R     unmapped_not         2     0    50    5699 
  u_alpha/minus_58_47_I1/g19/z                  (u)     in_1->z  F     unmapped_nor2        1     0    61    5759 
  u_alpha/minus_58_47_I1/g41/z                  (u)     in_0->z  R     unmapped_not         2     0    50    5810 
  u_alpha/minus_58_47_I1/g42/z                  (u)     in_1->z  F     unmapped_nand2       1     0    61    5870 
  u_alpha/minus_58_47_I1/g43/z                  (u)     in_1->z  R     unmapped_nand2       3     0    82    5952 
  u_alpha/minus_58_47_I1/g67/z                  (u)     in_1->z  F     unmapped_nand2       1     0    61    6013 
  u_alpha/minus_58_47_I1/g68/z                  (u)     in_1->z  R     unmapped_nand2       5     0    96    6108 
  u_alpha/minus_58_47_I1/g98/z                  (u)     in_0->z  F     unmapped_nand2       1     0    61    6169 
  u_alpha/minus_58_47_I1/g99/z                  (u)     in_1->z  R     unmapped_nand2       4     0    90    6260 
  u_alpha/minus_58_47_I1/g106/z                 (u)     in_0->z  F     unmapped_nand2       1     0    61    6320 
  u_alpha/minus_58_47_I1/g107/z                 (u)     in_1->z  R     unmapped_nand2       1     0    61    6381 
  u_alpha/minus_58_47_I1/g137/z                 (u)     in_0->z  R     unmapped_xnor2       1     0   118    6499 
  u_alpha/mux_58_40/g1/z                        (u)     data1->z R     unmapped_bmux2       6     0   157    6657 
  mux_vpu_data_out[0]_168_23/g1/z               (u)     data2->z R     unmapped_bmux8       1     0   318    6975 
  vpu_data_out_reg[0][11]/d                     -       -        R     unmapped_d_flop      1     -     0    6975 
#-----------------------------------------------------------------------------------------------------------------

(u) : Net has unmapped pin(s).

