============================================================
  Generated by:           Genus(TM) Synthesis Solution 25.12-s067_1
  Generated on:           May 06 2026  06:57:26 pm
  Module:                 sole_softmax
  Operating conditions:   ss_typical_max_0p90v_125c (balanced_tree)
  Wireload mode:          top
  Area mode:              timing library
============================================================


Path 1: MET (2735 ps) Setup Check with Pin stg3_valid_reg/CK->D
          Group: reg2reg
     Startpoint: (R) stg2_valid_reg/CK
          Clock: (R) clk
       Endpoint: (R) stg3_valid_reg/D
          Clock: (R) clk

                     Capture       Launch     
        Clock Edge:+    3300            0     
       Src Latency:+       0            0     
       Net Latency:+       0 (I)        0 (I) 
           Arrival:=    3300            0     
                                              
             Setup:-     105                  
       Uncertainty:-     125                  
     Required Time:=    3070                  
      Launch Clock:-       0                  
         Data Path:-     335                  
             Slack:=    2735                  

#------------------------------------------------------------------------------------
#   Timing Point    Flags    Arc   Edge       Cell        Fanout Trans Delay Arrival 
#                                                                 (ps)  (ps)   (ps)  
#------------------------------------------------------------------------------------
  stg2_valid_reg/CK -       -      R     (arrival)           196     0     0       0 
  stg2_valid_reg/QN -       CK->QN F     DFFRPQN_X1M_A9TL      1   105   254     254 
  g647/Y            -       A->Y   R     INV_X1M_A9TL          1    77    80     334 
  stg3_valid_reg/D  -       -      R     DFFRPQN_X1M_A9TL      1     -     0     335 
#------------------------------------------------------------------------------------

