============================================================
  Generated by:           Genus(TM) Synthesis Solution 25.12-s067_1
  Generated on:           Mar 25 2026  06:21:32 pm
  Operating conditions:   ss_typical_max_0p90v_125c (balanced_tree)
  Wireload mode:          top
  Area mode:              timing library
============================================================

                                                                                       
        Gate         Instances   Area                       Library                    
---------------------------------------------------------------------------------------
A2DFFQ_X0P5M_A9TL            5   36.000 sc9_cln65lp_base_lvt_ss_typical_max_0p90v_125c 
A2DFFQ_X1M_A9TL             15  113.400 sc9_cln65lp_base_lvt_ss_typical_max_0p90v_125c 
A2DFFQ_X2M_A9TL              1    8.280 sc9_cln65lp_base_lvt_ss_typical_max_0p90v_125c 
ADDFH_X1M_A9TL               6   66.960 sc9_cln65lp_base_lvt_ss_typical_max_0p90v_125c 
ADDFH_X2M_A9TL               8   95.040 sc9_cln65lp_base_lvt_ss_typical_max_0p90v_125c 
ADDF_X1M_A9TL               38  300.960 sc9_cln65lp_base_lvt_ss_typical_max_0p90v_125c 
ADDF_X1P4M_A9TL              6   56.160 sc9_cln65lp_base_lvt_ss_typical_max_0p90v_125c 
ADDF_X2M_A9TL               16  149.760 sc9_cln65lp_base_lvt_ss_typical_max_0p90v_125c 
ADDH_X1M_A9TL                7   32.760 sc9_cln65lp_base_lvt_ss_typical_max_0p90v_125c 
ADDH_X2M_A9TL                1    5.760 sc9_cln65lp_base_lvt_ss_typical_max_0p90v_125c 
AND2_X1M_A9TL               21   37.800 sc9_cln65lp_base_lvt_ss_typical_max_0p90v_125c 
AND2_X2M_A9TL                1    2.520 sc9_cln65lp_base_lvt_ss_typical_max_0p90v_125c 
AND2_X3M_A9TL                1    3.960 sc9_cln65lp_base_lvt_ss_typical_max_0p90v_125c 
AND3_X1M_A9TL                6   15.120 sc9_cln65lp_base_lvt_ss_typical_max_0p90v_125c 
AND3_X1P4M_A9TL              1    4.320 sc9_cln65lp_base_lvt_ss_typical_max_0p90v_125c 
AND4_X0P5M_A9TL              1    2.880 sc9_cln65lp_base_lvt_ss_typical_max_0p90v_125c 
AO1B2_X1M_A9TL              19   47.880 sc9_cln65lp_base_lvt_ss_typical_max_0p90v_125c 
AO1B2_X2M_A9TL               1    3.600 sc9_cln65lp_base_lvt_ss_typical_max_0p90v_125c 
AO21B_X1M_A9TL               2    5.040 sc9_cln65lp_base_lvt_ss_typical_max_0p90v_125c 
AO21B_X3M_A9TL               1    5.400 sc9_cln65lp_base_lvt_ss_typical_max_0p90v_125c 
AO21B_X4M_A9TL               1    6.120 sc9_cln65lp_base_lvt_ss_typical_max_0p90v_125c 
AO22_X1M_A9TL               15   48.600 sc9_cln65lp_base_lvt_ss_typical_max_0p90v_125c 
AOI211_X1M_A9TL              1    2.520 sc9_cln65lp_base_lvt_ss_typical_max_0p90v_125c 
AOI21B_X2M_A9TL              1    4.320 sc9_cln65lp_base_lvt_ss_typical_max_0p90v_125c 
AOI21_X1M_A9TL               5   10.800 sc9_cln65lp_base_lvt_ss_typical_max_0p90v_125c 
AOI21_X2M_A9TL               2    7.200 sc9_cln65lp_base_lvt_ss_typical_max_0p90v_125c 
AOI21_X3M_A9TL               1    4.680 sc9_cln65lp_base_lvt_ss_typical_max_0p90v_125c 
AOI21_X4M_A9TL               1    6.120 sc9_cln65lp_base_lvt_ss_typical_max_0p90v_125c 
AOI2XB1_X3M_A9TL             1    5.760 sc9_cln65lp_base_lvt_ss_typical_max_0p90v_125c 
AOI2XB1_X4M_A9TL             1    7.560 sc9_cln65lp_base_lvt_ss_typical_max_0p90v_125c 
AOI32_X1M_A9TL               1    2.880 sc9_cln65lp_base_lvt_ss_typical_max_0p90v_125c 
BUFH_X0P7M_A9TR              1    1.440 sc9_cln65lp_base_rvt_ss_typical_max_0p90v_125c 
CGENI_X1M_A9TL               5   14.400 sc9_cln65lp_base_lvt_ss_typical_max_0p90v_125c 
CGENI_X2M_A9TL              10   54.000 sc9_cln65lp_base_lvt_ss_typical_max_0p90v_125c 
CGEN_X1M_A9TL               50  180.000 sc9_cln65lp_base_lvt_ss_typical_max_0p90v_125c 
CGEN_X1M_A9TR                6   21.600 sc9_cln65lp_base_rvt_ss_typical_max_0p90v_125c 
CGEN_X2M_A9TL                8   31.680 sc9_cln65lp_base_lvt_ss_typical_max_0p90v_125c 
DFFQ_X1M_A9TL              206 1557.360 sc9_cln65lp_base_lvt_ss_typical_max_0p90v_125c 
DFFQ_X2M_A9TL               17  140.760 sc9_cln65lp_base_lvt_ss_typical_max_0p90v_125c 
DFFQ_X3M_A9TL                1    9.000 sc9_cln65lp_base_lvt_ss_typical_max_0p90v_125c 
INV_X1B_A9TL                 1    1.080 sc9_cln65lp_base_lvt_ss_typical_max_0p90v_125c 
INV_X1M_A9TL                17   18.360 sc9_cln65lp_base_lvt_ss_typical_max_0p90v_125c 
INV_X2B_A9TL                 1    1.440 sc9_cln65lp_base_lvt_ss_typical_max_0p90v_125c 
INV_X2M_A9TL                23   33.120 sc9_cln65lp_base_lvt_ss_typical_max_0p90v_125c 
INV_X3M_A9TL                 7   15.120 sc9_cln65lp_base_lvt_ss_typical_max_0p90v_125c 
INV_X4M_A9TL                 5   12.600 sc9_cln65lp_base_lvt_ss_typical_max_0p90v_125c 
MXIT2_X1M_A9TL               4   14.400 sc9_cln65lp_base_lvt_ss_typical_max_0p90v_125c 
MXIT2_X2M_A9TL               7   45.360 sc9_cln65lp_base_lvt_ss_typical_max_0p90v_125c 
NAND2B_X1M_A9TL             10   21.600 sc9_cln65lp_base_lvt_ss_typical_max_0p90v_125c 
NAND2B_X2M_A9TL              1    2.880 sc9_cln65lp_base_lvt_ss_typical_max_0p90v_125c 
NAND2XB_X1M_A9TL             8   17.280 sc9_cln65lp_base_lvt_ss_typical_max_0p90v_125c 
NAND2XB_X2M_A9TL             2    5.760 sc9_cln65lp_base_lvt_ss_typical_max_0p90v_125c 
NAND2XB_X3M_A9TL             2    7.920 sc9_cln65lp_base_lvt_ss_typical_max_0p90v_125c 
NAND2_X1A_A9TL              23   33.120 sc9_cln65lp_base_lvt_ss_typical_max_0p90v_125c 
NAND2_X1B_A9TL              10   14.400 sc9_cln65lp_base_lvt_ss_typical_max_0p90v_125c 
NAND2_X1M_A9TL              33   47.520 sc9_cln65lp_base_lvt_ss_typical_max_0p90v_125c 
NAND2_X1P4M_A9TL             7   15.120 sc9_cln65lp_base_lvt_ss_typical_max_0p90v_125c 
NAND2_X2A_A9TL               6   15.120 sc9_cln65lp_base_lvt_ss_typical_max_0p90v_125c 
NAND2_X3A_A9TL               3   10.800 sc9_cln65lp_base_lvt_ss_typical_max_0p90v_125c 
NAND2_X3M_A9TL               1    3.600 sc9_cln65lp_base_lvt_ss_typical_max_0p90v_125c 
NAND3XXB_X1M_A9TL            1    2.520 sc9_cln65lp_base_lvt_ss_typical_max_0p90v_125c 
NAND3XXB_X1P4M_A9TL          1    3.600 sc9_cln65lp_base_lvt_ss_typical_max_0p90v_125c 
NAND3XXB_X3M_A9TL            1    5.040 sc9_cln65lp_base_lvt_ss_typical_max_0p90v_125c 
NAND3_X1M_A9TL               1    2.160 sc9_cln65lp_base_lvt_ss_typical_max_0p90v_125c 
NAND4B_X1M_A9TL              1    2.880 sc9_cln65lp_base_lvt_ss_typical_max_0p90v_125c 
NAND4XXXB_X1M_A9TL           2    5.760 sc9_cln65lp_base_lvt_ss_typical_max_0p90v_125c 
NAND4_X1P4A_A9TL             1    3.600 sc9_cln65lp_base_lvt_ss_typical_max_0p90v_125c 
NOR2B_X1M_A9TL              16   34.560 sc9_cln65lp_base_lvt_ss_typical_max_0p90v_125c 
NOR2B_X3M_A9TL               1    3.600 sc9_cln65lp_base_lvt_ss_typical_max_0p90v_125c 
NOR2XB_X0P7M_A9TL            2    4.320 sc9_cln65lp_base_lvt_ss_typical_max_0p90v_125c 
NOR2XB_X1M_A9TL              3    6.480 sc9_cln65lp_base_lvt_ss_typical_max_0p90v_125c 
NOR2XB_X2M_A9TL              1    2.880 sc9_cln65lp_base_lvt_ss_typical_max_0p90v_125c 
NOR2_X1A_A9TL               12   17.280 sc9_cln65lp_base_lvt_ss_typical_max_0p90v_125c 
NOR2_X1B_A9TL                9   12.960 sc9_cln65lp_base_lvt_ss_typical_max_0p90v_125c 
NOR2_X1M_A9TL                4    5.760 sc9_cln65lp_base_lvt_ss_typical_max_0p90v_125c 
NOR2_X1P4A_A9TL              8   17.280 sc9_cln65lp_base_lvt_ss_typical_max_0p90v_125c 
NOR2_X1P4B_A9TL              1    2.160 sc9_cln65lp_base_lvt_ss_typical_max_0p90v_125c 
NOR2_X1P4M_A9TL              1    2.160 sc9_cln65lp_base_lvt_ss_typical_max_0p90v_125c 
NOR2_X2A_A9TL                1    2.520 sc9_cln65lp_base_lvt_ss_typical_max_0p90v_125c 
NOR2_X2M_A9TL                1    2.520 sc9_cln65lp_base_lvt_ss_typical_max_0p90v_125c 
NOR2_X3A_A9TL                1    3.240 sc9_cln65lp_base_lvt_ss_typical_max_0p90v_125c 
NOR2_X3M_A9TL                1    3.240 sc9_cln65lp_base_lvt_ss_typical_max_0p90v_125c 
NOR2_X4A_A9TL                3   11.880 sc9_cln65lp_base_lvt_ss_typical_max_0p90v_125c 
NOR2_X4M_A9TL                1    3.960 sc9_cln65lp_base_lvt_ss_typical_max_0p90v_125c 
NOR2_X6B_A9TL                1    6.120 sc9_cln65lp_base_lvt_ss_typical_max_0p90v_125c 
NOR3_X1M_A9TL                1    2.160 sc9_cln65lp_base_lvt_ss_typical_max_0p90v_125c 
OA21_X1M_A9TL                1    2.880 sc9_cln65lp_base_lvt_ss_typical_max_0p90v_125c 
OAI211_X1M_A9TL              7   17.640 sc9_cln65lp_base_lvt_ss_typical_max_0p90v_125c 
OAI211_X3M_A9TL              1    6.120 sc9_cln65lp_base_lvt_ss_typical_max_0p90v_125c 
OAI211_X4M_A9TL              2   15.120 sc9_cln65lp_base_lvt_ss_typical_max_0p90v_125c 
OAI21_X1M_A9TL               9   19.440 sc9_cln65lp_base_lvt_ss_typical_max_0p90v_125c 
OAI21_X1P4M_A9TL             2    6.480 sc9_cln65lp_base_lvt_ss_typical_max_0p90v_125c 
OAI21_X2M_A9TL               3   10.800 sc9_cln65lp_base_lvt_ss_typical_max_0p90v_125c 
OAI21_X3M_A9TL               1    4.680 sc9_cln65lp_base_lvt_ss_typical_max_0p90v_125c 
OAI2XB1_X0P5M_A9TL           4   10.080 sc9_cln65lp_base_lvt_ss_typical_max_0p90v_125c 
OAI2XB1_X3M_A9TL             1    5.760 sc9_cln65lp_base_lvt_ss_typical_max_0p90v_125c 
OR2_X0P5M_A9TL               9   16.200 sc9_cln65lp_base_lvt_ss_typical_max_0p90v_125c 
OR2_X1M_A9TL                 2    4.320 sc9_cln65lp_base_lvt_ss_typical_max_0p90v_125c 
OR2_X1P4M_A9TL               3    7.560 sc9_cln65lp_base_lvt_ss_typical_max_0p90v_125c 
OR2_X2M_A9TL                 3    9.720 sc9_cln65lp_base_lvt_ss_typical_max_0p90v_125c 
OR3_X0P5M_A9TL               1    2.520 sc9_cln65lp_base_lvt_ss_typical_max_0p90v_125c 
PREICG_X0P5B_A9TR            3   19.440 sc9_cln65lp_base_rvt_ss_typical_max_0p90v_125c 
XNOR2_X0P7M_A9TL            12   38.880 sc9_cln65lp_base_lvt_ss_typical_max_0p90v_125c 
XNOR2_X1M_A9TL               4   14.400 sc9_cln65lp_base_lvt_ss_typical_max_0p90v_125c 
XNOR2_X2M_A9TL               2   12.240 sc9_cln65lp_base_lvt_ss_typical_max_0p90v_125c 
XNOR3_X1M_A9TL               7   45.360 sc9_cln65lp_base_lvt_ss_typical_max_0p90v_125c 
XNOR3_X1P4M_A9TL             7   70.560 sc9_cln65lp_base_lvt_ss_typical_max_0p90v_125c 
XNOR3_X2M_A9TL               1   12.240 sc9_cln65lp_base_lvt_ss_typical_max_0p90v_125c 
XOR2_X0P7M_A9TL             37  119.880 sc9_cln65lp_base_lvt_ss_typical_max_0p90v_125c 
XOR2_X1M_A9TL               27   97.200 sc9_cln65lp_base_lvt_ss_typical_max_0p90v_125c 
XOR2_X2M_A9TL               19  116.280 sc9_cln65lp_base_lvt_ss_typical_max_0p90v_125c 
XOR2_X3M_A9TL                9   71.280 sc9_cln65lp_base_lvt_ss_typical_max_0p90v_125c 
XOR3_X0P5M_A9TL              5   30.600 sc9_cln65lp_base_lvt_ss_typical_max_0p90v_125c 
XOR3_X1M_A9TL                9   58.320 sc9_cln65lp_base_lvt_ss_typical_max_0p90v_125c 
XOR3_X1P4M_A9TL             13  131.040 sc9_cln65lp_base_lvt_ss_typical_max_0p90v_125c 
XOR3_X2M_A9TL                3   36.720 sc9_cln65lp_base_lvt_ss_typical_max_0p90v_125c 
XOR3_X3M_A9TL                5   70.200 sc9_cln65lp_base_lvt_ss_typical_max_0p90v_125c 
---------------------------------------------------------------------------------------
total                      950 4701.600                                                
                                                                              
                    Library                    Instances   Area   Instances % 
------------------------------------------------------------------------------
sc9_cln65lp_base_lvt_ss_typical_max_0p90v_125c       940 4659.120        98.9 
sc9_cln65lp_base_rvt_ss_typical_max_0p90v_125c        10   42.480         1.1 
                                                       
            Type             Instances   Area   Area % 
-------------------------------------------------------
sequential                         245 1864.800   39.7 
inverter                            54   81.720    1.7 
buffer                               1    1.440    0.0 
clock_gating_integrated_cell         3   19.440    0.4 
logic                              647 2734.200   58.2 
physical_cells                       0    0.000    0.0 
-------------------------------------------------------
total                              950 4701.600  100.0 
