============================================================
  Generated by:           Genus(TM) Synthesis Solution 25.12-s067_1
  Generated on:           Mar 25 2026  05:42:30 pm
  Module:                 vec_mac_su
  Operating conditions:   ss_typical_max_0p90v_125c (balanced_tree)
  Wireload mode:          top
  Area mode:              timing library
============================================================


Path 1: MET (1144 ps) Late External Delay Assertion at pin in_ready
          Group: in2out
     Startpoint: (R) out_ready
          Clock: (R) clk
       Endpoint: (R) in_ready
          Clock: (R) clk

                        Capture       Launch     
           Path Delay:+    3300            -     
           Drv Adjust:+       0            7     
          Src Latency:+       0            0     
          Net Latency:+       0 (I)        0 (I) 
        Capture Clock:+       0                  
              Arrival:=    3300            7     
                                                 
         Output Delay:-     900                  
          Uncertainty:-     125                  
        Required Time:=    2275                  
         Launch Clock:-       7                  
          Input Delay:-     900                  
            Data Path:-     224                  
                Slack:=    1144                  

Exceptions/Constraints:
  max_delay                3300            vec_mac_su.sdc_line_19         
  input_delay              900             vec_mac_su.sdc_line_16_261_1   
  output_delay             900             vec_mac_su.sdc_line_18         

#--------------------------------------------------------------------------------
# Timing Point   Flags   Arc   Edge       Cell        Fanout Trans Delay Arrival 
#                                                             (ps)  (ps)   (ps)  
#--------------------------------------------------------------------------------
  out_ready      -       -     R     (arrival)             1    42     0     907 
  g2193__6161/Y  -       BN->Y R     NAND2XB_X1M_A9TL      4   286   224    1131 
  in_ready       -       -     R     (port)                -     -     0    1131 
#--------------------------------------------------------------------------------

