============================================================
  Generated by:           Genus(TM) Synthesis Solution 25.12-s067_1
  Generated on:           Mar 25 2026  05:42:30 pm
  Module:                 vec_mac_su
  Operating conditions:   ss_typical_max_0p90v_125c (balanced_tree)
  Wireload mode:          top
  Area mode:              timing library
============================================================


Path 1: MET (0 ps) Setup Check with Pin vec_sum_reg_reg[19]/CK->B
          Group: reg2reg
     Startpoint: (R) prod_reg_reg[5][2]/CK
          Clock: (R) clk
       Endpoint: (F) vec_sum_reg_reg[19]/B
          Clock: (R) clk

                     Capture       Launch     
        Clock Edge:+    3000            0     
       Src Latency:+       0            0     
       Net Latency:+       0 (I)        0 (I) 
           Arrival:=    3000            0     
                                              
             Setup:-     146                  
       Uncertainty:-     125                  
     Required Time:=    2729                  
      Launch Clock:-       0                  
         Data Path:-    2729                  
             Slack:=       0                  

#------------------------------------------------------------------------------------------------------------
#              Timing Point               Flags    Arc    Edge       Cell         Fanout Trans Delay Arrival 
#                                                                                         (ps)  (ps)   (ps)  
#------------------------------------------------------------------------------------------------------------
  prod_reg_reg[5][2]/CK                   -       -       R     (arrival)            528     0     0       0 
  prod_reg_reg[5][2]/Q                    -       CK->Q   F     DFFQ_X1M_A9TL          2   112   310     310 
  csa_tree_ADD_TC_OP_14_groupi_g11548/Y   -       A->Y    R     INV_X4M_A9TL           2    62    68     377 
  csa_tree_ADD_TC_OP_14_groupi_g11325/Y   -       C->Y    R     XOR3_X3M_A9TL          2    71   252     629 
  csa_tree_ADD_TC_OP_14_groupi_g11598/Y   -       B->Y    R     OR2_X0P5M_A9TL         1   156   168     798 
  csa_tree_ADD_TC_OP_14_groupi_g11007/Y   -       B0->Y   F     OAI21_X3M_A9TL         1    90    93     891 
  csa_tree_ADD_TC_OP_14_groupi_g10929/CO  -       A->CO   F     ADDF_X2M_A9TL          1    86   236    1126 
  csa_tree_ADD_TC_OP_14_groupi_g10854/S   -       A->S    R     ADDF_X1M_A9TL          1    96   328    1454 
  csa_tree_ADD_TC_OP_14_groupi_g10836/SUM -       CI->SUM F     ADDFH_X2M_A9TL         2   100   258    1713 
  csa_tree_ADD_TC_OP_14_groupi_g10830/Y   -       B->Y    R     NOR2_X3M_A9TL          2   108   104    1817 
  csa_tree_ADD_TC_OP_14_groupi_g10775/Y   -       BN->Y   R     NAND2XB_X4M_A9TL       2    84   140    1957 
  csa_tree_ADD_TC_OP_14_groupi_g10754/Y   -       A->Y    F     NOR2XB_X4M_A9TL        2    66    62    2018 
  csa_tree_ADD_TC_OP_14_groupi_g10738/Y   -       A->Y    R     NAND2_X2A_A9TL         1    65    64    2082 
  csa_tree_ADD_TC_OP_14_groupi_g10730/Y   -       A->Y    R     AND3_X4M_A9TL          4   108   147    2229 
  csa_tree_ADD_TC_OP_14_groupi_g10720/Y   -       A0->Y   F     OAI21_X6M_A9TL         1    62    65    2294 
  csa_tree_ADD_TC_OP_14_groupi_g10712/Y   -       A->Y    R     NAND3XXB_X4M_A9TL      1   111    79    2372 
  csa_tree_ADD_TC_OP_14_groupi_g10708/Y   -       A->Y    F     NAND2_X6M_A9TL         4    75    73    2445 
  csa_tree_ADD_TC_OP_14_groupi_g10699/Y   -       A0->Y   R     AOI31_X3M_A9TL         1   129   104    2549 
  csa_tree_ADD_TC_OP_14_groupi_g10696/Y   -       B0N->Y  F     AO21B_X2M_A9TL         1   100    94    2642 
  csa_tree_ADD_TC_OP_14_groupi_g10692/Y   -       A->Y    F     XOR2_X3M_A9TL          1    96    86    2729 
  vec_sum_reg_reg[19]/B                   -       -       F     A2DFFQ_X1M_A9TL        1     -     0    2729 
#------------------------------------------------------------------------------------------------------------

