============================================================
  Generated by:           Genus(TM) Synthesis Solution 25.12-s067_1
  Generated on:           May 06 2026  12:20:37 pm
  Module:                 tr_norm_alu
  Operating conditions:   ss_typical_max_0p90v_125c (balanced_tree)
  Wireload mode:          top
  Area mode:              timing library
============================================================


Path 1: VIOLATED (-1680 ps) Setup Check with Pin var_reg_s4_reg[19]/clk->d
          Group: reg2reg
     Startpoint: (R) mean_val_full_s3_reg[11]/clk
          Clock: (R) clk
       Endpoint: (R) var_reg_s4_reg[19]/d
          Clock: (R) clk

                     Capture       Launch     
        Clock Edge:+    3300            0     
       Src Latency:+       0            0     
       Net Latency:+       0 (I)        0 (I) 
           Arrival:=    3300            0     
                                              
             Setup:-      64                  
       Uncertainty:-     125                  
     Required Time:=    3110                  
      Launch Clock:-       0                  
         Data Path:-    4791                  
             Slack:=   -1680                  

#-----------------------------------------------------------------------------------------------
#        Timing Point          Flags    Arc    Edge      Cell        Fanout Trans Delay Arrival 
#                                                                            (ps)  (ps)   (ps)  
#-----------------------------------------------------------------------------------------------
  mean_val_full_s3_reg[11]/clk -       -       R     (arrival)          492     0     0       0 
  mean_val_full_s3_reg[11]/q   (u)     clk->q  R     unmapped_d_flop      4     0   364     364 
  add_128_45/g30/z             (u)     in_0->z F     unmapped_nand2       2     0    74     438 
  add_128_45/g131/z            (u)     in_0->z R     unmapped_not         1     0    37     475 
  add_128_45/g132/z            (u)     in_1->z F     unmapped_nor2        1     0    61     536 
  add_128_45/g236/z            (u)     in_0->z R     unmapped_not         1     0    37     572 
  add_128_45/g237/z            (u)     in_1->z F     unmapped_nor2        5     0    96     668 
  add_128_45/g363/z            (u)     in_1->z R     unmapped_nor2        1     0    61     729 
  add_128_45/g365/z            (u)     in_0->z F     unmapped_nor2        1     0    61     790 
  add_128_45/g453/z            (u)     in_0->z R     unmapped_nand2      17     0   148     937 
  add_128_45/g540/z            (u)     in_0->z F     unmapped_nand2       1     0    61     998 
  add_128_45/g541/z            (u)     in_1->z R     unmapped_nand2       1     0    61    1059 
  add_128_45/g692/z            (u)     in_0->z R     unmapped_xnor2      41     0   205    1264 
  mul_131_40/g453/z            (u)     in_1->z F     unmapped_xor2       25     0   223    1487 
  mul_131_40/g455/z            (u)     in_0->z R     unmapped_not         1     0    37    1524 
  mul_131_40/g456/z            (u)     in_0->z R     unmapped_and2       24     0   164    1688 
  mul_131_40/g471/z            (u)     in_1->z F     unmapped_nand2       1     0    61    1749 
  mul_131_40/g472/z            (u)     in_1->z R     unmapped_nand2       3     0    82    1830 
  mul_131_40/g1700/z           (u)     in_0->z F     unmapped_nand2       1     0    61    1891 
  mul_131_40/g1701/z           (u)     in_2->z R     unmapped_nand3       3     0   102    1993 
  mul_131_40/g1728/z           (u)     in_1->z R     unmapped_xor2        1     0   118    2111 
  mul_131_40/g1729/z           (u)     in_0->z R     unmapped_xor2        3     0   139    2250 
  mul_131_40/g1734/z           (u)     in_1->z R     unmapped_xor2        1     0   118    2368 
  mul_131_40/g1735/z           (u)     in_0->z R     unmapped_xor2        2     0   132    2499 
  mul_131_40/g3071/z           (u)     in_1->z F     unmapped_nor2        3     0    82    2581 
  mul_131_40/g3158/z           (u)     in_1->z R     unmapped_nor2        2     0    74    2655 
  mul_131_40/g218/z            (u)     in_0->z F     unmapped_not         1     0    37    2692 
  mul_131_40/g219/z            (u)     in_1->z R     unmapped_nor2        1     0    61    2753 
  mul_131_40/g3248/z           (u)     in_0->z F     unmapped_nor2        5     0    96    2848 
  mul_131_40/g3342/z           (u)     in_1->z R     unmapped_nor2        1     0    61    2909 
  mul_131_40/g3344/z           (u)     in_0->z F     unmapped_nor2        1     0    61    2970 
  mul_131_40/g3429/z           (u)     in_0->z R     unmapped_nand2       1     0    61    3031 
  mul_131_40/g3613/z           (u)     in_0->z R     unmapped_xnor2       2     0   132    3162 
  add_132_42/g33/z             (u)     in_0->z F     unmapped_nor2        3     0    82    3244 
  add_132_42/g129/z            (u)     in_1->z R     unmapped_nor2        3     0    82    3325 
  add_132_42/g232/z            (u)     in_0->z F     unmapped_nand2       2     0    74    3400 
  add_132_42/g340/z            (u)     in_1->z R     unmapped_nor2        1     0    61    3460 
  add_132_42/g426/z            (u)     in_0->z F     unmapped_nand2       1     0    61    3521 
  add_132_42/g427/z            (u)     in_1->z R     unmapped_nand2      17     0   148    3669 
  add_132_42/g509/z            (u)     in_0->z F     unmapped_nand2       1     0    61    3730 
  add_132_42/g510/z            (u)     in_1->z R     unmapped_nand2       1     0    61    3790 
  add_132_42/g636/z            (u)     in_0->z F     unmapped_xnor2       1     0   118    3909 
  sub_135_39/g11/z             (u)     in_0->z R     unmapped_not         2     0    50    3959 
  sub_135_39/g43/z             (u)     in_1->z F     unmapped_nor2        3     0    82    4040 
  sub_135_39/g80/z             (u)     in_1->z R     unmapped_nor2        1     0    61    4101 
  sub_135_39/g82/z             (u)     in_0->z F     unmapped_nor2        3     0    82    4183 
  sub_135_39/g125/z            (u)     in_0->z R     unmapped_nor2        1     0    61    4243 
  sub_135_39/g127/z            (u)     in_0->z F     unmapped_nor2        5     0    96    4339 
  sub_135_39/g173/z            (u)     in_1->z R     unmapped_nor2        1     0    61    4400 
  sub_135_39/g175/z            (u)     in_0->z F     unmapped_nor2        1     0    61    4461 
  sub_135_39/g195/z            (u)     in_0->z R     unmapped_nand2       4     0    90    4551 
  sub_135_39/g202/z            (u)     in_0->z F     unmapped_nand2       1     0    61    4612 
  sub_135_39/g203/z            (u)     in_1->z R     unmapped_nand2       1     0    61    4673 
  sub_135_39/g254/z            (u)     in_0->z R     unmapped_xnor2       1     0   118    4791 
  var_reg_s4_reg[19]/d         -       -       R     unmapped_d_flop      1     -     0    4791 
#-----------------------------------------------------------------------------------------------

(u) : Net has unmapped pin(s).

