============================================================
  Generated by:           Genus(TM) Synthesis Solution 25.12-s067_1
  Generated on:           May 05 2026  03:01:40 pm
  Module:                 tr_norm_alu
  Operating conditions:   ss_typical_max_0p90v_125c (balanced_tree)
  Wireload mode:          top
  Area mode:              timing library
============================================================


Path 1: VIOLATED (-6703 ps) Late External Delay Assertion at pin inv_std_dev_out[9]
          Group: reg2out
     Startpoint: (R) var_reg_s4_reg[19]/clk
          Clock: (R) clk
       Endpoint: (R) inv_std_dev_out[9]
          Clock: (R) clk

                     Capture       Launch     
        Clock Edge:+    3300            0     
       Src Latency:+       0            0     
       Net Latency:+       0 (I)        0 (I) 
           Arrival:=    3300            0     
                                              
      Output Delay:-     990                  
       Uncertainty:-     125                  
     Required Time:=    2185                  
      Launch Clock:-       0                  
         Data Path:-    8888                  
             Slack:=   -6703                  

Exceptions/Constraints:
  output_delay             990             tr_norm_alu.sdc_line_18_58_1   

#-----------------------------------------------------------------------------------------------------------
#             Timing Point              Flags     Arc    Edge       Cell         Fanout Trans Delay Arrival 
#                                                                                        (ps)  (ps)   (ps)  
#-----------------------------------------------------------------------------------------------------------
  var_reg_s4_reg[19]/clk                -       -        R     (arrival)            450     0     0       0 
  var_reg_s4_reg[19]/q                  (u)     clk->q   F     unmapped_d_flop        9     0   391     391 
  u_isqrt/u_ln/ctl_xq_32_17/g189/z      (u)     in_0->z  R     unmapped_not           4     0    66     457 
  u_isqrt/u_ln/ctl_xq_32_17/g33/z       (u)     in_0->z  F     unmapped_nand4        13     0   179     636 
  u_isqrt/u_ln/ctl_xq_32_17/g134/z      (u)     in_0->z  R     unmapped_nor4          4     0   136     771 
  u_isqrt/u_ln/ctl_xq_32_17/g152/z      (u)     in_0->z  F     unmapped_nand2         1     0    61     832 
  u_isqrt/u_ln/ctl_xq_32_17/g179/z      (u)     in_0->z  R     unmapped_not           6     0    76     908 
  u_isqrt/u_ln/mux_msb_32_17/g5/z       (u)     sel18->z R     unmapped_mux21         4     0   317    1225 
  u_isqrt/u_ln/sub_39_41/g6/z           (u)     in_0->z  F     unmapped_not           1     0    37    1262 
  u_isqrt/u_ln/sub_39_41/g8/z           (u)     in_1->z  R     unmapped_xor2          1     0   118    1380 
  u_isqrt/u_ln/sub_39_41/g46/z          (u)     in_0->z  F     unmapped_not          21     0   133    1513 
  u_isqrt/u_ln/sll_39_27/g1/z           (u)     in_0->z  R     unmapped_not          19     0   128    1641 
  u_isqrt/u_ln/sll_39_27/g123/z         (u)     sel0->z  R     unmapped_mux2          2     0   117    1758 
  u_isqrt/u_ln/sll_39_27/g141/z         (u)     data1->z R     unmapped_mux2          2     0   117    1875 
  u_isqrt/u_ln/sll_39_27/g157/z         (u)     data1->z R     unmapped_mux2          2     0   117    1992 
  u_isqrt/u_ln/sll_39_27/g169/z         (u)     data1->z R     unmapped_mux2          1     0   103    2095 
  u_isqrt/u_ln/sll_39_27/g220/z         (u)     in_1->z  R     unmapped_complex2      1     0    61    2156 
  u_isqrt/u_ln/mux_39_27/g5/z           (u)     data0->z R     unmapped_bmux2         2     0   132    2288 
  u_isqrt/u_ln/add_46_26/g15/z          (u)     in_0->z  F     unmapped_nor2          2     0    74    2362 
  u_isqrt/u_ln/add_46_26/g87/z          (u)     in_0->z  R     unmapped_not           2     0    50    2412 
  u_isqrt/u_ln/add_46_26/g129/z         (u)     in_0->z  F     unmapped_nand2         1     0    61    2473 
  u_isqrt/u_ln/add_46_26/g130/z         (u)     in_1->z  R     unmapped_xnor2         6     0   157    2630 
  u_isqrt/u_ln/add_49_34/g9/z           (u)     in_1->z  F     unmapped_nor2          1     0    61    2691 
  u_isqrt/u_ln/add_49_34/g35/z          (u)     in_0->z  R     unmapped_not           2     0    50    2741 
  u_isqrt/u_ln/add_49_34/g36/z          (u)     in_1->z  F     unmapped_nand2         1     0    61    2802 
  u_isqrt/u_ln/add_49_34/g37/z          (u)     in_1->z  R     unmapped_nand2         3     0    82    2884 
  u_isqrt/u_ln/add_49_34/g65/z          (u)     in_1->z  F     unmapped_nand2         1     0    61    2944 
  u_isqrt/u_ln/add_49_34/g66/z          (u)     in_1->z  R     unmapped_nand2         5     0    96    3040 
  u_isqrt/u_ln/add_49_34/g88/z          (u)     in_0->z  F     unmapped_nand2         1     0    61    3101 
  u_isqrt/u_ln/add_49_34/g89/z          (u)     in_1->z  R     unmapped_nand2         1     0    61    3162 
  u_isqrt/u_ln/add_49_34/g133/z         (u)     in_0->z  R     unmapped_xnor2         2     0   132    3293 
  u_isqrt/u_ln/add_49_51/g17/z          (u)     in_0->z  F     unmapped_nor2          3     0    82    3375 
  u_isqrt/u_ln/add_49_51/g42/z          (u)     in_1->z  R     unmapped_nor2          1     0    61    3436 
  u_isqrt/u_ln/add_49_51/g44/z          (u)     in_0->z  F     unmapped_nor2          3     0    82    3517 
  u_isqrt/u_ln/add_49_51/g67/z          (u)     in_1->z  R     unmapped_nor2          1     0    61    3578 
  u_isqrt/u_ln/add_49_51/g69/z          (u)     in_0->z  F     unmapped_nor2          1     0    61    3639 
  u_isqrt/u_ln/add_49_51/g94/z          (u)     in_0->z  R     unmapped_nand2         1     0    61    3700 
  u_isqrt/u_ln/add_49_51/g138/z         (u)     in_0->z  F     unmapped_xnor2         1     0   118    3818 
  u_isqrt/minus_60_24/g8/z              (u)     in_0->z  R     unmapped_not           2     0    50    3868 
  u_isqrt/minus_60_24/g29/z             (u)     in_1->z  F     unmapped_nor2          3     0    82    3949 
  u_isqrt/minus_60_24/g72/z             (u)     in_0->z  R     unmapped_not           2     0    50    4000 
  u_isqrt/minus_60_24/g73/z             (u)     in_1->z  F     unmapped_nand2         1     0    61    4060 
  u_isqrt/minus_60_24/g94/z             (u)     in_0->z  R     unmapped_not           1     0    37    4097 
  u_isqrt/minus_60_24/g95/z             (u)     in_1->z  F     unmapped_nand2         1     0    61    4158 
  u_isqrt/minus_60_24/g96/z             (u)     in_1->z  R     unmapped_nand2         1     0    61    4219 
  u_isqrt/minus_60_24/g127/z            (u)     in_0->z  F     unmapped_xnor2        23     0   219    4437 
  u_isqrt/u_exp/u_quad/mul_42_37/g57/z  (u)     in_1->z  R     unmapped_nand2         3     0    82    4519 
  u_isqrt/u_exp/u_quad/mul_42_37/g179/z (u)     in_1->z  R     unmapped_xor2          1     0   118    4637 
  u_isqrt/u_exp/u_quad/mul_42_37/g180/z (u)     in_0->z  R     unmapped_xor2          3     0   139    4776 
  u_isqrt/u_exp/u_quad/mul_42_37/g197/z (u)     in_1->z  R     unmapped_xor2          1     0   118    4894 
  u_isqrt/u_exp/u_quad/mul_42_37/g198/z (u)     in_0->z  R     unmapped_xor2          3     0   139    5033 
  u_isqrt/u_exp/u_quad/mul_42_37/g204/z (u)     in_1->z  R     unmapped_xor2          2     0   132    5164 
  u_isqrt/u_exp/u_quad/mul_42_37/g349/z (u)     in_1->z  F     unmapped_nor2          3     0    82    5246 
  u_isqrt/u_exp/u_quad/mul_42_37/g377/z (u)     in_1->z  R     unmapped_nor2          2     0    74    5320 
  u_isqrt/u_exp/u_quad/mul_42_37/g84/z  (u)     in_1->z  F     unmapped_nand2         1     0    61    5381 
  u_isqrt/u_exp/u_quad/mul_42_37/g395/z (u)     in_0->z  R     unmapped_not           1     0    37    5418 
  u_isqrt/u_exp/u_quad/mul_42_37/g396/z (u)     in_1->z  F     unmapped_nand2         1     0    61    5478 
  u_isqrt/u_exp/u_quad/mul_42_37/g397/z (u)     in_1->z  R     unmapped_nand2         8     0   113    5592 
  u_isqrt/u_exp/u_quad/mul_42_37/g414/z (u)     in_1->z  F     unmapped_nand2         1     0    61    5652 
  u_isqrt/u_exp/u_quad/mul_42_37/g415/z (u)     in_1->z  R     unmapped_nand2         1     0    61    5713 
  u_isqrt/u_exp/u_quad/mul_42_37/g450/z (u)     in_0->z  R     unmapped_xnor2         2     0   132    5845 
  u_isqrt/u_exp/add_145_47/g6/z         (u)     in_1->z  F     unmapped_nor2          1     0    61    5906 
  u_isqrt/u_exp/add_145_47/g22/z        (u)     in_0->z  R     unmapped_not           2     0    50    5956 
  u_isqrt/u_exp/add_145_47/g23/z        (u)     in_1->z  F     unmapped_nand2         1     0    61    6017 
  u_isqrt/u_exp/add_145_47/g24/z        (u)     in_1->z  R     unmapped_nand2         3     0    82    6098 
  u_isqrt/u_exp/add_145_47/g40/z        (u)     in_1->z  F     unmapped_nand2         1     0    61    6159 
  u_isqrt/u_exp/add_145_47/g41/z        (u)     in_1->z  R     unmapped_nand2         5     0    96    6255 
  u_isqrt/u_exp/add_145_47/g58/z        (u)     in_0->z  F     unmapped_nand2         1     0    61    6315 
  u_isqrt/u_exp/add_145_47/g59/z        (u)     in_1->z  R     unmapped_nand2         1     0    61    6376 
  u_isqrt/u_exp/add_145_47/g82/z        (u)     in_0->z  R     unmapped_xnor2        19     0   210    6586 
  u_isqrt/mul_96_30/g277/z              (u)     in_1->z  F     unmapped_xor2         14     0   195    6781 
  u_isqrt/mul_96_30/g279/z              (u)     in_0->z  R     unmapped_not           1     0    37    6818 
  u_isqrt/mul_96_30/g280/z              (u)     in_0->z  R     unmapped_and2         13     0   134    6951 
  u_isqrt/mul_96_30/g311/z              (u)     in_1->z  F     unmapped_nand2         1     0    61    7012 
  u_isqrt/mul_96_30/g312/z              (u)     in_1->z  R     unmapped_nand2         3     0    82    7093 
  u_isqrt/mul_96_30/g744/z              (u)     in_0->z  R     unmapped_xor2          1     0   118    7212 
  u_isqrt/mul_96_30/g745/z              (u)     in_0->z  R     unmapped_xor2          3     0   139    7350 
  u_isqrt/mul_96_30/g762/z              (u)     in_0->z  R     unmapped_xor2          1     0   118    7468 
  u_isqrt/mul_96_30/g763/z              (u)     in_0->z  R     unmapped_xor2          3     0   139    7607 
  u_isqrt/mul_96_30/g768/z              (u)     in_1->z  R     unmapped_xor2          1     0   118    7725 
  u_isqrt/mul_96_30/g769/z              (u)     in_0->z  R     unmapped_xor2          2     0   132    7857 
  u_isqrt/mul_96_30/g971/z              (u)     in_1->z  F     unmapped_nor2          3     0    82    7938 
  u_isqrt/mul_96_30/g1012/z             (u)     in_0->z  R     unmapped_nor2          2     0    74    8013 
  u_isqrt/mul_96_30/g1054/z             (u)     in_0->z  F     unmapped_not           1     0    37    8049 
  u_isqrt/mul_96_30/g130/z              (u)     in_1->z  R     unmapped_nor2          1     0    61    8110 
  u_isqrt/mul_96_30/g1055/z             (u)     in_0->z  F     unmapped_nor2          1     0    61    8171 
  u_isqrt/mul_96_30/g1094/z             (u)     in_0->z  R     unmapped_not           1     0    37    8208 
  u_isqrt/mul_96_30/g1095/z             (u)     in_1->z  F     unmapped_nor2          1     0    61    8268 
  u_isqrt/mul_96_30/g217/z              (u)     in_0->z  R     unmapped_nand2         8     0   113    8382 
  u_isqrt/mul_96_30/g1124/z             (u)     in_0->z  F     unmapped_nand2         1     0    61    8442 
  u_isqrt/mul_96_30/g1125/z             (u)     in_1->z  R     unmapped_nand2         1     0    61    8503 
  u_isqrt/mul_96_30/g1177/z             (u)     in_0->z  R     unmapped_xnor2         1     0   118    8621 
  mux_inv_std_dev_comb_165_18/g3/z      (u)     data3->z R     unmapped_mux4          1     0   149    8770 
  mux_inv_std_dev_comb_164_44/g3/z      (u)     data0->z R     unmapped_bmux2         1     0   118    8888 
  inv_std_dev_out[9]                    -       -        R     (port)                 -     -     0    8888 
#-----------------------------------------------------------------------------------------------------------

(u) : Net has unmapped pin(s).

