============================================================
  Generated by:           Genus(TM) Synthesis Solution 25.12-s067_1
  Generated on:           Apr 09 2026  12:23:50 pm
  Module:                 tr_gelu
  Operating conditions:   ss_typical_max_0p90v_125c (balanced_tree)
  Wireload mode:          top
  Area mode:              timing library
============================================================


Path 1: VIOLATED (-586 ps) Setup Check with Pin gelu_out_reg[5]/CK->D
          Group: reg2reg
     Startpoint: (R) E_pipe_reg[3][4]/CK
          Clock: (R) clk
       Endpoint: (F) gelu_out_reg[5]/D
          Clock: (R) clk

                     Capture       Launch     
        Clock Edge:+    3000            0     
       Src Latency:+       0            0     
       Net Latency:+       0 (I)        0 (I) 
           Arrival:=    3000            0     
                                              
             Setup:-     100                  
       Uncertainty:-     125                  
     Required Time:=    2775                  
      Launch Clock:-       0                  
         Data Path:-    3362                  
             Slack:=    -586                  

#--------------------------------------------------------------------------------------------
#      Timing Point        Flags    Arc   Edge       Cell         Fanout Trans Delay Arrival 
#                                                                         (ps)  (ps)   (ps)  
#--------------------------------------------------------------------------------------------
  E_pipe_reg[3][4]/CK      -       -      R     (arrival)            163     0     0       0 
  E_pipe_reg[3][4]/Q       -       CK->Q  F     DFFRPQ_X4M_A9TL        6   113   316     316 
  mul_141_18_g2332/Y       -       A->Y   R     INV_X6M_A9TL           3    76    81     397 
  mul_141_18_g2377__6131/Y -       A->Y   F     NOR2XB_X8M_A9TL        2    66    61     458 
  mul_141_18_g2203__9315/Y -       A->Y   R     MXIT2_X4M_A9TL         3   186   112     570 
  mul_141_18_g2368__6783/Y -       AN->Y  R     NAND2B_X3M_A9TL        1    85   165     735 
  mul_141_18_g2089__9315/Y -       A->Y   F     NAND2_X4B_A9TL         1    74    72     806 
  mul_141_18_g2080__7482/Y -       B0N->Y R     AO21B_X6M_A9TL         3    79    66     872 
  mul_141_18_g2046__5477/Y -       S0->Y  R     MXIT2_X3M_A9TL         1   132    90     962 
  mul_141_18_g2018__1705/Y -       A->Y   F     XNOR3_X4M_A9TL         2    89   159    1121 
  mul_141_18_g1998__5107/Y -       A->Y   R     NAND2XB_X8M_A9TL       4    99    88    1209 
  mul_141_18_g1980__4733/Y -       B->Y   F     NAND3XXB_X6M_A9TL      1    68    73    1282 
  mul_141_18_g1976__1881/Y -       B0N->Y R     AO21B_X6M_A9TL         2    70    60    1342 
  mul_141_18_g1975/Y       -       A->Y   F     INV_X4M_A9TL           1    41    48    1390 
  mul_141_18_g1969__1705/Y -       A->Y   F     AND3_X11M_A9TL         3    49   103    1493 
  mul_141_18_g1963__8428/Y -       A0->Y  R     OAI2XB1_X6M_A9TL       1    89    81    1574 
  mul_141_18_g1959__2398/Y -       A->Y   F     NAND2XB_X6M_A9TL       1    49    50    1623 
  mul_141_18_g1953__2346/Y -       A->Y   R     NAND2_X6A_A9TL         1    53    43    1666 
  mul_141_18_g1952__2883/Y -       S0->Y  R     MXIT2_X3M_A9TL         1   143    78    1744 
  g1036__6161/Y            -       B->Y   R     MXT2_X6M_A9TL          8   151   199    1943 
  mul_145_30_g2610__5107/Y -       A->Y   F     NAND2_X8B_A9TL         3    92    77    2020 
  mul_145_30_g2672__5122/Y -       A->Y   F     OR2_X2M_A9TL           1    70   141    2161 
  mul_145_30_g2501__1617/Y -       A->Y   R     NAND2_X6A_A9TL         2    63    63    2224 
  mul_145_30_g2433__6417/Y -       B->Y   F     XNOR3_X3M_A9TL         2    94   249    2473 
  mul_145_30_g2388__6417/Y -       A1->Y  F     OA21_X4M_A9TL          2    59   165    2638 
  mul_145_30_g2358__4319/Y -       B->Y   R     NOR2_X1A_A9TL          1   179   135    2773 
  mul_145_30_g2315__1705/Y -       CN->Y  R     NAND3XXB_X6M_A9TL      1   104   172    2945 
  mul_145_30_g2311__3680/Y -       A->Y   F     NOR2XB_X8M_A9TL        3    74    73    3018 
  mul_145_30_g2310/Y       -       A->Y   R     INV_X7P5M_A9TL         3    51    55    3072 
  mul_145_30_g2308__5526/Y -       A->Y   F     NAND2_X6B_A9TL         1    59    51    3124 
  mul_145_30_g2303__5107/Y -       B->Y   R     NAND2_X6M_A9TL         3    80    77    3201 
  mul_145_30_g2296__2883/Y -       A0->Y  F     AOI2XB1_X3M_A9TL       1    85    78    3279 
  mul_145_30_g2292__4733/Y -       A->Y   F     XOR2_X3M_A9TL          1    76    83    3362 
  gelu_out_reg[5]/D        -       -      F     DFFRPQ_X4M_A9TL        1     -     0    3362 
#--------------------------------------------------------------------------------------------

