============================================================
  Generated by:           Genus(TM) Synthesis Solution 25.12-s067_1
  Generated on:           May 09 2026  08:45:33 pm
  Module:                 tr_nonlinear_vpu
  Operating conditions:   ss_typical_max_0p90v_125c (balanced_tree)
  Wireload mode:          top
  Area mode:              timing library
============================================================


Path 1: VIOLATED (-605 ps) Late External Delay Assertion at pin vpu_data_out[3][6]
          Group: in2out
     Startpoint: (F) sram_data_a[3][0]
          Clock: (R) clk
       Endpoint: (R) vpu_data_out[3][6]
          Clock: (R) clk

                        Capture       Launch     
           Path Delay:+    3630            -     
           Drv Adjust:+       0           35     
          Src Latency:+       0            0     
          Net Latency:+       0 (I)        0 (I) 
        Capture Clock:+       0                  
              Arrival:=    3630           35     
                                                 
         Output Delay:-     990                  
          Uncertainty:-     125                  
        Required Time:=    2515                  
         Launch Clock:-      35                  
          Input Delay:-     990                  
            Data Path:-    2095                  
                Slack:=    -605                  

Exceptions/Constraints:
  max_delay                3630            dut.sdc_line_18         
  input_delay              990             dut.sdc_line_15_40_1    
  output_delay             990             dut.sdc_line_17_192_1   

#-----------------------------------------------------------------------------------------------------
#           Timing Point             Flags   Arc   Edge       Cell         Fanout Trans Delay Arrival 
#                                                                                  (ps)  (ps)   (ps)  
#-----------------------------------------------------------------------------------------------------
  sram_data_a[3][0]                  -       -     F     (arrival)              5    75     0    1025 
  u_alpha/g4042__1617/Y              -       B->Y  F     OR2_X2M_A9TL           1    74   148    1173 
  u_alpha/g4032__6260/Y              -       A->Y  R     NOR2_X8M_A9TL          1    76    73    1246 
  u_alpha/g4025__1666/Y              -       A0->Y F     OAI2XB1_X8M_A9TL       1    58    62    1308 
  u_alpha/g4022__9945/Y              -       A->Y  R     NAND2XB_X8M_A9TL       1    65    56    1364 
  u_alpha/g4020__6161/Y              -       A->Y  F     NAND2_X8A_A9TL         9   101    86    1449 
  u_alpha/mul_32_36_I4_g1008__1705/Y -       A->Y  R     NAND2_X2A_A9TL         1   107    85    1534 
  u_alpha/mul_32_36_I4_g964__1617/Y  -       S0->Y R     MXIT2_X3M_A9TL         1   155   105    1639 
  u_alpha/mul_32_36_I4_g954__5107/Y  -       S0->Y R     MXIT2_X4M_A9TL         2   173   134    1773 
  u_alpha/mul_32_36_I4_g941__9945/Y  -       A->Y  F     NAND2_X6A_A9TL         3    94    92    1866 
  u_alpha/mul_32_36_I4_g935__7482/Y  -       A->Y  R     NAND2_X6B_A9TL         1    50    58    1923 
  u_alpha/mul_32_36_I4_g932__6131/Y  -       B->Y  F     NAND2_X6M_A9TL         2    48    52    1975 
  u_alpha/mul_32_36_I4_g1036__2398/Y -       A->Y  R     NAND3_X6M_A9TL         1    93    60    2035 
  u_alpha/mul_32_36_I4_g905__5477/Y  -       C->Y  F     NAND3_X6A_A9TL         2    72    81    2117 
  u_alpha/mul_32_36_I4_g901__6417/Y  -       A->Y  R     NAND3XXB_X6M_A9TL      1   105    79    2196 
  u_alpha/mul_32_36_I4_g899__1666/Y  -       A->Y  F     NAND2XB_X8M_A9TL       2    59    58    2253 
  u_alpha/mul_32_36_I4_g896__9945/Y  -       A0->Y R     AOI2XB1_X8M_A9TL       1    88    78    2332 
  u_alpha/mul_32_36_I4_g895__9315/Y  -       S0->Y F     MXT2_X6M_A9TL          4    78   164    2495 
  u_alpha/g4055__6161/Y              -       A->Y  F     OR6_X3M_A9TL           2    96   158    2654 
  u_alpha/g4051__1881/Y              -       A->Y  R     NOR2XB_X8M_A9TL        2    91    86    2740 
  u_alpha/g4050/Y                    -       A->Y  F     INV_X6M_A9TL           2    40    45    2785 
  u_alpha/g4049/Y                    -       A->Y  R     INV_X3M_A9TL           1    60    53    2837 
  u_alpha/g4045__5122/Y              -       A0->Y F     OAI2XB1_X6M_A9TL       1    93    62    2900 
  u_alpha/g4043__2802/Y              -       B0->Y R     OAI21_X8M_A9TL         2   102    77    2977 
  g10002/Y                           -       A->Y  F     NAND2_X2M_A9TL         1    67    67    3043 
  g9689/Y                            -       C0->Y R     OAI211_X3M_A9TL        1   134    77    3120 
  vpu_data_out[3][6]                 -       -     R     (port)                 -     -     0    3120 
#-----------------------------------------------------------------------------------------------------

