============================================================
  Generated by:           Genus(TM) Synthesis Solution 25.12-s067_1
  Generated on:           May 09 2026  09:29:00 pm
  Module:                 tr_nonlinear_vpu
  Operating conditions:   ss_typical_max_0p90v_125c (balanced_tree)
  Wireload mode:          top
  Area mode:              timing library
============================================================


Path 1: VIOLATED (-220 ps) Setup Check with Pin u_backbone/s1_pre_ln_reg_reg[6][14]/CK->D
          Group: in2reg
     Startpoint: (F) sram_data_a[6][0]
          Clock: (R) clk
       Endpoint: (F) u_backbone/s1_pre_ln_reg_reg[6][14]/D
          Clock: (R) clk

                     Capture       Launch     
        Clock Edge:+    3300            0     
        Drv Adjust:+       0           44     
       Src Latency:+       0            0     
       Net Latency:+       0 (I)        0 (I) 
           Arrival:=    3300           44     
                                              
             Setup:-      89                  
       Uncertainty:-     125                  
     Required Time:=    3086                  
      Launch Clock:-      44                  
       Input Delay:-     990                  
         Data Path:-    2272                  
             Slack:=    -220                  

Exceptions/Constraints:
  input_delay             990             dut.sdc_line_15_16_1   

#---------------------------------------------------------------------------------------------------------
#             Timing Point              Flags    Arc   Edge       Cell         Fanout Trans Delay Arrival 
#                                                                                      (ps)  (ps)   (ps)  
#---------------------------------------------------------------------------------------------------------
  sram_data_a[6][0]                     -       -      F     (arrival)              5    91     0    1034 
  u_alpha/g5635/Y                       -       A->Y   R     INV_X4M_A9TL           2    65    69    1103 
  u_alpha/g5634/Y                       -       A->Y   F     INV_X5B_A9TL           3    54    57    1160 
  u_alpha/const_MULT_TC_OP_677_g489/Y   -       B->Y   F     OR2_X2M_A9TL           1    59   129    1289 
  u_alpha/const_MULT_TC_OP_677_g446/Y   -       B->Y   R     NAND2_X4A_A9TL         2    84    75    1364 
  u_alpha/const_MULT_TC_OP_677_g440/Y   -       A->Y   F     NOR2_X8A_A9TL          3    47    54    1417 
  u_alpha/const_MULT_TC_OP_677_g393/CON -       A->CON R     CGENI_X2M_A9TL         1   194   146    1563 
  u_alpha/const_MULT_TC_OP_677_g391/Y   -       A->Y   F     NAND2_X6M_A9TL         4    98    94    1657 
  u_alpha/const_MULT_TC_OP_677_g478/Y   -       B->Y   R     NAND2B_X6M_A9TL        1    68    76    1732 
  u_alpha/const_MULT_TC_OP_677_g387/Y   -       A->Y   F     NAND2XB_X6M_A9TL       2    56    54    1787 
  u_alpha/const_MULT_TC_OP_677_g383/Y   -       A0->Y  R     AOI2XB1_X6M_A9TL       2   114   100    1886 
  u_alpha/const_MULT_TC_OP_677_g379/Y   -       A0->Y  F     OAI2XB1_X4M_A9TL       1    75    79    1966 
  u_alpha/const_MULT_TC_OP_677_g482/Y   -       A->Y   R     XNOR2_X3M_A9TL         1   177    84    2049 
  u_alpha/g7735__4319/Y                 -       A->Y   F     NAND2_X4M_A9TL         1    77    73    2122 
  u_alpha/g7713__2802/Y                 -       B->Y   R     NAND3_X6M_A9TL         2   105    92    2214 
  u_alpha/g7702__2398/Y                 -       A->Y   R     AND2_X8M_A9TL          3    53   109    2324 
  u_alpha/g7686__6131/Y                 -       BN->Y  R     NAND2XB_X8M_A9TL       3    80   115    2439 
  u_alpha/g7683__8246/Y                 -       A->Y   R     AND2_X11M_A9TL         7    72   117    2556 
  u_alpha/g7682__5122/Y                 -       B0N->Y F     AO21B_X3M_A9TL         1    67    64    2620 
  u_alpha/g7680__2802/Y                 -       B0N->Y R     AO21B_X4M_A9TL         2    72    60    2680 
  g10108/Y                              -       B0->Y  F     AOI22_X3M_A9TL         1   142    76    2756 
  g9739/Y                               -       A->Y   R     NAND2_X6M_A9TL         2   100    89    2845 
  u_backbone/u_pre_ln/g5812/Y           -       B->Y   F     NAND2_X6M_A9TL         1    52    62    2906 
  u_backbone/u_pre_ln/g5771/Y           -       A->Y   R     NOR2_X8M_A9TL          3   102    82    2988 
  u_backbone/u_pre_ln/g5726/Y           -       A->Y   F     NAND2_X6M_A9TL         3    69    69    3057 
  u_backbone/u_pre_ln/fopt5961/Y        -       A->Y   R     INV_X4M_A9TL           2    63    65    3121 
  u_backbone/u_pre_ln/g5660/Y           -       A->Y   F     NAND3XXB_X6M_A9TL      2    81    61    3182 
  u_backbone/u_pre_ln/g5886/Y           -       AN->Y  F     NOR2B_X4M_A9TL         1    52   124    3306 
  u_backbone/s1_pre_ln_reg_reg[6][14]/D -       -      F     DFFRPQ_X3M_A9TL        1     -     0    3306 
#---------------------------------------------------------------------------------------------------------

