============================================================
  Generated by:           Genus(TM) Synthesis Solution 25.12-s067_1
  Generated on:           May 09 2026  09:29:00 pm
  Module:                 tr_nonlinear_vpu
  Operating conditions:   ss_typical_max_0p90v_125c (balanced_tree)
  Wireload mode:          top
  Area mode:              timing library
============================================================


Path 1: MET (1 ps) Setup Check with Pin u_backbone/s2_post_ln_reg_reg[4][5]/CK->D
          Group: reg2reg
     Startpoint: (R) u_backbone/s1_pre_ln_reg_reg[4][15]/CK
          Clock: (R) clk
       Endpoint: (F) u_backbone/s2_post_ln_reg_reg[4][5]/D
          Clock: (R) clk

                     Capture       Launch     
        Clock Edge:+    3300            0     
       Src Latency:+       0            0     
       Net Latency:+       0 (I)        0 (I) 
           Arrival:=    3300            0     
                                              
             Setup:-     119                  
       Uncertainty:-     125                  
     Required Time:=    3056                  
      Launch Clock:-       0                  
         Data Path:-    3056                  
             Slack:=       1                  

#----------------------------------------------------------------------------------------------------------------
#                Timing Point                  Flags    Arc    Edge       Cell        Fanout Trans Delay Arrival 
#                                                                                             (ps)  (ps)   (ps)  
#----------------------------------------------------------------------------------------------------------------
  u_backbone/s1_pre_ln_reg_reg[4][15]/CK       -       -       R     (arrival)           278     0     0       0 
  u_backbone/s1_pre_ln_reg_reg[4][15]/QN       -       CK->QN  R     DFFRPQN_X2M_A9TL      1    77   250     250 
  u_backbone/g210/Y                            -       A->Y    F     INV_X1M_A9TL          3   114    96     346 
  u_backbone/gen_tr_lanes[4].u_tr_ln/g2964/Y   -       A->Y    R     INV_X2M_A9TL          5   139   121     467 
  u_backbone/gen_tr_lanes[4].u_tr_ln/g2916/Y   -       A->Y    F     NAND2_X2A_A9TL        2   125   112     579 
  u_backbone/gen_tr_lanes[4].u_tr_ln/g3004/Y   -       A->Y    R     NOR2XB_X2M_A9TL       4   241   184     762 
  u_backbone/gen_tr_lanes[4].u_tr_ln/g3001/Y   -       A1N->Y  R     OAI2XB1_X2M_A9TL      2   150   242    1005 
  u_backbone/gen_tr_lanes[4].u_tr_ln/g2861/Y   -       B->Y    F     NAND2_X1B_A9TL        1    98   105    1110 
  u_backbone/gen_tr_lanes[4].u_tr_ln/g2859/Y   -       B0->Y   R     OAI21_X1M_A9TL        1   226   139    1249 
  u_backbone/gen_tr_lanes[4].u_tr_ln/g2846/Y   -       A1->Y   F     AOI221_X3M_A9TL       2   152   163    1412 
  u_backbone/gen_tr_lanes[4].u_tr_ln/g3011/Y   -       A->Y    R     INV_X0P5M_A9TL        1   247   200    1612 
  u_backbone/gen_tr_lanes[4].u_tr_ln/g2808/Y   -       A->Y    F     NAND2XB_X6M_A9TL      4   106   100    1712 
  u_backbone/gen_tr_lanes[4].u_tr_ln/g2800/Y   -       A->Y    R     INV_X2M_A9TL          1    61    66    1778 
  u_backbone/gen_tr_lanes[4].u_tr_ln/g2796/Y   -       B->Y    F     MXIT2_X2M_A9TL        2   125    95    1873 
  u_backbone/gen_tr_lanes[4].u_tr_ln/g2791/Y   -       A->Y    R     NAND2_X2A_A9TL        1    81    87    1960 
  u_backbone/gen_tr_lanes[4].u_tr_ln/g2789/Y   -       A->Y    F     NAND2XB_X4M_A9TL      2    53    54    2014 
  u_backbone/gen_tr_lanes[4].u_tr_ln/g2787/CON -       CI->CON R     CGENI_X2M_A9TL        2   214   138    2153 
  u_backbone/gen_tr_lanes[4].u_tr_ln/g2785/Y   -       A->Y    F     NOR2XB_X2M_A9TL       1    86    94    2247 
  u_backbone/gen_tr_lanes[4].u_tr_ln/g2784/Y   -       AN->Y   F     NAND2B_X4M_A9TL       3    83   138    2386 
  u_backbone/u_post_ln/g4187/Y                 -       A->Y    R     MXIT2_X3M_A9TL        3   192   118    2503 
  u_backbone/u_post_ln/g4124/Y                 -       B->Y    F     NAND2_X3A_A9TL        2    97    95    2598 
  u_backbone/u_post_ln/g4270/Y                 -       B->Y    R     NOR2_X2A_A9TL         3   234   179    2777 
  u_backbone/u_post_ln/g4025/Y                 -       A->Y    F     NAND3_X3M_A9TL        2   132   120    2897 
  u_backbone/u_post_ln/g3958/Y                 -       A->Y    R     NAND2XB_X2M_A9TL      1    75    83    2980 
  u_backbone/u_post_ln/g4281/Y                 -       B0->Y   F     AOI2XB1_X1M_A9TL      1   111    76    3056 
  u_backbone/s2_post_ln_reg_reg[4][5]/D        -       -       F     DFFRPQ_X1M_A9TL       1     -     0    3056 
#----------------------------------------------------------------------------------------------------------------

