============================================================
  Generated by:           Genus(TM) Synthesis Solution 25.12-s067_1
  Generated on:           May 09 2026  08:45:33 pm
  Module:                 tr_nonlinear_vpu
  Operating conditions:   ss_typical_max_0p90v_125c (balanced_tree)
  Wireload mode:          top
  Area mode:              timing library
============================================================


Path 1: MET (247 ps) Late External Delay Assertion at pin vpu_data_out[1][3]
          Group: reg2out
     Startpoint: (R) u_backbone/s2_post_ln_reg_reg[1][1]/CK
          Clock: (R) clk
       Endpoint: (F) vpu_data_out[1][3]
          Clock: (R) clk

                     Capture       Launch     
        Clock Edge:+    3300            0     
       Src Latency:+       0            0     
       Net Latency:+       0 (I)        0 (I) 
           Arrival:=    3300            0     
                                              
      Output Delay:-     990                  
       Uncertainty:-     125                  
     Required Time:=    2185                  
      Launch Clock:-       0                  
         Data Path:-    1938                  
             Slack:=     247                  

Exceptions/Constraints:
  output_delay             990             dut.sdc_line_17_211_1   

#----------------------------------------------------------------------------------------------------------------------
#                    Timing Point                      Flags    Arc   Edge      Cell        Fanout Trans Delay Arrival 
#                                                                                                   (ps)  (ps)   (ps)  
#----------------------------------------------------------------------------------------------------------------------
  u_backbone/s2_post_ln_reg_reg[1][1]/CK               -       -      R     (arrival)          278     0     0       0 
  u_backbone/s2_post_ln_reg_reg[1][1]/Q                -       CK->Q  R     DFFRPQ_X1M_A9TL      3   198   374     374 
  u_backbone/gen_tr_exp_lanes[1].u_tr_exp/u_quad/g86/Y -       A->Y   F     NOR2_X1P4B_A9TL      2   149   150     524 
  u_backbone/gen_tr_exp_lanes[1].u_tr_exp/u_quad/g85/Y -       A->Y   R     INV_X1M_A9TL         1    88    96     620 
  u_backbone/gen_tr_exp_lanes[1].u_tr_exp/u_quad/g82/Y -       A1->Y  R     AO22_X1M_A9TL        1    97   168     788 
  u_backbone/gen_tr_exp_lanes[1].u_tr_exp/g288/CO      -       B->CO  R     ADDH_X1M_A9TL        1   105   162     950 
  u_backbone/gen_tr_exp_lanes[1].u_tr_exp/g287/CO      -       CI->CO R     ADDF_X1M_A9TL        2   128   200    1150 
  u_backbone/gen_tr_exp_lanes[1].u_tr_exp/g286/Y       -       B->Y   F     NAND2_X1A_A9TL       3   191   157    1307 
  u_backbone/gen_tr_exp_lanes[1].u_tr_exp/g284/Y       -       B->Y   R     NAND2_X1A_A9TL       3   173   167    1474 
  u_backbone/gen_tr_exp_lanes[1].u_tr_exp/g283/Y       -       B0->Y  F     OAI21_X1M_A9TL       2   163   151    1625 
  g9832/Y                                              -       B0->Y  R     AOI22_X1M_A9TL       1   238   189    1815 
  g9606/Y                                              -       B0->Y  F     OAI211_X3M_A9TL      1   100   123    1938 
  vpu_data_out[1][3]                                   -       -      F     (port)               -     -     0    1938 
#----------------------------------------------------------------------------------------------------------------------

