============================================================
  Generated by:           Genus(TM) Synthesis Solution 25.12-s067_1
  Generated on:           Apr 09 2026  12:23:51 pm
  Module:                 tr_gelu
  Operating conditions:   ss_typical_max_0p90v_125c (balanced_tree)
  Wireload mode:          top
  Area mode:              timing library
============================================================


Path 1: VIOLATED (-584 ps) Setup Check with Pin gelu_out_reg[6]/CK->D
          Group: reg2reg
     Startpoint: (R) E_pipe_reg[3][4]/CK
          Clock: (R) clk
       Endpoint: (R) gelu_out_reg[6]/D
          Clock: (R) clk

                     Capture       Launch     
        Clock Edge:+    3000            0     
       Src Latency:+       0            0     
       Net Latency:+       0 (I)        0 (I) 
           Arrival:=    3000            0     
                                              
             Setup:-     108                  
       Uncertainty:-     125                  
     Required Time:=    2767                  
      Launch Clock:-       0                  
         Data Path:-    3351                  
             Slack:=    -584                  

#-----------------------------------------------------------------------------------------------
#       Timing Point         Flags    Arc    Edge       Cell         Fanout Trans Delay Arrival 
#                                                                            (ps)  (ps)   (ps)  
#-----------------------------------------------------------------------------------------------
  E_pipe_reg[3][4]/CK        -       -       R     (arrival)            163     0     0       0 
  E_pipe_reg[3][4]/Q         -       CK->Q   R     DFFRPQ_X4M_A9TL        6   161   345     345 
  mul_141_18_g2261__6783/Y   -       A->Y    F     NAND2_X4M_A9TL         4   134   118     463 
  mul_141_18_g2181__1617/Y   -       B->Y    F     XOR3_X4M_A9TL          2    86   263     726 
  mul_141_18_g2094__7410/Y   -       B->Y    F     XOR3_X4M_A9TL          3    94   259     985 
  mul_141_18_g2351__7482/Y   -       B->Y    F     XNOR3_X4M_A9TL         2    85   246    1231 
  mul_141_18_g2345__8246/Y   -       BN->Y   F     NAND2XB_X4M_A9TL       2    81   147    1378 
  mul_141_18_g1982__6161/Y   -       A->Y    R     NAND2_X8B_A9TL         2    47    54    1433 
  mul_141_18_g1974__6131/Y   -       A->Y    F     NAND2_X4A_A9TL         1    62    53    1486 
  mul_141_18_g1973__7098/Y   -       A->Y    R     NAND2XB_X6M_A9TL       2    74    62    1548 
  mul_141_18_g1972/Y         -       A->Y    F     INV_X4M_A9TL           1    39    46    1593 
  mul_141_18_g1962__4319/Y   -       A->Y    R     NAND2_X8M_A9TL         2    65    52    1645 
  mul_141_18_g2346__7098/Y   -       A->Y    F     NAND2_X4M_A9TL         1    52    50    1695 
  mul_141_18_g1954__1666/Y   -       A->Y    R     NAND2_X4A_A9TL         1    55    50    1745 
  mul_141_18_g1951__9945/Y   -       S0->Y   R     MXIT2_X3M_A9TL         1   165    87    1832 
  g1040__2883/Y              -       A0->Y   F     AOI21_X6M_A9TL         1   103   105    1937 
  fopt2702/Y                 -       A->Y    R     INV_X13M_A9TL          8    73    77    2014 
  mul_145_30_g2615__6783/Y   -       A->Y    F     NAND2XB_X8M_A9TL       2    41    43    2057 
  mul_145_30_g2481__5477/CON -       CI->CON R     CGENI_X2M_A9TL         2   243   158    2215 
  mul_145_30_g2406__1705/Y   -       B->Y    F     XNOR3_X3M_A9TL         2    95   300    2515 
  mul_145_30_g2379__9315/Y   -       A->Y    R     XOR2_X4M_A9TL          2   190   106    2621 
  mul_145_30_g2357__6260/Y   -       A->Y    R     AND2_X11M_A9TL         2    51   125    2746 
  mul_145_30_g2356/Y         -       A->Y    F     INV_X7P5M_A9TL         2    27    31    2777 
  mul_145_30_g2334__6161/Y   -       A->Y    R     NAND3XXB_X4M_A9TL      1   110    63    2840 
  mul_145_30_g2315__1705/Y   -       B->Y    F     NAND3XXB_X6M_A9TL      1    74    75    2916 
  mul_145_30_g2311__3680/Y   -       A->Y    R     NOR2XB_X8M_A9TL        3   110    94    3009 
  mul_145_30_g2310/Y         -       A->Y    F     INV_X7P5M_A9TL         3    44    48    3058 
  mul_145_30_g2308__5526/Y   -       A->Y    R     NAND2_X6B_A9TL         1    48    42    3100 
  mul_145_30_g2303__5107/Y   -       B->Y    F     NAND2_X6M_A9TL         3    62    56    3156 
  mul_145_30_g2294__9315/Y   -       A0->Y   R     AOI2XB1_X3M_A9TL       1   121   105    3262 
  mul_145_30_g2291__7482/Y   -       A->Y    R     XOR2_X3M_A9TL          1   158    89    3351 
  gelu_out_reg[6]/D          -       -       R     DFFRPQ_X2M_A9TL        1     -     0    3351 
#-----------------------------------------------------------------------------------------------

