============================================================
  Generated by:           Genus(TM) Synthesis Solution 25.12-s067_1
  Generated on:           Sep 23 2026  12:19:04 pm
  Module:                 tr_nonlinear_vpu
  Operating conditions:   ss_typical_max_0p90v_125c (balanced_tree)
  Wireload mode:          top
  Area mode:              timing library
============================================================

Max_transition design rule (violation total = 3969)
Pin                                                     Slew           Max     Violation
------------------------------------------------------------------------------------------
u_sub/g8656/B                                            482           350           132
  --> Other violations on net                                    264
u_sub/g8935/B                                            482           350           132
  --> Other violations on net                                    264
u_sub/g9020/Y                                            482           350           132
  --> Other violations on net                                    264
u_alpha/mul_51_32_I8_g1641/B                             386           350            36
  --> Other violations on net                                    255
u_alpha/mul_51_32_I8_g1707/A                             386           350            36
  --> Other violations on net                                    255
u_alpha/mul_51_32_I8_g1640/A1N                           386           350            36
  --> Other violations on net                                    255
u_alpha/mul_51_32_I8_g1623/C                             386           350            36
  --> Other violations on net                                    255
u_alpha/mul_51_32_I8_g1647/B0                            386           350            36
  --> Other violations on net                                    255
u_alpha/mul_51_32_I8_g1669/B                             386           350            36
  --> Other violations on net                                    255
u_alpha/mul_51_32_I8_g1701/A                             386           350            36
  --> Other violations on net                                    255
u_alpha/g6482/Y                                          386           350            36
  --> Other violations on net                                    255
u_alpha/mul_51_32_I6_g1641/B                             385           350            35
  --> Other violations on net                                    246
u_alpha/mul_51_32_I6_g1701/B                             385           350            35
  --> Other violations on net                                    246
u_alpha/mul_51_32_I6_g1707/A                             385           350            35
  --> Other violations on net                                    246
u_alpha/mul_51_32_I6_g1640/A1N                           385           350            35
  --> Other violations on net                                    246
u_alpha/mul_51_32_I6_g1623/C                             385           350            35
  --> Other violations on net                                    246
u_alpha/mul_51_32_I6_g1647/B0                            385           350            35
  --> Other violations on net                                    246
u_alpha/mul_51_32_I6_g1669/B                             385           350            35
  --> Other violations on net                                    246
u_alpha/g6477/Y                                          385           350            35
  --> Other violations on net                                    246
u_sub/g8725/A0                                           419           350            69
  --> Other violations on net                                    138
u_sub/g9250/B                                            419           350            69
  --> Other violations on net                                    138
u_sub/g8986/Y                                            419           350            69
  --> Other violations on net                                    138
u_alpha/mul_51_32_I3_g1641/B                             374           350            24
  --> Other violations on net                                    172
u_alpha/mul_51_32_I3_g1701/B                             374           350            24
  --> Other violations on net                                    172
u_alpha/mul_51_32_I3_g1707/A                             374           350            24
  --> Other violations on net                                    172
u_alpha/mul_51_32_I3_g1640/A1N                           374           350            24
  --> Other violations on net                                    172
u_alpha/mul_51_32_I3_g1623/C                             374           350            24
  --> Other violations on net                                    172
u_alpha/mul_51_32_I3_g1647/B0                            374           350            24
  --> Other violations on net                                    172
u_alpha/mul_51_32_I3_g1669/B                             374           350            24
  --> Other violations on net                                    172
u_alpha/g6431/Y                                          374           350            24
  --> Other violations on net                                    172
u_alpha/mul_51_32_I2_g1707/A                             374           350            24
  --> Other violations on net                                    171
u_alpha/mul_51_32_I2_g1640__7410/A1N                     374           350            24
  --> Other violations on net                                    171
u_alpha/mul_51_32_I2_g1623__1705/C                       374           350            24
  --> Other violations on net                                    171
u_alpha/mul_51_32_I2_g1641__6417/A                       374           350            24
  --> Other violations on net                                    171
u_alpha/mul_51_32_I2_g1647__4319/B0                      374           350            24
  --> Other violations on net                                    171
u_alpha/mul_51_32_I2_g1669__5115/B                       374           350            24
  --> Other violations on net                                    171
u_alpha/mul_51_32_I2_g1701__3680/A                       374           350            24
  --> Other violations on net                                    171
u_alpha/g6497/Y                                          374           350            24
  --> Other violations on net                                    171
u_sub/g8936/B                                            405           350            55
  --> Other violations on net                                    110
u_sub/g8657/B                                            405           350            55
  --> Other violations on net                                    110
u_sub/g9052/Y                                            405           350            55
  --> Other violations on net                                    110
u_sub/g8729/A0                                           405           350            55
  --> Other violations on net                                    110
u_sub/g9247/B                                            405           350            55
  --> Other violations on net                                    110
u_sub/g8953/Y                                            405           350            55
  --> Other violations on net                                    110
u_sub/g8784/B                                            405           350            55
  --> Other violations on net                                    110
u_sub/g8770/A0                                           405           350            55
  --> Other violations on net                                    110
u_sub/g8961/Y                                            405           350            55
  --> Other violations on net                                    110
u_sub/g8722/A0                                           405           350            55
  --> Other violations on net                                    110
u_sub/g9252/B                                            405           350            55
  --> Other violations on net                                    110
u_sub/g8972/Y                                            405           350            55
  --> Other violations on net                                    110
u_sub/g8728/A0                                           405           350            55
  --> Other violations on net                                    110
u_sub/g9248/B                                            405           350            55
  --> Other violations on net                                    110
u_sub/g8975/Y                                            405           350            55
  --> Other violations on net                                    110
u_sub/g8749/A0                                           402           350            52
  --> Other violations on net                                    104
u_sub/g8754/B                                            402           350            52
  --> Other violations on net                                    104
u_sub/g8951/Y                                            402           350            52
  --> Other violations on net                                    104
u_sub/g8747/A0                                           402           350            52
  --> Other violations on net                                    104
u_sub/g8756/B                                            402           350            52
  --> Other violations on net                                    104
u_sub/g8945/Y                                            402           350            52
  --> Other violations on net                                    104
u_sub/g8704/A                                            399           350            49
  --> Other violations on net                                    99
u_sub/g8712/B                                            399           350            49
  --> Other violations on net                                    99
u_sub/g8942/Y                                            399           350            49
  --> Other violations on net                                    99
u_sub/g8727/A0                                           399           350            49
  --> Other violations on net                                    99
u_sub/g9249/B                                            399           350            49
  --> Other violations on net                                    99
u_sub/g8954/Y                                            399           350            49
  --> Other violations on net                                    99
u_alpha/mul_51_32_I1_g1701__7410/B                       368           350            18
  --> Other violations on net                                    125
u_alpha/mul_51_32_I1_g1707/A                             368           350            18
  --> Other violations on net                                    125
u_alpha/mul_51_32_I1_g1640__1881/A1N                     368           350            18
  --> Other violations on net                                    125
u_alpha/mul_51_32_I1_g1623__2398/C                       368           350            18
  --> Other violations on net                                    125
u_alpha/mul_51_32_I1_g1641__5115/A                       368           350            18
  --> Other violations on net                                    125
u_alpha/mul_51_32_I1_g1647__9945/B0                      368           350            18
  --> Other violations on net                                    125
u_alpha/mul_51_32_I1_g1669__6783/B                       368           350            18
  --> Other violations on net                                    125
u_alpha/g6446/Y                                          368           350            18
  --> Other violations on net                                    125
u_sub/g8660/B                                            394           350            44
  --> Other violations on net                                    88
u_sub/g8938/B                                            394           350            44
  --> Other violations on net                                    88
u_sub/g9042/Y                                            394           350            44
  --> Other violations on net                                    88
u_backbone/g3928/A                                       366           350            16
  --> Other violations on net                                    115
u_backbone/g2815/Y                                       366           350            16
  --> Other violations on net                                    115
u_backbone/gen_tr_lanes[2].u_tr_ln/g3874/B               366           350            16
  --> Other violations on net                                    115
u_backbone/gen_tr_lanes[2].u_tr_ln/g3828/A0              366           350            16
  --> Other violations on net                                    115
u_backbone/gen_tr_lanes[2].u_tr_ln/g3849/B0              366           350            16
  --> Other violations on net                                    115
u_backbone/gen_tr_lanes[2].u_tr_ln/g3865/BN              366           350            16
  --> Other violations on net                                    115
u_backbone/gen_tr_lanes[2].u_tr_ln/g3870/BN              366           350            16
  --> Other violations on net                                    115
u_backbone/gen_tr_lanes[2].u_tr_ln/g3882/B               366           350            16
  --> Other violations on net                                    115
u_alpha/mul_51_32_I7_g1701/B                             364           350            14
  --> Other violations on net                                    97
u_alpha/mul_51_32_I7_g1641/B                             364           350            14
  --> Other violations on net                                    97
u_alpha/mul_51_32_I7_g1707/A                             364           350            14
  --> Other violations on net                                    97
u_alpha/mul_51_32_I7_g1640/A1N                           364           350            14
  --> Other violations on net                                    97
u_alpha/mul_51_32_I7_g1623/C                             364           350            14
  --> Other violations on net                                    97
u_alpha/mul_51_32_I7_g1647/B0                            364           350            14
  --> Other violations on net                                    97
u_alpha/mul_51_32_I7_g1669/B                             364           350            14
  --> Other violations on net                                    97
u_alpha/g6465/Y                                          364           350            14
  --> Other violations on net                                    97
u_alpha/mul_51_32_I8_g1584/B                             386           350            36
  --> Other violations on net                                    72
u_alpha/mul_51_32_I8_g1582/B                             386           350            36
  --> Other violations on net                                    72
u_alpha/mul_51_32_I8_g1623/Y                             386           350            36
  --> Other violations on net                                    72
u_alpha/mul_51_32_I4_g1701/A                             360           350            10
  --> Other violations on net                                    69
u_alpha/mul_51_32_I4_g1641/B                             360           350            10
  --> Other violations on net                                    69
u_alpha/mul_51_32_I4_g1707/A                             360           350            10
  --> Other violations on net                                    69
u_alpha/mul_51_32_I4_g1640/A1N                           360           350            10
  --> Other violations on net                                    69
u_alpha/mul_51_32_I4_g1623/C                             360           350            10
  --> Other violations on net                                    69
u_alpha/mul_51_32_I4_g1647/B0                            360           350            10
  --> Other violations on net                                    69
u_alpha/mul_51_32_I4_g1669/B                             360           350            10
  --> Other violations on net                                    69
u_alpha/g6486/Y                                          360           350            10
  --> Other violations on net                                    69
u_alpha/mul_51_32_I1_g1584__6260/B                       369           350            19
  --> Other violations on net                                    38
u_alpha/mul_51_32_I1_g1582__5107/B                       369           350            19
  --> Other violations on net                                    38
u_alpha/mul_51_32_I1_g1623__2398/Y                       369           350            19
  --> Other violations on net                                    38
u_alpha/mul_51_32_I7_g1584/B                             369           350            19
  --> Other violations on net                                    38
u_alpha/mul_51_32_I7_g1582/B                             369           350            19
  --> Other violations on net                                    38
u_alpha/mul_51_32_I7_g1623/Y                             369           350            19
  --> Other violations on net                                    38
u_alpha/mul_51_32_I4_g1584/B                             369           350            19
  --> Other violations on net                                    38
u_alpha/mul_51_32_I4_g1582/B                             369           350            19
  --> Other violations on net                                    38
u_alpha/mul_51_32_I4_g1623/Y                             369           350            19
  --> Other violations on net                                    38
u_sub/g8667/BN                                           356           350             6
  --> Other violations on net                                    18
u_sub/g8634/CN                                           356           350             6
  --> Other violations on net                                    18
u_sub/g8941/B0                                           356           350             6
  --> Other violations on net                                    18
u_sub/g9012/Y                                            356           350             6
  --> Other violations on net                                    18
u_alpha/mul_51_32_I7_g1641/CN                            357           350             7
  --> Other violations on net                                    14
u_alpha/mul_51_32_I7_g1640/B0                            357           350             7
  --> Other violations on net                                    14
u_alpha/mul_51_32_I7_g1670/Y                             357           350             7
  --> Other violations on net                                    14
g14990/C                                                 358           350             8
  --> Other violations on net                                    8
g15124/Y                                                 358           350             8
  --> Other violations on net                                    8
g14960/C                                                 358           350             8
  --> Other violations on net                                    8
g15094/Y                                                 358           350             8
  --> Other violations on net                                    8
g10708/C                                                 352           350             2
  --> Other violations on net                                    2
g10740/Y                                                 352           350             2
  --> Other violations on net                                    2
g10699/C                                                 352           350             2
  --> Other violations on net                                    2
g10731/Y                                                 352           350             2
  --> Other violations on net                                    2
g10695/C                                                 352           350             2
  --> Other violations on net                                    2
g10727/Y                                                 352           350             2
  --> Other violations on net                                    2
g10679/C                                                 352           350             2
  --> Other violations on net                                    2
g10711/Y                                                 352           350             2
  --> Other violations on net                                    2


Max_capacitance design rule: no violations.


Max_fanout design rule (violation total = 85.000)
Pin                                   Fanout           Max     Violation
--------------------------------------------------------------------------
g16005/Y                              45.000        16.000        29.000
g16005/Y                              45.000        16.000        29.000
g16005/Y                              45.000        16.000        29.000
g16005/Y                              45.000        16.000        29.000
g16005/Y                              45.000        16.000        29.000
g16005/Y                              45.000        16.000        29.000
g16005/Y                              45.000        16.000        29.000
g16005/Y                              45.000        16.000        29.000
g16005/Y                              45.000        16.000        29.000
g16005/Y                              45.000        16.000        29.000
g16005/Y                              45.000        16.000        29.000
g16005/Y                              45.000        16.000        29.000
g16005/Y                              45.000        16.000        29.000
g16005/Y                              45.000        16.000        29.000
g16005/Y                              45.000        16.000        29.000
g16005/Y                              45.000        16.000        29.000
g16005/Y                              45.000        16.000        29.000
g16005/Y                              45.000        16.000        29.000
g16005/Y                              45.000        16.000        29.000
g16005/Y                              45.000        16.000        29.000
g16005/Y                              45.000        16.000        29.000
g16005/Y                              45.000        16.000        29.000
g16005/Y                              45.000        16.000        29.000
g16005/Y                              45.000        16.000        29.000
g16005/Y                              45.000        16.000        29.000
g16005/Y                              45.000        16.000        29.000
g16005/Y                              45.000        16.000        29.000
g16005/Y                              45.000        16.000        29.000
g16005/Y                              45.000        16.000        29.000
g16005/Y                              45.000        16.000        29.000
g16005/Y                              45.000        16.000        29.000
g16005/Y                              45.000        16.000        29.000
g16005/Y                              45.000        16.000        29.000
g16005/Y                              45.000        16.000        29.000
g16005/Y                              45.000        16.000        29.000
g16005/Y                              45.000        16.000        29.000
g16005/Y                              45.000        16.000        29.000
g16005/Y                              45.000        16.000        29.000
g16005/Y                              45.000        16.000        29.000
g16005/Y                              45.000        16.000        29.000
g16005/Y                              45.000        16.000        29.000
g16005/Y                              45.000        16.000        29.000
g16005/Y                              45.000        16.000        29.000
g16005/Y                              45.000        16.000        29.000
g16005/Y                              45.000        16.000        29.000
g16005/Y                              45.000        16.000        29.000
g16004/Y                              43.000        16.000        27.000
g16004/Y                              43.000        16.000        27.000
g16004/Y                              43.000        16.000        27.000
g16004/Y                              43.000        16.000        27.000
g16004/Y                              43.000        16.000        27.000
g16004/Y                              43.000        16.000        27.000
g16004/Y                              43.000        16.000        27.000
g16004/Y                              43.000        16.000        27.000
g16004/Y                              43.000        16.000        27.000
g16004/Y                              43.000        16.000        27.000
g16004/Y                              43.000        16.000        27.000
g16004/Y                              43.000        16.000        27.000
g16004/Y                              43.000        16.000        27.000
g16004/Y                              43.000        16.000        27.000
g16004/Y                              43.000        16.000        27.000
g16004/Y                              43.000        16.000        27.000
g16004/Y                              43.000        16.000        27.000
g16004/Y                              43.000        16.000        27.000
g16004/Y                              43.000        16.000        27.000
g16004/Y                              43.000        16.000        27.000
g16004/Y                              43.000        16.000        27.000
g16004/Y                              43.000        16.000        27.000
g16004/Y                              43.000        16.000        27.000
g16004/Y                              43.000        16.000        27.000
g16004/Y                              43.000        16.000        27.000
g16004/Y                              43.000        16.000        27.000
g16004/Y                              43.000        16.000        27.000
g16004/Y                              43.000        16.000        27.000
g16004/Y                              43.000        16.000        27.000
g16004/Y                              43.000        16.000        27.000
g16004/Y                              43.000        16.000        27.000
g16004/Y                              43.000        16.000        27.000
g16004/Y                              43.000        16.000        27.000
g16004/Y                              43.000        16.000        27.000
g16004/Y                              43.000        16.000        27.000
g16004/Y                              43.000        16.000        27.000
g16004/Y                              43.000        16.000        27.000
g16004/Y                              43.000        16.000        27.000
g16004/Y                              43.000        16.000        27.000
g16004/Y                              43.000        16.000        27.000
g16004/Y                              43.000        16.000        27.000
g16004/Y                              43.000        16.000        27.000
g16004/Y                              43.000        16.000        27.000
g16004/Y                              43.000        16.000        27.000
g16100/Y                              38.000        16.000        22.000
g16100/Y                              38.000        16.000        22.000
g16100/Y                              38.000        16.000        22.000
g16100/Y                              38.000        16.000        22.000
g16100/Y                              38.000        16.000        22.000
g16100/Y                              38.000        16.000        22.000
g16100/Y                              38.000        16.000        22.000
g16100/Y                              38.000        16.000        22.000
g16100/Y                              38.000        16.000        22.000
g16100/Y                              38.000        16.000        22.000
g16100/Y                              38.000        16.000        22.000
g16100/Y                              38.000        16.000        22.000
g16100/Y                              38.000        16.000        22.000
g16100/Y                              38.000        16.000        22.000
g16100/Y                              38.000        16.000        22.000
g16100/Y                              38.000        16.000        22.000
g16100/Y                              38.000        16.000        22.000
g16100/Y                              38.000        16.000        22.000
g16100/Y                              38.000        16.000        22.000
g16100/Y                              38.000        16.000        22.000
g16100/Y                              38.000        16.000        22.000
g16100/Y                              38.000        16.000        22.000
g16100/Y                              38.000        16.000        22.000
g16100/Y                              38.000        16.000        22.000
g16100/Y                              38.000        16.000        22.000
g16100/Y                              38.000        16.000        22.000
g16100/Y                              38.000        16.000        22.000
g16100/Y                              38.000        16.000        22.000
g16100/Y                              38.000        16.000        22.000
g16100/Y                              38.000        16.000        22.000
g16100/Y                              38.000        16.000        22.000
g16100/Y                              38.000        16.000        22.000
g16100/Y                              38.000        16.000        22.000
g16100/Y                              38.000        16.000        22.000
g16100/Y                              38.000        16.000        22.000
g16100/Y                              38.000        16.000        22.000
g16100/Y                              38.000        16.000        22.000
g16100/Y                              38.000        16.000        22.000
g16100/Y                              38.000        16.000        22.000
u_backbone/u_pre_ln/g5753/Y           23.000        16.000         7.000
u_backbone/u_pre_ln/g5753/Y           23.000        16.000         7.000
u_backbone/u_pre_ln/g5753/Y           23.000        16.000         7.000
u_backbone/u_pre_ln/g5753/Y           23.000        16.000         7.000
u_backbone/u_pre_ln/g5753/Y           23.000        16.000         7.000
u_backbone/u_pre_ln/g5753/Y           23.000        16.000         7.000
u_backbone/u_pre_ln/g5753/Y           23.000        16.000         7.000
u_backbone/u_pre_ln/g5753/Y           23.000        16.000         7.000
u_backbone/u_pre_ln/g5753/Y           23.000        16.000         7.000
u_backbone/u_pre_ln/g5753/Y           23.000        16.000         7.000
u_backbone/u_pre_ln/g5753/Y           23.000        16.000         7.000
u_backbone/u_pre_ln/g5753/Y           23.000        16.000         7.000
u_backbone/u_pre_ln/g5753/Y           23.000        16.000         7.000
u_backbone/u_pre_ln/g5753/Y           23.000        16.000         7.000
u_backbone/u_pre_ln/g5753/Y           23.000        16.000         7.000
u_backbone/u_pre_ln/g5753/Y           23.000        16.000         7.000
u_backbone/u_pre_ln/g5753/Y           23.000        16.000         7.000
u_backbone/u_pre_ln/g5753/Y           23.000        16.000         7.000
u_backbone/u_pre_ln/g5753/Y           23.000        16.000         7.000
u_backbone/u_pre_ln/g5753/Y           23.000        16.000         7.000
u_backbone/u_pre_ln/g5753/Y           23.000        16.000         7.000
u_backbone/u_pre_ln/g5753/Y           23.000        16.000         7.000
u_backbone/u_pre_ln/g5753/Y           23.000        16.000         7.000
u_backbone/u_pre_ln/g5753/Y           23.000        16.000         7.000



