============================================================
  Generated by:           Genus(TM) Synthesis Solution 25.12-s067_1
  Generated on:           Sep 24 2026  05:30:48 pm
  Module:                 tr_nonlinear_vpu
  Operating conditions:   ss_typical_max_0p90v_125c (balanced_tree)
  Wireload mode:          top
  Area mode:              timing library
============================================================

 
  Hierarchy Report Format : 
 
    level instance ( module ) <status>
 
    status :    preserve_<value> -- indicating preserve hierachy or inherited_preserve value
           :    blackbox --  indicating  unresolved instance
 
==================================================================

 0 tr_nonlinear_vpu
  1 u_alpha ( alpha_stabilizer_N8_W12_FRAC_W4 ) 
  1 u_backbone ( tr_backbone_wrapper_N8_WIDTH_IN16_WIDTH_OUT12_FRAC_W4_LUT_IDX_W3 ) 
     2 gen_tr_exp_lanes[0].u_tr_exp ( tr_exp_alu_WIDTH12_FRAC_W4_LUT_IDX_W3_ITER2 ) 
        3 u_quad ( quadratic_divider_WIDTH12_FRAC_W4 ) 
        3 u_round ( round_WIDTH12_FRAC_W4_LUT_IDX_W3 ) 
     2 gen_tr_exp_lanes[1].u_tr_exp ( tr_exp_alu_WIDTH12_FRAC_W4_LUT_IDX_W3_ITER2_338 ) 
        3 u_quad ( quadratic_divider_WIDTH12_FRAC_W4_4798 ) 
        3 u_round ( round_WIDTH12_FRAC_W4_LUT_IDX_W3_331 ) 
     2 gen_tr_exp_lanes[2].u_tr_exp ( tr_exp_alu_WIDTH12_FRAC_W4_LUT_IDX_W3_ITER2_337 ) 
        3 u_quad ( quadratic_divider_WIDTH12_FRAC_W4_4797 ) 
        3 u_round ( round_WIDTH12_FRAC_W4_LUT_IDX_W3_330 ) 
     2 gen_tr_exp_lanes[3].u_tr_exp ( tr_exp_alu_WIDTH12_FRAC_W4_LUT_IDX_W3_ITER2_336 ) 
        3 u_quad ( quadratic_divider_WIDTH12_FRAC_W4_4796 ) 
        3 u_round ( round_WIDTH12_FRAC_W4_LUT_IDX_W3_329 ) 
     2 gen_tr_exp_lanes[4].u_tr_exp ( tr_exp_alu_WIDTH12_FRAC_W4_LUT_IDX_W3_ITER2_335 ) 
        3 u_quad ( quadratic_divider_WIDTH12_FRAC_W4_4795 ) 
        3 u_round ( round_WIDTH12_FRAC_W4_LUT_IDX_W3_328 ) 
     2 gen_tr_exp_lanes[5].u_tr_exp ( tr_exp_alu_WIDTH12_FRAC_W4_LUT_IDX_W3_ITER2_334 ) 
        3 u_quad ( quadratic_divider_WIDTH12_FRAC_W4_4794 ) 
        3 u_round ( round_WIDTH12_FRAC_W4_LUT_IDX_W3_327 ) 
     2 gen_tr_exp_lanes[6].u_tr_exp ( tr_exp_alu_WIDTH12_FRAC_W4_LUT_IDX_W3_ITER2_333 ) 
        3 u_quad ( quadratic_divider_WIDTH12_FRAC_W4_4793 ) 
        3 u_round ( round_WIDTH12_FRAC_W4_LUT_IDX_W3_326 ) 
     2 gen_tr_exp_lanes[7].u_tr_exp ( tr_exp_alu_WIDTH12_FRAC_W4_LUT_IDX_W3_ITER2_332 ) 
        3 u_quad ( quadratic_divider_WIDTH12_FRAC_W4_4792 ) 
        3 u_round ( round_WIDTH12_FRAC_W4_LUT_IDX_W3_325 ) 
     2 gen_tr_lanes[0].u_tr_ln ( tr_ln_alu_WIDTH16_BITS4_OUT_WIDTH12 ) 
     2 gen_tr_lanes[1].u_tr_ln ( tr_ln_alu_WIDTH16_BITS4_OUT_WIDTH12_345 ) 
     2 gen_tr_lanes[2].u_tr_ln ( tr_ln_alu_WIDTH16_BITS4_OUT_WIDTH12_344 ) 
     2 gen_tr_lanes[3].u_tr_ln ( tr_ln_alu_WIDTH16_BITS4_OUT_WIDTH12_343 ) 
     2 gen_tr_lanes[4].u_tr_ln ( tr_ln_alu_WIDTH16_BITS4_OUT_WIDTH12_342 ) 
     2 gen_tr_lanes[5].u_tr_ln ( tr_ln_alu_WIDTH16_BITS4_OUT_WIDTH12_341 ) 
     2 gen_tr_lanes[6].u_tr_ln ( tr_ln_alu_WIDTH16_BITS4_OUT_WIDTH12_340 ) 
     2 gen_tr_lanes[7].u_tr_ln ( tr_ln_alu_WIDTH16_BITS4_OUT_WIDTH12_339 ) 
     2 u_post_ln ( post_ln_modifier_N8_W12 ) 
     2 u_pre_ln ( pre_ln_modifier_N8_WIDTH_IN16_FRAC_W4 ) 
  1 u_mac ( mac_array_engine_N8_W12_ACC_W32 ) 
     2 RC_CG_HIER_INST0 ( RC_CG_MOD ) 
     2 RC_CG_HIER_INST1 ( RC_CG_MOD_1 ) 
  1 u_max ( piped_max_NUM_INPUTS8_DATA_WIDTH12 ) 
  1 u_rom ( shared_lut_rom_N8_LUT_IDX_W3 ) 
  1 u_sub ( scalar_sub_NUM_INPUTS8_DATA_WIDTH12 ) 
  1 u_sym ( symmetry_modifier_N8_WIDTH_X12_WIDTH_Y12_FRAC_W4 ) 
  1 u_vecmul ( vec_mul_array_engine_N8_W12_ACC_W32 ) 
     2 RC_CG_HIER_INST2 ( RC_CG_MOD_2 ) 
     2 RC_CG_HIER_INST3 ( RC_CG_MOD_3 ) 
