============================================================
  Generated by:           Genus(TM) Synthesis Solution 25.12-s067_1
  Generated on:           Sep 23 2026  12:19:05 pm
  Module:                 tr_nonlinear_vpu
  Operating conditions:   ss_typical_max_0p90v_125c (balanced_tree)
  Wireload mode:          top
  Area mode:              timing library
============================================================

Timing
--------

Clock Period 
-------------
clk   3300.0 


        Cost          Critical              Violating 
       Group         Path Slack     TNS       Paths   
------------------------------------------------------
cg_enable_group_clk      1905.4        0.0          0 
clk                    No paths        0.0            
default                No paths        0.0            
in2out                 No paths        0.0            
in2reg                   -187.5   -37112.5        235 
reg2out                  1818.3        0.0          0 
reg2reg                     0.0        0.0          0 
------------------------------------------------------
Total                             -37112.5        235 

Instance Count
--------------
Leaf Instance Count             24413 
Physical Instance count             0 
Sequential Instance Count        1480 
Combinational Instance Count    22933 
Hierarchical Instance Count        46 

Area
----
Cell Area                          96349.680
Physical Cell Area                 0.000
Total Cell Area (Cell+Physical)    96349.680
Net Area                           0.000
Total Area (Cell+Physical+Net)     96349.680

Max Fanout                         464 (clk)
Min Fanout                         0 (n_49)
Average Fanout                     2.2
Terms to net ratio                 3.2103
Terms to instance ratio            3.3061
Runtime                            763.091903 seconds
Elapsed Runtime                    944 seconds
Genus peak memory usage            2978.79 
Innovus peak memory usage          no_value 
Hostname                           enicsw10.local
