============================================================
  Generated by:           Genus(TM) Synthesis Solution 25.12-s067_1
  Generated on:           Sep 23 2026  12:18:57 pm
  Operating conditions:   ss_typical_max_0p90v_125c (balanced_tree)
  Wireload mode:          top
  Area mode:              timing library
============================================================

                                                                                        
        Gate         Instances    Area                       Library                    
----------------------------------------------------------------------------------------
A2DFFQ_X0P5M_A9TL          382  2750.400 sc9_cln65lp_base_lvt_ss_typical_max_0p90v_125c 
A2DFFQ_X0P5M_A9TR           24   172.800 sc9_cln65lp_base_rvt_ss_typical_max_0p90v_125c 
A2DFFQ_X1M_A9TL              4    30.240 sc9_cln65lp_base_lvt_ss_typical_max_0p90v_125c 
A2DFFQ_X2M_A9TL              1     8.280 sc9_cln65lp_base_lvt_ss_typical_max_0p90v_125c 
ADDFH_X1M_A9TL              24   267.840 sc9_cln65lp_base_lvt_ss_typical_max_0p90v_125c 
ADDFH_X2M_A9TL              85  1009.800 sc9_cln65lp_base_lvt_ss_typical_max_0p90v_125c 
ADDF_X1M_A9TL              210  1663.200 sc9_cln65lp_base_lvt_ss_typical_max_0p90v_125c 
ADDF_X1P4M_A9TL             33   308.880 sc9_cln65lp_base_lvt_ss_typical_max_0p90v_125c 
ADDF_X2M_A9TL               51   477.360 sc9_cln65lp_base_lvt_ss_typical_max_0p90v_125c 
ADDH_X1M_A9TL               72   336.960 sc9_cln65lp_base_lvt_ss_typical_max_0p90v_125c 
ADDH_X1P4M_A9TL              6    34.560 sc9_cln65lp_base_lvt_ss_typical_max_0p90v_125c 
ADDH_X2M_A9TL                2    11.520 sc9_cln65lp_base_lvt_ss_typical_max_0p90v_125c 
AND2_X11M_A9TL               9   100.440 sc9_cln65lp_base_lvt_ss_typical_max_0p90v_125c 
AND2_X1M_A9TL              217   390.600 sc9_cln65lp_base_lvt_ss_typical_max_0p90v_125c 
AND2_X1P4M_A9TL              3     7.560 sc9_cln65lp_base_lvt_ss_typical_max_0p90v_125c 
AND2_X2M_A9TL               87   219.240 sc9_cln65lp_base_lvt_ss_typical_max_0p90v_125c 
AND2_X3M_A9TL               68   269.280 sc9_cln65lp_base_lvt_ss_typical_max_0p90v_125c 
AND2_X4M_A9TL               45   194.400 sc9_cln65lp_base_lvt_ss_typical_max_0p90v_125c 
AND2_X6M_A9TL               54   330.480 sc9_cln65lp_base_lvt_ss_typical_max_0p90v_125c 
AND2_X6M_A9TR                1     6.120 sc9_cln65lp_base_rvt_ss_typical_max_0p90v_125c 
AND2_X8M_A9TL               82   649.440 sc9_cln65lp_base_lvt_ss_typical_max_0p90v_125c 
AND3_X11M_A9TL               1    16.920 sc9_cln65lp_base_lvt_ss_typical_max_0p90v_125c 
AND3_X1M_A9TL               22    55.440 sc9_cln65lp_base_lvt_ss_typical_max_0p90v_125c 
AND3_X1P4M_A9TL              1     4.320 sc9_cln65lp_base_lvt_ss_typical_max_0p90v_125c 
AND3_X2M_A9TL               22    95.040 sc9_cln65lp_base_lvt_ss_typical_max_0p90v_125c 
AND3_X3M_A9TL                7    40.320 sc9_cln65lp_base_lvt_ss_typical_max_0p90v_125c 
AND3_X4M_A9TL                9    58.320 sc9_cln65lp_base_lvt_ss_typical_max_0p90v_125c 
AND3_X6M_A9TL               13   131.040 sc9_cln65lp_base_lvt_ss_typical_max_0p90v_125c 
AND3_X8M_A9TL               13   163.800 sc9_cln65lp_base_lvt_ss_typical_max_0p90v_125c 
AND4_X0P5M_A9TL              2     5.760 sc9_cln65lp_base_lvt_ss_typical_max_0p90v_125c 
AND4_X2M_A9TL                1     6.480 sc9_cln65lp_base_lvt_ss_typical_max_0p90v_125c 
AND4_X6M_A9TL                1    15.480 sc9_cln65lp_base_lvt_ss_typical_max_0p90v_125c 
AO1B2_X1M_A9TL              34    85.680 sc9_cln65lp_base_lvt_ss_typical_max_0p90v_125c 
AO1B2_X1P4M_A9TL            10    36.000 sc9_cln65lp_base_lvt_ss_typical_max_0p90v_125c 
AO1B2_X2M_A9TL             198   712.800 sc9_cln65lp_base_lvt_ss_typical_max_0p90v_125c 
AO1B2_X3M_A9TL              24   129.600 sc9_cln65lp_base_lvt_ss_typical_max_0p90v_125c 
AO1B2_X4M_A9TL              24   146.880 sc9_cln65lp_base_lvt_ss_typical_max_0p90v_125c 
AO21B_X1M_A9TL             229   577.080 sc9_cln65lp_base_lvt_ss_typical_max_0p90v_125c 
AO21B_X1P4M_A9TL             7    25.200 sc9_cln65lp_base_lvt_ss_typical_max_0p90v_125c 
AO21B_X2M_A9TL             234   842.400 sc9_cln65lp_base_lvt_ss_typical_max_0p90v_125c 
AO21B_X3M_A9TL             108   583.200 sc9_cln65lp_base_lvt_ss_typical_max_0p90v_125c 
AO21B_X4M_A9TL              89   544.680 sc9_cln65lp_base_lvt_ss_typical_max_0p90v_125c 
AO21B_X6M_A9TL               4    36.000 sc9_cln65lp_base_lvt_ss_typical_max_0p90v_125c 
AO21_X1M_A9TL               15    43.200 sc9_cln65lp_base_lvt_ss_typical_max_0p90v_125c 
AO21_X2M_A9TL               16    74.880 sc9_cln65lp_base_lvt_ss_typical_max_0p90v_125c 
AO21_X4M_A9TL                1     7.200 sc9_cln65lp_base_lvt_ss_typical_max_0p90v_125c 
AO22_X1M_A9TL              331  1072.440 sc9_cln65lp_base_lvt_ss_typical_max_0p90v_125c 
AOI211_X1M_A9TL             37    93.240 sc9_cln65lp_base_lvt_ss_typical_max_0p90v_125c 
AOI211_X1P4M_A9TL            3    11.880 sc9_cln65lp_base_lvt_ss_typical_max_0p90v_125c 
AOI211_X2M_A9TL              1     4.320 sc9_cln65lp_base_lvt_ss_typical_max_0p90v_125c 
AOI211_X3M_A9TL              3    17.280 sc9_cln65lp_base_lvt_ss_typical_max_0p90v_125c 
AOI211_X4M_A9TL              9    68.040 sc9_cln65lp_base_lvt_ss_typical_max_0p90v_125c 
AOI21B_X1M_A9TL             33    95.040 sc9_cln65lp_base_lvt_ss_typical_max_0p90v_125c 
AOI21B_X1M_A9TR              1     2.880 sc9_cln65lp_base_rvt_ss_typical_max_0p90v_125c 
AOI21B_X2M_A9TL             17    73.440 sc9_cln65lp_base_lvt_ss_typical_max_0p90v_125c 
AOI21B_X3M_A9TL             18   103.680 sc9_cln65lp_base_lvt_ss_typical_max_0p90v_125c 
AOI21_X0P7M_A9TL             6    12.960 sc9_cln65lp_base_lvt_ss_typical_max_0p90v_125c 
AOI21_X1M_A9TL             393   848.880 sc9_cln65lp_base_lvt_ss_typical_max_0p90v_125c 
AOI21_X1P4M_A9TL            33   118.800 sc9_cln65lp_base_lvt_ss_typical_max_0p90v_125c 
AOI21_X2M_A9TL             123   442.800 sc9_cln65lp_base_lvt_ss_typical_max_0p90v_125c 
AOI21_X2M_A9TR              29   104.400 sc9_cln65lp_base_rvt_ss_typical_max_0p90v_125c 
AOI21_X3M_A9TL              51   238.680 sc9_cln65lp_base_lvt_ss_typical_max_0p90v_125c 
AOI21_X4M_A9TL              26   159.120 sc9_cln65lp_base_lvt_ss_typical_max_0p90v_125c 
AOI21_X6M_A9TL              24   216.000 sc9_cln65lp_base_lvt_ss_typical_max_0p90v_125c 
AOI21_X8M_A9TL               2    23.760 sc9_cln65lp_base_lvt_ss_typical_max_0p90v_125c 
AOI221_X1M_A9TL             40   129.600 sc9_cln65lp_base_lvt_ss_typical_max_0p90v_125c 
AOI222_X1M_A9TL              5    19.800 sc9_cln65lp_base_lvt_ss_typical_max_0p90v_125c 
AOI222_X1P4M_A9TL            6    38.880 sc9_cln65lp_base_lvt_ss_typical_max_0p90v_125c 
AOI22_X1M_A9TL             350   882.000 sc9_cln65lp_base_lvt_ss_typical_max_0p90v_125c 
AOI22_X1P4M_A9TL             1     4.320 sc9_cln65lp_base_lvt_ss_typical_max_0p90v_125c 
AOI22_X2M_A9TL             287  1239.840 sc9_cln65lp_base_lvt_ss_typical_max_0p90v_125c 
AOI22_X3M_A9TL              71   434.520 sc9_cln65lp_base_lvt_ss_typical_max_0p90v_125c 
AOI22_X4M_A9TL               1     8.280 sc9_cln65lp_base_lvt_ss_typical_max_0p90v_125c 
AOI2XB1_X0P7M_A9TL          11    31.680 sc9_cln65lp_base_lvt_ss_typical_max_0p90v_125c 
AOI2XB1_X1M_A9TL            57   164.160 sc9_cln65lp_base_lvt_ss_typical_max_0p90v_125c 
AOI2XB1_X1P4M_A9TL           2     8.640 sc9_cln65lp_base_lvt_ss_typical_max_0p90v_125c 
AOI2XB1_X1P4M_A9TR           8    34.560 sc9_cln65lp_base_rvt_ss_typical_max_0p90v_125c 
AOI2XB1_X2M_A9TL            27   116.640 sc9_cln65lp_base_lvt_ss_typical_max_0p90v_125c 
AOI2XB1_X3M_A9TL            52   299.520 sc9_cln65lp_base_lvt_ss_typical_max_0p90v_125c 
AOI2XB1_X4M_A9TL            34   257.040 sc9_cln65lp_base_lvt_ss_typical_max_0p90v_125c 
AOI2XB1_X6M_A9TL            23   240.120 sc9_cln65lp_base_lvt_ss_typical_max_0p90v_125c 
AOI2XB1_X8M_A9TL             8   109.440 sc9_cln65lp_base_lvt_ss_typical_max_0p90v_125c 
AOI31_X1M_A9TL               7    17.640 sc9_cln65lp_base_lvt_ss_typical_max_0p90v_125c 
AOI31_X2M_A9TL               6    25.920 sc9_cln65lp_base_lvt_ss_typical_max_0p90v_125c 
AOI31_X3M_A9TL               6    36.720 sc9_cln65lp_base_lvt_ss_typical_max_0p90v_125c 
AOI31_X4M_A9TL               6    49.680 sc9_cln65lp_base_lvt_ss_typical_max_0p90v_125c 
AOI31_X6M_A9TL               4    47.520 sc9_cln65lp_base_lvt_ss_typical_max_0p90v_125c 
AOI32_X1M_A9TL               8    23.040 sc9_cln65lp_base_lvt_ss_typical_max_0p90v_125c 
BUFH_X0P7M_A9TL             18    25.920 sc9_cln65lp_base_lvt_ss_typical_max_0p90v_125c 
BUFH_X0P7M_A9TR              3     4.320 sc9_cln65lp_base_rvt_ss_typical_max_0p90v_125c 
BUFH_X11M_A9TL               1     9.000 sc9_cln65lp_base_lvt_ss_typical_max_0p90v_125c 
BUFH_X16M_A9TL               1    12.960 sc9_cln65lp_base_lvt_ss_typical_max_0p90v_125c 
BUFH_X1M_A9TL               40    57.600 sc9_cln65lp_base_lvt_ss_typical_max_0p90v_125c 
BUFH_X1P4M_A9TL            149   321.840 sc9_cln65lp_base_lvt_ss_typical_max_0p90v_125c 
BUFH_X1P7M_A9TL              1     2.520 sc9_cln65lp_base_lvt_ss_typical_max_0p90v_125c 
BUFH_X2M_A9TL                6    15.120 sc9_cln65lp_base_lvt_ss_typical_max_0p90v_125c 
BUFH_X2P5M_A9TL              8    23.040 sc9_cln65lp_base_lvt_ss_typical_max_0p90v_125c 
BUFH_X3M_A9TL                8    23.040 sc9_cln65lp_base_lvt_ss_typical_max_0p90v_125c 
BUFH_X3M_A9TR                2     5.760 sc9_cln65lp_base_rvt_ss_typical_max_0p90v_125c 
BUFH_X4M_A9TL               11    43.560 sc9_cln65lp_base_lvt_ss_typical_max_0p90v_125c 
BUFH_X5M_A9TL                6    28.080 sc9_cln65lp_base_lvt_ss_typical_max_0p90v_125c 
BUFH_X6M_A9TL                5    27.000 sc9_cln65lp_base_lvt_ss_typical_max_0p90v_125c 
BUFH_X7P5M_A9TR              2    13.680 sc9_cln65lp_base_rvt_ss_typical_max_0p90v_125c 
BUF_X0P7B_A9TL               6     8.640 sc9_cln65lp_base_lvt_ss_typical_max_0p90v_125c 
BUF_X0P8B_A9TL               1     1.440 sc9_cln65lp_base_lvt_ss_typical_max_0p90v_125c 
BUF_X11B_A9TL                1     7.560 sc9_cln65lp_base_lvt_ss_typical_max_0p90v_125c 
BUF_X11B_A9TR                2    15.120 sc9_cln65lp_base_rvt_ss_typical_max_0p90v_125c 
BUF_X13M_A9TL               16   138.240 sc9_cln65lp_base_lvt_ss_typical_max_0p90v_125c 
BUF_X16M_A9TL                3    31.320 sc9_cln65lp_base_lvt_ss_typical_max_0p90v_125c 
BUF_X1M_A9TH                37    53.280 sc9_cln65lp_base_hvt_ss_typical_max_0p90v_125c 
BUF_X1P2M_A9TL               1     2.160 sc9_cln65lp_base_lvt_ss_typical_max_0p90v_125c 
BUF_X1P4M_A9TL               2     4.320 sc9_cln65lp_base_lvt_ss_typical_max_0p90v_125c 
BUF_X1P7M_A9TL              47   101.520 sc9_cln65lp_base_lvt_ss_typical_max_0p90v_125c 
BUF_X2M_A9TL               174   375.840 sc9_cln65lp_base_lvt_ss_typical_max_0p90v_125c 
BUF_X2P5M_A9TL              47   118.440 sc9_cln65lp_base_lvt_ss_typical_max_0p90v_125c 
BUF_X2P5M_A9TR               1     2.520 sc9_cln65lp_base_rvt_ss_typical_max_0p90v_125c 
BUF_X3B_A9TL                 3     7.560 sc9_cln65lp_base_lvt_ss_typical_max_0p90v_125c 
BUF_X3M_A9TL               104   262.080 sc9_cln65lp_base_lvt_ss_typical_max_0p90v_125c 
BUF_X3M_A9TR                 1     2.520 sc9_cln65lp_base_rvt_ss_typical_max_0p90v_125c 
BUF_X3P5M_A9TL               6    19.440 sc9_cln65lp_base_lvt_ss_typical_max_0p90v_125c 
BUF_X4B_A9TL                 1     3.600 sc9_cln65lp_base_lvt_ss_typical_max_0p90v_125c 
BUF_X5M_A9TL                 1     3.960 sc9_cln65lp_base_lvt_ss_typical_max_0p90v_125c 
BUF_X5M_A9TR                 2     7.920 sc9_cln65lp_base_rvt_ss_typical_max_0p90v_125c 
BUF_X6B_A9TL                 5    21.600 sc9_cln65lp_base_lvt_ss_typical_max_0p90v_125c 
BUF_X6M_A9TL                32   138.240 sc9_cln65lp_base_lvt_ss_typical_max_0p90v_125c 
BUF_X7P5B_A9TR               5    28.800 sc9_cln65lp_base_rvt_ss_typical_max_0p90v_125c 
BUF_X9M_A9TL                 1     6.120 sc9_cln65lp_base_lvt_ss_typical_max_0p90v_125c 
CGENCIN_X1M_A9TL            12    86.400 sc9_cln65lp_base_lvt_ss_typical_max_0p90v_125c 
CGENCIN_X2M_A9TL             9    97.200 sc9_cln65lp_base_lvt_ss_typical_max_0p90v_125c 
CGENI_X1M_A9TL             159   457.920 sc9_cln65lp_base_lvt_ss_typical_max_0p90v_125c 
CGENI_X2M_A9TL             154   831.600 sc9_cln65lp_base_lvt_ss_typical_max_0p90v_125c 
CGEN_X1M_A9TL              298  1072.800 sc9_cln65lp_base_lvt_ss_typical_max_0p90v_125c 
CGEN_X1M_A9TR                7    25.200 sc9_cln65lp_base_rvt_ss_typical_max_0p90v_125c 
CGEN_X2M_A9TL               96   380.160 sc9_cln65lp_base_lvt_ss_typical_max_0p90v_125c 
DFFQ_X1M_A9TL              264  1995.840 sc9_cln65lp_base_lvt_ss_typical_max_0p90v_125c 
DFFQ_X2M_A9TL              230  1904.400 sc9_cln65lp_base_lvt_ss_typical_max_0p90v_125c 
DFFQ_X3M_A9TL              148  1332.000 sc9_cln65lp_base_lvt_ss_typical_max_0p90v_125c 
DFFQ_X4M_A9TL                6    56.160 sc9_cln65lp_base_lvt_ss_typical_max_0p90v_125c 
DFFRPQN_X2M_A9TL             1     8.640 sc9_cln65lp_base_lvt_ss_typical_max_0p90v_125c 
DFFRPQN_X3M_A9TL             8    77.760 sc9_cln65lp_base_lvt_ss_typical_max_0p90v_125c 
DFFRPQ_X1M_A9TL             92   794.880 sc9_cln65lp_base_lvt_ss_typical_max_0p90v_125c 
DFFRPQ_X2M_A9TL             32   288.000 sc9_cln65lp_base_lvt_ss_typical_max_0p90v_125c 
DFFRPQ_X3M_A9TL             22   205.920 sc9_cln65lp_base_lvt_ss_typical_max_0p90v_125c 
DFFRPQ_X4M_A9TL            178  1794.240 sc9_cln65lp_base_lvt_ss_typical_max_0p90v_125c 
DLY2_X0P5M_A9TL              1     1.800 sc9_cln65lp_base_lvt_ss_typical_max_0p90v_125c 
INV_X0P5B_A9TH               5     5.400 sc9_cln65lp_base_hvt_ss_typical_max_0p90v_125c 
INV_X0P5M_A9TH               2     2.160 sc9_cln65lp_base_hvt_ss_typical_max_0p90v_125c 
INV_X0P5M_A9TR               8     8.640 sc9_cln65lp_base_rvt_ss_typical_max_0p90v_125c 
INV_X0P6M_A9TH               1     1.080 sc9_cln65lp_base_hvt_ss_typical_max_0p90v_125c 
INV_X0P6M_A9TR               1     1.080 sc9_cln65lp_base_rvt_ss_typical_max_0p90v_125c 
INV_X0P8B_A9TL               1     1.080 sc9_cln65lp_base_lvt_ss_typical_max_0p90v_125c 
INV_X0P8M_A9TH               1     1.080 sc9_cln65lp_base_hvt_ss_typical_max_0p90v_125c 
INV_X0P8M_A9TL              80    86.400 sc9_cln65lp_base_lvt_ss_typical_max_0p90v_125c 
INV_X11B_A9TL                1     5.760 sc9_cln65lp_base_lvt_ss_typical_max_0p90v_125c 
INV_X11M_A9TL                4    23.040 sc9_cln65lp_base_lvt_ss_typical_max_0p90v_125c 
INV_X13M_A9TL                1     6.840 sc9_cln65lp_base_lvt_ss_typical_max_0p90v_125c 
INV_X16M_A9TL                9    74.520 sc9_cln65lp_base_lvt_ss_typical_max_0p90v_125c 
INV_X1B_A9TL                43    46.440 sc9_cln65lp_base_lvt_ss_typical_max_0p90v_125c 
INV_X1M_A9TH                 1     1.080 sc9_cln65lp_base_hvt_ss_typical_max_0p90v_125c 
INV_X1M_A9TL              1190  1285.200 sc9_cln65lp_base_lvt_ss_typical_max_0p90v_125c 
INV_X1P2B_A9TL               1     1.440 sc9_cln65lp_base_lvt_ss_typical_max_0p90v_125c 
INV_X1P4B_A9TL               2     2.880 sc9_cln65lp_base_lvt_ss_typical_max_0p90v_125c 
INV_X1P4M_A9TL              88   126.720 sc9_cln65lp_base_lvt_ss_typical_max_0p90v_125c 
INV_X1P7B_A9TL               1     1.440 sc9_cln65lp_base_lvt_ss_typical_max_0p90v_125c 
INV_X1P7M_A9TL               2     2.880 sc9_cln65lp_base_lvt_ss_typical_max_0p90v_125c 
INV_X1P7M_A9TR               4     5.760 sc9_cln65lp_base_rvt_ss_typical_max_0p90v_125c 
INV_X2B_A9TL                56    80.640 sc9_cln65lp_base_lvt_ss_typical_max_0p90v_125c 
INV_X2B_A9TR                 1     1.440 sc9_cln65lp_base_rvt_ss_typical_max_0p90v_125c 
INV_X2M_A9TL              1053  1516.320 sc9_cln65lp_base_lvt_ss_typical_max_0p90v_125c 
INV_X2M_A9TR                 5     7.200 sc9_cln65lp_base_rvt_ss_typical_max_0p90v_125c 
INV_X2P5M_A9TL               5    10.800 sc9_cln65lp_base_lvt_ss_typical_max_0p90v_125c 
INV_X3B_A9TL                 3     6.480 sc9_cln65lp_base_lvt_ss_typical_max_0p90v_125c 
INV_X3M_A9TL               465  1004.400 sc9_cln65lp_base_lvt_ss_typical_max_0p90v_125c 
INV_X3M_A9TR                 1     2.160 sc9_cln65lp_base_rvt_ss_typical_max_0p90v_125c 
INV_X3P5B_A9TL               1     2.520 sc9_cln65lp_base_lvt_ss_typical_max_0p90v_125c 
INV_X3P5M_A9TL               7    17.640 sc9_cln65lp_base_lvt_ss_typical_max_0p90v_125c 
INV_X3P5M_A9TR               3     7.560 sc9_cln65lp_base_rvt_ss_typical_max_0p90v_125c 
INV_X4B_A9TL                32    80.640 sc9_cln65lp_base_lvt_ss_typical_max_0p90v_125c 
INV_X4B_A9TR                 1     2.520 sc9_cln65lp_base_rvt_ss_typical_max_0p90v_125c 
INV_X4M_A9TL               668  1683.360 sc9_cln65lp_base_lvt_ss_typical_max_0p90v_125c 
INV_X5B_A9TL                 3     8.640 sc9_cln65lp_base_lvt_ss_typical_max_0p90v_125c 
INV_X5M_A9TL               347   999.360 sc9_cln65lp_base_lvt_ss_typical_max_0p90v_125c 
INV_X6B_A9TL                15    54.000 sc9_cln65lp_base_lvt_ss_typical_max_0p90v_125c 
INV_X6M_A9TL               132   475.200 sc9_cln65lp_base_lvt_ss_typical_max_0p90v_125c 
INV_X7P5B_A9TL              22    95.040 sc9_cln65lp_base_lvt_ss_typical_max_0p90v_125c 
INV_X7P5M_A9TL             130   561.600 sc9_cln65lp_base_lvt_ss_typical_max_0p90v_125c 
INV_X9B_A9TL                11    51.480 sc9_cln65lp_base_lvt_ss_typical_max_0p90v_125c 
INV_X9M_A9TL                24   112.320 sc9_cln65lp_base_lvt_ss_typical_max_0p90v_125c 
MX2_X1P4B_A9TL               1     5.040 sc9_cln65lp_base_lvt_ss_typical_max_0p90v_125c 
MX2_X3B_A9TL                16   132.480 sc9_cln65lp_base_lvt_ss_typical_max_0p90v_125c 
MX2_X3M_A9TL                 1     8.280 sc9_cln65lp_base_lvt_ss_typical_max_0p90v_125c 
MX2_X4B_A9TL                16   149.760 sc9_cln65lp_base_lvt_ss_typical_max_0p90v_125c 
MXIT2_X0P5M_A9TL            34   110.160 sc9_cln65lp_base_lvt_ss_typical_max_0p90v_125c 
MXIT2_X1M_A9TL             548  1972.800 sc9_cln65lp_base_lvt_ss_typical_max_0p90v_125c 
MXIT2_X1P4M_A9TL             5    32.400 sc9_cln65lp_base_lvt_ss_typical_max_0p90v_125c 
MXIT2_X2M_A9TL             599  3881.520 sc9_cln65lp_base_lvt_ss_typical_max_0p90v_125c 
MXIT2_X3M_A9TL             313  2366.280 sc9_cln65lp_base_lvt_ss_typical_max_0p90v_125c 
MXIT2_X4M_A9TL              55   554.400 sc9_cln65lp_base_lvt_ss_typical_max_0p90v_125c 
MXT2_X0P5M_A9TL             82   295.200 sc9_cln65lp_base_lvt_ss_typical_max_0p90v_125c 
MXT2_X0P7M_A9TL             45   162.000 sc9_cln65lp_base_lvt_ss_typical_max_0p90v_125c 
MXT2_X1M_A9TL                1     4.320 sc9_cln65lp_base_lvt_ss_typical_max_0p90v_125c 
MXT2_X1P4M_A9TL             16    80.640 sc9_cln65lp_base_lvt_ss_typical_max_0p90v_125c 
MXT2_X3M_A9TL               22   182.160 sc9_cln65lp_base_lvt_ss_typical_max_0p90v_125c 
MXT2_X4M_A9TL                5    48.600 sc9_cln65lp_base_lvt_ss_typical_max_0p90v_125c 
MXT2_X6M_A9TL               22   229.680 sc9_cln65lp_base_lvt_ss_typical_max_0p90v_125c 
NAND2B_X1M_A9TL            271   585.360 sc9_cln65lp_base_lvt_ss_typical_max_0p90v_125c 
NAND2B_X1P4M_A9TL            1     2.880 sc9_cln65lp_base_lvt_ss_typical_max_0p90v_125c 
NAND2B_X2M_A9TL              6    17.280 sc9_cln65lp_base_lvt_ss_typical_max_0p90v_125c 
NAND2B_X2M_A9TR              4    11.520 sc9_cln65lp_base_rvt_ss_typical_max_0p90v_125c 
NAND2B_X3M_A9TL              1     3.960 sc9_cln65lp_base_lvt_ss_typical_max_0p90v_125c 
NAND2B_X4M_A9TL              7    32.760 sc9_cln65lp_base_lvt_ss_typical_max_0p90v_125c 
NAND2B_X6M_A9TL              9    61.560 sc9_cln65lp_base_lvt_ss_typical_max_0p90v_125c 
NAND2B_X8M_A9TL              5    43.200 sc9_cln65lp_base_lvt_ss_typical_max_0p90v_125c 
NAND2XB_X1M_A9TL           203   438.480 sc9_cln65lp_base_lvt_ss_typical_max_0p90v_125c 
NAND2XB_X1P4M_A9TL          10    28.800 sc9_cln65lp_base_lvt_ss_typical_max_0p90v_125c 
NAND2XB_X2M_A9TL           288   829.440 sc9_cln65lp_base_lvt_ss_typical_max_0p90v_125c 
NAND2XB_X2M_A9TR             8    23.040 sc9_cln65lp_base_rvt_ss_typical_max_0p90v_125c 
NAND2XB_X3M_A9TL           153   605.880 sc9_cln65lp_base_lvt_ss_typical_max_0p90v_125c 
NAND2XB_X4M_A9TL           138   645.840 sc9_cln65lp_base_lvt_ss_typical_max_0p90v_125c 
NAND2XB_X6M_A9TL           170  1162.800 sc9_cln65lp_base_lvt_ss_typical_max_0p90v_125c 
NAND2XB_X6M_A9TR             1     6.840 sc9_cln65lp_base_rvt_ss_typical_max_0p90v_125c 
NAND2XB_X8M_A9TL            61   527.040 sc9_cln65lp_base_lvt_ss_typical_max_0p90v_125c 
NAND2XB_X8M_A9TR             1     8.640 sc9_cln65lp_base_rvt_ss_typical_max_0p90v_125c 
NAND2_X1A_A9TL             729  1049.760 sc9_cln65lp_base_lvt_ss_typical_max_0p90v_125c 
NAND2_X1B_A9TL             103   148.320 sc9_cln65lp_base_lvt_ss_typical_max_0p90v_125c 
NAND2_X1M_A9TL             584   840.960 sc9_cln65lp_base_lvt_ss_typical_max_0p90v_125c 
NAND2_X1P4A_A9TL             1     2.520 sc9_cln65lp_base_lvt_ss_typical_max_0p90v_125c 
NAND2_X1P4M_A9TL           309   667.440 sc9_cln65lp_base_lvt_ss_typical_max_0p90v_125c 
NAND2_X2A_A9TL             383   965.160 sc9_cln65lp_base_lvt_ss_typical_max_0p90v_125c 
NAND2_X2B_A9TL              19    47.880 sc9_cln65lp_base_lvt_ss_typical_max_0p90v_125c 
NAND2_X2M_A9TL             209   526.680 sc9_cln65lp_base_lvt_ss_typical_max_0p90v_125c 
NAND2_X2M_A9TR              30    75.600 sc9_cln65lp_base_rvt_ss_typical_max_0p90v_125c 
NAND2_X3A_A9TL             259   932.400 sc9_cln65lp_base_lvt_ss_typical_max_0p90v_125c 
NAND2_X3B_A9TL              26    93.600 sc9_cln65lp_base_lvt_ss_typical_max_0p90v_125c 
NAND2_X3M_A9TL             156   561.600 sc9_cln65lp_base_lvt_ss_typical_max_0p90v_125c 
NAND2_X4A_A9TL              94   406.080 sc9_cln65lp_base_lvt_ss_typical_max_0p90v_125c 
NAND2_X4B_A9TL              20    86.400 sc9_cln65lp_base_lvt_ss_typical_max_0p90v_125c 
NAND2_X4M_A9TL             235   930.600 sc9_cln65lp_base_lvt_ss_typical_max_0p90v_125c 
NAND2_X4M_A9TR               1     3.960 sc9_cln65lp_base_rvt_ss_typical_max_0p90v_125c 
NAND2_X6A_A9TL              24   146.880 sc9_cln65lp_base_lvt_ss_typical_max_0p90v_125c 
NAND2_X6B_A9TH               1     6.120 sc9_cln65lp_base_hvt_ss_typical_max_0p90v_125c 
NAND2_X6B_A9TL               6    36.720 sc9_cln65lp_base_lvt_ss_typical_max_0p90v_125c 
NAND2_X6M_A9TL             126   771.120 sc9_cln65lp_base_lvt_ss_typical_max_0p90v_125c 
NAND2_X6M_A9TR               1     6.120 sc9_cln65lp_base_rvt_ss_typical_max_0p90v_125c 
NAND2_X8A_A9TL              10    82.800 sc9_cln65lp_base_lvt_ss_typical_max_0p90v_125c 
NAND2_X8B_A9TL               1     8.280 sc9_cln65lp_base_lvt_ss_typical_max_0p90v_125c 
NAND2_X8B_A9TR               1     8.280 sc9_cln65lp_base_rvt_ss_typical_max_0p90v_125c 
NAND2_X8M_A9TL             104   786.240 sc9_cln65lp_base_lvt_ss_typical_max_0p90v_125c 
NAND3B_X1M_A9TL              8    20.160 sc9_cln65lp_base_lvt_ss_typical_max_0p90v_125c 
NAND3B_X1M_A9TR              1     2.520 sc9_cln65lp_base_rvt_ss_typical_max_0p90v_125c 
NAND3B_X2M_A9TL              3    11.880 sc9_cln65lp_base_lvt_ss_typical_max_0p90v_125c 
NAND3B_X3M_A9TL             15    75.600 sc9_cln65lp_base_lvt_ss_typical_max_0p90v_125c 
NAND3B_X4M_A9TL              8    48.960 sc9_cln65lp_base_lvt_ss_typical_max_0p90v_125c 
NAND3B_X6M_A9TL              1     9.000 sc9_cln65lp_base_lvt_ss_typical_max_0p90v_125c 
NAND3XXB_X1M_A9TL            8    20.160 sc9_cln65lp_base_lvt_ss_typical_max_0p90v_125c 
NAND3XXB_X1P4M_A9TL          4    14.400 sc9_cln65lp_base_lvt_ss_typical_max_0p90v_125c 
NAND3XXB_X2M_A9TL           99   392.040 sc9_cln65lp_base_lvt_ss_typical_max_0p90v_125c 
NAND3XXB_X2M_A9TR            2     7.920 sc9_cln65lp_base_rvt_ss_typical_max_0p90v_125c 
NAND3XXB_X3M_A9TL           85   428.400 sc9_cln65lp_base_lvt_ss_typical_max_0p90v_125c 
NAND3XXB_X4M_A9TL          193  1181.160 sc9_cln65lp_base_lvt_ss_typical_max_0p90v_125c 
NAND3XXB_X6M_A9TL           89   801.000 sc9_cln65lp_base_lvt_ss_typical_max_0p90v_125c 
NAND3_X1A_A9TL              22    47.520 sc9_cln65lp_base_lvt_ss_typical_max_0p90v_125c 
NAND3_X1M_A9TL               3     6.480 sc9_cln65lp_base_lvt_ss_typical_max_0p90v_125c 
NAND3_X2A_A9TL               6    19.440 sc9_cln65lp_base_lvt_ss_typical_max_0p90v_125c 
NAND3_X2A_A9TR               1     3.240 sc9_cln65lp_base_rvt_ss_typical_max_0p90v_125c 
NAND3_X2M_A9TL              32   103.680 sc9_cln65lp_base_lvt_ss_typical_max_0p90v_125c 
NAND3_X3A_A9TL              18    84.240 sc9_cln65lp_base_lvt_ss_typical_max_0p90v_125c 
NAND3_X3M_A9TL              26   121.680 sc9_cln65lp_base_lvt_ss_typical_max_0p90v_125c 
NAND3_X4A_A9TL              12    69.120 sc9_cln65lp_base_lvt_ss_typical_max_0p90v_125c 
NAND3_X4M_A9TL               8    46.080 sc9_cln65lp_base_lvt_ss_typical_max_0p90v_125c 
NAND3_X6A_A9TL              23   182.160 sc9_cln65lp_base_lvt_ss_typical_max_0p90v_125c 
NAND3_X6M_A9TL              10    86.400 sc9_cln65lp_base_lvt_ss_typical_max_0p90v_125c 
NAND4B_X1M_A9TL              8    23.040 sc9_cln65lp_base_lvt_ss_typical_max_0p90v_125c 
NAND4B_X4M_A9TL              1     7.560 sc9_cln65lp_base_lvt_ss_typical_max_0p90v_125c 
NAND4XXXB_X2M_A9TL           2     9.360 sc9_cln65lp_base_lvt_ss_typical_max_0p90v_125c 
NAND4XXXB_X3M_A9TL           4    24.480 sc9_cln65lp_base_lvt_ss_typical_max_0p90v_125c 
NAND4XXXB_X3M_A9TR           1     6.120 sc9_cln65lp_base_rvt_ss_typical_max_0p90v_125c 
NAND4XXXB_X4M_A9TL          69   521.640 sc9_cln65lp_base_lvt_ss_typical_max_0p90v_125c 
NAND4_X1A_A9TL               5    12.600 sc9_cln65lp_base_lvt_ss_typical_max_0p90v_125c 
NAND4_X1M_A9TL               1     2.520 sc9_cln65lp_base_lvt_ss_typical_max_0p90v_125c 
NAND4_X1P4A_A9TL             1     3.600 sc9_cln65lp_base_lvt_ss_typical_max_0p90v_125c 
NAND4_X2A_A9TL               1     3.960 sc9_cln65lp_base_lvt_ss_typical_max_0p90v_125c 
NAND4_X3A_A9TL               2    11.520 sc9_cln65lp_base_lvt_ss_typical_max_0p90v_125c 
NOR2B_X1M_A9TL             178   384.480 sc9_cln65lp_base_lvt_ss_typical_max_0p90v_125c 
NOR2B_X2M_A9TL              11    31.680 sc9_cln65lp_base_lvt_ss_typical_max_0p90v_125c 
NOR2B_X3M_A9TL              19    68.400 sc9_cln65lp_base_lvt_ss_typical_max_0p90v_125c 
NOR2B_X4M_A9TL               8    34.560 sc9_cln65lp_base_lvt_ss_typical_max_0p90v_125c 
NOR2B_X6M_A9TL               5    34.200 sc9_cln65lp_base_lvt_ss_typical_max_0p90v_125c 
NOR2B_X6M_A9TR               1     6.840 sc9_cln65lp_base_rvt_ss_typical_max_0p90v_125c 
NOR2B_X8M_A9TL               1     8.280 sc9_cln65lp_base_lvt_ss_typical_max_0p90v_125c 
NOR2XB_X0P5M_A9TL           25    54.000 sc9_cln65lp_base_lvt_ss_typical_max_0p90v_125c 
NOR2XB_X0P7M_A9TL            7    15.120 sc9_cln65lp_base_lvt_ss_typical_max_0p90v_125c 
NOR2XB_X1M_A9TL             45    97.200 sc9_cln65lp_base_lvt_ss_typical_max_0p90v_125c 
NOR2XB_X2M_A9TL             87   250.560 sc9_cln65lp_base_lvt_ss_typical_max_0p90v_125c 
NOR2XB_X3M_A9TL             68   244.800 sc9_cln65lp_base_lvt_ss_typical_max_0p90v_125c 
NOR2XB_X4M_A9TL             94   406.080 sc9_cln65lp_base_lvt_ss_typical_max_0p90v_125c 
NOR2XB_X6M_A9TL            108   699.840 sc9_cln65lp_base_lvt_ss_typical_max_0p90v_125c 
NOR2XB_X6M_A9TR              1     6.480 sc9_cln65lp_base_rvt_ss_typical_max_0p90v_125c 
NOR2XB_X8M_A9TL             59   488.520 sc9_cln65lp_base_lvt_ss_typical_max_0p90v_125c 
NOR2XB_X8M_A9TR              3    24.840 sc9_cln65lp_base_rvt_ss_typical_max_0p90v_125c 
NOR2_X1A_A9TL              263   378.720 sc9_cln65lp_base_lvt_ss_typical_max_0p90v_125c 
NOR2_X1B_A9TL              164   236.160 sc9_cln65lp_base_lvt_ss_typical_max_0p90v_125c 
NOR2_X1M_A9TL              195   280.800 sc9_cln65lp_base_lvt_ss_typical_max_0p90v_125c 
NOR2_X1P4A_A9TL            102   220.320 sc9_cln65lp_base_lvt_ss_typical_max_0p90v_125c 
NOR2_X1P4B_A9TL             59   127.440 sc9_cln65lp_base_lvt_ss_typical_max_0p90v_125c 
NOR2_X1P4M_A9TL             68   146.880 sc9_cln65lp_base_lvt_ss_typical_max_0p90v_125c 
NOR2_X1P4M_A9TR              2     4.320 sc9_cln65lp_base_rvt_ss_typical_max_0p90v_125c 
NOR2_X2A_A9TL              102   257.040 sc9_cln65lp_base_lvt_ss_typical_max_0p90v_125c 
NOR2_X2A_A9TR                1     2.520 sc9_cln65lp_base_rvt_ss_typical_max_0p90v_125c 
NOR2_X2B_A9TL               43   108.360 sc9_cln65lp_base_lvt_ss_typical_max_0p90v_125c 
NOR2_X2B_A9TR                7    17.640 sc9_cln65lp_base_rvt_ss_typical_max_0p90v_125c 
NOR2_X2M_A9TL               13    32.760 sc9_cln65lp_base_lvt_ss_typical_max_0p90v_125c 
NOR2_X2M_A9TR                2     5.040 sc9_cln65lp_base_rvt_ss_typical_max_0p90v_125c 
NOR2_X3A_A9TL               32   103.680 sc9_cln65lp_base_lvt_ss_typical_max_0p90v_125c 
NOR2_X3B_A9TL                6    19.440 sc9_cln65lp_base_lvt_ss_typical_max_0p90v_125c 
NOR2_X3B_A9TR                5    16.200 sc9_cln65lp_base_rvt_ss_typical_max_0p90v_125c 
NOR2_X3M_A9TL               40   129.600 sc9_cln65lp_base_lvt_ss_typical_max_0p90v_125c 
NOR2_X4A_A9TL               32   126.720 sc9_cln65lp_base_lvt_ss_typical_max_0p90v_125c 
NOR2_X4A_A9TR                1     3.960 sc9_cln65lp_base_rvt_ss_typical_max_0p90v_125c 
NOR2_X4M_A9TL               41   162.360 sc9_cln65lp_base_lvt_ss_typical_max_0p90v_125c 
NOR2_X4M_A9TR                1     3.960 sc9_cln65lp_base_rvt_ss_typical_max_0p90v_125c 
NOR2_X6A_A9TL               37   226.440 sc9_cln65lp_base_lvt_ss_typical_max_0p90v_125c 
NOR2_X6B_A9TL                9    55.080 sc9_cln65lp_base_lvt_ss_typical_max_0p90v_125c 
NOR2_X6M_A9TL                5    30.600 sc9_cln65lp_base_lvt_ss_typical_max_0p90v_125c 
NOR2_X6M_A9TR                1     6.120 sc9_cln65lp_base_rvt_ss_typical_max_0p90v_125c 
NOR2_X8A_A9TL               20   151.200 sc9_cln65lp_base_lvt_ss_typical_max_0p90v_125c 
NOR2_X8B_A9TL                4    30.240 sc9_cln65lp_base_lvt_ss_typical_max_0p90v_125c 
NOR2_X8M_A9TL               16   120.960 sc9_cln65lp_base_lvt_ss_typical_max_0p90v_125c 
NOR3_X1M_A9TL               16    34.560 sc9_cln65lp_base_lvt_ss_typical_max_0p90v_125c 
NOR3_X2M_A9TL               10    32.400 sc9_cln65lp_base_lvt_ss_typical_max_0p90v_125c 
NOR3_X3A_A9TL                2     9.360 sc9_cln65lp_base_lvt_ss_typical_max_0p90v_125c 
NOR3_X4A_A9TR                8    48.960 sc9_cln65lp_base_rvt_ss_typical_max_0p90v_125c 
NOR3_X4M_A9TL                1     6.120 sc9_cln65lp_base_lvt_ss_typical_max_0p90v_125c 
OA211_X0P7M_A9TL             3     9.720 sc9_cln65lp_base_lvt_ss_typical_max_0p90v_125c 
OA211_X1M_A9TL               2     9.360 sc9_cln65lp_base_lvt_ss_typical_max_0p90v_125c 
OA211_X2M_A9TL              37   213.120 sc9_cln65lp_base_lvt_ss_typical_max_0p90v_125c 
OA211_X3M_A9TL               1     7.560 sc9_cln65lp_base_lvt_ss_typical_max_0p90v_125c 
OA21_X0P5M_A9TR              3     8.640 sc9_cln65lp_base_rvt_ss_typical_max_0p90v_125c 
OA21_X0P7M_A9TL              5    14.400 sc9_cln65lp_base_lvt_ss_typical_max_0p90v_125c 
OA21_X1M_A9TL               93   267.840 sc9_cln65lp_base_lvt_ss_typical_max_0p90v_125c 
OA21_X2M_A9TL                6    28.080 sc9_cln65lp_base_lvt_ss_typical_max_0p90v_125c 
OA21_X4M_A9TL                2    14.400 sc9_cln65lp_base_lvt_ss_typical_max_0p90v_125c 
OA21_X6M_A9TL                1    10.080 sc9_cln65lp_base_lvt_ss_typical_max_0p90v_125c 
OA21_X8M_A9TL                2    25.200 sc9_cln65lp_base_lvt_ss_typical_max_0p90v_125c 
OA22_X1M_A9TL               51   165.240 sc9_cln65lp_base_lvt_ss_typical_max_0p90v_125c 
OA22_X1P4M_A9TL             32   161.280 sc9_cln65lp_base_lvt_ss_typical_max_0p90v_125c 
OA22_X3M_A9TL                1     7.920 sc9_cln65lp_base_lvt_ss_typical_max_0p90v_125c 
OAI211_X1M_A9TL             36    90.720 sc9_cln65lp_base_lvt_ss_typical_max_0p90v_125c 
OAI211_X1P4M_A9TL            3    11.880 sc9_cln65lp_base_lvt_ss_typical_max_0p90v_125c 
OAI211_X2M_A9TL             17    73.440 sc9_cln65lp_base_lvt_ss_typical_max_0p90v_125c 
OAI211_X3M_A9TL             94   575.280 sc9_cln65lp_base_lvt_ss_typical_max_0p90v_125c 
OAI211_X4M_A9TL             30   226.800 sc9_cln65lp_base_lvt_ss_typical_max_0p90v_125c 
OAI21B_X0P7M_A9TL           17    48.960 sc9_cln65lp_base_lvt_ss_typical_max_0p90v_125c 
OAI21B_X1M_A9TL              9    25.920 sc9_cln65lp_base_lvt_ss_typical_max_0p90v_125c 
OAI21B_X1P4M_A9TL            1     3.600 sc9_cln65lp_base_lvt_ss_typical_max_0p90v_125c 
OAI21_X0P7M_A9TL             6    12.960 sc9_cln65lp_base_lvt_ss_typical_max_0p90v_125c 
OAI21_X1M_A9TL             145   313.200 sc9_cln65lp_base_lvt_ss_typical_max_0p90v_125c 
OAI21_X1M_A9TR               3     6.480 sc9_cln65lp_base_rvt_ss_typical_max_0p90v_125c 
OAI21_X1P4M_A9TL            85   275.400 sc9_cln65lp_base_lvt_ss_typical_max_0p90v_125c 
OAI21_X2M_A9TL              37   133.200 sc9_cln65lp_base_lvt_ss_typical_max_0p90v_125c 
OAI21_X2M_A9TR               8    28.800 sc9_cln65lp_base_rvt_ss_typical_max_0p90v_125c 
OAI21_X3M_A9TL              45   210.600 sc9_cln65lp_base_lvt_ss_typical_max_0p90v_125c 
OAI21_X4M_A9TL              29   177.480 sc9_cln65lp_base_lvt_ss_typical_max_0p90v_125c 
OAI21_X6M_A9TL              41   339.480 sc9_cln65lp_base_lvt_ss_typical_max_0p90v_125c 
OAI21_X8M_A9TL              10   111.600 sc9_cln65lp_base_lvt_ss_typical_max_0p90v_125c 
OAI221_X1M_A9TL             20    64.800 sc9_cln65lp_base_lvt_ss_typical_max_0p90v_125c 
OAI221_X1P4M_A9TL            2    10.080 sc9_cln65lp_base_lvt_ss_typical_max_0p90v_125c 
OAI221_X2M_A9TR              1     5.760 sc9_cln65lp_base_rvt_ss_typical_max_0p90v_125c 
OAI222_X1M_A9TL             11    43.560 sc9_cln65lp_base_lvt_ss_typical_max_0p90v_125c 
OAI222_X1P4M_A9TL            7    40.320 sc9_cln65lp_base_lvt_ss_typical_max_0p90v_125c 
OAI222_X2M_A9TL             16   109.440 sc9_cln65lp_base_lvt_ss_typical_max_0p90v_125c 
OAI22_X1M_A9TL             182   458.640 sc9_cln65lp_base_lvt_ss_typical_max_0p90v_125c 
OAI22_X1P4M_A9TL             9    35.640 sc9_cln65lp_base_lvt_ss_typical_max_0p90v_125c 
OAI22_X2M_A9TL              33   142.560 sc9_cln65lp_base_lvt_ss_typical_max_0p90v_125c 
OAI22_X6M_A9TL               7    78.120 sc9_cln65lp_base_lvt_ss_typical_max_0p90v_125c 
OAI22_X8M_A9TL               1    15.120 sc9_cln65lp_base_lvt_ss_typical_max_0p90v_125c 
OAI2XB1_X0P5M_A9TL          60   151.200 sc9_cln65lp_base_lvt_ss_typical_max_0p90v_125c 
OAI2XB1_X1M_A9TL            12    34.560 sc9_cln65lp_base_lvt_ss_typical_max_0p90v_125c 
OAI2XB1_X1P4M_A9TL          29   104.400 sc9_cln65lp_base_lvt_ss_typical_max_0p90v_125c 
OAI2XB1_X2M_A9TL            21    90.720 sc9_cln65lp_base_lvt_ss_typical_max_0p90v_125c 
OAI2XB1_X2M_A9TR             1     4.320 sc9_cln65lp_base_rvt_ss_typical_max_0p90v_125c 
OAI2XB1_X3M_A9TL            26   149.760 sc9_cln65lp_base_lvt_ss_typical_max_0p90v_125c 
OAI2XB1_X3M_A9TR             1     5.760 sc9_cln65lp_base_rvt_ss_typical_max_0p90v_125c 
OAI2XB1_X4M_A9TL            39   294.840 sc9_cln65lp_base_lvt_ss_typical_max_0p90v_125c 
OAI2XB1_X6M_A9TL            30   280.800 sc9_cln65lp_base_lvt_ss_typical_max_0p90v_125c 
OAI2XB1_X6M_A9TR             1     9.360 sc9_cln65lp_base_rvt_ss_typical_max_0p90v_125c 
OAI2XB1_X8M_A9TL             9   116.640 sc9_cln65lp_base_lvt_ss_typical_max_0p90v_125c 
OAI2XB1_X8M_A9TR             1    12.960 sc9_cln65lp_base_rvt_ss_typical_max_0p90v_125c 
OAI31_X1M_A9TL               3     7.560 sc9_cln65lp_base_lvt_ss_typical_max_0p90v_125c 
OAI31_X1P4M_A9TL            10    39.600 sc9_cln65lp_base_lvt_ss_typical_max_0p90v_125c 
OAI31_X2M_A9TL               1     4.320 sc9_cln65lp_base_lvt_ss_typical_max_0p90v_125c 
OR2_X0P5M_A9TL             102   183.600 sc9_cln65lp_base_lvt_ss_typical_max_0p90v_125c 
OR2_X0P7M_A9TL               5    10.800 sc9_cln65lp_base_lvt_ss_typical_max_0p90v_125c 
OR2_X1M_A9TL                23    49.680 sc9_cln65lp_base_lvt_ss_typical_max_0p90v_125c 
OR2_X1P4M_A9TL              19    47.880 sc9_cln65lp_base_lvt_ss_typical_max_0p90v_125c 
OR2_X2M_A9TL                20    64.800 sc9_cln65lp_base_lvt_ss_typical_max_0p90v_125c 
OR2_X3M_A9TL                16    57.600 sc9_cln65lp_base_lvt_ss_typical_max_0p90v_125c 
OR2_X4M_A9TL                13    65.520 sc9_cln65lp_base_lvt_ss_typical_max_0p90v_125c 
OR2_X6M_A9TL                 1     6.840 sc9_cln65lp_base_lvt_ss_typical_max_0p90v_125c 
OR2_X8M_A9TL                 1     9.360 sc9_cln65lp_base_lvt_ss_typical_max_0p90v_125c 
OR3_X0P5M_A9TL               9    22.680 sc9_cln65lp_base_lvt_ss_typical_max_0p90v_125c 
OR3_X2M_A9TL                 1     5.400 sc9_cln65lp_base_lvt_ss_typical_max_0p90v_125c 
OR3_X3M_A9TL                 1     6.840 sc9_cln65lp_base_lvt_ss_typical_max_0p90v_125c 
OR4_X1M_A9TL                 3    10.800 sc9_cln65lp_base_lvt_ss_typical_max_0p90v_125c 
OR4_X1P4M_A9TL               1     3.960 sc9_cln65lp_base_lvt_ss_typical_max_0p90v_125c 
OR4_X6M_A9TL                 3    39.960 sc9_cln65lp_base_lvt_ss_typical_max_0p90v_125c 
OR4_X8M_A9TL                 5    84.600 sc9_cln65lp_base_lvt_ss_typical_max_0p90v_125c 
OR6_X0P7M_A9TL              16    74.880 sc9_cln65lp_base_lvt_ss_typical_max_0p90v_125c 
OR6_X2M_A9TL                 5    48.600 sc9_cln65lp_base_lvt_ss_typical_max_0p90v_125c 
OR6_X3M_A9TL                 8   106.560 sc9_cln65lp_base_lvt_ss_typical_max_0p90v_125c 
OR6_X4M_A9TL                 9   152.280 sc9_cln65lp_base_lvt_ss_typical_max_0p90v_125c 
PREICG_X0P5B_A9TR            4    25.920 sc9_cln65lp_base_rvt_ss_typical_max_0p90v_125c 
SDFFRPQ_X1M_A9TL            84   876.960 sc9_cln65lp_base_lvt_ss_typical_max_0p90v_125c 
XNOR2_X0P5M_A9TL            16    51.840 sc9_cln65lp_base_lvt_ss_typical_max_0p90v_125c 
XNOR2_X0P7M_A9TL           121   392.040 sc9_cln65lp_base_lvt_ss_typical_max_0p90v_125c 
XNOR2_X1M_A9TL              47   169.200 sc9_cln65lp_base_lvt_ss_typical_max_0p90v_125c 
XNOR2_X2M_A9TL              92   563.040 sc9_cln65lp_base_lvt_ss_typical_max_0p90v_125c 
XNOR2_X3M_A9TL              47   372.240 sc9_cln65lp_base_lvt_ss_typical_max_0p90v_125c 
XNOR2_X4M_A9TL               5    50.400 sc9_cln65lp_base_lvt_ss_typical_max_0p90v_125c 
XNOR3_X0P5M_A9TL            28   171.360 sc9_cln65lp_base_lvt_ss_typical_max_0p90v_125c 
XNOR3_X1M_A9TL             268  1736.640 sc9_cln65lp_base_lvt_ss_typical_max_0p90v_125c 
XNOR3_X1P4M_A9TL            53   534.240 sc9_cln65lp_base_lvt_ss_typical_max_0p90v_125c 
XNOR3_X2M_A9TL              12   146.880 sc9_cln65lp_base_lvt_ss_typical_max_0p90v_125c 
XNOR3_X3M_A9TL              59   828.360 sc9_cln65lp_base_lvt_ss_typical_max_0p90v_125c 
XNOR3_X4M_A9TL              24   440.640 sc9_cln65lp_base_lvt_ss_typical_max_0p90v_125c 
XOR2_X0P7M_A9TL            404  1308.960 sc9_cln65lp_base_lvt_ss_typical_max_0p90v_125c 
XOR2_X1M_A9TL               88   316.800 sc9_cln65lp_base_lvt_ss_typical_max_0p90v_125c 
XOR2_X1P4M_A9TL              2    12.240 sc9_cln65lp_base_lvt_ss_typical_max_0p90v_125c 
XOR2_X2M_A9TL              232  1419.840 sc9_cln65lp_base_lvt_ss_typical_max_0p90v_125c 
XOR2_X3M_A9TL               57   451.440 sc9_cln65lp_base_lvt_ss_typical_max_0p90v_125c 
XOR2_X4M_A9TL               25   252.000 sc9_cln65lp_base_lvt_ss_typical_max_0p90v_125c 
XOR3_X0P5M_A9TL              9    55.080 sc9_cln65lp_base_lvt_ss_typical_max_0p90v_125c 
XOR3_X0P5M_A9TR              2    12.240 sc9_cln65lp_base_rvt_ss_typical_max_0p90v_125c 
XOR3_X1M_A9TL              106   686.880 sc9_cln65lp_base_lvt_ss_typical_max_0p90v_125c 
XOR3_X1P4M_A9TL              7    70.560 sc9_cln65lp_base_lvt_ss_typical_max_0p90v_125c 
XOR3_X2M_A9TL                1    12.240 sc9_cln65lp_base_lvt_ss_typical_max_0p90v_125c 
XOR3_X3M_A9TL                8   112.320 sc9_cln65lp_base_lvt_ss_typical_max_0p90v_125c 
----------------------------------------------------------------------------------------
total                    24413 96349.680                                                
                                                                               
                    Library                    Instances    Area   Instances % 
-------------------------------------------------------------------------------
sc9_cln65lp_base_hvt_ss_typical_max_0p90v_125c        48    70.200         0.2 
sc9_cln65lp_base_lvt_ss_typical_max_0p90v_125c     24143 95385.600        98.9 
sc9_cln65lp_base_rvt_ss_typical_max_0p90v_125c       222   893.880         0.9 
                                                        
            Type             Instances    Area   Area % 
--------------------------------------------------------
sequential                        1476 12296.520   12.8 
inverter                          4431  8472.240    8.8 
buffer                             761  1977.480    2.1 
clock_gating_integrated_cell         4    25.920    0.0 
logic                            17741 73577.520   76.4 
physical_cells                       0     0.000    0.0 
--------------------------------------------------------
total                            24413 96349.680  100.0 
