============================================================
  Generated by:           Genus(TM) Synthesis Solution 25.12-s067_1
  Generated on:           May 10 2026  10:55:16 am
  Module:                 tr_nonlinear_vpu
  Operating conditions:   ss_typical_max_0p90v_125c (balanced_tree)
  Wireload mode:          top
  Area mode:              timing library
============================================================


Path 1: MET (2 ps) Setup Check with Pin u_backbone/s2_post_ln_reg_reg[0][6]/CK->D
          Group: reg2reg
     Startpoint: (R) u_backbone/s1_mode_pre_ln_reg/CK
          Clock: (R) clk
       Endpoint: (R) u_backbone/s2_post_ln_reg_reg[0][6]/D
          Clock: (R) clk

                     Capture       Launch     
        Clock Edge:+    3300            0     
       Src Latency:+       0            0     
       Net Latency:+       0 (I)        0 (I) 
           Arrival:=    3300            0     
                                              
             Setup:-      96                  
       Uncertainty:-     125                  
     Required Time:=    3078                  
      Launch Clock:-       0                  
         Data Path:-    3076                  
             Slack:=       2                  

#-------------------------------------------------------------------------------------------------------------
#               Timing Point                 Flags   Arc   Edge       Cell         Fanout Trans Delay Arrival 
#                                                                                          (ps)  (ps)   (ps)  
#-------------------------------------------------------------------------------------------------------------
  u_backbone/s1_mode_pre_ln_reg/CK           -       -     R     (arrival)            343     0     0       0 
  u_backbone/s1_mode_pre_ln_reg/Q            -       CK->Q F     DFFRPQ_X4M_A9TL        1    66   287     287 
  u_backbone/u_pre_ln/g5682/Y                -       A->Y  R     INV_X13M_A9TL         11    95    84     371 
  u_backbone/u_pre_ln/g5659/Y                -       A->Y  F     NOR2XB_X8M_A9TL        3    60    61     432 
  u_backbone/u_pre_ln/g5571/Y                -       C->Y  F     AND3_X6M_A9TL          4    65   148     581 
  u_backbone/u_pre_ln/g5541/Y                -       C->Y  F     AND3_X4M_A9TL          3    59   147     728 
  u_backbone/u_pre_ln/g5530/Y                -       A->Y  R     INV_X2M_A9TL           2    77    71     798 
  u_backbone/u_pre_ln/g5486/Y                -       B->Y  F     NOR2_X4M_A9TL          2    86    72     871 
  u_backbone/u_pre_ln/g5413/Y                -       A0->Y F     OA21_X3M_A9TL          8   119   196    1067 
  u_backbone/gen_tr_lanes[0].u_tr_ln/g3053/Y -       A->Y  R     NOR2_X4A_A9TL          3   127   114    1181 
  u_backbone/gen_tr_lanes[0].u_tr_ln/g3034/Y -       B->Y  F     NAND2_X1P4M_A9TL       2   119   103    1284 
  u_backbone/gen_tr_lanes[0].u_tr_ln/g3002/Y -       C->Y  R     NOR3_X2A_A9TL          1   205   188    1473 
  u_backbone/gen_tr_lanes[0].u_tr_ln/g2979/Y -       A0->Y F     OAI21_X3M_A9TL         1   108   117    1590 
  u_backbone/gen_tr_lanes[0].u_tr_ln/g2966/Y -       A1->Y R     AOI21_X6M_A9TL         4   131   134    1723 
  u_backbone/gen_tr_lanes[0].u_tr_ln/g3078/Y -       S0->Y R     MXIT2_X1M_A9TL         2   300   170    1893 
  u_backbone/gen_tr_lanes[0].u_tr_ln/g2940/Y -       A->Y  R     AND2_X3M_A9TL          2    66   161    2054 
  u_backbone/gen_tr_lanes[0].u_tr_ln/g2911/Y -       CN->Y R     NAND3XXB_X4M_A9TL      2   127   151    2204 
  u_backbone/gen_tr_lanes[0].u_tr_ln/g2901/Y -       B->Y  F     NAND2_X4M_A9TL         2    73    74    2279 
  u_backbone/gen_tr_lanes[0].u_tr_ln/g2/Y    -       B->Y  R     NAND3_X2M_A9TL         1   109    94    2373 
  u_backbone/gen_tr_lanes[0].u_tr_ln/g2895/Y -       A->Y  R     AND2_X3M_A9TL          4   114   152    2524 
  u_backbone/u_post_ln/g6716/Y               -       A->Y  F     NOR2_X8M_A9TL          2    62    61    2585 
  u_backbone/u_post_ln/g6655/Y               -       A->Y  R     NAND2_X6M_A9TL         4    91    72    2657 
  u_backbone/u_post_ln/g6541/Y               -       A->Y  F     NOR2_X3A_A9TL          2    89    64    2721 
  u_backbone/u_post_ln/g6757/Y               -       A->Y  F     OR2_X1P4M_A9TL         1    68   145    2866 
  u_backbone/u_post_ln/g6432/Y               -       A->Y  R     NAND2XB_X3M_A9TL       2   109    84    2951 
  u_backbone/u_post_ln/g6408/Y               -       A->Y  F     INV_X2M_A9TL           1    50    56    3007 
  u_backbone/u_post_ln/g6362/Y               -       A->Y  R     MXIT2_X3M_A9TL         1    95    69    3076 
  u_backbone/s2_post_ln_reg_reg[0][6]/D      -       -     R     DFFRPQ_X2M_A9TL        1     -     0    3076 
#-------------------------------------------------------------------------------------------------------------

