============================================================
  Generated by:           Genus(TM) Synthesis Solution 25.12-s067_1
  Generated on:           Sep 16 2026  08:10:57 pm
  Module:                 tr_soc_top_int
  Operating conditions:   ss_typical_max_0p90v_125c (balanced_tree)
  Wireload mode:          top
  Area mode:              timing library
============================================================

Timing
--------

Clock Period 
-------------
clk   3300.0 


        Cost          Critical              Violating 
       Group         Path Slack     TNS       Paths   
------------------------------------------------------
cg_enable_group_clk       722.1        0.0          0 
clk                    No paths        0.0            
default                No paths        0.0            
in2out                      7.2        0.0          0 
in2reg                      1.1        0.0          0 
reg2out                   366.2        0.0          0 
reg2reg                  -104.1   -13107.8        228 
------------------------------------------------------
Total                             -13107.8        228 

Instance Count
--------------
Leaf Instance Count             52671 
Physical Instance count             0 
Sequential Instance Count        3454 
Combinational Instance Count    49217 
Hierarchical Instance Count        56 

Area
----
Cell Area                          217013.040
Physical Cell Area                 0.000
Total Cell Area (Cell+Physical)    217013.040
Net Area                           0.000
Total Area (Cell+Physical+Net)     217013.040

Max Fanout                         3279 (clk)
Min Fanout                         0 (vpu_dot_out[0])
Average Fanout                     2.2
Terms to net ratio                 3.2220
Terms to instance ratio            3.3715
Runtime                            1561.5120219999992 seconds
Elapsed Runtime                    1870 seconds
Genus peak memory usage            3672.27 
Innovus peak memory usage          no_value 
Hostname                           enicsw14.local
