============================================================
  Generated by:           Genus(TM) Synthesis Solution 25.12-s067_1
  Generated on:           Sep 16 2026  08:10:47 pm
  Module:                 tr_soc_top_int
  Operating conditions:   ss_typical_max_0p90v_125c (balanced_tree)
  Wireload mode:          top
  Area mode:              timing library
============================================================


Summary
-------
--------------------------------------------------------------------------
            Category            Number     %    Average Toggle Saving %   
--------------------------------------------------------------------------
 Total Clock Gating Instances        5  100.00                         -  
--------------------------------------------------------------------------
 RC Clock Gating Instances           5  100.00                     98.69  
 Non-RC Clock Gating Instances       0    0.00                      0.00  
--------------------------------------------------------------------------
 RC Gated Flip-flops               176    5.10                     98.58  
 Non-RC Gated Flip-flops             0    0.00                      0.00  
--------------------------------------------------------------------------
 Total Gated Flip-flops            176    5.10                         -  
 Total Ungated Flip-flops         3273   94.90                         -  
 Enable signal is constant        3228   98.63                         -  
 Register bank width too small      12    0.37                         -  
 User preserved                     33    1.01                         -  
--------------------------------------------------------------------------
 Total Flip-flops                 3449  100.00                         -  
--------------------------------------------------------------------------
Multibit Flip-flop Summary
--------------------------
-------------------------------------------------------
Width     Number     Bits     RC Gated     Ungated     
-------------------------------------------------------
1-bit     3449       3449     176 (5.10%)  3273 (94.90%) 
---------------------------------------------------------


