============================================================
  Generated by:           Genus(TM) Synthesis Solution 25.12-s067_1
  Generated on:           Sep 16 2026  08:10:34 pm
  Module:                 tr_soc_top_int
  Operating conditions:   ss_typical_max_0p90v_125c (balanced_tree)
  Wireload mode:          top
  Area mode:              timing library
============================================================

             Instance                                           Module                              Cell-Count  Cell-Area  Net-Area   Total-Area  Wireload  
------------------------------------------------------------------------------------------------------------------------------------------------------------
tr_soc_top_int                     NA                                                                    52671 217013.040     0.000   217013.040 Small (D)  
  u_ctrl                           tr_soc_ctrl_int_N8_W8_ACC_W32                                          1021   3828.240     0.000     3828.240 Small (T)  
  u_dot                            dot_product_engine_M4_N8_W8_ACC_W32                                   11955  47010.600     0.000    47010.600 Small (T)  
    GEN_MAC_LANES[0].u_mac_lane    mac_array_engine_N8_W8_ACC_W32                                         2993  11766.600     0.000    11766.600 Small (T)  
    GEN_MAC_LANES[1].u_mac_lane    mac_array_engine_N8_W8_ACC_W32_952                                     2988  11749.320     0.000    11749.320 Small (T)  
    GEN_MAC_LANES[2].u_mac_lane    mac_array_engine_N8_W8_ACC_W32_951                                     2987  11747.520     0.000    11747.520 Small (T)  
    GEN_MAC_LANES[3].u_mac_lane    mac_array_engine_N8_W8_ACC_W32_950                                     2987  11747.160     0.000    11747.160 Small (T)  
  u_req                            requantize_engine_int_N4_ACC_W32_MUL_W32_SHIFT_W6_OUT_W8              24493 107622.360     0.000   107622.360 Small (T)  
  u_vpu                            tr_nonlinear_vpu_N8_W_VEC8_W_MAC16_ACC_W32_FRAC_W4_LUT_IDX_W3         14400  55395.000     0.000    55395.000 Small (T)  
    u_alpha                        alpha_stabilizer_N8_W8                                                 2848  11403.000     0.000    11403.000 Small (T)  
    u_backbone                     tr_backbone_wrapper_N8_WIDTH_IN16_WIDTH_OUT8_FRAC_W4_LUT_IDX_W3        2816  10650.600     0.000    10650.600 Small (T)  
      gen_tr_exp_lanes[0].u_tr_exp tr_exp_alu_WIDTH8_FRAC_W4_LUT_IDX_W3_ITER2                               25     56.520     0.000       56.520 Small (T)  
        u_quad                     quadratic_divider_WIDTH8_FRAC_W4                                          7     14.040     0.000       14.040 Small (T)  
        u_round                    round_WIDTH8_FRAC_W4_LUT_IDX_W3                                          10     21.960     0.000       21.960 Small (T)  
      gen_tr_exp_lanes[1].u_tr_exp tr_exp_alu_WIDTH8_FRAC_W4_LUT_IDX_W3_ITER2_973                           23     57.240     0.000       57.240 Small (T)  
        u_quad                     quadratic_divider_WIDTH8_FRAC_W4_5181                                     7     14.040     0.000       14.040 Small (T)  
        u_round                    round_WIDTH8_FRAC_W4_LUT_IDX_W3_966                                      10     22.680     0.000       22.680 Small (T)  
      gen_tr_exp_lanes[2].u_tr_exp tr_exp_alu_WIDTH8_FRAC_W4_LUT_IDX_W3_ITER2_972                           23     57.240     0.000       57.240 Small (T)  
        u_quad                     quadratic_divider_WIDTH8_FRAC_W4_5180                                     7     14.040     0.000       14.040 Small (T)  
        u_round                    round_WIDTH8_FRAC_W4_LUT_IDX_W3_965                                      10     22.680     0.000       22.680 Small (T)  
      gen_tr_exp_lanes[3].u_tr_exp tr_exp_alu_WIDTH8_FRAC_W4_LUT_IDX_W3_ITER2_971                           23     57.240     0.000       57.240 Small (T)  
        u_quad                     quadratic_divider_WIDTH8_FRAC_W4_5179                                     7     14.040     0.000       14.040 Small (T)  
        u_round                    round_WIDTH8_FRAC_W4_LUT_IDX_W3_964                                      10     22.680     0.000       22.680 Small (T)  
      gen_tr_exp_lanes[4].u_tr_exp tr_exp_alu_WIDTH8_FRAC_W4_LUT_IDX_W3_ITER2_970                           23     57.240     0.000       57.240 Small (T)  
        u_quad                     quadratic_divider_WIDTH8_FRAC_W4_5178                                     7     14.040     0.000       14.040 Small (T)  
        u_round                    round_WIDTH8_FRAC_W4_LUT_IDX_W3_963                                      10     22.680     0.000       22.680 Small (T)  
      gen_tr_exp_lanes[5].u_tr_exp tr_exp_alu_WIDTH8_FRAC_W4_LUT_IDX_W3_ITER2_969                           23     57.240     0.000       57.240 Small (T)  
        u_quad                     quadratic_divider_WIDTH8_FRAC_W4_5177                                     7     14.040     0.000       14.040 Small (T)  
        u_round                    round_WIDTH8_FRAC_W4_LUT_IDX_W3_962                                      10     22.680     0.000       22.680 Small (T)  
      gen_tr_exp_lanes[6].u_tr_exp tr_exp_alu_WIDTH8_FRAC_W4_LUT_IDX_W3_ITER2_968                           23     57.240     0.000       57.240 Small (T)  
        u_quad                     quadratic_divider_WIDTH8_FRAC_W4_5176                                     7     14.040     0.000       14.040 Small (T)  
        u_round                    round_WIDTH8_FRAC_W4_LUT_IDX_W3_961                                      10     22.680     0.000       22.680 Small (T)  
      gen_tr_exp_lanes[7].u_tr_exp tr_exp_alu_WIDTH8_FRAC_W4_LUT_IDX_W3_ITER2_967                           23     57.240     0.000       57.240 Small (T)  
        u_quad                     quadratic_divider_WIDTH8_FRAC_W4_5175                                     7     14.040     0.000       14.040 Small (T)  
        u_round                    round_WIDTH8_FRAC_W4_LUT_IDX_W3_960                                      10     22.680     0.000       22.680 Small (T)  
      gen_tr_lanes[0].u_tr_ln      tr_ln_alu_WIDTH16_BITS4_OUT_WIDTH8                                      181    567.720     0.000      567.720 Small (T)  
      gen_tr_lanes[1].u_tr_ln      tr_ln_alu_WIDTH16_BITS4_OUT_WIDTH8_980                                  170    532.080     0.000      532.080 Small (T)  
      gen_tr_lanes[2].u_tr_ln      tr_ln_alu_WIDTH16_BITS4_OUT_WIDTH8_979                                  164    509.760     0.000      509.760 Small (T)  
      gen_tr_lanes[3].u_tr_ln      tr_ln_alu_WIDTH16_BITS4_OUT_WIDTH8_978                                  172    534.960     0.000      534.960 Small (T)  
      gen_tr_lanes[4].u_tr_ln      tr_ln_alu_WIDTH16_BITS4_OUT_WIDTH8_977                                  166    552.960     0.000      552.960 Small (T)  
      gen_tr_lanes[5].u_tr_ln      tr_ln_alu_WIDTH16_BITS4_OUT_WIDTH8_976                                  174    556.200     0.000      556.200 Small (T)  
      gen_tr_lanes[6].u_tr_ln      tr_ln_alu_WIDTH16_BITS4_OUT_WIDTH8_975                                  168    551.160     0.000      551.160 Small (T)  
      gen_tr_lanes[7].u_tr_ln      tr_ln_alu_WIDTH16_BITS4_OUT_WIDTH8_974                                  173    564.120     0.000      564.120 Small (T)  
      u_post_ln                    post_ln_modifier_N8_W8                                                  427   1430.280     0.000     1430.280 Small (T)  
      u_pre_ln                     pre_ln_modifier_N8_WIDTH_IN16_FRAC_W4                                   373   1713.960     0.000     1713.960 Small (T)  
    u_mac                          mac_array_engine_N8_W8_ACC_W32_4                                       3231  12516.840     0.000    12516.840 Small (T)  
    u_max                          piped_max_NUM_INPUTS8_DATA_WIDTH8                                       203    896.760     0.000      896.760 Small (T)  
    u_rom                          shared_lut_rom_N8                                                        58    117.360     0.000      117.360 Small (T)  
    u_sub                          scalar_sub_NUM_INPUTS8_DATA_WIDTH8                                      443   1490.760     0.000     1490.760 Small (T)  
    u_sym                          symmetry_modifier_N8_WIDTH_X8_WIDTH_Y8_FRAC_W4                          183    526.320     0.000      526.320 Small (T)  
    u_vecmul                       vec_mul_array_engine_N8_W8_ACC_W32                                     3327  13680.360     0.000    13680.360 Small (T)  
  (D) = wireload is default in technology library
  (T) = wireload mode is 'top'
