============================================================
  Generated by:           Genus(TM) Synthesis Solution 25.12-s067_1
  Generated on:           Sep 23 2026  08:28:34 pm
  Operating conditions:   ss_typical_max_0p90v_125c (balanced_tree)
  Wireload mode:          top
  Area mode:              timing library
============================================================

                                                                                          
        Gate          Instances    Area                        Library                    
------------------------------------------------------------------------------------------
A2DFFQN_X1M_A9TL              5     37.800 sc9_cln65lp_base_lvt_ss_typical_max_0p90v_125c 
A2DFFQ_X0P5M_A9TL          1013   7293.600 sc9_cln65lp_base_lvt_ss_typical_max_0p90v_125c 
A2DFFQ_X1M_A9TL             187   1413.720 sc9_cln65lp_base_lvt_ss_typical_max_0p90v_125c 
A2DFFQ_X2M_A9TL               6     49.680 sc9_cln65lp_base_lvt_ss_typical_max_0p90v_125c 
A2DFFQ_X3M_A9TL              19    164.160 sc9_cln65lp_base_lvt_ss_typical_max_0p90v_125c 
A2DFFQ_X4M_A9TL              11     99.000 sc9_cln65lp_base_lvt_ss_typical_max_0p90v_125c 
ADDFCIN_X1M_A9TL              1     11.160 sc9_cln65lp_base_lvt_ss_typical_max_0p90v_125c 
ADDFCIN_X1P4M_A9TL            2     23.760 sc9_cln65lp_base_lvt_ss_typical_max_0p90v_125c 
ADDFH_X1M_A9TL              110   1227.600 sc9_cln65lp_base_lvt_ss_typical_max_0p90v_125c 
ADDFH_X1P4M_A9TL              7     83.160 sc9_cln65lp_base_lvt_ss_typical_max_0p90v_125c 
ADDFH_X2M_A9TL              172   2043.360 sc9_cln65lp_base_lvt_ss_typical_max_0p90v_125c 
ADDF_X1M_A9TL              2280  18057.600 sc9_cln65lp_base_lvt_ss_typical_max_0p90v_125c 
ADDF_X1P4M_A9TL             115   1076.400 sc9_cln65lp_base_lvt_ss_typical_max_0p90v_125c 
ADDF_X2M_A9TL                76    711.360 sc9_cln65lp_base_lvt_ss_typical_max_0p90v_125c 
ADDH_X1M_A9TL                35    163.800 sc9_cln65lp_base_lvt_ss_typical_max_0p90v_125c 
ADDH_X1P4M_A9TL               5     28.800 sc9_cln65lp_base_lvt_ss_typical_max_0p90v_125c 
ADDH_X2M_A9TL                12     69.120 sc9_cln65lp_base_lvt_ss_typical_max_0p90v_125c 
AND2_X0P5M_A9TH               3      5.400 sc9_cln65lp_base_hvt_ss_typical_max_0p90v_125c 
AND2_X0P5M_A9TR               1      1.800 sc9_cln65lp_base_rvt_ss_typical_max_0p90v_125c 
AND2_X0P7M_A9TH               4      7.200 sc9_cln65lp_base_hvt_ss_typical_max_0p90v_125c 
AND2_X0P7M_A9TL               4      7.200 sc9_cln65lp_base_lvt_ss_typical_max_0p90v_125c 
AND2_X11M_A9TL               16    178.560 sc9_cln65lp_base_lvt_ss_typical_max_0p90v_125c 
AND2_X1M_A9TH                 2      3.600 sc9_cln65lp_base_hvt_ss_typical_max_0p90v_125c 
AND2_X1M_A9TL              2644   4759.200 sc9_cln65lp_base_lvt_ss_typical_max_0p90v_125c 
AND2_X1P4M_A9TL               9     22.680 sc9_cln65lp_base_lvt_ss_typical_max_0p90v_125c 
AND2_X2M_A9TL               128    322.560 sc9_cln65lp_base_lvt_ss_typical_max_0p90v_125c 
AND2_X3M_A9TL                87    344.520 sc9_cln65lp_base_lvt_ss_typical_max_0p90v_125c 
AND2_X4M_A9TL                87    375.840 sc9_cln65lp_base_lvt_ss_typical_max_0p90v_125c 
AND2_X6M_A9TL                66    403.920 sc9_cln65lp_base_lvt_ss_typical_max_0p90v_125c 
AND2_X8M_A9TL                24    190.080 sc9_cln65lp_base_lvt_ss_typical_max_0p90v_125c 
AND3_X1M_A9TL                18     45.360 sc9_cln65lp_base_lvt_ss_typical_max_0p90v_125c 
AND3_X1P4M_A9TL               1      4.320 sc9_cln65lp_base_lvt_ss_typical_max_0p90v_125c 
AND3_X2M_A9TL                10     43.200 sc9_cln65lp_base_lvt_ss_typical_max_0p90v_125c 
AND3_X3M_A9TL                 5     28.800 sc9_cln65lp_base_lvt_ss_typical_max_0p90v_125c 
AND3_X4M_A9TL                10     64.800 sc9_cln65lp_base_lvt_ss_typical_max_0p90v_125c 
AND3_X6M_A9TL                 7     70.560 sc9_cln65lp_base_lvt_ss_typical_max_0p90v_125c 
AND4_X0P5M_A9TL              18     51.840 sc9_cln65lp_base_lvt_ss_typical_max_0p90v_125c 
AND4_X1P4M_A9TL               4     24.480 sc9_cln65lp_base_lvt_ss_typical_max_0p90v_125c 
AND4_X2M_A9TL                 4     25.920 sc9_cln65lp_base_lvt_ss_typical_max_0p90v_125c 
AND4_X4M_A9TL                 6     71.280 sc9_cln65lp_base_lvt_ss_typical_max_0p90v_125c 
AO1B2_X0P7M_A9TL              2      5.040 sc9_cln65lp_base_lvt_ss_typical_max_0p90v_125c 
AO1B2_X1M_A9TL              123    309.960 sc9_cln65lp_base_lvt_ss_typical_max_0p90v_125c 
AO1B2_X1P4M_A9TL              5     18.000 sc9_cln65lp_base_lvt_ss_typical_max_0p90v_125c 
AO1B2_X2M_A9TL              286   1029.600 sc9_cln65lp_base_lvt_ss_typical_max_0p90v_125c 
AO1B2_X3M_A9TL              241   1301.400 sc9_cln65lp_base_lvt_ss_typical_max_0p90v_125c 
AO1B2_X4M_A9TL              152    930.240 sc9_cln65lp_base_lvt_ss_typical_max_0p90v_125c 
AO1B2_X6M_A9TL               21    189.000 sc9_cln65lp_base_lvt_ss_typical_max_0p90v_125c 
AO21B_X0P7M_A9TL              1      2.520 sc9_cln65lp_base_lvt_ss_typical_max_0p90v_125c 
AO21B_X1M_A9TL              177    446.040 sc9_cln65lp_base_lvt_ss_typical_max_0p90v_125c 
AO21B_X1P4M_A9TL              1      3.600 sc9_cln65lp_base_lvt_ss_typical_max_0p90v_125c 
AO21B_X2M_A9TL              125    450.000 sc9_cln65lp_base_lvt_ss_typical_max_0p90v_125c 
AO21B_X3M_A9TL               53    286.200 sc9_cln65lp_base_lvt_ss_typical_max_0p90v_125c 
AO21B_X4M_A9TL               41    250.920 sc9_cln65lp_base_lvt_ss_typical_max_0p90v_125c 
AO21B_X6M_A9TL               11     99.000 sc9_cln65lp_base_lvt_ss_typical_max_0p90v_125c 
AO21_X1M_A9TL                77    221.760 sc9_cln65lp_base_lvt_ss_typical_max_0p90v_125c 
AO21_X1P4M_A9TL               4     18.720 sc9_cln65lp_base_lvt_ss_typical_max_0p90v_125c 
AO21_X2M_A9TL                15     70.200 sc9_cln65lp_base_lvt_ss_typical_max_0p90v_125c 
AO22_X0P5M_A9TH               2      6.480 sc9_cln65lp_base_hvt_ss_typical_max_0p90v_125c 
AO22_X0P5M_A9TL               3      9.720 sc9_cln65lp_base_lvt_ss_typical_max_0p90v_125c 
AO22_X0P7M_A9TH               2      6.480 sc9_cln65lp_base_hvt_ss_typical_max_0p90v_125c 
AO22_X0P7M_A9TR               1      3.240 sc9_cln65lp_base_rvt_ss_typical_max_0p90v_125c 
AO22_X1M_A9TL              1144   3706.560 sc9_cln65lp_base_lvt_ss_typical_max_0p90v_125c 
AO22_X2M_A9TL               245   1411.200 sc9_cln65lp_base_lvt_ss_typical_max_0p90v_125c 
AO22_X3M_A9TL                21    166.320 sc9_cln65lp_base_lvt_ss_typical_max_0p90v_125c 
AO22_X6M_A9TL                 1     15.120 sc9_cln65lp_base_lvt_ss_typical_max_0p90v_125c 
AOI211_X0P7M_A9TR             1      2.520 sc9_cln65lp_base_rvt_ss_typical_max_0p90v_125c 
AOI211_X1M_A9TL              15     37.800 sc9_cln65lp_base_lvt_ss_typical_max_0p90v_125c 
AOI211_X2M_A9TL               2      8.640 sc9_cln65lp_base_lvt_ss_typical_max_0p90v_125c 
AOI211_X3M_A9TL               1      5.760 sc9_cln65lp_base_lvt_ss_typical_max_0p90v_125c 
AOI211_X4M_A9TL               5     37.800 sc9_cln65lp_base_lvt_ss_typical_max_0p90v_125c 
AOI21B_X1M_A9TL              78    224.640 sc9_cln65lp_base_lvt_ss_typical_max_0p90v_125c 
AOI21B_X1P4M_A9TL             1      4.320 sc9_cln65lp_base_lvt_ss_typical_max_0p90v_125c 
AOI21B_X2M_A9TL              33    142.560 sc9_cln65lp_base_lvt_ss_typical_max_0p90v_125c 
AOI21B_X3M_A9TL              57    328.320 sc9_cln65lp_base_lvt_ss_typical_max_0p90v_125c 
AOI21B_X4M_A9TL              89    640.800 sc9_cln65lp_base_lvt_ss_typical_max_0p90v_125c 
AOI21B_X6M_A9TL              38    396.720 sc9_cln65lp_base_lvt_ss_typical_max_0p90v_125c 
AOI21B_X8M_A9TL               6     79.920 sc9_cln65lp_base_lvt_ss_typical_max_0p90v_125c 
AOI21_X0P7M_A9TR              4      8.640 sc9_cln65lp_base_rvt_ss_typical_max_0p90v_125c 
AOI21_X1M_A9TL              841   1816.560 sc9_cln65lp_base_lvt_ss_typical_max_0p90v_125c 
AOI21_X1M_A9TR                1      2.160 sc9_cln65lp_base_rvt_ss_typical_max_0p90v_125c 
AOI21_X1P4M_A9TL              7     25.200 sc9_cln65lp_base_lvt_ss_typical_max_0p90v_125c 
AOI21_X2M_A9TL              158    568.800 sc9_cln65lp_base_lvt_ss_typical_max_0p90v_125c 
AOI21_X2M_A9TR                2      7.200 sc9_cln65lp_base_rvt_ss_typical_max_0p90v_125c 
AOI21_X3M_A9TL              114    533.520 sc9_cln65lp_base_lvt_ss_typical_max_0p90v_125c 
AOI21_X4M_A9TL               74    452.880 sc9_cln65lp_base_lvt_ss_typical_max_0p90v_125c 
AOI21_X6M_A9TL              106    954.000 sc9_cln65lp_base_lvt_ss_typical_max_0p90v_125c 
AOI21_X8M_A9TL               12    142.560 sc9_cln65lp_base_lvt_ss_typical_max_0p90v_125c 
AOI221_X1M_A9TL              66    213.840 sc9_cln65lp_base_lvt_ss_typical_max_0p90v_125c 
AOI221_X1P4M_A9TL             6     34.560 sc9_cln65lp_base_lvt_ss_typical_max_0p90v_125c 
AOI221_X2M_A9TL               7     40.320 sc9_cln65lp_base_lvt_ss_typical_max_0p90v_125c 
AOI221_X2M_A9TR               4     23.040 sc9_cln65lp_base_rvt_ss_typical_max_0p90v_125c 
AOI222_X1M_A9TL              63    249.480 sc9_cln65lp_base_lvt_ss_typical_max_0p90v_125c 
AOI22_X0P5M_A9TR              1      2.520 sc9_cln65lp_base_rvt_ss_typical_max_0p90v_125c 
AOI22_X0P7M_A9TR              2      5.040 sc9_cln65lp_base_rvt_ss_typical_max_0p90v_125c 
AOI22_X1M_A9TL              435   1096.200 sc9_cln65lp_base_lvt_ss_typical_max_0p90v_125c 
AOI22_X1P4M_A9TL             17     73.440 sc9_cln65lp_base_lvt_ss_typical_max_0p90v_125c 
AOI22_X2M_A9TL              337   1455.840 sc9_cln65lp_base_lvt_ss_typical_max_0p90v_125c 
AOI22_X2M_A9TR                7     30.240 sc9_cln65lp_base_rvt_ss_typical_max_0p90v_125c 
AOI22_X3M_A9TL               97    593.640 sc9_cln65lp_base_lvt_ss_typical_max_0p90v_125c 
AOI22_X4M_A9TL               27    223.560 sc9_cln65lp_base_lvt_ss_typical_max_0p90v_125c 
AOI22_X6M_A9TL                2     23.760 sc9_cln65lp_base_lvt_ss_typical_max_0p90v_125c 
AOI2XB1_X0P7M_A9TL           28     80.640 sc9_cln65lp_base_lvt_ss_typical_max_0p90v_125c 
AOI2XB1_X1M_A9TL             59    169.920 sc9_cln65lp_base_lvt_ss_typical_max_0p90v_125c 
AOI2XB1_X1P4M_A9TL            2      8.640 sc9_cln65lp_base_lvt_ss_typical_max_0p90v_125c 
AOI2XB1_X2M_A9TL             37    159.840 sc9_cln65lp_base_lvt_ss_typical_max_0p90v_125c 
AOI2XB1_X3M_A9TL              9     51.840 sc9_cln65lp_base_lvt_ss_typical_max_0p90v_125c 
AOI2XB1_X4M_A9TL              4     30.240 sc9_cln65lp_base_lvt_ss_typical_max_0p90v_125c 
AOI2XB1_X6M_A9TL              4     41.760 sc9_cln65lp_base_lvt_ss_typical_max_0p90v_125c 
AOI31_X1M_A9TL               46    115.920 sc9_cln65lp_base_lvt_ss_typical_max_0p90v_125c 
AOI31_X2M_A9TL               26    112.320 sc9_cln65lp_base_lvt_ss_typical_max_0p90v_125c 
AOI31_X3M_A9TL                4     24.480 sc9_cln65lp_base_lvt_ss_typical_max_0p90v_125c 
AOI31_X4M_A9TL                6     49.680 sc9_cln65lp_base_lvt_ss_typical_max_0p90v_125c 
AOI31_X6M_A9TL                1     11.880 sc9_cln65lp_base_lvt_ss_typical_max_0p90v_125c 
AOI32_X1M_A9TL               62    178.560 sc9_cln65lp_base_lvt_ss_typical_max_0p90v_125c 
AOI32_X1P4M_A9TL              1      5.400 sc9_cln65lp_base_lvt_ss_typical_max_0p90v_125c 
AOI32_X2M_A9TL                1      5.400 sc9_cln65lp_base_lvt_ss_typical_max_0p90v_125c 
BUFH_X0P7M_A9TH               3      4.320 sc9_cln65lp_base_hvt_ss_typical_max_0p90v_125c 
BUFH_X0P7M_A9TL              22     31.680 sc9_cln65lp_base_lvt_ss_typical_max_0p90v_125c 
BUFH_X0P7M_A9TR               6      8.640 sc9_cln65lp_base_rvt_ss_typical_max_0p90v_125c 
BUFH_X0P8M_A9TH               1      1.440 sc9_cln65lp_base_hvt_ss_typical_max_0p90v_125c 
BUFH_X0P8M_A9TL               2      2.880 sc9_cln65lp_base_lvt_ss_typical_max_0p90v_125c 
BUFH_X11M_A9TL                2     18.000 sc9_cln65lp_base_lvt_ss_typical_max_0p90v_125c 
BUFH_X13M_A9TL                2     20.880 sc9_cln65lp_base_lvt_ss_typical_max_0p90v_125c 
BUFH_X16M_A9TL                2     25.920 sc9_cln65lp_base_lvt_ss_typical_max_0p90v_125c 
BUFH_X1M_A9TL                83    119.520 sc9_cln65lp_base_lvt_ss_typical_max_0p90v_125c 
BUFH_X1P2M_A9TL              28     60.480 sc9_cln65lp_base_lvt_ss_typical_max_0p90v_125c 
BUFH_X1P4M_A9TL              24     51.840 sc9_cln65lp_base_lvt_ss_typical_max_0p90v_125c 
BUFH_X1P7M_A9TL               1      2.520 sc9_cln65lp_base_lvt_ss_typical_max_0p90v_125c 
BUFH_X2M_A9TL                15     37.800 sc9_cln65lp_base_lvt_ss_typical_max_0p90v_125c 
BUFH_X2P5M_A9TL               1      2.880 sc9_cln65lp_base_lvt_ss_typical_max_0p90v_125c 
BUFH_X3M_A9TL                 6     17.280 sc9_cln65lp_base_lvt_ss_typical_max_0p90v_125c 
BUFH_X4M_A9TL                 2      7.920 sc9_cln65lp_base_lvt_ss_typical_max_0p90v_125c 
BUFH_X5M_A9TL                 3     14.040 sc9_cln65lp_base_lvt_ss_typical_max_0p90v_125c 
BUFH_X6M_A9TL                 3     16.200 sc9_cln65lp_base_lvt_ss_typical_max_0p90v_125c 
BUFH_X7P5M_A9TL               1      6.840 sc9_cln65lp_base_lvt_ss_typical_max_0p90v_125c 
BUFH_X9M_A9TL                 2     15.120 sc9_cln65lp_base_lvt_ss_typical_max_0p90v_125c 
BUF_X0P7B_A9TL                1      1.440 sc9_cln65lp_base_lvt_ss_typical_max_0p90v_125c 
BUF_X0P8B_A9TL                5      7.200 sc9_cln65lp_base_lvt_ss_typical_max_0p90v_125c 
BUF_X0P8M_A9TL                1      1.440 sc9_cln65lp_base_lvt_ss_typical_max_0p90v_125c 
BUF_X11M_A9TL                 3     22.680 sc9_cln65lp_base_lvt_ss_typical_max_0p90v_125c 
BUF_X13M_A9TL                 2     17.280 sc9_cln65lp_base_lvt_ss_typical_max_0p90v_125c 
BUF_X16M_A9TL                 7     73.080 sc9_cln65lp_base_lvt_ss_typical_max_0p90v_125c 
BUF_X1B_A9TL                  2      2.880 sc9_cln65lp_base_lvt_ss_typical_max_0p90v_125c 
BUF_X1M_A9TH                  4      5.760 sc9_cln65lp_base_hvt_ss_typical_max_0p90v_125c 
BUF_X1M_A9TL                  3      4.320 sc9_cln65lp_base_lvt_ss_typical_max_0p90v_125c 
BUF_X1M_A9TR                  1      1.440 sc9_cln65lp_base_rvt_ss_typical_max_0p90v_125c 
BUF_X1P2B_A9TL                1      1.800 sc9_cln65lp_base_lvt_ss_typical_max_0p90v_125c 
BUF_X1P7M_A9TL                9     19.440 sc9_cln65lp_base_lvt_ss_typical_max_0p90v_125c 
BUF_X2B_A9TH                  1      2.160 sc9_cln65lp_base_hvt_ss_typical_max_0p90v_125c 
BUF_X2M_A9TL                 45     97.200 sc9_cln65lp_base_lvt_ss_typical_max_0p90v_125c 
BUF_X2P5M_A9TL                7     17.640 sc9_cln65lp_base_lvt_ss_typical_max_0p90v_125c 
BUF_X3B_A9TH                  1      2.520 sc9_cln65lp_base_hvt_ss_typical_max_0p90v_125c 
BUF_X3B_A9TL                  1      2.520 sc9_cln65lp_base_lvt_ss_typical_max_0p90v_125c 
BUF_X3M_A9TL                 98    246.960 sc9_cln65lp_base_lvt_ss_typical_max_0p90v_125c 
BUF_X3M_A9TR                  2      5.040 sc9_cln65lp_base_rvt_ss_typical_max_0p90v_125c 
BUF_X3P5M_A9TL                5     16.200 sc9_cln65lp_base_lvt_ss_typical_max_0p90v_125c 
BUF_X4B_A9TL                  1      3.600 sc9_cln65lp_base_lvt_ss_typical_max_0p90v_125c 
BUF_X4M_A9TL                  4     14.400 sc9_cln65lp_base_lvt_ss_typical_max_0p90v_125c 
BUF_X5M_A9TL                 11     43.560 sc9_cln65lp_base_lvt_ss_typical_max_0p90v_125c 
BUF_X6M_A9TL                 35    151.200 sc9_cln65lp_base_lvt_ss_typical_max_0p90v_125c 
BUF_X7P5B_A9TL                1      5.760 sc9_cln65lp_base_lvt_ss_typical_max_0p90v_125c 
BUF_X9M_A9TL                 10     61.200 sc9_cln65lp_base_lvt_ss_typical_max_0p90v_125c 
CGENCIN_X1M_A9TL              4     28.800 sc9_cln65lp_base_lvt_ss_typical_max_0p90v_125c 
CGENCIN_X1P4M_A9TL            2     21.600 sc9_cln65lp_base_lvt_ss_typical_max_0p90v_125c 
CGENCIN_X2M_A9TL              4     43.200 sc9_cln65lp_base_lvt_ss_typical_max_0p90v_125c 
CGENCON_X1M_A9TL              1      6.840 sc9_cln65lp_base_lvt_ss_typical_max_0p90v_125c 
CGENI_X1M_A9TL               99    285.120 sc9_cln65lp_base_lvt_ss_typical_max_0p90v_125c 
CGENI_X1M_A9TR                2      5.760 sc9_cln65lp_base_rvt_ss_typical_max_0p90v_125c 
CGENI_X1P4M_A9TL             12     64.800 sc9_cln65lp_base_lvt_ss_typical_max_0p90v_125c 
CGENI_X2M_A9TL              477   2575.800 sc9_cln65lp_base_lvt_ss_typical_max_0p90v_125c 
CGENI_X2M_A9TR                1      5.400 sc9_cln65lp_base_rvt_ss_typical_max_0p90v_125c 
CGEN_X1M_A9TL               172    619.200 sc9_cln65lp_base_lvt_ss_typical_max_0p90v_125c 
CGEN_X1M_A9TR                 8     28.800 sc9_cln65lp_base_rvt_ss_typical_max_0p90v_125c 
CGEN_X1P4M_A9TL              48    190.080 sc9_cln65lp_base_lvt_ss_typical_max_0p90v_125c 
CGEN_X2M_A9TL               532   2106.720 sc9_cln65lp_base_lvt_ss_typical_max_0p90v_125c 
CMPR42_X1M_A9TL              29    469.800 sc9_cln65lp_base_lvt_ss_typical_max_0p90v_125c 
CMPR42_X1M_A9TR              43    696.600 sc9_cln65lp_base_rvt_ss_typical_max_0p90v_125c 
CMPR42_X2M_A9TL              16    282.240 sc9_cln65lp_base_lvt_ss_typical_max_0p90v_125c 
DFFQ_X1M_A9TL               142   1073.520 sc9_cln65lp_base_lvt_ss_typical_max_0p90v_125c 
DFFQ_X2M_A9TL                16    132.480 sc9_cln65lp_base_lvt_ss_typical_max_0p90v_125c 
DFFQ_X3M_A9TL                66    594.000 sc9_cln65lp_base_lvt_ss_typical_max_0p90v_125c 
DFFQ_X4M_A9TL                35    327.600 sc9_cln65lp_base_lvt_ss_typical_max_0p90v_125c 
DFFRPQN_X1M_A9TL              1      8.280 sc9_cln65lp_base_lvt_ss_typical_max_0p90v_125c 
DFFRPQN_X2M_A9TL              1      8.640 sc9_cln65lp_base_lvt_ss_typical_max_0p90v_125c 
DFFRPQ_X1M_A9TL             150   1296.000 sc9_cln65lp_base_lvt_ss_typical_max_0p90v_125c 
DFFRPQ_X2M_A9TL              89    801.000 sc9_cln65lp_base_lvt_ss_typical_max_0p90v_125c 
DFFRPQ_X3M_A9TL              12    112.320 sc9_cln65lp_base_lvt_ss_typical_max_0p90v_125c 
DFFRPQ_X4M_A9TL              65    655.200 sc9_cln65lp_base_lvt_ss_typical_max_0p90v_125c 
DLY4_X4M_A9TL                 1      6.120 sc9_cln65lp_base_lvt_ss_typical_max_0p90v_125c 
INV_X0P5B_A9TH                2      2.160 sc9_cln65lp_base_hvt_ss_typical_max_0p90v_125c 
INV_X0P6B_A9TH                1      1.080 sc9_cln65lp_base_hvt_ss_typical_max_0p90v_125c 
INV_X0P7M_A9TL                3      3.240 sc9_cln65lp_base_lvt_ss_typical_max_0p90v_125c 
INV_X0P8M_A9TH                1      1.080 sc9_cln65lp_base_hvt_ss_typical_max_0p90v_125c 
INV_X0P8M_A9TL              500    540.000 sc9_cln65lp_base_lvt_ss_typical_max_0p90v_125c 
INV_X11B_A9TL                 2     11.520 sc9_cln65lp_base_lvt_ss_typical_max_0p90v_125c 
INV_X11M_A9TL               128    737.280 sc9_cln65lp_base_lvt_ss_typical_max_0p90v_125c 
INV_X13M_A9TL                41    280.440 sc9_cln65lp_base_lvt_ss_typical_max_0p90v_125c 
INV_X16B_A9TL                 1      8.280 sc9_cln65lp_base_lvt_ss_typical_max_0p90v_125c 
INV_X16M_A9TL                43    356.040 sc9_cln65lp_base_lvt_ss_typical_max_0p90v_125c 
INV_X1B_A9TH                  1      1.080 sc9_cln65lp_base_hvt_ss_typical_max_0p90v_125c 
INV_X1B_A9TL                 24     25.920 sc9_cln65lp_base_lvt_ss_typical_max_0p90v_125c 
INV_X1M_A9TH                  9      9.720 sc9_cln65lp_base_hvt_ss_typical_max_0p90v_125c 
INV_X1M_A9TL               1657   1789.560 sc9_cln65lp_base_lvt_ss_typical_max_0p90v_125c 
INV_X1M_A9TR                 14     15.120 sc9_cln65lp_base_rvt_ss_typical_max_0p90v_125c 
INV_X1P2B_A9TL                3      4.320 sc9_cln65lp_base_lvt_ss_typical_max_0p90v_125c 
INV_X1P4B_A9TL                5      7.200 sc9_cln65lp_base_lvt_ss_typical_max_0p90v_125c 
INV_X1P4M_A9TL               46     66.240 sc9_cln65lp_base_lvt_ss_typical_max_0p90v_125c 
INV_X1P7M_A9TL                1      1.440 sc9_cln65lp_base_lvt_ss_typical_max_0p90v_125c 
INV_X1P7M_A9TR                2      2.880 sc9_cln65lp_base_rvt_ss_typical_max_0p90v_125c 
INV_X2B_A9TL                114    164.160 sc9_cln65lp_base_lvt_ss_typical_max_0p90v_125c 
INV_X2B_A9TR                  1      1.440 sc9_cln65lp_base_rvt_ss_typical_max_0p90v_125c 
INV_X2M_A9TL                832   1198.080 sc9_cln65lp_base_lvt_ss_typical_max_0p90v_125c 
INV_X2M_A9TR                  4      5.760 sc9_cln65lp_base_rvt_ss_typical_max_0p90v_125c 
INV_X2P5M_A9TL                7     15.120 sc9_cln65lp_base_lvt_ss_typical_max_0p90v_125c 
INV_X3B_A9TL                 12     25.920 sc9_cln65lp_base_lvt_ss_typical_max_0p90v_125c 
INV_X3M_A9TL                393    848.880 sc9_cln65lp_base_lvt_ss_typical_max_0p90v_125c 
INV_X3P5M_A9TL                6     15.120 sc9_cln65lp_base_lvt_ss_typical_max_0p90v_125c 
INV_X4B_A9TL                  3      7.560 sc9_cln65lp_base_lvt_ss_typical_max_0p90v_125c 
INV_X4M_A9TL                368    927.360 sc9_cln65lp_base_lvt_ss_typical_max_0p90v_125c 
INV_X5B_A9TL                  5     14.400 sc9_cln65lp_base_lvt_ss_typical_max_0p90v_125c 
INV_X5M_A9TL                216    622.080 sc9_cln65lp_base_lvt_ss_typical_max_0p90v_125c 
INV_X6B_A9TL                  3     10.800 sc9_cln65lp_base_lvt_ss_typical_max_0p90v_125c 
INV_X6M_A9TL                170    612.000 sc9_cln65lp_base_lvt_ss_typical_max_0p90v_125c 
INV_X7P5B_A9TL                8     34.560 sc9_cln65lp_base_lvt_ss_typical_max_0p90v_125c 
INV_X7P5M_A9TL              278   1200.960 sc9_cln65lp_base_lvt_ss_typical_max_0p90v_125c 
INV_X9B_A9TL                 10     46.800 sc9_cln65lp_base_lvt_ss_typical_max_0p90v_125c 
INV_X9M_A9TL                128    599.040 sc9_cln65lp_base_lvt_ss_typical_max_0p90v_125c 
MX2_X1B_A9TL                  3     12.960 sc9_cln65lp_base_lvt_ss_typical_max_0p90v_125c 
MX2_X1M_A9TL                  2      8.640 sc9_cln65lp_base_lvt_ss_typical_max_0p90v_125c 
MX2_X1P4B_A9TL                1      5.040 sc9_cln65lp_base_lvt_ss_typical_max_0p90v_125c 
MX2_X1P4M_A9TL                2     10.080 sc9_cln65lp_base_lvt_ss_typical_max_0p90v_125c 
MX2_X2M_A9TL                  7     37.800 sc9_cln65lp_base_lvt_ss_typical_max_0p90v_125c 
MX2_X3M_A9TL                  4     33.120 sc9_cln65lp_base_lvt_ss_typical_max_0p90v_125c 
MX2_X4B_A9TL                  5     46.800 sc9_cln65lp_base_lvt_ss_typical_max_0p90v_125c 
MX2_X4M_A9TL                  2     18.720 sc9_cln65lp_base_lvt_ss_typical_max_0p90v_125c 
MX2_X6M_A9TL                  2     25.920 sc9_cln65lp_base_lvt_ss_typical_max_0p90v_125c 
MXIT2_X0P5M_A9TL              9     29.160 sc9_cln65lp_base_lvt_ss_typical_max_0p90v_125c 
MXIT2_X0P7M_A9TL              1      3.600 sc9_cln65lp_base_lvt_ss_typical_max_0p90v_125c 
MXIT2_X1M_A9TL              751   2703.600 sc9_cln65lp_base_lvt_ss_typical_max_0p90v_125c 
MXIT2_X1P4M_A9TL             45    291.600 sc9_cln65lp_base_lvt_ss_typical_max_0p90v_125c 
MXIT2_X2M_A9TL              899   5825.520 sc9_cln65lp_base_lvt_ss_typical_max_0p90v_125c 
MXIT2_X2M_A9TR                6     38.880 sc9_cln65lp_base_rvt_ss_typical_max_0p90v_125c 
MXIT2_X3M_A9TL              680   5140.800 sc9_cln65lp_base_lvt_ss_typical_max_0p90v_125c 
MXIT2_X4M_A9TL               21    211.680 sc9_cln65lp_base_lvt_ss_typical_max_0p90v_125c 
MXT2_X0P5M_A9TL              37    133.200 sc9_cln65lp_base_lvt_ss_typical_max_0p90v_125c 
MXT2_X0P7M_A9TL             142    511.200 sc9_cln65lp_base_lvt_ss_typical_max_0p90v_125c 
MXT2_X1M_A9TL                15     64.800 sc9_cln65lp_base_lvt_ss_typical_max_0p90v_125c 
MXT2_X1M_A9TR                 3     12.960 sc9_cln65lp_base_rvt_ss_typical_max_0p90v_125c 
MXT2_X1P4M_A9TL              43    216.720 sc9_cln65lp_base_lvt_ss_typical_max_0p90v_125c 
MXT2_X2M_A9TL                18    123.120 sc9_cln65lp_base_lvt_ss_typical_max_0p90v_125c 
MXT2_X3M_A9TL                15    124.200 sc9_cln65lp_base_lvt_ss_typical_max_0p90v_125c 
MXT2_X4M_A9TL                30    291.600 sc9_cln65lp_base_lvt_ss_typical_max_0p90v_125c 
MXT2_X6M_A9TL                26    271.440 sc9_cln65lp_base_lvt_ss_typical_max_0p90v_125c 
NAND2B_X0P5M_A9TR             9     19.440 sc9_cln65lp_base_rvt_ss_typical_max_0p90v_125c 
NAND2B_X0P7M_A9TH             1      2.160 sc9_cln65lp_base_hvt_ss_typical_max_0p90v_125c 
NAND2B_X1M_A9TH               7     15.120 sc9_cln65lp_base_hvt_ss_typical_max_0p90v_125c 
NAND2B_X1M_A9TL             308    665.280 sc9_cln65lp_base_lvt_ss_typical_max_0p90v_125c 
NAND2B_X1M_A9TR               2      4.320 sc9_cln65lp_base_rvt_ss_typical_max_0p90v_125c 
NAND2B_X1P4M_A9TH             1      2.880 sc9_cln65lp_base_hvt_ss_typical_max_0p90v_125c 
NAND2B_X1P4M_A9TL             3      8.640 sc9_cln65lp_base_lvt_ss_typical_max_0p90v_125c 
NAND2B_X2M_A9TL              32     92.160 sc9_cln65lp_base_lvt_ss_typical_max_0p90v_125c 
NAND2B_X3M_A9TL              14     55.440 sc9_cln65lp_base_lvt_ss_typical_max_0p90v_125c 
NAND2B_X4M_A9TL              24    112.320 sc9_cln65lp_base_lvt_ss_typical_max_0p90v_125c 
NAND2B_X6M_A9TL               9     61.560 sc9_cln65lp_base_lvt_ss_typical_max_0p90v_125c 
NAND2XB_X1M_A9TL            227    490.320 sc9_cln65lp_base_lvt_ss_typical_max_0p90v_125c 
NAND2XB_X1M_A9TR              1      2.160 sc9_cln65lp_base_rvt_ss_typical_max_0p90v_125c 
NAND2XB_X1P4M_A9TL            9     25.920 sc9_cln65lp_base_lvt_ss_typical_max_0p90v_125c 
NAND2XB_X2M_A9TL             99    285.120 sc9_cln65lp_base_lvt_ss_typical_max_0p90v_125c 
NAND2XB_X3M_A9TL             19     75.240 sc9_cln65lp_base_lvt_ss_typical_max_0p90v_125c 
NAND2XB_X4M_A9TL             13     60.840 sc9_cln65lp_base_lvt_ss_typical_max_0p90v_125c 
NAND2XB_X6M_A9TL             10     68.400 sc9_cln65lp_base_lvt_ss_typical_max_0p90v_125c 
NAND2XB_X8M_A9TL              2     17.280 sc9_cln65lp_base_lvt_ss_typical_max_0p90v_125c 
NAND2_X0P7M_A9TR              1      1.440 sc9_cln65lp_base_rvt_ss_typical_max_0p90v_125c 
NAND2_X1A_A9TL             1995   2872.800 sc9_cln65lp_base_lvt_ss_typical_max_0p90v_125c 
NAND2_X1B_A9TL              271    390.240 sc9_cln65lp_base_lvt_ss_typical_max_0p90v_125c 
NAND2_X1M_A9TH                1      1.440 sc9_cln65lp_base_hvt_ss_typical_max_0p90v_125c 
NAND2_X1M_A9TL             1278   1840.320 sc9_cln65lp_base_lvt_ss_typical_max_0p90v_125c 
NAND2_X1M_A9TR                8     11.520 sc9_cln65lp_base_rvt_ss_typical_max_0p90v_125c 
NAND2_X1P4A_A9TL              5     12.600 sc9_cln65lp_base_lvt_ss_typical_max_0p90v_125c 
NAND2_X1P4B_A9TL             12     30.240 sc9_cln65lp_base_lvt_ss_typical_max_0p90v_125c 
NAND2_X1P4M_A9TL            485   1047.600 sc9_cln65lp_base_lvt_ss_typical_max_0p90v_125c 
NAND2_X2A_A9TL              364    917.280 sc9_cln65lp_base_lvt_ss_typical_max_0p90v_125c 
NAND2_X2A_A9TR                4     10.080 sc9_cln65lp_base_rvt_ss_typical_max_0p90v_125c 
NAND2_X2B_A9TL               50    126.000 sc9_cln65lp_base_lvt_ss_typical_max_0p90v_125c 
NAND2_X2B_A9TR                2      5.040 sc9_cln65lp_base_rvt_ss_typical_max_0p90v_125c 
NAND2_X2M_A9TL               75    189.000 sc9_cln65lp_base_lvt_ss_typical_max_0p90v_125c 
NAND2_X3A_A9TL              168    604.800 sc9_cln65lp_base_lvt_ss_typical_max_0p90v_125c 
NAND2_X3B_A9TL                6     21.600 sc9_cln65lp_base_lvt_ss_typical_max_0p90v_125c 
NAND2_X3M_A9TL               31    111.600 sc9_cln65lp_base_lvt_ss_typical_max_0p90v_125c 
NAND2_X3M_A9TR                1      3.600 sc9_cln65lp_base_rvt_ss_typical_max_0p90v_125c 
NAND2_X4A_A9TL               67    289.440 sc9_cln65lp_base_lvt_ss_typical_max_0p90v_125c 
NAND2_X4B_A9TL               27    116.640 sc9_cln65lp_base_lvt_ss_typical_max_0p90v_125c 
NAND2_X4M_A9TL              213    843.480 sc9_cln65lp_base_lvt_ss_typical_max_0p90v_125c 
NAND2_X6A_A9TL               28    171.360 sc9_cln65lp_base_lvt_ss_typical_max_0p90v_125c 
NAND2_X6B_A9TL                6     36.720 sc9_cln65lp_base_lvt_ss_typical_max_0p90v_125c 
NAND2_X6M_A9TL              120    734.400 sc9_cln65lp_base_lvt_ss_typical_max_0p90v_125c 
NAND2_X8A_A9TL               27    223.560 sc9_cln65lp_base_lvt_ss_typical_max_0p90v_125c 
NAND2_X8B_A9TL                4     33.120 sc9_cln65lp_base_lvt_ss_typical_max_0p90v_125c 
NAND2_X8M_A9TL               57    430.920 sc9_cln65lp_base_lvt_ss_typical_max_0p90v_125c 
NAND3B_X1M_A9TL              14     35.280 sc9_cln65lp_base_lvt_ss_typical_max_0p90v_125c 
NAND3B_X1P4M_A9TL             3     10.800 sc9_cln65lp_base_lvt_ss_typical_max_0p90v_125c 
NAND3B_X6M_A9TL               1      9.000 sc9_cln65lp_base_lvt_ss_typical_max_0p90v_125c 
NAND3XXB_X1M_A9TL            67    168.840 sc9_cln65lp_base_lvt_ss_typical_max_0p90v_125c 
NAND3XXB_X2M_A9TL             8     31.680 sc9_cln65lp_base_lvt_ss_typical_max_0p90v_125c 
NAND3XXB_X3M_A9TL            11     55.440 sc9_cln65lp_base_lvt_ss_typical_max_0p90v_125c 
NAND3XXB_X4M_A9TL            14     85.680 sc9_cln65lp_base_lvt_ss_typical_max_0p90v_125c 
NAND3XXB_X6M_A9TL            13    117.000 sc9_cln65lp_base_lvt_ss_typical_max_0p90v_125c 
NAND3_X1A_A9TL               19     41.040 sc9_cln65lp_base_lvt_ss_typical_max_0p90v_125c 
NAND3_X1M_A9TL               38     82.080 sc9_cln65lp_base_lvt_ss_typical_max_0p90v_125c 
NAND3_X2A_A9TL                9     29.160 sc9_cln65lp_base_lvt_ss_typical_max_0p90v_125c 
NAND3_X2M_A9TL               34    110.160 sc9_cln65lp_base_lvt_ss_typical_max_0p90v_125c 
NAND3_X2M_A9TR                1      3.240 sc9_cln65lp_base_rvt_ss_typical_max_0p90v_125c 
NAND3_X3M_A9TL               13     60.840 sc9_cln65lp_base_lvt_ss_typical_max_0p90v_125c 
NAND3_X4A_A9TL                8     46.080 sc9_cln65lp_base_lvt_ss_typical_max_0p90v_125c 
NAND3_X4M_A9TL               12     69.120 sc9_cln65lp_base_lvt_ss_typical_max_0p90v_125c 
NAND3_X6A_A9TL               15    118.800 sc9_cln65lp_base_lvt_ss_typical_max_0p90v_125c 
NAND3_X6M_A9TL                2     17.280 sc9_cln65lp_base_lvt_ss_typical_max_0p90v_125c 
NAND4B_X2M_A9TL               1      5.040 sc9_cln65lp_base_lvt_ss_typical_max_0p90v_125c 
NAND4XXXB_X1M_A9TL           10     28.800 sc9_cln65lp_base_lvt_ss_typical_max_0p90v_125c 
NAND4XXXB_X1P4M_A9TL         35    126.000 sc9_cln65lp_base_lvt_ss_typical_max_0p90v_125c 
NAND4XXXB_X4M_A9TL            2     15.120 sc9_cln65lp_base_lvt_ss_typical_max_0p90v_125c 
NAND4_X1A_A9TL                7     17.640 sc9_cln65lp_base_lvt_ss_typical_max_0p90v_125c 
NAND4_X1M_A9TL               54    136.080 sc9_cln65lp_base_lvt_ss_typical_max_0p90v_125c 
NAND4_X1P4M_A9TL              2      7.200 sc9_cln65lp_base_lvt_ss_typical_max_0p90v_125c 
NAND4_X2A_A9TL                1      3.960 sc9_cln65lp_base_lvt_ss_typical_max_0p90v_125c 
NAND4_X3A_A9TL                1      5.760 sc9_cln65lp_base_lvt_ss_typical_max_0p90v_125c 
NAND4_X4A_A9TL                9     64.800 sc9_cln65lp_base_lvt_ss_typical_max_0p90v_125c 
NAND4_X4M_A9TL                1      7.200 sc9_cln65lp_base_lvt_ss_typical_max_0p90v_125c 
NOR2B_X0P5M_A9TL              1      2.160 sc9_cln65lp_base_lvt_ss_typical_max_0p90v_125c 
NOR2B_X0P5M_A9TR              1      2.160 sc9_cln65lp_base_rvt_ss_typical_max_0p90v_125c 
NOR2B_X0P7M_A9TL             13     28.080 sc9_cln65lp_base_lvt_ss_typical_max_0p90v_125c 
NOR2B_X1M_A9TL              313    676.080 sc9_cln65lp_base_lvt_ss_typical_max_0p90v_125c 
NOR2B_X1M_A9TR                5     10.800 sc9_cln65lp_base_rvt_ss_typical_max_0p90v_125c 
NOR2B_X1P4M_A9TL              7     20.160 sc9_cln65lp_base_lvt_ss_typical_max_0p90v_125c 
NOR2B_X1P4M_A9TR              4     11.520 sc9_cln65lp_base_rvt_ss_typical_max_0p90v_125c 
NOR2B_X2M_A9TL               12     34.560 sc9_cln65lp_base_lvt_ss_typical_max_0p90v_125c 
NOR2B_X2M_A9TR                8     23.040 sc9_cln65lp_base_rvt_ss_typical_max_0p90v_125c 
NOR2B_X3M_A9TL                6     21.600 sc9_cln65lp_base_lvt_ss_typical_max_0p90v_125c 
NOR2B_X4M_A9TL                3     12.960 sc9_cln65lp_base_lvt_ss_typical_max_0p90v_125c 
NOR2B_X8M_A9TL                1      8.280 sc9_cln65lp_base_lvt_ss_typical_max_0p90v_125c 
NOR2XB_X0P7M_A9TL             5     10.800 sc9_cln65lp_base_lvt_ss_typical_max_0p90v_125c 
NOR2XB_X1M_A9TL              20     43.200 sc9_cln65lp_base_lvt_ss_typical_max_0p90v_125c 
NOR2XB_X1P4M_A9TL             1      2.880 sc9_cln65lp_base_lvt_ss_typical_max_0p90v_125c 
NOR2XB_X2M_A9TL              12     34.560 sc9_cln65lp_base_lvt_ss_typical_max_0p90v_125c 
NOR2XB_X2M_A9TR               2      5.760 sc9_cln65lp_base_rvt_ss_typical_max_0p90v_125c 
NOR2XB_X3M_A9TL              34    122.400 sc9_cln65lp_base_lvt_ss_typical_max_0p90v_125c 
NOR2XB_X4M_A9TL              11     47.520 sc9_cln65lp_base_lvt_ss_typical_max_0p90v_125c 
NOR2XB_X6M_A9TL               7     45.360 sc9_cln65lp_base_lvt_ss_typical_max_0p90v_125c 
NOR2XB_X8M_A9TL               7     57.960 sc9_cln65lp_base_lvt_ss_typical_max_0p90v_125c 
NOR2_X0P7M_A9TL               1      1.440 sc9_cln65lp_base_lvt_ss_typical_max_0p90v_125c 
NOR2_X0P7M_A9TR               2      2.880 sc9_cln65lp_base_rvt_ss_typical_max_0p90v_125c 
NOR2_X1A_A9TL               503    724.320 sc9_cln65lp_base_lvt_ss_typical_max_0p90v_125c 
NOR2_X1B_A9TL               275    396.000 sc9_cln65lp_base_lvt_ss_typical_max_0p90v_125c 
NOR2_X1M_A9TL               336    483.840 sc9_cln65lp_base_lvt_ss_typical_max_0p90v_125c 
NOR2_X1P4A_A9TL             232    501.120 sc9_cln65lp_base_lvt_ss_typical_max_0p90v_125c 
NOR2_X1P4B_A9TL               8     17.280 sc9_cln65lp_base_lvt_ss_typical_max_0p90v_125c 
NOR2_X1P4M_A9TL              18     38.880 sc9_cln65lp_base_lvt_ss_typical_max_0p90v_125c 
NOR2_X1P4M_A9TR               5     10.800 sc9_cln65lp_base_rvt_ss_typical_max_0p90v_125c 
NOR2_X2A_A9TL               206    519.120 sc9_cln65lp_base_lvt_ss_typical_max_0p90v_125c 
NOR2_X2B_A9TL                 6     15.120 sc9_cln65lp_base_lvt_ss_typical_max_0p90v_125c 
NOR2_X2M_A9TL                13     32.760 sc9_cln65lp_base_lvt_ss_typical_max_0p90v_125c 
NOR2_X3A_A9TL               218    706.320 sc9_cln65lp_base_lvt_ss_typical_max_0p90v_125c 
NOR2_X3B_A9TL                19     61.560 sc9_cln65lp_base_lvt_ss_typical_max_0p90v_125c 
NOR2_X3M_A9TL                25     81.000 sc9_cln65lp_base_lvt_ss_typical_max_0p90v_125c 
NOR2_X4A_A9TL                60    237.600 sc9_cln65lp_base_lvt_ss_typical_max_0p90v_125c 
NOR2_X4B_A9TL                19     75.240 sc9_cln65lp_base_lvt_ss_typical_max_0p90v_125c 
NOR2_X4M_A9TL                82    324.720 sc9_cln65lp_base_lvt_ss_typical_max_0p90v_125c 
NOR2_X6A_A9TL                38    232.560 sc9_cln65lp_base_lvt_ss_typical_max_0p90v_125c 
NOR2_X6B_A9TL                16     97.920 sc9_cln65lp_base_lvt_ss_typical_max_0p90v_125c 
NOR2_X6M_A9TL                20    122.400 sc9_cln65lp_base_lvt_ss_typical_max_0p90v_125c 
NOR2_X8A_A9TL                19    143.640 sc9_cln65lp_base_lvt_ss_typical_max_0p90v_125c 
NOR2_X8B_A9TL                17    128.520 sc9_cln65lp_base_lvt_ss_typical_max_0p90v_125c 
NOR2_X8M_A9TL                23    173.880 sc9_cln65lp_base_lvt_ss_typical_max_0p90v_125c 
NOR3_X1A_A9TL                 2      4.320 sc9_cln65lp_base_lvt_ss_typical_max_0p90v_125c 
NOR3_X1M_A9TL                17     36.720 sc9_cln65lp_base_lvt_ss_typical_max_0p90v_125c 
NOR3_X2A_A9TL                 3      9.720 sc9_cln65lp_base_lvt_ss_typical_max_0p90v_125c 
NOR3_X2M_A9TL                14     45.360 sc9_cln65lp_base_lvt_ss_typical_max_0p90v_125c 
NOR3_X3A_A9TL                 1      4.680 sc9_cln65lp_base_lvt_ss_typical_max_0p90v_125c 
NOR3_X4M_A9TL                 1      6.120 sc9_cln65lp_base_lvt_ss_typical_max_0p90v_125c 
OA211_X0P7M_A9TL             41    132.840 sc9_cln65lp_base_lvt_ss_typical_max_0p90v_125c 
OA211_X2M_A9TL                5     28.800 sc9_cln65lp_base_lvt_ss_typical_max_0p90v_125c 
OA211_X4M_A9TL                1     10.440 sc9_cln65lp_base_lvt_ss_typical_max_0p90v_125c 
OA211_X6M_A9TL                1     14.400 sc9_cln65lp_base_lvt_ss_typical_max_0p90v_125c 
OA21_X1M_A9TL               142    408.960 sc9_cln65lp_base_lvt_ss_typical_max_0p90v_125c 
OA21_X1P4M_A9TL              17     67.320 sc9_cln65lp_base_lvt_ss_typical_max_0p90v_125c 
OA21_X2M_A9TL                21     98.280 sc9_cln65lp_base_lvt_ss_typical_max_0p90v_125c 
OA21_X3M_A9TL                 4     25.920 sc9_cln65lp_base_lvt_ss_typical_max_0p90v_125c 
OA21_X4M_A9TL                 3     21.600 sc9_cln65lp_base_lvt_ss_typical_max_0p90v_125c 
OA21_X6M_A9TL                 2     20.160 sc9_cln65lp_base_lvt_ss_typical_max_0p90v_125c 
OA21_X8M_A9TL                 1     12.600 sc9_cln65lp_base_lvt_ss_typical_max_0p90v_125c 
OA22_X1M_A9TL                19     61.560 sc9_cln65lp_base_lvt_ss_typical_max_0p90v_125c 
OA22_X1M_A9TR                 1      3.240 sc9_cln65lp_base_rvt_ss_typical_max_0p90v_125c 
OA22_X1P4M_A9TL               4     20.160 sc9_cln65lp_base_lvt_ss_typical_max_0p90v_125c 
OA22_X2M_A9TL                 2     11.520 sc9_cln65lp_base_lvt_ss_typical_max_0p90v_125c 
OA22_X3M_A9TL                 2     15.840 sc9_cln65lp_base_lvt_ss_typical_max_0p90v_125c 
OA22_X4M_A9TL                 2     20.160 sc9_cln65lp_base_lvt_ss_typical_max_0p90v_125c 
OAI211_X1M_A9TL             206    519.120 sc9_cln65lp_base_lvt_ss_typical_max_0p90v_125c 
OAI211_X1P4M_A9TL             5     19.800 sc9_cln65lp_base_lvt_ss_typical_max_0p90v_125c 
OAI211_X2M_A9TL              13     56.160 sc9_cln65lp_base_lvt_ss_typical_max_0p90v_125c 
OAI211_X3M_A9TL              13     79.560 sc9_cln65lp_base_lvt_ss_typical_max_0p90v_125c 
OAI211_X4M_A9TL               3     22.680 sc9_cln65lp_base_lvt_ss_typical_max_0p90v_125c 
OAI21B_X0P7M_A9TL            10     28.800 sc9_cln65lp_base_lvt_ss_typical_max_0p90v_125c 
OAI21B_X1M_A9TL              21     60.480 sc9_cln65lp_base_lvt_ss_typical_max_0p90v_125c 
OAI21B_X1P4M_A9TL            23     82.800 sc9_cln65lp_base_lvt_ss_typical_max_0p90v_125c 
OAI21B_X2M_A9TL               6     25.920 sc9_cln65lp_base_lvt_ss_typical_max_0p90v_125c 
OAI21B_X3M_A9TL              43    247.680 sc9_cln65lp_base_lvt_ss_typical_max_0p90v_125c 
OAI21B_X4M_A9TL              12     86.400 sc9_cln65lp_base_lvt_ss_typical_max_0p90v_125c 
OAI21_X0P7M_A9TR              1      2.160 sc9_cln65lp_base_rvt_ss_typical_max_0p90v_125c 
OAI21_X1M_A9TL              564   1218.240 sc9_cln65lp_base_lvt_ss_typical_max_0p90v_125c 
OAI21_X1P4M_A9TL            150    486.000 sc9_cln65lp_base_lvt_ss_typical_max_0p90v_125c 
OAI21_X2M_A9TL              115    414.000 sc9_cln65lp_base_lvt_ss_typical_max_0p90v_125c 
OAI21_X3M_A9TL              146    683.280 sc9_cln65lp_base_lvt_ss_typical_max_0p90v_125c 
OAI21_X4M_A9TL               46    281.520 sc9_cln65lp_base_lvt_ss_typical_max_0p90v_125c 
OAI21_X6M_A9TL               54    447.120 sc9_cln65lp_base_lvt_ss_typical_max_0p90v_125c 
OAI21_X8M_A9TL               14    156.240 sc9_cln65lp_base_lvt_ss_typical_max_0p90v_125c 
OAI221_X1M_A9TL              25     81.000 sc9_cln65lp_base_lvt_ss_typical_max_0p90v_125c 
OAI221_X1P4M_A9TL             2     10.080 sc9_cln65lp_base_lvt_ss_typical_max_0p90v_125c 
OAI221_X2M_A9TL               1      5.760 sc9_cln65lp_base_lvt_ss_typical_max_0p90v_125c 
OAI221_X3M_A9TL               1      7.920 sc9_cln65lp_base_lvt_ss_typical_max_0p90v_125c 
OAI221_X4M_A9TL               7     73.080 sc9_cln65lp_base_lvt_ss_typical_max_0p90v_125c 
OAI222_X1M_A9TL              27    106.920 sc9_cln65lp_base_lvt_ss_typical_max_0p90v_125c 
OAI22_X0P7M_A9TL              1      2.520 sc9_cln65lp_base_lvt_ss_typical_max_0p90v_125c 
OAI22_X1M_A9TL              388    977.760 sc9_cln65lp_base_lvt_ss_typical_max_0p90v_125c 
OAI22_X1M_A9TR                1      2.520 sc9_cln65lp_base_rvt_ss_typical_max_0p90v_125c 
OAI22_X1P4M_A9TL            160    633.600 sc9_cln65lp_base_lvt_ss_typical_max_0p90v_125c 
OAI22_X2M_A9TL              196    846.720 sc9_cln65lp_base_lvt_ss_typical_max_0p90v_125c 
OAI22_X3M_A9TL               71    434.520 sc9_cln65lp_base_lvt_ss_typical_max_0p90v_125c 
OAI22_X4M_A9TL                3     24.840 sc9_cln65lp_base_lvt_ss_typical_max_0p90v_125c 
OAI2XB1_X0P5M_A9TL          166    418.320 sc9_cln65lp_base_lvt_ss_typical_max_0p90v_125c 
OAI2XB1_X0P7M_A9TL            4     11.520 sc9_cln65lp_base_lvt_ss_typical_max_0p90v_125c 
OAI2XB1_X1M_A9TL             97    279.360 sc9_cln65lp_base_lvt_ss_typical_max_0p90v_125c 
OAI2XB1_X1M_A9TR              2      5.760 sc9_cln65lp_base_rvt_ss_typical_max_0p90v_125c 
OAI2XB1_X1P4M_A9TL            9     32.400 sc9_cln65lp_base_lvt_ss_typical_max_0p90v_125c 
OAI2XB1_X2M_A9TL             45    194.400 sc9_cln65lp_base_lvt_ss_typical_max_0p90v_125c 
OAI2XB1_X3M_A9TL             43    247.680 sc9_cln65lp_base_lvt_ss_typical_max_0p90v_125c 
OAI2XB1_X4M_A9TL             28    211.680 sc9_cln65lp_base_lvt_ss_typical_max_0p90v_125c 
OAI2XB1_X6M_A9TL             17    159.120 sc9_cln65lp_base_lvt_ss_typical_max_0p90v_125c 
OAI2XB1_X8M_A9TL              2     25.920 sc9_cln65lp_base_lvt_ss_typical_max_0p90v_125c 
OAI31_X1M_A9TL               31     78.120 sc9_cln65lp_base_lvt_ss_typical_max_0p90v_125c 
OAI31_X1P4M_A9TL              3     11.880 sc9_cln65lp_base_lvt_ss_typical_max_0p90v_125c 
OAI31_X2M_A9TL                4     17.280 sc9_cln65lp_base_lvt_ss_typical_max_0p90v_125c 
OR2_X0P5M_A9TH                2      3.600 sc9_cln65lp_base_hvt_ss_typical_max_0p90v_125c 
OR2_X0P5M_A9TL              281    505.800 sc9_cln65lp_base_lvt_ss_typical_max_0p90v_125c 
OR2_X0P7M_A9TL                3      6.480 sc9_cln65lp_base_lvt_ss_typical_max_0p90v_125c 
OR2_X11M_A9TL                18    226.800 sc9_cln65lp_base_lvt_ss_typical_max_0p90v_125c 
OR2_X1M_A9TL                 80    172.800 sc9_cln65lp_base_lvt_ss_typical_max_0p90v_125c 
OR2_X1P4M_A9TL              109    274.680 sc9_cln65lp_base_lvt_ss_typical_max_0p90v_125c 
OR2_X2M_A9TL                 73    236.520 sc9_cln65lp_base_lvt_ss_typical_max_0p90v_125c 
OR2_X3M_A9TL                 26     93.600 sc9_cln65lp_base_lvt_ss_typical_max_0p90v_125c 
OR2_X4M_A9TL                 12     60.480 sc9_cln65lp_base_lvt_ss_typical_max_0p90v_125c 
OR2_X6M_A9TL                  4     27.360 sc9_cln65lp_base_lvt_ss_typical_max_0p90v_125c 
OR2_X8M_A9TL                  4     37.440 sc9_cln65lp_base_lvt_ss_typical_max_0p90v_125c 
OR3_X0P5M_A9TL               15     37.800 sc9_cln65lp_base_lvt_ss_typical_max_0p90v_125c 
OR3_X1M_A9TL                  6     21.600 sc9_cln65lp_base_lvt_ss_typical_max_0p90v_125c 
OR3_X1P4M_A9TL                3     11.880 sc9_cln65lp_base_lvt_ss_typical_max_0p90v_125c 
OR3_X2M_A9TL                  2     10.800 sc9_cln65lp_base_lvt_ss_typical_max_0p90v_125c 
OR4_X1M_A9TL                 18     64.800 sc9_cln65lp_base_lvt_ss_typical_max_0p90v_125c 
OR4_X1P4M_A9TL                1      3.960 sc9_cln65lp_base_lvt_ss_typical_max_0p90v_125c 
OR4_X2M_A9TL                  2     11.520 sc9_cln65lp_base_lvt_ss_typical_max_0p90v_125c 
OR4_X4M_A9TL                  2     18.000 sc9_cln65lp_base_lvt_ss_typical_max_0p90v_125c 
OR4_X6M_A9TL                  1     13.320 sc9_cln65lp_base_lvt_ss_typical_max_0p90v_125c 
OR6_X0P7M_A9TL               44    205.920 sc9_cln65lp_base_lvt_ss_typical_max_0p90v_125c 
OR6_X1P4M_A9TL                2     13.680 sc9_cln65lp_base_lvt_ss_typical_max_0p90v_125c 
OR6_X3M_A9TL                  1     13.320 sc9_cln65lp_base_lvt_ss_typical_max_0p90v_125c 
OR6_X4M_A9TL                  3     50.760 sc9_cln65lp_base_lvt_ss_typical_max_0p90v_125c 
OR6_X6M_A9TL                  1     24.120 sc9_cln65lp_base_lvt_ss_typical_max_0p90v_125c 
PREICG_X0P5B_A9TR             5     32.400 sc9_cln65lp_base_rvt_ss_typical_max_0p90v_125c 
SDFFQ_X1M_A9TL              781   7591.320 sc9_cln65lp_base_lvt_ss_typical_max_0p90v_125c 
SDFFQ_X2M_A9TL              759   8197.200 sc9_cln65lp_base_lvt_ss_typical_max_0p90v_125c 
SDFFRPQN_X0P5M_A9TL           1     10.440 sc9_cln65lp_base_lvt_ss_typical_max_0p90v_125c 
SDFFRPQN_X1M_A9TL             1     10.440 sc9_cln65lp_base_lvt_ss_typical_max_0p90v_125c 
SDFFRPQ_X0P5M_A9TL           15    156.600 sc9_cln65lp_base_lvt_ss_typical_max_0p90v_125c 
SDFFRPQ_X1M_A9TL             73    762.120 sc9_cln65lp_base_lvt_ss_typical_max_0p90v_125c 
XNOR2_X0P5M_A9TL             11     35.640 sc9_cln65lp_base_lvt_ss_typical_max_0p90v_125c 
XNOR2_X0P7M_A9TL            290    939.600 sc9_cln65lp_base_lvt_ss_typical_max_0p90v_125c 
XNOR2_X1M_A9TL               95    342.000 sc9_cln65lp_base_lvt_ss_typical_max_0p90v_125c 
XNOR2_X1P4M_A9TL              4     24.480 sc9_cln65lp_base_lvt_ss_typical_max_0p90v_125c 
XNOR2_X2M_A9TL               96    587.520 sc9_cln65lp_base_lvt_ss_typical_max_0p90v_125c 
XNOR2_X3M_A9TL              110    871.200 sc9_cln65lp_base_lvt_ss_typical_max_0p90v_125c 
XNOR2_X4M_A9TL               34    342.720 sc9_cln65lp_base_lvt_ss_typical_max_0p90v_125c 
XNOR3_X0P5M_A9TL             17    104.040 sc9_cln65lp_base_lvt_ss_typical_max_0p90v_125c 
XNOR3_X0P7M_A9TL              7     45.360 sc9_cln65lp_base_lvt_ss_typical_max_0p90v_125c 
XNOR3_X1M_A9TL              129    835.920 sc9_cln65lp_base_lvt_ss_typical_max_0p90v_125c 
XNOR3_X1P4M_A9TL             71    715.680 sc9_cln65lp_base_lvt_ss_typical_max_0p90v_125c 
XNOR3_X2M_A9TL               21    257.040 sc9_cln65lp_base_lvt_ss_typical_max_0p90v_125c 
XNOR3_X3M_A9TL              305   4282.200 sc9_cln65lp_base_lvt_ss_typical_max_0p90v_125c 
XNOR3_X4M_A9TL               76   1395.360 sc9_cln65lp_base_lvt_ss_typical_max_0p90v_125c 
XOR2_X0P5M_A9TL               1      3.240 sc9_cln65lp_base_lvt_ss_typical_max_0p90v_125c 
XOR2_X0P7M_A9TL             746   2417.040 sc9_cln65lp_base_lvt_ss_typical_max_0p90v_125c 
XOR2_X0P7M_A9TR               2      6.480 sc9_cln65lp_base_rvt_ss_typical_max_0p90v_125c 
XOR2_X1M_A9TL               130    468.000 sc9_cln65lp_base_lvt_ss_typical_max_0p90v_125c 
XOR2_X1P4M_A9TL               3     18.360 sc9_cln65lp_base_lvt_ss_typical_max_0p90v_125c 
XOR2_X2M_A9TL               122    746.640 sc9_cln65lp_base_lvt_ss_typical_max_0p90v_125c 
XOR2_X3M_A9TL               242   1916.640 sc9_cln65lp_base_lvt_ss_typical_max_0p90v_125c 
XOR2_X4M_A9TL                44    443.520 sc9_cln65lp_base_lvt_ss_typical_max_0p90v_125c 
XOR3_X0P5M_A9TL               9     55.080 sc9_cln65lp_base_lvt_ss_typical_max_0p90v_125c 
XOR3_X1M_A9TL                75    486.000 sc9_cln65lp_base_lvt_ss_typical_max_0p90v_125c 
XOR3_X1P4M_A9TL              45    453.600 sc9_cln65lp_base_lvt_ss_typical_max_0p90v_125c 
XOR3_X2M_A9TL                25    306.000 sc9_cln65lp_base_lvt_ss_typical_max_0p90v_125c 
XOR3_X3M_A9TL               207   2906.280 sc9_cln65lp_base_lvt_ss_typical_max_0p90v_125c 
XOR3_X4M_A9TL                65   1193.400 sc9_cln65lp_base_lvt_ss_typical_max_0p90v_125c 
------------------------------------------------------------------------------------------
total                     40833 175253.760                                                
                                                                                
                    Library                    Instances    Area    Instances % 
--------------------------------------------------------------------------------
sc9_cln65lp_base_hvt_ss_typical_max_0p90v_125c        49     85.680         0.1 
sc9_cln65lp_base_lvt_ss_typical_max_0p90v_125c     40599 174072.600        99.4 
sc9_cln65lp_base_rvt_ss_typical_max_0p90v_125c       185   1095.480         0.5 
                                                         
            Type             Instances    Area    Area % 
---------------------------------------------------------
sequential                        3448  30795.120   17.6 
inverter                          5042  10214.640    5.8 
buffer                             471   1301.040    0.7 
clock_gating_integrated_cell         5     32.400    0.0 
unresolved                           1      0.000    0.0 
logic                            31867 132910.560   75.8 
physical_cells                       0      0.000    0.0 
---------------------------------------------------------
total                            40834 175253.760  100.0 
