============================================================
  Generated by:           Genus(TM) Synthesis Solution 25.12-s067_1
  Generated on:           May 13 2026  04:36:32 pm
  Module:                 tr_soc_top_mx
  Operating conditions:   ss_typical_max_0p90v_125c (balanced_tree)
  Wireload mode:          top
  Area mode:              timing library
============================================================

Timing
--------

Clock Period 
-------------
clk   3300.0 


        Cost          Critical         Violating 
       Group         Path Slack  TNS     Paths   
-------------------------------------------------
cg_enable_group_clk      1905.4   0.0          0 
clk                    No paths   0.0            
default                No paths   0.0            
in2out                    752.6   0.0          0 
in2reg                     77.2   0.0          0 
reg2out                  1740.2   0.0          0 
reg2reg                     0.0   0.0          0 
-------------------------------------------------
Total                             0.0          0 

Instance Count
--------------
Leaf Instance Count             46854 
Physical Instance count             0 
Sequential Instance Count        3984 
Combinational Instance Count    42870 
Hierarchical Instance Count        68 

Area
----
Cell Area                          174765.240
Physical Cell Area                 0.000
Total Cell Area (Cell+Physical)    174765.240
Net Area                           0.000
Total Area (Cell+Physical+Net)     174765.240

Max Fanout                         1163 (clk)
Min Fanout                         0 (en_piped_max)
Average Fanout                     2.2
Terms to net ratio                 3.2167
Terms to instance ratio            3.3804
Runtime                            1533.1563540000002 seconds
Elapsed Runtime                    2402 seconds
Genus peak memory usage            3677.79 
Innovus peak memory usage          no_value 
Hostname                           enicsw09.local
