============================================================
  Generated by:           Genus(TM) Synthesis Solution 25.12-s067_1
  Generated on:           Sep 16 2026  09:12:56 pm
  Module:                 tr_soc_top_mx
  Operating conditions:   ss_typical_max_0p90v_125c (balanced_tree)
  Wireload mode:          top
  Area mode:              timing library
============================================================

             Instance                                           Module                               Cell-Count  Cell-Area  Net-Area   Total-Area  Wireload  
-------------------------------------------------------------------------------------------------------------------------------------------------------------
tr_soc_top_mx                      NA                                                                     51398 198194.760     0.000   198194.760 Small (D)  
  u_ctrl                           tr_soc_ctrl_mx_N8_W16_ACC_W32                                           1148   4664.880     0.000     4664.880 Small (T)  
  u_dot                            dot_product_engine_M4_N8_W8_ACC_W32                                    11869  46387.440     0.000    46387.440 Small (T)  
    GEN_MAC_LANES[0].u_mac_lane    mac_array_engine_N8_W8_ACC_W32                                          2969  11605.680     0.000    11605.680 Small (T)  
    GEN_MAC_LANES[1].u_mac_lane    mac_array_engine_N8_W8_ACC_W32_3782                                     2966  11593.080     0.000    11593.080 Small (T)  
    GEN_MAC_LANES[2].u_mac_lane    mac_array_engine_N8_W8_ACC_W32_3781                                     2967  11597.040     0.000    11597.040 Small (T)  
    GEN_MAC_LANES[3].u_mac_lane    mac_array_engine_N8_W8_ACC_W32_3780                                     2966  11588.040     0.000    11588.040 Small (T)  
  u_formatter                      formatter_mx_N8_VPU_W16_MX_W8                                           1511   5649.120     0.000     5649.120 Small (T)  
  u_req_mx                         requantize_engine_mx_N4_ACC_W32_OUT_W8                                  4404  12907.080     0.000    12907.080 Small (T)  
  u_top_shifter                    dynamic_shifter_mx_N8_IN_W8_OUT_W16                                      220    492.120     0.000      492.120 Small (T)  
  u_vpu                            tr_nonlinear_vpu_N8_W_VEC16_W_MAC16_ACC_W32_FRAC_W4_LUT_IDX_W3         30943 122981.760     0.000   122981.760 Small (T)  
    u_alpha                        alpha_stabilizer_N8_W16                                                 4405  16336.800     0.000    16336.800 Small (T)  
    u_backbone                     tr_backbone_wrapper_N8_WIDTH_IN16_WIDTH_OUT16_FRAC_W4_LUT_IDX_W3        4145  16775.640     0.000    16775.640 Small (T)  
      gen_tr_exp_lanes[0].u_tr_exp tr_exp_alu_WIDTH16_FRAC_W4_LUT_IDX_W3_ITER2                               37     79.200     0.000       79.200 Small (T)  
        u_quad                     quadratic_divider_WIDTH16_FRAC_W4                                          7     16.200     0.000       16.200 Small (T)  
        u_round                    round_WIDTH16_FRAC_W4_LUT_IDX_W3                                          19     39.960     0.000       39.960 Small (T)  
      gen_tr_exp_lanes[1].u_tr_exp tr_exp_alu_WIDTH16_FRAC_W4_LUT_IDX_W3_ITER2_3803                          37     79.200     0.000       79.200 Small (T)  
        u_quad                     quadratic_divider_WIDTH16_FRAC_W4_3789                                     7     16.200     0.000       16.200 Small (T)  
        u_round                    round_WIDTH16_FRAC_W4_LUT_IDX_W3_3796                                     19     39.960     0.000       39.960 Small (T)  
      gen_tr_exp_lanes[2].u_tr_exp tr_exp_alu_WIDTH16_FRAC_W4_LUT_IDX_W3_ITER2_3802                          37     79.200     0.000       79.200 Small (T)  
        u_quad                     quadratic_divider_WIDTH16_FRAC_W4_3788                                     7     16.200     0.000       16.200 Small (T)  
        u_round                    round_WIDTH16_FRAC_W4_LUT_IDX_W3_3795                                     19     39.960     0.000       39.960 Small (T)  
      gen_tr_exp_lanes[3].u_tr_exp tr_exp_alu_WIDTH16_FRAC_W4_LUT_IDX_W3_ITER2_3801                          37     79.200     0.000       79.200 Small (T)  
        u_quad                     quadratic_divider_WIDTH16_FRAC_W4_3787                                     7     16.200     0.000       16.200 Small (T)  
        u_round                    round_WIDTH16_FRAC_W4_LUT_IDX_W3_3794                                     19     39.960     0.000       39.960 Small (T)  
      gen_tr_exp_lanes[4].u_tr_exp tr_exp_alu_WIDTH16_FRAC_W4_LUT_IDX_W3_ITER2_3800                          37     79.200     0.000       79.200 Small (T)  
        u_quad                     quadratic_divider_WIDTH16_FRAC_W4_3786                                     7     16.200     0.000       16.200 Small (T)  
        u_round                    round_WIDTH16_FRAC_W4_LUT_IDX_W3_3793                                     19     39.960     0.000       39.960 Small (T)  
      gen_tr_exp_lanes[5].u_tr_exp tr_exp_alu_WIDTH16_FRAC_W4_LUT_IDX_W3_ITER2_3799                          37     79.200     0.000       79.200 Small (T)  
        u_quad                     quadratic_divider_WIDTH16_FRAC_W4_3785                                     7     16.200     0.000       16.200 Small (T)  
        u_round                    round_WIDTH16_FRAC_W4_LUT_IDX_W3_3792                                     19     39.960     0.000       39.960 Small (T)  
      gen_tr_exp_lanes[6].u_tr_exp tr_exp_alu_WIDTH16_FRAC_W4_LUT_IDX_W3_ITER2_3798                          37     79.200     0.000       79.200 Small (T)  
        u_quad                     quadratic_divider_WIDTH16_FRAC_W4_3784                                     7     16.200     0.000       16.200 Small (T)  
        u_round                    round_WIDTH16_FRAC_W4_LUT_IDX_W3_3791                                     19     39.960     0.000       39.960 Small (T)  
      gen_tr_exp_lanes[7].u_tr_exp tr_exp_alu_WIDTH16_FRAC_W4_LUT_IDX_W3_ITER2_3797                          37     79.200     0.000       79.200 Small (T)  
        u_quad                     quadratic_divider_WIDTH16_FRAC_W4_3783                                     7     16.200     0.000       16.200 Small (T)  
        u_round                    round_WIDTH16_FRAC_W4_LUT_IDX_W3_3790                                     19     39.960     0.000       39.960 Small (T)  
      gen_tr_lanes[0].u_tr_ln      tr_ln_alu_WIDTH16_BITS4_OUT_WIDTH16                                      217    901.800     0.000      901.800 Small (T)  
      gen_tr_lanes[1].u_tr_ln      tr_ln_alu_WIDTH16_BITS4_OUT_WIDTH16_3810                                 222    915.480     0.000      915.480 Small (T)  
      gen_tr_lanes[2].u_tr_ln      tr_ln_alu_WIDTH16_BITS4_OUT_WIDTH16_3809                                 212    881.280     0.000      881.280 Small (T)  
      gen_tr_lanes[3].u_tr_ln      tr_ln_alu_WIDTH16_BITS4_OUT_WIDTH16_3808                                 210    905.400     0.000      905.400 Small (T)  
      gen_tr_lanes[4].u_tr_ln      tr_ln_alu_WIDTH16_BITS4_OUT_WIDTH16_3807                                 237    931.320     0.000      931.320 Small (T)  
      gen_tr_lanes[5].u_tr_ln      tr_ln_alu_WIDTH16_BITS4_OUT_WIDTH16_3806                                 220    900.720     0.000      900.720 Small (T)  
      gen_tr_lanes[6].u_tr_ln      tr_ln_alu_WIDTH16_BITS4_OUT_WIDTH16_3805                                 211    851.760     0.000      851.760 Small (T)  
      gen_tr_lanes[7].u_tr_ln      tr_ln_alu_WIDTH16_BITS4_OUT_WIDTH16_3804                                 215    834.120     0.000      834.120 Small (T)  
      u_post_ln                    post_ln_modifier_N8_W16                                                 1158   3879.360     0.000     3879.360 Small (T)  
      u_pre_ln                     pre_ln_modifier_N8_WIDTH_IN16_FRAC_W4                                    364   1627.920     0.000     1627.920 Small (T)  
    u_mac                          mac_array_engine_N8_W16_ACC_W32                                         7739  31932.720     0.000    31932.720 Small (T)  
    u_max                          piped_max_NUM_INPUTS8_DATA_WIDTH16                                       414   1829.160     0.000     1829.160 Small (T)  
    u_rom                          shared_lut_rom_N8                                                         58    114.480     0.000      114.480 Small (T)  
    u_sub                          scalar_sub_NUM_INPUTS8_DATA_WIDTH16                                     1229   3173.760     0.000     3173.760 Small (T)  
    u_sym                          symmetry_modifier_N8_WIDTH_X16_WIDTH_Y16_FRAC_W4                         437   1617.120     0.000     1617.120 Small (T)  
    u_vecmul                       vec_mul_array_engine_N8_W16_ACC_W32                                    10445  44905.680     0.000    44905.680 Small (T)  
  (D) = wireload is default in technology library
  (T) = wireload mode is 'top'
