============================================================
  Generated by:           Genus(TM) Synthesis Solution 25.12-s067_1
  Generated on:           May 12 2026  07:47:30 pm
  Module:                 tr_soc_top_mx
  Operating conditions:   ss_typical_max_0p90v_125c (balanced_tree)
  Wireload mode:          top
  Area mode:              timing library
============================================================


Summary
-------
--------------------------------------------------------------------------
            Category            Number     %    Average Toggle Saving %   
--------------------------------------------------------------------------
 Total Clock Gating Instances       15  100.00                         -  
--------------------------------------------------------------------------
 RC Clock Gating Instances          15  100.00                     61.97  
 Non-RC Clock Gating Instances       0    0.00                      0.00  
--------------------------------------------------------------------------
 RC Gated Flip-flops              2656   71.98                     23.68  
 Non-RC Gated Flip-flops             0    0.00                      0.00  
--------------------------------------------------------------------------
 Total Gated Flip-flops           2656   71.98                         -  
 Total Ungated Flip-flops         1034   28.02                         -  
 Enable signal is constant        1028   99.42                         -  
 Register bank width too small       6    0.58                         -  
--------------------------------------------------------------------------
 Total Flip-flops                 3690  100.00                         -  
--------------------------------------------------------------------------
Multibit Flip-flop Summary
--------------------------
-------------------------------------------------------
Width     Number     Bits     RC Gated     Ungated     
-------------------------------------------------------
1-bit     3690       3690     2656 (71.98%) 1034 (28.02%) 
----------------------------------------------------------


