============================================================
  Generated by:           Genus(TM) Synthesis Solution 25.12-s067_1
  Generated on:           May 13 2026  04:36:17 pm
  Module:                 tr_soc_top_mx
  Operating conditions:   ss_typical_max_0p90v_125c (balanced_tree)
  Wireload mode:          top
  Area mode:              timing library
============================================================

 
  Hierarchy Report Format : 
 
    level instance ( module ) <status>
 
    status :    preserve_<value> -- indicating preserve hierachy or inherited_preserve value
           :    blackbox --  indicating  unresolved instance
 
==================================================================

 0 tr_soc_top_mx
  1 u_ctrl ( tr_soc_ctrl_mx_N8_W16_ACC_W32 ) 
     2 RC_CG_HIER_INST7 ( RC_CG_MOD_13 ) 
     2 RC_CG_HIER_INST8 ( RC_CG_MOD_14 ) 
     2 RC_CG_HIER_INST9 ( RC_CG_MOD_15 ) 
     2 RC_CG_HIER_INST10 ( RC_CG_MOD_16 ) 
  1 u_dot ( dot_product_engine_M4_N8_W8_ACC_W32 ) 
     2 GEN_MAC_LANES[0].u_mac_lane ( mac_array_engine_N8_W8_ACC_W32 ) 
        3 RC_CG_HIER_INST4 ( RC_CG_MOD_9_11740 ) 
     2 GEN_MAC_LANES[1].u_mac_lane ( mac_array_engine_N8_W8_ACC_W32_3609 ) 
        3 RC_CG_HIER_INST4 ( RC_CG_MOD_9 ) 
     2 GEN_MAC_LANES[2].u_mac_lane ( mac_array_engine_N8_W8_ACC_W32_3608 ) 
        3 RC_CG_HIER_INST4 ( RC_CG_MOD_9_11742 ) 
     2 GEN_MAC_LANES[3].u_mac_lane ( mac_array_engine_N8_W8_ACC_W32_3607 ) 
        3 RC_CG_HIER_INST4 ( RC_CG_MOD_9_11741 ) 
     2 RC_CG_DECLONE_HIER_INST ( RC_CG_MOD_5_11737 ) 
  1 u_formatter ( formatter_mx_N8_VPU_W16_MX_W8 ) 
     2 RC_CG_HIER_INST0 ( RC_CG_MOD ) 
  1 u_req_mx ( requantize_engine_mx_N4_ACC_W32_OUT_W8 ) 
     2 RC_CG_HIER_INST5 ( RC_CG_MOD_11 ) 
     2 RC_CG_HIER_INST6 ( RC_CG_MOD_12 ) 
  1 u_top_shifter ( dynamic_shifter_mx_N8_IN_W8_OUT_W16 ) 
  1 u_vpu ( tr_nonlinear_vpu_N8_W_VEC16_W_MAC16_ACC_W32_FRAC_W4_LUT_IDX_W3 ) 
     2 u_alpha ( alpha_stabilizer_N8_W16 ) 
     2 u_backbone ( tr_backbone_wrapper_N8_WIDTH_IN16_WIDTH_OUT16_FRAC_W4_LUT_IDX_W3 ) 
        3 gen_tr_exp_lanes[0].u_tr_exp ( tr_exp_alu_WIDTH16_FRAC_W4_LUT_IDX_W3_ITER2 ) 
           4 u_quad ( quadratic_divider_WIDTH16_FRAC_W4 ) 
           4 u_round ( round_WIDTH16_FRAC_W4_LUT_IDX_W3 ) 
        3 gen_tr_exp_lanes[1].u_tr_exp ( tr_exp_alu_WIDTH16_FRAC_W4_LUT_IDX_W3_ITER2_3630 ) 
           4 u_quad ( quadratic_divider_WIDTH16_FRAC_W4_3616 ) 
           4 u_round ( round_WIDTH16_FRAC_W4_LUT_IDX_W3_3623 ) 
        3 gen_tr_exp_lanes[2].u_tr_exp ( tr_exp_alu_WIDTH16_FRAC_W4_LUT_IDX_W3_ITER2_3629 ) 
           4 u_quad ( quadratic_divider_WIDTH16_FRAC_W4_3615 ) 
           4 u_round ( round_WIDTH16_FRAC_W4_LUT_IDX_W3_3622 ) 
        3 gen_tr_exp_lanes[3].u_tr_exp ( tr_exp_alu_WIDTH16_FRAC_W4_LUT_IDX_W3_ITER2_3628 ) 
           4 u_quad ( quadratic_divider_WIDTH16_FRAC_W4_3614 ) 
           4 u_round ( round_WIDTH16_FRAC_W4_LUT_IDX_W3_3621 ) 
        3 gen_tr_exp_lanes[4].u_tr_exp ( tr_exp_alu_WIDTH16_FRAC_W4_LUT_IDX_W3_ITER2_3627 ) 
           4 u_quad ( quadratic_divider_WIDTH16_FRAC_W4_3613 ) 
           4 u_round ( round_WIDTH16_FRAC_W4_LUT_IDX_W3_3620 ) 
        3 gen_tr_exp_lanes[5].u_tr_exp ( tr_exp_alu_WIDTH16_FRAC_W4_LUT_IDX_W3_ITER2_3626 ) 
           4 u_quad ( quadratic_divider_WIDTH16_FRAC_W4_3612 ) 
           4 u_round ( round_WIDTH16_FRAC_W4_LUT_IDX_W3_3619 ) 
        3 gen_tr_exp_lanes[6].u_tr_exp ( tr_exp_alu_WIDTH16_FRAC_W4_LUT_IDX_W3_ITER2_3625 ) 
           4 u_quad ( quadratic_divider_WIDTH16_FRAC_W4_3611 ) 
           4 u_round ( round_WIDTH16_FRAC_W4_LUT_IDX_W3_3618 ) 
        3 gen_tr_exp_lanes[7].u_tr_exp ( tr_exp_alu_WIDTH16_FRAC_W4_LUT_IDX_W3_ITER2_3624 ) 
           4 u_quad ( quadratic_divider_WIDTH16_FRAC_W4_3610 ) 
           4 u_round ( round_WIDTH16_FRAC_W4_LUT_IDX_W3_3617 ) 
        3 gen_tr_lanes[0].u_tr_ln ( tr_ln_alu_WIDTH16_BITS4_OUT_WIDTH16 ) 
        3 gen_tr_lanes[1].u_tr_ln ( tr_ln_alu_WIDTH16_BITS4_OUT_WIDTH16_3637 ) 
        3 gen_tr_lanes[2].u_tr_ln ( tr_ln_alu_WIDTH16_BITS4_OUT_WIDTH16_3636 ) 
        3 gen_tr_lanes[3].u_tr_ln ( tr_ln_alu_WIDTH16_BITS4_OUT_WIDTH16_3635 ) 
        3 gen_tr_lanes[4].u_tr_ln ( tr_ln_alu_WIDTH16_BITS4_OUT_WIDTH16_3634 ) 
        3 gen_tr_lanes[5].u_tr_ln ( tr_ln_alu_WIDTH16_BITS4_OUT_WIDTH16_3633 ) 
        3 gen_tr_lanes[6].u_tr_ln ( tr_ln_alu_WIDTH16_BITS4_OUT_WIDTH16_3632 ) 
        3 gen_tr_lanes[7].u_tr_ln ( tr_ln_alu_WIDTH16_BITS4_OUT_WIDTH16_3631 ) 
        3 u_post_ln ( post_ln_modifier_N8_W16 ) 
        3 u_pre_ln ( pre_ln_modifier_N8_WIDTH_IN16_FRAC_W4 ) 
     2 u_mac ( mac_array_engine_N8_W16_ACC_W32 ) 
        3 RC_CG_HIER_INST1 ( RC_CG_MOD_1 ) 
        3 RC_CG_HIER_INST2 ( RC_CG_MOD_2 ) 
     2 u_max ( piped_max_NUM_INPUTS8_DATA_WIDTH16 ) 
     2 u_rom ( shared_lut_rom_N8 ) 
     2 u_sub ( scalar_sub_NUM_INPUTS8_DATA_WIDTH16 ) 
     2 u_sym ( symmetry_modifier_N8_WIDTH_X16_WIDTH_Y16_FRAC_W4 ) 
     2 u_vecmul ( vec_mul_array_engine_N8_W16_ACC_W32 ) 
        3 RC_CG_HIER_INST11 ( RC_CG_MOD_17 ) 
        3 RC_CG_HIER_INST12 ( RC_CG_MOD_18 ) 
