============================================================
  Generated by:           Genus(TM) Synthesis Solution 25.12-s067_1
  Generated on:           Mar 15 2026  04:00:34 pm
  Module:                 tr_gelu
  Operating conditions:   ss_typical_max_0p90v_125c (balanced_tree)
  Wireload mode:          top
  Area mode:              timing library
============================================================


Path 1: MET (2749 ps) Setup Check with Pin x_scaled_reg[6]/CK->D
          Group: in2reg
     Startpoint: (F) x_in[0]
          Clock: (R) clk
       Endpoint: (R) x_scaled_reg[6]/D
          Clock: (R) clk

                     Capture       Launch     
        Clock Edge:+   10000            0     
        Drv Adjust:+       0           32     
       Src Latency:+       0            0     
       Net Latency:+       0 (I)        0 (I) 
           Arrival:=   10000           32     
                                              
             Setup:-     124                  
       Uncertainty:-     125                  
     Required Time:=    9751                  
      Launch Clock:-      32                  
       Input Delay:-    3000                  
         Data Path:-    3970                  
             Slack:=    2749                  

Exceptions/Constraints:
  input_delay             3000            tr_gelu.sdc_line_16_9_1   

#-------------------------------------------------------------------------------------------
#      Timing Point        Flags    Arc   Edge       Cell        Fanout Trans Delay Arrival 
#                                                                        (ps)  (ps)   (ps)  
#-------------------------------------------------------------------------------------------
  x_in[0]                  -       -      F     (arrival)             6    72     0    3032 
  g732__1617/Y             -       D->Y   F     OR4_X1M_A9TL          1    99   183    3215 
  g731__3680/Y             -       B->Y   R     NAND2_X1B_A9TL        2   115   104    3319 
  g730__6783/Y             -       A->Y   F     NAND2XB_X1M_A9TL      2   121   105    3424 
  g728__8428/Y             -       B->Y   F     AND2_X1M_A9TL         2    84   172    3596 
  g726__6260/Y             -       C->Y   R     NOR3_X1M_A9TL         1   261   207    3803 
  g725__5107/Y             -       B0->Y  R     AO21_X2M_A9TL         7   163   236    4040 
  g724__2398/Y             -       B->Y   R     AND2_X1M_A9TL         7   326   297    4337 
  mul_59_25_g489__7410/Y   -       B->Y   F     NAND2_X1A_A9TL        2   178   190    4527 
  mul_59_25_g471__1705/Y   -       B->Y   R     XNOR3_X0P5M_A9TL      1   167   358    4884 
  mul_59_25_g462__6260/CON -       B->CON F     CGENI_X1M_A9TL        1   150   142    5026 
  mul_59_25_g461__5107/CON -       A->CON R     CGENI_X1M_A9TL        1   210   189    5215 
  mul_59_25_g459__5477/CON -       A->CON F     CGENI_X1M_A9TL        1   177   180    5394 
  mul_59_25_g458__6417/CO  -       A->CO  F     ADDF_X1M_A9TL         1   112   274    5668 
  mul_59_25_g457__7410/CO  -       A->CO  F     ADDF_X1M_A9TL         1   112   251    5920 
  mul_59_25_g456__1666/CO  -       A->CO  F     ADDF_X1M_A9TL         1   112   251    6171 
  mul_59_25_g455__2346/CO  -       A->CO  F     ADDF_X1M_A9TL         1    86   230    6401 
  mul_59_25_g454__2883/Y   -       B->Y   R     XOR2_X1M_A9TL         2   290   182    6583 
  g1084__5526/Y            -       A->Y   F     NAND2XB_X1M_A9TL      4   237   229    6811 
  g1019__6417/Y            -       A0->Y  R     AOI2XB1_X1M_A9TL      1   166   190    7002 
  x_scaled_reg[6]/D        -       -      R     DFFRPQN_X1M_A9TL      1     -     0    7002 
#-------------------------------------------------------------------------------------------

