============================================================
  Generated by:           Genus(TM) Synthesis Solution 25.12-s067_1
  Generated on:           Mar 12 2026  11:59:59 am
  Module:                 softmax_base
  Operating conditions:   ss_typical_max_0p90v_125c (balanced_tree)
  Wireload mode:          top
  Area mode:              timing library
============================================================


Path 1: MET (5240 ps) Setup Check with Pin dsp_mac/vec_sum_reg_reg[15]/CK->B
          Group: reg2reg
     Startpoint: (R) dsp_mac/prod_reg_reg[1][1]/CK
          Clock: (R) clk
       Endpoint: (R) dsp_mac/vec_sum_reg_reg[15]/B
          Clock: (R) clk

                     Capture       Launch     
        Clock Edge:+   10000            0     
       Src Latency:+       0            0     
       Net Latency:+       0 (I)        0 (I) 
           Arrival:=   10000            0     
                                              
             Setup:-     134                  
       Uncertainty:-     125                  
     Required Time:=    9742                  
      Launch Clock:-       0                  
         Data Path:-    4502                  
             Slack:=    5240                  

#-----------------------------------------------------------------------------------------------------------------------
#                    Timing Point                     Flags    Arc   Edge       Cell         Fanout Trans Delay Arrival 
#                                                                                                    (ps)  (ps)   (ps)  
#-----------------------------------------------------------------------------------------------------------------------
  dsp_mac/prod_reg_reg[1][1]/CK                       -       -      R     (arrival)            208     0     0       0 
  dsp_mac/prod_reg_reg[1][1]/Q                        -       CK->Q  F     DFFQ_X1M_A9TL          1    83   292     292 
  dsp_mac/csa_tree_ADD_TC_OP_6_groupi_g2177__1705/CO  -       B->CO  F     ADDF_X1M_A9TL          1   112   242     534 
  dsp_mac/csa_tree_ADD_TC_OP_6_groupi_g2139__5107/CO  -       A->CO  F     ADDF_X1M_A9TL          1   112   251     785 
  dsp_mac/csa_tree_ADD_TC_OP_6_groupi_g2123__6131/S   -       A->S   R     ADDF_X1M_A9TL          1   114   349    1134 
  dsp_mac/csa_tree_ADD_TC_OP_6_groupi_g2108__5477/S   -       CI->S  F     ADDF_X1M_A9TL          1   102   309    1443 
  dsp_mac/csa_tree_ADD_TC_OP_6_groupi_g2103__2346/CO  -       B->CO  F     CGEN_X1M_A9TL          1    87   196    1639 
  dsp_mac/csa_tree_ADD_TC_OP_6_groupi_g2093__7098/CO  -       A->CO  F     CGEN_X1M_A9TL          1    87   192    1831 
  dsp_mac/csa_tree_ADD_TC_OP_6_groupi_g2092__8246/CO  -       A->CO  F     CGEN_X1M_A9TL          1    87   192    2024 
  dsp_mac/csa_tree_ADD_TC_OP_6_groupi_g2091__5122/CO  -       A->CO  F     CGEN_X1M_A9TL          1    87   192    2216 
  dsp_mac/csa_tree_ADD_TC_OP_6_groupi_g2090__1705/CO  -       A->CO  F     CGEN_X1M_A9TL          1    87   192    2409 
  dsp_mac/csa_tree_ADD_TC_OP_6_groupi_g2089__2802/CO  -       A->CO  F     CGEN_X1M_A9TL          1    99   201    2609 
  dsp_mac/csa_tree_ADD_TC_OP_6_groupi_g2088__1617/CO  -       A->CO  F     ADDF_X1M_A9TL          1   112   247    2856 
  dsp_mac/csa_tree_ADD_TC_OP_6_groupi_g2087__3680/CO  -       A->CO  F     ADDF_X1M_A9TL          1   112   251    3107 
  dsp_mac/csa_tree_ADD_TC_OP_6_groupi_g2086__6783/CO  -       A->CO  F     ADDF_X1M_A9TL          1   112   251    3358 
  dsp_mac/csa_tree_ADD_TC_OP_6_groupi_g2085__5526/CO  -       A->CO  F     ADDF_X1M_A9TL          1   112   251    3609 
  dsp_mac/csa_tree_ADD_TC_OP_6_groupi_g2084__8428/CO  -       A->CO  F     ADDF_X1M_A9TL          2   125   261    3870 
  dsp_mac/csa_tree_ADD_TC_OP_6_groupi_g2082__6260/CON -       A->CON R     CGENI_X1M_A9TL         1   260   211    4081 
  dsp_mac/csa_tree_ADD_TC_OP_6_groupi_g2081__5107/S   -       A->S   F     ADDF_X1M_A9TL          1    93   349    4430 
  dsp_mac/csa_tree_ADD_TC_OP_6_groupi_g2080/Y         -       A->Y   R     INV_X1M_A9TL           1    68    72    4501 
  dsp_mac/vec_sum_reg_reg[15]/B                       -       -      R     A2DFFQ_X0P5M_A9TL      1     -     0    4502 
#-----------------------------------------------------------------------------------------------------------------------

