============================================================
  Generated by:           Genus(TM) Synthesis Solution 25.12-s067_1
  Generated on:           Mar 12 2026  11:59:59 am
  Module:                 softmax_base
  Operating conditions:   ss_typical_max_0p90v_125c (balanced_tree)
  Wireload mode:          top
  Area mode:              timing library
============================================================


Path 1: MET (219 ps) Late External Delay Assertion at pin out_inv_S[7]
          Group: reg2out
     Startpoint: (R) dsp_mac/out_dot_reg[16]/CK
          Clock: (R) clk
       Endpoint: (R) out_inv_S[7]
          Clock: (R) clk

                     Capture       Launch     
        Clock Edge:+   10000            0     
       Src Latency:+       0            0     
       Net Latency:+       0 (I)        0 (I) 
           Arrival:=   10000            0     
                                              
      Output Delay:-    3000                  
       Uncertainty:-     125                  
     Required Time:=    6875                  
      Launch Clock:-       0                  
         Data Path:-    6656                  
             Slack:=     219                  

Exceptions/Constraints:
  output_delay             3000            softmax_base.sdc_line_18_194_1   

#-------------------------------------------------------------------------------------------------------------------
#                  Timing Point                   Flags    Arc   Edge       Cell         Fanout Trans Delay Arrival 
#                                                                                                (ps)  (ps)   (ps)  
#-------------------------------------------------------------------------------------------------------------------
  dsp_mac/out_dot_reg[16]/CK                      -       -      R     (arrival)              8     0     0       0 
  dsp_mac/out_dot_reg[16]/Q                       -       CK->Q  R     A2DFFQ_X0P5M_A9TL      1   167   359     359 
  dsp_mac/g837/Y                                  -       A->Y   R     BUFH_X3M_A9TL          5   108   139     498 
  g2581/Y                                         -       A->Y   F     NOR2_X4A_A9TL          2    97    74     572 
  g2574/Y                                         -       A->Y   R     NAND2XB_X3M_A9TL       3   136   110     682 
  g2571/Y                                         -       A->Y   F     NOR2XB_X4M_A9TL        2    66    75     756 
  g2605/Y                                         -       A->Y   F     BUF_X1M_A9TH           1   219   359    1115 
  csa_tree_u_reciprocal_minus_53_23_groupi_g422/Y -       A->Y   R     NOR2_X3A_A9TL          2   167   159    1274 
  csa_tree_u_reciprocal_minus_53_23_groupi_g406/Y -       B->Y   R     XOR3_X1M_A9TL          1    92   276    1550 
  csa_tree_u_reciprocal_minus_53_23_groupi_g390/Y -       B->Y   F     NAND2_X1A_A9TL         2   167   134    1684 
  g2610/Y                                         -       A->Y   F     BUF_X1M_A9TH           1   172   385    2069 
  csa_tree_u_reciprocal_minus_53_23_groupi_g2/Y   -       B->Y   R     XOR2_X1M_A9TL          2   274   206    2275 
  g2373/Y                                         -       A->Y   R     AND2_X2M_A9TL          3    92   192    2466 
  g2371/Y                                         -       B->Y   R     AND2_X2M_A9TL          2    76   132    2599 
  g2366/Y                                         -       A->Y   F     INV_X1M_A9TL           2    82    78    2677 
  g2377/S                                         -       A->S   R     ADDH_X1M_A9TL          2   166   254    2931 
  g2360/Y                                         -       BN->Y  R     NOR2XB_X3M_A9TL        3   142   195    3126 
  g2353/Y                                         -       B->Y   F     NAND2_X1A_A9TL         2   185   141    3267 
  g2351/Y                                         -       A->Y   F     AND2_X2M_A9TL          7   116   209    3476 
  WALLACE_CSA_DUMMY_OP_groupi_g1085/Y             -       B0->Y  R     AOI32_X1M_A9TL         2   275   205    3680 
  WALLACE_CSA_DUMMY_OP_groupi_g1071/Y             -       B->Y   R     OR2_X0P5M_A9TL         2   270   297    3977 
  WALLACE_CSA_DUMMY_OP_groupi_g1054/S             -       A->S   F     ADDF_X1M_A9TL          1    93   352    4329 
  WALLACE_CSA_DUMMY_OP_groupi_g1053/Y             -       A->Y   R     INV_X1M_A9TL           1    88    86    4416 
  WALLACE_CSA_DUMMY_OP_groupi_g1046/CON           -       B->CON F     CGENI_X1M_A9TL         1   177   137    4553 
  WALLACE_CSA_DUMMY_OP_groupi_g1036/CO            -       A->CO  F     ADDF_X1M_A9TL          1   112   274    4827 
  WALLACE_CSA_DUMMY_OP_groupi_g1034/CO            -       A->CO  F     ADDF_X1M_A9TL          1   112   251    5078 
  WALLACE_CSA_DUMMY_OP_groupi_g1032/CO            -       A->CO  F     ADDF_X1M_A9TL          1   112   251    5329 
  WALLACE_CSA_DUMMY_OP_groupi_g1030/CO            -       A->CO  F     ADDF_X1M_A9TL          1   112   251    5580 
  WALLACE_CSA_DUMMY_OP_groupi_g1028/CO            -       A->CO  F     ADDF_X1M_A9TL          1   112   251    5831 
  WALLACE_CSA_DUMMY_OP_groupi_g1026/CO            -       A->CO  F     ADDF_X1M_A9TL          1   112   251    6082 
  WALLACE_CSA_DUMMY_OP_groupi_g1024/CO            -       A->CO  F     ADDF_X1M_A9TL          1    95   238    6321 
  g2614/Y                                         -       A->Y   R     XOR2_X0P7M_A9TL        1   225   129    6449 
  g2180/Y                                         -       A->Y   R     OR2_X0P5M_A9TL         1   153   206    6656 
  out_inv_S[7]                                    -       -      R     (port)                 -     -     0    6656 
#-------------------------------------------------------------------------------------------------------------------

