============================================================
  Generated by:           Genus(TM) Synthesis Solution 25.12-s067_1
  Generated on:           May 09 2026  07:00:45 pm
  Module:                 tr_gelu
  Operating conditions:   ss_typical_max_0p90v_125c (balanced_tree)
  Wireload mode:          top
  Area mode:              timing library
============================================================


Path 1: VIOLATED (-316 ps) Setup Check with Pin s1_exp_in_reg[7][7]/CK->D
          Group: in2reg
     Startpoint: (R) x_in[7][7]
          Clock: (R) clk
       Endpoint: (R) s1_exp_in_reg[7][7]/D
          Clock: (R) clk

                     Capture       Launch     
        Clock Edge:+    3300            0     
        Drv Adjust:+       0           28     
       Src Latency:+       0            0     
       Net Latency:+       0 (I)        0 (I) 
           Arrival:=    3300           28     
                                              
             Setup:-     156                  
       Uncertainty:-     125                  
     Required Time:=    3019                  
      Launch Clock:-      28                  
       Input Delay:-     990                  
         Data Path:-    2316                  
             Slack:=    -316                  

Exceptions/Constraints:
  input_delay             990             dut.sdc_line_15_4_1   

#-------------------------------------------------------------------------------------------------------------------
#                  Timing Point                   Flags   Arc   Edge        Cell         Fanout Trans Delay Arrival 
#                                                                                                (ps)  (ps)   (ps)  
#-------------------------------------------------------------------------------------------------------------------
  x_in[7][7]                                      -       -     R     (arrival)               3    71     0    1018 
  u_pre_ln/g1301/Y                                -       DN->Y R     NAND4XXXB_X4M_A9TL      1   161   174    1193 
  u_pre_ln/g1293/Y                                -       B0->Y F     OAI2XB1_X8M_A9TL        2   108   106    1299 
  gen_ln[7].u_ln/g1296/Y                          -       A->Y  R     NOR2_X8M_A9TL           3   103    96    1395 
  gen_ln[7].u_ln/g1284/Y                          -       A->Y  F     NAND2XB_X8M_A9TL        3    85    78    1473 
  gen_ln[7].u_ln/g1243/Y                          -       A1->Y R     OAI21_X8M_A9TL          1    94   104    1577 
  gen_ln[7].u_ln/g1239/Y                          -       A->Y  R     OR2_X11M_A9TL           7    89   131    1708 
  gen_ln[7].u_ln/fopt1344/Y                       -       A->Y  F     INV_X7P5M_A9TL          1    28    32    1741 
  gen_ln[7].u_ln/csa_tree_add_49_51_groupi_g912/Y -       B->Y  R     MXIT2_X3M_A9TL          1   134    82    1823 
  gen_ln[7].u_ln/csa_tree_add_49_51_groupi_g894/Y -       S0->Y R     MXIT2_X3M_A9TL          2   144   112    1934 
  gen_ln[7].u_ln/csa_tree_add_49_51_groupi_g891/Y -       A->Y  F     NAND2_X1P4M_A9TL        1   135   117    2051 
  gen_ln[7].u_ln/csa_tree_add_49_51_groupi_g872/Y -       B0->Y R     OAI21_X8M_A9TL          2   109    99    2150 
  gen_ln[7].u_ln/csa_tree_add_49_51_groupi_g865/Y -       A->Y  F     NAND2XB_X8M_A9TL        1    53    52    2202 
  gen_ln[7].u_ln/csa_tree_add_49_51_groupi_g855/Y -       A->Y  R     NAND2_X8A_A9TL          3    74    51    2253 
  gen_ln[7].u_ln/csa_tree_add_49_51_groupi_g841/Y -       B0->Y R     AO1B2_X2M_A9TL          1    94   150    2403 
  gen_ln[7].u_ln/csa_tree_add_49_51_groupi_g830/Y -       S0->Y R     MXIT2_X3M_A9TL          2   164   109    2512 
  g8182/Y                                         -       A->Y  R     AND2_X8M_A9TL           3    63   130    2642 
  g8146/Y                                         -       A->Y  F     NAND2_X8A_A9TL          3    88    64    2706 
  fopt8631/Y                                      -       A->Y  R     INV_X9M_A9TL            2    47    53    2758 
  g8101/Y                                         -       B->Y  F     NAND2_X6M_A9TL          3   101    55    2813 
  g8502/Y                                         -       CN->Y F     NAND3XXB_X6M_A9TL       2   106   163    2976 
  g8511/Y                                         -       A->Y  R     NOR2XB_X8M_A9TL         2    80    78    3054 
  g7989/Y                                         -       S0->Y R     MXIT2_X2M_A9TL          2   257   141    3195 
  u_post_ln/fopt2881/Y                            -       A->Y  F     INV_X4M_A9TL            1    67    61    3256 
  u_post_ln/g2599/Y                               -       A->Y  R     MXIT2_X3M_A9TL          1   112    78    3334 
  s1_exp_in_reg[7][7]/D                           -       -     R     SDFFRPQ_X4M_A9TL        1     -     0    3334 
#-------------------------------------------------------------------------------------------------------------------

