============================================================
  Generated by:           Genus(TM) Synthesis Solution 25.12-s067_1
  Generated on:           Jul 24 2026  08:01:57 pm
  Module:                 tr_soc_top_int
  Operating conditions:   ss_typical_max_0p90v_125c (balanced_tree)
  Wireload mode:          top
  Area mode:              timing library
============================================================


Path 1: MET (6 ps) Setup Check with Pin u_vpu/u_backbone/s1_vec_in_reg[4][2]/CK->D
          Group: in2reg
     Startpoint: (R) ext_sram_b[4][3]
          Clock: (R) clk
       Endpoint: (R) u_vpu/u_backbone/s1_vec_in_reg[4][2]/D
          Clock: (R) clk

                     Capture       Launch     
        Clock Edge:+    3300            0     
        Drv Adjust:+       0           19     
       Src Latency:+       0            0     
       Net Latency:+       0 (I)        0 (I) 
           Arrival:=    3300           19     
                                              
             Setup:-      88                  
       Uncertainty:-     125                  
     Required Time:=    3087                  
      Launch Clock:-      19                  
       Input Delay:-     990                  
         Data Path:-    2072                  
             Slack:=       6                  

Exceptions/Constraints:
  input_delay             990             dut.sdc_line_15_520_1   

#--------------------------------------------------------------------------------------------------------
#             Timing Point               Flags   Arc   Edge       Cell        Fanout Trans Delay Arrival 
#                                                                                     (ps)  (ps)   (ps)  
#--------------------------------------------------------------------------------------------------------
  ext_sram_b[4][3]                       -       -     R     (arrival)             2    57     0    1009 
  g2854/Y                                -       A->Y  R     MXT2_X6M_A9TL         2    84   143    1151 
  u_vpu/u_alpha/fopt14/Y                 -       A->Y  F     INV_X16M_A9TL        11    49    56    1207 
  u_vpu/u_alpha/fopt13/Y                 -       A->Y  F     BUFH_X6M_A9TL         4    44    82    1290 
  u_vpu/u_alpha/fopt12/Y                 -       A->Y  R     INV_X1P4M_A9TL        2   105    80    1370 
  u_vpu/u_alpha/g6700/Y                  -       BN->Y R     NAND2XB_X1M_A9TL      2   162   179    1549 
  u_vpu/u_alpha/g6694/Y                  -       B->Y  F     NAND2_X1A_A9TL        2   142   135    1684 
  u_vpu/u_alpha/g6690/Y                  -       B->Y  F     AND2_X1M_A9TL         1    71   172    1856 
  u_vpu/u_alpha/g6673/Y                  -       B0->Y R     OAI22_X2M_A9TL        1   154    95    1951 
  u_vpu/u_alpha/g6671/Y                  -       B0->Y F     OAI21_X2M_A9TL        2   111   108    2059 
  u_vpu/u_alpha/g6652/Y                  -       BN->Y F     NAND2XB_X1M_A9TL      1   159   204    2263 
  u_vpu/u_alpha/g6631/Y                  -       B->Y  R     NAND2_X6M_A9TL        1    86   105    2367 
  u_vpu/u_alpha/g6630/Y                  -       B->Y  F     NOR2_X8A_A9TL         3    56    65    2432 
  u_vpu/u_alpha/g6618/Y                  -       A->Y  R     NOR2XB_X8M_A9TL       2    84    73    2505 
  u_vpu/u_alpha/g6600/Y                  -       AN->Y R     NAND2B_X8M_A9TL       6   108   138    2644 
  u_vpu/u_alpha/g6598/Y                  -       A->Y  F     NAND2XB_X8M_A9TL      5    77    73    2717 
  u_vpu/u_alpha/fopt7859/Y               -       A->Y  R     INV_X4M_A9TL          3    68    70    2787 
  u_vpu/u_alpha/g6586/Y                  -       C0->Y F     OAI211_X2M_A9TL       1    96    82    2869 
  u_vpu/u_alpha/g6581/Y                  -       A->Y  R     NAND2XB_X2M_A9TL      1    84    80    2949 
  u_vpu/g15978/Y                         -       A->Y  F     NAND2_X2A_A9TL        1    74    65    3014 
  u_vpu/g15495/Y                         -       A->Y  R     NAND2_X2M_A9TL        1    92    67    3081 
  u_vpu/u_backbone/s1_vec_in_reg[4][2]/D -       -     R     DFFRPQ_X4M_A9TL       1     -     0    3081 
#--------------------------------------------------------------------------------------------------------

