============================================================
  Generated by:           Genus(TM) Synthesis Solution 25.12-s067_1
  Generated on:           Jul 24 2026  08:01:57 pm
  Module:                 tr_soc_top_int
  Operating conditions:   ss_typical_max_0p90v_125c (balanced_tree)
  Wireload mode:          top
  Area mode:              timing library
============================================================


Path 1: VIOLATED (-83 ps) Setup Check with Pin u_req/prod_reg_reg[3][58]/CK->A
          Group: reg2reg
     Startpoint: (R) u_ctrl/reg_req_mult_reg[13]/CK
          Clock: (R) clk
       Endpoint: (F) u_req/prod_reg_reg[3][58]/A
          Clock: (R) clk

                     Capture       Launch     
        Clock Edge:+    3300            0     
       Src Latency:+       0            0     
       Net Latency:+       0 (I)        0 (I) 
           Arrival:=    3300            0     
                                              
             Setup:-     133                  
       Uncertainty:-     125                  
     Required Time:=    3042                  
      Launch Clock:-       0                  
         Data Path:-    3125                  
             Slack:=     -83                  

#------------------------------------------------------------------------------------------------
#         Timing Point           Flags    Arc   Edge      Cell        Fanout Trans Delay Arrival 
#                                                                             (ps)  (ps)   (ps)  
#------------------------------------------------------------------------------------------------
  u_ctrl/reg_req_mult_reg[13]/CK -       -      R     (arrival)           32     0     0       0 
  u_ctrl/reg_req_mult_reg[13]/Q  -       CK->Q  R     DFFRPQ_X4M_A9TL      2    87   303     303 
  g2433/Y                        -       A->Y   R     BUFH_X16M_A9TL       4    71    98     401 
  u_req/mul_61_51_I4_g57379/Y    -       A->Y   F     INV_X11M_A9TL        6    49    56     458 
  u_req/mul_61_51_I4_g57371/Y    -       A->Y   R     INV_X4M_A9TL         1    38    40     498 
  u_req/mul_61_51_I4_g56423/Y    -       A->Y   R     MXT2_X6M_A9TL        1    58   114     612 
  u_req/mul_61_51_I4_g55673/Y    -       B->Y   F     NAND2_X8A_A9TL       7   109    94     706 
  u_req/mul_61_51_I4_g55495/Y    -       A->Y   R     INV_X5M_A9TL         3    73    78     784 
  u_req/mul_61_51_I4_g55301/Y    -       B->Y   F     NAND2_X3A_A9TL       1    95    68     852 
  u_req/mul_61_51_I4_g55038/Y    -       B0N->Y R     AO21B_X4M_A9TL       3    92    83     935 
  u_req/mul_61_51_I4_g53909/Y    -       B->Y   F     XNOR3_X4M_A9TL       3   102   267    1201 
  u_req/mul_61_51_I4_g53418/Y    -       C->Y   F     XNOR3_X4M_A9TL       2    91   288    1489 
  u_req/mul_61_51_I4_g53048/Y    -       B->Y   F     XNOR3_X4M_A9TL       3    89   252    1742 
  u_req/mul_61_51_I4_g52626/Y    -       B->Y   F     XNOR3_X4M_A9TL       2    86   247    1989 
  u_req/fopt59405/Y              -       A->Y   R     INV_X2M_A9TL         1    49    54    2043 
  u_req/mul_61_51_I4_g52404/CO   -       CI->CO R     CGEN_X2M_A9TL        2   111   162    2205 
  u_req/mul_61_51_I4_g52299/Y    -       B->Y   F     NAND2_X4A_A9TL       1    75    81    2286 
  u_req/fopt59515/Y              -       A->Y   R     INV_X7P5M_A9TL       2    51    55    2341 
  u_req/fopt59514/Y              -       A->Y   F     INV_X4M_A9TL         2    43    46    2387 
  u_req/mul_61_51_I4_g52245/Y    -       A0->Y  R     AOI21_X8M_A9TL       1    86    75    2462 
  u_req/mul_61_51_I4_g52202/Y    -       A0N->Y F     AO1B2_X6M_A9TL       3    80    79    2541 
  u_req/mul_61_51_I4_g52195/Y    -       A->Y   R     NAND2_X6M_A9TL       1    55    59    2601 
  u_req/mul_61_51_I4_g52188/Y    -       A->Y   F     NAND3_X6A_A9TL       2    94    71    2671 
  u_req/mul_61_51_I4_g52169/Y    -       A0->Y  R     AOI21_X8M_A9TL       2   128   119    2790 
  u_req/mul_61_51_I4_g52168/Y    -       A->Y   F     INV_X7P5M_A9TL       6    66    72    2863 
  u_req/mul_61_51_I4_g52146/Y    -       A0->Y  R     AOI21_X3M_A9TL       1    94    92    2955 
  u_req/mul_61_51_I4_g52121/Y    -       B0N->Y F     AO21B_X2M_A9TL       1    94    86    3040 
  u_req/mul_61_51_I4_g52106/Y    -       A->Y   F     XNOR2_X3M_A9TL       1    86    84    3125 
  u_req/prod_reg_reg[3][58]/A    -       -      F     A2DFFQ_X1M_A9TL      1     -     0    3125 
#------------------------------------------------------------------------------------------------

