============================================================
  Generated by:           Genus(TM) Synthesis Solution 25.12-s067_1
  Generated on:           Mar 10 2026  07:25:35 pm
  Module:                 softmax_engine
  Operating conditions:   ss_typical_max_0p90v_125c (balanced_tree)
  Wireload mode:          top
  Area mode:              timing library
============================================================


Path 1: MET (6541 ps) Late External Delay Assertion at pin prob_out[0][0]
          Group: reg2out
     Startpoint: (R) prob_out_reg[0][0]/clk
          Clock: (R) clk
       Endpoint: (R) prob_out[0][0]
          Clock: (R) clk

                     Capture       Launch     
        Clock Edge:+   10000            0     
       Src Latency:+       0            0     
       Net Latency:+       0 (I)        0 (I) 
           Arrival:=   10000            0     
                                              
      Output Delay:-    3000                  
       Uncertainty:-     125                  
     Required Time:=    6875                  
      Launch Clock:-       0                  
         Data Path:-     334                  
             Slack:=    6541                  

Exceptions/Constraints:
  output_delay             3000            softmax_engine.sdc_line_18_128_1   

#----------------------------------------------------------------------------------------
#     Timing Point       Flags    Arc   Edge      Cell        Fanout Trans Delay Arrival 
#                                                                     (ps)  (ps)   (ps)  
#----------------------------------------------------------------------------------------
  prob_out_reg[0][0]/clk -       -      R     (arrival)         1168     0     0       0 
  prob_out_reg[0][0]/q   (u)     clk->q R     unmapped_d_flop      1     0   334     334 
  prob_out[0][0]         -       -      R     (port)               -     -     0     334 
#----------------------------------------------------------------------------------------

(u) : Net has unmapped pin(s).

