============================================================
  Generated by:           Genus(TM) Synthesis Solution 25.12-s067_1
  Generated on:           May 09 2026  08:36:22 pm
  Module:                 tr_nonlinear_vpu
  Operating conditions:   ss_typical_max_0p90v_125c (balanced_tree)
  Wireload mode:          top
  Area mode:              timing library
============================================================


Path 1: VIOLATED (-3357 ps) Late External Delay Assertion at pin vpu_data_out[0][7]
          Group: in2out
     Startpoint: (R) sram_data_a[0][1]
          Clock: (R) clk
       Endpoint: (R) vpu_data_out[0][7]
          Clock: (R) clk

                        Capture       Launch     
           Path Delay:+    3630            -     
           Drv Adjust:+       0           76     
          Src Latency:+       0            0     
          Net Latency:+       0 (I)        0 (I) 
        Capture Clock:+       0                  
              Arrival:=    3630           76     
                                                 
         Output Delay:-     990                  
          Uncertainty:-     125                  
        Required Time:=    2515                  
         Launch Clock:-      76                  
          Input Delay:-     990                  
            Data Path:-    4806                  
                Slack:=   -3357                  

Exceptions/Constraints:
  max_delay                3630            dut.sdc_line_18         
  input_delay              990             dut.sdc_line_15_63_1    
  output_delay             990             dut.sdc_line_17_215_1   

#---------------------------------------------------------------------------------------------------------------
#                Timing Point                  Flags     Arc    Edge      Cell       Fanout Trans Delay Arrival 
#                                                                                            (ps)  (ps)   (ps)  
#---------------------------------------------------------------------------------------------------------------
  sram_data_a[0][1]                            (u)     -        R     (arrival)          20   149     0    1066 
  u_alpha/minus_20_44_I1/g3/z                  (u)     in_0->z  F     unmapped_not        2     0    50    1116 
  u_alpha/minus_20_44_I1/g15/z                 (u)     in_1->z  R     unmapped_nor2       1     0    61    1177 
  u_alpha/minus_20_44_I1/g29/z                 (u)     in_0->z  F     unmapped_not        2     0    50    1227 
  u_alpha/minus_20_44_I1/g30/z                 (u)     in_1->z  R     unmapped_nand2      1     0    61    1288 
  u_alpha/minus_20_44_I1/g31/z                 (u)     in_1->z  F     unmapped_nand2      3     0    82    1369 
  u_alpha/minus_20_44_I1/g47/z                 (u)     in_1->z  R     unmapped_nand2      1     0    61    1430 
  u_alpha/minus_20_44_I1/g48/z                 (u)     in_1->z  F     unmapped_nand2      4     0    90    1521 
  u_alpha/minus_20_44_I1/g60/z                 (u)     in_0->z  R     unmapped_nand2      1     0    61    1581 
  u_alpha/minus_20_44_I1/g61/z                 (u)     in_1->z  F     unmapped_nand2      1     0    61    1642 
  u_alpha/minus_20_44_I1/g81/z                 (u)     in_0->z  F     unmapped_xnor2      1     0   118    1760 
  u_alpha/mux_20_26/g2/z                       (u)     data1->z F     unmapped_bmux2      3     0   139    1899 
  u_alpha/ctl_GEN_LANES[0].abs_z_23_23/g3/z    (u)     in_0->z  R     unmapped_not        1     0    37    1936 
  u_alpha/ctl_GEN_LANES[0].abs_z_23_23/g2/z    (u)     in_1->z  F     unmapped_nand2      2     0    74    2010 
  u_alpha/ctl_GEN_LANES[0].abs_z_23_23/g4/z    (u)     in_0->z  R     unmapped_nor2       2     0    74    2084 
  u_alpha/mux_GEN_LANES[0].alpha_g_23_23/g1/z  (u)     sel1->z  R     unmapped_mux4       8     0   201    2285 
  u_alpha/mul_32_36_I1/g65/z                   (u)     in_0->z  F     unmapped_nand2      3     0    82    2367 
  u_alpha/mul_32_36_I1/g232/z                  (u)     in_1->z  R     unmapped_nand2      1     0    61    2428 
  u_alpha/mul_32_36_I1/g235/z                  (u)     in_0->z  F     unmapped_nand3      3     0   102    2529 
  u_alpha/mul_32_36_I1/g279/z                  (u)     in_1->z  R     unmapped_xor2       3     0   139    2668 
  u_alpha/mul_32_36_I1/g290/z                  (u)     in_0->z  R     unmapped_xor2       1     0   118    2786 
  u_alpha/mul_32_36_I1/g291/z                  (u)     in_0->z  R     unmapped_xor2       3     0   139    2925 
  u_alpha/mul_32_36_I1/g296/z                  (u)     in_1->z  R     unmapped_xor2       1     0   118    3043 
  u_alpha/mul_32_36_I1/g297/z                  (u)     in_0->z  F     unmapped_xor2       2     0   132    3175 
  u_alpha/mul_32_36_I1/g413/z                  (u)     in_1->z  R     unmapped_nor2       3     0    82    3256 
  u_alpha/mul_32_36_I1/g440/z                  (u)     in_1->z  F     unmapped_nor2       1     0    61    3317 
  u_alpha/mul_32_36_I1/g442/z                  (u)     in_0->z  R     unmapped_nor2       3     0    82    3399 
  u_alpha/mul_32_36_I1/g91/z                   (u)     in_0->z  F     unmapped_nor2       1     0    61    3459 
  u_alpha/mul_32_36_I1/g93/z                   (u)     in_0->z  R     unmapped_nor2       4     0    90    3550 
  u_alpha/mul_32_36_I1/g458/z                  (u)     in_1->z  F     unmapped_nor2       1     0    61    3611 
  u_alpha/mul_32_36_I1/g460/z                  (u)     in_0->z  R     unmapped_nor2       1     0    61    3671 
  u_alpha/mul_32_36_I1/g478/z                  (u)     in_0->z  F     unmapped_nand2      1     0    61    3732 
  u_alpha/mul_32_36_I1/g515/z                  (u)     in_0->z  R     unmapped_xnor2      3     0   139    3871 
  u_alpha/lt_35_42_I1/g17/z                    (u)     in_0->z  F     unmapped_not        2     0    50    3921 
  u_alpha/lt_35_42_I1/g52/z                    (u)     in_0->z  R     unmapped_nand2      1     0    61    3982 
  u_alpha/lt_35_42_I1/g81/z                    (u)     in_0->z  F     unmapped_not        1     0    37    4019 
  u_alpha/lt_35_42_I1/g82/z                    (u)     in_1->z  R     unmapped_nor2       1     0    61    4080 
  u_alpha/lt_35_42_I1/g116/z                   (u)     in_0->z  F     unmapped_not        1     0    37    4116 
  u_alpha/lt_35_42_I1/g117/z                   (u)     in_1->z  R     unmapped_nor2       1     0    61    4177 
  u_alpha/lt_35_42_I1/g144/z                   (u)     in_0->z  F     unmapped_not        1     0    37    4214 
  u_alpha/lt_35_42_I1/g145/z                   (u)     in_1->z  R     unmapped_nor2       1     0    61    4274 
  u_alpha/lt_35_42_I1/g165/z                   (u)     in_0->z  F     unmapped_nand2      1     0    61    4335 
  u_alpha/lt_35_42_I1/g18/z                    (u)     in_0->z  R     unmapped_not        8     0    89    4424 
  u_alpha/mux_GEN_LANES[0].x_scaled_35_42/g7/z (u)     sel0->z  F     unmapped_bmux2      1     0   118    4542 
  u_alpha/mux_GEN_LANES[0].x_scaled_34_37/g7/z (u)     data0->z F     unmapped_bmux2      3     0   139    4681 
  u_alpha/minus_40_47_I1/g3/z                  (u)     in_0->z  R     unmapped_not        2     0    50    4732 
  u_alpha/minus_40_47_I1/g15/z                 (u)     in_1->z  F     unmapped_nor2       1     0    61    4792 
  u_alpha/minus_40_47_I1/g29/z                 (u)     in_0->z  R     unmapped_not        2     0    50    4842 
  u_alpha/minus_40_47_I1/g30/z                 (u)     in_1->z  F     unmapped_nand2      1     0    61    4903 
  u_alpha/minus_40_47_I1/g31/z                 (u)     in_1->z  R     unmapped_nand2      3     0    82    4985 
  u_alpha/minus_40_47_I1/g47/z                 (u)     in_1->z  F     unmapped_nand2      1     0    61    5046 
  u_alpha/minus_40_47_I1/g48/z                 (u)     in_1->z  R     unmapped_nand2      4     0    90    5136 
  u_alpha/minus_40_47_I1/g65/z                 (u)     in_0->z  F     unmapped_nand2      1     0    61    5197 
  u_alpha/minus_40_47_I1/g66/z                 (u)     in_1->z  R     unmapped_nand2      1     0    61    5258 
  u_alpha/minus_40_47_I1/g86/z                 (u)     in_0->z  R     unmapped_xnor2      1     0   118    5376 
  u_alpha/mux_40_40/g1/z                       (u)     data1->z R     unmapped_bmux2     10     0   179    5554 
  mux_vpu_data_out[0]_126_19/g1/z              (u)     data2->z R     unmapped_bmux8      1     0   318    5872 
  vpu_data_out[0][7]                           -       -        R     (port)              -     -     0    5872 
#---------------------------------------------------------------------------------------------------------------

(u) : Net has unmapped pin(s).

