============================================================
  Generated by:           Genus(TM) Synthesis Solution 25.12-s067_1
  Generated on:           May 09 2026  09:14:30 pm
  Module:                 tr_nonlinear_vpu
  Operating conditions:   ss_typical_max_0p90v_125c (balanced_tree)
  Wireload mode:          top
  Area mode:              timing library
============================================================


Path 1: VIOLATED (-2879 ps) Setup Check with Pin u_backbone/s1_pre_ln_reg_reg[0][15]/clk->d
          Group: in2reg
     Startpoint: (R) sram_data_a[0][2]
          Clock: (R) clk
       Endpoint: (R) u_backbone/s1_pre_ln_reg_reg[0][15]/d
          Clock: (R) clk

                     Capture       Launch     
        Clock Edge:+    3300            0     
        Drv Adjust:+       0           79     
       Src Latency:+       0            0     
       Net Latency:+       0 (I)        0 (I) 
           Arrival:=    3300           79     
                                              
             Setup:-      64                  
       Uncertainty:-     125                  
     Required Time:=    3110                  
      Launch Clock:-      79                  
       Input Delay:-     990                  
         Data Path:-    4920                  
             Slack:=   -2879                  

Exceptions/Constraints:
  input_delay             990             dut.sdc_line_15_62_1   

#----------------------------------------------------------------------------------------------------------------
#                Timing Point                  Flags     Arc    Edge      Cell        Fanout Trans Delay Arrival 
#                                                                                             (ps)  (ps)   (ps)  
#----------------------------------------------------------------------------------------------------------------
  sram_data_a[0][2]                            (u)     -        R     (arrival)           21   155     0    1069 
  u_alpha/add_28_40_I1/g17/z                   (u)     in_1->z  F     unmapped_nor2        3     0    82    1151 
  u_alpha/add_28_40_I1/g46/z                   (u)     in_1->z  R     unmapped_nor2        1     0    61    1212 
  u_alpha/add_28_40_I1/g48/z                   (u)     in_0->z  F     unmapped_nor2        3     0    82    1293 
  u_alpha/add_28_40_I1/g81/z                   (u)     in_0->z  R     unmapped_nor2        1     0    61    1354 
  u_alpha/add_28_40_I1/g83/z                   (u)     in_0->z  F     unmapped_nor2        1     0    61    1415 
  u_alpha/add_28_40_I1/g115/z                  (u)     in_0->z  R     unmapped_nand2       8     0   113    1528 
  u_alpha/add_28_40_I1/g134/z                  (u)     in_0->z  F     unmapped_nand2       1     0    61    1589 
  u_alpha/add_28_40_I1/g135/z                  (u)     in_1->z  R     unmapped_nand2       1     0    61    1650 
  u_alpha/add_28_40_I1/g173/z                  (u)     in_0->z  R     unmapped_xnor2       5     0   153    1802 
  u_alpha/add_32_46_I1/g25/z                   (u)     in_0->z  F     unmapped_nor2        3     0    82    1884 
  u_alpha/add_32_46_I1/g54/z                   (u)     in_1->z  R     unmapped_nor2        1     0    61    1945 
  u_alpha/add_32_46_I1/g56/z                   (u)     in_0->z  F     unmapped_nor2        3     0    82    2026 
  u_alpha/add_32_46_I1/g91/z                   (u)     in_0->z  R     unmapped_nor2        1     0    61    2087 
  u_alpha/add_32_46_I1/g93/z                   (u)     in_0->z  F     unmapped_nor2        4     0    90    2178 
  u_alpha/add_32_46_I1/g116/z                  (u)     in_1->z  R     unmapped_nor2        1     0    61    2238 
  u_alpha/add_32_46_I1/g118/z                  (u)     in_0->z  F     unmapped_nor2        1     0    61    2299 
  u_alpha/add_32_46_I1/g145/z                  (u)     in_0->z  R     unmapped_nand2       1     0    61    2360 
  u_alpha/add_32_46_I1/g184/z                  (u)     in_0->z  R     unmapped_xnor2       3     0   139    2499 
  u_alpha/add_32_62_I1/g33/z                   (u)     in_0->z  F     unmapped_nor2        3     0    82    2580 
  u_alpha/add_32_62_I1/g62/z                   (u)     in_1->z  R     unmapped_nor2        1     0    61    2641 
  u_alpha/add_32_62_I1/g64/z                   (u)     in_0->z  F     unmapped_nor2        2     0    74    2715 
  u_alpha/add_32_62_I1/g95/z                   (u)     in_1->z  R     unmapped_nor2        1     0    61    2776 
  u_alpha/add_32_62_I1/g97/z                   (u)     in_0->z  F     unmapped_nor2        1     0    61    2837 
  u_alpha/add_32_62_I1/g126/z                  (u)     in_0->z  R     unmapped_not         1     0    37    2874 
  u_alpha/add_32_62_I1/g127/z                  (u)     in_1->z  F     unmapped_nor2        1     0    61    2934 
  u_alpha/add_32_62_I1/g149/z                  (u)     in_0->z  R     unmapped_nand2       1     0    61    2995 
  u_alpha/add_32_62_I1/g189/z                  (u)     in_0->z  R     unmapped_xnor2       1     0   118    3113 
  u_alpha/mux_GEN_LANES[0].x_mult_31_23/g1/z   (u)     data0->z R     unmapped_mux4        3     0   169    3283 
  u_alpha/lt_40_33_I1/g17/z                    (u)     in_0->z  F     unmapped_not         2     0    50    3333 
  u_alpha/lt_40_33_I1/g52/z                    (u)     in_0->z  R     unmapped_nand2       1     0    61    3394 
  u_alpha/lt_40_33_I1/g81/z                    (u)     in_0->z  F     unmapped_not         1     0    37    3430 
  u_alpha/lt_40_33_I1/g82/z                    (u)     in_1->z  R     unmapped_nor2        1     0    61    3491 
  u_alpha/lt_40_33_I1/g116/z                   (u)     in_0->z  F     unmapped_not         1     0    37    3528 
  u_alpha/lt_40_33_I1/g117/z                   (u)     in_1->z  R     unmapped_nor2        1     0    61    3589 
  u_alpha/lt_40_33_I1/g144/z                   (u)     in_0->z  F     unmapped_not         1     0    37    3625 
  u_alpha/lt_40_33_I1/g145/z                   (u)     in_1->z  R     unmapped_nor2        1     0    61    3686 
  u_alpha/lt_40_33_I1/g165/z                   (u)     in_0->z  F     unmapped_nand2       1     0    61    3747 
  u_alpha/lt_40_33_I1/g18/z                    (u)     in_0->z  R     unmapped_not         8     0    89    3836 
  u_alpha/mux_GEN_LANES[0].x_scaled_40_33/g7/z (u)     sel0->z  F     unmapped_bmux2       1     0   118    3954 
  u_alpha/mux_GEN_LANES[0].x_scaled_39_28/g7/z (u)     data0->z F     unmapped_bmux2       3     0   139    4093 
  u_alpha/minus_44_47_I1/g3/z                  (u)     in_0->z  R     unmapped_not         2     0    50    4143 
  u_alpha/minus_44_47_I1/g15/z                 (u)     in_1->z  F     unmapped_nor2        1     0    61    4204 
  u_alpha/minus_44_47_I1/g29/z                 (u)     in_0->z  R     unmapped_not         2     0    50    4254 
  u_alpha/minus_44_47_I1/g30/z                 (u)     in_1->z  F     unmapped_nand2       1     0    61    4315 
  u_alpha/minus_44_47_I1/g31/z                 (u)     in_1->z  R     unmapped_nand2       3     0    82    4396 
  u_alpha/minus_44_47_I1/g47/z                 (u)     in_1->z  F     unmapped_nand2       1     0    61    4457 
  u_alpha/minus_44_47_I1/g48/z                 (u)     in_1->z  R     unmapped_nand2       4     0    90    4548 
  u_alpha/minus_44_47_I1/g65/z                 (u)     in_0->z  F     unmapped_nand2       1     0    61    4608 
  u_alpha/minus_44_47_I1/g66/z                 (u)     in_1->z  R     unmapped_nand2       1     0    61    4669 
  u_alpha/minus_44_47_I1/g86/z                 (u)     in_0->z  R     unmapped_xnor2       1     0   118    4787 
  u_alpha/mux_44_40/g1/z                       (u)     data1->z R     unmapped_bmux2      10     0   179    4966 
  mux_bb_in[0]_89_19/g9/z                      (u)     data1->z R     unmapped_bmux4       3     0   239    5205 
  u_backbone/u_pre_ln/add_28_36_I1/g21/z       (u)     in_0->z  F     unmapped_nor2        3     0    82    5286 
  u_backbone/u_pre_ln/add_28_36_I1/g53/z       (u)     in_1->z  R     unmapped_nor2        2     0    74    5360 
  u_backbone/u_pre_ln/add_28_36_I1/g80/z       (u)     in_0->z  F     unmapped_not         1     0    37    5397 
  u_backbone/u_pre_ln/add_28_36_I1/g81/z       (u)     in_1->z  R     unmapped_nor2        1     0    61    5458 
  u_backbone/u_pre_ln/add_28_36_I1/g83/z       (u)     in_0->z  F     unmapped_nor2        1     0    61    5519 
  u_backbone/u_pre_ln/add_28_36_I1/g115/z      (u)     in_0->z  R     unmapped_nand2       8     0   113    5632 
  u_backbone/u_pre_ln/add_28_36_I1/g148/z      (u)     in_1->z  F     unmapped_nand2       1     0    61    5693 
  u_backbone/u_pre_ln/add_28_36_I1/g149/z      (u)     in_1->z  R     unmapped_nand2       1     0    61    5754 
  u_backbone/u_pre_ln/add_28_36_I1/g189/z      (u)     in_0->z  R     unmapped_xnor2       1     0   118    5872 
  u_backbone/u_pre_ln/mux_y_out[0]_27_17/g1/z  (u)     data1->z R     unmapped_bmux2       1     0   118    5990 
  u_backbone/s1_pre_ln_reg_reg[0][15]/d        -       -        R     unmapped_d_flop      1     -     0    5990 
#----------------------------------------------------------------------------------------------------------------

(u) : Net has unmapped pin(s).

