============================================================
  Generated by:           Genus(TM) Synthesis Solution 25.12-s067_1
  Generated on:           Sep 30 2026  11:19:56 pm
  Module:                 tr_nonlinear_vpu
  Operating conditions:   ss_typical_max_0p90v_125c (balanced_tree)
  Wireload mode:          top
  Area mode:              timing library
============================================================


Path 1: VIOLATED (-3582 ps) Setup Check with Pin u_backbone/s2_post_ln_reg_reg[0][7]/clk->d
          Group: reg2reg
     Startpoint: (R) u_backbone/s1_vec_in_reg[0][5]/clk
          Clock: (R) clk
       Endpoint: (R) u_backbone/s2_post_ln_reg_reg[0][7]/d
          Clock: (R) clk

                     Capture       Launch     
        Clock Edge:+    3300            0     
       Src Latency:+       0            0     
       Net Latency:+       0 (I)        0 (I) 
           Arrival:=    3300            0     
                                              
             Setup:-      64                  
       Uncertainty:-     125                  
     Required Time:=    3110                  
      Launch Clock:-       0                  
         Data Path:-    6692                  
             Slack:=   -3582                  

#------------------------------------------------------------------------------------------------------------------------------
#                       Timing Point                         Flags     Arc    Edge      Cell        Fanout Trans Delay Arrival 
#                                                                                                           (ps)  (ps)   (ps)  
#------------------------------------------------------------------------------------------------------------------------------
  u_backbone/s1_vec_in_reg[0][5]/clk                         -       -        R     (arrival)         1299     0     0       0 
  u_backbone/s1_vec_in_reg[0][5]/q                           (u)     clk->q   R     unmapped_d_flop      3     0   355     355 
  u_backbone/u_pre_ln/add_28_36_I1/g17/z                     (u)     in_0->z  F     unmapped_nor2        3     0    82     436 
  u_backbone/u_pre_ln/add_28_36_I1/g46/z                     (u)     in_1->z  R     unmapped_nor2        1     0    61     497 
  u_backbone/u_pre_ln/add_28_36_I1/g48/z                     (u)     in_0->z  F     unmapped_nor2        3     0    82     579 
  u_backbone/u_pre_ln/add_28_36_I1/g81/z                     (u)     in_0->z  R     unmapped_nor2        1     0    61     640 
  u_backbone/u_pre_ln/add_28_36_I1/g83/z                     (u)     in_0->z  F     unmapped_nor2        1     0    61     700 
  u_backbone/u_pre_ln/add_28_36_I1/g115/z                    (u)     in_0->z  R     unmapped_nand2       8     0   113     814 
  u_backbone/u_pre_ln/add_28_36_I1/g146/z                    (u)     in_1->z  F     unmapped_nand2       1     0    61     874 
  u_backbone/u_pre_ln/add_28_36_I1/g147/z                    (u)     in_1->z  R     unmapped_nand2       1     0    61     935 
  u_backbone/u_pre_ln/add_28_36_I1/g186/z                    (u)     in_0->z  F     unmapped_xnor2       1     0   118    1053 
  u_backbone/u_pre_ln/mux_y_out[0]_27_17/g2/z                (u)     data1->z F     unmapped_bmux2       7     0   164    1217 
  u_backbone/gen_tr_lanes[0].u_tr_ln/g7/z                    (u)     in_1->z  F     unmapped_or2         3     0    82    1299 
  u_backbone/gen_tr_lanes[0].u_tr_ln/g13/z                   (u)     in_0->z  F     unmapped_or2         4     0    90    1389 
  u_backbone/gen_tr_lanes[0].u_tr_ln/g75/z                   (u)     in_0->z  F     unmapped_or4         1     0   106    1495 
  u_backbone/gen_tr_lanes[0].u_tr_ln/ctl_nz[3][1]_70_38/g9/z (u)     in_1->z  F     unmapped_xnor2       7     0   164    1659 
  u_backbone/gen_tr_lanes[0].u_tr_ln/ctl_nz[3][1]_70_38/g1/z (u)     in_1->z  F     unmapped_or2         2     0    74    1733 
  u_backbone/gen_tr_lanes[0].u_tr_ln/ctl_nz[3][1]_70_38/g2/z (u)     in_1->z  F     unmapped_or2         1     0    61    1794 
  u_backbone/gen_tr_lanes[0].u_tr_ln/ctl_nz[3][1]_70_38/g7/z (u)     in_0->z  R     unmapped_not         1     0    37    1831 
  u_backbone/gen_tr_lanes[0].u_tr_ln/ctl_nz[3][1]_70_38/g8/z (u)     in_0->z  R     unmapped_and2        4     0    90    1921 
  u_backbone/gen_tr_lanes[0].u_tr_ln/mux_70_43/g4/z          (u)     sel3->z  R     unmapped_mux5        4     0   232    2153 
  u_backbone/gen_tr_lanes[0].u_tr_ln/sub_112_45/g5/z         (u)     in_0->z  F     unmapped_not         1     0    37    2189 
  u_backbone/gen_tr_lanes[0].u_tr_ln/sub_112_45/g7/z         (u)     in_1->z  R     unmapped_xor2        1     0   118    2308 
  u_backbone/gen_tr_lanes[0].u_tr_ln/sub_112_45/g38/z        (u)     in_0->z  F     unmapped_not        17     0   124    2431 
  u_backbone/gen_tr_lanes[0].u_tr_ln/sll_112_31/g1/z         (u)     in_0->z  R     unmapped_not        15     0   118    2549 
  u_backbone/gen_tr_lanes[0].u_tr_ln/sll_112_31/g82/z        (u)     sel0->z  R     unmapped_mux2        2     0   117    2666 
  u_backbone/gen_tr_lanes[0].u_tr_ln/sll_112_31/g96/z        (u)     data1->z R     unmapped_mux2        2     0   117    2783 
  u_backbone/gen_tr_lanes[0].u_tr_ln/sll_112_31/g108/z       (u)     data1->z R     unmapped_mux2        2     0   117    2900 
  u_backbone/gen_tr_lanes[0].u_tr_ln/sll_112_31/g116/z       (u)     data1->z R     unmapped_mux2        1     0   103    3003 
  u_backbone/gen_tr_lanes[0].u_tr_ln/mux_112_31/g1/z         (u)     data0->z R     unmapped_bmux2       2     0   132    3134 
  u_backbone/gen_tr_lanes[0].u_tr_ln/add_119_30/g15/z        (u)     in_0->z  F     unmapped_nor2        2     0    74    3209 
  u_backbone/gen_tr_lanes[0].u_tr_ln/add_119_30/g55/z        (u)     in_0->z  R     unmapped_not         2     0    50    3259 
  u_backbone/gen_tr_lanes[0].u_tr_ln/add_119_30/g76/z        (u)     in_0->z  F     unmapped_nand2       1     0    61    3320 
  u_backbone/gen_tr_lanes[0].u_tr_ln/add_119_30/g77/z        (u)     in_1->z  R     unmapped_xnor2       6     0   157    3477 
  u_backbone/gen_tr_lanes[0].u_tr_ln/add_122_38/g9/z         (u)     in_1->z  F     unmapped_nor2        1     0    61    3538 
  u_backbone/gen_tr_lanes[0].u_tr_ln/add_122_38/g25/z        (u)     in_0->z  R     unmapped_not         2     0    50    3588 
  u_backbone/gen_tr_lanes[0].u_tr_ln/add_122_38/g26/z        (u)     in_1->z  F     unmapped_nand2       1     0    61    3649 
  u_backbone/gen_tr_lanes[0].u_tr_ln/add_122_38/g27/z        (u)     in_1->z  R     unmapped_nand2       3     0    82    3730 
  u_backbone/gen_tr_lanes[0].u_tr_ln/add_122_38/g43/z        (u)     in_1->z  F     unmapped_nand2       1     0    61    3791 
  u_backbone/gen_tr_lanes[0].u_tr_ln/add_122_38/g44/z        (u)     in_1->z  R     unmapped_nand2       5     0    96    3887 
  u_backbone/gen_tr_lanes[0].u_tr_ln/add_122_38/g56/z        (u)     in_0->z  F     unmapped_nand2       1     0    61    3948 
  u_backbone/gen_tr_lanes[0].u_tr_ln/add_122_38/g57/z        (u)     in_1->z  R     unmapped_nand2       1     0    61    4009 
  u_backbone/gen_tr_lanes[0].u_tr_ln/add_122_38/g80/z        (u)     in_0->z  R     unmapped_xnor2       2     0   132    4140 
  u_backbone/gen_tr_lanes[0].u_tr_ln/add_122_55/g17/z        (u)     in_0->z  F     unmapped_nor2        3     0    82    4222 
  u_backbone/gen_tr_lanes[0].u_tr_ln/add_122_55/g32/z        (u)     in_1->z  R     unmapped_nor2        1     0    61    4282 
  u_backbone/gen_tr_lanes[0].u_tr_ln/add_122_55/g34/z        (u)     in_0->z  F     unmapped_nor2        3     0    82    4364 
  u_backbone/gen_tr_lanes[0].u_tr_ln/add_122_55/g45/z        (u)     in_1->z  R     unmapped_nor2        1     0    61    4425 
  u_backbone/gen_tr_lanes[0].u_tr_ln/add_122_55/g47/z        (u)     in_0->z  F     unmapped_nor2        1     0    61    4486 
  u_backbone/gen_tr_lanes[0].u_tr_ln/add_122_55/g62/z        (u)     in_0->z  R     unmapped_nand2       1     0    61    4546 
  u_backbone/gen_tr_lanes[0].u_tr_ln/add_122_55/g85/z        (u)     in_0->z  F     unmapped_xnor2       1     0   118    4664 
  u_backbone/gen_tr_lanes[0].u_tr_ln/mux_yq_full_101_16/g2/z (u)     data0->z F     unmapped_bmux2       4     0   148    4812 
  u_backbone/gen_tr_lanes[0].u_tr_ln/lt_129_26/g28/z         (u)     in_0->z  R     unmapped_nor2        2     0    74    4886 
  u_backbone/gen_tr_lanes[0].u_tr_ln/lt_129_26/g46/z         (u)     in_1->z  F     unmapped_nor2        2     0    74    4961 
  u_backbone/gen_tr_lanes[0].u_tr_ln/lt_129_26/g61/z         (u)     in_1->z  R     unmapped_nand2       1     0    61    5022 
  u_backbone/gen_tr_lanes[0].u_tr_ln/lt_129_26/g70/z         (u)     in_0->z  F     unmapped_not         1     0    37    5058 
  u_backbone/gen_tr_lanes[0].u_tr_ln/lt_129_26/g71/z         (u)     in_1->z  R     unmapped_nand2       1     0    61    5119 
  u_backbone/gen_tr_lanes[0].u_tr_ln/lt_129_26/g72/z         (u)     in_1->z  F     unmapped_nand2       1     0    61    5180 
  u_backbone/gen_tr_lanes[0].u_tr_ln/lt_129_26/g74/z         (u)     in_0->z  R     unmapped_nand2       1     0    61    5241 
  u_backbone/gen_tr_lanes[0].u_tr_ln/lt_129_26/g75/z         (u)     in_1->z  F     unmapped_nand2       1     0    61    5302 
  u_backbone/gen_tr_lanes[0].u_tr_ln/lt_129_26/g11/z         (u)     in_0->z  R     unmapped_not         8     0    89    5391 
  u_backbone/gen_tr_lanes[0].u_tr_ln/mux_yq_129_26/g7/z      (u)     sel0->z  F     unmapped_bmux2       1     0   118    5509 
  u_backbone/gen_tr_lanes[0].u_tr_ln/mux_yq_127_21/g7/z      (u)     data0->z F     unmapped_bmux2       1     0   118    5627 
  u_backbone/mux_ln_mux_out[0]_107_17/g7/z                   (u)     data0->z F     unmapped_bmux2       5     0   153    5780 
  u_backbone/u_post_ln/minus_33_32_I1/g3/z                   (u)     in_0->z  R     unmapped_not         2     0    50    5830 
  u_backbone/u_post_ln/minus_33_32_I1/g15/z                  (u)     in_1->z  F     unmapped_nor2        1     0    61    5891 
  u_backbone/u_post_ln/minus_33_32_I1/g29/z                  (u)     in_0->z  R     unmapped_not         2     0    50    5941 
  u_backbone/u_post_ln/minus_33_32_I1/g30/z                  (u)     in_1->z  F     unmapped_nand2       1     0    61    6002 
  u_backbone/u_post_ln/minus_33_32_I1/g31/z                  (u)     in_1->z  R     unmapped_nand2       3     0    82    6083 
  u_backbone/u_post_ln/minus_33_32_I1/g47/z                  (u)     in_1->z  F     unmapped_nand2       1     0    61    6144 
  u_backbone/u_post_ln/minus_33_32_I1/g48/z                  (u)     in_1->z  R     unmapped_nand2       4     0    90    6234 
  u_backbone/u_post_ln/minus_33_32_I1/g65/z                  (u)     in_0->z  F     unmapped_nand2       1     0    61    6295 
  u_backbone/u_post_ln/minus_33_32_I1/g66/z                  (u)     in_1->z  R     unmapped_nand2       1     0    61    6356 
  u_backbone/u_post_ln/minus_33_32_I1/g86/z                  (u)     in_0->z  R     unmapped_xnor2       1     0   118    6474 
  u_backbone/u_post_ln/mux_y_out[0]_24_19/g1/z               (u)     data1->z R     unmapped_bmux4       1     0   218    6692 
  u_backbone/s2_post_ln_reg_reg[0][7]/d                      -       -        R     unmapped_d_flop      1     -     0    6692 
#------------------------------------------------------------------------------------------------------------------------------

(u) : Net has unmapped pin(s).

