============================================================
  Generated by:           Genus(TM) Synthesis Solution 25.12-s067_1
  Generated on:           May 06 2026  06:57:15 pm
  Module:                 sole_softmax
  Operating conditions:   ss_typical_max_0p90v_125c (balanced_tree)
  Wireload mode:          top
  Area mode:              timing library
============================================================


Path 1: MET (1689 ps) Setup Check with Pin out_data_reg[0][7]/clk->d
          Group: reg2reg
     Startpoint: (R) lod_k_reg_reg[1]/clk
          Clock: (R) clk
       Endpoint: (R) out_data_reg[0][7]/d
          Clock: (R) clk

                     Capture       Launch     
        Clock Edge:+    3300            0     
       Src Latency:+       0            0     
       Net Latency:+       0 (I)        0 (I) 
           Arrival:=    3300            0     
                                              
             Setup:-     166                  
       Uncertainty:-     125                  
     Required Time:=    3009                  
      Launch Clock:-       0                  
         Data Path:-    1320                  
             Slack:=    1689                  

#----------------------------------------------------------------------------------------
#    Timing Point      Flags     Arc    Edge      Cell        Fanout Trans Delay Arrival 
#                                                                     (ps)  (ps)   (ps)  
#----------------------------------------------------------------------------------------
  lod_k_reg_reg[1]/clk -       -        R     (arrival)          276     0     0       0 
  lod_k_reg_reg[1]/q   (u)     clk->q   F     unmapped_d_flop      2     0   348     348 
  add_161_51_I8/g6/z   (u)     in_0->z  R     unmapped_nor2        1     0    61     408 
  add_161_51_I8/g14/z  (u)     in_0->z  F     unmapped_not         2     0    50     459 
  add_161_51_I8/g29/z  (u)     in_0->z  R     unmapped_nand2       1     0    61     520 
  add_161_51_I8/g30/z  (u)     in_1->z  F     unmapped_xnor2     200     0   233     753 
  srl_161_37_I1/g26/z  (u)     in_0->z  R     unmapped_not        24     0   140     893 
  srl_161_37_I1/g172/z (u)     sel0->z  R     unmapped_mux2        2     0   117    1010 
  srl_161_37_I1/g196/z (u)     data0->z R     unmapped_mux2        1     0   103    1113 
  srl_161_37_I1/g220/z (u)     data0->z R     unmapped_mux2        1     0   103    1216 
  srl_161_37_I1/g228/z (u)     data1->z R     unmapped_mux2        1     0   103    1320 
  out_data_reg[0][7]/d -       -        R     unmapped_d_flop      1     -     0    1320 
#----------------------------------------------------------------------------------------

(u) : Net has unmapped pin(s).

