============================================================
  Generated by:           Genus(TM) Synthesis Solution 25.12-s067_1
  Generated on:           Mar 29 2026  07:16:18 pm
  Module:                 soft_dsp_eng_post_wrapper
  Operating conditions:   ss_typical_max_0p90v_125c (balanced_tree)
  Wireload mode:          top
  Area mode:              timing library
============================================================


Path 1: VIOLATED (-5734 ps) Setup Check with Pin dsp_mul/vec_sum_reg_reg[31]/clk->d
          Group: reg2reg
     Startpoint: (R) dsp_mul/prod_reg_reg[1][1]/clk
          Clock: (R) clk
       Endpoint: (R) dsp_mul/vec_sum_reg_reg[31]/d
          Clock: (R) clk

                     Capture       Launch     
        Clock Edge:+    3000            0     
       Src Latency:+       0            0     
       Net Latency:+       0 (I)        0 (I) 
           Arrival:=    3000            0     
                                              
             Setup:-     266                  
       Uncertainty:-     125                  
     Required Time:=    2609                  
      Launch Clock:-       0                  
         Data Path:-    8343                  
             Slack:=   -5734                  

#-------------------------------------------------------------------------------------------------
#         Timing Point           Flags    Arc    Edge      Cell        Fanout Trans Delay Arrival 
#                                                                              (ps)  (ps)   (ps)  
#-------------------------------------------------------------------------------------------------
  dsp_mul/prod_reg_reg[1][1]/clk -       -       R     (arrival)         2328     0     0       0 
  dsp_mul/prod_reg_reg[1][1]/q   (u)     clk->q  R     unmapped_d_flop      3     0   355     355 
  dsp_mul/add_152_26_I2/g9/z     (u)     in_1->z F     unmapped_nor2        1     0    61     416 
  dsp_mul/add_152_26_I2/g43/z    (u)     in_0->z R     unmapped_not         2     0    50     466 
  dsp_mul/add_152_26_I2/g44/z    (u)     in_1->z F     unmapped_nand2       1     0    61     527 
  dsp_mul/add_152_26_I2/g45/z    (u)     in_1->z R     unmapped_nand2       3     0    82     608 
  dsp_mul/add_152_26_I2/g79/z    (u)     in_0->z F     unmapped_nand2       1     0    61     669 
  dsp_mul/add_152_26_I2/g80/z    (u)     in_1->z R     unmapped_nand2       1     0    61     730 
  dsp_mul/add_152_26_I2/g171/z   (u)     in_0->z R     unmapped_xnor2       2     0   132     861 
  dsp_mul/add_152_26_I3/g13/z    (u)     in_0->z F     unmapped_nor2        3     0    82     943 
  dsp_mul/add_152_26_I3/g51/z    (u)     in_1->z R     unmapped_nor2        1     0    61    1004 
  dsp_mul/add_152_26_I3/g83/z    (u)     in_0->z F     unmapped_nand2       1     0    61    1064 
  dsp_mul/add_152_26_I3/g84/z    (u)     in_1->z R     unmapped_nand2       5     0    96    1160 
  dsp_mul/add_152_26_I3/g121/z   (u)     in_0->z F     unmapped_nand2       1     0    61    1221 
  dsp_mul/add_152_26_I3/g122/z   (u)     in_1->z R     unmapped_nand2       1     0    61    1282 
  dsp_mul/add_152_26_I3/g186/z   (u)     in_0->z R     unmapped_xnor2       2     0   132    1413 
  dsp_mul/add_152_26_I4/g17/z    (u)     in_0->z F     unmapped_nor2        3     0    82    1495 
  dsp_mul/add_152_26_I4/g57/z    (u)     in_1->z R     unmapped_nor2        3     0    82    1576 
  dsp_mul/add_152_26_I4/g134/z   (u)     in_0->z F     unmapped_nand2       1     0    61    1637 
  dsp_mul/add_152_26_I4/g135/z   (u)     in_1->z R     unmapped_nand2       1     0    61    1698 
  dsp_mul/add_152_26_I4/g202/z   (u)     in_0->z R     unmapped_xnor2       2     0   132    1830 
  dsp_mul/add_152_26_I5/g19/z    (u)     in_0->z F     unmapped_nor2        3     0    82    1911 
  dsp_mul/add_152_26_I5/g96/z    (u)     in_0->z R     unmapped_not         2     0    50    1961 
  dsp_mul/add_152_26_I5/g97/z    (u)     in_1->z F     unmapped_nand2       1     0    61    2022 
  dsp_mul/add_152_26_I5/g138/z   (u)     in_0->z R     unmapped_not         1     0    37    2059 
  dsp_mul/add_152_26_I5/g139/z   (u)     in_1->z F     unmapped_nand2       1     0    61    2120 
  dsp_mul/add_152_26_I5/g140/z   (u)     in_1->z R     unmapped_nand2       1     0    61    2180 
  dsp_mul/add_152_26_I5/g213/z   (u)     in_0->z R     unmapped_xnor2       2     0   132    2312 
  dsp_mul/add_152_26_I6/g21/z    (u)     in_0->z F     unmapped_nor2        3     0    82    2394 
  dsp_mul/add_152_26_I6/g65/z    (u)     in_1->z R     unmapped_nor2        2     0    74    2468 
  dsp_mul/add_152_26_I6/g108/z   (u)     in_1->z F     unmapped_nand2       1     0    61    2529 
  dsp_mul/add_152_26_I6/g147/z   (u)     in_0->z R     unmapped_not         1     0    37    2565 
  dsp_mul/add_152_26_I6/g148/z   (u)     in_1->z F     unmapped_nand2       1     0    61    2626 
  dsp_mul/add_152_26_I6/g149/z   (u)     in_1->z R     unmapped_nand2       9     0   117    2743 
  dsp_mul/add_152_26_I6/g177/z   (u)     in_0->z F     unmapped_nand2       1     0    61    2804 
  dsp_mul/add_152_26_I6/g178/z   (u)     in_1->z R     unmapped_nand2       1     0    61    2865 
  dsp_mul/add_152_26_I6/g231/z   (u)     in_0->z R     unmapped_xnor2       2     0   132    2997 
  dsp_mul/add_152_26_I7/g25/z    (u)     in_0->z F     unmapped_nor2        3     0    82    3078 
  dsp_mul/add_152_26_I7/g71/z    (u)     in_1->z R     unmapped_nor2        3     0    82    3160 
  dsp_mul/add_152_26_I7/g190/z   (u)     in_0->z F     unmapped_nand2       1     0    61    3220 
  dsp_mul/add_152_26_I7/g191/z   (u)     in_1->z R     unmapped_nand2       1     0    61    3281 
  dsp_mul/add_152_26_I7/g246/z   (u)     in_0->z R     unmapped_xnor2       2     0   132    3413 
  dsp_mul/add_152_26_I8/g27/z    (u)     in_0->z F     unmapped_nor2        3     0    82    3494 
  dsp_mul/add_152_26_I8/g120/z   (u)     in_0->z R     unmapped_not         2     0    50    3544 
  dsp_mul/add_152_26_I8/g121/z   (u)     in_1->z F     unmapped_nand2       1     0    61    3605 
  dsp_mul/add_152_26_I8/g207/z   (u)     in_0->z R     unmapped_not         1     0    37    3642 
  dsp_mul/add_152_26_I8/g208/z   (u)     in_1->z F     unmapped_nand2       1     0    61    3703 
  dsp_mul/add_152_26_I8/g209/z   (u)     in_1->z R     unmapped_nand2       1     0    61    3764 
  dsp_mul/add_152_26_I8/g266/z   (u)     in_0->z R     unmapped_xnor2       2     0   132    3895 
  dsp_mul/add_152_26_I9/g29/z    (u)     in_0->z F     unmapped_nor2        3     0    82    3977 
  dsp_mul/add_152_26_I9/g79/z    (u)     in_1->z R     unmapped_nor2        2     0    74    4051 
  dsp_mul/add_152_26_I9/g124/z   (u)     in_0->z F     unmapped_not         1     0    37    4088 
  dsp_mul/add_152_26_I9/g125/z   (u)     in_1->z R     unmapped_nor2        1     0    61    4148 
  dsp_mul/add_152_26_I9/g127/z   (u)     in_0->z F     unmapped_nor2        5     0    96    4244 
  dsp_mul/add_152_26_I9/g170/z   (u)     in_1->z R     unmapped_nor2        1     0    61    4305 
  dsp_mul/add_152_26_I9/g172/z   (u)     in_0->z F     unmapped_nor2        1     0    61    4366 
  dsp_mul/add_152_26_I9/g216/z   (u)     in_0->z R     unmapped_nand2       1     0    61    4427 
  dsp_mul/add_152_26_I9/g282/z   (u)     in_0->z R     unmapped_xnor2       2     0   132    4558 
  dsp_mul/add_152_26_I10/g33/z   (u)     in_0->z F     unmapped_nor2        3     0    82    4640 
  dsp_mul/add_152_26_I10/g85/z   (u)     in_1->z R     unmapped_nor2        3     0    82    4721 
  dsp_mul/add_152_26_I10/g180/z  (u)     in_0->z F     unmapped_not         2     0    50    4771 
  dsp_mul/add_152_26_I10/g184/z  (u)     in_1->z R     unmapped_nor2        1     0    61    4832 
  dsp_mul/add_152_26_I10/g223/z  (u)     in_0->z F     unmapped_nand2       1     0    61    4893 
  dsp_mul/add_152_26_I10/g224/z  (u)     in_1->z R     unmapped_nand2       1     0    61    4954 
  dsp_mul/add_152_26_I10/g298/z  (u)     in_0->z R     unmapped_xnor2       2     0   132    5085 
  dsp_mul/add_152_26_I11/g35/z   (u)     in_0->z F     unmapped_nor2        3     0    82    5167 
  dsp_mul/add_152_26_I11/g140/z  (u)     in_0->z R     unmapped_not         2     0    50    5217 
  dsp_mul/add_152_26_I11/g141/z  (u)     in_1->z F     unmapped_nand2       2     0    74    5291 
  dsp_mul/add_152_26_I11/g195/z  (u)     in_1->z R     unmapped_nor2        1     0    61    5352 
  dsp_mul/add_152_26_I11/g232/z  (u)     in_0->z F     unmapped_nand2       1     0    61    5413 
  dsp_mul/add_152_26_I11/g233/z  (u)     in_1->z R     unmapped_nand2       1     0    61    5474 
  dsp_mul/add_152_26_I11/g316/z  (u)     in_0->z R     unmapped_xnor2       2     0   132    5605 
  dsp_mul/add_152_26_I12/g37/z   (u)     in_0->z F     unmapped_nor2        3     0    82    5687 
  dsp_mul/add_152_26_I12/g93/z   (u)     in_1->z R     unmapped_nor2        2     0    74    5761 
  dsp_mul/add_152_26_I12/g148/z  (u)     in_0->z F     unmapped_not         1     0    37    5798 
  dsp_mul/add_152_26_I12/g149/z  (u)     in_1->z R     unmapped_nor2        1     0    61    5859 
  dsp_mul/add_152_26_I12/g151/z  (u)     in_0->z F     unmapped_nor2        1     0    61    5920 
  dsp_mul/add_152_26_I12/g208/z  (u)     in_0->z R     unmapped_not         1     0    37    5956 
  dsp_mul/add_152_26_I12/g209/z  (u)     in_1->z F     unmapped_nor2        1     0    61    6017 
  dsp_mul/add_152_26_I12/g246/z  (u)     in_0->z R     unmapped_nand2      13     0   134    6151 
  dsp_mul/add_152_26_I12/g268/z  (u)     in_0->z F     unmapped_nand2       1     0    61    6211 
  dsp_mul/add_152_26_I12/g269/z  (u)     in_1->z R     unmapped_nand2       1     0    61    6272 
  dsp_mul/add_152_26_I12/g340/z  (u)     in_0->z R     unmapped_xnor2       2     0   132    6404 
  dsp_mul/add_152_26_I13/g41/z   (u)     in_0->z F     unmapped_nor2        3     0    82    6485 
  dsp_mul/add_152_26_I13/g99/z   (u)     in_1->z R     unmapped_nor2        3     0    82    6567 
  dsp_mul/add_152_26_I13/g281/z  (u)     in_0->z F     unmapped_nand2       1     0    61    6628 
  dsp_mul/add_152_26_I13/g282/z  (u)     in_1->z R     unmapped_nand2       1     0    61    6688 
  dsp_mul/add_152_26_I13/g356/z  (u)     in_0->z R     unmapped_xnor2       2     0   132    6820 
  dsp_mul/add_152_26_I14/g43/z   (u)     in_0->z F     unmapped_nor2        3     0    82    6902 
  dsp_mul/add_152_26_I14/g164/z  (u)     in_0->z R     unmapped_not         2     0    50    6952 
  dsp_mul/add_152_26_I14/g165/z  (u)     in_1->z F     unmapped_nand2       1     0    61    7012 
  dsp_mul/add_152_26_I14/g299/z  (u)     in_0->z R     unmapped_not         1     0    37    7049 
  dsp_mul/add_152_26_I14/g300/z  (u)     in_1->z F     unmapped_nand2       1     0    61    7110 
  dsp_mul/add_152_26_I14/g301/z  (u)     in_1->z R     unmapped_nand2       1     0    61    7171 
  dsp_mul/add_152_26_I14/g378/z  (u)     in_0->z R     unmapped_xnor2       2     0   132    7302 
  dsp_mul/add_152_26_I15/g45/z   (u)     in_0->z F     unmapped_nor2        3     0    82    7384 
  dsp_mul/add_152_26_I15/g107/z  (u)     in_1->z R     unmapped_nor2        2     0    74    7458 
  dsp_mul/add_152_26_I15/g168/z  (u)     in_0->z F     unmapped_not         1     0    37    7495 
  dsp_mul/add_152_26_I15/g169/z  (u)     in_1->z R     unmapped_nor2        1     0    61    7556 
  dsp_mul/add_152_26_I15/g171/z  (u)     in_0->z F     unmapped_nor2        5     0    96    7651 
  dsp_mul/add_152_26_I15/g226/z  (u)     in_1->z R     unmapped_nor2        1     0    61    7712 
  dsp_mul/add_152_26_I15/g228/z  (u)     in_0->z F     unmapped_nor2        1     0    61    7773 
  dsp_mul/add_152_26_I15/g322/z  (u)     in_0->z R     unmapped_nand2       1     0    61    7834 
  dsp_mul/add_152_26_I15/g403/z  (u)     in_0->z R     unmapped_xnor2       1     0   118    7952 
  dsp_mul/add_152_26_I16/g1/z    (u)     in_0->z F     unmapped_not         2     0    50    8002 
  dsp_mul/add_152_26_I16/g49/z   (u)     in_0->z R     unmapped_nor2        1     0    61    8063 
  dsp_mul/add_152_26_I16/g261/z  (u)     in_0->z F     unmapped_not         1     0    37    8100 
  dsp_mul/add_152_26_I16/g262/z  (u)     in_0->z R     unmapped_nand2       1     0    61    8160 
  dsp_mul/add_152_26_I16/g263/z  (u)     in_1->z R     unmapped_xnor2      11     0   183    8343 
  dsp_mul/vec_sum_reg_reg[31]/d  -       -       R     unmapped_d_flop     11     -     0    8343 
#-------------------------------------------------------------------------------------------------

(u) : Net has unmapped pin(s).

