
 	 Check Design Report (c)
	 ------------------- 
No subdesign's name is greater than 1.5k in length.

 Feedthrough Module(s)
 -------------------------
No feed through module in 'ibert_gelu'

  Unresolved References & Empty Modules
  ------------------------------------- 
No unresolved references in design 'ibert_gelu'

No empty modules in design 'ibert_gelu'

 Unloaded Pin(s), Port(s)
 -------------------------
No unloaded sequential element in 'ibert_gelu'

No unloaded port in 'ibert_gelu'

 Unloaded Combinational Pin(s)
 -------------------------------
design 'ibert_gelu' has the following unloaded combinational elements
pin:ibert_gelu/add_118_32_I8/g4/z
pin:ibert_gelu/add_118_32_I8/g190/z
pin:ibert_gelu/add_118_32_I8/g192/z
pin:ibert_gelu/add_118_32_I8/g195/z
pin:ibert_gelu/add_118_32_I8/g197/z
pin:ibert_gelu/add_118_32_I8/g200/z
pin:ibert_gelu/add_118_32_I8/g202/z
pin:ibert_gelu/add_118_32_I8/g205/z
pin:ibert_gelu/add_118_32_I7/g4/z
pin:ibert_gelu/add_118_32_I7/g190/z
pin:ibert_gelu/add_118_32_I7/g192/z
pin:ibert_gelu/add_118_32_I7/g195/z
pin:ibert_gelu/add_118_32_I7/g197/z
pin:ibert_gelu/add_118_32_I7/g200/z
pin:ibert_gelu/add_118_32_I7/g202/z
pin:ibert_gelu/add_118_32_I7/g205/z
pin:ibert_gelu/add_118_32_I6/g4/z
pin:ibert_gelu/add_118_32_I6/g190/z
pin:ibert_gelu/add_118_32_I6/g192/z
pin:ibert_gelu/add_118_32_I6/g195/z
pin:ibert_gelu/add_118_32_I6/g197/z
pin:ibert_gelu/add_118_32_I6/g200/z
pin:ibert_gelu/add_118_32_I6/g202/z
pin:ibert_gelu/add_118_32_I6/g205/z
pin:ibert_gelu/add_118_32_I5/g4/z
pin:ibert_gelu/add_118_32_I5/g190/z
pin:ibert_gelu/add_118_32_I5/g192/z
pin:ibert_gelu/add_118_32_I5/g195/z
pin:ibert_gelu/add_118_32_I5/g197/z
pin:ibert_gelu/add_118_32_I5/g200/z
pin:ibert_gelu/add_118_32_I5/g202/z
pin:ibert_gelu/add_118_32_I5/g205/z
pin:ibert_gelu/add_118_32_I4/g4/z
pin:ibert_gelu/add_118_32_I4/g190/z
pin:ibert_gelu/add_118_32_I4/g192/z
pin:ibert_gelu/add_118_32_I4/g195/z
pin:ibert_gelu/add_118_32_I4/g197/z
pin:ibert_gelu/add_118_32_I4/g200/z
pin:ibert_gelu/add_118_32_I4/g202/z
pin:ibert_gelu/add_118_32_I4/g205/z
pin:ibert_gelu/add_118_32_I3/g4/z
pin:ibert_gelu/add_118_32_I3/g190/z
pin:ibert_gelu/add_118_32_I3/g192/z
pin:ibert_gelu/add_118_32_I3/g195/z
pin:ibert_gelu/add_118_32_I3/g197/z
pin:ibert_gelu/add_118_32_I3/g200/z
pin:ibert_gelu/add_118_32_I3/g202/z
pin:ibert_gelu/add_118_32_I3/g205/z
pin:ibert_gelu/add_118_32_I2/g4/z
pin:ibert_gelu/add_118_32_I2/g190/z
pin:ibert_gelu/add_118_32_I2/g192/z
pin:ibert_gelu/add_118_32_I2/g195/z
pin:ibert_gelu/add_118_32_I2/g197/z
pin:ibert_gelu/add_118_32_I2/g200/z
pin:ibert_gelu/add_118_32_I2/g202/z
pin:ibert_gelu/add_118_32_I2/g205/z
pin:ibert_gelu/add_118_32_I1/g4/z
pin:ibert_gelu/add_118_32_I1/g190/z
pin:ibert_gelu/add_118_32_I1/g192/z
pin:ibert_gelu/add_118_32_I1/g195/z
pin:ibert_gelu/add_118_32_I1/g197/z
pin:ibert_gelu/add_118_32_I1/g200/z
pin:ibert_gelu/add_118_32_I1/g202/z
pin:ibert_gelu/add_118_32_I1/g205/z
pin:ibert_gelu/add_243_38_I8/g4/z
pin:ibert_gelu/add_243_38_I8/g176/z
pin:ibert_gelu/add_243_38_I8/g178/z
pin:ibert_gelu/add_243_38_I8/g181/z
pin:ibert_gelu/add_243_38_I8/g183/z
pin:ibert_gelu/add_243_38_I8/g186/z
pin:ibert_gelu/add_243_38_I8/g188/z
pin:ibert_gelu/add_243_38_I8/g191/z
pin:ibert_gelu/add_243_38_I8/g193/z
pin:ibert_gelu/add_243_38_I7/g4/z
pin:ibert_gelu/add_243_38_I7/g176/z
pin:ibert_gelu/add_243_38_I7/g178/z
pin:ibert_gelu/add_243_38_I7/g181/z
pin:ibert_gelu/add_243_38_I7/g183/z
pin:ibert_gelu/add_243_38_I7/g186/z
pin:ibert_gelu/add_243_38_I7/g188/z
pin:ibert_gelu/add_243_38_I7/g191/z
pin:ibert_gelu/add_243_38_I7/g193/z
pin:ibert_gelu/add_243_38_I6/g4/z
pin:ibert_gelu/add_243_38_I6/g176/z
pin:ibert_gelu/add_243_38_I6/g178/z
pin:ibert_gelu/add_243_38_I6/g181/z
pin:ibert_gelu/add_243_38_I6/g183/z
pin:ibert_gelu/add_243_38_I6/g186/z
pin:ibert_gelu/add_243_38_I6/g188/z
pin:ibert_gelu/add_243_38_I6/g191/z
pin:ibert_gelu/add_243_38_I6/g193/z
pin:ibert_gelu/add_243_38_I5/g4/z
pin:ibert_gelu/add_243_38_I5/g176/z
pin:ibert_gelu/add_243_38_I5/g178/z
pin:ibert_gelu/add_243_38_I5/g181/z
pin:ibert_gelu/add_243_38_I5/g183/z
pin:ibert_gelu/add_243_38_I5/g186/z
pin:ibert_gelu/add_243_38_I5/g188/z
pin:ibert_gelu/add_243_38_I5/g191/z
pin:ibert_gelu/add_243_38_I5/g193/z
pin:ibert_gelu/add_243_38_I4/g4/z
pin:ibert_gelu/add_243_38_I4/g176/z
pin:ibert_gelu/add_243_38_I4/g178/z
pin:ibert_gelu/add_243_38_I4/g181/z
pin:ibert_gelu/add_243_38_I4/g183/z
pin:ibert_gelu/add_243_38_I4/g186/z
pin:ibert_gelu/add_243_38_I4/g188/z
pin:ibert_gelu/add_243_38_I4/g191/z
pin:ibert_gelu/add_243_38_I4/g193/z
pin:ibert_gelu/add_243_38_I3/g4/z
pin:ibert_gelu/add_243_38_I3/g176/z
pin:ibert_gelu/add_243_38_I3/g178/z
pin:ibert_gelu/add_243_38_I3/g181/z
pin:ibert_gelu/add_243_38_I3/g183/z
pin:ibert_gelu/add_243_38_I3/g186/z
pin:ibert_gelu/add_243_38_I3/g188/z
pin:ibert_gelu/add_243_38_I3/g191/z
pin:ibert_gelu/add_243_38_I3/g193/z
pin:ibert_gelu/add_243_38_I2/g4/z
pin:ibert_gelu/add_243_38_I2/g176/z
pin:ibert_gelu/add_243_38_I2/g178/z
pin:ibert_gelu/add_243_38_I2/g181/z
pin:ibert_gelu/add_243_38_I2/g183/z
pin:ibert_gelu/add_243_38_I2/g186/z
pin:ibert_gelu/add_243_38_I2/g188/z
pin:ibert_gelu/add_243_38_I2/g191/z
pin:ibert_gelu/add_243_38_I2/g193/z
pin:ibert_gelu/add_243_38_I1/g4/z
pin:ibert_gelu/add_243_38_I1/g176/z
pin:ibert_gelu/add_243_38_I1/g178/z
pin:ibert_gelu/add_243_38_I1/g181/z
pin:ibert_gelu/add_243_38_I1/g183/z
pin:ibert_gelu/add_243_38_I1/g186/z
pin:ibert_gelu/add_243_38_I1/g188/z
pin:ibert_gelu/add_243_38_I1/g191/z
pin:ibert_gelu/add_243_38_I1/g193/z
pin:ibert_gelu/minus_122_41_I8/g146/z
pin:ibert_gelu/minus_122_41_I8/g149/z
pin:ibert_gelu/minus_122_41_I7/g146/z
pin:ibert_gelu/minus_122_41_I7/g149/z
pin:ibert_gelu/minus_122_41_I6/g146/z
pin:ibert_gelu/minus_122_41_I6/g149/z
pin:ibert_gelu/minus_122_41_I5/g146/z
pin:ibert_gelu/minus_122_41_I5/g149/z
pin:ibert_gelu/minus_122_41_I4/g146/z
pin:ibert_gelu/minus_122_41_I4/g149/z
pin:ibert_gelu/minus_122_41_I3/g146/z
pin:ibert_gelu/minus_122_41_I3/g149/z
pin:ibert_gelu/minus_122_41_I2/g146/z
pin:ibert_gelu/minus_122_41_I2/g149/z
pin:ibert_gelu/minus_122_41_I1/g146/z
pin:ibert_gelu/minus_122_41_I1/g149/z
pin:ibert_gelu/add_202_36_I8/g4/z
pin:ibert_gelu/add_202_36_I8/g251/z
pin:ibert_gelu/add_202_36_I8/g253/z
pin:ibert_gelu/add_202_36_I8/g256/z
pin:ibert_gelu/add_202_36_I8/g258/z
pin:ibert_gelu/add_202_36_I8/g261/z
pin:ibert_gelu/add_202_36_I8/g263/z
pin:ibert_gelu/add_202_36_I8/g266/z
pin:ibert_gelu/add_202_36_I8/g268/z
pin:ibert_gelu/add_202_36_I8/g271/z
pin:ibert_gelu/add_202_36_I8/g273/z
pin:ibert_gelu/add_202_36_I8/g276/z
pin:ibert_gelu/add_202_36_I8/g279/z
pin:ibert_gelu/add_202_36_I8/g282/z
pin:ibert_gelu/add_202_36_I8/g284/z
pin:ibert_gelu/add_202_36_I8/g287/z
pin:ibert_gelu/add_202_36_I7/g4/z
pin:ibert_gelu/add_202_36_I7/g251/z
pin:ibert_gelu/add_202_36_I7/g253/z
pin:ibert_gelu/add_202_36_I7/g256/z
pin:ibert_gelu/add_202_36_I7/g258/z
pin:ibert_gelu/add_202_36_I7/g261/z
pin:ibert_gelu/add_202_36_I7/g263/z
pin:ibert_gelu/add_202_36_I7/g266/z
pin:ibert_gelu/add_202_36_I7/g268/z
pin:ibert_gelu/add_202_36_I7/g271/z
pin:ibert_gelu/add_202_36_I7/g273/z
pin:ibert_gelu/add_202_36_I7/g276/z
pin:ibert_gelu/add_202_36_I7/g279/z
pin:ibert_gelu/add_202_36_I7/g282/z
pin:ibert_gelu/add_202_36_I7/g284/z
pin:ibert_gelu/add_202_36_I7/g287/z
pin:ibert_gelu/add_202_36_I6/g4/z
pin:ibert_gelu/add_202_36_I6/g251/z
pin:ibert_gelu/add_202_36_I6/g253/z
pin:ibert_gelu/add_202_36_I6/g256/z
pin:ibert_gelu/add_202_36_I6/g258/z
pin:ibert_gelu/add_202_36_I6/g261/z
pin:ibert_gelu/add_202_36_I6/g263/z
pin:ibert_gelu/add_202_36_I6/g266/z
pin:ibert_gelu/add_202_36_I6/g268/z
pin:ibert_gelu/add_202_36_I6/g271/z
pin:ibert_gelu/add_202_36_I6/g273/z
pin:ibert_gelu/add_202_36_I6/g276/z
pin:ibert_gelu/add_202_36_I6/g279/z
pin:ibert_gelu/add_202_36_I6/g282/z
pin:ibert_gelu/add_202_36_I6/g284/z
pin:ibert_gelu/add_202_36_I6/g287/z
pin:ibert_gelu/add_202_36_I5/g4/z
pin:ibert_gelu/add_202_36_I5/g251/z
pin:ibert_gelu/add_202_36_I5/g253/z
pin:ibert_gelu/add_202_36_I5/g256/z
pin:ibert_gelu/add_202_36_I5/g258/z
pin:ibert_gelu/add_202_36_I5/g261/z
pin:ibert_gelu/add_202_36_I5/g263/z
pin:ibert_gelu/add_202_36_I5/g266/z
pin:ibert_gelu/add_202_36_I5/g268/z
pin:ibert_gelu/add_202_36_I5/g271/z
pin:ibert_gelu/add_202_36_I5/g273/z
pin:ibert_gelu/add_202_36_I5/g276/z
pin:ibert_gelu/add_202_36_I5/g279/z
pin:ibert_gelu/add_202_36_I5/g282/z
pin:ibert_gelu/add_202_36_I5/g284/z
pin:ibert_gelu/add_202_36_I5/g287/z
pin:ibert_gelu/add_202_36_I4/g4/z
pin:ibert_gelu/add_202_36_I4/g251/z
pin:ibert_gelu/add_202_36_I4/g253/z
pin:ibert_gelu/add_202_36_I4/g256/z
pin:ibert_gelu/add_202_36_I4/g258/z
pin:ibert_gelu/add_202_36_I4/g261/z
pin:ibert_gelu/add_202_36_I4/g263/z
pin:ibert_gelu/add_202_36_I4/g266/z
pin:ibert_gelu/add_202_36_I4/g268/z
pin:ibert_gelu/add_202_36_I4/g271/z
pin:ibert_gelu/add_202_36_I4/g273/z
pin:ibert_gelu/add_202_36_I4/g276/z
pin:ibert_gelu/add_202_36_I4/g279/z
pin:ibert_gelu/add_202_36_I4/g282/z
pin:ibert_gelu/add_202_36_I4/g284/z
pin:ibert_gelu/add_202_36_I4/g287/z
pin:ibert_gelu/add_202_36_I3/g4/z
pin:ibert_gelu/add_202_36_I3/g251/z
pin:ibert_gelu/add_202_36_I3/g253/z
pin:ibert_gelu/add_202_36_I3/g256/z
pin:ibert_gelu/add_202_36_I3/g258/z
pin:ibert_gelu/add_202_36_I3/g261/z
pin:ibert_gelu/add_202_36_I3/g263/z
pin:ibert_gelu/add_202_36_I3/g266/z
pin:ibert_gelu/add_202_36_I3/g268/z
pin:ibert_gelu/add_202_36_I3/g271/z
pin:ibert_gelu/add_202_36_I3/g273/z
pin:ibert_gelu/add_202_36_I3/g276/z
pin:ibert_gelu/add_202_36_I3/g279/z
pin:ibert_gelu/add_202_36_I3/g282/z
pin:ibert_gelu/add_202_36_I3/g284/z
pin:ibert_gelu/add_202_36_I3/g287/z
pin:ibert_gelu/add_202_36_I2/g4/z
pin:ibert_gelu/add_202_36_I2/g251/z
pin:ibert_gelu/add_202_36_I2/g253/z
pin:ibert_gelu/add_202_36_I2/g256/z
pin:ibert_gelu/add_202_36_I2/g258/z
pin:ibert_gelu/add_202_36_I2/g261/z
pin:ibert_gelu/add_202_36_I2/g263/z
pin:ibert_gelu/add_202_36_I2/g266/z
pin:ibert_gelu/add_202_36_I2/g268/z
pin:ibert_gelu/add_202_36_I2/g271/z
pin:ibert_gelu/add_202_36_I2/g273/z
pin:ibert_gelu/add_202_36_I2/g276/z
pin:ibert_gelu/add_202_36_I2/g279/z
pin:ibert_gelu/add_202_36_I2/g282/z
pin:ibert_gelu/add_202_36_I2/g284/z
pin:ibert_gelu/add_202_36_I2/g287/z
pin:ibert_gelu/add_202_36_I1/g4/z
pin:ibert_gelu/add_202_36_I1/g251/z
pin:ibert_gelu/add_202_36_I1/g253/z
pin:ibert_gelu/add_202_36_I1/g256/z
pin:ibert_gelu/add_202_36_I1/g258/z
pin:ibert_gelu/add_202_36_I1/g261/z
pin:ibert_gelu/add_202_36_I1/g263/z
pin:ibert_gelu/add_202_36_I1/g266/z
pin:ibert_gelu/add_202_36_I1/g268/z
pin:ibert_gelu/add_202_36_I1/g271/z
pin:ibert_gelu/add_202_36_I1/g273/z
pin:ibert_gelu/add_202_36_I1/g276/z
pin:ibert_gelu/add_202_36_I1/g279/z
pin:ibert_gelu/add_202_36_I1/g282/z
pin:ibert_gelu/add_202_36_I1/g284/z
pin:ibert_gelu/add_202_36_I1/g287/z
Total number of unloaded combinational elements in design 'ibert_gelu' : 280

 Assigns
 ------- 
Total number of assign statements in design 'ibert_gelu' : 0

 Undriven Port(s)/Pin(s)
 ------------------------
No undriven combinational pin in 'ibert_gelu'

No undriven sequential pin in 'ibert_gelu'

No undriven hierarchical pin in 'ibert_gelu'

No undriven port in 'ibert_gelu'

 Multidriven Port(s)/Pin(s)
--------------------------

No multidriven combinational pin in 'ibert_gelu'

No multidriven sequential pin in 'ibert_gelu'

No multidriven hierarchical pin in 'ibert_gelu'

No multidriven ports in 'ibert_gelu'

No multidriven unloaded nets in 'ibert_gelu'

  Constant Pin(s)
  ----------------
No constant combinational pin(s) in design 'ibert_gelu'

No constant sequential pin(s) in design 'ibert_gelu'

design 'ibert_gelu' has the following constant input hierarchical pin(s)
hpin:ibert_gelu/add_125_39_I8/A[9] 	 (fanout : 2)
hpin:ibert_gelu/add_125_39_I8/B[9] 	 (fanout : 2)
hpin:ibert_gelu/add_125_39_I8/B[8] 	 (fanout : 2)
hpin:ibert_gelu/add_125_39_I8/B[7] 	 (fanout : 2)
hpin:ibert_gelu/add_125_39_I8/B[6] 	 (fanout : 2)
hpin:ibert_gelu/add_125_39_I8/B[5] 	 (fanout : 2)
hpin:ibert_gelu/add_125_39_I8/B[4] 	 (fanout : 2)
hpin:ibert_gelu/add_125_39_I8/B[3] 	 (fanout : 2)
hpin:ibert_gelu/add_125_39_I8/B[2] 	 (fanout : 2)
hpin:ibert_gelu/add_125_39_I8/B[1] 	 (fanout : 2)
hpin:ibert_gelu/add_125_39_I8/B[0] 	 (fanout : 2)
hpin:ibert_gelu/add_125_39_I7/A[9] 	 (fanout : 2)
hpin:ibert_gelu/add_125_39_I7/B[9] 	 (fanout : 2)
hpin:ibert_gelu/add_125_39_I7/B[8] 	 (fanout : 2)
hpin:ibert_gelu/add_125_39_I7/B[7] 	 (fanout : 2)
hpin:ibert_gelu/add_125_39_I7/B[6] 	 (fanout : 2)
hpin:ibert_gelu/add_125_39_I7/B[5] 	 (fanout : 2)
hpin:ibert_gelu/add_125_39_I7/B[4] 	 (fanout : 2)
hpin:ibert_gelu/add_125_39_I7/B[3] 	 (fanout : 2)
hpin:ibert_gelu/add_125_39_I7/B[2] 	 (fanout : 2)
hpin:ibert_gelu/add_125_39_I7/B[1] 	 (fanout : 2)
hpin:ibert_gelu/add_125_39_I7/B[0] 	 (fanout : 2)
hpin:ibert_gelu/add_125_39_I6/A[9] 	 (fanout : 2)
hpin:ibert_gelu/add_125_39_I6/B[9] 	 (fanout : 2)
hpin:ibert_gelu/add_125_39_I6/B[8] 	 (fanout : 2)
hpin:ibert_gelu/add_125_39_I6/B[7] 	 (fanout : 2)
hpin:ibert_gelu/add_125_39_I6/B[6] 	 (fanout : 2)
hpin:ibert_gelu/add_125_39_I6/B[5] 	 (fanout : 2)
hpin:ibert_gelu/add_125_39_I6/B[4] 	 (fanout : 2)
hpin:ibert_gelu/add_125_39_I6/B[3] 	 (fanout : 2)
hpin:ibert_gelu/add_125_39_I6/B[2] 	 (fanout : 2)
hpin:ibert_gelu/add_125_39_I6/B[1] 	 (fanout : 2)
hpin:ibert_gelu/add_125_39_I6/B[0] 	 (fanout : 2)
hpin:ibert_gelu/add_125_39_I5/A[9] 	 (fanout : 2)
hpin:ibert_gelu/add_125_39_I5/B[9] 	 (fanout : 2)
hpin:ibert_gelu/add_125_39_I5/B[8] 	 (fanout : 2)
hpin:ibert_gelu/add_125_39_I5/B[7] 	 (fanout : 2)
hpin:ibert_gelu/add_125_39_I5/B[6] 	 (fanout : 2)
hpin:ibert_gelu/add_125_39_I5/B[5] 	 (fanout : 2)
hpin:ibert_gelu/add_125_39_I5/B[4] 	 (fanout : 2)
hpin:ibert_gelu/add_125_39_I5/B[3] 	 (fanout : 2)
hpin:ibert_gelu/add_125_39_I5/B[2] 	 (fanout : 2)
hpin:ibert_gelu/add_125_39_I5/B[1] 	 (fanout : 2)
hpin:ibert_gelu/add_125_39_I5/B[0] 	 (fanout : 2)
hpin:ibert_gelu/add_125_39_I4/A[9] 	 (fanout : 2)
hpin:ibert_gelu/add_125_39_I4/B[9] 	 (fanout : 2)
hpin:ibert_gelu/add_125_39_I4/B[8] 	 (fanout : 2)
hpin:ibert_gelu/add_125_39_I4/B[7] 	 (fanout : 2)
hpin:ibert_gelu/add_125_39_I4/B[6] 	 (fanout : 2)
hpin:ibert_gelu/add_125_39_I4/B[5] 	 (fanout : 2)
hpin:ibert_gelu/add_125_39_I4/B[4] 	 (fanout : 2)
hpin:ibert_gelu/add_125_39_I4/B[3] 	 (fanout : 2)
hpin:ibert_gelu/add_125_39_I4/B[2] 	 (fanout : 2)
hpin:ibert_gelu/add_125_39_I4/B[1] 	 (fanout : 2)
hpin:ibert_gelu/add_125_39_I4/B[0] 	 (fanout : 2)
hpin:ibert_gelu/add_125_39_I3/A[9] 	 (fanout : 2)
hpin:ibert_gelu/add_125_39_I3/B[9] 	 (fanout : 2)
hpin:ibert_gelu/add_125_39_I3/B[8] 	 (fanout : 2)
hpin:ibert_gelu/add_125_39_I3/B[7] 	 (fanout : 2)
hpin:ibert_gelu/add_125_39_I3/B[6] 	 (fanout : 2)
hpin:ibert_gelu/add_125_39_I3/B[5] 	 (fanout : 2)
hpin:ibert_gelu/add_125_39_I3/B[4] 	 (fanout : 2)
hpin:ibert_gelu/add_125_39_I3/B[3] 	 (fanout : 2)
hpin:ibert_gelu/add_125_39_I3/B[2] 	 (fanout : 2)
hpin:ibert_gelu/add_125_39_I3/B[1] 	 (fanout : 2)
hpin:ibert_gelu/add_125_39_I3/B[0] 	 (fanout : 2)
hpin:ibert_gelu/add_125_39_I2/A[9] 	 (fanout : 2)
hpin:ibert_gelu/add_125_39_I2/B[9] 	 (fanout : 2)
hpin:ibert_gelu/add_125_39_I2/B[8] 	 (fanout : 2)
hpin:ibert_gelu/add_125_39_I2/B[7] 	 (fanout : 2)
hpin:ibert_gelu/add_125_39_I2/B[6] 	 (fanout : 2)
hpin:ibert_gelu/add_125_39_I2/B[5] 	 (fanout : 2)
hpin:ibert_gelu/add_125_39_I2/B[4] 	 (fanout : 2)
hpin:ibert_gelu/add_125_39_I2/B[3] 	 (fanout : 2)
hpin:ibert_gelu/add_125_39_I2/B[2] 	 (fanout : 2)
hpin:ibert_gelu/add_125_39_I2/B[1] 	 (fanout : 2)
hpin:ibert_gelu/add_125_39_I2/B[0] 	 (fanout : 2)
hpin:ibert_gelu/add_125_39_I1/A[9] 	 (fanout : 2)
hpin:ibert_gelu/add_125_39_I1/B[9] 	 (fanout : 2)
hpin:ibert_gelu/add_125_39_I1/B[8] 	 (fanout : 2)
hpin:ibert_gelu/add_125_39_I1/B[7] 	 (fanout : 2)
hpin:ibert_gelu/add_125_39_I1/B[6] 	 (fanout : 2)
hpin:ibert_gelu/add_125_39_I1/B[5] 	 (fanout : 2)
hpin:ibert_gelu/add_125_39_I1/B[4] 	 (fanout : 2)
hpin:ibert_gelu/add_125_39_I1/B[3] 	 (fanout : 2)
hpin:ibert_gelu/add_125_39_I1/B[2] 	 (fanout : 2)
hpin:ibert_gelu/add_125_39_I1/B[1] 	 (fanout : 2)
hpin:ibert_gelu/add_125_39_I1/B[0] 	 (fanout : 2)
hpin:ibert_gelu/mul_117_40_I8/B[12] 	 (fanout : 8)
hpin:ibert_gelu/mul_117_40_I8/B[11] 	 (fanout : 8)
hpin:ibert_gelu/mul_117_40_I8/B[10] 	 (fanout : 8)
hpin:ibert_gelu/mul_117_40_I8/B[9] 	 (fanout : 8)
hpin:ibert_gelu/mul_117_40_I8/B[8] 	 (fanout : 8)
hpin:ibert_gelu/mul_117_40_I8/B[7] 	 (fanout : 8)
hpin:ibert_gelu/mul_117_40_I8/B[6] 	 (fanout : 8)
hpin:ibert_gelu/mul_117_40_I8/B[5] 	 (fanout : 8)
hpin:ibert_gelu/mul_117_40_I8/B[4] 	 (fanout : 8)
hpin:ibert_gelu/mul_117_40_I8/B[3] 	 (fanout : 8)
hpin:ibert_gelu/mul_117_40_I8/B[2] 	 (fanout : 8)
hpin:ibert_gelu/mul_117_40_I8/B[1] 	 (fanout : 8)
hpin:ibert_gelu/mul_117_40_I8/B[0] 	 (fanout : 8)
hpin:ibert_gelu/add_118_32_I8/B[8] 	 (fanout : 23)
hpin:ibert_gelu/add_118_32_I8/B[7] 	 (fanout : 2)
hpin:ibert_gelu/add_118_32_I8/B[6] 	 (fanout : 2)
hpin:ibert_gelu/add_118_32_I8/B[5] 	 (fanout : 2)
hpin:ibert_gelu/add_118_32_I8/B[4] 	 (fanout : 2)
hpin:ibert_gelu/add_118_32_I8/B[3] 	 (fanout : 2)
hpin:ibert_gelu/add_118_32_I8/B[2] 	 (fanout : 2)
hpin:ibert_gelu/add_118_32_I8/B[1] 	 (fanout : 2)
hpin:ibert_gelu/add_118_32_I8/B[0] 	 (fanout : 2)
hpin:ibert_gelu/mul_117_40_I7/B[12] 	 (fanout : 8)
hpin:ibert_gelu/mul_117_40_I7/B[11] 	 (fanout : 8)
hpin:ibert_gelu/mul_117_40_I7/B[10] 	 (fanout : 8)
hpin:ibert_gelu/mul_117_40_I7/B[9] 	 (fanout : 8)
hpin:ibert_gelu/mul_117_40_I7/B[8] 	 (fanout : 8)
hpin:ibert_gelu/mul_117_40_I7/B[7] 	 (fanout : 8)
hpin:ibert_gelu/mul_117_40_I7/B[6] 	 (fanout : 8)
hpin:ibert_gelu/mul_117_40_I7/B[5] 	 (fanout : 8)
hpin:ibert_gelu/mul_117_40_I7/B[4] 	 (fanout : 8)
hpin:ibert_gelu/mul_117_40_I7/B[3] 	 (fanout : 8)
hpin:ibert_gelu/mul_117_40_I7/B[2] 	 (fanout : 8)
hpin:ibert_gelu/mul_117_40_I7/B[1] 	 (fanout : 8)
hpin:ibert_gelu/mul_117_40_I7/B[0] 	 (fanout : 8)
hpin:ibert_gelu/add_118_32_I7/B[8] 	 (fanout : 23)
hpin:ibert_gelu/add_118_32_I7/B[7] 	 (fanout : 2)
hpin:ibert_gelu/add_118_32_I7/B[6] 	 (fanout : 2)
hpin:ibert_gelu/add_118_32_I7/B[5] 	 (fanout : 2)
hpin:ibert_gelu/add_118_32_I7/B[4] 	 (fanout : 2)
hpin:ibert_gelu/add_118_32_I7/B[3] 	 (fanout : 2)
hpin:ibert_gelu/add_118_32_I7/B[2] 	 (fanout : 2)
hpin:ibert_gelu/add_118_32_I7/B[1] 	 (fanout : 2)
hpin:ibert_gelu/add_118_32_I7/B[0] 	 (fanout : 2)
hpin:ibert_gelu/mul_117_40_I6/B[12] 	 (fanout : 8)
hpin:ibert_gelu/mul_117_40_I6/B[11] 	 (fanout : 8)
hpin:ibert_gelu/mul_117_40_I6/B[10] 	 (fanout : 8)
hpin:ibert_gelu/mul_117_40_I6/B[9] 	 (fanout : 8)
hpin:ibert_gelu/mul_117_40_I6/B[8] 	 (fanout : 8)
hpin:ibert_gelu/mul_117_40_I6/B[7] 	 (fanout : 8)
hpin:ibert_gelu/mul_117_40_I6/B[6] 	 (fanout : 8)
hpin:ibert_gelu/mul_117_40_I6/B[5] 	 (fanout : 8)
hpin:ibert_gelu/mul_117_40_I6/B[4] 	 (fanout : 8)
hpin:ibert_gelu/mul_117_40_I6/B[3] 	 (fanout : 8)
hpin:ibert_gelu/mul_117_40_I6/B[2] 	 (fanout : 8)
hpin:ibert_gelu/mul_117_40_I6/B[1] 	 (fanout : 8)
hpin:ibert_gelu/mul_117_40_I6/B[0] 	 (fanout : 8)
hpin:ibert_gelu/add_118_32_I6/B[8] 	 (fanout : 23)
hpin:ibert_gelu/add_118_32_I6/B[7] 	 (fanout : 2)
hpin:ibert_gelu/add_118_32_I6/B[6] 	 (fanout : 2)
hpin:ibert_gelu/add_118_32_I6/B[5] 	 (fanout : 2)
hpin:ibert_gelu/add_118_32_I6/B[4] 	 (fanout : 2)
hpin:ibert_gelu/add_118_32_I6/B[3] 	 (fanout : 2)
hpin:ibert_gelu/add_118_32_I6/B[2] 	 (fanout : 2)
hpin:ibert_gelu/add_118_32_I6/B[1] 	 (fanout : 2)
hpin:ibert_gelu/add_118_32_I6/B[0] 	 (fanout : 2)
hpin:ibert_gelu/mul_117_40_I5/B[12] 	 (fanout : 8)
hpin:ibert_gelu/mul_117_40_I5/B[11] 	 (fanout : 8)
hpin:ibert_gelu/mul_117_40_I5/B[10] 	 (fanout : 8)
hpin:ibert_gelu/mul_117_40_I5/B[9] 	 (fanout : 8)
hpin:ibert_gelu/mul_117_40_I5/B[8] 	 (fanout : 8)
hpin:ibert_gelu/mul_117_40_I5/B[7] 	 (fanout : 8)
hpin:ibert_gelu/mul_117_40_I5/B[6] 	 (fanout : 8)
hpin:ibert_gelu/mul_117_40_I5/B[5] 	 (fanout : 8)
hpin:ibert_gelu/mul_117_40_I5/B[4] 	 (fanout : 8)
hpin:ibert_gelu/mul_117_40_I5/B[3] 	 (fanout : 8)
hpin:ibert_gelu/mul_117_40_I5/B[2] 	 (fanout : 8)
hpin:ibert_gelu/mul_117_40_I5/B[1] 	 (fanout : 8)
hpin:ibert_gelu/mul_117_40_I5/B[0] 	 (fanout : 8)
hpin:ibert_gelu/add_118_32_I5/B[8] 	 (fanout : 23)
hpin:ibert_gelu/add_118_32_I5/B[7] 	 (fanout : 2)
hpin:ibert_gelu/add_118_32_I5/B[6] 	 (fanout : 2)
hpin:ibert_gelu/add_118_32_I5/B[5] 	 (fanout : 2)
hpin:ibert_gelu/add_118_32_I5/B[4] 	 (fanout : 2)
hpin:ibert_gelu/add_118_32_I5/B[3] 	 (fanout : 2)
hpin:ibert_gelu/add_118_32_I5/B[2] 	 (fanout : 2)
hpin:ibert_gelu/add_118_32_I5/B[1] 	 (fanout : 2)
hpin:ibert_gelu/add_118_32_I5/B[0] 	 (fanout : 2)
hpin:ibert_gelu/mul_117_40_I4/B[12] 	 (fanout : 8)
hpin:ibert_gelu/mul_117_40_I4/B[11] 	 (fanout : 8)
hpin:ibert_gelu/mul_117_40_I4/B[10] 	 (fanout : 8)
hpin:ibert_gelu/mul_117_40_I4/B[9] 	 (fanout : 8)
hpin:ibert_gelu/mul_117_40_I4/B[8] 	 (fanout : 8)
hpin:ibert_gelu/mul_117_40_I4/B[7] 	 (fanout : 8)
hpin:ibert_gelu/mul_117_40_I4/B[6] 	 (fanout : 8)
hpin:ibert_gelu/mul_117_40_I4/B[5] 	 (fanout : 8)
hpin:ibert_gelu/mul_117_40_I4/B[4] 	 (fanout : 8)
hpin:ibert_gelu/mul_117_40_I4/B[3] 	 (fanout : 8)
hpin:ibert_gelu/mul_117_40_I4/B[2] 	 (fanout : 8)
hpin:ibert_gelu/mul_117_40_I4/B[1] 	 (fanout : 8)
hpin:ibert_gelu/mul_117_40_I4/B[0] 	 (fanout : 8)
hpin:ibert_gelu/add_118_32_I4/B[8] 	 (fanout : 23)
hpin:ibert_gelu/add_118_32_I4/B[7] 	 (fanout : 2)
hpin:ibert_gelu/add_118_32_I4/B[6] 	 (fanout : 2)
hpin:ibert_gelu/add_118_32_I4/B[5] 	 (fanout : 2)
hpin:ibert_gelu/add_118_32_I4/B[4] 	 (fanout : 2)
hpin:ibert_gelu/add_118_32_I4/B[3] 	 (fanout : 2)
hpin:ibert_gelu/add_118_32_I4/B[2] 	 (fanout : 2)
hpin:ibert_gelu/add_118_32_I4/B[1] 	 (fanout : 2)
hpin:ibert_gelu/add_118_32_I4/B[0] 	 (fanout : 2)
hpin:ibert_gelu/mul_117_40_I3/B[12] 	 (fanout : 8)
hpin:ibert_gelu/mul_117_40_I3/B[11] 	 (fanout : 8)
hpin:ibert_gelu/mul_117_40_I3/B[10] 	 (fanout : 8)
hpin:ibert_gelu/mul_117_40_I3/B[9] 	 (fanout : 8)
hpin:ibert_gelu/mul_117_40_I3/B[8] 	 (fanout : 8)
hpin:ibert_gelu/mul_117_40_I3/B[7] 	 (fanout : 8)
hpin:ibert_gelu/mul_117_40_I3/B[6] 	 (fanout : 8)
hpin:ibert_gelu/mul_117_40_I3/B[5] 	 (fanout : 8)
hpin:ibert_gelu/mul_117_40_I3/B[4] 	 (fanout : 8)
hpin:ibert_gelu/mul_117_40_I3/B[3] 	 (fanout : 8)
hpin:ibert_gelu/mul_117_40_I3/B[2] 	 (fanout : 8)
hpin:ibert_gelu/mul_117_40_I3/B[1] 	 (fanout : 8)
hpin:ibert_gelu/mul_117_40_I3/B[0] 	 (fanout : 8)
hpin:ibert_gelu/add_118_32_I3/B[8] 	 (fanout : 23)
hpin:ibert_gelu/add_118_32_I3/B[7] 	 (fanout : 2)
hpin:ibert_gelu/add_118_32_I3/B[6] 	 (fanout : 2)
hpin:ibert_gelu/add_118_32_I3/B[5] 	 (fanout : 2)
hpin:ibert_gelu/add_118_32_I3/B[4] 	 (fanout : 2)
hpin:ibert_gelu/add_118_32_I3/B[3] 	 (fanout : 2)
hpin:ibert_gelu/add_118_32_I3/B[2] 	 (fanout : 2)
hpin:ibert_gelu/add_118_32_I3/B[1] 	 (fanout : 2)
hpin:ibert_gelu/add_118_32_I3/B[0] 	 (fanout : 2)
hpin:ibert_gelu/mul_117_40_I2/B[12] 	 (fanout : 8)
hpin:ibert_gelu/mul_117_40_I2/B[11] 	 (fanout : 8)
hpin:ibert_gelu/mul_117_40_I2/B[10] 	 (fanout : 8)
hpin:ibert_gelu/mul_117_40_I2/B[9] 	 (fanout : 8)
hpin:ibert_gelu/mul_117_40_I2/B[8] 	 (fanout : 8)
hpin:ibert_gelu/mul_117_40_I2/B[7] 	 (fanout : 8)
hpin:ibert_gelu/mul_117_40_I2/B[6] 	 (fanout : 8)
hpin:ibert_gelu/mul_117_40_I2/B[5] 	 (fanout : 8)
hpin:ibert_gelu/mul_117_40_I2/B[4] 	 (fanout : 8)
hpin:ibert_gelu/mul_117_40_I2/B[3] 	 (fanout : 8)
hpin:ibert_gelu/mul_117_40_I2/B[2] 	 (fanout : 8)
hpin:ibert_gelu/mul_117_40_I2/B[1] 	 (fanout : 8)
hpin:ibert_gelu/mul_117_40_I2/B[0] 	 (fanout : 8)
hpin:ibert_gelu/add_118_32_I2/B[8] 	 (fanout : 23)
hpin:ibert_gelu/add_118_32_I2/B[7] 	 (fanout : 2)
hpin:ibert_gelu/add_118_32_I2/B[6] 	 (fanout : 2)
hpin:ibert_gelu/add_118_32_I2/B[5] 	 (fanout : 2)
hpin:ibert_gelu/add_118_32_I2/B[4] 	 (fanout : 2)
hpin:ibert_gelu/add_118_32_I2/B[3] 	 (fanout : 2)
hpin:ibert_gelu/add_118_32_I2/B[2] 	 (fanout : 2)
hpin:ibert_gelu/add_118_32_I2/B[1] 	 (fanout : 2)
hpin:ibert_gelu/add_118_32_I2/B[0] 	 (fanout : 2)
hpin:ibert_gelu/mul_117_40_I1/B[12] 	 (fanout : 8)
hpin:ibert_gelu/mul_117_40_I1/B[11] 	 (fanout : 8)
hpin:ibert_gelu/mul_117_40_I1/B[10] 	 (fanout : 8)
hpin:ibert_gelu/mul_117_40_I1/B[9] 	 (fanout : 8)
hpin:ibert_gelu/mul_117_40_I1/B[8] 	 (fanout : 8)
hpin:ibert_gelu/mul_117_40_I1/B[7] 	 (fanout : 8)
hpin:ibert_gelu/mul_117_40_I1/B[6] 	 (fanout : 8)
hpin:ibert_gelu/mul_117_40_I1/B[5] 	 (fanout : 8)
hpin:ibert_gelu/mul_117_40_I1/B[4] 	 (fanout : 8)
hpin:ibert_gelu/mul_117_40_I1/B[3] 	 (fanout : 8)
hpin:ibert_gelu/mul_117_40_I1/B[2] 	 (fanout : 8)
hpin:ibert_gelu/mul_117_40_I1/B[1] 	 (fanout : 8)
hpin:ibert_gelu/mul_117_40_I1/B[0] 	 (fanout : 8)
hpin:ibert_gelu/add_118_32_I1/B[8] 	 (fanout : 23)
hpin:ibert_gelu/add_118_32_I1/B[7] 	 (fanout : 2)
hpin:ibert_gelu/add_118_32_I1/B[6] 	 (fanout : 2)
hpin:ibert_gelu/add_118_32_I1/B[5] 	 (fanout : 2)
hpin:ibert_gelu/add_118_32_I1/B[4] 	 (fanout : 2)
hpin:ibert_gelu/add_118_32_I1/B[3] 	 (fanout : 2)
hpin:ibert_gelu/add_118_32_I1/B[2] 	 (fanout : 2)
hpin:ibert_gelu/add_118_32_I1/B[1] 	 (fanout : 2)
hpin:ibert_gelu/add_118_32_I1/B[0] 	 (fanout : 2)
hpin:ibert_gelu/add_208_36_I8/B[9] 	 (fanout : 3)
hpin:ibert_gelu/add_208_36_I8/B[8] 	 (fanout : 2)
hpin:ibert_gelu/add_208_36_I8/B[7] 	 (fanout : 2)
hpin:ibert_gelu/add_208_36_I8/B[6] 	 (fanout : 2)
hpin:ibert_gelu/add_208_36_I8/B[5] 	 (fanout : 2)
hpin:ibert_gelu/add_208_36_I8/B[4] 	 (fanout : 2)
hpin:ibert_gelu/add_208_36_I8/B[3] 	 (fanout : 2)
hpin:ibert_gelu/add_208_36_I8/B[2] 	 (fanout : 2)
hpin:ibert_gelu/add_208_36_I8/B[1] 	 (fanout : 2)
hpin:ibert_gelu/add_208_36_I8/B[0] 	 (fanout : 2)
hpin:ibert_gelu/add_208_36_I7/B[9] 	 (fanout : 3)
hpin:ibert_gelu/add_208_36_I7/B[8] 	 (fanout : 2)
hpin:ibert_gelu/add_208_36_I7/B[7] 	 (fanout : 2)
hpin:ibert_gelu/add_208_36_I7/B[6] 	 (fanout : 2)
hpin:ibert_gelu/add_208_36_I7/B[5] 	 (fanout : 2)
hpin:ibert_gelu/add_208_36_I7/B[4] 	 (fanout : 2)
hpin:ibert_gelu/add_208_36_I7/B[3] 	 (fanout : 2)
hpin:ibert_gelu/add_208_36_I7/B[2] 	 (fanout : 2)
hpin:ibert_gelu/add_208_36_I7/B[1] 	 (fanout : 2)
hpin:ibert_gelu/add_208_36_I7/B[0] 	 (fanout : 2)
hpin:ibert_gelu/add_208_36_I6/B[9] 	 (fanout : 3)
hpin:ibert_gelu/add_208_36_I6/B[8] 	 (fanout : 2)
hpin:ibert_gelu/add_208_36_I6/B[7] 	 (fanout : 2)
hpin:ibert_gelu/add_208_36_I6/B[6] 	 (fanout : 2)
hpin:ibert_gelu/add_208_36_I6/B[5] 	 (fanout : 2)
hpin:ibert_gelu/add_208_36_I6/B[4] 	 (fanout : 2)
hpin:ibert_gelu/add_208_36_I6/B[3] 	 (fanout : 2)
hpin:ibert_gelu/add_208_36_I6/B[2] 	 (fanout : 2)
hpin:ibert_gelu/add_208_36_I6/B[1] 	 (fanout : 2)
hpin:ibert_gelu/add_208_36_I6/B[0] 	 (fanout : 2)
hpin:ibert_gelu/add_208_36_I5/B[9] 	 (fanout : 3)
hpin:ibert_gelu/add_208_36_I5/B[8] 	 (fanout : 2)
hpin:ibert_gelu/add_208_36_I5/B[7] 	 (fanout : 2)
hpin:ibert_gelu/add_208_36_I5/B[6] 	 (fanout : 2)
hpin:ibert_gelu/add_208_36_I5/B[5] 	 (fanout : 2)
hpin:ibert_gelu/add_208_36_I5/B[4] 	 (fanout : 2)
hpin:ibert_gelu/add_208_36_I5/B[3] 	 (fanout : 2)
hpin:ibert_gelu/add_208_36_I5/B[2] 	 (fanout : 2)
hpin:ibert_gelu/add_208_36_I5/B[1] 	 (fanout : 2)
hpin:ibert_gelu/add_208_36_I5/B[0] 	 (fanout : 2)
hpin:ibert_gelu/add_208_36_I4/B[9] 	 (fanout : 3)
hpin:ibert_gelu/add_208_36_I4/B[8] 	 (fanout : 2)
hpin:ibert_gelu/add_208_36_I4/B[7] 	 (fanout : 2)
hpin:ibert_gelu/add_208_36_I4/B[6] 	 (fanout : 2)
hpin:ibert_gelu/add_208_36_I4/B[5] 	 (fanout : 2)
hpin:ibert_gelu/add_208_36_I4/B[4] 	 (fanout : 2)
hpin:ibert_gelu/add_208_36_I4/B[3] 	 (fanout : 2)
hpin:ibert_gelu/add_208_36_I4/B[2] 	 (fanout : 2)
hpin:ibert_gelu/add_208_36_I4/B[1] 	 (fanout : 2)
hpin:ibert_gelu/add_208_36_I4/B[0] 	 (fanout : 2)
hpin:ibert_gelu/add_208_36_I3/B[9] 	 (fanout : 3)
hpin:ibert_gelu/add_208_36_I3/B[8] 	 (fanout : 2)
hpin:ibert_gelu/add_208_36_I3/B[7] 	 (fanout : 2)
hpin:ibert_gelu/add_208_36_I3/B[6] 	 (fanout : 2)
hpin:ibert_gelu/add_208_36_I3/B[5] 	 (fanout : 2)
hpin:ibert_gelu/add_208_36_I3/B[4] 	 (fanout : 2)
hpin:ibert_gelu/add_208_36_I3/B[3] 	 (fanout : 2)
hpin:ibert_gelu/add_208_36_I3/B[2] 	 (fanout : 2)
hpin:ibert_gelu/add_208_36_I3/B[1] 	 (fanout : 2)
hpin:ibert_gelu/add_208_36_I3/B[0] 	 (fanout : 2)
hpin:ibert_gelu/add_208_36_I2/B[9] 	 (fanout : 3)
hpin:ibert_gelu/add_208_36_I2/B[8] 	 (fanout : 2)
hpin:ibert_gelu/add_208_36_I2/B[7] 	 (fanout : 2)
hpin:ibert_gelu/add_208_36_I2/B[6] 	 (fanout : 2)
hpin:ibert_gelu/add_208_36_I2/B[5] 	 (fanout : 2)
hpin:ibert_gelu/add_208_36_I2/B[4] 	 (fanout : 2)
hpin:ibert_gelu/add_208_36_I2/B[3] 	 (fanout : 2)
hpin:ibert_gelu/add_208_36_I2/B[2] 	 (fanout : 2)
hpin:ibert_gelu/add_208_36_I2/B[1] 	 (fanout : 2)
hpin:ibert_gelu/add_208_36_I2/B[0] 	 (fanout : 2)
hpin:ibert_gelu/add_208_36_I1/B[9] 	 (fanout : 3)
hpin:ibert_gelu/add_208_36_I1/B[8] 	 (fanout : 2)
hpin:ibert_gelu/add_208_36_I1/B[7] 	 (fanout : 2)
hpin:ibert_gelu/add_208_36_I1/B[6] 	 (fanout : 2)
hpin:ibert_gelu/add_208_36_I1/B[5] 	 (fanout : 2)
hpin:ibert_gelu/add_208_36_I1/B[4] 	 (fanout : 2)
hpin:ibert_gelu/add_208_36_I1/B[3] 	 (fanout : 2)
hpin:ibert_gelu/add_208_36_I1/B[2] 	 (fanout : 2)
hpin:ibert_gelu/add_208_36_I1/B[1] 	 (fanout : 2)
hpin:ibert_gelu/add_208_36_I1/B[0] 	 (fanout : 2)
hpin:ibert_gelu/gt_246_23_I8/B[7] 	 (fanout : 5)
hpin:ibert_gelu/gt_246_23_I8/B[6] 	 (fanout : 2)
hpin:ibert_gelu/gt_246_23_I8/B[5] 	 (fanout : 2)
hpin:ibert_gelu/gt_246_23_I8/B[4] 	 (fanout : 2)
hpin:ibert_gelu/gt_246_23_I8/B[3] 	 (fanout : 2)
hpin:ibert_gelu/gt_246_23_I8/B[2] 	 (fanout : 2)
hpin:ibert_gelu/gt_246_23_I8/B[1] 	 (fanout : 2)
hpin:ibert_gelu/gt_246_23_I8/B[0] 	 (fanout : 1)
hpin:ibert_gelu/lt_247_28_I8/B[7] 	 (fanout : 3)
hpin:ibert_gelu/lt_247_28_I8/B[6] 	 (fanout : 1)
hpin:ibert_gelu/lt_247_28_I8/B[5] 	 (fanout : 1)
hpin:ibert_gelu/lt_247_28_I8/B[4] 	 (fanout : 1)
hpin:ibert_gelu/lt_247_28_I8/B[3] 	 (fanout : 1)
hpin:ibert_gelu/lt_247_28_I8/B[2] 	 (fanout : 1)
hpin:ibert_gelu/lt_247_28_I8/B[1] 	 (fanout : 1)
hpin:ibert_gelu/lt_247_28_I8/B[0] 	 (fanout : 1)
hpin:ibert_gelu/add_243_38_I8/B[9] 	 (fanout : 19)
hpin:ibert_gelu/add_243_38_I8/B[8] 	 (fanout : 2)
hpin:ibert_gelu/add_243_38_I8/B[7] 	 (fanout : 2)
hpin:ibert_gelu/add_243_38_I8/B[6] 	 (fanout : 2)
hpin:ibert_gelu/add_243_38_I8/B[5] 	 (fanout : 2)
hpin:ibert_gelu/add_243_38_I8/B[4] 	 (fanout : 2)
hpin:ibert_gelu/add_243_38_I8/B[3] 	 (fanout : 2)
hpin:ibert_gelu/add_243_38_I8/B[2] 	 (fanout : 2)
hpin:ibert_gelu/add_243_38_I8/B[1] 	 (fanout : 2)
hpin:ibert_gelu/add_243_38_I8/B[0] 	 (fanout : 2)
hpin:ibert_gelu/gt_246_23_I7/B[7] 	 (fanout : 5)
hpin:ibert_gelu/gt_246_23_I7/B[6] 	 (fanout : 2)
hpin:ibert_gelu/gt_246_23_I7/B[5] 	 (fanout : 2)
hpin:ibert_gelu/gt_246_23_I7/B[4] 	 (fanout : 2)
hpin:ibert_gelu/gt_246_23_I7/B[3] 	 (fanout : 2)
hpin:ibert_gelu/gt_246_23_I7/B[2] 	 (fanout : 2)
hpin:ibert_gelu/gt_246_23_I7/B[1] 	 (fanout : 2)
hpin:ibert_gelu/gt_246_23_I7/B[0] 	 (fanout : 1)
hpin:ibert_gelu/lt_247_28_I7/B[7] 	 (fanout : 3)
hpin:ibert_gelu/lt_247_28_I7/B[6] 	 (fanout : 1)
hpin:ibert_gelu/lt_247_28_I7/B[5] 	 (fanout : 1)
hpin:ibert_gelu/lt_247_28_I7/B[4] 	 (fanout : 1)
hpin:ibert_gelu/lt_247_28_I7/B[3] 	 (fanout : 1)
hpin:ibert_gelu/lt_247_28_I7/B[2] 	 (fanout : 1)
hpin:ibert_gelu/lt_247_28_I7/B[1] 	 (fanout : 1)
hpin:ibert_gelu/lt_247_28_I7/B[0] 	 (fanout : 1)
hpin:ibert_gelu/add_243_38_I7/B[9] 	 (fanout : 19)
hpin:ibert_gelu/add_243_38_I7/B[8] 	 (fanout : 2)
hpin:ibert_gelu/add_243_38_I7/B[7] 	 (fanout : 2)
hpin:ibert_gelu/add_243_38_I7/B[6] 	 (fanout : 2)
hpin:ibert_gelu/add_243_38_I7/B[5] 	 (fanout : 2)
hpin:ibert_gelu/add_243_38_I7/B[4] 	 (fanout : 2)
hpin:ibert_gelu/add_243_38_I7/B[3] 	 (fanout : 2)
hpin:ibert_gelu/add_243_38_I7/B[2] 	 (fanout : 2)
hpin:ibert_gelu/add_243_38_I7/B[1] 	 (fanout : 2)
hpin:ibert_gelu/add_243_38_I7/B[0] 	 (fanout : 2)
hpin:ibert_gelu/gt_246_23_I6/B[7] 	 (fanout : 5)
hpin:ibert_gelu/gt_246_23_I6/B[6] 	 (fanout : 2)
hpin:ibert_gelu/gt_246_23_I6/B[5] 	 (fanout : 2)
hpin:ibert_gelu/gt_246_23_I6/B[4] 	 (fanout : 2)
hpin:ibert_gelu/gt_246_23_I6/B[3] 	 (fanout : 2)
hpin:ibert_gelu/gt_246_23_I6/B[2] 	 (fanout : 2)
hpin:ibert_gelu/gt_246_23_I6/B[1] 	 (fanout : 2)
hpin:ibert_gelu/gt_246_23_I6/B[0] 	 (fanout : 1)
hpin:ibert_gelu/lt_247_28_I6/B[7] 	 (fanout : 3)
hpin:ibert_gelu/lt_247_28_I6/B[6] 	 (fanout : 1)
hpin:ibert_gelu/lt_247_28_I6/B[5] 	 (fanout : 1)
hpin:ibert_gelu/lt_247_28_I6/B[4] 	 (fanout : 1)
hpin:ibert_gelu/lt_247_28_I6/B[3] 	 (fanout : 1)
hpin:ibert_gelu/lt_247_28_I6/B[2] 	 (fanout : 1)
hpin:ibert_gelu/lt_247_28_I6/B[1] 	 (fanout : 1)
hpin:ibert_gelu/lt_247_28_I6/B[0] 	 (fanout : 1)
hpin:ibert_gelu/add_243_38_I6/B[9] 	 (fanout : 19)
hpin:ibert_gelu/add_243_38_I6/B[8] 	 (fanout : 2)
hpin:ibert_gelu/add_243_38_I6/B[7] 	 (fanout : 2)
hpin:ibert_gelu/add_243_38_I6/B[6] 	 (fanout : 2)
hpin:ibert_gelu/add_243_38_I6/B[5] 	 (fanout : 2)
hpin:ibert_gelu/add_243_38_I6/B[4] 	 (fanout : 2)
hpin:ibert_gelu/add_243_38_I6/B[3] 	 (fanout : 2)
hpin:ibert_gelu/add_243_38_I6/B[2] 	 (fanout : 2)
hpin:ibert_gelu/add_243_38_I6/B[1] 	 (fanout : 2)
hpin:ibert_gelu/add_243_38_I6/B[0] 	 (fanout : 2)
hpin:ibert_gelu/gt_246_23_I5/B[7] 	 (fanout : 5)
hpin:ibert_gelu/gt_246_23_I5/B[6] 	 (fanout : 2)
hpin:ibert_gelu/gt_246_23_I5/B[5] 	 (fanout : 2)
hpin:ibert_gelu/gt_246_23_I5/B[4] 	 (fanout : 2)
hpin:ibert_gelu/gt_246_23_I5/B[3] 	 (fanout : 2)
hpin:ibert_gelu/gt_246_23_I5/B[2] 	 (fanout : 2)
hpin:ibert_gelu/gt_246_23_I5/B[1] 	 (fanout : 2)
hpin:ibert_gelu/gt_246_23_I5/B[0] 	 (fanout : 1)
hpin:ibert_gelu/lt_247_28_I5/B[7] 	 (fanout : 3)
hpin:ibert_gelu/lt_247_28_I5/B[6] 	 (fanout : 1)
hpin:ibert_gelu/lt_247_28_I5/B[5] 	 (fanout : 1)
hpin:ibert_gelu/lt_247_28_I5/B[4] 	 (fanout : 1)
hpin:ibert_gelu/lt_247_28_I5/B[3] 	 (fanout : 1)
hpin:ibert_gelu/lt_247_28_I5/B[2] 	 (fanout : 1)
hpin:ibert_gelu/lt_247_28_I5/B[1] 	 (fanout : 1)
hpin:ibert_gelu/lt_247_28_I5/B[0] 	 (fanout : 1)
hpin:ibert_gelu/add_243_38_I5/B[9] 	 (fanout : 19)
hpin:ibert_gelu/add_243_38_I5/B[8] 	 (fanout : 2)
hpin:ibert_gelu/add_243_38_I5/B[7] 	 (fanout : 2)
hpin:ibert_gelu/add_243_38_I5/B[6] 	 (fanout : 2)
hpin:ibert_gelu/add_243_38_I5/B[5] 	 (fanout : 2)
hpin:ibert_gelu/add_243_38_I5/B[4] 	 (fanout : 2)
hpin:ibert_gelu/add_243_38_I5/B[3] 	 (fanout : 2)
hpin:ibert_gelu/add_243_38_I5/B[2] 	 (fanout : 2)
hpin:ibert_gelu/add_243_38_I5/B[1] 	 (fanout : 2)
hpin:ibert_gelu/add_243_38_I5/B[0] 	 (fanout : 2)
hpin:ibert_gelu/gt_246_23_I4/B[7] 	 (fanout : 5)
hpin:ibert_gelu/gt_246_23_I4/B[6] 	 (fanout : 2)
hpin:ibert_gelu/gt_246_23_I4/B[5] 	 (fanout : 2)
hpin:ibert_gelu/gt_246_23_I4/B[4] 	 (fanout : 2)
hpin:ibert_gelu/gt_246_23_I4/B[3] 	 (fanout : 2)
hpin:ibert_gelu/gt_246_23_I4/B[2] 	 (fanout : 2)
hpin:ibert_gelu/gt_246_23_I4/B[1] 	 (fanout : 2)
hpin:ibert_gelu/gt_246_23_I4/B[0] 	 (fanout : 1)
hpin:ibert_gelu/lt_247_28_I4/B[7] 	 (fanout : 3)
hpin:ibert_gelu/lt_247_28_I4/B[6] 	 (fanout : 1)
hpin:ibert_gelu/lt_247_28_I4/B[5] 	 (fanout : 1)
hpin:ibert_gelu/lt_247_28_I4/B[4] 	 (fanout : 1)
hpin:ibert_gelu/lt_247_28_I4/B[3] 	 (fanout : 1)
hpin:ibert_gelu/lt_247_28_I4/B[2] 	 (fanout : 1)
hpin:ibert_gelu/lt_247_28_I4/B[1] 	 (fanout : 1)
hpin:ibert_gelu/lt_247_28_I4/B[0] 	 (fanout : 1)
hpin:ibert_gelu/add_243_38_I4/B[9] 	 (fanout : 19)
hpin:ibert_gelu/add_243_38_I4/B[8] 	 (fanout : 2)
hpin:ibert_gelu/add_243_38_I4/B[7] 	 (fanout : 2)
hpin:ibert_gelu/add_243_38_I4/B[6] 	 (fanout : 2)
hpin:ibert_gelu/add_243_38_I4/B[5] 	 (fanout : 2)
hpin:ibert_gelu/add_243_38_I4/B[4] 	 (fanout : 2)
hpin:ibert_gelu/add_243_38_I4/B[3] 	 (fanout : 2)
hpin:ibert_gelu/add_243_38_I4/B[2] 	 (fanout : 2)
hpin:ibert_gelu/add_243_38_I4/B[1] 	 (fanout : 2)
hpin:ibert_gelu/add_243_38_I4/B[0] 	 (fanout : 2)
hpin:ibert_gelu/gt_246_23_I3/B[7] 	 (fanout : 5)
hpin:ibert_gelu/gt_246_23_I3/B[6] 	 (fanout : 2)
hpin:ibert_gelu/gt_246_23_I3/B[5] 	 (fanout : 2)
hpin:ibert_gelu/gt_246_23_I3/B[4] 	 (fanout : 2)
hpin:ibert_gelu/gt_246_23_I3/B[3] 	 (fanout : 2)
hpin:ibert_gelu/gt_246_23_I3/B[2] 	 (fanout : 2)
hpin:ibert_gelu/gt_246_23_I3/B[1] 	 (fanout : 2)
hpin:ibert_gelu/gt_246_23_I3/B[0] 	 (fanout : 1)
hpin:ibert_gelu/lt_247_28_I3/B[7] 	 (fanout : 3)
hpin:ibert_gelu/lt_247_28_I3/B[6] 	 (fanout : 1)
hpin:ibert_gelu/lt_247_28_I3/B[5] 	 (fanout : 1)
hpin:ibert_gelu/lt_247_28_I3/B[4] 	 (fanout : 1)
hpin:ibert_gelu/lt_247_28_I3/B[3] 	 (fanout : 1)
hpin:ibert_gelu/lt_247_28_I3/B[2] 	 (fanout : 1)
hpin:ibert_gelu/lt_247_28_I3/B[1] 	 (fanout : 1)
hpin:ibert_gelu/lt_247_28_I3/B[0] 	 (fanout : 1)
hpin:ibert_gelu/add_243_38_I3/B[9] 	 (fanout : 19)
hpin:ibert_gelu/add_243_38_I3/B[8] 	 (fanout : 2)
hpin:ibert_gelu/add_243_38_I3/B[7] 	 (fanout : 2)
hpin:ibert_gelu/add_243_38_I3/B[6] 	 (fanout : 2)
hpin:ibert_gelu/add_243_38_I3/B[5] 	 (fanout : 2)
hpin:ibert_gelu/add_243_38_I3/B[4] 	 (fanout : 2)
hpin:ibert_gelu/add_243_38_I3/B[3] 	 (fanout : 2)
hpin:ibert_gelu/add_243_38_I3/B[2] 	 (fanout : 2)
hpin:ibert_gelu/add_243_38_I3/B[1] 	 (fanout : 2)
hpin:ibert_gelu/add_243_38_I3/B[0] 	 (fanout : 2)
hpin:ibert_gelu/gt_246_23_I2/B[7] 	 (fanout : 5)
hpin:ibert_gelu/gt_246_23_I2/B[6] 	 (fanout : 2)
hpin:ibert_gelu/gt_246_23_I2/B[5] 	 (fanout : 2)
hpin:ibert_gelu/gt_246_23_I2/B[4] 	 (fanout : 2)
hpin:ibert_gelu/gt_246_23_I2/B[3] 	 (fanout : 2)
hpin:ibert_gelu/gt_246_23_I2/B[2] 	 (fanout : 2)
hpin:ibert_gelu/gt_246_23_I2/B[1] 	 (fanout : 2)
hpin:ibert_gelu/gt_246_23_I2/B[0] 	 (fanout : 1)
hpin:ibert_gelu/lt_247_28_I2/B[7] 	 (fanout : 3)
hpin:ibert_gelu/lt_247_28_I2/B[6] 	 (fanout : 1)
hpin:ibert_gelu/lt_247_28_I2/B[5] 	 (fanout : 1)
hpin:ibert_gelu/lt_247_28_I2/B[4] 	 (fanout : 1)
hpin:ibert_gelu/lt_247_28_I2/B[3] 	 (fanout : 1)
hpin:ibert_gelu/lt_247_28_I2/B[2] 	 (fanout : 1)
hpin:ibert_gelu/lt_247_28_I2/B[1] 	 (fanout : 1)
hpin:ibert_gelu/lt_247_28_I2/B[0] 	 (fanout : 1)
hpin:ibert_gelu/add_243_38_I2/B[9] 	 (fanout : 19)
hpin:ibert_gelu/add_243_38_I2/B[8] 	 (fanout : 2)
hpin:ibert_gelu/add_243_38_I2/B[7] 	 (fanout : 2)
hpin:ibert_gelu/add_243_38_I2/B[6] 	 (fanout : 2)
hpin:ibert_gelu/add_243_38_I2/B[5] 	 (fanout : 2)
hpin:ibert_gelu/add_243_38_I2/B[4] 	 (fanout : 2)
hpin:ibert_gelu/add_243_38_I2/B[3] 	 (fanout : 2)
hpin:ibert_gelu/add_243_38_I2/B[2] 	 (fanout : 2)
hpin:ibert_gelu/add_243_38_I2/B[1] 	 (fanout : 2)
hpin:ibert_gelu/add_243_38_I2/B[0] 	 (fanout : 2)
hpin:ibert_gelu/gt_246_23_I1/B[7] 	 (fanout : 5)
hpin:ibert_gelu/gt_246_23_I1/B[6] 	 (fanout : 2)
hpin:ibert_gelu/gt_246_23_I1/B[5] 	 (fanout : 2)
hpin:ibert_gelu/gt_246_23_I1/B[4] 	 (fanout : 2)
hpin:ibert_gelu/gt_246_23_I1/B[3] 	 (fanout : 2)
hpin:ibert_gelu/gt_246_23_I1/B[2] 	 (fanout : 2)
hpin:ibert_gelu/gt_246_23_I1/B[1] 	 (fanout : 2)
hpin:ibert_gelu/gt_246_23_I1/B[0] 	 (fanout : 1)
hpin:ibert_gelu/lt_247_28_I1/B[7] 	 (fanout : 3)
hpin:ibert_gelu/lt_247_28_I1/B[6] 	 (fanout : 1)
hpin:ibert_gelu/lt_247_28_I1/B[5] 	 (fanout : 1)
hpin:ibert_gelu/lt_247_28_I1/B[4] 	 (fanout : 1)
hpin:ibert_gelu/lt_247_28_I1/B[3] 	 (fanout : 1)
hpin:ibert_gelu/lt_247_28_I1/B[2] 	 (fanout : 1)
hpin:ibert_gelu/lt_247_28_I1/B[1] 	 (fanout : 1)
hpin:ibert_gelu/lt_247_28_I1/B[0] 	 (fanout : 1)
hpin:ibert_gelu/add_243_38_I1/B[9] 	 (fanout : 19)
hpin:ibert_gelu/add_243_38_I1/B[8] 	 (fanout : 2)
hpin:ibert_gelu/add_243_38_I1/B[7] 	 (fanout : 2)
hpin:ibert_gelu/add_243_38_I1/B[6] 	 (fanout : 2)
hpin:ibert_gelu/add_243_38_I1/B[5] 	 (fanout : 2)
hpin:ibert_gelu/add_243_38_I1/B[4] 	 (fanout : 2)
hpin:ibert_gelu/add_243_38_I1/B[3] 	 (fanout : 2)
hpin:ibert_gelu/add_243_38_I1/B[2] 	 (fanout : 2)
hpin:ibert_gelu/add_243_38_I1/B[1] 	 (fanout : 2)
hpin:ibert_gelu/add_243_38_I1/B[0] 	 (fanout : 2)
hpin:ibert_gelu/gt_123_38_I8/B[8] 	 (fanout : 2)
hpin:ibert_gelu/gt_123_38_I8/B[7] 	 (fanout : 2)
hpin:ibert_gelu/gt_123_38_I8/B[6] 	 (fanout : 2)
hpin:ibert_gelu/gt_123_38_I8/B[5] 	 (fanout : 2)
hpin:ibert_gelu/gt_123_38_I8/B[4] 	 (fanout : 2)
hpin:ibert_gelu/gt_123_38_I8/B[3] 	 (fanout : 2)
hpin:ibert_gelu/gt_123_38_I8/B[2] 	 (fanout : 2)
hpin:ibert_gelu/gt_123_38_I8/B[1] 	 (fanout : 2)
hpin:ibert_gelu/gt_123_38_I8/B[0] 	 (fanout : 1)
hpin:ibert_gelu/minus_122_41_I8/A 	 (fanout : 24)
hpin:ibert_gelu/gt_123_38_I7/B[8] 	 (fanout : 2)
hpin:ibert_gelu/gt_123_38_I7/B[7] 	 (fanout : 2)
hpin:ibert_gelu/gt_123_38_I7/B[6] 	 (fanout : 2)
hpin:ibert_gelu/gt_123_38_I7/B[5] 	 (fanout : 2)
hpin:ibert_gelu/gt_123_38_I7/B[4] 	 (fanout : 2)
hpin:ibert_gelu/gt_123_38_I7/B[3] 	 (fanout : 2)
hpin:ibert_gelu/gt_123_38_I7/B[2] 	 (fanout : 2)
hpin:ibert_gelu/gt_123_38_I7/B[1] 	 (fanout : 2)
hpin:ibert_gelu/gt_123_38_I7/B[0] 	 (fanout : 1)
hpin:ibert_gelu/minus_122_41_I7/A 	 (fanout : 24)
hpin:ibert_gelu/gt_123_38_I6/B[8] 	 (fanout : 2)
hpin:ibert_gelu/gt_123_38_I6/B[7] 	 (fanout : 2)
hpin:ibert_gelu/gt_123_38_I6/B[6] 	 (fanout : 2)
hpin:ibert_gelu/gt_123_38_I6/B[5] 	 (fanout : 2)
hpin:ibert_gelu/gt_123_38_I6/B[4] 	 (fanout : 2)
hpin:ibert_gelu/gt_123_38_I6/B[3] 	 (fanout : 2)
hpin:ibert_gelu/gt_123_38_I6/B[2] 	 (fanout : 2)
hpin:ibert_gelu/gt_123_38_I6/B[1] 	 (fanout : 2)
hpin:ibert_gelu/gt_123_38_I6/B[0] 	 (fanout : 1)
hpin:ibert_gelu/minus_122_41_I6/A 	 (fanout : 24)
hpin:ibert_gelu/gt_123_38_I5/B[8] 	 (fanout : 2)
hpin:ibert_gelu/gt_123_38_I5/B[7] 	 (fanout : 2)
hpin:ibert_gelu/gt_123_38_I5/B[6] 	 (fanout : 2)
hpin:ibert_gelu/gt_123_38_I5/B[5] 	 (fanout : 2)
hpin:ibert_gelu/gt_123_38_I5/B[4] 	 (fanout : 2)
hpin:ibert_gelu/gt_123_38_I5/B[3] 	 (fanout : 2)
hpin:ibert_gelu/gt_123_38_I5/B[2] 	 (fanout : 2)
hpin:ibert_gelu/gt_123_38_I5/B[1] 	 (fanout : 2)
hpin:ibert_gelu/gt_123_38_I5/B[0] 	 (fanout : 1)
hpin:ibert_gelu/minus_122_41_I5/A 	 (fanout : 24)
hpin:ibert_gelu/gt_123_38_I4/B[8] 	 (fanout : 2)
hpin:ibert_gelu/gt_123_38_I4/B[7] 	 (fanout : 2)
hpin:ibert_gelu/gt_123_38_I4/B[6] 	 (fanout : 2)
hpin:ibert_gelu/gt_123_38_I4/B[5] 	 (fanout : 2)
hpin:ibert_gelu/gt_123_38_I4/B[4] 	 (fanout : 2)
hpin:ibert_gelu/gt_123_38_I4/B[3] 	 (fanout : 2)
hpin:ibert_gelu/gt_123_38_I4/B[2] 	 (fanout : 2)
hpin:ibert_gelu/gt_123_38_I4/B[1] 	 (fanout : 2)
hpin:ibert_gelu/gt_123_38_I4/B[0] 	 (fanout : 1)
hpin:ibert_gelu/minus_122_41_I4/A 	 (fanout : 24)
hpin:ibert_gelu/gt_123_38_I3/B[8] 	 (fanout : 2)
hpin:ibert_gelu/gt_123_38_I3/B[7] 	 (fanout : 2)
hpin:ibert_gelu/gt_123_38_I3/B[6] 	 (fanout : 2)
hpin:ibert_gelu/gt_123_38_I3/B[5] 	 (fanout : 2)
hpin:ibert_gelu/gt_123_38_I3/B[4] 	 (fanout : 2)
hpin:ibert_gelu/gt_123_38_I3/B[3] 	 (fanout : 2)
hpin:ibert_gelu/gt_123_38_I3/B[2] 	 (fanout : 2)
hpin:ibert_gelu/gt_123_38_I3/B[1] 	 (fanout : 2)
hpin:ibert_gelu/gt_123_38_I3/B[0] 	 (fanout : 1)
hpin:ibert_gelu/minus_122_41_I3/A 	 (fanout : 24)
hpin:ibert_gelu/gt_123_38_I2/B[8] 	 (fanout : 2)
hpin:ibert_gelu/gt_123_38_I2/B[7] 	 (fanout : 2)
hpin:ibert_gelu/gt_123_38_I2/B[6] 	 (fanout : 2)
hpin:ibert_gelu/gt_123_38_I2/B[5] 	 (fanout : 2)
hpin:ibert_gelu/gt_123_38_I2/B[4] 	 (fanout : 2)
hpin:ibert_gelu/gt_123_38_I2/B[3] 	 (fanout : 2)
hpin:ibert_gelu/gt_123_38_I2/B[2] 	 (fanout : 2)
hpin:ibert_gelu/gt_123_38_I2/B[1] 	 (fanout : 2)
hpin:ibert_gelu/gt_123_38_I2/B[0] 	 (fanout : 1)
hpin:ibert_gelu/minus_122_41_I2/A 	 (fanout : 24)
hpin:ibert_gelu/gt_123_38_I1/B[8] 	 (fanout : 2)
hpin:ibert_gelu/gt_123_38_I1/B[7] 	 (fanout : 2)
hpin:ibert_gelu/gt_123_38_I1/B[6] 	 (fanout : 2)
hpin:ibert_gelu/gt_123_38_I1/B[5] 	 (fanout : 2)
hpin:ibert_gelu/gt_123_38_I1/B[4] 	 (fanout : 2)
hpin:ibert_gelu/gt_123_38_I1/B[3] 	 (fanout : 2)
hpin:ibert_gelu/gt_123_38_I1/B[2] 	 (fanout : 2)
hpin:ibert_gelu/gt_123_38_I1/B[1] 	 (fanout : 2)
hpin:ibert_gelu/gt_123_38_I1/B[0] 	 (fanout : 1)
hpin:ibert_gelu/minus_122_41_I1/A 	 (fanout : 24)
hpin:ibert_gelu/minus_206_38_I8/A 	 (fanout : 20)
hpin:ibert_gelu/add_205_40_I8/B[9] 	 (fanout : 1)
hpin:ibert_gelu/add_205_40_I8/B[8] 	 (fanout : 2)
hpin:ibert_gelu/add_205_40_I8/B[7] 	 (fanout : 2)
hpin:ibert_gelu/add_205_40_I8/B[6] 	 (fanout : 2)
hpin:ibert_gelu/add_205_40_I8/B[5] 	 (fanout : 2)
hpin:ibert_gelu/add_205_40_I8/B[4] 	 (fanout : 2)
hpin:ibert_gelu/add_205_40_I8/B[3] 	 (fanout : 2)
hpin:ibert_gelu/add_205_40_I8/B[2] 	 (fanout : 2)
hpin:ibert_gelu/add_205_40_I8/B[1] 	 (fanout : 2)
hpin:ibert_gelu/add_205_40_I8/B[0] 	 (fanout : 2)
hpin:ibert_gelu/minus_206_38_I7/A 	 (fanout : 20)
hpin:ibert_gelu/add_205_40_I7/B[9] 	 (fanout : 1)
hpin:ibert_gelu/add_205_40_I7/B[8] 	 (fanout : 2)
hpin:ibert_gelu/add_205_40_I7/B[7] 	 (fanout : 2)
hpin:ibert_gelu/add_205_40_I7/B[6] 	 (fanout : 2)
hpin:ibert_gelu/add_205_40_I7/B[5] 	 (fanout : 2)
hpin:ibert_gelu/add_205_40_I7/B[4] 	 (fanout : 2)
hpin:ibert_gelu/add_205_40_I7/B[3] 	 (fanout : 2)
hpin:ibert_gelu/add_205_40_I7/B[2] 	 (fanout : 2)
hpin:ibert_gelu/add_205_40_I7/B[1] 	 (fanout : 2)
hpin:ibert_gelu/add_205_40_I7/B[0] 	 (fanout : 2)
hpin:ibert_gelu/minus_206_38_I6/A 	 (fanout : 20)
hpin:ibert_gelu/add_205_40_I6/B[9] 	 (fanout : 1)
hpin:ibert_gelu/add_205_40_I6/B[8] 	 (fanout : 2)
hpin:ibert_gelu/add_205_40_I6/B[7] 	 (fanout : 2)
hpin:ibert_gelu/add_205_40_I6/B[6] 	 (fanout : 2)
hpin:ibert_gelu/add_205_40_I6/B[5] 	 (fanout : 2)
hpin:ibert_gelu/add_205_40_I6/B[4] 	 (fanout : 2)
hpin:ibert_gelu/add_205_40_I6/B[3] 	 (fanout : 2)
hpin:ibert_gelu/add_205_40_I6/B[2] 	 (fanout : 2)
hpin:ibert_gelu/add_205_40_I6/B[1] 	 (fanout : 2)
hpin:ibert_gelu/add_205_40_I6/B[0] 	 (fanout : 2)
hpin:ibert_gelu/minus_206_38_I5/A 	 (fanout : 20)
hpin:ibert_gelu/add_205_40_I5/B[9] 	 (fanout : 1)
hpin:ibert_gelu/add_205_40_I5/B[8] 	 (fanout : 2)
hpin:ibert_gelu/add_205_40_I5/B[7] 	 (fanout : 2)
hpin:ibert_gelu/add_205_40_I5/B[6] 	 (fanout : 2)
hpin:ibert_gelu/add_205_40_I5/B[5] 	 (fanout : 2)
hpin:ibert_gelu/add_205_40_I5/B[4] 	 (fanout : 2)
hpin:ibert_gelu/add_205_40_I5/B[3] 	 (fanout : 2)
hpin:ibert_gelu/add_205_40_I5/B[2] 	 (fanout : 2)
hpin:ibert_gelu/add_205_40_I5/B[1] 	 (fanout : 2)
hpin:ibert_gelu/add_205_40_I5/B[0] 	 (fanout : 2)
hpin:ibert_gelu/minus_206_38_I4/A 	 (fanout : 20)
hpin:ibert_gelu/add_205_40_I4/B[9] 	 (fanout : 1)
hpin:ibert_gelu/add_205_40_I4/B[8] 	 (fanout : 2)
hpin:ibert_gelu/add_205_40_I4/B[7] 	 (fanout : 2)
hpin:ibert_gelu/add_205_40_I4/B[6] 	 (fanout : 2)
hpin:ibert_gelu/add_205_40_I4/B[5] 	 (fanout : 2)
hpin:ibert_gelu/add_205_40_I4/B[4] 	 (fanout : 2)
hpin:ibert_gelu/add_205_40_I4/B[3] 	 (fanout : 2)
hpin:ibert_gelu/add_205_40_I4/B[2] 	 (fanout : 2)
hpin:ibert_gelu/add_205_40_I4/B[1] 	 (fanout : 2)
hpin:ibert_gelu/add_205_40_I4/B[0] 	 (fanout : 2)
hpin:ibert_gelu/minus_206_38_I3/A 	 (fanout : 20)
hpin:ibert_gelu/add_205_40_I3/B[9] 	 (fanout : 1)
hpin:ibert_gelu/add_205_40_I3/B[8] 	 (fanout : 2)
hpin:ibert_gelu/add_205_40_I3/B[7] 	 (fanout : 2)
hpin:ibert_gelu/add_205_40_I3/B[6] 	 (fanout : 2)
hpin:ibert_gelu/add_205_40_I3/B[5] 	 (fanout : 2)
hpin:ibert_gelu/add_205_40_I3/B[4] 	 (fanout : 2)
hpin:ibert_gelu/add_205_40_I3/B[3] 	 (fanout : 2)
hpin:ibert_gelu/add_205_40_I3/B[2] 	 (fanout : 2)
hpin:ibert_gelu/add_205_40_I3/B[1] 	 (fanout : 2)
hpin:ibert_gelu/add_205_40_I3/B[0] 	 (fanout : 2)
hpin:ibert_gelu/minus_206_38_I2/A 	 (fanout : 20)
hpin:ibert_gelu/add_205_40_I2/B[9] 	 (fanout : 1)
hpin:ibert_gelu/add_205_40_I2/B[8] 	 (fanout : 2)
hpin:ibert_gelu/add_205_40_I2/B[7] 	 (fanout : 2)
hpin:ibert_gelu/add_205_40_I2/B[6] 	 (fanout : 2)
hpin:ibert_gelu/add_205_40_I2/B[5] 	 (fanout : 2)
hpin:ibert_gelu/add_205_40_I2/B[4] 	 (fanout : 2)
hpin:ibert_gelu/add_205_40_I2/B[3] 	 (fanout : 2)
hpin:ibert_gelu/add_205_40_I2/B[2] 	 (fanout : 2)
hpin:ibert_gelu/add_205_40_I2/B[1] 	 (fanout : 2)
hpin:ibert_gelu/add_205_40_I2/B[0] 	 (fanout : 2)
hpin:ibert_gelu/minus_206_38_I1/A 	 (fanout : 20)
hpin:ibert_gelu/add_205_40_I1/B[9] 	 (fanout : 1)
hpin:ibert_gelu/add_205_40_I1/B[8] 	 (fanout : 2)
hpin:ibert_gelu/add_205_40_I1/B[7] 	 (fanout : 2)
hpin:ibert_gelu/add_205_40_I1/B[6] 	 (fanout : 2)
hpin:ibert_gelu/add_205_40_I1/B[5] 	 (fanout : 2)
hpin:ibert_gelu/add_205_40_I1/B[4] 	 (fanout : 2)
hpin:ibert_gelu/add_205_40_I1/B[3] 	 (fanout : 2)
hpin:ibert_gelu/add_205_40_I1/B[2] 	 (fanout : 2)
hpin:ibert_gelu/add_205_40_I1/B[1] 	 (fanout : 2)
hpin:ibert_gelu/add_205_40_I1/B[0] 	 (fanout : 2)
hpin:ibert_gelu/mul_201_39_I8/A[7] 	 (fanout : 18)
hpin:ibert_gelu/mul_201_39_I8/A[6] 	 (fanout : 19)
hpin:ibert_gelu/mul_201_39_I8/A[5] 	 (fanout : 19)
hpin:ibert_gelu/mul_201_39_I8/A[4] 	 (fanout : 19)
hpin:ibert_gelu/mul_201_39_I8/A[3] 	 (fanout : 19)
hpin:ibert_gelu/mul_201_39_I8/A[2] 	 (fanout : 19)
hpin:ibert_gelu/mul_201_39_I8/A[1] 	 (fanout : 19)
hpin:ibert_gelu/mul_201_39_I8/A[0] 	 (fanout : 19)
hpin:ibert_gelu/add_202_36_I8/B[16] 	 (fanout : 17)
hpin:ibert_gelu/add_202_36_I8/B[15] 	 (fanout : 2)
hpin:ibert_gelu/add_202_36_I8/B[14] 	 (fanout : 2)
hpin:ibert_gelu/add_202_36_I8/B[13] 	 (fanout : 2)
hpin:ibert_gelu/add_202_36_I8/B[12] 	 (fanout : 2)
hpin:ibert_gelu/add_202_36_I8/B[11] 	 (fanout : 2)
hpin:ibert_gelu/add_202_36_I8/B[10] 	 (fanout : 2)
hpin:ibert_gelu/add_202_36_I8/B[9] 	 (fanout : 2)
hpin:ibert_gelu/add_202_36_I8/B[8] 	 (fanout : 2)
hpin:ibert_gelu/add_202_36_I8/B[7] 	 (fanout : 2)
hpin:ibert_gelu/add_202_36_I8/B[6] 	 (fanout : 2)
hpin:ibert_gelu/add_202_36_I8/B[5] 	 (fanout : 2)
hpin:ibert_gelu/add_202_36_I8/B[4] 	 (fanout : 2)
hpin:ibert_gelu/add_202_36_I8/B[3] 	 (fanout : 2)
hpin:ibert_gelu/add_202_36_I8/B[2] 	 (fanout : 2)
hpin:ibert_gelu/add_202_36_I8/B[1] 	 (fanout : 2)
hpin:ibert_gelu/add_202_36_I8/B[0] 	 (fanout : 2)
hpin:ibert_gelu/mul_201_39_I7/A[7] 	 (fanout : 18)
hpin:ibert_gelu/mul_201_39_I7/A[6] 	 (fanout : 19)
hpin:ibert_gelu/mul_201_39_I7/A[5] 	 (fanout : 19)
hpin:ibert_gelu/mul_201_39_I7/A[4] 	 (fanout : 19)
hpin:ibert_gelu/mul_201_39_I7/A[3] 	 (fanout : 19)
hpin:ibert_gelu/mul_201_39_I7/A[2] 	 (fanout : 19)
hpin:ibert_gelu/mul_201_39_I7/A[1] 	 (fanout : 19)
hpin:ibert_gelu/mul_201_39_I7/A[0] 	 (fanout : 19)
hpin:ibert_gelu/add_202_36_I7/B[16] 	 (fanout : 17)
hpin:ibert_gelu/add_202_36_I7/B[15] 	 (fanout : 2)
hpin:ibert_gelu/add_202_36_I7/B[14] 	 (fanout : 2)
hpin:ibert_gelu/add_202_36_I7/B[13] 	 (fanout : 2)
hpin:ibert_gelu/add_202_36_I7/B[12] 	 (fanout : 2)
hpin:ibert_gelu/add_202_36_I7/B[11] 	 (fanout : 2)
hpin:ibert_gelu/add_202_36_I7/B[10] 	 (fanout : 2)
hpin:ibert_gelu/add_202_36_I7/B[9] 	 (fanout : 2)
hpin:ibert_gelu/add_202_36_I7/B[8] 	 (fanout : 2)
hpin:ibert_gelu/add_202_36_I7/B[7] 	 (fanout : 2)
hpin:ibert_gelu/add_202_36_I7/B[6] 	 (fanout : 2)
hpin:ibert_gelu/add_202_36_I7/B[5] 	 (fanout : 2)
hpin:ibert_gelu/add_202_36_I7/B[4] 	 (fanout : 2)
hpin:ibert_gelu/add_202_36_I7/B[3] 	 (fanout : 2)
hpin:ibert_gelu/add_202_36_I7/B[2] 	 (fanout : 2)
hpin:ibert_gelu/add_202_36_I7/B[1] 	 (fanout : 2)
hpin:ibert_gelu/add_202_36_I7/B[0] 	 (fanout : 2)
hpin:ibert_gelu/mul_201_39_I6/A[7] 	 (fanout : 18)
hpin:ibert_gelu/mul_201_39_I6/A[6] 	 (fanout : 19)
hpin:ibert_gelu/mul_201_39_I6/A[5] 	 (fanout : 19)
hpin:ibert_gelu/mul_201_39_I6/A[4] 	 (fanout : 19)
hpin:ibert_gelu/mul_201_39_I6/A[3] 	 (fanout : 19)
hpin:ibert_gelu/mul_201_39_I6/A[2] 	 (fanout : 19)
hpin:ibert_gelu/mul_201_39_I6/A[1] 	 (fanout : 19)
hpin:ibert_gelu/mul_201_39_I6/A[0] 	 (fanout : 19)
hpin:ibert_gelu/add_202_36_I6/B[16] 	 (fanout : 17)
hpin:ibert_gelu/add_202_36_I6/B[15] 	 (fanout : 2)
hpin:ibert_gelu/add_202_36_I6/B[14] 	 (fanout : 2)
hpin:ibert_gelu/add_202_36_I6/B[13] 	 (fanout : 2)
hpin:ibert_gelu/add_202_36_I6/B[12] 	 (fanout : 2)
hpin:ibert_gelu/add_202_36_I6/B[11] 	 (fanout : 2)
hpin:ibert_gelu/add_202_36_I6/B[10] 	 (fanout : 2)
hpin:ibert_gelu/add_202_36_I6/B[9] 	 (fanout : 2)
hpin:ibert_gelu/add_202_36_I6/B[8] 	 (fanout : 2)
hpin:ibert_gelu/add_202_36_I6/B[7] 	 (fanout : 2)
hpin:ibert_gelu/add_202_36_I6/B[6] 	 (fanout : 2)
hpin:ibert_gelu/add_202_36_I6/B[5] 	 (fanout : 2)
hpin:ibert_gelu/add_202_36_I6/B[4] 	 (fanout : 2)
hpin:ibert_gelu/add_202_36_I6/B[3] 	 (fanout : 2)
hpin:ibert_gelu/add_202_36_I6/B[2] 	 (fanout : 2)
hpin:ibert_gelu/add_202_36_I6/B[1] 	 (fanout : 2)
hpin:ibert_gelu/add_202_36_I6/B[0] 	 (fanout : 2)
hpin:ibert_gelu/mul_201_39_I5/A[7] 	 (fanout : 18)
hpin:ibert_gelu/mul_201_39_I5/A[6] 	 (fanout : 19)
hpin:ibert_gelu/mul_201_39_I5/A[5] 	 (fanout : 19)
hpin:ibert_gelu/mul_201_39_I5/A[4] 	 (fanout : 19)
hpin:ibert_gelu/mul_201_39_I5/A[3] 	 (fanout : 19)
hpin:ibert_gelu/mul_201_39_I5/A[2] 	 (fanout : 19)
hpin:ibert_gelu/mul_201_39_I5/A[1] 	 (fanout : 19)
hpin:ibert_gelu/mul_201_39_I5/A[0] 	 (fanout : 19)
hpin:ibert_gelu/add_202_36_I5/B[16] 	 (fanout : 17)
hpin:ibert_gelu/add_202_36_I5/B[15] 	 (fanout : 2)
hpin:ibert_gelu/add_202_36_I5/B[14] 	 (fanout : 2)
hpin:ibert_gelu/add_202_36_I5/B[13] 	 (fanout : 2)
hpin:ibert_gelu/add_202_36_I5/B[12] 	 (fanout : 2)
hpin:ibert_gelu/add_202_36_I5/B[11] 	 (fanout : 2)
hpin:ibert_gelu/add_202_36_I5/B[10] 	 (fanout : 2)
hpin:ibert_gelu/add_202_36_I5/B[9] 	 (fanout : 2)
hpin:ibert_gelu/add_202_36_I5/B[8] 	 (fanout : 2)
hpin:ibert_gelu/add_202_36_I5/B[7] 	 (fanout : 2)
hpin:ibert_gelu/add_202_36_I5/B[6] 	 (fanout : 2)
hpin:ibert_gelu/add_202_36_I5/B[5] 	 (fanout : 2)
hpin:ibert_gelu/add_202_36_I5/B[4] 	 (fanout : 2)
hpin:ibert_gelu/add_202_36_I5/B[3] 	 (fanout : 2)
hpin:ibert_gelu/add_202_36_I5/B[2] 	 (fanout : 2)
hpin:ibert_gelu/add_202_36_I5/B[1] 	 (fanout : 2)
hpin:ibert_gelu/add_202_36_I5/B[0] 	 (fanout : 2)
hpin:ibert_gelu/mul_201_39_I4/A[7] 	 (fanout : 18)
hpin:ibert_gelu/mul_201_39_I4/A[6] 	 (fanout : 19)
hpin:ibert_gelu/mul_201_39_I4/A[5] 	 (fanout : 19)
hpin:ibert_gelu/mul_201_39_I4/A[4] 	 (fanout : 19)
hpin:ibert_gelu/mul_201_39_I4/A[3] 	 (fanout : 19)
hpin:ibert_gelu/mul_201_39_I4/A[2] 	 (fanout : 19)
hpin:ibert_gelu/mul_201_39_I4/A[1] 	 (fanout : 19)
hpin:ibert_gelu/mul_201_39_I4/A[0] 	 (fanout : 19)
hpin:ibert_gelu/add_202_36_I4/B[16] 	 (fanout : 17)
hpin:ibert_gelu/add_202_36_I4/B[15] 	 (fanout : 2)
hpin:ibert_gelu/add_202_36_I4/B[14] 	 (fanout : 2)
hpin:ibert_gelu/add_202_36_I4/B[13] 	 (fanout : 2)
hpin:ibert_gelu/add_202_36_I4/B[12] 	 (fanout : 2)
hpin:ibert_gelu/add_202_36_I4/B[11] 	 (fanout : 2)
hpin:ibert_gelu/add_202_36_I4/B[10] 	 (fanout : 2)
hpin:ibert_gelu/add_202_36_I4/B[9] 	 (fanout : 2)
hpin:ibert_gelu/add_202_36_I4/B[8] 	 (fanout : 2)
hpin:ibert_gelu/add_202_36_I4/B[7] 	 (fanout : 2)
hpin:ibert_gelu/add_202_36_I4/B[6] 	 (fanout : 2)
hpin:ibert_gelu/add_202_36_I4/B[5] 	 (fanout : 2)
hpin:ibert_gelu/add_202_36_I4/B[4] 	 (fanout : 2)
hpin:ibert_gelu/add_202_36_I4/B[3] 	 (fanout : 2)
hpin:ibert_gelu/add_202_36_I4/B[2] 	 (fanout : 2)
hpin:ibert_gelu/add_202_36_I4/B[1] 	 (fanout : 2)
hpin:ibert_gelu/add_202_36_I4/B[0] 	 (fanout : 2)
hpin:ibert_gelu/mul_201_39_I3/A[7] 	 (fanout : 18)
hpin:ibert_gelu/mul_201_39_I3/A[6] 	 (fanout : 19)
hpin:ibert_gelu/mul_201_39_I3/A[5] 	 (fanout : 19)
hpin:ibert_gelu/mul_201_39_I3/A[4] 	 (fanout : 19)
hpin:ibert_gelu/mul_201_39_I3/A[3] 	 (fanout : 19)
hpin:ibert_gelu/mul_201_39_I3/A[2] 	 (fanout : 19)
hpin:ibert_gelu/mul_201_39_I3/A[1] 	 (fanout : 19)
hpin:ibert_gelu/mul_201_39_I3/A[0] 	 (fanout : 19)
hpin:ibert_gelu/add_202_36_I3/B[16] 	 (fanout : 17)
hpin:ibert_gelu/add_202_36_I3/B[15] 	 (fanout : 2)
hpin:ibert_gelu/add_202_36_I3/B[14] 	 (fanout : 2)
hpin:ibert_gelu/add_202_36_I3/B[13] 	 (fanout : 2)
hpin:ibert_gelu/add_202_36_I3/B[12] 	 (fanout : 2)
hpin:ibert_gelu/add_202_36_I3/B[11] 	 (fanout : 2)
hpin:ibert_gelu/add_202_36_I3/B[10] 	 (fanout : 2)
hpin:ibert_gelu/add_202_36_I3/B[9] 	 (fanout : 2)
hpin:ibert_gelu/add_202_36_I3/B[8] 	 (fanout : 2)
hpin:ibert_gelu/add_202_36_I3/B[7] 	 (fanout : 2)
hpin:ibert_gelu/add_202_36_I3/B[6] 	 (fanout : 2)
hpin:ibert_gelu/add_202_36_I3/B[5] 	 (fanout : 2)
hpin:ibert_gelu/add_202_36_I3/B[4] 	 (fanout : 2)
hpin:ibert_gelu/add_202_36_I3/B[3] 	 (fanout : 2)
hpin:ibert_gelu/add_202_36_I3/B[2] 	 (fanout : 2)
hpin:ibert_gelu/add_202_36_I3/B[1] 	 (fanout : 2)
hpin:ibert_gelu/add_202_36_I3/B[0] 	 (fanout : 2)
hpin:ibert_gelu/mul_201_39_I2/A[7] 	 (fanout : 18)
hpin:ibert_gelu/mul_201_39_I2/A[6] 	 (fanout : 19)
hpin:ibert_gelu/mul_201_39_I2/A[5] 	 (fanout : 19)
hpin:ibert_gelu/mul_201_39_I2/A[4] 	 (fanout : 19)
hpin:ibert_gelu/mul_201_39_I2/A[3] 	 (fanout : 19)
hpin:ibert_gelu/mul_201_39_I2/A[2] 	 (fanout : 19)
hpin:ibert_gelu/mul_201_39_I2/A[1] 	 (fanout : 19)
hpin:ibert_gelu/mul_201_39_I2/A[0] 	 (fanout : 19)
hpin:ibert_gelu/add_202_36_I2/B[16] 	 (fanout : 17)
hpin:ibert_gelu/add_202_36_I2/B[15] 	 (fanout : 2)
hpin:ibert_gelu/add_202_36_I2/B[14] 	 (fanout : 2)
hpin:ibert_gelu/add_202_36_I2/B[13] 	 (fanout : 2)
hpin:ibert_gelu/add_202_36_I2/B[12] 	 (fanout : 2)
hpin:ibert_gelu/add_202_36_I2/B[11] 	 (fanout : 2)
hpin:ibert_gelu/add_202_36_I2/B[10] 	 (fanout : 2)
hpin:ibert_gelu/add_202_36_I2/B[9] 	 (fanout : 2)
hpin:ibert_gelu/add_202_36_I2/B[8] 	 (fanout : 2)
hpin:ibert_gelu/add_202_36_I2/B[7] 	 (fanout : 2)
hpin:ibert_gelu/add_202_36_I2/B[6] 	 (fanout : 2)
hpin:ibert_gelu/add_202_36_I2/B[5] 	 (fanout : 2)
hpin:ibert_gelu/add_202_36_I2/B[4] 	 (fanout : 2)
hpin:ibert_gelu/add_202_36_I2/B[3] 	 (fanout : 2)
hpin:ibert_gelu/add_202_36_I2/B[2] 	 (fanout : 2)
hpin:ibert_gelu/add_202_36_I2/B[1] 	 (fanout : 2)
hpin:ibert_gelu/add_202_36_I2/B[0] 	 (fanout : 2)
hpin:ibert_gelu/mul_201_39_I1/A[7] 	 (fanout : 18)
hpin:ibert_gelu/mul_201_39_I1/A[6] 	 (fanout : 19)
hpin:ibert_gelu/mul_201_39_I1/A[5] 	 (fanout : 19)
hpin:ibert_gelu/mul_201_39_I1/A[4] 	 (fanout : 19)
hpin:ibert_gelu/mul_201_39_I1/A[3] 	 (fanout : 19)
hpin:ibert_gelu/mul_201_39_I1/A[2] 	 (fanout : 19)
hpin:ibert_gelu/mul_201_39_I1/A[1] 	 (fanout : 19)
hpin:ibert_gelu/mul_201_39_I1/A[0] 	 (fanout : 19)
hpin:ibert_gelu/add_202_36_I1/B[16] 	 (fanout : 17)
hpin:ibert_gelu/add_202_36_I1/B[15] 	 (fanout : 2)
hpin:ibert_gelu/add_202_36_I1/B[14] 	 (fanout : 2)
hpin:ibert_gelu/add_202_36_I1/B[13] 	 (fanout : 2)
hpin:ibert_gelu/add_202_36_I1/B[12] 	 (fanout : 2)
hpin:ibert_gelu/add_202_36_I1/B[11] 	 (fanout : 2)
hpin:ibert_gelu/add_202_36_I1/B[10] 	 (fanout : 2)
hpin:ibert_gelu/add_202_36_I1/B[9] 	 (fanout : 2)
hpin:ibert_gelu/add_202_36_I1/B[8] 	 (fanout : 2)
hpin:ibert_gelu/add_202_36_I1/B[7] 	 (fanout : 2)
hpin:ibert_gelu/add_202_36_I1/B[6] 	 (fanout : 2)
hpin:ibert_gelu/add_202_36_I1/B[5] 	 (fanout : 2)
hpin:ibert_gelu/add_202_36_I1/B[4] 	 (fanout : 2)
hpin:ibert_gelu/add_202_36_I1/B[3] 	 (fanout : 2)
hpin:ibert_gelu/add_202_36_I1/B[2] 	 (fanout : 2)
hpin:ibert_gelu/add_202_36_I1/B[1] 	 (fanout : 2)
hpin:ibert_gelu/add_202_36_I1/B[0] 	 (fanout : 2)
hpin:ibert_gelu/mux_123_38/in_1[8] 	 (fanout : 1)
hpin:ibert_gelu/mux_123_38/in_1[7] 	 (fanout : 1)
hpin:ibert_gelu/mux_123_38/in_1[6] 	 (fanout : 1)
hpin:ibert_gelu/mux_123_38/in_1[5] 	 (fanout : 1)
hpin:ibert_gelu/mux_123_38/in_1[4] 	 (fanout : 1)
hpin:ibert_gelu/mux_123_38/in_1[3] 	 (fanout : 1)
hpin:ibert_gelu/mux_123_38/in_1[2] 	 (fanout : 1)
hpin:ibert_gelu/mux_123_38/in_1[1] 	 (fanout : 1)
hpin:ibert_gelu/mux_123_38/in_1[0] 	 (fanout : 1)
hpin:ibert_gelu/mux_y_comb[0]_247_28/in_1[7] 	 (fanout : 1)
hpin:ibert_gelu/mux_y_comb[0]_247_28/in_1[6] 	 (fanout : 1)
hpin:ibert_gelu/mux_y_comb[0]_247_28/in_1[5] 	 (fanout : 1)
hpin:ibert_gelu/mux_y_comb[0]_247_28/in_1[4] 	 (fanout : 1)
hpin:ibert_gelu/mux_y_comb[0]_247_28/in_1[3] 	 (fanout : 1)
hpin:ibert_gelu/mux_y_comb[0]_247_28/in_1[2] 	 (fanout : 1)
hpin:ibert_gelu/mux_y_comb[0]_247_28/in_1[1] 	 (fanout : 1)
hpin:ibert_gelu/mux_y_comb[0]_247_28/in_1[0] 	 (fanout : 1)
hpin:ibert_gelu/mux_y_comb[0]_246_23/in_1[7] 	 (fanout : 1)
hpin:ibert_gelu/mux_y_comb[0]_246_23/in_1[6] 	 (fanout : 1)
hpin:ibert_gelu/mux_y_comb[0]_246_23/in_1[5] 	 (fanout : 1)
hpin:ibert_gelu/mux_y_comb[0]_246_23/in_1[4] 	 (fanout : 1)
hpin:ibert_gelu/mux_y_comb[0]_246_23/in_1[3] 	 (fanout : 1)
hpin:ibert_gelu/mux_y_comb[0]_246_23/in_1[2] 	 (fanout : 1)
hpin:ibert_gelu/mux_y_comb[0]_246_23/in_1[1] 	 (fanout : 1)
hpin:ibert_gelu/mux_y_comb[0]_246_23/in_1[0] 	 (fanout : 1)
hpin:ibert_gelu/mux_123_102/in_1[8] 	 (fanout : 1)
hpin:ibert_gelu/mux_123_102/in_1[7] 	 (fanout : 1)
hpin:ibert_gelu/mux_123_102/in_1[6] 	 (fanout : 1)
hpin:ibert_gelu/mux_123_102/in_1[5] 	 (fanout : 1)
hpin:ibert_gelu/mux_123_102/in_1[4] 	 (fanout : 1)
hpin:ibert_gelu/mux_123_102/in_1[3] 	 (fanout : 1)
hpin:ibert_gelu/mux_123_102/in_1[2] 	 (fanout : 1)
hpin:ibert_gelu/mux_123_102/in_1[1] 	 (fanout : 1)
hpin:ibert_gelu/mux_123_102/in_1[0] 	 (fanout : 1)
hpin:ibert_gelu/mux_y_comb[1]_247_28/in_1[7] 	 (fanout : 1)
hpin:ibert_gelu/mux_y_comb[1]_247_28/in_1[6] 	 (fanout : 1)
hpin:ibert_gelu/mux_y_comb[1]_247_28/in_1[5] 	 (fanout : 1)
hpin:ibert_gelu/mux_y_comb[1]_247_28/in_1[4] 	 (fanout : 1)
hpin:ibert_gelu/mux_y_comb[1]_247_28/in_1[3] 	 (fanout : 1)
hpin:ibert_gelu/mux_y_comb[1]_247_28/in_1[2] 	 (fanout : 1)
hpin:ibert_gelu/mux_y_comb[1]_247_28/in_1[1] 	 (fanout : 1)
hpin:ibert_gelu/mux_y_comb[1]_247_28/in_1[0] 	 (fanout : 1)
hpin:ibert_gelu/mux_y_comb[1]_246_23/in_1[7] 	 (fanout : 1)
hpin:ibert_gelu/mux_y_comb[1]_246_23/in_1[6] 	 (fanout : 1)
hpin:ibert_gelu/mux_y_comb[1]_246_23/in_1[5] 	 (fanout : 1)
hpin:ibert_gelu/mux_y_comb[1]_246_23/in_1[4] 	 (fanout : 1)
hpin:ibert_gelu/mux_y_comb[1]_246_23/in_1[3] 	 (fanout : 1)
hpin:ibert_gelu/mux_y_comb[1]_246_23/in_1[2] 	 (fanout : 1)
hpin:ibert_gelu/mux_y_comb[1]_246_23/in_1[1] 	 (fanout : 1)
hpin:ibert_gelu/mux_y_comb[1]_246_23/in_1[0] 	 (fanout : 1)
hpin:ibert_gelu/mux_123_110/in_1[8] 	 (fanout : 1)
hpin:ibert_gelu/mux_123_110/in_1[7] 	 (fanout : 1)
hpin:ibert_gelu/mux_123_110/in_1[6] 	 (fanout : 1)
hpin:ibert_gelu/mux_123_110/in_1[5] 	 (fanout : 1)
hpin:ibert_gelu/mux_123_110/in_1[4] 	 (fanout : 1)
hpin:ibert_gelu/mux_123_110/in_1[3] 	 (fanout : 1)
hpin:ibert_gelu/mux_123_110/in_1[2] 	 (fanout : 1)
hpin:ibert_gelu/mux_123_110/in_1[1] 	 (fanout : 1)
hpin:ibert_gelu/mux_123_110/in_1[0] 	 (fanout : 1)
hpin:ibert_gelu/mux_y_comb[2]_247_28/in_1[7] 	 (fanout : 1)
hpin:ibert_gelu/mux_y_comb[2]_247_28/in_1[6] 	 (fanout : 1)
hpin:ibert_gelu/mux_y_comb[2]_247_28/in_1[5] 	 (fanout : 1)
hpin:ibert_gelu/mux_y_comb[2]_247_28/in_1[4] 	 (fanout : 1)
hpin:ibert_gelu/mux_y_comb[2]_247_28/in_1[3] 	 (fanout : 1)
hpin:ibert_gelu/mux_y_comb[2]_247_28/in_1[2] 	 (fanout : 1)
hpin:ibert_gelu/mux_y_comb[2]_247_28/in_1[1] 	 (fanout : 1)
hpin:ibert_gelu/mux_y_comb[2]_247_28/in_1[0] 	 (fanout : 1)
hpin:ibert_gelu/mux_y_comb[2]_246_23/in_1[7] 	 (fanout : 1)
hpin:ibert_gelu/mux_y_comb[2]_246_23/in_1[6] 	 (fanout : 1)
hpin:ibert_gelu/mux_y_comb[2]_246_23/in_1[5] 	 (fanout : 1)
hpin:ibert_gelu/mux_y_comb[2]_246_23/in_1[4] 	 (fanout : 1)
hpin:ibert_gelu/mux_y_comb[2]_246_23/in_1[3] 	 (fanout : 1)
hpin:ibert_gelu/mux_y_comb[2]_246_23/in_1[2] 	 (fanout : 1)
hpin:ibert_gelu/mux_y_comb[2]_246_23/in_1[1] 	 (fanout : 1)
hpin:ibert_gelu/mux_y_comb[2]_246_23/in_1[0] 	 (fanout : 1)
hpin:ibert_gelu/mux_123_118/in_1[8] 	 (fanout : 1)
hpin:ibert_gelu/mux_123_118/in_1[7] 	 (fanout : 1)
hpin:ibert_gelu/mux_123_118/in_1[6] 	 (fanout : 1)
hpin:ibert_gelu/mux_123_118/in_1[5] 	 (fanout : 1)
hpin:ibert_gelu/mux_123_118/in_1[4] 	 (fanout : 1)
hpin:ibert_gelu/mux_123_118/in_1[3] 	 (fanout : 1)
hpin:ibert_gelu/mux_123_118/in_1[2] 	 (fanout : 1)
hpin:ibert_gelu/mux_123_118/in_1[1] 	 (fanout : 1)
hpin:ibert_gelu/mux_123_118/in_1[0] 	 (fanout : 1)
hpin:ibert_gelu/mux_y_comb[3]_247_28/in_1[7] 	 (fanout : 1)
hpin:ibert_gelu/mux_y_comb[3]_247_28/in_1[6] 	 (fanout : 1)
hpin:ibert_gelu/mux_y_comb[3]_247_28/in_1[5] 	 (fanout : 1)
hpin:ibert_gelu/mux_y_comb[3]_247_28/in_1[4] 	 (fanout : 1)
hpin:ibert_gelu/mux_y_comb[3]_247_28/in_1[3] 	 (fanout : 1)
hpin:ibert_gelu/mux_y_comb[3]_247_28/in_1[2] 	 (fanout : 1)
hpin:ibert_gelu/mux_y_comb[3]_247_28/in_1[1] 	 (fanout : 1)
hpin:ibert_gelu/mux_y_comb[3]_247_28/in_1[0] 	 (fanout : 1)
hpin:ibert_gelu/mux_y_comb[3]_246_23/in_1[7] 	 (fanout : 1)
hpin:ibert_gelu/mux_y_comb[3]_246_23/in_1[6] 	 (fanout : 1)
hpin:ibert_gelu/mux_y_comb[3]_246_23/in_1[5] 	 (fanout : 1)
hpin:ibert_gelu/mux_y_comb[3]_246_23/in_1[4] 	 (fanout : 1)
hpin:ibert_gelu/mux_y_comb[3]_246_23/in_1[3] 	 (fanout : 1)
hpin:ibert_gelu/mux_y_comb[3]_246_23/in_1[2] 	 (fanout : 1)
hpin:ibert_gelu/mux_y_comb[3]_246_23/in_1[1] 	 (fanout : 1)
hpin:ibert_gelu/mux_y_comb[3]_246_23/in_1[0] 	 (fanout : 1)
hpin:ibert_gelu/mux_123_126/in_1[8] 	 (fanout : 1)
hpin:ibert_gelu/mux_123_126/in_1[7] 	 (fanout : 1)
hpin:ibert_gelu/mux_123_126/in_1[6] 	 (fanout : 1)
hpin:ibert_gelu/mux_123_126/in_1[5] 	 (fanout : 1)
hpin:ibert_gelu/mux_123_126/in_1[4] 	 (fanout : 1)
hpin:ibert_gelu/mux_123_126/in_1[3] 	 (fanout : 1)
hpin:ibert_gelu/mux_123_126/in_1[2] 	 (fanout : 1)
hpin:ibert_gelu/mux_123_126/in_1[1] 	 (fanout : 1)
hpin:ibert_gelu/mux_123_126/in_1[0] 	 (fanout : 1)
hpin:ibert_gelu/mux_y_comb[4]_247_28/in_1[7] 	 (fanout : 1)
hpin:ibert_gelu/mux_y_comb[4]_247_28/in_1[6] 	 (fanout : 1)
hpin:ibert_gelu/mux_y_comb[4]_247_28/in_1[5] 	 (fanout : 1)
hpin:ibert_gelu/mux_y_comb[4]_247_28/in_1[4] 	 (fanout : 1)
hpin:ibert_gelu/mux_y_comb[4]_247_28/in_1[3] 	 (fanout : 1)
hpin:ibert_gelu/mux_y_comb[4]_247_28/in_1[2] 	 (fanout : 1)
hpin:ibert_gelu/mux_y_comb[4]_247_28/in_1[1] 	 (fanout : 1)
hpin:ibert_gelu/mux_y_comb[4]_247_28/in_1[0] 	 (fanout : 1)
hpin:ibert_gelu/mux_y_comb[4]_246_23/in_1[7] 	 (fanout : 1)
hpin:ibert_gelu/mux_y_comb[4]_246_23/in_1[6] 	 (fanout : 1)
hpin:ibert_gelu/mux_y_comb[4]_246_23/in_1[5] 	 (fanout : 1)
hpin:ibert_gelu/mux_y_comb[4]_246_23/in_1[4] 	 (fanout : 1)
hpin:ibert_gelu/mux_y_comb[4]_246_23/in_1[3] 	 (fanout : 1)
hpin:ibert_gelu/mux_y_comb[4]_246_23/in_1[2] 	 (fanout : 1)
hpin:ibert_gelu/mux_y_comb[4]_246_23/in_1[1] 	 (fanout : 1)
hpin:ibert_gelu/mux_y_comb[4]_246_23/in_1[0] 	 (fanout : 1)
hpin:ibert_gelu/mux_123_134/in_1[8] 	 (fanout : 1)
hpin:ibert_gelu/mux_123_134/in_1[7] 	 (fanout : 1)
hpin:ibert_gelu/mux_123_134/in_1[6] 	 (fanout : 1)
hpin:ibert_gelu/mux_123_134/in_1[5] 	 (fanout : 1)
hpin:ibert_gelu/mux_123_134/in_1[4] 	 (fanout : 1)
hpin:ibert_gelu/mux_123_134/in_1[3] 	 (fanout : 1)
hpin:ibert_gelu/mux_123_134/in_1[2] 	 (fanout : 1)
hpin:ibert_gelu/mux_123_134/in_1[1] 	 (fanout : 1)
hpin:ibert_gelu/mux_123_134/in_1[0] 	 (fanout : 1)
hpin:ibert_gelu/mux_y_comb[5]_247_28/in_1[7] 	 (fanout : 1)
hpin:ibert_gelu/mux_y_comb[5]_247_28/in_1[6] 	 (fanout : 1)
hpin:ibert_gelu/mux_y_comb[5]_247_28/in_1[5] 	 (fanout : 1)
hpin:ibert_gelu/mux_y_comb[5]_247_28/in_1[4] 	 (fanout : 1)
hpin:ibert_gelu/mux_y_comb[5]_247_28/in_1[3] 	 (fanout : 1)
hpin:ibert_gelu/mux_y_comb[5]_247_28/in_1[2] 	 (fanout : 1)
hpin:ibert_gelu/mux_y_comb[5]_247_28/in_1[1] 	 (fanout : 1)
hpin:ibert_gelu/mux_y_comb[5]_247_28/in_1[0] 	 (fanout : 1)
hpin:ibert_gelu/mux_y_comb[5]_246_23/in_1[7] 	 (fanout : 1)
hpin:ibert_gelu/mux_y_comb[5]_246_23/in_1[6] 	 (fanout : 1)
hpin:ibert_gelu/mux_y_comb[5]_246_23/in_1[5] 	 (fanout : 1)
hpin:ibert_gelu/mux_y_comb[5]_246_23/in_1[4] 	 (fanout : 1)
hpin:ibert_gelu/mux_y_comb[5]_246_23/in_1[3] 	 (fanout : 1)
hpin:ibert_gelu/mux_y_comb[5]_246_23/in_1[2] 	 (fanout : 1)
hpin:ibert_gelu/mux_y_comb[5]_246_23/in_1[1] 	 (fanout : 1)
hpin:ibert_gelu/mux_y_comb[5]_246_23/in_1[0] 	 (fanout : 1)
hpin:ibert_gelu/mux_123_142/in_1[8] 	 (fanout : 1)
hpin:ibert_gelu/mux_123_142/in_1[7] 	 (fanout : 1)
hpin:ibert_gelu/mux_123_142/in_1[6] 	 (fanout : 1)
hpin:ibert_gelu/mux_123_142/in_1[5] 	 (fanout : 1)
hpin:ibert_gelu/mux_123_142/in_1[4] 	 (fanout : 1)
hpin:ibert_gelu/mux_123_142/in_1[3] 	 (fanout : 1)
hpin:ibert_gelu/mux_123_142/in_1[2] 	 (fanout : 1)
hpin:ibert_gelu/mux_123_142/in_1[1] 	 (fanout : 1)
hpin:ibert_gelu/mux_123_142/in_1[0] 	 (fanout : 1)
hpin:ibert_gelu/mux_y_comb[6]_247_28/in_1[7] 	 (fanout : 1)
hpin:ibert_gelu/mux_y_comb[6]_247_28/in_1[6] 	 (fanout : 1)
hpin:ibert_gelu/mux_y_comb[6]_247_28/in_1[5] 	 (fanout : 1)
hpin:ibert_gelu/mux_y_comb[6]_247_28/in_1[4] 	 (fanout : 1)
hpin:ibert_gelu/mux_y_comb[6]_247_28/in_1[3] 	 (fanout : 1)
hpin:ibert_gelu/mux_y_comb[6]_247_28/in_1[2] 	 (fanout : 1)
hpin:ibert_gelu/mux_y_comb[6]_247_28/in_1[1] 	 (fanout : 1)
hpin:ibert_gelu/mux_y_comb[6]_247_28/in_1[0] 	 (fanout : 1)
hpin:ibert_gelu/mux_y_comb[6]_246_23/in_1[7] 	 (fanout : 1)
hpin:ibert_gelu/mux_y_comb[6]_246_23/in_1[6] 	 (fanout : 1)
hpin:ibert_gelu/mux_y_comb[6]_246_23/in_1[5] 	 (fanout : 1)
hpin:ibert_gelu/mux_y_comb[6]_246_23/in_1[4] 	 (fanout : 1)
hpin:ibert_gelu/mux_y_comb[6]_246_23/in_1[3] 	 (fanout : 1)
hpin:ibert_gelu/mux_y_comb[6]_246_23/in_1[2] 	 (fanout : 1)
hpin:ibert_gelu/mux_y_comb[6]_246_23/in_1[1] 	 (fanout : 1)
hpin:ibert_gelu/mux_y_comb[6]_246_23/in_1[0] 	 (fanout : 1)
hpin:ibert_gelu/mux_123_150/in_1[8] 	 (fanout : 1)
hpin:ibert_gelu/mux_123_150/in_1[7] 	 (fanout : 1)
hpin:ibert_gelu/mux_123_150/in_1[6] 	 (fanout : 1)
hpin:ibert_gelu/mux_123_150/in_1[5] 	 (fanout : 1)
hpin:ibert_gelu/mux_123_150/in_1[4] 	 (fanout : 1)
hpin:ibert_gelu/mux_123_150/in_1[3] 	 (fanout : 1)
hpin:ibert_gelu/mux_123_150/in_1[2] 	 (fanout : 1)
hpin:ibert_gelu/mux_123_150/in_1[1] 	 (fanout : 1)
hpin:ibert_gelu/mux_123_150/in_1[0] 	 (fanout : 1)
hpin:ibert_gelu/mux_y_comb[7]_247_28/in_1[7] 	 (fanout : 1)
hpin:ibert_gelu/mux_y_comb[7]_247_28/in_1[6] 	 (fanout : 1)
hpin:ibert_gelu/mux_y_comb[7]_247_28/in_1[5] 	 (fanout : 1)
hpin:ibert_gelu/mux_y_comb[7]_247_28/in_1[4] 	 (fanout : 1)
hpin:ibert_gelu/mux_y_comb[7]_247_28/in_1[3] 	 (fanout : 1)
hpin:ibert_gelu/mux_y_comb[7]_247_28/in_1[2] 	 (fanout : 1)
hpin:ibert_gelu/mux_y_comb[7]_247_28/in_1[1] 	 (fanout : 1)
hpin:ibert_gelu/mux_y_comb[7]_247_28/in_1[0] 	 (fanout : 1)
hpin:ibert_gelu/mux_y_comb[7]_246_23/in_1[7] 	 (fanout : 1)
hpin:ibert_gelu/mux_y_comb[7]_246_23/in_1[6] 	 (fanout : 1)
hpin:ibert_gelu/mux_y_comb[7]_246_23/in_1[5] 	 (fanout : 1)
hpin:ibert_gelu/mux_y_comb[7]_246_23/in_1[4] 	 (fanout : 1)
hpin:ibert_gelu/mux_y_comb[7]_246_23/in_1[3] 	 (fanout : 1)
hpin:ibert_gelu/mux_y_comb[7]_246_23/in_1[2] 	 (fanout : 1)
hpin:ibert_gelu/mux_y_comb[7]_246_23/in_1[1] 	 (fanout : 1)
hpin:ibert_gelu/mux_y_comb[7]_246_23/in_1[0] 	 (fanout : 1)
Total number of constant hierarchical pins in design 'ibert_gelu' : 1120

No constant connected ports in design 'ibert_gelu'

  Preserved instances(s)
  ----------------
No preserved combinational instance(s) in design 'ibert_gelu'
No preserved sequential instance(s) in design 'ibert_gelu'
No preserved hierarchical instance(s) in design 'ibert_gelu'

  Physical only instances(s)
  ----------------
No physical only instance(s) in design 'ibert_gelu'

  Logical only instance(s) and linked libcells
    -----------------------------------------
No logical only instance(s) in design 'ibert_gelu'

Libcells with no corresponding LEF
----------------------------------
No libcell(s) found.

LEF cells with no corresponding libcell
---------------------------------------

No physical (LEF) cells found.

 Summary
 ------- 

              Name                       Total
----------------------------------------------
Unresolved References                        0
Empty Modules                                0
Unloaded Port(s)                             0
Unloaded Sequential Pin(s)                   0
Unloaded Combinational Pin(s)              280
Assigns                                      0
Undriven Port(s)                             0
Undriven Leaf Pin(s)                         0
Undriven hierarchical pin(s)                 0
Multidriven Port(s)                          0
Multidriven Leaf Pin(s)                      0
Multidriven hierarchical Pin(s)              0
Multidriven unloaded net(s)                  0
Constant Port(s)                             0
Constant Leaf Pin(s)                         0
Constant hierarchical Pin(s)              1120
Preserved leaf instance(s)                   0
Preserved hierarchical instance(s)           0
Feedthrough Modules(s)                       0
Libcells with no LEF cell                    0
Physical (LEF) cells with no libcell         0
Subdesigns with long module name             0
Physical only instance(s)                    0
Logical only instance(s)                     0

  Done Checking the design.
