============================================================
  Generated by:           Genus(TM) Synthesis Solution 25.12-s067_1
  Generated on:           Sep 27 2026  11:27:13 pm
  Module:                 ibert_gelu
  Operating conditions:   ss_typical_max_0p90v_125c (balanced_tree)
  Wireload mode:          top
  Area mode:              timing library
============================================================


Path 1: MET (1919 ps) Setup Check with Pin x_reg0_reg[0][7]/clk->sena
          Group: in2reg
     Startpoint: (R) valid_in
          Clock: (R) clk
       Endpoint: (R) x_reg0_reg[0][7]/sena
          Clock: (R) clk

                     Capture       Launch     
        Clock Edge:+    3300            0     
        Drv Adjust:+       0          101     
       Src Latency:+       0            0     
       Net Latency:+       0 (I)        0 (I) 
           Arrival:=    3300          101     
                                              
             Setup:-     164                  
       Uncertainty:-     125                  
     Required Time:=    3011                  
      Launch Clock:-     101                  
       Input Delay:-     990                  
         Data Path:-       0                  
             Slack:=    1919                  

Exceptions/Constraints:
  input_delay             990             dut.sdc_line_15_1_1   

#--------------------------------------------------------------------------------------
#     Timing Point      Flags   Arc   Edge      Cell        Fanout Trans Delay Arrival 
#                                                                   (ps)  (ps)   (ps)  
#--------------------------------------------------------------------------------------
  valid_in              (u)     -     R     (arrival)           65   101     0    1091 
  x_reg0_reg[0][7]/sena -       -     R     unmapped_d_flop     65     -     0    1091 
#--------------------------------------------------------------------------------------

(u) : Net has unmapped pin(s).

