============================================================
  Generated by:           Genus(TM) Synthesis Solution 25.12-s067_1
  Generated on:           Sep 27 2026  11:27:13 pm
  Module:                 ibert_gelu
  Operating conditions:   ss_typical_max_0p90v_125c (balanced_tree)
  Wireload mode:          top
  Area mode:              timing library
============================================================


Path 1: VIOLATED (-1660 ps) Setup Check with Pin delta_reg_reg[0][9]/clk->d
          Group: reg2reg
     Startpoint: (R) x_reg0_reg[0][0]/clk
          Clock: (R) clk
       Endpoint: (R) delta_reg_reg[0][9]/d
          Clock: (R) clk

                     Capture       Launch     
        Clock Edge:+    3300            0     
       Src Latency:+       0            0     
       Net Latency:+       0 (I)        0 (I) 
           Arrival:=    3300            0     
                                              
             Setup:-     164                  
       Uncertainty:-     125                  
     Required Time:=    3011                  
      Launch Clock:-       0                  
         Data Path:-    4670                  
             Slack:=   -1660                  

#------------------------------------------------------------------------------------------
#     Timing Point       Flags     Arc    Edge      Cell        Fanout Trans Delay Arrival 
#                                                                       (ps)  (ps)   (ps)  
#------------------------------------------------------------------------------------------
  x_reg0_reg[0][0]/clk   -       -        R     (arrival)          661     0     0       0 
  x_reg0_reg[0][0]/q     (u)     clk->q   R     unmapped_d_flop     14     0   411     411 
  mul_117_40_I1/g9/z     (u)     in_1->z  R     unmapped_and2        3     0    82     493 
  mul_117_40_I1/g284/z   (u)     in_0->z  R     unmapped_xor2        1     0   118     611 
  mul_117_40_I1/g285/z   (u)     in_0->z  R     unmapped_xor2        3     0   139     750 
  mul_117_40_I1/g306/z   (u)     in_1->z  F     unmapped_nand2       1     0    61     810 
  mul_117_40_I1/g307/z   (u)     in_2->z  R     unmapped_nand3       3     0   102     912 
  mul_117_40_I1/g345/z   (u)     in_1->z  R     unmapped_xor2        3     0   139    1051 
  mul_117_40_I1/g350/z   (u)     in_1->z  R     unmapped_xor2        1     0   118    1169 
  mul_117_40_I1/g351/z   (u)     in_0->z  R     unmapped_xor2        2     0   132    1300 
  mul_117_40_I1/g613/z   (u)     in_1->z  F     unmapped_nor2        3     0    82    1382 
  mul_117_40_I1/g648/z   (u)     in_1->z  R     unmapped_nor2        1     0    61    1443 
  mul_117_40_I1/g650/z   (u)     in_0->z  F     unmapped_nor2        3     0    82    1524 
  mul_117_40_I1/g107/z   (u)     in_0->z  R     unmapped_nor2        1     0    61    1585 
  mul_117_40_I1/g109/z   (u)     in_0->z  F     unmapped_nor2        5     0    96    1681 
  mul_117_40_I1/g142/z   (u)     in_1->z  R     unmapped_nor2        1     0    61    1742 
  mul_117_40_I1/g144/z   (u)     in_0->z  F     unmapped_nor2        1     0    61    1802 
  mul_117_40_I1/g171/z   (u)     in_0->z  R     unmapped_nand2       1     0    61    1863 
  mul_117_40_I1/g726/z   (u)     in_0->z  R     unmapped_xnor2       2     0   132    1995 
  add_118_32_I1/g33/z    (u)     in_0->z  F     unmapped_nor2        3     0    82    2076 
  add_118_32_I1/g73/z    (u)     in_1->z  R     unmapped_nor2        3     0    82    2158 
  add_118_32_I1/g146/z   (u)     in_0->z  F     unmapped_not         2     0    50    2208 
  add_118_32_I1/g150/z   (u)     in_1->z  R     unmapped_nor2        1     0    61    2269 
  add_118_32_I1/g172/z   (u)     in_0->z  F     unmapped_nand2       1     0    61    2330 
  add_118_32_I1/g173/z   (u)     in_1->z  R     unmapped_nand2       1     0    61    2390 
  add_118_32_I1/g223/z   (u)     in_0->z  F     unmapped_xnor2       2     0   132    2522 
  minus_122_41_I1/g8/z   (u)     in_0->z  R     unmapped_not         2     0    50    2572 
  minus_122_41_I1/g30/z  (u)     in_1->z  F     unmapped_nor2        3     0    82    2654 
  minus_122_41_I1/g75/z  (u)     in_0->z  R     unmapped_not         2     0    50    2704 
  minus_122_41_I1/g76/z  (u)     in_1->z  F     unmapped_nand2       1     0    61    2765 
  minus_122_41_I1/g97/z  (u)     in_0->z  R     unmapped_not         1     0    37    2801 
  minus_122_41_I1/g98/z  (u)     in_1->z  F     unmapped_nand2       1     0    61    2862 
  minus_122_41_I1/g99/z  (u)     in_1->z  R     unmapped_nand2       1     0    61    2923 
  minus_122_41_I1/g136/z (u)     in_0->z  R     unmapped_xnor2       1     0   118    3041 
  mux_122_26/g4/z        (u)     data1->z R     unmapped_bmux2       2     0   132    3173 
  gt_123_38_I1/g5/z      (u)     in_0->z  F     unmapped_not         2     0    50    3223 
  gt_123_38_I1/g31/z     (u)     in_1->z  R     unmapped_nand2       1     0    61    3284 
  gt_123_38_I1/g50/z     (u)     in_0->z  F     unmapped_not         1     0    37    3320 
  gt_123_38_I1/g51/z     (u)     in_1->z  R     unmapped_nor2        1     0    61    3381 
  gt_123_38_I1/g69/z     (u)     in_0->z  F     unmapped_not         1     0    37    3418 
  gt_123_38_I1/g70/z     (u)     in_1->z  R     unmapped_nor2        1     0    61    3479 
  gt_123_38_I1/g87/z     (u)     in_0->z  F     unmapped_nand2       1     0    61    3540 
  gt_123_38_I1/g94/z     (u)     in_0->z  R     unmapped_nand2       1     0    61    3600 
  gt_123_38_I1/g95/z     (u)     in_1->z  F     unmapped_nand2       1     0    61    3661 
  gt_123_38_I1/g13/z     (u)     in_0->z  R     unmapped_not         9     0    93    3754 
  mux_123_38/g9/z        (u)     sel0->z  F     unmapped_bmux2       2     0   132    3886 
  add_125_39_I1/g2/z     (u)     in_0->z  R     unmapped_nand2       1     0    61    3947 
  add_125_39_I1/g97/z    (u)     in_0->z  F     unmapped_not         2     0    50    3997 
  add_125_39_I1/g25/z    (u)     in_0->z  R     unmapped_nand2       1     0    61    4058 
  add_125_39_I1/g26/z    (u)     in_1->z  F     unmapped_nand2       3     0    82    4139 
  add_125_39_I1/g46/z    (u)     in_1->z  R     unmapped_nand2       1     0    61    4200 
  add_125_39_I1/g47/z    (u)     in_1->z  F     unmapped_nand2       5     0    96    4296 
  add_125_39_I1/g67/z    (u)     in_0->z  R     unmapped_nand2       1     0    61    4356 
  add_125_39_I1/g68/z    (u)     in_1->z  F     unmapped_nand2       2     0    74    4431 
  add_125_39_I1/g70/z    (u)     in_0->z  R     unmapped_nand2       1     0    61    4492 
  add_125_39_I1/g71/z    (u)     in_1->z  F     unmapped_nand2       1     0    61    4552 
  add_125_39_I1/g95/z    (u)     in_0->z  R     unmapped_xnor2       1     0   118    4670 
  delta_reg_reg[0][9]/d  -       -        R     unmapped_d_flop      1     -     0    4670 
#------------------------------------------------------------------------------------------

(u) : Net has unmapped pin(s).

