============================================================
  Generated by:           Genus(TM) Synthesis Solution 25.12-s067_1
  Generated on:           May 12 2026  07:46:50 pm
  Module:                 tr_soc_top_mx
  Operating conditions:   ss_typical_max_0p90v_125c (balanced_tree)
  Wireload mode:          top
  Area mode:              timing library
============================================================


Path 1: MET (712 ps) Late External Delay Assertion at pin mmio_rdata[1]
          Group: in2out
     Startpoint: (F) mmio_addr[1]
          Clock: (R) clk
       Endpoint: (R) mmio_rdata[1]
          Clock: (R) clk

                        Capture       Launch     
           Path Delay:+    3630            -     
           Drv Adjust:+       0            6     
          Src Latency:+       0            0     
          Net Latency:+       0 (I)        0 (I) 
        Capture Clock:+       0                  
              Arrival:=    3630            6     
                                                 
         Output Delay:-     990                  
          Uncertainty:-     125                  
        Required Time:=    2515                  
         Launch Clock:-       6                  
          Input Delay:-     990                  
            Data Path:-     807                  
                Slack:=     712                  

Exceptions/Constraints:
  max_delay                3630            dut.sdc_line_18         
  input_delay              990             dut.sdc_line_15_7_1     
  output_delay             990             dut.sdc_line_17_599_1   

#-------------------------------------------------------------------------------------
#    Timing Point      Flags   Arc   Edge      Cell        Fanout Trans Delay Arrival 
#                                                                  (ps)  (ps)   (ps)  
#-------------------------------------------------------------------------------------
  mmio_addr[1]         -       -     F     (arrival)            1    43     0     996 
  u_ctrl/g6811__2398/Y -       B->Y  F     OR2_X0P5M_A9TL       1    95   157    1153 
  u_ctrl/g6743__5115/Y -       A->Y  F     OR6_X0P7M_A9TL       2   181   236    1389 
  u_ctrl/g6719__5477/Y -       A->Y  R     NOR2XB_X1M_A9TL      2   223   190    1579 
  u_ctrl/g6703__1881/Y -       AN->Y R     NOR2B_X1M_A9TL       1   182   223    1803 
  mmio_rdata[1]        -       -     R     (port)               -     -     0    1803 
#-------------------------------------------------------------------------------------

