============================================================
  Generated by:           Genus(TM) Synthesis Solution 25.12-s067_1
  Generated on:           Sep 24 2026  03:19:46 pm
  Module:                 tr_soc_top_mx
  Operating conditions:   ss_typical_max_0p90v_125c (balanced_tree)
  Wireload mode:          top
  Area mode:              timing library
============================================================


Path 1: MET (276 ps) Setup Check with Pin u_vpu/u_vecmul/b_reg_reg[7][14]/CK->SI
          Group: in2reg
     Startpoint: (F) ext_sram_b[7][2]
          Clock: (R) clk
       Endpoint: (F) u_vpu/u_vecmul/b_reg_reg[7][14]/SI
          Clock: (R) clk

                     Capture       Launch     
        Clock Edge:+    3300            0     
        Drv Adjust:+       0            6     
       Src Latency:+       0            0     
       Net Latency:+       0 (I)        0 (I) 
           Arrival:=    3300            6     
                                              
             Setup:-     323                  
       Uncertainty:-     125                  
     Required Time:=    2852                  
      Launch Clock:-       6                  
       Input Delay:-     990                  
         Data Path:-    1579                  
             Slack:=     276                  

Exceptions/Constraints:
  input_delay             990             dut.sdc_line_15_513_1   

#----------------------------------------------------------------------------------------------------
#           Timing Point             Flags   Arc   Edge       Cell        Fanout Trans Delay Arrival 
#                                                                                 (ps)  (ps)   (ps)  
#----------------------------------------------------------------------------------------------------
  ext_sram_b[7][2]                   -       -     F     (arrival)             1    44     0     996 
  g5033/Y                            -       B0->Y F     AO1B2_X2M_A9TL        4   127   150    1147 
  u_vpu/u_sym/g7321/Y                -       AN->Y F     NAND3B_X2M_A9TL       2   119   181    1327 
  u_vpu/u_sym/g7226/Y                -       A->Y  R     NOR2_X2M_A9TL         2   139   120    1448 
  u_vpu/u_sym/g7198/Y                -       A->Y  R     OR2_X2M_A9TL          4   108   156    1604 
  u_vpu/u_sym/g7169/Y                -       A->Y  F     NAND2_X2M_A9TL        4   132    97    1701 
  u_vpu/u_sym/g7143/Y                -       A->Y  F     OR4_X1M_A9TL          2   151   217    1918 
  u_vpu/u_sym/g7073/Y                -       A->Y  R     NOR2_X2B_A9TL         2   145   128    2046 
  u_vpu/u_sym/g7021/Y                -       A->Y  F     NAND2XB_X2M_A9TR      2   116   114    2160 
  u_vpu/u_sym/g6994/Y                -       A->Y  F     AND2_X1M_A9TL         1    74   155    2315 
  u_vpu/u_sym/g6950/Y                -       A->Y  F     XOR2_X1M_A9TL         1   117   100    2414 
  u_vpu/g22922/Y                     -       B0->Y F     AO22_X1M_A9TL         1    62   161    2576 
  u_vpu/u_vecmul/b_reg_reg[7][14]/SI -       -     F     SDFFQ_X2M_A9TL        1     -     0    2576 
#----------------------------------------------------------------------------------------------------

