============================================================
  Generated by:           Genus(TM) Synthesis Solution 25.12-s067_1
  Generated on:           May 12 2026  08:44:01 pm
  Module:                 tr_soc_top_mx
  Operating conditions:   ss_typical_max_0p90v_125c (balanced_tree)
  Wireload mode:          top
  Area mode:              timing library
============================================================


Path 1: VIOLATED (-507 ps) Setup Check with Pin u_req_mx/exp_total_out_reg[5]/CK->D
          Group: reg2reg
     Startpoint: (R) u_dot/GEN_MAC_LANES[2].u_mac_lane/out_dot_reg[15]/CK
          Clock: (R) clk
       Endpoint: (R) u_req_mx/exp_total_out_reg[5]/D
          Clock: (R) clk

                     Capture       Launch     
        Clock Edge:+    3300            0     
       Src Latency:+       0            0     
       Net Latency:+       0 (I)        0 (I) 
           Arrival:=    3300            0     
                                              
             Setup:-     102                  
       Uncertainty:-     125                  
     Required Time:=    3073                  
      Launch Clock:-       0                  
         Data Path:-    3580                  
             Slack:=    -507                  

#------------------------------------------------------------------------------------------------------------------------
#                    Timing Point                      Flags    Arc   Edge       Cell         Fanout Trans Delay Arrival 
#                                                                                                     (ps)  (ps)   (ps)  
#------------------------------------------------------------------------------------------------------------------------
  u_dot/GEN_MAC_LANES[2].u_mac_lane/out_dot_reg[15]/CK -       -      R     (arrival)             32     0     0       0 
  u_dot/GEN_MAC_LANES[2].u_mac_lane/out_dot_reg[15]/QN -       CK->QN F     A2DFFQN_X2M_A9TL       1    83   220     220 
  u_dot/GEN_MAC_LANES[2].u_mac_lane/g3178/Y            -       A->Y   R     INV_X2M_A9TL           3   106    94     315 
  u_req_mx/minus_44_49_I3_g929/Y                       -       A->Y   F     INV_X3P5M_A9TR         3    79    88     402 
  u_req_mx/minus_44_49_I3_g855/Y                       -       A->Y   R     NAND4_X4A_A9TL         1   154   104     507 
  u_req_mx/minus_44_49_I3_g834/Y                       -       A->Y   F     NOR2_X8M_A9TL          2    69    78     585 
  u_req_mx/minus_44_49_I3_g798/Y                       -       A->Y   F     AND2_X8M_A9TL          9    82   136     721 
  u_req_mx/minus_44_49_I3_g773/Y                       -       A->Y   R     NAND2XB_X4M_A9TL       1    74    70     792 
  u_req_mx/minus_44_49_I3_g759/Y                       -       S0->Y  F     MXT2_X4M_A9TL          1    72   154     945 
  u_req_mx/minus_44_49_I3_g751/Y                       -       A->Y   R     INV_X11M_A9TL         10    78    76    1022 
  u_req_mx/LT_UNS_OP236_Y_LEQ_UNS_OP_g1081/Y           -       A->Y   F     INV_X1M_A9TL           1    58    64    1086 
  u_req_mx/LT_UNS_OP236_Y_LEQ_UNS_OP_g1023/Y           -       B1->Y  R     AOI22_X2M_A9TR         1   189   152    1237 
  u_req_mx/LT_UNS_OP236_Y_LEQ_UNS_OP_g1148/Y           -       B->Y   R     OR2_X4M_A9TL           2    69   157    1394 
  u_req_mx/LT_UNS_OP236_Y_LEQ_UNS_OP_g988/Y            -       C->Y   F     NAND4_X4A_A9TL         1   106   106    1500 
  u_req_mx/LT_UNS_OP236_Y_LEQ_UNS_OP_g987/Y            -       A->Y   R     NAND3XXB_X6M_A9TL      2   116    98    1598 
  u_req_mx/g43026/Y                                    -       A->Y   F     NOR2XB_X8M_A9TL        3    59    62    1659 
  u_req_mx/g42407/Y                                    -       BN->Y  F     NOR2XB_X3M_A9TL        1    65   132    1792 
  u_req_mx/g42344/Y                                    -       A->Y   R     NAND2_X3B_A9TL         1    61    59    1850 
  u_req_mx/g42309/Y                                    -       B0N->Y F     AO21B_X4M_A9TL         1    53    52    1903 
  u_req_mx/g43064/Y                                    -       B->Y   R     NAND2B_X4M_A9TL        1    78    70    1973 
  u_req_mx/g42165/Y                                    -       B->Y   R     AND3_X8M_A9TL          2    67   122    2095 
  u_req_mx/g42108/Y                                    -       B->Y   F     NAND2_X8A_A9TL         6   107    87    2183 
  u_req_mx/g42093/Y                                    -       A->Y   R     INV_X11M_A9TL          4    69    74    2257 
  u_req_mx/g42092/Y                                    -       A->Y   F     INV_X16M_A9TL         13    46    53    2310 
  u_req_mx/g43082/Y                                    -       A0->Y  R     AOI21_X2M_A9TL         1   166   126    2436 
  u_req_mx/g41938/Y                                    -       B->Y   F     NAND3XXB_X6M_A9TL      2    95    95    2532 
  u_req_mx/g41869/Y                                    -       B->Y   R     NOR2_X4A_A9TL          2   137   121    2652 
  u_req_mx/g41835/Y                                    -       B->Y   F     NAND2_X4M_A9TL         2    72    81    2734 
  u_req_mx/g41738/Y                                    -       A->Y   R     NAND2_X4M_A9TL         1    76    72    2806 
  u_req_mx/g41474/Y                                    -       A0->Y  F     AOI31_X6M_A9TL         2    93    82    2888 
  u_req_mx/g41253/Y                                    -       A->Y   R     NAND3XXB_X6M_A9TL      3   130   100    2988 
  u_req_mx/g41016/Y                                    -       A->Y   F     NAND3XXB_X4M_A9TL      3   119    92    3080 
  u_req_mx/g40988/Y                                    -       A->Y   R     NAND2_X4M_A9TL         1    69    77    3156 
  u_req_mx/g40983/Y                                    -       A->Y   F     INV_X4B_A9TL           3    61    63    3220 
  u_req_mx/g40941/Y                                    -       BN->Y  F     NOR2XB_X8M_A9TL        2    67   130    3350 
  u_req_mx/g40899/Y                                    -       A0->Y  R     AOI21_X8M_A9TL         3   100    97    3447 
  u_req_mx/g43042/Y                                    -       B->Y   R     XNOR2_X2M_A9TL         1   166   133    3580 
  u_req_mx/exp_total_out_reg[5]/D                      -       -      R     DFFRPQ_X4M_A9TL        1     -     0    3580 
#------------------------------------------------------------------------------------------------------------------------

