============================================================
  Generated by:           Genus(TM) Synthesis Solution 25.12-s067_1
  Generated on:           May 13 2026  02:49:51 pm
  Module:                 tr_soc_top_mx
  Operating conditions:   ss_typical_max_0p90v_125c (balanced_tree)
  Wireload mode:          top
  Area mode:              timing library
============================================================


Path 1: MET (762 ps) Late External Delay Assertion at pin mmio_rdata[0]
          Group: reg2out
     Startpoint: (R) u_ctrl/state_reg[4]/CK
          Clock: (R) clk
       Endpoint: (F) mmio_rdata[0]
          Clock: (R) clk

                     Capture       Launch     
        Clock Edge:+    3300            0     
       Src Latency:+       0            0     
       Net Latency:+       0 (I)        0 (I) 
           Arrival:=    3300            0     
                                              
      Output Delay:-     990                  
       Uncertainty:-     125                  
     Required Time:=    2185                  
      Launch Clock:-       0                  
         Data Path:-    1424                  
             Slack:=     762                  

Exceptions/Constraints:
  output_delay             990             dut.sdc_line_17_600_1   

#---------------------------------------------------------------------------------------
#     Timing Point       Flags   Arc   Edge      Cell        Fanout Trans Delay Arrival 
#                                                                    (ps)  (ps)   (ps)  
#---------------------------------------------------------------------------------------
  u_ctrl/state_reg[4]/CK -       -     R     (arrival)         1118     0     0       0 
  u_ctrl/state_reg[4]/Q  -       CK->Q F     DFFRPQ_X3M_A9TL      3    81   303     303 
  u_ctrl/fopt6630/Y      -       A->Y  R     INV_X6M_A9TL         3    60    64     367 
  u_ctrl/fopt6629/Y      -       A->Y  R     BUF_X3M_A9TL         2    82   118     485 
  u_ctrl/fopt6628/Y      -       A->Y  F     INV_X3M_A9TL         2    44    50     535 
  u_ctrl/fopt6627/Y      -       A->Y  F     BUF_X3M_A9TL         3    63   117     652 
  u_ctrl/fopt6626/Y      -       A->Y  R     INV_X1M_A9TL         2   108    90     742 
  u_ctrl/g6541__2398/Y   -       A->Y  F     NAND2_X1A_A9TL       1   110    99     841 
  u_ctrl/g6510__6783/Y   -       A->Y  R     NOR2_X2A_A9TL        4   222   169    1010 
  u_ctrl/g6498__7410/Y   -       A->Y  F     NAND2_X1M_A9TL       4   211   193    1203 
  u_ctrl/g6401__1666/Y   -       C->Y  F     AND3_X1M_A9TL        1    73   220    1423 
  mmio_rdata[0]          -       -     F     (port)               -     -     0    1424 
#---------------------------------------------------------------------------------------

