============================================================
  Generated by:           Genus(TM) Synthesis Solution 25.12-s067_1
  Generated on:           Mar 26 2026  02:03:07 pm
  Module:                 tr_softmax
  Operating conditions:   ss_typical_max_0p90v_125c (balanced_tree)
  Wireload mode:          top
  Area mode:              timing library
============================================================

Timing
--------

Clock Period 
-------------
clk   3000.0 


        Cost          Critical              Violating 
       Group         Path Slack     TNS       Paths   
------------------------------------------------------
cg_enable_group_clk      1695.7        0.0          0 
clk                    No paths        0.0            
default                No paths        0.0            
in2out                 No paths        0.0            
in2reg                     56.4        0.0          0 
reg2out                 -1727.2   -25269.8         64 
reg2reg                    96.2        0.0          0 
------------------------------------------------------
Total                             -25269.8         64 

Instance Count
--------------
Leaf Instance Count             3298 
Physical Instance count            0 
Sequential Instance Count        499 
Combinational Instance Count    2799 
Hierarchical Instance Count       27 

Area
----
Cell Area                          13574.520
Physical Cell Area                 0.000
Total Cell Area (Cell+Physical)    13574.520
Net Area                           0.000
Total Area (Cell+Physical+Net)     13574.520

Max Fanout                         274 (clk)
Min Fanout                         0 (valid_sum)
Average Fanout                     2.1
Terms to net ratio                 3.0825
Terms to instance ratio            3.2984
Runtime                            213.01172000000008 seconds
Elapsed Runtime                    212 seconds
Genus peak memory usage            2552.70 
Innovus peak memory usage          no_value 
Hostname                           enicsw11.local
