============================================================
  Generated by:           Genus(TM) Synthesis Solution 25.12-s067_1
  Generated on:           Mar 26 2026  02:03:05 pm
  Module:                 tr_softmax
  Operating conditions:   ss_typical_max_0p90v_125c (balanced_tree)
  Wireload mode:          top
  Area mode:              timing library
============================================================

                 Instance                                                 Module                                  Cell-Count  Cell-Area  Net-Area   Total-Area  Wireload  
--------------------------------------------------------------------------------------------------------------------------------------------------------------------------
tr_softmax                                NA                                                                            3298  13574.520     0.000    13574.520 Small (D)  
  dsp_mac                                 vec_mac_su_N8_W8_ACC_W32                                                      1872   6896.520     0.000     6896.520 Small (T)  
  gen_tr_recip.u_reciprocal               tr_reciprocal_IN_WIDTH16_OUT_WIDTH8_IN_FRAC4_OUT_FRAC4_INV_SQRT0_ITER2         467   2295.000     0.000     2295.000 Small (T)  
    u_exp                                 tr_exp_WIDTH8_FRAC_W4_LUT_IDX_W3_ITER2                                          71    382.680     0.000      382.680 Small (T)  
      u_quad                              quadratic_divider_WIDTH8_FRAC_W4                                                 6     31.680     0.000       31.680 Small (T)  
      u_round                             round_WIDTH8_FRAC_W4_LUT_IDX_W3_132                                             18    104.400     0.000      104.400 Small (T)  
    u_ln                                  tr_ln_WIDTH16_BITS4_OUT_WIDTH8                                                 177    851.760     0.000      851.760 Small (T)  
  u_decompose                             online_sum_NUM_INPUTS8_DATA_WIDTH8_FRAC_W4_LUT_IDX_W3_ITER1_MODE0              924   4266.720     0.000     4266.720 Small (T)  
    GEN_EXP[0].u_tr_exp                   tr_exp_WIDTH8_FRAC_W4_LUT_IDX_W3_ITER1                                          29     80.280     0.000       80.280 Small (T)  
      u_round                             round_WIDTH8_FRAC_W4_LUT_IDX_W3                                                 15     45.000     0.000       45.000 Small (T)  
    GEN_EXP[1].u_tr_exp                   tr_exp_WIDTH8_FRAC_W4_LUT_IDX_W3_ITER1_146                                      28     74.880     0.000       74.880 Small (T)  
      u_round                             round_WIDTH8_FRAC_W4_LUT_IDX_W3_139                                             14     41.400     0.000       41.400 Small (T)  
    GEN_EXP[2].u_tr_exp                   tr_exp_WIDTH8_FRAC_W4_LUT_IDX_W3_ITER1_145                                      29     78.120     0.000       78.120 Small (T)  
      u_round                             round_WIDTH8_FRAC_W4_LUT_IDX_W3_138                                             15     41.400     0.000       41.400 Small (T)  
    GEN_EXP[3].u_tr_exp                   tr_exp_WIDTH8_FRAC_W4_LUT_IDX_W3_ITER1_144                                      29     87.480     0.000       87.480 Small (T)  
      u_round                             round_WIDTH8_FRAC_W4_LUT_IDX_W3_137                                             14     48.600     0.000       48.600 Small (T)  
    GEN_EXP[4].u_tr_exp                   tr_exp_WIDTH8_FRAC_W4_LUT_IDX_W3_ITER1_143                                      29     80.280     0.000       80.280 Small (T)  
      u_round                             round_WIDTH8_FRAC_W4_LUT_IDX_W3_136                                             15     45.000     0.000       45.000 Small (T)  
    GEN_EXP[5].u_tr_exp                   tr_exp_WIDTH8_FRAC_W4_LUT_IDX_W3_ITER1_142                                      27     81.360     0.000       81.360 Small (T)  
      u_round                             round_WIDTH8_FRAC_W4_LUT_IDX_W3_135                                             13     47.880     0.000       47.880 Small (T)  
    GEN_EXP[6].u_tr_exp                   tr_exp_WIDTH8_FRAC_W4_LUT_IDX_W3_ITER1_141                                      29     78.120     0.000       78.120 Small (T)  
      u_round                             round_WIDTH8_FRAC_W4_LUT_IDX_W3_134                                             15     41.400     0.000       41.400 Small (T)  
    GEN_EXP[7].u_tr_exp                   tr_exp_WIDTH8_FRAC_W4_LUT_IDX_W3_ITER1_140                                      29     87.480     0.000       87.480 Small (T)  
      u_round                             round_WIDTH8_FRAC_W4_LUT_IDX_W3_133                                             14     48.600     0.000       48.600 Small (T)  
    gen_mode_0_int_max_int_sub.u_max_sub  max_sub_NUM_INPUTS8_DATA_WIDTH8                                                314   1073.880     0.000     1073.880 Small (T)  
    gen_mode_0_int_max_int_sub.u_max_tree piped_max_NUM_INPUTS8_DATA_WIDTH8                                              185    857.520     0.000      857.520 Small (T)  
  (D) = wireload is default in technology library
  (T) = wireload mode is 'top'
