============================================================
  Generated by:           Genus(TM) Synthesis Solution 25.12-s067_1
  Generated on:           Sep 23 2026  12:01:23 pm
  Module:                 tr_nonlinear_vpu
  Operating conditions:   ss_typical_max_0p90v_125c (balanced_tree)
  Wireload mode:          top
  Area mode:              timing library
============================================================


Path 1: MET (0 ps) Setup Check with Pin u_backbone/s2_post_ln_reg_reg[6][8]/CK->D
          Group: reg2reg
     Startpoint: (R) u_backbone/s1_mode_pre_ln_reg/CK
          Clock: (R) clk
       Endpoint: (F) u_backbone/s2_post_ln_reg_reg[6][8]/D
          Clock: (R) clk

                     Capture       Launch     
        Clock Edge:+    3300            0     
       Src Latency:+       0            0     
       Net Latency:+       0 (I)        0 (I) 
           Arrival:=    3300            0     
                                              
             Setup:-      95                  
       Uncertainty:-     125                  
     Required Time:=    3080                  
      Launch Clock:-       0                  
         Data Path:-    3080                  
             Slack:=       0                  

#--------------------------------------------------------------------------------------------------------------
#               Timing Point                 Flags    Arc   Edge       Cell         Fanout Trans Delay Arrival 
#                                                                                           (ps)  (ps)   (ps)  
#--------------------------------------------------------------------------------------------------------------
  u_backbone/s1_mode_pre_ln_reg/CK           -       -      R     (arrival)            414     0     0       0 
  u_backbone/s1_mode_pre_ln_reg/Q            -       CK->Q  F     DFFRPQ_X4M_A9TL        1    66   287     287 
  u_backbone/u_pre_ln/g5770/Y                -       A->Y   R     INV_X13M_A9TL          9    90    81     368 
  u_backbone/u_pre_ln/g5769/Y                -       A->Y   F     INV_X4M_A9TL           1    40    46     414 
  u_backbone/u_pre_ln/g5768/Y                -       A->Y   R     INV_X6M_A9TL           9    93    72     486 
  u_backbone/u_pre_ln/g5712/Y                -       A->Y   F     NAND2XB_X2M_A9TL       1    71    69     555 
  u_backbone/u_pre_ln/g5654/Y                -       B->Y   F     AND2_X6M_A9TL          5    49   124     680 
  u_backbone/gen_tr_lanes[6].u_tr_ln/g3382/Y -       BN->Y  F     NAND2XB_X4M_A9TL       3    71   126     806 
  u_backbone/gen_tr_lanes[6].u_tr_ln/g3286/Y -       A0->Y  R     OAI21_X3M_A9TL         1    88    87     893 
  u_backbone/gen_tr_lanes[6].u_tr_ln/g3264/Y -       CN->Y  R     NAND3XXB_X3M_A9TL      1    97   146    1038 
  u_backbone/gen_tr_lanes[6].u_tr_ln/g3248/Y -       A->Y   F     NAND2_X2M_A9TL         1    64    62    1100 
  u_backbone/gen_tr_lanes[6].u_tr_ln/g3245/Y -       A->Y   F     OR4_X3M_A9TL           1    86   143    1243 
  u_backbone/gen_tr_lanes[6].u_tr_ln/g3232/Y -       A->Y   R     NAND2XB_X8M_A9TL       2    70    68    1312 
  u_backbone/gen_tr_lanes[6].u_tr_ln/g3231/Y -       A->Y   F     INV_X3M_A9TL           1    38    45    1356 
  u_backbone/gen_tr_lanes[6].u_tr_ln/g3228/Y -       A->Y   F     OR4_X8M_A9TL           5    75   124    1480 
  u_backbone/gen_tr_lanes[6].u_tr_ln/g3218/Y -       B->Y   F     AND2_X4M_A9TL          2    49   123    1603 
  u_backbone/gen_tr_lanes[6].u_tr_ln/g3188/Y -       C0->Y  F     OA211_X4M_A9TL         4    67   123    1726 
  u_backbone/gen_tr_lanes[6].u_tr_ln/g3157/Y -       A1N->Y F     OAI2XB1_X4M_A9TL       1    75   142    1868 
  u_backbone/gen_tr_lanes[6].u_tr_ln/g3156/Y -       B->Y   F     AND2_X8M_A9TL          6    57   130    1998 
  u_backbone/gen_tr_lanes[6].u_tr_ln/g3154/Y -       A->Y   R     INV_X5M_A9TL           2    56    56    2054 
  u_backbone/gen_tr_lanes[6].u_tr_ln/g3148/Y -       A0->Y  F     AOI2XB1_X6M_A9TL       2    65    63    2117 
  u_backbone/gen_tr_lanes[6].u_tr_ln/g3139/Y -       B0->Y  R     AOI2XB1_X3M_A9TL       1   109    94    2211 
  u_backbone/g4576/Y                         -       A->Y   F     NAND2_X4M_A9TL         1    54    54    2265 
  u_backbone/g4363/Y                         -       A->Y   R     NAND3XXB_X4M_A9TL      1   142    70    2335 
  u_backbone/u_post_ln/fopt8425/Y            -       A->Y   F     INV_X4M_A9TL           2    56    60    2395 
  u_backbone/u_post_ln/g8130/Y               -       A->Y   R     NAND3XXB_X6M_A9TL      2   117    80    2474 
  u_backbone/u_post_ln/g8005/Y               -       A->Y   F     NOR2XB_X8M_A9TL        2    59    66    2540 
  u_backbone/u_post_ln/g7887/Y               -       A->Y   R     NAND2XB_X8M_A9TL       2    73    61    2601 
  u_backbone/u_post_ln/g7858/Y               -       A->Y   F     NOR2XB_X8M_A9TL        3    64    58    2660 
  u_backbone/u_post_ln/g7827/Y               -       A->Y   R     NAND2XB_X3M_A9TL       3   141   100    2759 
  u_backbone/u_post_ln/g7795/Y               -       C->Y   F     NAND3B_X6M_A9TL        2    84    94    2853 
  u_backbone/u_post_ln/g7761/Y               -       A->Y   R     NAND3XXB_X6M_A9TL      1   108    76    2928 
  u_backbone/u_post_ln/g7747/Y               -       S0->Y  R     MXIT2_X3M_A9TL         1   108    88    3016 
  u_backbone/u_post_ln/g7740/Y               -       A->Y   F     NOR2XB_X2M_A9TL        1    62    63    3080 
  u_backbone/s2_post_ln_reg_reg[6][8]/D      -       -      F     DFFRPQ_X2M_A9TL        1     -     0    3080 
#--------------------------------------------------------------------------------------------------------------

