============================================================
  Generated by:           Genus(TM) Synthesis Solution 25.12-s067_1
  Generated on:           Sep 23 2026  12:01:25 pm
  Module:                 tr_nonlinear_vpu
  Operating conditions:   ss_typical_max_0p90v_125c (balanced_tree)
  Wireload mode:          top
  Area mode:              timing library
============================================================


Path 1: VIOLATED (-100 ps) Setup Check with Pin u_backbone/s1_vec_in_reg[0][2]/CK->D
          Group: in2reg
     Startpoint: (F) sram_data_a[0][0]
          Clock: (R) clk
       Endpoint: (F) u_backbone/s1_vec_in_reg[0][2]/D
          Clock: (R) clk

                     Capture       Launch     
        Clock Edge:+    3300            0     
        Drv Adjust:+       0           45     
       Src Latency:+       0            0     
       Net Latency:+       0 (I)        0 (I) 
           Arrival:=    3300           45     
                                              
             Setup:-      99                  
       Uncertainty:-     125                  
     Required Time:=    3076                  
      Launch Clock:-      45                  
       Input Delay:-     990                  
         Data Path:-    2141                  
             Slack:=    -100                  

Exceptions/Constraints:
  input_delay             990             dut.sdc_line_15_80_1   


