============================================================
  Generated by:           Genus(TM) Synthesis Solution 25.12-s067_1
  Generated on:           May 25 2026  08:17:03 pm
  Module:                 tr_softmax
  Operating conditions:   ss_typical_max_0p90v_125c (balanced_tree)
  Wireload mode:          top
  Area mode:              timing library
============================================================


Path 1: MET (0 ps) Setup Check with Pin u_vec_mul_ew/b_reg_reg[1][3]/CK->D
          Group: in2reg
     Startpoint: (R) offset_in[0]
          Clock: (R) clk
       Endpoint: (R) u_vec_mul_ew/b_reg_reg[1][3]/D
          Clock: (R) clk

                     Capture       Launch     
        Clock Edge:+    3300            0     
        Drv Adjust:+       0           88     
       Src Latency:+       0            0     
       Net Latency:+       0 (I)        0 (I) 
           Arrival:=    3300           88     
                                              
             Setup:-      70                  
       Uncertainty:-     125                  
     Required Time:=    3105                  
      Launch Clock:-      88                  
       Input Delay:-     990                  
         Data Path:-    2027                  
             Slack:=       0                  

Exceptions/Constraints:
  input_delay             990             dut.sdc_line_15_76_1   

#---------------------------------------------------------------------------------------------------------
#            Timing Point              Flags    Arc    Edge       Cell         Fanout Trans Delay Arrival 
#                                                                                      (ps)  (ps)   (ps)  
#---------------------------------------------------------------------------------------------------------
  offset_in[0]                         -       -       R     (arrival)             10   170     0    1078 
  u_sub/g8778__5115/Y                  -       A->Y    F     NAND2XB_X4M_A9TL       2    73    68    1146 
  u_sub/g8597__4733/CON                -       CI->CON R     CGENI_X2M_A9TL         2   198   144    1289 
  u_sub/g8589__1705/Y                  -       A->Y    F     NAND2XB_X4M_A9TL       2    84    79    1368 
  u_sub/g8573__2346/Y                  -       A->Y    R     NAND2XB_X4M_A9TL       2    87    79    1447 
  u_sub/g8565__1881/Y                  -       B->Y    F     NAND2_X4M_A9TL         2    71    68    1515 
  u_sub/g8549__5477/Y                  -       A->Y    R     NAND2XB_X6M_A9TL       2    75    66    1581 
  u_sub/g8541__6161/Y                  -       A->Y    F     NAND2_X6M_A9TL         2    63    51    1632 
  u_sub/g8529__3680/Y                  -       A->Y    R     NAND2XB_X6M_A9TL       2    75    63    1695 
  u_sub/g8505__7482/Y                  -       A->Y    F     NAND2_X6M_A9TL         2    63    51    1746 
  u_sub/g8497__2802/Y                  -       A->Y    R     NAND2XB_X6M_A9TL       2    75    63    1809 
  u_sub/g8481__9945/Y                  -       A->Y    F     NAND2_X6M_A9TL         2    70    55    1864 
  u_sub/g8473__7098/Y                  -       A->Y    R     NAND2XB_X8M_A9TL       3    88    74    1938 
  u_sub/g8405__7482/Y                  -       A->Y    F     NAND2XB_X6M_A9TL       2    48    49    1987 
  u_sub/g8395__8246/Y                  -       AN->Y   F     NOR2B_X8M_A9TL         3    73   122    2110 
  u_sub/g8334__6131/Y                  -       A->Y    R     NAND2XB_X6M_A9TL       1    77    67    2176 
  u_sub/g8306__6131/Y                  -       B->Y    F     NAND2_X8M_A9TL         5    63    64    2240 
  gen_exp[1].u_exp/u_quad/g122__2802/Y -       AN->Y   F     NAND2B_X8M_A9TR        2    66   138    2379 
  gen_exp[1].u_exp/u_quad/g110__8428/Y -       C->Y    R     NAND3_X2M_A9TL         1   135   114    2492 
  gen_exp[1].u_exp/u_quad/g109__4319/Y -       A->Y    F     NAND2_X4M_A9TL         2    91    76    2569 
  gen_exp[1].u_exp/g295__4319/Y        -       A->Y    R     NAND2_X6M_A9TL         2    72    72    2640 
  gen_exp[1].u_exp/g291__5477/Y        -       A->Y    F     NAND2_X6M_A9TL         3    64    54    2694 
  gen_exp[1].u_exp/g288__1666/Y        -       A->Y    R     NAND3XXB_X4M_A9TL      3   144    98    2792 
  gen_exp[1].u_exp/g284__2346/Y        -       A->Y    F     NAND2XB_X4M_A9TL       3    76    73    2864 
  gen_exp[1].u_exp/g283__2883/Y        -       B0->Y   R     OAI2XB1_X2M_A9TL       2   166    98    2962 
  g3792/Y                              -       A->Y    F     NAND2_X2M_A9TL         1    77    75    3037 
  g3601/Y                              -       A->Y    R     NAND2XB_X2M_A9TL       1    76    68    3104 
  u_vec_mul_ew/b_reg_reg[1][3]/D       -       -       R     DFFQ_X2M_A9TL          1     -     0    3104 
#---------------------------------------------------------------------------------------------------------

