============================================================
  Generated by:           Genus(TM) Synthesis Solution 25.12-s067_1
  Generated on:           May 25 2026  08:17:03 pm
  Module:                 tr_softmax
  Operating conditions:   ss_typical_max_0p90v_125c (balanced_tree)
  Wireload mode:          top
  Area mode:              timing library
============================================================


Path 1: MET (112 ps) Setup Check with Pin u_vec_mul_ew/prod_reg_reg[7][15]/CK->D
          Group: reg2reg
     Startpoint: (R) u_vec_mul_ew/mode1_op_reg[1]/CK
          Clock: (R) clk
       Endpoint: (F) u_vec_mul_ew/prod_reg_reg[7][15]/D
          Clock: (R) clk

                     Capture       Launch     
        Clock Edge:+    3300            0     
       Src Latency:+       0            0     
       Net Latency:+       0 (I)        0 (I) 
           Arrival:=    3300            0     
                                              
             Setup:-      98                  
       Uncertainty:-     125                  
     Required Time:=    3077                  
      Launch Clock:-       0                  
         Data Path:-    2964                  
             Slack:=     112                  

#--------------------------------------------------------------------------------------------------------------------
#                   Timing Point                     Flags   Arc   Edge       Cell        Fanout Trans Delay Arrival 
#                                                                                                 (ps)  (ps)   (ps)  
#--------------------------------------------------------------------------------------------------------------------
  u_vec_mul_ew/mode1_op_reg[1]/CK                    -       -     R     (arrival)           212     0     0       0 
  u_vec_mul_ew/mode1_op_reg[1]/Q                     -       CK->Q F     A2DFFQ_X2M_A9TL       1    67   265     265 
  u_vec_mul_ew/fopt/Y                                -       A->Y  R     INV_X6M_A9TL         16   291   190     455 
  u_vec_mul_ew/mul_130_66_I8_Y_mul_124_58_I8_g4241/Y -       A->Y  F     INV_X4M_A9TL          1    90    87     542 
  u_vec_mul_ew/mul_130_66_I8_Y_mul_124_58_I8_g4239/Y -       B->Y  R     NOR2_X8M_A9TL         8   127   117     660 
  u_vec_mul_ew/mul_130_66_I8_Y_mul_124_58_I8_g4128/Y -       B->Y  F     NAND2_X2A_A9TL        2   110   103     763 
  u_vec_mul_ew/mul_130_66_I8_Y_mul_124_58_I8_g4119/Y -       B->Y  R     NOR2_X3A_A9TL         2   134   127     890 
  u_vec_mul_ew/mul_130_66_I8_Y_mul_124_58_I8_g4044/S -       B->S  F     ADDF_X1M_A9TL         3   153   350    1239 
  u_vec_mul_ew/mul_130_66_I8_Y_mul_124_58_I8_g4030/Y -       B->Y  R     NOR2_X1M_A9TL         1   148   145    1384 
  u_vec_mul_ew/mul_130_66_I8_Y_mul_124_58_I8_g4295/Y -       B0->Y F     AOI2XB1_X1M_A9TL      1   171   129    1513 
  u_vec_mul_ew/mul_130_66_I8_Y_mul_124_58_I8_g3971/S -       A->S  R     ADDF_X1M_A9TL         2   130   378    1891 
  u_vec_mul_ew/mul_130_66_I8_Y_mul_124_58_I8_g3968/Y -       B->Y  F     NAND2_X1A_A9TL        3   189   157    2048 
  u_vec_mul_ew/mul_130_66_I8_Y_mul_124_58_I8_g3955/Y -       A1->Y R     AOI21_X1M_A9TL        1   163   181    2229 
  u_vec_mul_ew/mul_130_66_I8_Y_mul_124_58_I8_g3947/Y -       B0->Y R     OA21_X1M_A9TL         2   134   191    2420 
  u_vec_mul_ew/mul_130_66_I8_Y_mul_124_58_I8_g3942/Y -       A1->Y F     OAI221_X1M_A9TL       1   158   163    2583 
  u_vec_mul_ew/mul_130_66_I8_Y_mul_124_58_I8_g3939/Y -       B0->Y R     AOI21_X1M_A9TL        1   178   160    2742 
  u_vec_mul_ew/mul_130_66_I8_Y_mul_124_58_I8_g3936/Y -       A->Y  F     XNOR3_X0P5M_A9TL      1   135   222    2964 
  u_vec_mul_ew/prod_reg_reg[7][15]/D                 -       -     F     DFFQ_X1M_A9TL         1     -     0    2964 
#--------------------------------------------------------------------------------------------------------------------

