============================================================
  Generated by:           Genus(TM) Synthesis Solution 25.12-s067_1
  Generated on:           May 09 2026  06:44:48 pm
  Module:                 tr_softmax
  Operating conditions:   ss_typical_max_0p90v_125c (balanced_tree)
  Wireload mode:          top
  Area mode:              timing library
============================================================


Path 1: MET (1505 ps) Late External Delay Assertion at pin valid_out
          Group: reg2out
     Startpoint: (R) u_vec_mul/out_valid_mask_reg[0]/CK
          Clock: (R) clk
       Endpoint: (F) valid_out
          Clock: (R) clk

                     Capture       Launch     
        Clock Edge:+    3300            0     
       Src Latency:+       0            0     
       Net Latency:+       0 (I)        0 (I) 
           Arrival:=    3300            0     
                                              
      Output Delay:-     990                  
       Uncertainty:-     125                  
     Required Time:=    2185                  
      Launch Clock:-       0                  
         Data Path:-     680                  
             Slack:=    1505                  

Exceptions/Constraints:
  output_delay             990             dut.sdc_line_17   

#--------------------------------------------------------------------------------------------------
#           Timing Point             Flags   Arc   Edge      Cell       Fanout Trans Delay Arrival 
#                                                                               (ps)  (ps)   (ps)  
#--------------------------------------------------------------------------------------------------
  u_vec_mul/out_valid_mask_reg[0]/CK -       -     R     (arrival)          83     0     0       0 
  u_vec_mul/out_valid_mask_reg[0]/Q  -       CK->Q F     DFFQ_X1M_A9TL       1    54   273     273 
  g3182/Y                            -       A->Y  F     AND2_X1M_A9TL       1    62   122     394 
  g3117/Y                            -       B1->Y R     AOI32_X1M_A9TL      1   202   153     547 
  g3114/Y                            -       B->Y  F     NAND2_X1A_A9TL      1   131   133     680 
  valid_out                          -       -     F     (port)              -     -     0     680 
#--------------------------------------------------------------------------------------------------

