============================================================
  Generated by:           Genus(TM) Synthesis Solution 25.12-s067_1
  Generated on:           May 03 2026  01:05:22 pm
  Module:                 tr_nonlinear_vpu
  Operating conditions:   ss_typical_max_0p90v_125c (balanced_tree)
  Wireload mode:          top
  Area mode:              timing library
============================================================


Path 1: VIOLATED (-2436 ps) Late External Delay Assertion at pin vpu_data_out[4][2]
          Group: in2out
     Startpoint: (F) sram_data_a[4][1]
          Clock: (R) clk
       Endpoint: (R) vpu_data_out[4][2]
          Clock: (R) clk

                        Capture       Launch     
           Path Delay:+    5500            -     
           Drv Adjust:+       0           32     
          Src Latency:+       0            0     
          Net Latency:+       0 (I)        0 (I) 
        Capture Clock:+       0                  
              Arrival:=    5500           32     
                                                 
         Output Delay:-    1500                  
          Uncertainty:-     125                  
        Required Time:=    3875                  
         Launch Clock:-      32                  
          Input Delay:-    1500                  
            Data Path:-    4779                  
                Slack:=   -2436                  

Exceptions/Constraints:
  max_delay                5500            tr_nonlinear_vpu.sdc_line_19         
  input_delay              1500            tr_nonlinear_vpu.sdc_line_16_31_1    
  output_delay             1500            tr_nonlinear_vpu.sdc_line_18_187_1   

#-------------------------------------------------------------------------------------------------------------------------
#                     Timing Point                      Flags    Arc   Edge       Cell         Fanout Trans Delay Arrival 
#                                                                                                      (ps)  (ps)   (ps)  
#-------------------------------------------------------------------------------------------------------------------------
  sram_data_a[4][1]                                     -       -      F     (arrival)              3    72     0    1532 
  u_alpha/g3944__2398/Y                                 -       B->Y   R     NOR2_X8M_A9TL          3   101    97    1629 
  u_alpha/g3930__5115/Y                                 -       A1->Y  F     AOI21_X6M_A9TL         1    62    77    1706 
  u_alpha/g3943__5477/Y                                 -       A0->Y  R     OAI21_X6M_A9TL         1   105    94    1800 
  u_alpha/g3924__1705/Y                                 -       B->Y   F     NAND2_X8M_A9TL         7    94    90    1890 
  u_alpha/mul_32_36_I5_g701__8246/Y                     -       A->Y   R     NAND2XB_X6M_A9TL       2    84    80    1970 
  u_alpha/mul_32_36_I5_g649__6783/Y                     -       S0->Y  R     MXIT2_X3M_A9TL         1   136    94    2064 
  u_alpha/mul_32_36_I5_g638__4319/Y                     -       S0->Y  R     MXIT2_X3M_A9TL         2   168   123    2186 
  u_alpha/mul_32_36_I5_g620__7482/Y                     -       A->Y   F     NAND2XB_X4M_A9TL       3   105    97    2284 
  u_alpha/mul_32_36_I5_g584__6417/Y                     -       A1N->Y F     AOI2XB1_X8M_A9TL       3    73   158    2442 
  u_alpha/mul_32_36_I5_g583/Y                           -       A->Y   R     INV_X2M_A9TL           1    71    72    2513 
  u_alpha/mul_32_36_I5_g571__7482/Y                     -       B0->Y  F     AOI21_X6M_A9TL         1    63    56    2570 
  u_alpha/mul_32_36_I5_g564__8246/Y                     -       A0->Y  R     OAI2XB1_X8M_A9TL       1    76    78    2648 
  u_alpha/mul_32_36_I5_g563__5122/Y                     -       S0->Y  R     MXIT2_X3M_A9TL         1   148    93    2741 
  u_alpha/fopt4318/Y                                    -       A->Y   F     INV_X6B_A9TL           2    71    76    2816 
  u_alpha/g3903__6260/Y                                 -       A->Y   R     NAND2_X8B_A9TL         2    55    54    2870 
  u_alpha/g3900__2398/Y                                 -       A->Y   F     NOR2_X8A_A9TL          2    81    45    2916 
  u_alpha/g3892__2346/Y                                 -       C->Y   R     NAND3_X6M_A9TL         1   102   100    3016 
  u_alpha/g3923__2802/Y                                 -       B->Y   F     NAND2B_X8M_A9TL        2    58    64    3081 
  u_alpha/g3891__2883/Y                                 -       A->Y   R     NAND2_X8M_A9TL         2    67    60    3141 
  u_alpha/g3884__5115/Y                                 -       A->Y   F     NAND3XXB_X6M_A9TL      2    89    72    3213 
  u_alpha/fopt4139/Y                                    -       A->Y   R     INV_X6M_A9TL           3    56    60    3273 
  u_alpha/fopt4136/Y                                    -       A->Y   F     INV_X3P5M_A9TL         1    40    44    3317 
  u_alpha/g3876__5122/Y                                 -       A0->Y  R     OAI2XB1_X8M_A9TL       2    88    78    3395 
  g3276/Y                                               -       A0->Y  F     AOI21_X6M_A9TL         1    63    68    3463 
  g3263/Y                                               -       A->Y   R     NAND2_X6A_A9TL         2    79    56    3519 
  u_backbone/u_pre_ln/g4250/Y                           -       A->Y   F     NAND2_X8M_A9TL         2    90    56    3575 
  u_backbone/u_pre_ln/g4165/Y                           -       B->Y   R     NOR2_X8A_A9TL          5   151   131    3706 
  u_backbone/u_pre_ln/g4160/Y                           -       A->Y   F     INV_X1M_A9TL           1    80    88    3794 
  u_backbone/u_pre_ln/g4046/Y                           -       A->Y   F     AND2_X4M_A9TL          2    48   117    3911 
  u_backbone/gen_tr_lanes[4].u_tr_ln/g3682/Y            -       A->Y   R     INV_X4B_A9TL           1    34    36    3947 
  u_backbone/gen_tr_lanes[4].u_tr_ln/g3631/Y            -       BN->Y  R     NOR2XB_X8M_A9TL        4   110   133    4080 
  u_backbone/gen_tr_lanes[4].u_tr_ln/g3580/Y            -       B->Y   F     NAND3XXB_X6M_A9TL      2    83    84    4164 
  u_backbone/gen_tr_lanes[4].u_tr_ln/g3559/Y            -       A->Y   R     NOR2XB_X8M_A9TL        3    87    81    4246 
  u_backbone/gen_tr_lanes[4].u_tr_ln/g3531/Y            -       CN->Y  R     NAND3XXB_X6M_A9TL      1    98   140    4386 
  u_backbone/gen_tr_lanes[4].u_tr_ln/g3508/Y            -       B->Y   F     NAND2_X6M_A9TL         2    64    71    4458 
  u_backbone/gen_tr_lanes[4].u_tr_ln/g3500/Y            -       B->Y   F     AND2_X6M_A9TL          2    43   116    4574 
  u_backbone/gen_tr_lanes[4].u_tr_ln/g3469/Y            -       A->Y   F     XOR2_X4M_A9TL          2    93    83    4657 
  u_backbone/gen_tr_lanes[4].u_tr_ln/g3446/Y            -       C->Y   R     NAND3_X6A_A9TL         3   147   132    4789 
  u_backbone/gen_tr_lanes[4].u_tr_ln/g3438/CON          -       A->CON F     CGENI_X2M_A9TL         1   128   122    4911 
  u_backbone/gen_tr_lanes[4].u_tr_ln/fopt3739/Y         -       A->Y   R     INV_X4M_A9TL           3    88    94    5004 
  u_backbone/gen_tr_lanes[4].u_tr_ln/g3432/Y            -       S0->Y  R     MXIT2_X4M_A9TL         2   164   111    5115 
  u_backbone/u_post_ln/g6738/Y                          -       CN->Y  R     NAND3XXB_X6M_A9TL      2   125   179    5294 
  u_backbone/u_post_ln/g6595/Y                          -       B->Y   F     NAND2_X6A_A9TL         1    54    70    5364 
  u_backbone/u_post_ln/g6554/Y                          -       A->Y   R     NAND2XB_X6M_A9TL       1    68    56    5420 
  u_backbone/u_post_ln/g6488/Y                          -       B0->Y  F     OAI21_X8M_A9TL         1    58    59    5479 
  u_backbone/u_post_ln/g6474/Y                          -       A->Y   R     NAND2XB_X8M_A9TL       3    72    61    5540 
  u_backbone/gen_tr_exp_lanes[4].u_tr_exp/u_quad/fopt/Y -       A->Y   F     INV_X1P4M_A9TL         1    51    58    5598 
  u_backbone/gen_tr_exp_lanes[4].u_tr_exp/u_quad/g92/Y  -       A->Y   R     NOR3_X4M_A9TL          1   109    86    5684 
  u_backbone/gen_tr_exp_lanes[4].u_tr_exp/g290/CO       -       B->CO  R     ADDFH_X2M_A9TL         2   128   300    5984 
  u_backbone/gen_tr_exp_lanes[4].u_tr_exp/fopt302/Y     -       A->Y   F     INV_X1M_A9TL           1   116   109    6093 
  u_backbone/gen_tr_exp_lanes[4].u_tr_exp/g286/Y        -       A0->Y  R     AOI2XB1_X6M_A9TL       2    99   112    6205 
  g3867/Y                                               -       A->Y   F     NAND2_X6M_A9TL         1    44    45    6250 
  g3524/Y                                               -       C0->Y  R     OAI211_X4M_A9TL        1   124    61    6311 
  vpu_data_out[4][2]                                    -       -      R     (port)                 -     -     0    6311 
#-------------------------------------------------------------------------------------------------------------------------

