============================================================
  Generated by:           Genus(TM) Synthesis Solution 25.12-s067_1
  Generated on:           May 03 2026  01:05:22 pm
  Module:                 tr_nonlinear_vpu
  Operating conditions:   ss_typical_max_0p90v_125c (balanced_tree)
  Wireload mode:          top
  Area mode:              timing library
============================================================


Path 1: MET (0 ps) Late External Delay Assertion at pin vpu_data_out[5][3]
          Group: reg2out
     Startpoint: (R) u_mac/out_dot_reg[4]/CK
          Clock: (R) clk
       Endpoint: (R) vpu_data_out[5][3]
          Clock: (R) clk

                     Capture       Launch     
        Clock Edge:+    5000            0     
       Src Latency:+       0            0     
       Net Latency:+       0 (I)        0 (I) 
           Arrival:=    5000            0     
                                              
      Output Delay:-    1500                  
       Uncertainty:-     125                  
     Required Time:=    3375                  
      Launch Clock:-       0                  
         Data Path:-    3375                  
             Slack:=       0                  

Exceptions/Constraints:
  output_delay             1500            tr_nonlinear_vpu.sdc_line_18_178_1   

#----------------------------------------------------------------------------------------------------------------------------
#                      Timing Point                        Flags    Arc   Edge       Cell         Fanout Trans Delay Arrival 
#                                                                                                         (ps)  (ps)   (ps)  
#----------------------------------------------------------------------------------------------------------------------------
  u_mac/out_dot_reg[4]/CK                                  -       -      R     (arrival)             32     0     0       0 
  u_mac/out_dot_reg[4]/Q                                   -       CK->Q  R     DFFQ_X4M_A9TL          4    94   260     260 
  g2987/Y                                                  -       A->Y   F     NAND2_X8A_A9TL         3   118    89     349 
  g3348/Y                                                  -       A->Y   R     INV_X16M_A9TL          6    71    77     426 
  g3273/Y                                                  -       B0->Y  F     AOI21_X8M_A9TL         1    61    50     476 
  g3257/Y                                                  -       A->Y   R     NAND2_X6M_A9TL         2    99    66     542 
  u_backbone/u_pre_ln/g4251/Y                              -       A->Y   F     NAND2_X8M_A9TL         2    86    56     598 
  u_backbone/u_pre_ln/fopt4418/Y                           -       A->Y   R     INV_X6M_A9TL           2    55    60     657 
  u_backbone/u_pre_ln/g4135/Y                              -       A->Y   R     AND3_X8M_A9TL          2    63   107     764 
  u_backbone/u_pre_ln/fopt4436/Y                           -       A->Y   F     INV_X9M_A9TL           3    32    38     802 
  u_backbone/u_pre_ln/g4123/Y                              -       A->Y   R     NOR2XB_X8M_A9TL        4   131    92     894 
  u_backbone/u_pre_ln/g4008/Y                              -       A->Y   F     NAND2XB_X6M_A9TL       2    70    68     962 
  u_backbone/u_pre_ln/g3934/Y                              -       A->Y   R     NAND2XB_X4M_A9TL       1    68    62    1024 
  u_backbone/u_pre_ln/g3926/Y                              -       A->Y   R     AND2_X6M_A9TL          5    80   123    1147 
  u_backbone/gen_tr_lanes[5].u_tr_ln/g3615/Y               -       BN->Y  R     NAND2XB_X8M_A9TL       3    94   132    1279 
  u_backbone/gen_tr_lanes[5].u_tr_ln/g3576/Y               -       BN->Y  R     NAND2XB_X8M_A9TL       2    80   128    1407 
  u_backbone/gen_tr_lanes[5].u_tr_ln/g3568/Y               -       A->Y   F     INV_X7P5B_A9TL         3    59    62    1470 
  u_backbone/gen_tr_lanes[5].u_tr_ln/g3538/Y               -       A->Y   R     NAND2_X4M_A9TL         1    87    74    1544 
  u_backbone/gen_tr_lanes[5].u_tr_ln/g3527/Y               -       B->Y   F     NAND2_X8M_A9TL         4    62    64    1607 
  u_backbone/gen_tr_lanes[5].u_tr_ln/g3508/Y               -       A->Y   R     NOR2XB_X8M_A9TL        2    89    78    1685 
  u_backbone/gen_tr_lanes[5].u_tr_ln/g3506/Y               -       A->Y   F     INV_X2P5M_A9TL         2    60    66    1751 
  u_backbone/gen_tr_lanes[5].u_tr_ln/g3491/Y               -       A->Y   R     NAND2XB_X4M_A9TL       1    66    57    1808 
  u_backbone/gen_tr_lanes[5].u_tr_ln/g3455/Y               -       B->Y   R     AND3_X4M_A9TL          2    86   141    1949 
  u_backbone/gen_tr_lanes[5].u_tr_ln/g3441/Y               -       B0->Y  F     AOI2XB1_X8M_A9TL       2    73    63    2012 
  u_backbone/gen_tr_lanes[5].u_tr_ln/g3438/Y               -       A->Y   R     NOR2_X8A_A9TL          2    84    80    2091 
  u_backbone/gen_tr_lanes[5].u_tr_ln/fopt1/Y               -       A->Y   F     INV_X4M_A9TL           2    42    48    2139 
  u_backbone/gen_tr_lanes[5].u_tr_ln/g3431/Y               -       A->Y   R     NAND3XXB_X6M_A9TL      1   107    69    2208 
  u_backbone/gen_tr_lanes[5].u_tr_ln/g3427/Y               -       B->Y   F     NAND2_X8M_A9TL         3    72    72    2280 
  u_backbone/u_post_ln/g6887/Y                             -       A->Y   R     NOR2_X8A_A9TL          3    82    77    2357 
  u_backbone/u_post_ln/g6816/Y                             -       A->Y   F     NAND2_X4M_A9TL         2    77    69    2427 
  u_backbone/u_post_ln/g6629/Y                             -       B->Y   R     NAND3XXB_X6M_A9TL      1    92    82    2508 
  u_backbone/u_post_ln/g6496/Y                             -       C->Y   F     NAND3_X6A_A9TL         2    75    83    2592 
  u_backbone/gen_tr_exp_lanes[5].u_tr_exp/u_quad/fopt103/Y -       A->Y   R     INV_X6M_A9TL           2    51    56    2647 
  u_backbone/gen_tr_exp_lanes[5].u_tr_exp/u_quad/g95/Y     -       A->Y   F     NAND2_X6M_A9TL         1    38    39    2686 
  u_backbone/gen_tr_exp_lanes[5].u_tr_exp/u_quad/g93/Y     -       A->Y   F     AND2_X8M_A9TL          2    40    92    2778 
  u_backbone/gen_tr_exp_lanes[5].u_tr_exp/fopt/Y           -       A->Y   R     INV_X6M_A9TL           1    41    40    2817 
  u_backbone/gen_tr_exp_lanes[5].u_tr_exp/g293/Y           -       A->Y   F     NOR2_X8A_A9TL          2    38    36    2853 
  u_backbone/gen_tr_exp_lanes[5].u_tr_exp/g290/CO          -       CI->CO F     ADDFH_X2M_A9TL         2   117   214    3067 
  u_backbone/gen_tr_exp_lanes[5].u_tr_exp/g288/Y           -       A->Y   R     NAND2_X8A_A9TL         2    62    69    3136 
  u_backbone/gen_tr_exp_lanes[5].u_tr_exp/g2/Y             -       A->Y   F     NAND2_X4A_A9TL         3    91    77    3213 
  u_backbone/gen_tr_exp_lanes[5].u_tr_exp/g282/Y           -       B->Y   R     NAND2_X6A_A9TL         2    58    68    3281 
  g3894/Y                                                  -       A->Y   F     NAND2_X6M_A9TL         1    42    41    3322 
  g3554/Y                                                  -       A->Y   R     NAND3_X6A_A9TL         1    94    53    3375 
  vpu_data_out[5][3]                                       -       -      R     (port)                 -     -     0    3375 
#----------------------------------------------------------------------------------------------------------------------------

