============================================================
  Generated by:           Genus(TM) Synthesis Solution 25.12-s067_1
  Generated on:           Mar 16 2026  04:47:54 pm
  Module:                 vec_mac_su
  Operating conditions:   ss_typical_max_0p90v_125c (balanced_tree)
  Wireload mode:          top
  Area mode:              timing library
============================================================


Path 1: MET (1716 ps) Setup Check with Pin out_dot_reg[31]/clk->d
          Group: in2reg
     Startpoint: (R) rst_n
          Clock: (R) clk
       Endpoint: (R) out_dot_reg[31]/d
          Clock: (R) clk

                     Capture       Launch     
        Clock Edge:+    3000            0     
        Drv Adjust:+       0            0     
       Src Latency:+       0            0     
       Net Latency:+       0 (I)        0 (I) 
           Arrival:=    3000            0     
                                              
             Setup:-      64                  
       Uncertainty:-     125                  
     Required Time:=    2810                  
      Launch Clock:-       0                  
       Input Delay:-     900                  
         Data Path:-     194                  
             Slack:=    1716                  

Exceptions/Constraints:
  input_delay             900             vec_mac_su.sdc_line_16   

#--------------------------------------------------------------------------------------
#   Timing Point    Flags    Arc    Edge       Cell         Fanout Trans Delay Arrival 
#                                                                   (ps)  (ps)   (ps)  
#--------------------------------------------------------------------------------------
  rst_n             (i,u)   -       R     (arrival)             52     0     0     900 
  g1329/z           (u)     in_1->z F     unmapped_nand2        13     0   134    1034 
  g1503/z           (u)     in_1->z R     unmapped_complex2      1     0    61    1094 
  out_dot_reg[31]/d -       -       R     unmapped_d_flop        1     -     0    1094 
#--------------------------------------------------------------------------------------

(u) : Net has unmapped pin(s).
(i) : Net is ideal.

