============================================================
  Generated by:           Genus(TM) Synthesis Solution 25.12-s067_1
  Generated on:           Mar 12 2026  01:04:26 pm
  Module:                 vec_mac_su
  Operating conditions:   ss_typical_max_0p90v_125c (balanced_tree)
  Wireload mode:          top
  Area mode:              timing library
============================================================


Path 1: MET (1518 ps) Setup Check with Pin out_dot_reg[31]/CK->D
          Group: reg2reg
     Startpoint: (R) vec_sum_reg_reg[0]/CK
          Clock: (R) clk
       Endpoint: (R) out_dot_reg[31]/D
          Clock: (R) clk

                     Capture       Launch     
        Clock Edge:+   10000            0     
       Src Latency:+       0            0     
       Net Latency:+       0 (I)        0 (I) 
           Arrival:=   10000            0     
                                              
             Setup:-      80                  
       Uncertainty:-     125                  
     Required Time:=    9795                  
      Launch Clock:-       0                  
         Data Path:-    8277                  
             Slack:=    1518                  

#-----------------------------------------------------------------------------------------
#     Timing Point      Flags    Arc   Edge       Cell         Fanout Trans Delay Arrival 
#                                                                      (ps)  (ps)   (ps)  
#-----------------------------------------------------------------------------------------
  vec_sum_reg_reg[0]/CK -       -      R     (arrival)             29     0     0       0 
  vec_sum_reg_reg[0]/Q  -       CK->Q  F     A2DFFQ_X0P5M_A9TL      2   152   351     351 
  add_165_46_g1080/CO   -       B->CO  F     ADDH_X1M_A9TL          1    85   175     526 
  add_165_46_g1079/CO   -       A->CO  F     ADDF_X1M_A9TL          1   112   242     767 
  add_165_46_g1078/CO   -       A->CO  F     ADDF_X1M_A9TL          1   112   251    1018 
  add_165_46_g1077/CO   -       A->CO  F     ADDF_X1M_A9TL          1   112   251    1270 
  add_165_46_g1076/CO   -       A->CO  F     ADDF_X1M_A9TL          1   112   251    1521 
  add_165_46_g1075/CO   -       A->CO  F     ADDF_X1M_A9TL          1   112   251    1772 
  add_165_46_g1074/CO   -       A->CO  F     ADDF_X1M_A9TL          1   112   251    2023 
  add_165_46_g1073/CO   -       A->CO  F     ADDF_X1M_A9TL          1   112   251    2274 
  add_165_46_g1072/CO   -       A->CO  F     ADDF_X1M_A9TL          1   112   251    2525 
  add_165_46_g1071/CO   -       A->CO  F     ADDF_X1M_A9TL          1   112   251    2776 
  add_165_46_g1070/CO   -       A->CO  F     ADDF_X1M_A9TL          1   112   251    3027 
  add_165_46_g1069/CO   -       A->CO  F     ADDF_X1M_A9TL          1   112   251    3278 
  add_165_46_g1068/CO   -       A->CO  F     ADDF_X1M_A9TL          1   112   251    3530 
  add_165_46_g1067/CO   -       A->CO  F     ADDF_X1M_A9TL          1   112   251    3781 
  add_165_46_g1066/CO   -       A->CO  F     ADDF_X1M_A9TL          1   112   251    4032 
  add_165_46_g1065/CO   -       A->CO  F     ADDF_X1M_A9TL          1   112   251    4283 
  add_165_46_g1064/CO   -       A->CO  F     ADDF_X1M_A9TL          1   112   251    4534 
  add_165_46_g1063/CO   -       A->CO  F     ADDF_X1M_A9TL          1   112   251    4785 
  add_165_46_g1062/CO   -       A->CO  F     ADDF_X1M_A9TL          3   138   270    5055 
  add_165_46_g1061/Y    -       B->Y   R     NOR2_X1B_A9TL          2   218   182    5237 
  add_165_46_g1058/Y    -       AN->Y  R     NOR2B_X1M_A9TL         2   224   246    5482 
  add_165_46_g1055/Y    -       AN->Y  R     NOR2B_X1M_A9TL         2   224   247    5730 
  add_165_46_g1052/Y    -       AN->Y  R     NOR2B_X1M_A9TL         2   224   247    5977 
  add_165_46_g1048/Y    -       AN->Y  R     NOR2B_X1M_A9TL         2   224   247    6225 
  add_165_46_g1044/Y    -       AN->Y  R     NOR2B_X1M_A9TL         2   224   247    6472 
  add_165_46_g1039/Y    -       AN->Y  R     NOR2B_X1M_A9TL         2   224   247    6720 
  add_165_46_g1035/Y    -       AN->Y  R     NOR2B_X1M_A9TL         2   224   247    6967 
  add_165_46_g1032/Y    -       AN->Y  R     NOR2B_X1M_A9TL         2   224   247    7214 
  add_165_46_g1028/Y    -       AN->Y  R     NOR2B_X1M_A9TL         2   221   246    7460 
  add_165_46_g1022/Y    -       A1N->Y R     OAI2XB1_X1M_A9TL       2   260   287    7747 
  add_165_46_g1016/Y    -       A->Y   F     NAND2_X1B_A9TL         1   138   141    7888 
  add_165_46_g1014/Y    -       A->Y   R     XOR3_X0P5M_A9TL        1   134   221    8109 
  g2749__1666/Y         -       A0->Y  R     AO21B_X1M_A9TL         1   107   169    8277 
  out_dot_reg[31]/D     -       -      R     DFFQ_X1M_A9TL          1     -     0    8277 
#-----------------------------------------------------------------------------------------

