============================================================
  Generated by:           Genus(TM) Synthesis Solution 25.12-s067_1
  Generated on:           Mar 26 2026  02:03:05 pm
  Operating conditions:   ss_typical_max_0p90v_125c (balanced_tree)
  Wireload mode:          top
  Area mode:              timing library
============================================================

                                                                                       
       Gate         Instances    Area                       Library                    
---------------------------------------------------------------------------------------
A2DFFQ_X0P5M_A9TL          31   223.200 sc9_cln65lp_base_lvt_ss_typical_max_0p90v_125c 
A2DFFQ_X0P5M_A9TR           3    21.600 sc9_cln65lp_base_rvt_ss_typical_max_0p90v_125c 
A2DFFQ_X1M_A9TL             3    22.680 sc9_cln65lp_base_lvt_ss_typical_max_0p90v_125c 
A2DFFQ_X4M_A9TL             8    72.000 sc9_cln65lp_base_lvt_ss_typical_max_0p90v_125c 
ADDFH_X1M_A9TL              3    33.480 sc9_cln65lp_base_lvt_ss_typical_max_0p90v_125c 
ADDFH_X2M_A9TL              6    71.280 sc9_cln65lp_base_lvt_ss_typical_max_0p90v_125c 
ADDF_X1M_A9TL              98   776.160 sc9_cln65lp_base_lvt_ss_typical_max_0p90v_125c 
ADDF_X1P4M_A9TL             3    28.080 sc9_cln65lp_base_lvt_ss_typical_max_0p90v_125c 
ADDF_X2M_A9TL               8    74.880 sc9_cln65lp_base_lvt_ss_typical_max_0p90v_125c 
ADDH_X1M_A9TL               9    42.120 sc9_cln65lp_base_lvt_ss_typical_max_0p90v_125c 
ADDH_X1P4M_A9TL             1     5.760 sc9_cln65lp_base_lvt_ss_typical_max_0p90v_125c 
AND2_X11M_A9TL              4    44.640 sc9_cln65lp_base_lvt_ss_typical_max_0p90v_125c 
AND2_X1M_A9TH               1     1.800 sc9_cln65lp_base_hvt_ss_typical_max_0p90v_125c 
AND2_X1M_A9TL              92   165.600 sc9_cln65lp_base_lvt_ss_typical_max_0p90v_125c 
AND2_X2M_A9TL              24    60.480 sc9_cln65lp_base_lvt_ss_typical_max_0p90v_125c 
AND2_X3M_A9TL               5    19.800 sc9_cln65lp_base_lvt_ss_typical_max_0p90v_125c 
AND2_X4M_A9TL              11    47.520 sc9_cln65lp_base_lvt_ss_typical_max_0p90v_125c 
AND2_X6M_A9TL               4    24.480 sc9_cln65lp_base_lvt_ss_typical_max_0p90v_125c 
AND2_X8M_A9TL               4    31.680 sc9_cln65lp_base_lvt_ss_typical_max_0p90v_125c 
AND3_X1M_A9TL              17    42.840 sc9_cln65lp_base_lvt_ss_typical_max_0p90v_125c 
AND3_X2M_A9TL               5    21.600 sc9_cln65lp_base_lvt_ss_typical_max_0p90v_125c 
AND3_X6M_A9TL               1    10.080 sc9_cln65lp_base_lvt_ss_typical_max_0p90v_125c 
AO1B2_X1M_A9TL              1     2.520 sc9_cln65lp_base_lvt_ss_typical_max_0p90v_125c 
AO1B2_X2M_A9TL              4    14.400 sc9_cln65lp_base_lvt_ss_typical_max_0p90v_125c 
AO1B2_X4M_A9TL              1     6.120 sc9_cln65lp_base_lvt_ss_typical_max_0p90v_125c 
AO21B_X1M_A9TL              2     5.040 sc9_cln65lp_base_lvt_ss_typical_max_0p90v_125c 
AO21B_X2M_A9TL             11    39.600 sc9_cln65lp_base_lvt_ss_typical_max_0p90v_125c 
AO21B_X3M_A9TL              1     5.400 sc9_cln65lp_base_lvt_ss_typical_max_0p90v_125c 
AO21B_X6M_A9TL              1     9.000 sc9_cln65lp_base_lvt_ss_typical_max_0p90v_125c 
AO21_X1M_A9TL              10    28.800 sc9_cln65lp_base_lvt_ss_typical_max_0p90v_125c 
AO21_X2M_A9TL               1     4.680 sc9_cln65lp_base_lvt_ss_typical_max_0p90v_125c 
AO22_X1M_A9TL               1     3.240 sc9_cln65lp_base_lvt_ss_typical_max_0p90v_125c 
AOI211_X4M_A9TL             1     7.560 sc9_cln65lp_base_lvt_ss_typical_max_0p90v_125c 
AOI21B_X0P7M_A9TH           1     2.880 sc9_cln65lp_base_hvt_ss_typical_max_0p90v_125c 
AOI21B_X1M_A9TL             1     2.880 sc9_cln65lp_base_lvt_ss_typical_max_0p90v_125c 
AOI21B_X1M_A9TR             2     5.760 sc9_cln65lp_base_rvt_ss_typical_max_0p90v_125c 
AOI21B_X2M_A9TL             2     8.640 sc9_cln65lp_base_lvt_ss_typical_max_0p90v_125c 
AOI21_X0P7M_A9TH            2     4.320 sc9_cln65lp_base_hvt_ss_typical_max_0p90v_125c 
AOI21_X0P7M_A9TL            2     4.320 sc9_cln65lp_base_lvt_ss_typical_max_0p90v_125c 
AOI21_X1M_A9TL             68   146.880 sc9_cln65lp_base_lvt_ss_typical_max_0p90v_125c 
AOI21_X2M_A9TL             18    64.800 sc9_cln65lp_base_lvt_ss_typical_max_0p90v_125c 
AOI21_X3M_A9TL              8    37.440 sc9_cln65lp_base_lvt_ss_typical_max_0p90v_125c 
AOI21_X4M_A9TL              2    12.240 sc9_cln65lp_base_lvt_ss_typical_max_0p90v_125c 
AOI21_X6M_A9TL              5    45.000 sc9_cln65lp_base_lvt_ss_typical_max_0p90v_125c 
AOI21_X8M_A9TL              1    11.880 sc9_cln65lp_base_lvt_ss_typical_max_0p90v_125c 
AOI221_X1M_A9TL             7    22.680 sc9_cln65lp_base_lvt_ss_typical_max_0p90v_125c 
AOI22_X1M_A9TL              1     2.520 sc9_cln65lp_base_lvt_ss_typical_max_0p90v_125c 
AOI2XB1_X1M_A9TL           14    40.320 sc9_cln65lp_base_lvt_ss_typical_max_0p90v_125c 
AOI2XB1_X2M_A9TL            2     8.640 sc9_cln65lp_base_lvt_ss_typical_max_0p90v_125c 
AOI2XB1_X3M_A9TL            1     5.760 sc9_cln65lp_base_lvt_ss_typical_max_0p90v_125c 
AOI2XB1_X4M_A9TL            3    22.680 sc9_cln65lp_base_lvt_ss_typical_max_0p90v_125c 
AOI2XB1_X6M_A9TL            3    31.320 sc9_cln65lp_base_lvt_ss_typical_max_0p90v_125c 
AOI2XB1_X8M_A9TL            2    27.360 sc9_cln65lp_base_lvt_ss_typical_max_0p90v_125c 
AOI32_X1M_A9TL              9    25.920 sc9_cln65lp_base_lvt_ss_typical_max_0p90v_125c 
BUFH_X1M_A9TL               1     1.440 sc9_cln65lp_base_lvt_ss_typical_max_0p90v_125c 
BUFH_X1P4M_A9TL             5    10.800 sc9_cln65lp_base_lvt_ss_typical_max_0p90v_125c 
BUF_X0P7M_A9TR              1     1.440 sc9_cln65lp_base_rvt_ss_typical_max_0p90v_125c 
BUF_X13B_A9TR               1     8.640 sc9_cln65lp_base_rvt_ss_typical_max_0p90v_125c 
BUF_X13M_A9TL               1     8.640 sc9_cln65lp_base_lvt_ss_typical_max_0p90v_125c 
BUF_X1M_A9TH                2     2.880 sc9_cln65lp_base_hvt_ss_typical_max_0p90v_125c 
BUF_X1P2M_A9TR              1     2.160 sc9_cln65lp_base_rvt_ss_typical_max_0p90v_125c 
BUF_X2M_A9TL                5    10.800 sc9_cln65lp_base_lvt_ss_typical_max_0p90v_125c 
BUF_X3M_A9TL                2     5.040 sc9_cln65lp_base_lvt_ss_typical_max_0p90v_125c 
BUF_X4B_A9TL                1     3.600 sc9_cln65lp_base_lvt_ss_typical_max_0p90v_125c 
BUF_X5M_A9TL                1     3.960 sc9_cln65lp_base_lvt_ss_typical_max_0p90v_125c 
BUF_X6M_A9TL                4    17.280 sc9_cln65lp_base_lvt_ss_typical_max_0p90v_125c 
BUF_X9M_A9TL                2    12.240 sc9_cln65lp_base_lvt_ss_typical_max_0p90v_125c 
CGENCIN_X1M_A9TL            1     7.200 sc9_cln65lp_base_lvt_ss_typical_max_0p90v_125c 
CGENI_X1M_A9TL             40   115.200 sc9_cln65lp_base_lvt_ss_typical_max_0p90v_125c 
CGENI_X2M_A9TL             18    97.200 sc9_cln65lp_base_lvt_ss_typical_max_0p90v_125c 
CGEN_X1M_A9TL              98   352.800 sc9_cln65lp_base_lvt_ss_typical_max_0p90v_125c 
CGEN_X1M_A9TR               5    18.000 sc9_cln65lp_base_rvt_ss_typical_max_0p90v_125c 
CGEN_X2M_A9TL               6    23.760 sc9_cln65lp_base_lvt_ss_typical_max_0p90v_125c 
CGEN_X2M_A9TR               1     3.960 sc9_cln65lp_base_rvt_ss_typical_max_0p90v_125c 
DFFQN_X2M_A9TL              1     8.280 sc9_cln65lp_base_lvt_ss_typical_max_0p90v_125c 
DFFQ_X1M_A9TL             192  1451.520 sc9_cln65lp_base_lvt_ss_typical_max_0p90v_125c 
DFFQ_X2M_A9TL               8    66.240 sc9_cln65lp_base_lvt_ss_typical_max_0p90v_125c 
DFFRPQN_X1M_A9TL            3    24.840 sc9_cln65lp_base_lvt_ss_typical_max_0p90v_125c 
DFFRPQ_X1M_A9TL           194  1676.160 sc9_cln65lp_base_lvt_ss_typical_max_0p90v_125c 
DFFRPQ_X2M_A9TL             5    45.000 sc9_cln65lp_base_lvt_ss_typical_max_0p90v_125c 
INV_X0P8M_A9TL              7     7.560 sc9_cln65lp_base_lvt_ss_typical_max_0p90v_125c 
INV_X13M_A9TL               1     6.840 sc9_cln65lp_base_lvt_ss_typical_max_0p90v_125c 
INV_X1B_A9TH                5     5.400 sc9_cln65lp_base_hvt_ss_typical_max_0p90v_125c 
INV_X1B_A9TL                1     1.080 sc9_cln65lp_base_lvt_ss_typical_max_0p90v_125c 
INV_X1M_A9TL              173   186.840 sc9_cln65lp_base_lvt_ss_typical_max_0p90v_125c 
INV_X1P4M_A9TL              3     4.320 sc9_cln65lp_base_lvt_ss_typical_max_0p90v_125c 
INV_X2B_A9TL                1     1.440 sc9_cln65lp_base_lvt_ss_typical_max_0p90v_125c 
INV_X2M_A9TL              131   188.640 sc9_cln65lp_base_lvt_ss_typical_max_0p90v_125c 
INV_X2M_A9TR                1     1.440 sc9_cln65lp_base_rvt_ss_typical_max_0p90v_125c 
INV_X2P5M_A9TL              3     6.480 sc9_cln65lp_base_lvt_ss_typical_max_0p90v_125c 
INV_X3M_A9TL               54   116.640 sc9_cln65lp_base_lvt_ss_typical_max_0p90v_125c 
INV_X3P5M_A9TL              1     2.520 sc9_cln65lp_base_lvt_ss_typical_max_0p90v_125c 
INV_X3P5M_A9TR              2     5.040 sc9_cln65lp_base_rvt_ss_typical_max_0p90v_125c 
INV_X4B_A9TL                1     2.520 sc9_cln65lp_base_lvt_ss_typical_max_0p90v_125c 
INV_X4M_A9TL               47   118.440 sc9_cln65lp_base_lvt_ss_typical_max_0p90v_125c 
INV_X5B_A9TR                1     2.880 sc9_cln65lp_base_rvt_ss_typical_max_0p90v_125c 
INV_X5M_A9TL               16    46.080 sc9_cln65lp_base_lvt_ss_typical_max_0p90v_125c 
INV_X6B_A9TL                1     3.600 sc9_cln65lp_base_lvt_ss_typical_max_0p90v_125c 
INV_X6M_A9TL                4    14.400 sc9_cln65lp_base_lvt_ss_typical_max_0p90v_125c 
INV_X7P5B_A9TL              2     8.640 sc9_cln65lp_base_lvt_ss_typical_max_0p90v_125c 
INV_X7P5M_A9TL             11    47.520 sc9_cln65lp_base_lvt_ss_typical_max_0p90v_125c 
INV_X9B_A9TL                1     4.680 sc9_cln65lp_base_lvt_ss_typical_max_0p90v_125c 
INV_X9M_A9TL                3    14.040 sc9_cln65lp_base_lvt_ss_typical_max_0p90v_125c 
MX2_X6B_A9TL                1    12.960 sc9_cln65lp_base_lvt_ss_typical_max_0p90v_125c 
MXIT2_X1M_A9TL             15    54.000 sc9_cln65lp_base_lvt_ss_typical_max_0p90v_125c 
MXIT2_X2M_A9TL             13    84.240 sc9_cln65lp_base_lvt_ss_typical_max_0p90v_125c 
MXIT2_X3M_A9TL             13    98.280 sc9_cln65lp_base_lvt_ss_typical_max_0p90v_125c 
MXIT2_X4M_A9TL              8    80.640 sc9_cln65lp_base_lvt_ss_typical_max_0p90v_125c 
MXT2_X0P7M_A9TL             6    21.600 sc9_cln65lp_base_lvt_ss_typical_max_0p90v_125c 
MXT2_X6M_A9TL               2    20.880 sc9_cln65lp_base_lvt_ss_typical_max_0p90v_125c 
NAND2B_X0P7M_A9TL           1     2.160 sc9_cln65lp_base_lvt_ss_typical_max_0p90v_125c 
NAND2B_X1M_A9TL            65   140.400 sc9_cln65lp_base_lvt_ss_typical_max_0p90v_125c 
NAND2B_X2M_A9TL             5    14.400 sc9_cln65lp_base_lvt_ss_typical_max_0p90v_125c 
NAND2B_X2M_A9TR             1     2.880 sc9_cln65lp_base_rvt_ss_typical_max_0p90v_125c 
NAND2B_X3M_A9TL             3    11.880 sc9_cln65lp_base_lvt_ss_typical_max_0p90v_125c 
NAND2B_X4M_A9TL             2     9.360 sc9_cln65lp_base_lvt_ss_typical_max_0p90v_125c 
NAND2B_X6M_A9TL             1     6.840 sc9_cln65lp_base_lvt_ss_typical_max_0p90v_125c 
NAND2XB_X1M_A9TL           13    28.080 sc9_cln65lp_base_lvt_ss_typical_max_0p90v_125c 
NAND2XB_X1P4M_A9TL          1     2.880 sc9_cln65lp_base_lvt_ss_typical_max_0p90v_125c 
NAND2XB_X2M_A9TL            8    23.040 sc9_cln65lp_base_lvt_ss_typical_max_0p90v_125c 
NAND2XB_X3M_A9TL           14    55.440 sc9_cln65lp_base_lvt_ss_typical_max_0p90v_125c 
NAND2XB_X4M_A9TL            6    28.080 sc9_cln65lp_base_lvt_ss_typical_max_0p90v_125c 
NAND2XB_X6M_A9TL           13    88.920 sc9_cln65lp_base_lvt_ss_typical_max_0p90v_125c 
NAND2XB_X8M_A9TL            8    69.120 sc9_cln65lp_base_lvt_ss_typical_max_0p90v_125c 
NAND2_X1A_A9TL            221   318.240 sc9_cln65lp_base_lvt_ss_typical_max_0p90v_125c 
NAND2_X1B_A9TL              7    10.080 sc9_cln65lp_base_lvt_ss_typical_max_0p90v_125c 
NAND2_X1M_A9TL            129   185.760 sc9_cln65lp_base_lvt_ss_typical_max_0p90v_125c 
NAND2_X1P4B_A9TL            3     7.560 sc9_cln65lp_base_lvt_ss_typical_max_0p90v_125c 
NAND2_X1P4M_A9TL           37    79.920 sc9_cln65lp_base_lvt_ss_typical_max_0p90v_125c 
NAND2_X2A_A9TL             34    85.680 sc9_cln65lp_base_lvt_ss_typical_max_0p90v_125c 
NAND2_X2B_A9TL              4    10.080 sc9_cln65lp_base_lvt_ss_typical_max_0p90v_125c 
NAND2_X2M_A9TL             26    65.520 sc9_cln65lp_base_lvt_ss_typical_max_0p90v_125c 
NAND2_X2M_A9TR              1     2.520 sc9_cln65lp_base_rvt_ss_typical_max_0p90v_125c 
NAND2_X3A_A9TL             12    43.200 sc9_cln65lp_base_lvt_ss_typical_max_0p90v_125c 
NAND2_X3B_A9TL              2     7.200 sc9_cln65lp_base_lvt_ss_typical_max_0p90v_125c 
NAND2_X3M_A9TL              3    10.800 sc9_cln65lp_base_lvt_ss_typical_max_0p90v_125c 
NAND2_X4A_A9TL              7    30.240 sc9_cln65lp_base_lvt_ss_typical_max_0p90v_125c 
NAND2_X4B_A9TL              2     8.640 sc9_cln65lp_base_lvt_ss_typical_max_0p90v_125c 
NAND2_X4M_A9TL             35   138.600 sc9_cln65lp_base_lvt_ss_typical_max_0p90v_125c 
NAND2_X4M_A9TR              1     3.960 sc9_cln65lp_base_rvt_ss_typical_max_0p90v_125c 
NAND2_X6A_A9TL              5    30.600 sc9_cln65lp_base_lvt_ss_typical_max_0p90v_125c 
NAND2_X6B_A9TL              4    24.480 sc9_cln65lp_base_lvt_ss_typical_max_0p90v_125c 
NAND2_X6M_A9TL             11    67.320 sc9_cln65lp_base_lvt_ss_typical_max_0p90v_125c 
NAND2_X8A_A9TL              5    41.400 sc9_cln65lp_base_lvt_ss_typical_max_0p90v_125c 
NAND2_X8B_A9TL              5    41.400 sc9_cln65lp_base_lvt_ss_typical_max_0p90v_125c 
NAND2_X8M_A9TL             12    90.720 sc9_cln65lp_base_lvt_ss_typical_max_0p90v_125c 
NAND3XXB_X2M_A9TL           7    27.720 sc9_cln65lp_base_lvt_ss_typical_max_0p90v_125c 
NAND3XXB_X3M_A9TL           1     5.040 sc9_cln65lp_base_lvt_ss_typical_max_0p90v_125c 
NAND3XXB_X4M_A9TL           9    55.080 sc9_cln65lp_base_lvt_ss_typical_max_0p90v_125c 
NAND3XXB_X6M_A9TL          11    99.000 sc9_cln65lp_base_lvt_ss_typical_max_0p90v_125c 
NAND3_X1M_A9TL              8    17.280 sc9_cln65lp_base_lvt_ss_typical_max_0p90v_125c 
NAND3_X3M_A9TL              5    23.400 sc9_cln65lp_base_lvt_ss_typical_max_0p90v_125c 
NAND3_X4A_A9TL              1     5.760 sc9_cln65lp_base_lvt_ss_typical_max_0p90v_125c 
NAND3_X4M_A9TL              8    46.080 sc9_cln65lp_base_lvt_ss_typical_max_0p90v_125c 
NAND3_X6A_A9TL              2    15.840 sc9_cln65lp_base_lvt_ss_typical_max_0p90v_125c 
NAND3_X6A_A9TR              1     7.920 sc9_cln65lp_base_rvt_ss_typical_max_0p90v_125c 
NAND3_X6M_A9TL              3    25.920 sc9_cln65lp_base_lvt_ss_typical_max_0p90v_125c 
NAND4B_X4M_A9TL             1     7.560 sc9_cln65lp_base_lvt_ss_typical_max_0p90v_125c 
NAND4XXXB_X4M_A9TL          1     7.560 sc9_cln65lp_base_lvt_ss_typical_max_0p90v_125c 
NOR2B_X1M_A9TL             40    86.400 sc9_cln65lp_base_lvt_ss_typical_max_0p90v_125c 
NOR2B_X1P4M_A9TL            1     2.880 sc9_cln65lp_base_lvt_ss_typical_max_0p90v_125c 
NOR2B_X4M_A9TL              1     4.320 sc9_cln65lp_base_lvt_ss_typical_max_0p90v_125c 
NOR2B_X6M_A9TL              1     6.840 sc9_cln65lp_base_lvt_ss_typical_max_0p90v_125c 
NOR2B_X8M_A9TL              1     8.280 sc9_cln65lp_base_lvt_ss_typical_max_0p90v_125c 
NOR2XB_X1M_A9TL             5    10.800 sc9_cln65lp_base_lvt_ss_typical_max_0p90v_125c 
NOR2XB_X1P4M_A9TL           4    11.520 sc9_cln65lp_base_lvt_ss_typical_max_0p90v_125c 
NOR2XB_X2M_A9TL             9    25.920 sc9_cln65lp_base_lvt_ss_typical_max_0p90v_125c 
NOR2XB_X2M_A9TR             1     2.880 sc9_cln65lp_base_rvt_ss_typical_max_0p90v_125c 
NOR2XB_X3M_A9TL             8    28.800 sc9_cln65lp_base_lvt_ss_typical_max_0p90v_125c 
NOR2XB_X4M_A9TL             2     8.640 sc9_cln65lp_base_lvt_ss_typical_max_0p90v_125c 
NOR2XB_X6M_A9TL             5    32.400 sc9_cln65lp_base_lvt_ss_typical_max_0p90v_125c 
NOR2XB_X8M_A9TL             3    24.840 sc9_cln65lp_base_lvt_ss_typical_max_0p90v_125c 
NOR2_X1A_A9TL              18    25.920 sc9_cln65lp_base_lvt_ss_typical_max_0p90v_125c 
NOR2_X1B_A9TL              48    69.120 sc9_cln65lp_base_lvt_ss_typical_max_0p90v_125c 
NOR2_X1M_A9TL              60    86.400 sc9_cln65lp_base_lvt_ss_typical_max_0p90v_125c 
NOR2_X1P4A_A9TL            23    49.680 sc9_cln65lp_base_lvt_ss_typical_max_0p90v_125c 
NOR2_X1P4M_A9TL            20    43.200 sc9_cln65lp_base_lvt_ss_typical_max_0p90v_125c 
NOR2_X2A_A9TL              21    52.920 sc9_cln65lp_base_lvt_ss_typical_max_0p90v_125c 
NOR2_X2B_A9TL               3     7.560 sc9_cln65lp_base_lvt_ss_typical_max_0p90v_125c 
NOR2_X2M_A9TL               9    22.680 sc9_cln65lp_base_lvt_ss_typical_max_0p90v_125c 
NOR2_X3A_A9TL              10    32.400 sc9_cln65lp_base_lvt_ss_typical_max_0p90v_125c 
NOR2_X3B_A9TL               5    16.200 sc9_cln65lp_base_lvt_ss_typical_max_0p90v_125c 
NOR2_X3M_A9TL               9    29.160 sc9_cln65lp_base_lvt_ss_typical_max_0p90v_125c 
NOR2_X4A_A9TL               5    19.800 sc9_cln65lp_base_lvt_ss_typical_max_0p90v_125c 
NOR2_X4B_A9TL               1     3.960 sc9_cln65lp_base_lvt_ss_typical_max_0p90v_125c 
NOR2_X4M_A9TL               9    35.640 sc9_cln65lp_base_lvt_ss_typical_max_0p90v_125c 
NOR2_X6A_A9TL               4    24.480 sc9_cln65lp_base_lvt_ss_typical_max_0p90v_125c 
NOR2_X8A_A9TL               1     7.560 sc9_cln65lp_base_lvt_ss_typical_max_0p90v_125c 
NOR2_X8B_A9TL               1     7.560 sc9_cln65lp_base_lvt_ss_typical_max_0p90v_125c 
NOR2_X8M_A9TL               1     7.560 sc9_cln65lp_base_lvt_ss_typical_max_0p90v_125c 
NOR3_X1M_A9TL               8    17.280 sc9_cln65lp_base_lvt_ss_typical_max_0p90v_125c 
NOR3_X3M_A9TL               1     4.680 sc9_cln65lp_base_lvt_ss_typical_max_0p90v_125c 
OA211_X0P7M_A9TL            4    12.960 sc9_cln65lp_base_lvt_ss_typical_max_0p90v_125c 
OA211_X2M_A9TL              8    46.080 sc9_cln65lp_base_lvt_ss_typical_max_0p90v_125c 
OA21_X1M_A9TL               9    25.920 sc9_cln65lp_base_lvt_ss_typical_max_0p90v_125c 
OA22_X1M_A9TL               1     3.240 sc9_cln65lp_base_lvt_ss_typical_max_0p90v_125c 
OAI211_X1M_A9TL             8    20.160 sc9_cln65lp_base_lvt_ss_typical_max_0p90v_125c 
OAI211_X3M_A9TL             1     6.120 sc9_cln65lp_base_lvt_ss_typical_max_0p90v_125c 
OAI211_X4M_A9TL             1     7.560 sc9_cln65lp_base_lvt_ss_typical_max_0p90v_125c 
OAI21B_X1M_A9TL             1     2.880 sc9_cln65lp_base_lvt_ss_typical_max_0p90v_125c 
OAI21_X0P7M_A9TL            2     4.320 sc9_cln65lp_base_lvt_ss_typical_max_0p90v_125c 
OAI21_X1M_A9TL             28    60.480 sc9_cln65lp_base_lvt_ss_typical_max_0p90v_125c 
OAI21_X1M_A9TR              4     8.640 sc9_cln65lp_base_rvt_ss_typical_max_0p90v_125c 
OAI21_X1P4M_A9TL            2     6.480 sc9_cln65lp_base_lvt_ss_typical_max_0p90v_125c 
OAI21_X2M_A9TL              9    32.400 sc9_cln65lp_base_lvt_ss_typical_max_0p90v_125c 
OAI21_X6M_A9TL              2    16.560 sc9_cln65lp_base_lvt_ss_typical_max_0p90v_125c 
OAI221_X1M_A9TL            10    32.400 sc9_cln65lp_base_lvt_ss_typical_max_0p90v_125c 
OAI222_X1M_A9TL             2     7.920 sc9_cln65lp_base_lvt_ss_typical_max_0p90v_125c 
OAI2XB1_X0P5M_A9TL          2     5.040 sc9_cln65lp_base_lvt_ss_typical_max_0p90v_125c 
OAI2XB1_X1M_A9TL            1     2.880 sc9_cln65lp_base_lvt_ss_typical_max_0p90v_125c 
OAI2XB1_X2M_A9TL            4    17.280 sc9_cln65lp_base_lvt_ss_typical_max_0p90v_125c 
OAI2XB1_X3M_A9TL           10    57.600 sc9_cln65lp_base_lvt_ss_typical_max_0p90v_125c 
OAI2XB1_X4M_A9TL            2    15.120 sc9_cln65lp_base_lvt_ss_typical_max_0p90v_125c 
OAI2XB1_X6M_A9TL            1     9.360 sc9_cln65lp_base_lvt_ss_typical_max_0p90v_125c 
OAI2XB1_X8M_A9TL            1    12.960 sc9_cln65lp_base_lvt_ss_typical_max_0p90v_125c 
OAI31_X1M_A9TL              1     2.520 sc9_cln65lp_base_lvt_ss_typical_max_0p90v_125c 
OR2_X0P5M_A9TL             20    36.000 sc9_cln65lp_base_lvt_ss_typical_max_0p90v_125c 
OR2_X0P7M_A9TL              1     2.160 sc9_cln65lp_base_lvt_ss_typical_max_0p90v_125c 
OR2_X1M_A9TL                4     8.640 sc9_cln65lp_base_lvt_ss_typical_max_0p90v_125c 
OR2_X1P4M_A9TL              4    10.080 sc9_cln65lp_base_lvt_ss_typical_max_0p90v_125c 
OR2_X2M_A9TL                1     3.240 sc9_cln65lp_base_lvt_ss_typical_max_0p90v_125c 
OR2_X2M_A9TR                1     3.240 sc9_cln65lp_base_rvt_ss_typical_max_0p90v_125c 
OR2_X3M_A9TL                1     3.600 sc9_cln65lp_base_lvt_ss_typical_max_0p90v_125c 
OR2_X4M_A9TL               14    70.560 sc9_cln65lp_base_lvt_ss_typical_max_0p90v_125c 
OR2_X6M_A9TL                1     6.840 sc9_cln65lp_base_lvt_ss_typical_max_0p90v_125c 
OR4_X8M_A9TL                1    16.920 sc9_cln65lp_base_lvt_ss_typical_max_0p90v_125c 
PREICG_X0P5B_A9TR           2    12.960 sc9_cln65lp_base_rvt_ss_typical_max_0p90v_125c 
SDFFRPQ_X1M_A9TL           42   438.480 sc9_cln65lp_base_lvt_ss_typical_max_0p90v_125c 
SDFFRPQ_X2M_A9TL            4    44.640 sc9_cln65lp_base_lvt_ss_typical_max_0p90v_125c 
SDFFRPQ_X4M_A9TL            3    38.880 sc9_cln65lp_base_lvt_ss_typical_max_0p90v_125c 
XNOR2_X0P7M_A9TL           28    90.720 sc9_cln65lp_base_lvt_ss_typical_max_0p90v_125c 
XNOR2_X1M_A9TL             11    39.600 sc9_cln65lp_base_lvt_ss_typical_max_0p90v_125c 
XNOR2_X2M_A9TL              6    36.720 sc9_cln65lp_base_lvt_ss_typical_max_0p90v_125c 
XNOR2_X3M_A9TL              2    15.840 sc9_cln65lp_base_lvt_ss_typical_max_0p90v_125c 
XNOR2_X4M_A9TL              3    30.240 sc9_cln65lp_base_lvt_ss_typical_max_0p90v_125c 
XNOR3_X0P5M_A9TL           21   128.520 sc9_cln65lp_base_lvt_ss_typical_max_0p90v_125c 
XNOR3_X0P5M_A9TR            9    55.080 sc9_cln65lp_base_rvt_ss_typical_max_0p90v_125c 
XNOR3_X1M_A9TL             14    90.720 sc9_cln65lp_base_lvt_ss_typical_max_0p90v_125c 
XNOR3_X1P4M_A9TL            9    90.720 sc9_cln65lp_base_lvt_ss_typical_max_0p90v_125c 
XNOR3_X3M_A9TL              4    56.160 sc9_cln65lp_base_lvt_ss_typical_max_0p90v_125c 
XNOR3_X4M_A9TL              2    36.720 sc9_cln65lp_base_lvt_ss_typical_max_0p90v_125c 
XOR2_X0P7M_A9TL            95   307.800 sc9_cln65lp_base_lvt_ss_typical_max_0p90v_125c 
XOR2_X1M_A9TL              14    50.400 sc9_cln65lp_base_lvt_ss_typical_max_0p90v_125c 
XOR2_X2M_A9TL              28   171.360 sc9_cln65lp_base_lvt_ss_typical_max_0p90v_125c 
XOR2_X3M_A9TL               8    63.360 sc9_cln65lp_base_lvt_ss_typical_max_0p90v_125c 
XOR2_X4M_A9TL               2    20.160 sc9_cln65lp_base_lvt_ss_typical_max_0p90v_125c 
XOR3_X0P5M_A9TL             6    36.720 sc9_cln65lp_base_lvt_ss_typical_max_0p90v_125c 
XOR3_X1M_A9TL              39   252.720 sc9_cln65lp_base_lvt_ss_typical_max_0p90v_125c 
XOR3_X1P4M_A9TL            19   191.520 sc9_cln65lp_base_lvt_ss_typical_max_0p90v_125c 
XOR3_X2M_A9TL               1    12.240 sc9_cln65lp_base_lvt_ss_typical_max_0p90v_125c 
XOR3_X3M_A9TL               2    28.080 sc9_cln65lp_base_lvt_ss_typical_max_0p90v_125c 
XOR3_X4M_A9TL               3    55.080 sc9_cln65lp_base_lvt_ss_typical_max_0p90v_125c 
---------------------------------------------------------------------------------------
total                    3298 13574.520                                                
                                                                               
                    Library                    Instances    Area   Instances % 
-------------------------------------------------------------------------------
sc9_cln65lp_base_hvt_ss_typical_max_0p90v_125c        11    17.280         0.3 
sc9_cln65lp_base_lvt_ss_typical_max_0p90v_125c      3248 13386.240        98.5 
sc9_cln65lp_base_rvt_ss_typical_max_0p90v_125c        39   171.000         1.2 
                                                        
            Type             Instances    Area   Area % 
--------------------------------------------------------
sequential                         497  4133.520   30.5 
inverter                           470   797.040    5.9 
buffer                              27    88.920    0.7 
clock_gating_integrated_cell         2    12.960    0.1 
logic                             2302  8542.080   62.9 
physical_cells                       0     0.000    0.0 
--------------------------------------------------------
total                             3298 13574.520  100.0 
