============================================================
  Generated by:           Genus(TM) Synthesis Solution 25.12-s067_1
  Generated on:           Sep 24 2026  06:29:00 pm
  Module:                 tr_rmsnorm
  Operating conditions:   ss_typical_max_0p90v_125c (balanced_tree)
  Wireload mode:          top
  Area mode:              timing library
============================================================

     Instance                        Module                    Cell-Count  Cell-Area  Net-Area   Total-Area  Wireload  
-----------------------------------------------------------------------------------------------------------------------
tr_rmsnorm         NA                                                3437  15757.920     0.000    15757.920 Small (D)  
  gen_exp[0].u_exp tr_exp_alu_WIDTH8_FRAC_W4_LUT_IDX_W3_ITER2          23     56.160     0.000       56.160 Small (T)  
    u_quad         quadratic_divider_WIDTH8_FRAC_W4                     7     14.040     0.000       14.040 Small (T)  
    u_round        round_WIDTH8_FRAC_W4_LUT_IDX_W3                     10     21.600     0.000       21.600 Small (T)  
  u_ln             tr_ln_alu_WIDTH16_BITS4_OUT_WIDTH8                 173    559.800     0.000      559.800 Small (T)  
  u_lut            shared_lut_rom_N8                                    8     15.120     0.000       15.120 Small (T)  
  u_post_ln        post_ln_modifier_N1_W8                              14     33.480     0.000       33.480 Small (T)  
  u_vec_mul        vec_mul_N8_W8_ACC_W32                             2518  10933.200     0.000    10933.200 Small (T)  
  (D) = wireload is default in technology library
  (T) = wireload mode is 'top'
