============================================================
  Generated by:           Genus(TM) Synthesis Solution 25.12-s067_1
  Generated on:           Sep 24 2026  06:29:02 pm
  Module:                 tr_rmsnorm
  Operating conditions:   ss_typical_max_0p90v_125c (balanced_tree)
  Wireload mode:          top
  Area mode:              timing library
============================================================

Timing
--------

Clock Period 
-------------
clk   3300.0 


        Cost          Critical         Violating 
       Group         Path Slack  TNS     Paths   
-------------------------------------------------
cg_enable_group_clk      1815.1   0.0          0 
clk                    No paths   0.0            
default                No paths   0.0            
in2out                 No paths   0.0            
in2reg                      0.2   0.0          0 
reg2out                  1870.1   0.0          0 
reg2reg                     0.0   0.0          0 
-------------------------------------------------
Total                             0.0          0 

Instance Count
--------------
Leaf Instance Count             3437 
Physical Instance count            0 
Sequential Instance Count        910 
Combinational Instance Count    2527 
Hierarchical Instance Count       12 

Area
----
Cell Area                          15757.920
Physical Cell Area                 0.000
Total Cell Area (Cell+Physical)    15757.920
Net Area                           0.000
Total Area (Cell+Physical+Net)     15757.920

Max Fanout                         403 (rc_gclk_281)
Min Fanout                         0 (ln_out_comb[0][0])
Average Fanout                     1.9
Terms to net ratio                 2.9055
Terms to instance ratio            3.6232
Runtime                            211.41453800000005 seconds
Elapsed Runtime                    208 seconds
Genus peak memory usage            2496.44 
Innovus peak memory usage          no_value 
Hostname                           enicsw12.local
