============================================================
  Generated by:           Genus(TM) Synthesis Solution 25.12-s067_1
  Generated on:           Sep 24 2026  03:50:18 pm
  Module:                 tr_nonlinear_vpu
  Operating conditions:   ss_typical_max_0p90v_125c (balanced_tree)
  Wireload mode:          top
  Area mode:              timing library
============================================================


Path 1: VIOLATED (-3940 ps) Setup Check with Pin vpu_data_out_reg[0][9]/clk->d
          Group: in2reg
     Startpoint: (R) sram_data_a[0][1]
          Clock: (R) clk
       Endpoint: (R) vpu_data_out_reg[0][9]/d
          Clock: (R) clk

                     Capture       Launch     
        Clock Edge:+    3300            0     
        Drv Adjust:+       0           63     
       Src Latency:+       0            0     
       Net Latency:+       0 (I)        0 (I) 
           Arrival:=    3300           63     
                                              
             Setup:-      64                  
       Uncertainty:-     125                  
     Required Time:=    3110                  
      Launch Clock:-      63                  
       Input Delay:-     990                  
         Data Path:-    5998                  
             Slack:=   -3940                  

Exceptions/Constraints:
  input_delay             990             dut.sdc_line_15_79_1   

#----------------------------------------------------------------------------------------------------------------
#                Timing Point                  Flags     Arc    Edge      Cell        Fanout Trans Delay Arrival 
#                                                                                             (ps)  (ps)   (ps)  
#----------------------------------------------------------------------------------------------------------------
  sram_data_a[0][1]                            (u)     -        R     (arrival)           31    66     0    1053 
  u_alpha/minus_43_42_I1/g3/z                  (u)     in_0->z  F     unmapped_not         2     0    50    1103 
  u_alpha/minus_43_42_I1/g27/z                 (u)     in_1->z  R     unmapped_nor2        1     0    61    1164 
  u_alpha/minus_43_42_I1/g65/z                 (u)     in_0->z  F     unmapped_not         2     0    50    1214 
  u_alpha/minus_43_42_I1/g66/z                 (u)     in_1->z  R     unmapped_nand2       1     0    61    1275 
  u_alpha/minus_43_42_I1/g67/z                 (u)     in_1->z  F     unmapped_nand2       3     0    82    1357 
  u_alpha/minus_43_42_I1/g107/z                (u)     in_1->z  R     unmapped_nand2       1     0    61    1417 
  u_alpha/minus_43_42_I1/g108/z                (u)     in_1->z  F     unmapped_nand2       5     0    96    1513 
  u_alpha/minus_43_42_I1/g158/z                (u)     in_0->z  R     unmapped_nand2       1     0    61    1574 
  u_alpha/minus_43_42_I1/g159/z                (u)     in_1->z  F     unmapped_nand2       9     0   117    1691 
  u_alpha/minus_43_42_I1/g186/z                (u)     in_0->z  R     unmapped_nand2       1     0    61    1752 
  u_alpha/minus_43_42_I1/g187/z                (u)     in_1->z  F     unmapped_nand2       1     0    61    1813 
  u_alpha/minus_43_42_I1/g236/z                (u)     in_0->z  F     unmapped_xnor2       1     0   118    1931 
  u_alpha/mux_43_25/g8/z                       (u)     data1->z F     unmapped_bmux2       6     0   157    2088 
  u_alpha/lt_48_32_I1/g50/z                    (u)     in_0->z  R     unmapped_nand2       1     0    61    2149 
  u_alpha/lt_48_32_I1/g88/z                    (u)     in_0->z  F     unmapped_nor2        1     0    61    2210 
  u_alpha/lt_48_32_I1/g90/z                    (u)     in_0->z  R     unmapped_nor2        1     0    61    2271 
  u_alpha/lt_48_32_I1/g135/z                   (u)     in_0->z  F     unmapped_nor2        1     0    61    2332 
  u_alpha/lt_48_32_I1/g137/z                   (u)     in_0->z  R     unmapped_nor2        1     0    61    2392 
  u_alpha/lt_48_32_I1/g174/z                   (u)     in_0->z  F     unmapped_not         1     0    37    2429 
  u_alpha/lt_48_32_I1/g175/z                   (u)     in_1->z  R     unmapped_nor2        1     0    61    2490 
  u_alpha/lt_48_32_I1/g195/z                   (u)     in_0->z  F     unmapped_nand2       1     0    61    2551 
  u_alpha/lt_48_32_I1/g205/z                   (u)     in_0->z  R     unmapped_nand2       1     0    61    2611 
  u_alpha/lt_48_32_I1/g206/z                   (u)     in_1->z  F     unmapped_nand2       1     0    61    2672 
  u_alpha/lt_48_32_I1/g22/z                    (u)     in_0->z  R     unmapped_not         1     0    37    2709 
  u_alpha/mux_GEN_LANES[0].coef_sel_48_32/g1/z (u)     sel0->z  F     unmapped_bmux2       1     0   118    2827 
  u_alpha/mux_GEN_LANES[0].coef_sel_47_32/g2/z (u)     data0->z F     unmapped_bmux2       1     0   118    2945 
  u_alpha/mux_GEN_LANES[0].coef_sel_46_27/g2/z (u)     data0->z F     unmapped_bmux2      10     0   179    3124 
  u_alpha/mul_51_32_I1/g147/z                  (u)     in_0->z  R     unmapped_nand2       3     0    82    3205 
  u_alpha/mul_51_32_I1/g521/z                  (u)     in_0->z  R     unmapped_xor2        1     0   118    3323 
  u_alpha/mul_51_32_I1/g522/z                  (u)     in_0->z  R     unmapped_xor2        3     0   139    3462 
  u_alpha/mul_51_32_I1/g533/z                  (u)     in_1->z  R     unmapped_xor2        1     0   118    3580 
  u_alpha/mul_51_32_I1/g534/z                  (u)     in_0->z  R     unmapped_xor2        3     0   139    3719 
  u_alpha/mul_51_32_I1/g545/z                  (u)     in_1->z  R     unmapped_xor2        1     0   118    3837 
  u_alpha/mul_51_32_I1/g546/z                  (u)     in_0->z  R     unmapped_xor2        3     0   139    3976 
  u_alpha/mul_51_32_I1/g552/z                  (u)     in_1->z  R     unmapped_xor2        2     0   132    4108 
  u_alpha/mul_51_32_I1/g968/z                  (u)     in_1->z  F     unmapped_nor2        3     0    82    4189 
  u_alpha/mul_51_32_I1/g1006/z                 (u)     in_1->z  R     unmapped_nor2        2     0    74    4263 
  u_alpha/mul_51_32_I1/g1039/z                 (u)     in_0->z  F     unmapped_not         1     0    37    4300 
  u_alpha/mul_51_32_I1/g1040/z                 (u)     in_1->z  R     unmapped_nor2        1     0    61    4361 
  u_alpha/mul_51_32_I1/g1042/z                 (u)     in_0->z  F     unmapped_nor2        5     0    96    4457 
  u_alpha/mul_51_32_I1/g1079/z                 (u)     in_1->z  R     unmapped_nor2        1     0    61    4517 
  u_alpha/mul_51_32_I1/g1081/z                 (u)     in_0->z  F     unmapped_nor2        1     0    61    4578 
  u_alpha/mul_51_32_I1/g175/z                  (u)     in_0->z  R     unmapped_nand2       1     0    61    4639 
  u_alpha/mul_51_32_I1/g226/z                  (u)     in_0->z  F     unmapped_xnor2       4     0   148    4787 
  u_alpha/lt_54_33_I1/g55/z                    (u)     in_0->z  R     unmapped_nor2        2     0    74    4861 
  u_alpha/lt_54_33_I1/g95/z                    (u)     in_1->z  F     unmapped_nor2        2     0    74    4935 
  u_alpha/lt_54_33_I1/g134/z                   (u)     in_0->z  R     unmapped_not         1     0    37    4972 
  u_alpha/lt_54_33_I1/g135/z                   (u)     in_1->z  F     unmapped_nor2        1     0    61    5033 
  u_alpha/lt_54_33_I1/g137/z                   (u)     in_0->z  R     unmapped_nor2        1     0    61    5094 
  u_alpha/lt_54_33_I1/g174/z                   (u)     in_0->z  F     unmapped_not         1     0    37    5130 
  u_alpha/lt_54_33_I1/g175/z                   (u)     in_1->z  R     unmapped_nor2        1     0    61    5191 
  u_alpha/lt_54_33_I1/g195/z                   (u)     in_0->z  F     unmapped_nand2       1     0    61    5252 
  u_alpha/lt_54_33_I1/g205/z                   (u)     in_0->z  R     unmapped_nand2       1     0    61    5313 
  u_alpha/lt_54_33_I1/g206/z                   (u)     in_1->z  F     unmapped_nand2       1     0    61    5374 
  u_alpha/lt_54_33_I1/g22/z                    (u)     in_0->z  R     unmapped_not        10     0    97    5471 
  u_alpha/mux_GEN_LANES[0].x_scaled_54_33/g9/z (u)     sel0->z  F     unmapped_bmux2       1     0   118    5589 
  u_alpha/mux_GEN_LANES[0].x_scaled_53_28/g9/z (u)     data0->z F     unmapped_bmux2       3     0   139    5728 
  u_alpha/minus_58_47_I1/g3/z                  (u)     in_0->z  R     unmapped_not         2     0    50    5778 
  u_alpha/minus_58_47_I1/g17/z                 (u)     in_1->z  F     unmapped_nor2        1     0    61    5839 
  u_alpha/minus_58_47_I1/g35/z                 (u)     in_0->z  R     unmapped_not         2     0    50    5889 
  u_alpha/minus_58_47_I1/g36/z                 (u)     in_1->z  F     unmapped_nand2       1     0    61    5950 
  u_alpha/minus_58_47_I1/g37/z                 (u)     in_1->z  R     unmapped_nand2       3     0    82    6031 
  u_alpha/minus_58_47_I1/g57/z                 (u)     in_1->z  F     unmapped_nand2       1     0    61    6092 
  u_alpha/minus_58_47_I1/g58/z                 (u)     in_1->z  R     unmapped_nand2       5     0    96    6188 
  u_alpha/minus_58_47_I1/g78/z                 (u)     in_0->z  F     unmapped_nand2       1     0    61    6248 
  u_alpha/minus_58_47_I1/g79/z                 (u)     in_1->z  R     unmapped_nand2       2     0    74    6323 
  u_alpha/minus_58_47_I1/g81/z                 (u)     in_0->z  F     unmapped_nand2       1     0    61    6384 
  u_alpha/minus_58_47_I1/g82/z                 (u)     in_1->z  R     unmapped_nand2       1     0    61    6444 
  u_alpha/minus_58_47_I1/g106/z                (u)     in_0->z  R     unmapped_xnor2       1     0   118    6562 
  u_alpha/mux_58_40/g1/z                       (u)     data1->z R     unmapped_bmux2       8     0   170    6733 
  mux_vpu_data_out[0]_184_23/g1/z              (u)     data2->z R     unmapped_bmux8       1     0   318    7051 
  vpu_data_out_reg[0][9]/d                     -       -        R     unmapped_d_flop      1     -     0    7051 
#----------------------------------------------------------------------------------------------------------------

(u) : Net has unmapped pin(s).

