============================================================
  Generated by:           Genus(TM) Synthesis Solution 25.12-s067_1
  Generated on:           Sep 23 2026  01:07:09 pm
  Module:                 tr_nonlinear_vpu
  Operating conditions:   ss_typical_max_0p90v_125c (balanced_tree)
  Wireload mode:          top
  Area mode:              timing library
============================================================


Path 1: VIOLATED (-3590 ps) Setup Check with Pin u_backbone/s2_post_ln_reg_reg[0][9]/clk->d
          Group: reg2reg
     Startpoint: (R) u_backbone/s1_vec_in_reg[0][7]/clk
          Clock: (R) clk
       Endpoint: (R) u_backbone/s2_post_ln_reg_reg[0][9]/d
          Clock: (R) clk

                     Capture       Launch     
        Clock Edge:+    3300            0     
       Src Latency:+       0            0     
       Net Latency:+       0 (I)        0 (I) 
           Arrival:=    3300            0     
                                              
             Setup:-      64                  
       Uncertainty:-     125                  
     Required Time:=    3110                  
      Launch Clock:-       0                  
         Data Path:-    6701                  
             Slack:=   -3590                  

#-----------------------------------------------------------------------------------------------------------------------------
#                       Timing Point                        Flags     Arc    Edge      Cell        Fanout Trans Delay Arrival 
#                                                                                                          (ps)  (ps)   (ps)  
#-----------------------------------------------------------------------------------------------------------------------------
  u_backbone/s1_vec_in_reg[0][7]/clk                        -       -        R     (arrival)         1473     0     0       0 
  u_backbone/s1_vec_in_reg[0][7]/q                          (u)     clk->q   R     unmapped_d_flop      3     0   355     355 
  u_backbone/u_pre_ln/add_28_36_I1/g21/z                    (u)     in_0->z  F     unmapped_nor2        3     0    82     436 
  u_backbone/u_pre_ln/add_28_36_I1/g50/z                    (u)     in_1->z  R     unmapped_nor2        1     0    61     497 
  u_backbone/u_pre_ln/add_28_36_I1/g52/z                    (u)     in_0->z  F     unmapped_nor2        1     0    61     558 
  u_backbone/u_pre_ln/add_28_36_I1/g82/z                    (u)     in_0->z  R     unmapped_not         1     0    37     595 
  u_backbone/u_pre_ln/add_28_36_I1/g83/z                    (u)     in_1->z  F     unmapped_nor2        1     0    61     656 
  u_backbone/u_pre_ln/add_28_36_I1/g115/z                   (u)     in_0->z  R     unmapped_nand2       8     0   113     769 
  u_backbone/u_pre_ln/add_28_36_I1/g148/z                   (u)     in_1->z  F     unmapped_nand2       1     0    61     830 
  u_backbone/u_pre_ln/add_28_36_I1/g149/z                   (u)     in_1->z  R     unmapped_nand2       1     0    61     890 
  u_backbone/u_pre_ln/add_28_36_I1/g189/z                   (u)     in_0->z  F     unmapped_xnor2       1     0   118    1008 
  u_backbone/u_pre_ln/mux_y_out[0]_27_17/g1/z               (u)     data1->z F     unmapped_bmux2      11     0   183    1191 
  u_backbone/gen_tr_lanes[0].u_tr_ln/ctl_xq_54_21/g87/z     (u)     in_0->z  R     unmapped_not         4     0    66    1258 
  u_backbone/gen_tr_lanes[0].u_tr_ln/ctl_xq_54_21/g21/z     (u)     in_0->z  F     unmapped_nand4      12     0   175    1432 
  u_backbone/gen_tr_lanes[0].u_tr_ln/ctl_xq_54_21/g75/z     (u)     in_0->z  R     unmapped_nor4        5     0   141    1573 
  u_backbone/gen_tr_lanes[0].u_tr_ln/mux_msb_54_21/g4/z     (u)     sel14->z R     unmapped_mux17       4     0   302    1875 
  u_backbone/gen_tr_lanes[0].u_tr_ln/sub_61_45/g5/z         (u)     in_0->z  F     unmapped_not         1     0    37    1912 
  u_backbone/gen_tr_lanes[0].u_tr_ln/sub_61_45/g7/z         (u)     in_1->z  R     unmapped_xor2        1     0   118    2030 
  u_backbone/gen_tr_lanes[0].u_tr_ln/sub_61_45/g38/z        (u)     in_0->z  F     unmapped_not        17     0   124    2153 
  u_backbone/gen_tr_lanes[0].u_tr_ln/sll_61_31/g1/z         (u)     in_0->z  R     unmapped_not        15     0   118    2271 
  u_backbone/gen_tr_lanes[0].u_tr_ln/sll_61_31/g82/z        (u)     sel0->z  R     unmapped_mux2        2     0   117    2388 
  u_backbone/gen_tr_lanes[0].u_tr_ln/sll_61_31/g96/z        (u)     data1->z R     unmapped_mux2        2     0   117    2505 
  u_backbone/gen_tr_lanes[0].u_tr_ln/sll_61_31/g108/z       (u)     data1->z R     unmapped_mux2        2     0   117    2622 
  u_backbone/gen_tr_lanes[0].u_tr_ln/sll_61_31/g116/z       (u)     data1->z R     unmapped_mux2        1     0   103    2725 
  u_backbone/gen_tr_lanes[0].u_tr_ln/mux_61_31/g1/z         (u)     data0->z R     unmapped_bmux2       2     0   132    2857 
  u_backbone/gen_tr_lanes[0].u_tr_ln/add_68_30/g20/z        (u)     in_0->z  F     unmapped_nand2       3     0    82    2938 
  u_backbone/gen_tr_lanes[0].u_tr_ln/add_68_30/g40/z        (u)     in_0->z  R     unmapped_nor2        1     0    61    2999 
  u_backbone/gen_tr_lanes[0].u_tr_ln/add_68_30/g42/z        (u)     in_0->z  F     unmapped_nor2        1     0    61    3060 
  u_backbone/gen_tr_lanes[0].u_tr_ln/add_68_30/g60/z        (u)     in_0->z  R     unmapped_not         1     0    37    3097 
  u_backbone/gen_tr_lanes[0].u_tr_ln/add_68_30/g61/z        (u)     in_1->z  F     unmapped_nor2        1     0    61    3157 
  u_backbone/gen_tr_lanes[0].u_tr_ln/add_68_30/g78/z        (u)     in_0->z  R     unmapped_nand2       3     0    82    3239 
  u_backbone/gen_tr_lanes[0].u_tr_ln/add_68_30/g80/z        (u)     in_0->z  F     unmapped_nand2       1     0    61    3300 
  u_backbone/gen_tr_lanes[0].u_tr_ln/add_68_30/g81/z        (u)     in_1->z  R     unmapped_nand2       1     0    61    3360 
  u_backbone/gen_tr_lanes[0].u_tr_ln/add_68_30/g108/z       (u)     in_0->z  R     unmapped_xnor2       6     0   157    3518 
  u_backbone/gen_tr_lanes[0].u_tr_ln/add_71_38/g19/z        (u)     in_1->z  F     unmapped_nor2        3     0    82    3599 
  u_backbone/gen_tr_lanes[0].u_tr_ln/add_71_38/g56/z        (u)     in_0->z  R     unmapped_not         2     0    50    3650 
  u_backbone/gen_tr_lanes[0].u_tr_ln/add_71_38/g57/z        (u)     in_1->z  F     unmapped_nand2       1     0    61    3710 
  u_backbone/gen_tr_lanes[0].u_tr_ln/add_71_38/g73/z        (u)     in_0->z  R     unmapped_not         1     0    37    3747 
  u_backbone/gen_tr_lanes[0].u_tr_ln/add_71_38/g74/z        (u)     in_1->z  F     unmapped_nand2       1     0    61    3808 
  u_backbone/gen_tr_lanes[0].u_tr_ln/add_71_38/g75/z        (u)     in_1->z  R     unmapped_nand2       1     0    61    3869 
  u_backbone/gen_tr_lanes[0].u_tr_ln/add_71_38/g103/z       (u)     in_0->z  R     unmapped_xnor2       2     0   132    4000 
  u_backbone/gen_tr_lanes[0].u_tr_ln/add_71_55/g21/z        (u)     in_0->z  F     unmapped_nor2        3     0    82    4082 
  u_backbone/gen_tr_lanes[0].u_tr_ln/add_71_55/g43/z        (u)     in_1->z  R     unmapped_nor2        2     0    74    4156 
  u_backbone/gen_tr_lanes[0].u_tr_ln/add_71_55/g62/z        (u)     in_1->z  F     unmapped_nand2       1     0    61    4217 
  u_backbone/gen_tr_lanes[0].u_tr_ln/add_71_55/g76/z        (u)     in_0->z  R     unmapped_not         1     0    37    4254 
  u_backbone/gen_tr_lanes[0].u_tr_ln/add_71_55/g77/z        (u)     in_1->z  F     unmapped_nand2       1     0    61    4314 
  u_backbone/gen_tr_lanes[0].u_tr_ln/add_71_55/g78/z        (u)     in_1->z  R     unmapped_nand2       3     0    82    4396 
  u_backbone/gen_tr_lanes[0].u_tr_ln/add_71_55/g80/z        (u)     in_0->z  F     unmapped_nand2       1     0    61    4457 
  u_backbone/gen_tr_lanes[0].u_tr_ln/add_71_55/g81/z        (u)     in_1->z  R     unmapped_nand2       1     0    61    4518 
  u_backbone/gen_tr_lanes[0].u_tr_ln/add_71_55/g108/z       (u)     in_0->z  F     unmapped_xnor2       1     0   118    4636 
  u_backbone/gen_tr_lanes[0].u_tr_ln/mux_yq_full_48_16/g2/z (u)     data0->z F     unmapped_bmux2       4     0   148    4783 
  u_backbone/gen_tr_lanes[0].u_tr_ln/lt_78_26/g34/z         (u)     in_0->z  R     unmapped_nor2        2     0    74    4858 
  u_backbone/gen_tr_lanes[0].u_tr_ln/lt_78_26/g53/z         (u)     in_1->z  F     unmapped_nor2        1     0    61    4918 
  u_backbone/gen_tr_lanes[0].u_tr_ln/lt_78_26/g55/z         (u)     in_0->z  R     unmapped_nor2        1     0    61    4979 
  u_backbone/gen_tr_lanes[0].u_tr_ln/lt_78_26/g72/z         (u)     in_1->z  F     unmapped_nor2        1     0    61    5040 
  u_backbone/gen_tr_lanes[0].u_tr_ln/lt_78_26/g74/z         (u)     in_0->z  R     unmapped_nor2        1     0    61    5101 
  u_backbone/gen_tr_lanes[0].u_tr_ln/lt_78_26/g95/z         (u)     in_0->z  F     unmapped_nand2       1     0    61    5162 
  u_backbone/gen_tr_lanes[0].u_tr_ln/lt_78_26/g13/z         (u)     in_0->z  R     unmapped_not        10     0    97    5259 
  u_backbone/gen_tr_lanes[0].u_tr_ln/mux_yq_78_26/g9/z      (u)     sel0->z  F     unmapped_bmux2       1     0   118    5377 
  u_backbone/gen_tr_lanes[0].u_tr_ln/mux_yq_76_21/g9/z      (u)     data0->z F     unmapped_bmux2       1     0   118    5495 
  u_backbone/mux_ln_mux_out[0]_107_17/g9/z                  (u)     data0->z F     unmapped_bmux2       5     0   153    5648 
  u_backbone/u_post_ln/minus_33_32_I1/g3/z                  (u)     in_0->z  R     unmapped_not         2     0    50    5698 
  u_backbone/u_post_ln/minus_33_32_I1/g17/z                 (u)     in_1->z  F     unmapped_nor2        1     0    61    5759 
  u_backbone/u_post_ln/minus_33_32_I1/g35/z                 (u)     in_0->z  R     unmapped_not         2     0    50    5809 
  u_backbone/u_post_ln/minus_33_32_I1/g36/z                 (u)     in_1->z  F     unmapped_nand2       1     0    61    5870 
  u_backbone/u_post_ln/minus_33_32_I1/g37/z                 (u)     in_1->z  R     unmapped_nand2       3     0    82    5952 
  u_backbone/u_post_ln/minus_33_32_I1/g57/z                 (u)     in_1->z  F     unmapped_nand2       1     0    61    6012 
  u_backbone/u_post_ln/minus_33_32_I1/g58/z                 (u)     in_1->z  R     unmapped_nand2       5     0    96    6108 
  u_backbone/u_post_ln/minus_33_32_I1/g78/z                 (u)     in_0->z  F     unmapped_nand2       1     0    61    6169 
  u_backbone/u_post_ln/minus_33_32_I1/g79/z                 (u)     in_1->z  R     unmapped_nand2       2     0    74    6243 
  u_backbone/u_post_ln/minus_33_32_I1/g81/z                 (u)     in_0->z  F     unmapped_nand2       1     0    61    6304 
  u_backbone/u_post_ln/minus_33_32_I1/g82/z                 (u)     in_1->z  R     unmapped_nand2       1     0    61    6365 
  u_backbone/u_post_ln/minus_33_32_I1/g106/z                (u)     in_0->z  R     unmapped_xnor2       1     0   118    6483 
  u_backbone/u_post_ln/mux_y_out[0]_24_19/g1/z              (u)     data1->z R     unmapped_bmux4       1     0   218    6701 
  u_backbone/s2_post_ln_reg_reg[0][9]/d                     -       -        R     unmapped_d_flop      1     -     0    6701 
#-----------------------------------------------------------------------------------------------------------------------------

(u) : Net has unmapped pin(s).

