============================================================
  Generated by:           Genus(TM) Synthesis Solution 25.12-s067_1
  Generated on:           Mar 26 2026  02:08:02 pm
  Module:                 tr_softmax
  Operating conditions:   ss_typical_max_0p90v_125c (balanced_tree)
  Wireload mode:          top
  Area mode:              timing library
============================================================


Path 1: MET (1215 ps) Setup Check with Pin u_decompose/gen_mode_0_int_max_int_sub.u_max_tree/stage_decl[1].data_reg[3][7]/clk->d
          Group: in2reg
     Startpoint: (R) in_data[7][1]
          Clock: (R) clk
       Endpoint: (R) u_decompose/gen_mode_0_int_max_int_sub.u_max_tree/stage_decl[1].data_reg[3][7]/d
          Clock: (R) clk

                     Capture       Launch     
        Clock Edge:+    3000            0     
        Drv Adjust:+       0           13     
       Src Latency:+       0            0     
       Net Latency:+       0 (I)        0 (I) 
           Arrival:=    3000           13     
                                              
             Setup:-      64                  
       Uncertainty:-     125                  
     Required Time:=    2810                  
      Launch Clock:-      13                  
       Input Delay:-     900                  
         Data Path:-     683                  
             Slack:=    1215                  

Exceptions/Constraints:
  input_delay             900             tr_softmax.sdc_line_16_8_1   

#---------------------------------------------------------------------------------------------------------------------------------------------------------
#                                     Timing Point                                       Flags    Arc    Edge      Cell        Fanout Trans Delay Arrival 
#                                                                                                                                      (ps)  (ps)   (ps)  
#---------------------------------------------------------------------------------------------------------------------------------------------------------
  in_data[7][1]                                                                          (u)     -       R     (arrival)            3    49     0     913 
  u_decompose/gen_mode_0_int_max_int_sub.u_max_tree/gte_42_53_I1_I4/g4/z                 (u)     in_0->z F     unmapped_not         2     0    50     963 
  u_decompose/gen_mode_0_int_max_int_sub.u_max_tree/gte_42_53_I1_I4/g15/z                (u)     in_1->z R     unmapped_nor2        1     0    61    1024 
  u_decompose/gen_mode_0_int_max_int_sub.u_max_tree/gte_42_53_I1_I4/g29/z                (u)     in_0->z F     unmapped_not         1     0    37    1060 
  u_decompose/gen_mode_0_int_max_int_sub.u_max_tree/gte_42_53_I1_I4/g30/z                (u)     in_1->z R     unmapped_nand2       1     0    61    1121 
  u_decompose/gen_mode_0_int_max_int_sub.u_max_tree/gte_42_53_I1_I4/g31/z                (u)     in_1->z F     unmapped_nand2       1     0    61    1182 
  u_decompose/gen_mode_0_int_max_int_sub.u_max_tree/gte_42_53_I1_I4/g47/z                (u)     in_1->z R     unmapped_nand2       1     0    61    1243 
  u_decompose/gen_mode_0_int_max_int_sub.u_max_tree/gte_42_53_I1_I4/g48/z                (u)     in_1->z F     unmapped_nand2       1     0    61    1304 
  u_decompose/gen_mode_0_int_max_int_sub.u_max_tree/gte_42_53_I1_I4/g68/z                (u)     in_0->z R     unmapped_nand2       1     0    61    1364 
  u_decompose/gen_mode_0_int_max_int_sub.u_max_tree/gte_42_53_I1_I4/g69/z                (u)     in_1->z F     unmapped_nand2       8     0   113    1478 
  u_decompose/gen_mode_0_int_max_int_sub.u_max_tree/mux_stage_decl[1].data[3]_42_53/g1/z (u)     sel0->z R     unmapped_bmux2       1     0   118    1596 
  u_decompose/gen_mode_0_int_max_int_sub.u_max_tree/stage_decl[1].data_reg[3][7]/d       -       -       R     unmapped_d_flop      1     -     0    1596 
#---------------------------------------------------------------------------------------------------------------------------------------------------------

(u) : Net has unmapped pin(s).

