============================================================
  Generated by:           Genus(TM) Synthesis Solution 25.12-s067_1
  Generated on:           Apr 12 2026  05:48:13 pm
  Module:                 transformer_core_top
  Operating conditions:   ss_typical_max_0p90v_125c (balanced_tree)
  Wireload mode:          top
  Area mode:              timing library
============================================================


Path 1: MET (56 ps) Setup Check with Pin u_datapath/u_piped_max/stage_decl[1].data_reg[0][6]/CK->SE
          Group: in2reg
     Startpoint: (F) a_in[0][1]
          Clock: (R) clk
       Endpoint: (R) u_datapath/u_piped_max/stage_decl[1].data_reg[0][6]/SE
          Clock: (R) clk

                     Capture       Launch     
        Clock Edge:+    3000            0     
        Drv Adjust:+       0           16     
       Src Latency:+       0            0     
       Net Latency:+       0 (I)        0 (I) 
           Arrival:=    3000           16     
                                              
             Setup:-     341                  
       Uncertainty:-     125                  
     Required Time:=    2534                  
      Launch Clock:-      16                  
       Input Delay:-     900                  
         Data Path:-    1563                  
             Slack:=      56                  

Exceptions/Constraints:
  input_delay             900             transformer_core_top_line_16_68_1   

#-------------------------------------------------------------------------------------------------------------------------
#                     Timing Point                       Flags    Arc   Edge       Cell        Fanout Trans Delay Arrival 
#                                                                                                      (ps)  (ps)   (ps)  
#-------------------------------------------------------------------------------------------------------------------------
  a_in[0][1]                                             -       -      F     (arrival)             3    54     0     916 
  u_datapath/u_piped_max/g5256/Y                         -       A->Y   R     INV_X1M_A9TL          1    68    63     978 
  u_datapath/u_piped_max/g5204/Y                         -       B0->Y  R     OA21_X1M_A9TL         1    74   129    1108 
  u_datapath/u_piped_max/g5193/Y                         -       C0->Y  F     AOI221_X1M_A9TL       1   169    93    1201 
  u_datapath/u_piped_max/g5187/Y                         -       B0->Y  R     AOI2XB1_X1M_A9TL      1   203   176    1377 
  u_datapath/u_piped_max/g5181/CON                       -       A->CON F     CGENI_X1M_A9TL        1   127   140    1518 
  u_datapath/u_piped_max/g5175/Y                         -       B0->Y  R     OAI2XB1_X1M_A9TL      1   167   119    1637 
  u_datapath/u_piped_max/g5170/Y                         -       C0->Y  R     OA211_X0P7M_A9TL      1   100   187    1824 
  u_datapath/u_piped_max/g5163/Y                         -       C0->Y  F     AOI221_X1M_A9TL       1   167   101    1925 
  u_datapath/u_piped_max/g5155/Y                         -       C0->Y  R     AOI221_X1M_A9TL       1   266   215    2140 
  u_datapath/u_piped_max/g5149/Y                         -       B0->Y  R     AO21_X1M_A9TL         7   350   338    2478 
  u_datapath/u_piped_max/stage_decl[1].data_reg[0][6]/SE -       -      R     SDFFRPQ_X1M_A9TL      7     -     0    2478 
#-------------------------------------------------------------------------------------------------------------------------

