============================================================
  Generated by:           Genus(TM) Synthesis Solution 25.12-s067_1
  Generated on:           Sep 27 2026  11:41:15 pm
  Module:                 ibert_softmax
  Operating conditions:   ss_typical_max_0p90v_125c (balanced_tree)
  Wireload mode:          top
  Area mode:              timing library
============================================================


Path 1: MET (1613 ps) Setup Check with Pin state_reg[3]/clk->sena
          Group: in2reg
     Startpoint: (R) valid_in
          Clock: (R) clk
       Endpoint: (R) state_reg[3]/sena
          Clock: (R) clk

                     Capture       Launch     
        Clock Edge:+    3300            0     
        Drv Adjust:+       0            4     
       Src Latency:+       0            0     
       Net Latency:+       0 (I)        0 (I) 
           Arrival:=    3300            4     
                                              
             Setup:-     166                  
       Uncertainty:-     125                  
     Required Time:=    3009                  
      Launch Clock:-       4                  
       Input Delay:-     990                  
         Data Path:-     402                  
             Slack:=    1613                  

Exceptions/Constraints:
  input_delay             990             dut.sdc_line_15_1_1   

#------------------------------------------------------------------------------------
#   Timing Point    Flags    Arc    Edge      Cell        Fanout Trans Delay Arrival 
#                                                                 (ps)  (ps)   (ps)  
#------------------------------------------------------------------------------------
  valid_in          (u)     -       R     (arrival)            1    38     0     994 
  g95/z             (u)     in_0->z R     unmapped_and2       65     0   182    1177 
  g582/z            (u)     in_1->z R     unmapped_or2         1     0    61    1237 
  g583/z            (u)     in_3->z R     unmapped_or4         4     0   158    1396 
  state_reg[3]/sena -       -       R     unmapped_d_flop      4     -     0    1396 
#------------------------------------------------------------------------------------

(u) : Net has unmapped pin(s).

