============================================================
  Generated by:           Genus(TM) Synthesis Solution 25.12-s067_1
  Generated on:           May 10 2026  03:01:15 pm
  Module:                 tr_soc_top
  Operating conditions:   ss_typical_max_0p90v_125c (balanced_tree)
  Wireload mode:          top
  Area mode:              timing library
============================================================


Path 1: MET (15 ps) Late External Delay Assertion at pin mmio_rdata[11]
          Group: in2out
     Startpoint: (F) mmio_addr[0]
          Clock: (R) clk
       Endpoint: (R) mmio_rdata[11]
          Clock: (R) clk

                        Capture       Launch     
           Path Delay:+    3630            -     
           Drv Adjust:+       0            6     
          Src Latency:+       0            0     
          Net Latency:+       0 (I)        0 (I) 
        Capture Clock:+       0                  
              Arrival:=    3630            6     
                                                 
         Output Delay:-     990                  
          Uncertainty:-     125                  
        Required Time:=    2515                  
         Launch Clock:-       6                  
          Input Delay:-     990                  
            Data Path:-    1503                  
                Slack:=      15                  

Exceptions/Constraints:
  max_delay                3630            dut.sdc_line_18         
  input_delay              990             dut.sdc_line_15_8_1     
  output_delay             990             dut.sdc_line_17_573_1   

#--------------------------------------------------------------------------------------
#     Timing Point      Flags   Arc   Edge      Cell        Fanout Trans Delay Arrival 
#                                                                   (ps)  (ps)   (ps)  
#--------------------------------------------------------------------------------------
  mmio_addr[0]          -       -     F     (arrival)            1    43     0     996 
  u_ctrl/g8644__1617/Y  -       D->Y  F     OR4_X1M_A9TL         2   137   196    1192 
  u_ctrl/g8611__5122/Y  -       AN->Y F     NAND3B_X1M_A9TL      2   200   228    1420 
  u_ctrl/g2__5122/Y     -       B->Y  R     NOR2_X1A_A9TL        2   216   203    1623 
  u_ctrl/drc_bufs8740/Y -       A->Y  F     INV_X0P8M_A9TL       2   134   140    1764 
  u_ctrl/drc_bufs8738/Y -       A->Y  R     INV_X2B_A9TL        16   308   226    1990 
  u_ctrl/g8556__6417/Y  -       B->Y  R     AND2_X1M_A9TH        1   248   510    2500 
  mmio_rdata[11]        -       -     R     (port)               -     -     0    2500 
#--------------------------------------------------------------------------------------

