============================================================
  Generated by:           Genus(TM) Synthesis Solution 25.12-s067_1
  Generated on:           May 10 2026  03:01:15 pm
  Module:                 tr_soc_top
  Operating conditions:   ss_typical_max_0p90v_125c (balanced_tree)
  Wireload mode:          top
  Area mode:              timing library
============================================================


Path 1: MET (288 ps) Setup Check with Pin u_vpu/u_vecmul/b_reg_reg[3][7]/CK->D
          Group: in2reg
     Startpoint: (R) ext_sram_b[3][0]
          Clock: (R) clk
       Endpoint: (R) u_vpu/u_vecmul/b_reg_reg[3][7]/D
          Clock: (R) clk

                     Capture       Launch     
        Clock Edge:+    3300            0     
        Drv Adjust:+       0            8     
       Src Latency:+       0            0     
       Net Latency:+       0 (I)        0 (I) 
           Arrival:=    3300            8     
                                              
             Setup:-      73                  
       Uncertainty:-     125                  
     Required Time:=    3102                  
      Launch Clock:-       8                  
       Input Delay:-     990                  
         Data Path:-    1816                  
             Slack:=     288                  

Exceptions/Constraints:
  input_delay             990             dut.sdc_line_15_530_1   

#--------------------------------------------------------------------------------------------------
#          Timing Point            Flags   Arc   Edge       Cell        Fanout Trans Delay Arrival 
#                                                                               (ps)  (ps)   (ps)  
#--------------------------------------------------------------------------------------------------
  ext_sram_b[3][0]                 -       -     R     (arrival)             1    43     0     998 
  g523/Y                           -       A->Y  R     MX2_X2M_A9TL          4   180   175    1173 
  u_vpu/u_sym/g1958/Y              -       A1->Y F     OAI21_X3M_A9TL        3   110   129    1302 
  u_vpu/u_sym/g1943/Y              -       A0->Y R     AOI2XB1_X2M_A9TL      2   154   143    1445 
  u_vpu/u_sym/g1938/Y              -       B->Y  F     NOR2_X2M_A9TL         2    98    99    1544 
  u_vpu/u_sym/g1931/Y              -       A->Y  R     NAND2XB_X1M_A9TL      2   166   130    1674 
  u_vpu/u_sym/g1929/Y              -       B->Y  F     NAND2_X1M_A9TL        2   142   127    1801 
  u_vpu/u_sym/g1921/Y              -       A->Y  R     NOR2_X1P4B_A9TL       2   176   148    1948 
  u_vpu/u_sym/g1917/Y              -       A->Y  F     NOR2_X1P4B_A9TL       2   175   157    2106 
  u_vpu/u_sym/g1907/Y              -       A->Y  R     NOR2_X3B_A9TR         2   137   145    2250 
  u_vpu/u_sym/g1902/Y              -       A->Y  F     NOR2_X1P4B_A9TL       2   160   133    2383 
  u_vpu/u_sym/g1894/Y              -       A->Y  R     NOR2_X1P4A_A9TL       1   175   153    2536 
  u_vpu/u_sym/g1890/Y              -       A->Y  R     XOR2_X2M_A9TL         1   175   116    2652 
  u_vpu/g10868/Y                   -       B0->Y R     AO22_X1M_A9TL         1    86   162    2814 
  u_vpu/u_vecmul/b_reg_reg[3][7]/D -       -     R     DFFQ_X2M_A9TL         1     -     0    2814 
#--------------------------------------------------------------------------------------------------

