============================================================
  Generated by:           Genus(TM) Synthesis Solution 25.12-s067_1
  Generated on:           May 10 2026  03:01:15 pm
  Module:                 tr_soc_top
  Operating conditions:   ss_typical_max_0p90v_125c (balanced_tree)
  Wireload mode:          top
  Area mode:              timing library
============================================================


Path 1: VIOLATED (-145 ps) Setup Check with Pin u_req/prod_reg_reg[3][62]/CK->A
          Group: reg2reg
     Startpoint: (R) u_ctrl/reg_req_mult_reg[7]/CK
          Clock: (R) clk
       Endpoint: (R) u_req/prod_reg_reg[3][62]/A
          Clock: (R) clk

                     Capture       Launch     
        Clock Edge:+    3300            0     
       Src Latency:+       0            0     
       Net Latency:+       0 (I)        0 (I) 
           Arrival:=    3300            0     
                                              
             Setup:-     129                  
       Uncertainty:-     125                  
     Required Time:=    3046                  
      Launch Clock:-       0                  
         Data Path:-    3190                  
             Slack:=    -145                  

#--------------------------------------------------------------------------------------------------
#         Timing Point          Flags    Arc    Edge       Cell         Fanout Trans Delay Arrival 
#                                                                               (ps)  (ps)   (ps)  
#--------------------------------------------------------------------------------------------------
  u_ctrl/reg_req_mult_reg[7]/CK -       -       R     (arrival)             32     0     0       0 
  u_ctrl/reg_req_mult_reg[7]/Q  -       CK->Q   F     DFFRPQ_X4M_A9TL        2    67   288     288 
  g409/Y                        -       A->Y    F     BUFH_X16M_A9TL         4    49    94     382 
  u_req/mul_61_51_I4_g58069/Y   -       A->Y    R     INV_X11M_A9TL          6    67    62     443 
  u_req/mul_61_51_I4_g58064/Y   -       A->Y    F     INV_X11M_A9TL          5    40    47     490 
  u_req/mul_61_51_I4_g58053/Y   -       A->Y    R     INV_X13M_A9TL         14    89    70     560 
  u_req/mul_61_51_I4_g58051/Y   -       A->Y    F     INV_X13M_A9TL         13    66    68     628 
  u_req/mul_61_51_I4_g57056/Y   -       A->Y    R     NAND2_X3M_A9TR         1    84    78     705 
  u_req/mul_61_51_I4_g56712/Y   -       B0N->Y  F     AO21B_X2M_A9TL         2   121   100     805 
  u_req/mul_61_51_I4_g55215/Y   -       A0->Y   R     AOI21B_X4M_A9TL        3   169   156     962 
  u_req/mul_61_51_I4_g54072/CON -       B->CON  F     CGENI_X2M_A9TL         2   179   167    1129 
  u_req/mul_61_51_I4_g53472/CON -       A->CON  R     CGENI_X2M_A9TL         2   220   204    1333 
  u_req/mul_61_51_I4_g53221/Y   -       A->Y    F     XNOR3_X3M_A9TL         2    92   198    1530 
  u_req/mul_61_51_I4_g52990/CON -       CI->CON R     CGENI_X2M_A9TL         1   156   124    1655 
  u_req/mul_61_51_I4_g52900/Y   -       A->Y    F     INV_X3M_A9TL           2    76    83    1738 
  u_req/mul_61_51_I4_g52806/Y   -       B->Y    R     XNOR2_X4M_A9TL         1   163   115    1853 
  u_req/mul_61_51_I4_g52619/Y   -       B->Y    R     XOR2_X4M_A9TL          2   183   148    2001 
  u_req/mul_61_51_I4_g52358/Y   -       B->Y    F     XNOR3_X3M_A9TL         2    96   285    2285 
  u_req/mul_61_51_I4_g52278/Y   -       A->Y    R     NAND2_X6M_A9TL         3    85    79    2364 
  u_req/mul_61_51_I4_g52240/Y   -       A->Y    R     AND2_X6M_A9TL          2    53   107    2472 
  u_req/mul_61_51_I4_g52200/Y   -       B0->Y   R     AO1B2_X6M_A9TL         2    59   115    2587 
  u_req/mul_61_51_I4_g52187/Y   -       A0->Y   F     AOI21_X4M_A9TL         1    76    68    2655 
  u_req/mul_61_51_I4_g52182/Y   -       A->Y    R     NAND2_X6M_A9TL         2    90    80    2735 
  u_req/mul_61_51_I4_g52163/Y   -       A0->Y   F     AOI21_X8M_A9TL         4    90    88    2823 
  u_req/mul_61_51_I4_g52149/Y   -       B->Y    R     NAND2_X8M_A9TL        10   125   110    2933 
  u_req/mul_61_51_I4_g52138/Y   -       A->Y    F     NAND2_X2A_A9TL         1    91    84    3017 
  u_req/mul_61_51_I4_g52114/Y   -       A->Y    R     NAND3XXB_X4M_A9TL      1   120    87    3104 
  u_req/mul_61_51_I4_g52099/Y   -       A->Y    R     XNOR2_X3M_A9TL         1   152    86    3190 
  u_req/prod_reg_reg[3][62]/A   -       -       R     A2DFFQ_X1M_A9TL        1     -     0    3190 
#--------------------------------------------------------------------------------------------------

