============================================================
  Generated by:           Genus(TM) Synthesis Solution 25.12-s067_1
  Generated on:           Mar 25 2026  06:04:03 pm
  Module:                 vec_mac_su
  Operating conditions:   ss_typical_max_0p90v_125c (balanced_tree)
  Wireload mode:          top
  Area mode:              timing library
============================================================


Path 1: MET (1146 ps) Late External Delay Assertion at pin in_ready
          Group: in2out
     Startpoint: (R) out_ready
          Clock: (R) clk
       Endpoint: (R) in_ready
          Clock: (R) clk

                        Capture       Launch     
           Path Delay:+    3300            -     
           Drv Adjust:+       0            4     
          Src Latency:+       0            0     
          Net Latency:+       0 (I)        0 (I) 
        Capture Clock:+       0                  
              Arrival:=    3300            4     
                                                 
         Output Delay:-     900                  
          Uncertainty:-     125                  
        Required Time:=    2275                  
         Launch Clock:-       4                  
          Input Delay:-     900                  
            Data Path:-     225                  
                Slack:=    1146                  

Exceptions/Constraints:
  max_delay                3300            vec_mac_su.sdc_line_19         
  input_delay              900             vec_mac_su.sdc_line_16_259_1   
  output_delay             900             vec_mac_su.sdc_line_18         

#-------------------------------------------------------------------------------
# Timing Point   Flags    Arc    Edge     Cell       Fanout Trans Delay Arrival 
#                                                            (ps)  (ps)   (ps)  
#-------------------------------------------------------------------------------
  out_ready      (u)     -       R     (arrival)          1    38     0     904 
  g116/z         (u)     in_1->z R     unmapped_and2      1     0    61     965 
  g117/z         (u)     in_1->z R     unmapped_or2      36     0   164    1129 
  in_ready       -       -       R     (port)             -     -     0    1129 
#-------------------------------------------------------------------------------

(u) : Net has unmapped pin(s).

