============================================================
  Generated by:           Genus(TM) Synthesis Solution 25.12-s067_1
  Generated on:           Mar 26 2026  04:48:18 pm
  Module:                 tr_softmax
  Operating conditions:   ss_typical_max_0p90v_125c (balanced_tree)
  Wireload mode:          top
  Area mode:              timing library
============================================================


Path 1: VIOLATED (-1542 ps) Late External Delay Assertion at pin out_inv_S[7]
          Group: reg2out
     Startpoint: (R) dsp_mac/out_dot_reg[14]/CK
          Clock: (R) clk
       Endpoint: (R) out_inv_S[7]
          Clock: (R) clk

                     Capture       Launch     
        Clock Edge:+    3000            0     
       Src Latency:+       0            0     
       Net Latency:+       0 (I)        0 (I) 
           Arrival:=    3000            0     
                                              
      Output Delay:-     900                  
       Uncertainty:-     125                  
     Required Time:=    1975                  
      Launch Clock:-       0                  
         Data Path:-    3517                  
             Slack:=   -1542                  

Exceptions/Constraints:
  output_delay             900             tr_softmax.sdc_line_18_234_1   

#-----------------------------------------------------------------------------------------------------------------------------------
#                           Timing Point                            Flags   Arc   Edge       Cell        Fanout Trans Delay Arrival 
#                                                                                                                (ps)  (ps)   (ps)  
#-----------------------------------------------------------------------------------------------------------------------------------
  dsp_mac/out_dot_reg[14]/CK                                        -       -     R     (arrival)            17     0     0       0 
  dsp_mac/out_dot_reg[14]/Q                                         -       CK->Q F     A2DFFQ_X4M_A9TL       3    59   247     247 
  gen_tr_recip.u_reciprocal/u_ln/g1317/Y                            -       A->Y  R     INV_X3P5M_A9TL        1    50    52     299 
  gen_tr_recip.u_reciprocal/u_ln/g1295/Y                            -       A->Y  F     NAND2_X6M_A9TL        1    43    40     338 
  gen_tr_recip.u_reciprocal/u_ln/g1294/Y                            -       A->Y  R     NAND3_X6M_A9TL        3   160   100     438 
  gen_tr_recip.u_reciprocal/u_ln/g1279/Y                            -       A->Y  F     NOR2XB_X6M_A9TL       1    66    74     512 
  gen_tr_recip.u_reciprocal/u_ln/g1267/Y                            -       A->Y  R     NOR2XB_X8M_A9TL       4   134   105     617 
  gen_tr_recip.u_reciprocal/u_ln/csa_tree_ADD_TC_OP_7_groupi_g851/Y -       A->Y  F     INV_X6M_A9TL          3    64    69     686 
  gen_tr_recip.u_reciprocal/u_ln/csa_tree_ADD_TC_OP_7_groupi_g830/Y -       A->Y  R     NAND2XB_X8M_A9TL      1    64    58     744 
  gen_tr_recip.u_reciprocal/u_ln/csa_tree_ADD_TC_OP_7_groupi_g813/Y -       A->Y  F     NAND2_X8A_A9TL        2    54    54     798 
  gen_tr_recip.u_reciprocal/u_ln/csa_tree_ADD_TC_OP_7_groupi_g761/Y -       B->Y  F     XNOR3_X4M_A9TL        3   107   257    1055 
  gen_tr_recip.u_reciprocal/u_ln/csa_tree_ADD_TC_OP_7_groupi_g732/Y -       A->Y  R     NAND2XB_X8M_A9TL      2    78    81    1136 
  gen_tr_recip.u_reciprocal/u_ln/csa_tree_ADD_TC_OP_7_groupi_g719/Y -       A1->Y F     AOI21_X6M_A9TL        1    65    75    1211 
  gen_tr_recip.u_reciprocal/u_ln/csa_tree_ADD_TC_OP_7_groupi_g716/Y -       B->Y  R     NAND2_X8M_A9TL        2    64    69    1280 
  gen_tr_recip.u_reciprocal/u_ln/csa_tree_ADD_TC_OP_7_groupi_g2/Y   -       B->Y  R     XNOR2_X4M_A9TL        1   175   124    1404 
  gen_tr_recip.u_reciprocal/fopt1521/Y                              -       A->Y  F     INV_X6M_A9TL          3    58    59    1464 
  gen_tr_recip.u_reciprocal/g382/Y                                  -       BN->Y F     NAND2XB_X4M_A9TL      1    52   112    1576 
  gen_tr_recip.u_reciprocal/g380/Y                                  -       AN->Y F     NOR2B_X8M_A9TL        2    54   112    1688 
  gen_tr_recip.u_reciprocal/u_exp/u_round/g227/Y                    -       A->Y  F     AND2_X8M_A9TL         3    44   102    1789 
  gen_tr_recip.u_reciprocal/u_exp/u_round/g218/Y                    -       B->Y  F     AND3_X6M_A9TL         2    45   111    1901 
  gen_tr_recip.u_reciprocal/u_exp/u_round/g238/Y                    -       A->Y  R     NAND2_X4A_A9TL        1    68    55    1956 
  gen_tr_recip.u_reciprocal/u_exp/u_round/g215/Y                    -       A->Y  F     NAND2_X8A_A9TL        2    61    60    2016 
  gen_tr_recip.u_reciprocal/u_exp/fopt363/Y                         -       A->Y  R     INV_X3M_A9TL          3    92    80    2096 
  gen_tr_recip.u_reciprocal/u_exp/g278/Y                            -       A->Y  F     NAND2_X6M_A9TL        2    50    51    2148 
  gen_tr_recip.u_reciprocal/u_exp/g290/Y                            -       A->Y  F     OR2_X3M_A9TL          4    90   143    2291 
  gen_tr_recip.u_reciprocal/mul_96_30_g1488/Y                       -       A->Y  R     NAND2_X6M_A9TL        2    91    80    2371 
  gen_tr_recip.u_reciprocal/mul_96_30_g1433/Y                       -       B->Y  R     XOR2_X4M_A9TL         3   199   138    2510 
  gen_tr_recip.u_reciprocal/mul_96_30_g1404/Y                       -       S0->Y R     MXIT2_X3M_A9TL        2   168   141    2651 
  gen_tr_recip.u_reciprocal/mul_96_30_g1396/Y                       -       A->Y  F     INV_X3M_A9TL          1    56    58    2709 
  gen_tr_recip.u_reciprocal/mul_96_30_g1382/Y                       -       B->Y  R     MXIT2_X3M_A9TL        2   141    93    2802 
  gen_tr_recip.u_reciprocal/mul_96_30_g1504/Y                       -       A->Y  R     OR2_X2M_A9TL          2    91   147    2949 
  gen_tr_recip.u_reciprocal/mul_96_30_g1366/Y                       -       A->Y  F     INV_X3P5M_A9TL        2    59    65    3014 
  gen_tr_recip.u_reciprocal/mul_96_30_g1338/Y                       -       A0->Y R     AOI21_X8M_A9TL        2   104    96    3110 
  gen_tr_recip.u_reciprocal/mul_96_30_g1311/Y                       -       A0->Y F     OAI21_X6M_A9TL        1    67    75    3184 
  gen_tr_recip.u_reciprocal/mul_96_30_g1309/Y                       -       B->Y  R     NOR2_X8M_A9TL         2    97    93    3278 
  gen_tr_recip.u_reciprocal/mul_96_30_g1306/Y                       -       A0->Y F     OAI21_X6M_A9TL        1    63    74    3352 
  gen_tr_recip.u_reciprocal/mul_96_30_g1501/Y                       -       A0->Y R     AOI21B_X8M_A9TL       1    81    83    3435 
  gen_tr_recip.u_reciprocal/mul_96_30_g1300/Y                       -       A->Y  R     XNOR2_X3M_A9TL        1   175    82    3517 
  out_inv_S[7]                                                      -       -     R     (port)                -     -     0    3517 
#-----------------------------------------------------------------------------------------------------------------------------------

