============================================================
  Generated by:           Genus(TM) Synthesis Solution 25.12-s067_1
  Generated on:           May 25 2026  08:32:00 pm
  Module:                 tr_swiglu
  Operating conditions:   ss_typical_max_0p90v_125c (balanced_tree)
  Wireload mode:          top
  Area mode:              timing library
============================================================


Summary
-------
--------------------------------------------------------------------------
            Category            Number     %    Average Toggle Saving %   
--------------------------------------------------------------------------
 Total Clock Gating Instances        3  100.00                         -  
--------------------------------------------------------------------------
 RC Clock Gating Instances           3  100.00                     16.67  
 Non-RC Clock Gating Instances       0    0.00                      0.00  
--------------------------------------------------------------------------
 RC Gated Flip-flops               572   55.21                      8.74  
 Non-RC Gated Flip-flops             0    0.00                      0.00  
--------------------------------------------------------------------------
 Total Gated Flip-flops            572   55.21                         -  
 Total Ungated Flip-flops          464   44.79                         -  
 Enable signal is constant         464  100.00                         -  
--------------------------------------------------------------------------
 Total Flip-flops                 1036  100.00                         -  
--------------------------------------------------------------------------
Multibit Flip-flop Summary
--------------------------
-------------------------------------------------------
Width     Number     Bits     RC Gated     Ungated     
-------------------------------------------------------
1-bit     1036       1036     572 (55.21%) 464 (44.79%) 
--------------------------------------------------------


