============================================================
  Generated by:           Genus(TM) Synthesis Solution 25.12-s067_1
  Generated on:           May 25 2026  08:31:58 pm
  Module:                 tr_swiglu
  Operating conditions:   ss_typical_max_0p90v_125c (balanced_tree)
  Wireload mode:          top
  Area mode:              timing library
============================================================

 
  Hierarchy Report Format : 
 
    level instance ( module ) <status>
 
    status :    preserve_<value> -- indicating preserve hierachy or inherited_preserve value
           :    blackbox --  indicating  unresolved instance
 
==================================================================

 0 tr_swiglu
  1 RC_CG_HIER_INST0 ( RC_CG_MOD ) 
  1 gen_exp[0].u_exp ( tr_exp_alu_WIDTH8_FRAC_W4_LUT_IDX_W3_ITER2 ) 
     2 u_quad ( quadratic_divider_WIDTH8_FRAC_W4 ) 
     2 u_round ( round_WIDTH8_FRAC_W4_LUT_IDX_W3 ) 
  1 gen_exp[1].u_exp ( tr_exp_alu_WIDTH8_FRAC_W4_LUT_IDX_W3_ITER2_465 ) 
     2 u_quad ( quadratic_divider_WIDTH8_FRAC_W4_2590 ) 
     2 u_round ( round_WIDTH8_FRAC_W4_LUT_IDX_W3_458 ) 
  1 gen_exp[2].u_exp ( tr_exp_alu_WIDTH8_FRAC_W4_LUT_IDX_W3_ITER2_464 ) 
     2 u_quad ( quadratic_divider_WIDTH8_FRAC_W4_2589 ) 
     2 u_round ( round_WIDTH8_FRAC_W4_LUT_IDX_W3_457 ) 
  1 gen_exp[3].u_exp ( tr_exp_alu_WIDTH8_FRAC_W4_LUT_IDX_W3_ITER2_463 ) 
     2 u_quad ( quadratic_divider_WIDTH8_FRAC_W4_2588 ) 
     2 u_round ( round_WIDTH8_FRAC_W4_LUT_IDX_W3_456 ) 
  1 gen_exp[4].u_exp ( tr_exp_alu_WIDTH8_FRAC_W4_LUT_IDX_W3_ITER2_462 ) 
     2 u_quad ( quadratic_divider_WIDTH8_FRAC_W4_2587 ) 
     2 u_round ( round_WIDTH8_FRAC_W4_LUT_IDX_W3_455 ) 
  1 gen_exp[5].u_exp ( tr_exp_alu_WIDTH8_FRAC_W4_LUT_IDX_W3_ITER2_461 ) 
     2 u_quad ( quadratic_divider_WIDTH8_FRAC_W4_2586 ) 
     2 u_round ( round_WIDTH8_FRAC_W4_LUT_IDX_W3_454 ) 
  1 gen_exp[6].u_exp ( tr_exp_alu_WIDTH8_FRAC_W4_LUT_IDX_W3_ITER2_460 ) 
     2 u_quad ( quadratic_divider_WIDTH8_FRAC_W4_2585 ) 
     2 u_round ( round_WIDTH8_FRAC_W4_LUT_IDX_W3_453 ) 
  1 gen_exp[7].u_exp ( tr_exp_alu_WIDTH8_FRAC_W4_LUT_IDX_W3_ITER2_459 ) 
     2 u_quad ( quadratic_divider_WIDTH8_FRAC_W4_2584 ) 
     2 u_round ( round_WIDTH8_FRAC_W4_LUT_IDX_W3_452 ) 
  1 gen_ln[0].u_ln ( tr_ln_alu_WIDTH12_BITS8_OUT_WIDTH12 ) 
  1 gen_ln[1].u_ln ( tr_ln_alu_WIDTH12_BITS8_OUT_WIDTH12_472 ) 
  1 gen_ln[2].u_ln ( tr_ln_alu_WIDTH12_BITS8_OUT_WIDTH12_471 ) 
  1 gen_ln[3].u_ln ( tr_ln_alu_WIDTH12_BITS8_OUT_WIDTH12_470 ) 
  1 gen_ln[4].u_ln ( tr_ln_alu_WIDTH12_BITS8_OUT_WIDTH12_469 ) 
  1 gen_ln[5].u_ln ( tr_ln_alu_WIDTH12_BITS8_OUT_WIDTH12_468 ) 
  1 gen_ln[6].u_ln ( tr_ln_alu_WIDTH12_BITS8_OUT_WIDTH12_467 ) 
  1 gen_ln[7].u_ln ( tr_ln_alu_WIDTH12_BITS8_OUT_WIDTH12_466 ) 
  1 u_alpha ( alpha_stabilizer_N8_W8 ) 
  1 u_lut ( shared_lut_rom_N8 ) 
  1 u_post_ln ( post_ln_modifier_N8_W8 ) 
  1 u_pre_ln ( pre_ln_modifier_N8_WIDTH_IN8_FRAC_W4 ) 
  1 u_sym ( symmetry_modifier_N8_WIDTH_X8_WIDTH_Y8_FRAC_W4 ) 
  1 u_vec_mul ( vec_mul_N8_W8_ACC_W32 ) 
     2 RC_CG_HIER_INST1 ( RC_CG_MOD_1 ) 
     2 RC_CG_HIER_INST2 ( RC_CG_MOD_2 ) 
