============================================================
  Generated by:           Genus(TM) Synthesis Solution 25.12-s067_1
  Generated on:           May 25 2026  08:32:01 pm
  Module:                 tr_swiglu
  Operating conditions:   ss_typical_max_0p90v_125c (balanced_tree)
  Wireload mode:          top
  Area mode:              timing library
============================================================

Max_transition design rule: no violations.


Max_capacitance design rule: no violations.


Max_fanout design rule (violation total = 1.000)
Pin                                   Fanout           Max     Violation
--------------------------------------------------------------------------
g6692/Y                               17.000        16.000         1.000
g6692/Y                               17.000        16.000         1.000
g6692/Y                               17.000        16.000         1.000
g6692/Y                               17.000        16.000         1.000
g6692/Y                               17.000        16.000         1.000
g6692/Y                               17.000        16.000         1.000
g6692/Y                               17.000        16.000         1.000
g6692/Y                               17.000        16.000         1.000
g6692/Y                               17.000        16.000         1.000
g6692/Y                               17.000        16.000         1.000
g6692/Y                               17.000        16.000         1.000
g6692/Y                               17.000        16.000         1.000
g6692/Y                               17.000        16.000         1.000
g6692/Y                               17.000        16.000         1.000
g6692/Y                               17.000        16.000         1.000
g6692/Y                               17.000        16.000         1.000
g6692/Y                               17.000        16.000         1.000
g6692/Y                               17.000        16.000         1.000



