============================================================
  Generated by:           Genus(TM) Synthesis Solution 25.12-s067_1
  Generated on:           May 25 2026  08:31:58 pm
  Module:                 tr_swiglu
  Operating conditions:   ss_typical_max_0p90v_125c (balanced_tree)
  Wireload mode:          top
  Area mode:              timing library
============================================================

     Instance                          Module                      Cell-Count  Cell-Area  Net-Area   Total-Area  Wireload  
---------------------------------------------------------------------------------------------------------------------------
tr_swiglu          NA                                                   10500  41521.680     0.000    41521.680 Small (D)  
  gen_exp[0].u_exp tr_exp_alu_WIDTH8_FRAC_W4_LUT_IDX_W3_ITER2              21     55.080     0.000       55.080 Small (T)  
    u_quad         quadratic_divider_WIDTH8_FRAC_W4                         6     13.680     0.000       13.680 Small (T)  
    u_round        round_WIDTH8_FRAC_W4_LUT_IDX_W3                          9     20.880     0.000       20.880 Small (T)  
  gen_exp[1].u_exp tr_exp_alu_WIDTH8_FRAC_W4_LUT_IDX_W3_ITER2_465          21     55.080     0.000       55.080 Small (T)  
    u_quad         quadratic_divider_WIDTH8_FRAC_W4_2590                    6     13.680     0.000       13.680 Small (T)  
    u_round        round_WIDTH8_FRAC_W4_LUT_IDX_W3_458                      9     20.880     0.000       20.880 Small (T)  
  gen_exp[2].u_exp tr_exp_alu_WIDTH8_FRAC_W4_LUT_IDX_W3_ITER2_464          21     55.080     0.000       55.080 Small (T)  
    u_quad         quadratic_divider_WIDTH8_FRAC_W4_2589                    6     13.680     0.000       13.680 Small (T)  
    u_round        round_WIDTH8_FRAC_W4_LUT_IDX_W3_457                      9     20.880     0.000       20.880 Small (T)  
  gen_exp[3].u_exp tr_exp_alu_WIDTH8_FRAC_W4_LUT_IDX_W3_ITER2_463          21     55.080     0.000       55.080 Small (T)  
    u_quad         quadratic_divider_WIDTH8_FRAC_W4_2588                    6     13.680     0.000       13.680 Small (T)  
    u_round        round_WIDTH8_FRAC_W4_LUT_IDX_W3_456                      9     20.880     0.000       20.880 Small (T)  
  gen_exp[4].u_exp tr_exp_alu_WIDTH8_FRAC_W4_LUT_IDX_W3_ITER2_462          21     55.080     0.000       55.080 Small (T)  
    u_quad         quadratic_divider_WIDTH8_FRAC_W4_2587                    6     13.680     0.000       13.680 Small (T)  
    u_round        round_WIDTH8_FRAC_W4_LUT_IDX_W3_455                      9     20.880     0.000       20.880 Small (T)  
  gen_exp[5].u_exp tr_exp_alu_WIDTH8_FRAC_W4_LUT_IDX_W3_ITER2_461          21     55.080     0.000       55.080 Small (T)  
    u_quad         quadratic_divider_WIDTH8_FRAC_W4_2586                    6     13.680     0.000       13.680 Small (T)  
    u_round        round_WIDTH8_FRAC_W4_LUT_IDX_W3_454                      9     20.880     0.000       20.880 Small (T)  
  gen_exp[6].u_exp tr_exp_alu_WIDTH8_FRAC_W4_LUT_IDX_W3_ITER2_460          21     55.080     0.000       55.080 Small (T)  
    u_quad         quadratic_divider_WIDTH8_FRAC_W4_2585                    6     13.680     0.000       13.680 Small (T)  
    u_round        round_WIDTH8_FRAC_W4_LUT_IDX_W3_453                      9     20.880     0.000       20.880 Small (T)  
  gen_exp[7].u_exp tr_exp_alu_WIDTH8_FRAC_W4_LUT_IDX_W3_ITER2_459          21     55.080     0.000       55.080 Small (T)  
    u_quad         quadratic_divider_WIDTH8_FRAC_W4_2584                    6     13.680     0.000       13.680 Small (T)  
    u_round        round_WIDTH8_FRAC_W4_LUT_IDX_W3_452                      9     20.880     0.000       20.880 Small (T)  
  gen_ln[0].u_ln   tr_ln_alu_WIDTH12_BITS8_OUT_WIDTH12                    249   1045.800     0.000     1045.800 Small (T)  
  gen_ln[1].u_ln   tr_ln_alu_WIDTH12_BITS8_OUT_WIDTH12_472                243   1023.840     0.000     1023.840 Small (T)  
  gen_ln[2].u_ln   tr_ln_alu_WIDTH12_BITS8_OUT_WIDTH12_471                242   1019.520     0.000     1019.520 Small (T)  
  gen_ln[3].u_ln   tr_ln_alu_WIDTH12_BITS8_OUT_WIDTH12_470                242   1019.520     0.000     1019.520 Small (T)  
  gen_ln[4].u_ln   tr_ln_alu_WIDTH12_BITS8_OUT_WIDTH12_469                242   1019.520     0.000     1019.520 Small (T)  
  gen_ln[5].u_ln   tr_ln_alu_WIDTH12_BITS8_OUT_WIDTH12_468                242   1019.520     0.000     1019.520 Small (T)  
  gen_ln[6].u_ln   tr_ln_alu_WIDTH12_BITS8_OUT_WIDTH12_467                242   1019.520     0.000     1019.520 Small (T)  
  gen_ln[7].u_ln   tr_ln_alu_WIDTH12_BITS8_OUT_WIDTH12_466                242   1019.520     0.000     1019.520 Small (T)  
  u_alpha          alpha_stabilizer_N8_W8                                3295  10666.080     0.000    10666.080 Small (T)  
  u_lut            shared_lut_rom_N8                                       58    114.480     0.000      114.480 Small (T)  
  u_post_ln        post_ln_modifier_N8_W8                                 230    970.560     0.000      970.560 Small (T)  
  u_pre_ln         pre_ln_modifier_N8_WIDTH_IN8_FRAC_W4                    78    458.640     0.000      458.640 Small (T)  
  u_sym            symmetry_modifier_N8_WIDTH_X8_WIDTH_Y8_FRAC_W4         160    316.800     0.000      316.800 Small (T)  
  u_vec_mul        vec_mul_N8_W8_ACC_W32                                 3514  13717.080     0.000    13717.080 Small (T)  
  (D) = wireload is default in technology library
  (T) = wireload mode is 'top'
