============================================================
  Generated by:           Genus(TM) Synthesis Solution 25.12-s067_1
  Generated on:           Sep 24 2026  04:01:37 pm
  Module:                 tr_nonlinear_vpu
  Operating conditions:   ss_typical_max_0p90v_125c (balanced_tree)
  Wireload mode:          top
  Area mode:              timing library
============================================================


Path 1: VIOLATED (-2 ps) Setup Check with Pin u_backbone/s1_vec_in_reg[6][7]/CK->D
          Group: in2reg
     Startpoint: (R) sram_data_a[6][0]
          Clock: (R) clk
       Endpoint: (F) u_backbone/s1_vec_in_reg[6][7]/D
          Clock: (R) clk

                     Capture       Launch     
        Clock Edge:+    3300            0     
        Drv Adjust:+       0           34     
       Src Latency:+       0            0     
       Net Latency:+       0 (I)        0 (I) 
           Arrival:=    3300           34     
                                              
             Setup:-     104                  
       Uncertainty:-     125                  
     Required Time:=    3071                  
      Launch Clock:-      34                  
       Input Delay:-     990                  
         Data Path:-    2049                  
             Slack:=      -2                  

Exceptions/Constraints:
  input_delay             990             dut.sdc_line_15_20_1   

#------------------------------------------------------------------------------------------------------
#            Timing Point              Flags    Arc   Edge      Cell        Fanout Trans Delay Arrival 
#                                                                                   (ps)  (ps)   (ps)  
#------------------------------------------------------------------------------------------------------
  sram_data_a[6][0]                    -       -      R     (arrival)            3    78     0    1024 
  u_alpha/g6556/Y                      -       A->Y   F     INV_X6M_A9TL         1    31    36    1060 
  u_alpha/g6550__6260/Y                -       B->Y   R     NAND2_X6M_A9TL       3   100    77    1137 
  u_alpha/g6541__9945/Y                -       A->Y   F     NOR2_X8M_A9TL        1    59    52    1189 
  u_alpha/g6537__7482/Y                -       B->Y   R     NAND2_X6M_A9TL       1    60    65    1255 
  u_alpha/g6536__5115/Y                -       A->Y   F     NAND2_X6B_A9TL       1    66    61    1315 
  u_alpha/g6534__6131/Y                -       A->Y   R     NAND2_X8A_A9TL      13   142   101    1416 
  u_alpha/MULT_TC_OP787_g1883__2883/Y  -       A->Y   F     NAND2_X3A_A9TL       1    91    89    1505 
  u_alpha/MULT_TC_OP787_g1833__9315/Y  -       S0->Y  R     MXIT2_X4M_A9TL       2   167   107    1612 
  u_alpha/MULT_TC_OP787_g1799__2346/Y  -       B->Y   F     XNOR3_X4M_A9TL       3    90   276    1888 
  u_alpha/MULT_TC_OP787_g1744__6161/CO -       CI->CO F     CGEN_X2M_A9TL        1    98   199    2088 
  u_alpha/MULT_TC_OP787_g1738__6131/Y  -       B->Y   R     NAND2_X8M_A9TL       5   103   101    2188 
  u_alpha/MULT_TC_OP787_g1733__2802/Y  -       A0->Y  F     AOI31_X6M_A9TL       1   147    75    2264 
  u_alpha/MULT_TC_OP787_g3__2398/Y     -       B0N->Y R     AO21B_X4M_A9TL       1    71    79    2343 
  u_alpha/MULT_TC_OP787_g2__5477/Y     -       A->Y   R     XNOR2_X4M_A9TL       3   246   117    2460 
  u_alpha/g6413/Y                      -       A->Y   F     INV_X4M_A9TL         1    81    82    2542 
  u_alpha/g6502__9315/Y                -       A->Y   R     NAND2_X8B_A9TL       3    71    65    2607 
  u_alpha/g6501/Y                      -       A->Y   F     INV_X7P5M_A9TL       1    28    33    2640 
  u_alpha/g6500__6161/Y                -       A->Y   R     NAND2_X6M_A9TL       3    89    57    2697 
  u_alpha/g6495__6131/Y                -       B->Y   F     NAND2_X3B_A9TL       2   118    98    2795 
  u_alpha/g6493/Y                      -       A->Y   R     INV_X4M_A9TL         1    56    62    2857 
  u_alpha/g6484__8428/Y                -       B->Y   F     MXIT2_X4M_A9TL       2   114    71    2928 
  g23791/Y                             -       A->Y   R     NAND2_X2M_A9TL       1    76    82    3009 
  g22783/Y                             -       A->Y   F     NAND3_X2A_A9TL       1    88    64    3073 
  u_backbone/s1_vec_in_reg[6][7]/D     -       -      F     DFFRPQ_X4M_A9TL      1     -     0    3073 
#------------------------------------------------------------------------------------------------------

