============================================================
  Generated by:           Genus(TM) Synthesis Solution 25.12-s067_1
  Generated on:           Sep 24 2026  04:01:37 pm
  Module:                 tr_nonlinear_vpu
  Operating conditions:   ss_typical_max_0p90v_125c (balanced_tree)
  Wireload mode:          top
  Area mode:              timing library
============================================================


Path 1: MET (0 ps) Setup Check with Pin u_backbone/s2_post_ln_reg_reg[5][9]/CK->D
          Group: reg2reg
     Startpoint: (R) u_backbone/s1_mode_pre_ln_reg/CK
          Clock: (R) clk
       Endpoint: (F) u_backbone/s2_post_ln_reg_reg[5][9]/D
          Clock: (R) clk

                     Capture       Launch     
        Clock Edge:+    3300            0     
       Src Latency:+       0            0     
       Net Latency:+       0 (I)        0 (I) 
           Arrival:=    3300            0     
                                              
             Setup:-      92                  
       Uncertainty:-     125                  
     Required Time:=    3082                  
      Launch Clock:-       0                  
         Data Path:-    3082                  
             Slack:=       0                  

#-------------------------------------------------------------------------------------------------------------------------------------
#                            Timing Point                              Flags   Arc   Edge      Cell        Fanout Trans Delay Arrival 
#                                                                                                                  (ps)  (ps)   (ps)  
#-------------------------------------------------------------------------------------------------------------------------------------
  u_backbone/s1_mode_pre_ln_reg/CK                                     -       -     R     (arrival)          414     0     0       0 
  u_backbone/s1_mode_pre_ln_reg/Q                                      -       CK->Q R     DFFRPQ_X4M_A9TL      7   162   345     345 
  u_backbone/u_pre_ln/g6151/Y                                          -       A->Y  F     INV_X11M_A9TL       10    82    86     431 
  u_backbone/u_pre_ln/g6118/Y                                          -       A->Y  R     NOR2XB_X8M_A9TL      4   124   103     534 
  u_backbone/u_pre_ln/g6044/Y                                          -       A->Y  F     NAND2_X8M_A9TL       4    88    82     616 
  u_backbone/u_pre_ln/g6040/Y                                          -       A->Y  R     INV_X7P5M_A9TL       3    66    69     686 
  u_backbone/u_pre_ln/g6019/Y                                          -       A->Y  F     NAND2_X8M_A9TL       4    66    60     746 
  u_backbone/u_pre_ln/g5953/Y                                          -       A->Y  F     XNOR2_X4M_A9TL       5   127   107     853 
  u_backbone/gen_tr_lanes[5].u_tr_ln/g2609/Y                           -       A->Y  R     INV_X3P5M_A9TL       1    53    60     912 
  u_backbone/gen_tr_lanes[5].u_tr_ln/g2597/Y                           -       BN->Y R     NOR2XB_X8M_A9TL      2   102   136    1048 
  u_backbone/gen_tr_lanes[5].u_tr_ln/g2578/Y                           -       A->Y  R     AND2_X11M_A9TL       8    78   126    1175 
  u_backbone/gen_tr_lanes[5].u_tr_ln/g2546/Y                           -       A->Y  F     NAND2_X8M_A9TL       3    68    64    1239 
  u_backbone/gen_tr_lanes[5].u_tr_ln/g2537/Y                           -       A->Y  R     INV_X7P5M_A9TL       5    63    65    1304 
  u_backbone/gen_tr_lanes[5].u_tr_ln/g2500/Y                           -       A->Y  F     NAND3_X6M_A9TL       2    97    65    1369 
  u_backbone/gen_tr_lanes[5].u_tr_ln/fopt2703/Y                        -       A->Y  F     BUFH_X3M_A9TR        2    72   137    1507 
  u_backbone/gen_tr_lanes[5].u_tr_ln/g2440/Y                           -       A->Y  R     NAND2_X6M_A9TL       5   118    94    1601 
  u_backbone/gen_tr_lanes[5].u_tr_ln/csa_tree_add_71_55_groupi_g1066/Y -       C->Y  F     XNOR3_X4M_A9TL       2    82   272    1873 
  u_backbone/gen_tr_lanes[5].u_tr_ln/csa_tree_add_71_55_groupi_g1095/Y -       A->Y  F     OR2_X4M_A9TL         3    60   133    2006 
  u_backbone/gen_tr_lanes[5].u_tr_ln/csa_tree_add_71_55_groupi_g1012/Y -       A1->Y F     OA21_X4M_A9TL        1    60   154    2160 
  u_backbone/gen_tr_lanes[5].u_tr_ln/csa_tree_add_71_55_groupi_g1002/Y -       B->Y  R     NAND2_X8A_A9TL       5    70    70    2229 
  u_backbone/gen_tr_lanes[5].u_tr_ln/csa_tree_add_71_55_groupi_g998/Y  -       A->Y  F     NAND2_X3A_A9TL       1    65    64    2293 
  u_backbone/gen_tr_lanes[5].u_tr_ln/csa_tree_add_71_55_groupi_g992/Y  -       A->Y  R     NAND2_X4A_A9TL       1    53    55    2348 
  u_backbone/gen_tr_lanes[5].u_tr_ln/csa_tree_add_71_55_groupi_g989/Y  -       S0->Y R     MXIT2_X3M_A9TL       1   109    72    2421 
  u_backbone/gen_tr_lanes[5].u_tr_ln/g1667/Y                           -       A->Y  R     AND2_X4M_A9TL        1    56   114    2535 
  u_backbone/g3107/Y                                                   -       A->Y  F     NAND2_X6M_A9TL       1    59    46    2581 
  u_backbone/g2905/Y                                                   -       A->Y  R     NAND2_X8M_A9TL       2    99    68    2648 
  u_backbone/u_post_ln/fopt4/Y                                         -       A->Y  F     INV_X9M_A9TL         2    37    41    2690 
  u_backbone/u_post_ln/g13403/Y                                        -       A->Y  R     NAND2_X6M_A9TL       1    69    52    2741 
  u_backbone/u_post_ln/g13351/Y                                        -       A->Y  F     NOR2_X8M_A9TL        4    65    60    2801 
  u_backbone/u_post_ln/g13288/Y                                        -       A->Y  R     NAND2_X4A_A9TL       2    65    64    2865 
  u_backbone/u_post_ln/g13263/Y                                        -       A->Y  F     INV_X6B_A9TL         2    52    55    2921 
  u_backbone/u_post_ln/g13176/Y                                        -       A0->Y R     OAI211_X4M_A9TL      1   128   108    3028 
  u_backbone/u_post_ln/g13149/Y                                        -       A->Y  F     NAND2_X3M_A9TL       1    54    54    3082 
  u_backbone/s2_post_ln_reg_reg[5][9]/D                                -       -     F     DFFRPQ_X2M_A9TL      1     -     0    3082 
#-------------------------------------------------------------------------------------------------------------------------------------

