============================================================
  Generated by:           Genus(TM) Synthesis Solution 25.12-s067_1
  Generated on:           Mar 25 2026  06:09:41 pm
  Module:                 vec_mac_su
  Operating conditions:   ss_typical_max_0p90v_125c (balanced_tree)
  Wireload mode:          top
  Area mode:              timing library
============================================================


Path 1: MET (0 ps) Setup Check with Pin vec_sum_reg_reg[23]/CK->B
          Group: reg2reg
     Startpoint: (R) prod_reg_reg[2][3]/CK
          Clock: (R) clk
       Endpoint: (F) vec_sum_reg_reg[23]/B
          Clock: (R) clk

                     Capture       Launch     
        Clock Edge:+    3000            0     
       Src Latency:+       0            0     
       Net Latency:+       0 (I)        0 (I) 
           Arrival:=    3000            0     
                                              
             Setup:-     149                  
       Uncertainty:-     125                  
     Required Time:=    2726                  
      Launch Clock:-       0                  
         Data Path:-    2726                  
             Slack:=       0                  

#-----------------------------------------------------------------------------------------------------------------
#                 Timing Point                  Flags    Arc   Edge       Cell         Fanout Trans Delay Arrival 
#                                                                                              (ps)  (ps)   (ps)  
#-----------------------------------------------------------------------------------------------------------------
  prod_reg_reg[2][3]/CK                         -       -      R     (arrival)            768     0     0       0 
  prod_reg_reg[2][3]/Q                          -       CK->Q  F     DFFQ_X1M_A9TL          1    83   292     292 
  csa_tree_ADD_TC_OP_14_groupi_g16109__5115/CO  -       B->CO  F     ADDF_X1M_A9TL          3   158   276     568 
  csa_tree_ADD_TC_OP_14_groupi_g15997__6783/Y   -       A1->Y  R     OAI21_X1P4M_A9TL       1   186   178     746 
  csa_tree_ADD_TC_OP_14_groupi_g15969__2802/Y   -       B->Y   F     NAND2_X3A_A9TL         3   114   119     865 
  csa_tree_ADD_TC_OP_14_groupi_g15759__8428/Y   -       A1->Y  R     OAI21_X2M_A9TL         1   147   141    1006 
  csa_tree_ADD_TC_OP_14_groupi_g15731__3680/Y   -       B->Y   F     NAND2_X3A_A9TL         3    93    99    1105 
  csa_tree_ADD_TC_OP_14_groupi_g15655__5115/Y   -       A0->Y  R     OAI21_X2M_A9TL         1   125   113    1219 
  csa_tree_ADD_TC_OP_14_groupi_g15618__4733/Y   -       B0N->Y F     AO21B_X2M_A9TL         2    98    92    1310 
  csa_tree_ADD_TC_OP_14_groupi_g15558__5477/Y   -       B->Y   F     XOR2_X1M_A9TL          1    97   147    1457 
  csa_tree_ADD_TC_OP_14_groupi_g15484__2883/SUM -       A->SUM F     ADDFH_X2M_A9TL         2    92   358    1815 
  csa_tree_ADD_TC_OP_14_groupi_g15462__3680/Y   -       B->Y   R     NOR2_X3A_A9TL          3   163   138    1952 
  csa_tree_ADD_TC_OP_14_groupi_g15422__5107/Y   -       A->Y   F     NOR2_X4A_A9TL          2    86    92    2044 
  csa_tree_ADD_TC_OP_14_groupi_g15366__6131/Y   -       A1->Y  R     AOI21_X4M_A9TL         1   112   122    2166 
  csa_tree_ADD_TC_OP_14_groupi_g15353__8428/Y   -       B->Y   F     NAND2_X6M_A9TL         5    84    86    2252 
  csa_tree_ADD_TC_OP_14_groupi_g15337__4733/Y   -       A->Y   R     NAND3XXB_X6M_A9TL      1   108    85    2337 
  csa_tree_ADD_TC_OP_14_groupi_g15334__5115/Y   -       B->Y   F     NAND2_X8M_A9TL        11   105    96    2433 
  csa_tree_ADD_TC_OP_14_groupi_g15322__5526/Y   -       A->Y   R     NAND3XXB_X2M_A9TL      1   124   102    2535 
  csa_tree_ADD_TC_OP_14_groupi_g15298__2802/Y   -       C->Y   F     NAND3_X3M_A9TL         1   112    94    2630 
  csa_tree_ADD_TC_OP_14_groupi_g15292__4319/Y   -       A->Y   F     XOR2_X2M_A9TL          1   103    96    2726 
  vec_sum_reg_reg[23]/B                         -       -      F     A2DFFQ_X1M_A9TL        1     -     0    2726 
#-----------------------------------------------------------------------------------------------------------------

