============================================================
  Generated by:           Genus(TM) Synthesis Solution 25.12-s067_1
  Generated on:           May 06 2026  06:57:26 pm
  Module:                 sole_softmax
  Operating conditions:   ss_typical_max_0p90v_125c (balanced_tree)
  Wireload mode:          top
  Area mode:              timing library
============================================================


Path 1: MET (2075 ps) Setup Check with Pin a_delayed_reg[0][7][3]/CK->D
          Group: in2reg
     Startpoint: (R) in_data[7][3]
          Clock: (R) clk
       Endpoint: (R) a_delayed_reg[0][7][3]/D
          Clock: (R) clk

                     Capture       Launch     
        Clock Edge:+    3300            0     
        Drv Adjust:+       0           11     
       Src Latency:+       0            0     
       Net Latency:+       0 (I)        0 (I) 
           Arrival:=    3300           11     
                                              
             Setup:-      99                  
       Uncertainty:-     125                  
     Required Time:=    3076                  
      Launch Clock:-      11                  
       Input Delay:-     990                  
         Data Path:-       0                  
             Slack:=    2075                  

Exceptions/Constraints:
  input_delay             990             sole_softmax.sdc_line_16_6_1   

#------------------------------------------------------------------------------------------
#      Timing Point        Flags   Arc   Edge       Cell        Fanout Trans Delay Arrival 
#                                                                       (ps)  (ps)   (ps)  
#------------------------------------------------------------------------------------------
  in_data[7][3]            -       -     R     (arrival)             2    47     0    1001 
  a_delayed_reg[0][7][3]/D -       -     R     DFFRPQN_X1M_A9TL      2     -     0    1001 
#------------------------------------------------------------------------------------------

