============================================================
  Generated by:           Genus(TM) Synthesis Solution 25.12-s067_1
  Generated on:           May 06 2026  06:57:26 pm
  Module:                 sole_softmax
  Operating conditions:   ss_typical_max_0p90v_125c (balanced_tree)
  Wireload mode:          top
  Area mode:              timing library
============================================================


Path 1: MET (1870 ps) Late External Delay Assertion at pin out_valid
          Group: reg2out
     Startpoint: (R) out_valid_reg/CK
          Clock: (R) clk
       Endpoint: (R) out_valid
          Clock: (R) clk

                     Capture       Launch     
        Clock Edge:+    3300            0     
       Src Latency:+       0            0     
       Net Latency:+       0 (I)        0 (I) 
           Arrival:=    3300            0     
                                              
      Output Delay:-     990                  
       Uncertainty:-     125                  
     Required Time:=    2185                  
      Launch Clock:-       0                  
         Data Path:-     315                  
             Slack:=    1870                  

Exceptions/Constraints:
  output_delay             990             sole_softmax.sdc_line_18   

#---------------------------------------------------------------------------------
#  Timing Point    Flags   Arc   Edge      Cell        Fanout Trans Delay Arrival 
#                                                              (ps)  (ps)   (ps)  
#---------------------------------------------------------------------------------
  out_valid_reg/CK -       -     R     (arrival)          196     0     0       0 
  out_valid_reg/Q  -       CK->Q R     DFFRPQ_X1M_A9TL      1    93   315     315 
  out_valid        -       -     R     (port)               -     -     0     315 
#---------------------------------------------------------------------------------

