============================================================
  Generated by:           Genus(TM) Synthesis Solution 25.12-s067_1
  Generated on:           Sep 23 2026  02:53:09 pm
  Module:                 tr_nonlinear_vpu
  Operating conditions:   ss_typical_max_0p90v_125c (balanced_tree)
  Wireload mode:          top
  Area mode:              timing library
============================================================


Path 1: VIOLATED (-4127 ps) Setup Check with Pin vpu_data_out_reg[0][11]/clk->d
          Group: in2reg
     Startpoint: (R) sram_data_a[0][1]
          Clock: (R) clk
       Endpoint: (R) vpu_data_out_reg[0][11]/d
          Clock: (R) clk

                     Capture       Launch     
        Clock Edge:+    3300            0     
        Drv Adjust:+       0           70     
       Src Latency:+       0            0     
       Net Latency:+       0 (I)        0 (I) 
           Arrival:=    3300           70     
                                              
             Setup:-      64                  
       Uncertainty:-     125                  
     Required Time:=    3110                  
      Launch Clock:-      70                  
       Input Delay:-     990                  
         Data Path:-    6177                  
             Slack:=   -4127                  

Exceptions/Constraints:
  input_delay             990             dut.sdc_line_15_95_1   

#-----------------------------------------------------------------------------------------------------------------
#                 Timing Point                  Flags     Arc    Edge      Cell        Fanout Trans Delay Arrival 
#                                                                                              (ps)  (ps)   (ps)  
#-----------------------------------------------------------------------------------------------------------------
  sram_data_a[0][1]                             (u)     -        R     (arrival)           41    72     0    1060 
  u_alpha/minus_43_42_I1/g3/z                   (u)     in_0->z  F     unmapped_not         2     0    50    1111 
  u_alpha/minus_43_42_I1/g31/z                  (u)     in_1->z  R     unmapped_nor2        1     0    61    1172 
  u_alpha/minus_43_42_I1/g77/z                  (u)     in_0->z  F     unmapped_not         2     0    50    1222 
  u_alpha/minus_43_42_I1/g78/z                  (u)     in_1->z  R     unmapped_nand2       1     0    61    1282 
  u_alpha/minus_43_42_I1/g79/z                  (u)     in_1->z  F     unmapped_nand2       3     0    82    1364 
  u_alpha/minus_43_42_I1/g127/z                 (u)     in_1->z  R     unmapped_nand2       1     0    61    1425 
  u_alpha/minus_43_42_I1/g128/z                 (u)     in_1->z  F     unmapped_nand2       5     0    96    1520 
  u_alpha/minus_43_42_I1/g188/z                 (u)     in_0->z  R     unmapped_nand2       1     0    61    1581 
  u_alpha/minus_43_42_I1/g189/z                 (u)     in_1->z  F     unmapped_nand2       9     0   117    1699 
  u_alpha/minus_43_42_I1/g241/z                 (u)     in_1->z  R     unmapped_nand2       1     0    61    1759 
  u_alpha/minus_43_42_I1/g242/z                 (u)     in_1->z  F     unmapped_nand2       8     0   113    1873 
  u_alpha/minus_43_42_I1/g258/z                 (u)     in_1->z  R     unmapped_nand2       1     0    61    1933 
  u_alpha/minus_43_42_I1/g259/z                 (u)     in_1->z  F     unmapped_nand2       1     0    61    1994 
  u_alpha/minus_43_42_I1/g320/z                 (u)     in_0->z  R     unmapped_xnor2       1     0   118    2112 
  u_alpha/mux_43_25/g1/z                        (u)     data1->z R     unmapped_bmux2       3     0   139    2251 
  u_alpha/lt_48_32_I1/g25/z                     (u)     in_0->z  F     unmapped_not         2     0    50    2301 
  u_alpha/lt_48_32_I1/g75/z                     (u)     in_0->z  R     unmapped_nor2        2     0    74    2376 
  u_alpha/lt_48_32_I1/g123/z                    (u)     in_1->z  F     unmapped_nor2        2     0    74    2450 
  u_alpha/lt_48_32_I1/g174/z                    (u)     in_0->z  R     unmapped_not         1     0    37    2487 
  u_alpha/lt_48_32_I1/g175/z                    (u)     in_1->z  F     unmapped_nor2        1     0    61    2547 
  u_alpha/lt_48_32_I1/g177/z                    (u)     in_0->z  R     unmapped_nor2        1     0    61    2608 
  u_alpha/lt_48_32_I1/g221/z                    (u)     in_0->z  F     unmapped_not         1     0    37    2645 
  u_alpha/lt_48_32_I1/g222/z                    (u)     in_1->z  R     unmapped_nor2        1     0    61    2706 
  u_alpha/lt_48_32_I1/g261/z                    (u)     in_0->z  F     unmapped_nand2       1     0    61    2766 
  u_alpha/lt_48_32_I1/g26/z                     (u)     in_0->z  R     unmapped_not         1     0    37    2803 
  u_alpha/mux_GEN_LANES[0].coef_sel_48_32/g1/z  (u)     sel0->z  R     unmapped_bmux2       1     0   118    2921 
  u_alpha/mux_GEN_LANES[0].coef_sel_47_32/g2/z  (u)     data0->z R     unmapped_bmux2       1     0   118    3039 
  u_alpha/mux_GEN_LANES[0].coef_sel_46_27/g2/z  (u)     data0->z R     unmapped_bmux2       6     0   157    3197 
  u_alpha/mul_51_32_I1/g409/z                   (u)     in_1->z  R     unmapped_xor2        2     0   132    3328 
  u_alpha/mul_51_32_I1/g415/z                   (u)     in_0->z  F     unmapped_nand2       1     0    61    3389 
  u_alpha/mul_51_32_I1/g416/z                   (u)     in_1->z  R     unmapped_nand2       3     0    82    3471 
  u_alpha/mul_51_32_I1/g772/z                   (u)     in_1->z  R     unmapped_xor2        1     0   118    3589 
  u_alpha/mul_51_32_I1/g773/z                   (u)     in_0->z  R     unmapped_xor2        3     0   139    3728 
  u_alpha/mul_51_32_I1/g784/z                   (u)     in_1->z  R     unmapped_xor2        1     0   118    3846 
  u_alpha/mul_51_32_I1/g785/z                   (u)     in_0->z  R     unmapped_xor2        3     0   139    3984 
  u_alpha/mul_51_32_I1/g790/z                   (u)     in_1->z  R     unmapped_xor2        1     0   118    4103 
  u_alpha/mul_51_32_I1/g791/z                   (u)     in_0->z  R     unmapped_xor2        2     0   132    4234 
  u_alpha/mul_51_32_I1/g1079/z                  (u)     in_1->z  F     unmapped_nor2        3     0    82    4316 
  u_alpha/mul_51_32_I1/g1122/z                  (u)     in_1->z  R     unmapped_nor2        1     0    61    4376 
  u_alpha/mul_51_32_I1/g1124/z                  (u)     in_0->z  F     unmapped_nor2        3     0    82    4458 
  u_alpha/mul_51_32_I1/g1169/z                  (u)     in_0->z  R     unmapped_nor2        1     0    61    4519 
  u_alpha/mul_51_32_I1/g1171/z                  (u)     in_0->z  F     unmapped_nor2        1     0    61    4580 
  u_alpha/mul_51_32_I1/g1213/z                  (u)     in_0->z  R     unmapped_not         1     0    37    4616 
  u_alpha/mul_51_32_I1/g1214/z                  (u)     in_1->z  F     unmapped_nor2        1     0    61    4677 
  u_alpha/mul_51_32_I1/g1243/z                  (u)     in_0->z  R     unmapped_nand2       8     0   113    4790 
  u_alpha/mul_51_32_I1/g1250/z                  (u)     in_0->z  F     unmapped_nand2       1     0    61    4851 
  u_alpha/mul_51_32_I1/g1251/z                  (u)     in_1->z  R     unmapped_nand2       1     0    61    4912 
  u_alpha/mul_51_32_I1/g1307/z                  (u)     in_0->z  F     unmapped_xnor2       4     0   148    5060 
  u_alpha/lt_54_33_I1/g67/z                     (u)     in_0->z  R     unmapped_nor2        2     0    74    5134 
  u_alpha/lt_54_33_I1/g115/z                    (u)     in_1->z  F     unmapped_nor2        2     0    74    5208 
  u_alpha/lt_54_33_I1/g164/z                    (u)     in_0->z  R     unmapped_not         1     0    37    5245 
  u_alpha/lt_54_33_I1/g165/z                    (u)     in_1->z  F     unmapped_nor2        1     0    61    5306 
  u_alpha/lt_54_33_I1/g167/z                    (u)     in_0->z  R     unmapped_nor2        1     0    61    5366 
  u_alpha/lt_54_33_I1/g220/z                    (u)     in_1->z  F     unmapped_nor2        1     0    61    5427 
  u_alpha/lt_54_33_I1/g222/z                    (u)     in_0->z  R     unmapped_nor2        1     0    61    5488 
  u_alpha/lt_54_33_I1/g261/z                    (u)     in_0->z  F     unmapped_nand2       1     0    61    5549 
  u_alpha/lt_54_33_I1/g26/z                     (u)     in_0->z  R     unmapped_not        12     0   106    5654 
  u_alpha/mux_GEN_LANES[0].x_scaled_54_33/g11/z (u)     sel0->z  F     unmapped_bmux2       1     0   118    5772 
  u_alpha/mux_GEN_LANES[0].x_scaled_53_28/g11/z (u)     data0->z F     unmapped_bmux2       3     0   139    5911 
  u_alpha/minus_58_47_I1/g3/z                   (u)     in_0->z  R     unmapped_not         2     0    50    5962 
  u_alpha/minus_58_47_I1/g19/z                  (u)     in_1->z  F     unmapped_nor2        1     0    61    6022 
  u_alpha/minus_58_47_I1/g41/z                  (u)     in_0->z  R     unmapped_not         2     0    50    6072 
  u_alpha/minus_58_47_I1/g42/z                  (u)     in_1->z  F     unmapped_nand2       1     0    61    6133 
  u_alpha/minus_58_47_I1/g43/z                  (u)     in_1->z  R     unmapped_nand2       3     0    82    6215 
  u_alpha/minus_58_47_I1/g67/z                  (u)     in_1->z  F     unmapped_nand2       1     0    61    6276 
  u_alpha/minus_58_47_I1/g68/z                  (u)     in_1->z  R     unmapped_nand2       5     0    96    6371 
  u_alpha/minus_58_47_I1/g98/z                  (u)     in_0->z  F     unmapped_nand2       1     0    61    6432 
  u_alpha/minus_58_47_I1/g99/z                  (u)     in_1->z  R     unmapped_nand2       4     0    90    6522 
  u_alpha/minus_58_47_I1/g106/z                 (u)     in_0->z  F     unmapped_nand2       1     0    61    6583 
  u_alpha/minus_58_47_I1/g107/z                 (u)     in_1->z  R     unmapped_nand2       1     0    61    6644 
  u_alpha/minus_58_47_I1/g137/z                 (u)     in_0->z  R     unmapped_xnor2       1     0   118    6762 
  u_alpha/mux_58_40/g1/z                        (u)     data1->z R     unmapped_bmux2       6     0   157    6920 
  mux_vpu_data_out[0]_168_23/g1/z               (u)     data2->z R     unmapped_bmux8       1     0   318    7238 
  vpu_data_out_reg[0][11]/d                     -       -        R     unmapped_d_flop      1     -     0    7238 
#-----------------------------------------------------------------------------------------------------------------

(u) : Net has unmapped pin(s).

