============================================================
  Generated by:           Genus(TM) Synthesis Solution 25.12-s067_1
  Generated on:           Sep 23 2026  02:53:09 pm
  Module:                 tr_nonlinear_vpu
  Operating conditions:   ss_typical_max_0p90v_125c (balanced_tree)
  Wireload mode:          top
  Area mode:              timing library
============================================================


Path 1: VIOLATED (-3642 ps) Setup Check with Pin u_backbone/s2_post_ln_reg_reg[0][11]/clk->d
          Group: reg2reg
     Startpoint: (R) u_backbone/s1_vec_in_reg[0][9]/clk
          Clock: (R) clk
       Endpoint: (R) u_backbone/s2_post_ln_reg_reg[0][11]/d
          Clock: (R) clk

                     Capture       Launch     
        Clock Edge:+    3300            0     
       Src Latency:+       0            0     
       Net Latency:+       0 (I)        0 (I) 
           Arrival:=    3300            0     
                                              
             Setup:-      64                  
       Uncertainty:-     125                  
     Required Time:=    3110                  
      Launch Clock:-       0                  
         Data Path:-    6752                  
             Slack:=   -3642                  

#-----------------------------------------------------------------------------------------------------------------------------
#                       Timing Point                        Flags     Arc    Edge      Cell        Fanout Trans Delay Arrival 
#                                                                                                          (ps)  (ps)   (ps)  
#-----------------------------------------------------------------------------------------------------------------------------
  u_backbone/s1_vec_in_reg[0][9]/clk                        -       -        R     (arrival)         1647     0     0       0 
  u_backbone/s1_vec_in_reg[0][9]/q                          (u)     clk->q   R     unmapped_d_flop      3     0   355     355 
  u_backbone/u_pre_ln/add_28_36_I1/g25/z                    (u)     in_0->z  F     unmapped_nor2        3     0    82     436 
  u_backbone/u_pre_ln/add_28_36_I1/g54/z                    (u)     in_1->z  R     unmapped_nor2        1     0    61     497 
  u_backbone/u_pre_ln/add_28_36_I1/g56/z                    (u)     in_0->z  F     unmapped_nor2        3     0    82     579 
  u_backbone/u_pre_ln/add_28_36_I1/g91/z                    (u)     in_0->z  R     unmapped_nor2        1     0    61     640 
  u_backbone/u_pre_ln/add_28_36_I1/g93/z                    (u)     in_0->z  F     unmapped_nor2        4     0    90     730 
  u_backbone/u_pre_ln/add_28_36_I1/g125/z                   (u)     in_1->z  R     unmapped_nor2        1     0    61     791 
  u_backbone/u_pre_ln/add_28_36_I1/g127/z                   (u)     in_0->z  F     unmapped_nor2        1     0    61     852 
  u_backbone/u_pre_ln/add_28_36_I1/g149/z                   (u)     in_0->z  R     unmapped_nand2       1     0    61     912 
  u_backbone/u_pre_ln/add_28_36_I1/g189/z                   (u)     in_0->z  F     unmapped_xnor2       1     0   118    1030 
  u_backbone/u_pre_ln/mux_y_out[0]_27_17/g1/z               (u)     data1->z F     unmapped_bmux2      11     0   183    1213 
  u_backbone/gen_tr_lanes[0].u_tr_ln/ctl_xq_54_21/g87/z     (u)     in_0->z  R     unmapped_not         4     0    66    1280 
  u_backbone/gen_tr_lanes[0].u_tr_ln/ctl_xq_54_21/g21/z     (u)     in_0->z  F     unmapped_nand4      12     0   175    1454 
  u_backbone/gen_tr_lanes[0].u_tr_ln/ctl_xq_54_21/g75/z     (u)     in_0->z  R     unmapped_nor4        5     0   141    1595 
  u_backbone/gen_tr_lanes[0].u_tr_ln/mux_msb_54_21/g4/z     (u)     sel14->z R     unmapped_mux17       4     0   302    1897 
  u_backbone/gen_tr_lanes[0].u_tr_ln/sub_61_45/g5/z         (u)     in_0->z  F     unmapped_not         1     0    37    1934 
  u_backbone/gen_tr_lanes[0].u_tr_ln/sub_61_45/g7/z         (u)     in_1->z  R     unmapped_xor2        1     0   118    2052 
  u_backbone/gen_tr_lanes[0].u_tr_ln/sub_61_45/g38/z        (u)     in_0->z  F     unmapped_not        17     0   124    2175 
  u_backbone/gen_tr_lanes[0].u_tr_ln/sll_61_31/g1/z         (u)     in_0->z  R     unmapped_not        15     0   118    2293 
  u_backbone/gen_tr_lanes[0].u_tr_ln/sll_61_31/g78/z        (u)     sel0->z  R     unmapped_mux2        2     0   117    2410 
  u_backbone/gen_tr_lanes[0].u_tr_ln/sll_61_31/g92/z        (u)     data1->z R     unmapped_mux2        2     0   117    2527 
  u_backbone/gen_tr_lanes[0].u_tr_ln/sll_61_31/g104/z       (u)     data1->z R     unmapped_mux2        1     0   103    2630 
  u_backbone/gen_tr_lanes[0].u_tr_ln/sll_61_31/g120/z       (u)     data0->z R     unmapped_mux2        1     0   103    2734 
  u_backbone/gen_tr_lanes[0].u_tr_ln/mux_61_31/g5/z         (u)     data0->z R     unmapped_bmux2       2     0   132    2865 
  u_backbone/gen_tr_lanes[0].u_tr_ln/add_68_30/g15/z        (u)     in_0->z  F     unmapped_nor2        2     0    74    2940 
  u_backbone/gen_tr_lanes[0].u_tr_ln/add_68_30/g81/z        (u)     in_0->z  R     unmapped_not         2     0    50    2990 
  u_backbone/gen_tr_lanes[0].u_tr_ln/add_68_30/g116/z       (u)     in_0->z  F     unmapped_nand2       1     0    61    3051 
  u_backbone/gen_tr_lanes[0].u_tr_ln/add_68_30/g117/z       (u)     in_1->z  R     unmapped_xnor2       6     0   157    3208 
  u_backbone/gen_tr_lanes[0].u_tr_ln/add_71_38/g9/z         (u)     in_1->z  F     unmapped_nor2        1     0    61    3269 
  u_backbone/gen_tr_lanes[0].u_tr_ln/add_71_38/g33/z        (u)     in_0->z  R     unmapped_not         2     0    50    3319 
  u_backbone/gen_tr_lanes[0].u_tr_ln/add_71_38/g34/z        (u)     in_1->z  F     unmapped_nand2       1     0    61    3380 
  u_backbone/gen_tr_lanes[0].u_tr_ln/add_71_38/g35/z        (u)     in_1->z  R     unmapped_nand2       3     0    82    3461 
  u_backbone/gen_tr_lanes[0].u_tr_ln/add_71_38/g59/z        (u)     in_1->z  F     unmapped_nand2       1     0    61    3522 
  u_backbone/gen_tr_lanes[0].u_tr_ln/add_71_38/g60/z        (u)     in_1->z  R     unmapped_nand2       5     0    96    3618 
  u_backbone/gen_tr_lanes[0].u_tr_ln/add_71_38/g82/z        (u)     in_0->z  F     unmapped_nand2       1     0    61    3679 
  u_backbone/gen_tr_lanes[0].u_tr_ln/add_71_38/g83/z        (u)     in_1->z  R     unmapped_nand2       1     0    61    3739 
  u_backbone/gen_tr_lanes[0].u_tr_ln/add_71_38/g120/z       (u)     in_0->z  R     unmapped_xnor2       2     0   132    3871 
  u_backbone/gen_tr_lanes[0].u_tr_ln/add_71_55/g17/z        (u)     in_0->z  F     unmapped_nor2        3     0    82    3952 
  u_backbone/gen_tr_lanes[0].u_tr_ln/add_71_55/g40/z        (u)     in_1->z  R     unmapped_nor2        1     0    61    4013 
  u_backbone/gen_tr_lanes[0].u_tr_ln/add_71_55/g42/z        (u)     in_0->z  F     unmapped_nor2        3     0    82    4095 
  u_backbone/gen_tr_lanes[0].u_tr_ln/add_71_55/g67/z        (u)     in_0->z  R     unmapped_nor2        1     0    61    4156 
  u_backbone/gen_tr_lanes[0].u_tr_ln/add_71_55/g69/z        (u)     in_0->z  F     unmapped_nor2        1     0    61    4216 
  u_backbone/gen_tr_lanes[0].u_tr_ln/add_71_55/g91/z        (u)     in_0->z  R     unmapped_nand2       5     0    96    4312 
  u_backbone/gen_tr_lanes[0].u_tr_ln/add_71_55/g102/z       (u)     in_0->z  F     unmapped_nand2       1     0    61    4373 
  u_backbone/gen_tr_lanes[0].u_tr_ln/add_71_55/g103/z       (u)     in_1->z  R     unmapped_nand2       1     0    61    4434 
  u_backbone/gen_tr_lanes[0].u_tr_ln/add_71_55/g135/z       (u)     in_0->z  F     unmapped_xnor2       1     0   118    4552 
  u_backbone/gen_tr_lanes[0].u_tr_ln/mux_yq_full_48_16/g2/z (u)     data0->z F     unmapped_bmux2       4     0   148    4700 
  u_backbone/gen_tr_lanes[0].u_tr_ln/lt_78_26/g40/z         (u)     in_0->z  R     unmapped_nor2        2     0    74    4774 
  u_backbone/gen_tr_lanes[0].u_tr_ln/lt_78_26/g66/z         (u)     in_1->z  F     unmapped_nor2        2     0    74    4848 
  u_backbone/gen_tr_lanes[0].u_tr_ln/lt_78_26/g87/z         (u)     in_0->z  R     unmapped_not         1     0    37    4885 
  u_backbone/gen_tr_lanes[0].u_tr_ln/lt_78_26/g88/z         (u)     in_1->z  F     unmapped_nor2        1     0    61    4946 
  u_backbone/gen_tr_lanes[0].u_tr_ln/lt_78_26/g90/z         (u)     in_0->z  R     unmapped_nor2        1     0    61    5006 
  u_backbone/gen_tr_lanes[0].u_tr_ln/lt_78_26/g103/z        (u)     in_1->z  F     unmapped_nor2        1     0    61    5067 
  u_backbone/gen_tr_lanes[0].u_tr_ln/lt_78_26/g105/z        (u)     in_0->z  R     unmapped_nor2        1     0    61    5128 
  u_backbone/gen_tr_lanes[0].u_tr_ln/lt_78_26/g119/z        (u)     in_0->z  F     unmapped_nand2       1     0    61    5189 
  u_backbone/gen_tr_lanes[0].u_tr_ln/lt_78_26/g15/z         (u)     in_0->z  R     unmapped_not        12     0   106    5294 
  u_backbone/gen_tr_lanes[0].u_tr_ln/mux_yq_78_26/g11/z     (u)     sel0->z  F     unmapped_bmux2       1     0   118    5412 
  u_backbone/gen_tr_lanes[0].u_tr_ln/mux_yq_76_21/g11/z     (u)     data0->z F     unmapped_bmux2       1     0   118    5530 
  u_backbone/mux_ln_mux_out[0]_107_17/g11/z                 (u)     data0->z F     unmapped_bmux2       5     0   153    5684 
  u_backbone/u_post_ln/minus_33_32_I1/g3/z                  (u)     in_0->z  R     unmapped_not         2     0    50    5734 
  u_backbone/u_post_ln/minus_33_32_I1/g19/z                 (u)     in_1->z  F     unmapped_nor2        1     0    61    5794 
  u_backbone/u_post_ln/minus_33_32_I1/g41/z                 (u)     in_0->z  R     unmapped_not         2     0    50    5845 
  u_backbone/u_post_ln/minus_33_32_I1/g42/z                 (u)     in_1->z  F     unmapped_nand2       1     0    61    5906 
  u_backbone/u_post_ln/minus_33_32_I1/g43/z                 (u)     in_1->z  R     unmapped_nand2       3     0    82    5987 
  u_backbone/u_post_ln/minus_33_32_I1/g67/z                 (u)     in_1->z  F     unmapped_nand2       1     0    61    6048 
  u_backbone/u_post_ln/minus_33_32_I1/g68/z                 (u)     in_1->z  R     unmapped_nand2       5     0    96    6144 
  u_backbone/u_post_ln/minus_33_32_I1/g98/z                 (u)     in_0->z  F     unmapped_nand2       1     0    61    6204 
  u_backbone/u_post_ln/minus_33_32_I1/g99/z                 (u)     in_1->z  R     unmapped_nand2       4     0    90    6295 
  u_backbone/u_post_ln/minus_33_32_I1/g106/z                (u)     in_0->z  F     unmapped_nand2       1     0    61    6356 
  u_backbone/u_post_ln/minus_33_32_I1/g107/z                (u)     in_1->z  R     unmapped_nand2       1     0    61    6416 
  u_backbone/u_post_ln/minus_33_32_I1/g137/z                (u)     in_0->z  R     unmapped_xnor2       1     0   118    6534 
  u_backbone/u_post_ln/mux_y_out[0]_24_19/g1/z              (u)     data1->z R     unmapped_bmux4       1     0   218    6752 
  u_backbone/s2_post_ln_reg_reg[0][11]/d                    -       -        R     unmapped_d_flop      1     -     0    6752 
#-----------------------------------------------------------------------------------------------------------------------------

(u) : Net has unmapped pin(s).

