============================================================
  Generated by:           Genus(TM) Synthesis Solution 25.12-s067_1
  Generated on:           Apr 11 2026  01:20:52 pm
  Module:                 transformer_core_top
  Operating conditions:   ss_typical_max_0p90v_125c (balanced_tree)
  Wireload mode:          top
  Area mode:              timing library
============================================================


Path 1: VIOLATED (-2854 ps) Setup Check with Pin u_datapath/u_mac_engine/b_reg_reg[6][5]/CK->D
          Group: in2reg
     Startpoint: (R) host_opcode[3]
          Clock: (R) clk
       Endpoint: (R) u_datapath/u_mac_engine/b_reg_reg[6][5]/D
          Clock: (R) clk

                     Capture       Launch     
        Clock Edge:+    5000            0     
        Drv Adjust:+       0           35     
       Src Latency:+       0            0     
       Net Latency:+       0 (I)        0 (I) 
           Arrival:=    5000           35     
                                              
             Setup:-      85                  
       Uncertainty:-     125                  
     Required Time:=    4790                  
      Launch Clock:-      35                  
       Input Delay:-    1500                  
         Data Path:-    6110                  
             Slack:=   -2854                  

Exceptions/Constraints:
  input_delay             1500            transformer_core_top_line_16_2_1   

#----------------------------------------------------------------------------------------------------------------------------------------
#                            Timing Point                             Flags    Arc   Edge        Cell         Fanout Trans Delay Arrival 
#                                                                                                                     (ps)  (ps)   (ps)  
#----------------------------------------------------------------------------------------------------------------------------------------
  host_opcode[3]                                                      -       -      R     (arrival)               3    79     0    1535 
  u_ctrl/g1335__5107/Y                                                -       BN->Y  R     NOR2XB_X8M_A9TL         2    75   128    1662 
  u_ctrl/g1329__5477/Y                                                -       B->Y   R     AND2_X11M_A9TL          2    44   102    1764 
  u_datapath/fopt22105/Y                                              -       A->Y   F     INV_X9M_A9TL            2    26    29    1793 
  u_datapath/g9743/Y                                                  -       A->Y   R     NOR2_X8A_A9TL           1   109    80    1872 
  u_datapath/g9742/Y                                                  -       A->Y   F     INV_X16M_A9TL           9    67    70    1943 
  u_datapath/g9730/Y                                                  -       A->Y   R     INV_X7P5M_A9TL          5    97    85    2028 
  u_datapath/g9698/Y                                                  -       A0->Y  F     OAI2XB1_X8M_A9TL        5   122   106    2134 
  u_datapath/u_tr_array/u_ln_0_20b/g2840/Y                            -       A->Y   R     NOR2_X6A_A9TL           3   157   132    2266 
  u_datapath/u_tr_array/u_ln_0_20b/g2772/Y                            -       B->Y   F     NAND2_X8A_A9TL          4    87    99    2365 
  u_datapath/u_tr_array/u_ln_0_20b/g2732/Y                            -       A->Y   R     NOR2XB_X8M_A9TL         1    79    76    2441 
  u_datapath/u_tr_array/u_ln_0_20b/g2673/Y                            -       A0->Y  F     OAI2XB1_X8M_A9TL        1    52    61    2502 
  u_datapath/u_tr_array/u_ln_0_20b/g2637/Y                            -       A1->Y  R     AOI21_X6M_A9TL          1    86    90    2592 
  u_datapath/u_tr_array/u_ln_0_20b/g2620/Y                            -       C->Y   R     OR4_X8M_A9TL            4   100   138    2730 
  u_datapath/u_tr_array/u_ln_0_20b/csa_tree_ADD_TC_OP_7_groupi_g803/Y -       A->Y   F     INV_X4M_A9TL            1    36    40    2771 
  u_datapath/u_tr_array/u_ln_0_20b/csa_tree_ADD_TC_OP_7_groupi_g769/Y -       B->Y   R     MXIT2_X3M_A9TL          1   145    90    2860 
  u_datapath/u_tr_array/u_ln_0_20b/csa_tree_ADD_TC_OP_7_groupi_g750/Y -       S0->Y  R     MXIT2_X4M_A9TL          2   169   132    2992 
  u_datapath/u_tr_array/u_ln_0_20b/fopt3094/Y                         -       A->Y   F     INV_X5M_A9TL            1    57    58    3050 
  u_datapath/u_tr_array/u_ln_0_20b/csa_tree_ADD_TC_OP_7_groupi_g711/Y -       A->Y   R     NAND2XB_X8M_A9TL        3    98    76    3126 
  u_datapath/u_tr_array/u_ln_0_20b/csa_tree_ADD_TC_OP_7_groupi_g686/Y -       C->Y   F     NAND3_X6M_A9TL          1    80    83    3209 
  u_datapath/u_tr_array/u_ln_0_20b/csa_tree_ADD_TC_OP_7_groupi_g673/Y -       A->Y   R     NAND2_X8M_A9TL          4   107    93    3302 
  u_datapath/u_tr_array/u_ln_0_20b/csa_tree_ADD_TC_OP_7_groupi_g626/Y -       A1->Y  F     AOI21_X8M_A9TL          2    70    86    3388 
  u_datapath/u_tr_array/u_ln_0_20b/csa_tree_ADD_TC_OP_7_groupi_g620/Y -       A0->Y  R     OAI2XB1_X6M_A9TL        1    90    88    3476 
  u_datapath/u_tr_array/u_ln_0_20b/csa_tree_ADD_TC_OP_7_groupi_g615/Y -       S0->Y  F     MXT2_X6M_A9TL           4    79   166    3642 
  u_datapath/u_tr_array/fopt7517/Y                                    -       A->Y   R     INV_X6B_A9TL            2    44    50    3691 
  u_datapath/u_tr_array/g7278/Y                                       -       A->Y   F     NAND2_X4M_A9TL          1    42    40    3731 
  u_datapath/u_tr_array/g6817/Y                                       -       BN->Y  F     NAND2XB_X8M_A9TL        2    47   102    3833 
  u_datapath/u_tr_array/g6756/Y                                       -       A->Y   R     NAND3XXB_X6M_A9TL       1    94    63    3896 
  u_datapath/u_tr_array/g6748/Y                                       -       A->Y   F     NAND2XB_X6M_A9TL        1    53    53    3949 
  u_datapath/u_tr_array/g6722/Y                                       -       B->Y   F     OR2_X11M_A9TL           7    60   131    4080 
  u_datapath/u_tr_array/u_exp_0_20b/u_quad/square_mul_42_37_g1182/Y   -       A->Y   R     NAND2_X8M_A9TL          3   108    73    4153 
  u_datapath/u_tr_array/u_exp_0_20b/u_quad/square_mul_42_37_g1232/Y   -       B->Y   F     XOR3_X4M_A9TL           2    94   265    4417 
  u_datapath/u_tr_array/u_exp_0_20b/u_quad/square_mul_42_37_g1065/Y   -       S0->Y  R     MXIT2_X4M_A9TL          2   180   118    4536 
  u_datapath/u_tr_array/u_exp_0_20b/u_quad/square_mul_42_37_g1222/Y   -       AN->Y  R     NAND2B_X8M_A9TL         2    73   146    4682 
  u_datapath/u_tr_array/u_exp_0_20b/u_quad/square_mul_42_37_g1017/Y   -       A->Y   F     NAND2_X8M_A9TL          2    52    53    4735 
  u_datapath/u_tr_array/u_exp_0_20b/u_quad/square_mul_42_37_g1016/Y   -       A->Y   R     INV_X4B_A9TL            1    42    44    4779 
  u_datapath/u_tr_array/u_exp_0_20b/u_quad/square_mul_42_37_g999/Y    -       A->Y   F     NAND3XXB_X6M_A9TL       1    59    49    4828 
  u_datapath/u_tr_array/u_exp_0_20b/u_quad/square_mul_42_37_g996/Y    -       A->Y   R     NAND3_X6M_A9TL          2   100    74    4902 
  u_datapath/u_tr_array/u_exp_0_20b/u_quad/square_mul_42_37_g989/Y    -       B0->Y  R     AO1B2_X4M_A9TL          1    65   131    5033 
  u_datapath/u_tr_array/u_exp_0_20b/u_quad/square_mul_42_37_g986/Y    -       S0->Y  F     MXT2_X6M_A9TL           3    75   155    5188 
  u_datapath/u_tr_array/u_exp_0_20b/g1028/Y                           -       A->Y   R     NOR2XB_X8M_A9TL         1    66    65    5253 
  u_datapath/u_tr_array/u_exp_0_20b/g1002/Y                           -       A->Y   F     NOR2_X6A_A9TL           1    48    53    5306 
  u_datapath/u_tr_array/u_exp_0_20b/g976/Y                            -       A0->Y  R     AOI21_X8M_A9TL          1    90    85    5391 
  u_datapath/u_tr_array/u_exp_0_20b/fopt1/Y                           -       A->Y   F     INV_X9M_A9TL            3    46    52    5442 
  u_datapath/u_tr_array/u_exp_0_20b/fopt1068/Y                        -       A->Y   R     INV_X7P5M_A9TL          1    33    35    5478 
  u_datapath/u_tr_array/u_exp_0_20b/g970/Y                            -       S0->Y  F     MXT2_X6M_A9TL           7   103   164    5641 
  u_datapath/WALLACE_CSA_DUMMY_OP_groupi_g5449/Y                      -       A->Y   F     BUFH_X6M_A9TL           4    40    97    5738 
  u_datapath/WALLACE_CSA_DUMMY_OP_groupi_g5329/Y                      -       B->Y   F     MXT2_X6M_A9TL           4    81   157    5896 
  u_datapath/fopt6/Y                                                  -       A->Y   R     INV_X6B_A9TL            1    40    46    5942 
  u_datapath/WALLACE_CSA_DUMMY_OP_groupi_g5237/Y                      -       A->Y   F     NAND2XB_X6M_A9TL        1    36    32    5974 
  u_datapath/WALLACE_CSA_DUMMY_OP_groupi_g4970/CO                     -       CI->CO F     ADDF_X2M_A9TL           2   104   210    6184 
  u_datapath/WALLACE_CSA_DUMMY_OP_groupi_g4948/Y                      -       B->Y   R     XNOR2_X4M_A9TL          2   203   143    6326 
  u_datapath/fopt22062/Y                                              -       A->Y   F     INV_X4M_A9TL            1    56    54    6380 
  u_datapath/WALLACE_CSA_DUMMY_OP_groupi_g4918/Y                      -       A->Y   R     MXIT2_X3M_A9TL          2   179   106    6486 
  u_datapath/fopt22063/Y                                              -       A->Y   F     INV_X1P4M_A9TL          1    80    88    6574 
  u_datapath/WALLACE_CSA_DUMMY_OP_groupi_g4872/Y                      -       A->Y   R     NOR2XB_X4M_A9TL         1    65    65    6640 
  u_datapath/WALLACE_CSA_DUMMY_OP_groupi_g4818/Y                      -       DN->Y  R     NAND4XXXB_X4M_A9TL      1   152   167    6807 
  u_datapath/WALLACE_CSA_DUMMY_OP_groupi_g4786/Y                      -       B->Y   F     NAND3XXB_X6M_A9TL       3    88    93    6900 
  u_datapath/WALLACE_CSA_DUMMY_OP_groupi_g4768/Y                      -       A1N->Y F     OAI2XB1_X8M_A9TL        1    56   144    7044 
  u_datapath/WALLACE_CSA_DUMMY_OP_groupi_g4763/Y                      -       A->Y   R     NAND2_X8M_A9TL          4    87    73    7117 
  u_datapath/WALLACE_CSA_DUMMY_OP_groupi_g4757/Y                      -       B0->Y  R     AO1B2_X6M_A9TL          1    57   125    7241 
  u_datapath/WALLACE_CSA_DUMMY_OP_groupi_g4754/Y                      -       S0->Y  R     MXIT2_X4M_A9TL          2   160    97    7338 
  u_datapath/g21418/Y                                                 -       A->Y   F     NAND2_X6M_A9TL          2    81    65    7403 
  u_datapath/g21079/Y                                                 -       A->Y   F     AND2_X4M_A9TL           2    52   116    7519 
  u_datapath/g20823/Y                                                 -       A1->Y  R     OAI211_X2M_A9TL         1   145   125    7644 
  u_datapath/u_mac_engine/b_reg_reg[6][5]/D                           -       -      R     DFFQ_X2M_A9TL           1     -     0    7644 
#----------------------------------------------------------------------------------------------------------------------------------------

