============================================================
  Generated by:           Genus(TM) Synthesis Solution 25.12-s067_1
  Generated on:           Apr 11 2026  01:20:52 pm
  Module:                 transformer_core_top
  Operating conditions:   ss_typical_max_0p90v_125c (balanced_tree)
  Wireload mode:          top
  Area mode:              timing library
============================================================


Path 1: MET (2295 ps) Late External Delay Assertion at pin host_done_pulse
          Group: reg2out
     Startpoint: (R) u_ctrl/wait_cnt_q_reg[0]/CK
          Clock: (R) clk
       Endpoint: (F) host_done_pulse
          Clock: (R) clk

                     Capture       Launch     
        Clock Edge:+    5000            0     
       Src Latency:+       0            0     
       Net Latency:+       0 (I)        0 (I) 
           Arrival:=    5000            0     
                                              
      Output Delay:-    1500                  
       Uncertainty:-     125                  
     Required Time:=    3375                  
      Launch Clock:-       0                  
         Data Path:-    1080                  
             Slack:=    2295                  

Exceptions/Constraints:
  output_delay             1500            transformer_core_top_line_18_133_1   

#---------------------------------------------------------------------------------------------
#        Timing Point         Flags   Arc   Edge       Cell        Fanout Trans Delay Arrival 
#                                                                          (ps)  (ps)   (ps)  
#---------------------------------------------------------------------------------------------
  u_ctrl/wait_cnt_q_reg[0]/CK -       -     R     (arrival)           617     0     0       0 
  u_ctrl/wait_cnt_q_reg[0]/Q  -       CK->Q R     DFFRPQ_X1M_A9TL       3   147   345     345 
  u_ctrl/g1348__7098/Y        -       B->Y  R     OR2_X0P5M_A9TL        2   184   208     553 
  u_ctrl/g1341__6783/Y        -       B->Y  R     OR2_X0P5M_A9TL        2   187   222     775 
  u_ctrl/g1338__4319/Y        -       BN->Y R     NAND2XB_X1M_A9TL      1   107   175     950 
  u_ctrl/g1337__6260/Y        -       B->Y  F     NOR2_X1B_A9TL         1   148   130    1080 
  host_done_pulse             -       -     F     (port)                -     -     0    1080 
#---------------------------------------------------------------------------------------------

