============================================================
  Generated by:           Genus(TM) Synthesis Solution 25.12-s067_1
  Generated on:           Apr 09 2026  12:23:00 pm
  Module:                 tr_gelu
  Operating conditions:   ss_typical_max_0p90v_125c (balanced_tree)
  Wireload mode:          top
  Area mode:              timing library
============================================================


Path 1: VIOLATED (-1831 ps) Setup Check with Pin x_s1_reg[7]/clk->srl
          Group: in2reg
     Startpoint: (R) x_in[1]
          Clock: (R) clk
       Endpoint: (R) x_s1_reg[7]/srl
          Clock: (R) clk

                     Capture       Launch     
        Clock Edge:+    3000            0     
        Drv Adjust:+       0           45     
       Src Latency:+       0            0     
       Net Latency:+       0 (I)        0 (I) 
           Arrival:=    3000           45     
                                              
             Setup:-     164                  
       Uncertainty:-     125                  
     Required Time:=    2711                  
      Launch Clock:-      45                  
       Input Delay:-     900                  
         Data Path:-    3597                  
             Slack:=   -1831                  

Exceptions/Constraints:
  input_delay             900             tr_gelu.sdc_line_16_8_1   

#------------------------------------------------------------------------------------------
#     Timing Point       Flags     Arc    Edge      Cell        Fanout Trans Delay Arrival 
#                                                                       (ps)  (ps)   (ps)  
#------------------------------------------------------------------------------------------
  x_in[1]                (u)     -        R     (arrival)           11    95     0     945 
  minus_29_31/g3/z       (u)     in_0->z  F     unmapped_not         2     0    50     995 
  minus_29_31/g15/z      (u)     in_1->z  R     unmapped_nor2        1     0    61    1056 
  minus_29_31/g29/z      (u)     in_0->z  F     unmapped_not         2     0    50    1106 
  minus_29_31/g30/z      (u)     in_1->z  R     unmapped_nand2       1     0    61    1167 
  minus_29_31/g31/z      (u)     in_1->z  F     unmapped_nand2       3     0    82    1249 
  minus_29_31/g47/z      (u)     in_1->z  R     unmapped_nand2       1     0    61    1310 
  minus_29_31/g48/z      (u)     in_1->z  F     unmapped_nand2       4     0    90    1400 
  minus_29_31/g60/z      (u)     in_0->z  R     unmapped_nand2       1     0    61    1461 
  minus_29_31/g61/z      (u)     in_1->z  F     unmapped_nand2       1     0    61    1522 
  minus_29_31/g81/z      (u)     in_0->z  F     unmapped_xnor2       1     0   118    1640 
  mux_29_18/g2/z         (u)     data1->z F     unmapped_bmux2       3     0   139    1778 
  ctl_abs_z_32_15/g3/z   (u)     in_0->z  R     unmapped_not         1     0    37    1815 
  ctl_abs_z_32_15/g2/z   (u)     in_1->z  F     unmapped_nand2       2     0    74    1889 
  ctl_abs_z_32_15/g4/z   (u)     in_0->z  R     unmapped_nor2        2     0    74    1964 
  mux_alpha_g_32_15/g1/z (u)     sel1->z  R     unmapped_mux4        8     0   201    2165 
  mul_39_23/g65/z        (u)     in_0->z  F     unmapped_nand2       3     0    82    2246 
  mul_39_23/g232/z       (u)     in_1->z  R     unmapped_nand2       1     0    61    2307 
  mul_39_23/g235/z       (u)     in_0->z  F     unmapped_nand3       3     0   102    2409 
  mul_39_23/g279/z       (u)     in_1->z  R     unmapped_xor2        3     0   139    2548 
  mul_39_23/g290/z       (u)     in_0->z  R     unmapped_xor2        1     0   118    2666 
  mul_39_23/g291/z       (u)     in_0->z  R     unmapped_xor2        3     0   139    2804 
  mul_39_23/g296/z       (u)     in_1->z  R     unmapped_xor2        1     0   118    2922 
  mul_39_23/g297/z       (u)     in_0->z  R     unmapped_xor2        2     0   132    3054 
  mul_39_23/g413/z       (u)     in_1->z  F     unmapped_nor2        3     0    82    3136 
  mul_39_23/g440/z       (u)     in_1->z  R     unmapped_nor2        1     0    61    3196 
  mul_39_23/g442/z       (u)     in_0->z  F     unmapped_nor2        3     0    82    3278 
  mul_39_23/g91/z        (u)     in_0->z  R     unmapped_nor2        1     0    61    3339 
  mul_39_23/g93/z        (u)     in_0->z  F     unmapped_nor2        4     0    90    3429 
  mul_39_23/g121/z       (u)     in_0->z  R     unmapped_nor2        1     0    61    3490 
  mul_39_23/g456/z       (u)     in_0->z  F     unmapped_nor2        1     0    61    3551 
  mul_39_23/g476/z       (u)     in_0->z  R     unmapped_nand2       1     0    61    3612 
  mul_39_23/g512/z       (u)     in_0->z  F     unmapped_xnor2       3     0   139    3750 
  gt_42_29/g16/z         (u)     in_0->z  R     unmapped_not         2     0    50    3800 
  gt_42_29/g49/z         (u)     in_1->z  F     unmapped_nor2        1     0    61    3861 
  gt_42_29/g83/z         (u)     in_0->z  R     unmapped_nor2        2     0    74    3936 
  gt_42_29/g118/z        (u)     in_1->z  F     unmapped_nand2       2     0    74    4010 
  gt_42_29/g146/z        (u)     in_1->z  R     unmapped_nor2        1     0    61    4071 
  gt_42_29/g164/z        (u)     in_0->z  F     unmapped_nand2       1     0    61    4132 
  gt_42_29/g165/z        (u)     in_1->z  R     unmapped_nand2       1     0    61    4192 
  gt_42_29/g18/z         (u)     in_0->z  F     unmapped_not         9     0    93    4286 
  g33/z                  (u)     in_0->z  R     unmapped_not         2     0    50    4336 
  g38/z                  (u)     in_1->z  R     unmapped_and2        1     0    61    4396 
  g46/z                  (u)     in_0->z  R     unmapped_or2         8     0   145    4542 
  x_s1_reg[7]/srl        -       -        R     unmapped_d_flop      8     -     0    4542 
#------------------------------------------------------------------------------------------

(u) : Net has unmapped pin(s).

